============================================================
  Generated by:           Genus(TM) Synthesis Solution 25.11-s095_1
  Generated on:           Jan 31 2026  11:02:33 pm
  Module:                 add_bf16
  Library domain:         timing_condition_tt_1p2v_25c
    Domain index:         0
    Technology libraries: MITLL90_STDLIB_8T.tt1p2v25c 1.0
                          MITLL90_IOPads_5_1_1.tt1p2v25c 1.0
  Operating conditions:   PVT_1P2V_25C 
  Interconnect mode:      global
  Area mode:              physical library
============================================================

Timing
--------

Analysis view  Clock Period 
----------------------------
view_1p2_25   clock1 1802.0 


  Analysis    Cost   Critical        Violating 
    View     Group  Path Slack  TNS    Paths   
-----------------------------------------------
view_1p2_25  clock1      120.4  0.0          0 
            default   No paths  0.0          0 
-----------------------------------------------
Total                          -0.0          0 
                                               

Instance Count
--------------
Leaf Instance Count             1074 
Physical Instance count            0 
Sequential Instance Count         30 
Combinational Instance Count    1044 
Hierarchical Instance Count        0 

Area
----
Cell Area                          8632.221
Physical Cell Area                 0.000
Total Cell Area (Cell+Physical)    8632.221
Net Area                           37.162
Total Area (Cell+Physical+Net)     8669.383

Power
-----
Leakage Power                      1152.168 nW
Dynamic Power                      276074.654 nW
Total Power                        277226.823 nW

Max Fanout                         44 (n_932)
Min Fanout                         0 (n_248)
Average Fanout                     1.9
Terms to net ratio                 2.7443
Terms to instance ratio            3.1378
Runtime                            55.984342 seconds
Elapsed Runtime                    62 seconds
Genus peak memory usage            2099.73 
Innovus peak memory usage          no_value 
Hostname                           asicfab.ecn.purdue.edu
