============================================================
  Generated by:           Genus(TM) Synthesis Solution 25.11-s095_1
  Generated on:           Mar 10 2026  09:39:59 pm
  Module:                 add_bf16_1C
  Operating conditions:   typical 
  Interconnect mode:      global
  Area mode:              physical library
============================================================


Path 1: MET (32 ps) Late External Delay Assertion at pin bf_out[14]
           View: view_1p2_25
          Group: clock1
     Startpoint: (R) bf1_in_reg[12]/CK
          Clock: (R) clock1
       Endpoint: (F) bf_out[14]
          Clock: (R) clock1

                     Capture       Launch     
        Clock Edge:+    1515            0     
       Src Latency:+       0            0     
       Net Latency:+       0 (I)        0 (I) 
           Arrival:=    1515            0     
                                              
      Output Delay:-       1                  
       Uncertainty:-       0                  
     Required Time:=    1514                  
      Launch Clock:-       0                  
         Data Path:-    1482                  
             Slack:=      32                  

Exceptions/Constraints:
  output_delay              1              add_bf16_1C.sdc_line_21_34_1   

Launch clock path:
#------------------------------------------------------------------------------------------
#   Timing Point    Flags   Arc   Edge   Cell     Fanout Load Trans Delay Arrival Instance 
#                                                        (fF)  (ps)  (ps)   (ps)  Location 
#------------------------------------------------------------------------------------------
  clk               (i)     -     R     (arrival)     33  0.0     0     0       0    (-,-) 
  clk               -       -     -     (net)          -    -     -     -       -    (-,-) 
  clk               -       -     -     (net)          -    -     -     -       -    (-,-) 
  bf1_in_reg[12]/CK <<<     -     R     DFFR_X1       33    -     1     0       0    (-,-) 
#------------------------------------------------------------------------------------------

#-------------------------------------------------------------------------------------------
#   Timing Point    Flags    Arc   Edge   Cell     Fanout Load Trans Delay Arrival Instance 
#                                                         (fF)  (ps)  (ps)   (ps)  Location 
#-------------------------------------------------------------------------------------------
  bf1_in_reg[12]/CK -       -      R     (arrival)     33    -     1     0       0    (-,-) 
  bf1_in_reg[12]/QN -       CK->QN F     DFFR_X1        3  5.2    16    73      73    (-,-) 
  bf1_in[12]        -       -      -     (net)          -    -     -     -       -    (-,-) 
  g26612/ZN         -       A->ZN  R     INV_X1         1  1.9     9    16      90    (-,-) 
  n_1               -       -      -     (net)          -    -     -     -       -    (-,-) 
  g26572__6417/ZN   -       A1->ZN F     NAND2_X1       2  4.9    12    19     109    (-,-) 
  n_44              -       -      -     (net)          -    -     -     -       -    (-,-) 
  g26530__3680/ZN   -       A1->ZN R     NAND2_X2       3  7.4    14    21     130    (-,-) 
  n_99              -       -      -     (net)          -    -     -     -       -    (-,-) 
  g26476/ZN         -       A->ZN  F     INV_X1         1  1.8     5     9     139    (-,-) 
  n_100             -       -      -     (net)          -    -     -     -       -    (-,-) 
  g26419__9945/ZN   -       A1->ZN R     NAND2_X1       1  1.9    10    13     152    (-,-) 
  n_138             -       -      -     (net)          -    -     -     -       -    (-,-) 
  g26397__1705/ZN   -       A1->ZN R     AND3_X2        1  2.0     9    36     188    (-,-) 
  n_147             -       -      -     (net)          -    -     -     -       -    (-,-) 
  g26387__6131/ZN   -       A2->ZN F     NAND2_X1       1  3.2    10    17     205    (-,-) 
  n_171             -       -      -     (net)          -    -     -     -       -    (-,-) 
  g26385__3680/ZN   -       A1->ZN R     NAND2_X2       2  5.3    12    17     222    (-,-) 
  n_184             -       -      -     (net)          -    -     -     -       -    (-,-) 
  g26380__5107/ZN   -       A1->ZN F     NAND2_X2       1  6.0    10    16     239    (-,-) 
  n_190             -       -      -     (net)          -    -     -     -       -    (-,-) 
  g26376__2346/ZN   -       A1->ZN R     NAND2_X4      24 49.6    34    41     280    (-,-) 
  n_223             -       -      -     (net)          -    -     -     -       -    (-,-) 
  g26375/ZN         -       A->ZN  F     INV_X4         8 15.7    12    16     296    (-,-) 
  n_213             -       -      -     (net)          -    -     -     -       -    (-,-) 
  g26372__8246/ZN   -       A1->ZN R     NAND2_X1       1  1.9    10    16     312    (-,-) 
  n_205             -       -      -     (net)          -    -     -     -       -    (-,-) 
  g26342__1666/ZN   -       A->ZN  F     OAI211_X1      2  3.5    18    32     344    (-,-) 
  n_235             -       -      -     (net)          -    -     -     -       -    (-,-) 
  g26289__4319/ZN   -       A3->ZN F     AND3_X2        4  8.2     9    43     388    (-,-) 
  n_259             -       -      -     (net)          -    -     -     -       -    (-,-) 
  g26282__9315/ZN   -       A1->ZN R     NAND3_X2       5 11.1    21    26     413    (-,-) 
  n_314             -       -      -     (net)          -    -     -     -       -    (-,-) 
  g26279/ZN         -       A->ZN  F     INV_X2         3  4.8     7    11     424    (-,-) 
  n_308             -       -      -     (net)          -    -     -     -       -    (-,-) 
  g26270__7410/ZN   -       A1->ZN F     AND3_X1        1  1.8     7    30     454    (-,-) 
  n_297             -       -      -     (net)          -    -     -     -       -    (-,-) 
  g26252__5122/ZN   -       A->ZN  R     AOI21_X1       1  2.0    23    40     494    (-,-) 
  n_315             -       -      -     (net)          -    -     -     -       -    (-,-) 
  g26244__6417/ZN   -       B->ZN  F     OAI211_X1      2  5.2    23    41     535    (-,-) 
  n_339             -       -      -     (net)          -    -     -     -       -    (-,-) 
  g26228__6131/ZN   -       A2->ZN R     NOR2_X2        2  5.3    22    39     573    (-,-) 
  n_355             -       -      -     (net)          -    -     -     -       -    (-,-) 
  g26211__1617/CO   -       A->CO  R     HA_X1          2  3.8    13    40     614    (-,-) 
  n_361             -       -      -     (net)          -    -     -     -       -    (-,-) 
  g26210__5526/ZN   -       A2->ZN F     NOR2_X1        2  4.7    12    15     629    (-,-) 
  n_364             -       -      -     (net)          -    -     -     -       -    (-,-) 
  g26205__5107/ZN   -       B1->ZN R     AOI21_X2       2  5.3    26    32     661    (-,-) 
  n_373             -       -      -     (net)          -    -     -     -       -    (-,-) 
  g26200__6417/ZN   -       B1->ZN F     AOI21_X2       2  3.6    13    18     679    (-,-) 
  n_376             -       -      -     (net)          -    -     -     -       -    (-,-) 
  g26199/ZN         -       A->ZN  R     INV_X1         1  1.9     8    15     694    (-,-) 
  n_377             -       -      -     (net)          -    -     -     -       -    (-,-) 
  g26197__1666/ZN   -       A1->ZN F     NAND2_X1       1  1.8    10    12     707    (-,-) 
  n_378             -       -      -     (net)          -    -     -     -       -    (-,-) 
  g26195__9945/ZN   -       A1->ZN R     NAND2_X1       2  3.8    14    20     727    (-,-) 
  n_383             -       -      -     (net)          -    -     -     -       -    (-,-) 
  g26194/ZN         -       A->ZN  F     INV_X1         1  1.8     5     9     736    (-,-) 
  n_384             -       -      -     (net)          -    -     -     -       -    (-,-) 
  g26191__6161/ZN   -       B1->ZN R     OAI21_X1       2  3.7    28    36     771    (-,-) 
  n_390             -       -      -     (net)          -    -     -     -       -    (-,-) 
  g26189__5115/ZN   -       A1->ZN F     NAND2_X1       1  1.8    11    17     788    (-,-) 
  n_391             -       -      -     (net)          -    -     -     -       -    (-,-) 
  g26185__6131/ZN   -       A1->ZN R     NAND2_X1       2  5.8    19    26     814    (-,-) 
  n_398             -       -      -     (net)          -    -     -     -       -    (-,-) 
  g26174__1617/ZN   -       B1->ZN F     AOI21_X2       2  5.0    11    19     832    (-,-) 
  n_404             -       -      -     (net)          -    -     -     -       -    (-,-) 
  g26172__6260/ZN   -       A1->ZN R     NAND2_X2       3  8.9    17    22     855    (-,-) 
  n_405             -       -      -     (net)          -    -     -     -       -    (-,-) 
  g26170__5107/ZN   -       A1->ZN R     AND2_X4        7 21.0    16    42     897    (-,-) 
  n_425             -       -      -     (net)          -    -     -     -       -    (-,-) 
  g26169/ZN         -       A->ZN  F     INV_X4         5  9.6     6    11     907    (-,-) 
  n_429             -       -      -     (net)          -    -     -     -       -    (-,-) 
  g26155__7098/ZN   -       B1->ZN R     OAI21_X1       1  4.3    30    39     946    (-,-) 
  n_427             -       -      -     (net)          -    -     -     -       -    (-,-) 
  g26140__5526/ZN   -       A->ZN  R     XNOR2_X2       5 11.0    36    52     998    (-,-) 
  n_565             -       -      -     (net)          -    -     -     -       -    (-,-) 
  g26135/ZN         -       A->ZN  F     INV_X2         9 16.4    16    25    1023    (-,-) 
  n_546             -       -      -     (net)          -    -     -     -       -    (-,-) 
  g26113__1705/ZN   -       A2->ZN R     NAND2_X1       1  1.9    10    21    1044    (-,-) 
  n_451             -       -      -     (net)          -    -     -     -       -    (-,-) 
  g26093__9315/ZN   -       B1->ZN F     AOI21_X1       1  1.8    19    14    1058    (-,-) 
  n_467             -       -      -     (net)          -    -     -     -       -    (-,-) 
  g26071__4319/ZN   -       B1->ZN R     OAI21_X1       3  5.0    34    48    1106    (-,-) 
  n_508             -       -      -     (net)          -    -     -     -       -    (-,-) 
  g26065/ZN         -       A->ZN  F     INV_X1         2  3.4    11    14    1120    (-,-) 
  n_519             -       -      -     (net)          -    -     -     -       -    (-,-) 
  g26050__3680/ZN   -       A1->ZN R     NOR2_X1        2  4.4    29    38    1158    (-,-) 
  n_550             -       -      -     (net)          -    -     -     -       -    (-,-) 
  g26036__6131/ZN   -       A1->ZN F     NOR2_X1        2  3.6    10    15    1174    (-,-) 
  n_559             -       -      -     (net)          -    -     -     -       -    (-,-) 
  g26028/ZN         -       A->ZN  R     INV_X1         1  2.9    10    16    1190    (-,-) 
  n_560             -       -      -     (net)          -    -     -     -       -    (-,-) 
  g25999__5115/ZN   -       B->ZN  R     XNOR2_X1       3  5.6    37    48    1238    (-,-) 
  n_618             -       -      -     (net)          -    -     -     -       -    (-,-) 
  g25987/ZN         -       A->ZN  F     INV_X1         1  1.7    10    10    1248    (-,-) 
  n_601             -       -      -     (net)          -    -     -     -       -    (-,-) 
  g25966__4319/ZN   -       A1->ZN R     NOR2_X1        2  3.9    26    35    1283    (-,-) 
  n_624             -       -      -     (net)          -    -     -     -       -    (-,-) 
  g25965/ZN         -       A->ZN  F     INV_X1         2  4.7    10    16    1299    (-,-) 
  n_627             -       -      -     (net)          -    -     -     -       -    (-,-) 
  g25963__2883/ZN   -       A->ZN  R     OAI21_X1       1  1.9    19    21    1320    (-,-) 
  n_629             -       -      -     (net)          -    -     -     -       -    (-,-) 
  g25961__9315/ZN   -       A1->ZN F     NAND2_X1       2  3.4    11    20    1340    (-,-) 
  n_635             -       -      -     (net)          -    -     -     -       -    (-,-) 
  g25959/ZN         -       A->ZN  R     INV_X1         3  5.6    16    23    1363    (-,-) 
  n_641             -       -      -     (net)          -    -     -     -       -    (-,-) 
  g25956__1881/ZN   -       A1->ZN F     NAND2_X1       2  2.9    11    18    1381    (-,-) 
  n_646             -       -      -     (net)          -    -     -     -       -    (-,-) 
  g25947__3680/Z    -       A->Z   F     MUX2_X1        2  3.4    12    63    1444    (-,-) 
  n_658             -       -      -     (net)          -    -     -     -       -    (-,-) 
  g25943__4319/ZN   -       A1->ZN R     NAND2_X1       1  1.9    10    16    1460    (-,-) 
  n_659             -       -      -     (net)          -    -     -     -       -    (-,-) 
  g25939__2398/ZN   -       A->ZN  F     OAI211_X1      1  0.3    12    22    1482    (-,-) 
  bf_out[14]        -       -      -     (net)          -    -     -     -       -    (-,-) 
  bf_out[14]        <<<     -      F     (port)         -    -     -     0    1482    (-,-) 
#-------------------------------------------------------------------------------------------


