============================================================
  Generated by:           Genus(TM) Synthesis Solution 25.11-s095_1
  Generated on:           Mar 10 2026  05:25:33 pm
  Module:                 add_fp16
  Operating conditions:   typical 
  Interconnect mode:      global
  Area mode:              physical library
============================================================


Path 1: MET (0 ps) Late External Delay Assertion at pin fp_out[22]
           View: view_1p2_25
          Group: clock1
     Startpoint: (R) smaller_mantissa_l_reg[0]/CK
          Clock: (R) clock1
       Endpoint: (F) fp_out[22]
          Clock: (R) clock1

                     Capture       Launch     
        Clock Edge:+    1176            0     
       Src Latency:+       0            0     
       Net Latency:+       0 (I)        0 (I) 
           Arrival:=    1176            0     
                                              
      Output Delay:-       1                  
       Uncertainty:-       0                  
     Required Time:=    1175                  
      Launch Clock:-       0                  
         Data Path:-    1175                  
             Slack:=       0                  

Exceptions/Constraints:
  output_delay              1              add_fp16.sdc_line_17_75_1   

Launch clock path:
#-----------------------------------------------------------------------------------------------------
#        Timing Point          Flags   Arc   Edge   Cell     Fanout Load Trans Delay Arrival Instance 
#                                                                   (fF)  (ps)  (ps)   (ps)  Location 
#-----------------------------------------------------------------------------------------------------
  clk                          (i)     -     R     (arrival)     68  0.0     0     0       0    (-,-) 
  clk                          -       -     -     (net)          -    -     -     -       -    (-,-) 
  clk                          -       -     -     (net)          -    -     -     -       -    (-,-) 
  smaller_mantissa_l_reg[0]/CK <<<     -     R     DFFR_X1       68    -     1     0       0    (-,-) 
#-----------------------------------------------------------------------------------------------------

#------------------------------------------------------------------------------------------------------
#        Timing Point          Flags    Arc   Edge   Cell     Fanout Load Trans Delay Arrival Instance 
#                                                                    (fF)  (ps)  (ps)   (ps)  Location 
#------------------------------------------------------------------------------------------------------
  smaller_mantissa_l_reg[0]/CK -       -      R     (arrival)     68    -     1     0       0    (-,-) 
  smaller_mantissa_l_reg[0]/QN -       CK->QN F     DFFR_X1        2  3.4    14    69      69    (-,-) 
  n_623                        -       -      -     (net)          -    -     -     -       -    (-,-) 
  g32726/ZN                    -       A->ZN  R     INV_X1        17 33.4    79    92     160    (-,-) 
  mantissa_sum[0]              -       -      -     (net)          -    -     -     -       -    (-,-) 
  SUB_TC_OP_pol_g2039/ZN       -       A1->ZN F     NOR2_X2        4  9.1    21    20     180    (-,-) 
  SUB_TC_OP_pol_n_1691         -       -      -     (net)          -    -     -     -       -    (-,-) 
  SUB_TC_OP_pol_g1848/ZN       -       A1->ZN R     NAND3_X2       1  6.3    15    26     206    (-,-) 
  SUB_TC_OP_pol_n_1400         -       -      -     (net)          -    -     -     -       -    (-,-) 
  SUB_TC_OP_pol_g1842/ZN       -       A1->ZN F     NAND2_X4       4  8.6     9    16     222    (-,-) 
  SUB_TC_OP_pol_n_1388         -       -      -     (net)          -    -     -     -       -    (-,-) 
  SUB_TC_OP_pol_g1839/ZN       -       A1->ZN R     NAND2_X2       1  6.6    13    18     240    (-,-) 
  SUB_TC_OP_pol_n_1385         -       -      -     (net)          -    -     -     -       -    (-,-) 
  SUB_TC_OP_pol_g1833/ZN       -       A1->ZN F     NAND3_X4       4  8.6    15    21     261    (-,-) 
  SUB_TC_OP_pol_n_1377         -       -      -     (net)          -    -     -     -       -    (-,-) 
  SUB_TC_OP_pol_g1831/ZN       -       A1->ZN R     NAND2_X2       1  6.3    13    21     282    (-,-) 
  SUB_TC_OP_pol_n_1376         -       -      -     (net)          -    -     -     -       -    (-,-) 
  SUB_TC_OP_pol_g1823/ZN       -       A1->ZN F     NAND2_X4       4  8.7    11    15     297    (-,-) 
  SUB_TC_OP_pol_n_1364         -       -      -     (net)          -    -     -     -       -    (-,-) 
  SUB_TC_OP_pol_g1822/ZN       -       A1->ZN R     NAND2_X2       1  6.3    13    19     316    (-,-) 
  SUB_TC_OP_pol_n_1363         -       -      -     (net)          -    -     -     -       -    (-,-) 
  SUB_TC_OP_pol_g1817/ZN       -       A1->ZN F     NAND2_X4       5 11.5    12    16     333    (-,-) 
  SUB_TC_OP_pol_n_1356         -       -      -     (net)          -    -     -     -       -    (-,-) 
  SUB_TC_OP_pol_g1813/ZN       -       A1->ZN R     NAND2_X2       1  3.4    10    16     349    (-,-) 
  SUB_TC_OP_pol_n_1352         -       -      -     (net)          -    -     -     -       -    (-,-) 
  SUB_TC_OP_pol_g1808/ZN       -       A1->ZN F     NAND2_X2       3  9.9    15    20     369    (-,-) 
  SUB_TC_OP_pol_n_1346         -       -      -     (net)          -    -     -     -       -    (-,-) 
  SUB_TC_OP_pol_g1800/ZN       -       B1->ZN R     AOI21_X4       2  4.4    19    26     394    (-,-) 
  SUB_TC_OP_pol_n_1336         -       -      -     (net)          -    -     -     -       -    (-,-) 
  SUB_TC_OP_pol_g1791/ZN       -       B1->ZN F     OAI21_X1       1  2.4    10    18     413    (-,-) 
  SUB_TC_OP_pol_n_1325         -       -      -     (net)          -    -     -     -       -    (-,-) 
  SUB_TC_OP_pol_g1785/ZN       -       A->ZN  F     XNOR2_X1       1  1.2     9    37     450    (-,-) 
  n_1518                       -       -      -     (net)          -    -     -     -       -    (-,-) 
  g39796/Z                     -       B->Z   F     MUX2_X1        3  8.4    17    73     522    (-,-) 
  n_1611                       -       -      -     (net)          -    -     -     -       -    (-,-) 
  g39368/ZN                    -       A->ZN  R     INV_X2         7 14.2    19    30     553    (-,-) 
  n_997                        -       -      -     (net)          -    -     -     -       -    (-,-) 
  g39781__8428/ZN              -       A3->ZN R     AND4_X2        5 13.2    22    72     624    (-,-) 
  n_663                        -       -      -     (net)          -    -     -     -       -    (-,-) 
  g39270__1881/ZN              -       A1->ZN F     NAND2_X1      10 15.9    32    48     672    (-,-) 
  n_1093                       -       -      -     (net)          -    -     -     -       -    (-,-) 
  g39255/ZN                    -       A->ZN  R     INV_X1        10 18.2    44    64     737    (-,-) 
  n_1092                       -       -      -     (net)          -    -     -     -       -    (-,-) 
  g39161__1617/ZN              -       B1->ZN F     AOI22_X1       1  1.8    22    30     766    (-,-) 
  n_1180                       -       -      -     (net)          -    -     -     -       -    (-,-) 
  g39090__6417/ZN              -       A1->ZN R     NAND2_X1       3  5.8    19    31     797    (-,-) 
  n_1450                       -       -      -     (net)          -    -     -     -       -    (-,-) 
  inc_ADD_TC_OP51_g622/ZN      -       A1->ZN R     AND2_X1        2  2.4    10    36     833    (-,-) 
  inc_ADD_TC_OP51_n_486        -       -      -     (net)          -    -     -     -       -    (-,-) 
  inc_ADD_TC_OP51_g616/ZN      -       A1->ZN R     AND3_X1        1  1.3    10    39     872    (-,-) 
  inc_ADD_TC_OP51_n_470        -       -      -     (net)          -    -     -     -       -    (-,-) 
  inc_ADD_TC_OP51_g605/ZN      -       A2->ZN R     AND2_X1        3  5.7    17    42     914    (-,-) 
  inc_ADD_TC_OP51_n_445        -       -      -     (net)          -    -     -     -       -    (-,-) 
  inc_ADD_TC_OP51_g600/ZN      -       A2->ZN R     AND4_X1        2  5.3    20    69     983    (-,-) 
  inc_ADD_TC_OP51_n_434        -       -      -     (net)          -    -     -     -       -    (-,-) 
  inc_ADD_TC_OP51_g596/ZN      -       A1->ZN F     NAND2_X1       2  4.7    13    23    1006    (-,-) 
  inc_ADD_TC_OP51_n_427        -       -      -     (net)          -    -     -     -       -    (-,-) 
  inc_ADD_TC_OP51_g592/ZN      -       A1->ZN R     NOR2_X2        2  5.2    20    30    1035    (-,-) 
  inc_ADD_TC_OP51_n_422        -       -      -     (net)          -    -     -     -       -    (-,-) 
  g39853/ZN                    -       A1->ZN F     NAND3_X2       2  4.7    14    24    1059    (-,-) 
  n_1668                       -       -      -     (net)          -    -     -     -       -    (-,-) 
  inc_ADD_TC_OP51_g580/ZN      -       A1->ZN R     NOR2_X2        1  2.0    13    22    1081    (-,-) 
  n_1493                       -       -      -     (net)          -    -     -     -       -    (-,-) 
  g20263__1666/ZN              -       A1->ZN F     NOR2_X1        1  3.4    16    12    1093    (-,-) 
  n_1425                       -       -      -     (net)          -    -     -     -       -    (-,-) 
  g20262__2346/ZN              -       A2->ZN R     NAND2_X2      23 43.2    55    68    1161    (-,-) 
  n_1426                       -       -      -     (net)          -    -     -     -       -    (-,-) 
  g20239__2398/ZN              -       B1->ZN F     OAI21_X1       1  0.3    14    14    1175    (-,-) 
  fp_out[22]                   -       -      -     (net)          -    -     -     -       -    (-,-) 
  fp_out[22]                   <<<     -      F     (port)         -    -     -     0    1175    (-,-) 
#------------------------------------------------------------------------------------------------------


