============================================================
  Generated by:           Genus(TM) Synthesis Solution 25.11-s095_1
  Generated on:           Jun 12 2026  11:27:59 pm
  Module:                 sysarr_32_input_fp_adder
  Library domain:         timing_condition_tt_1p2v_25c
    Domain index:         0
    Technology library:   NangateOpenCellLibrary revision 1.0
  Operating conditions:   typical 
  Interconnect mode:      global
  Area mode:              physical library
============================================================

# SETUP                  WNS       TNS    FEP 
# ----------------------------------------------
 View: ALL            -131.8  -65033.4    825 
    Group : in2out       N/A       N/A    N/A 
    Group : in2reg     -88.3   -1253.2     15 
    Group : reg2out    966.0       0.0      0 
    Group : reg2reg   -131.8  -63780.2    810 

# ----------------------------------------------
# DRV                        WNS  TNS  FEP 
# -------------------------------------------
 View: ALL                                 
    Check: max_transition    N/A  N/A    0 
    Check: max_capacitance   N/A  N/A    0 
    Check: max_fanout        N/A  N/A    0 

# -------------------------------------------
