============================================================
  Generated by:           Genus(TM) Synthesis Solution 25.11-s095_1
  Generated on:           May 24 2026  09:20:12 am
  Module:                 sysarr_32_input_fp_adder
  Operating conditions:   typical 
  Interconnect mode:      global
  Area mode:              physical library
============================================================

Timing
--------

Analysis view  Clock Period 
----------------------------
view_1p2_25   clock1 1000.0 


  Analysis    Cost   Critical        Violating 
    View     Group  Path Slack  TNS    Paths   
-----------------------------------------------
view_1p2_25  clock1        0.0  0.0          0 
            default   No paths  0.0          0 
-----------------------------------------------
Total                          -0.0          0 
                                               

Instance Count
--------------
Leaf Instance Count             22138 
Physical Instance count             0 
Sequential Instance Count        2332 
Combinational Instance Count    19806 
Hierarchical Instance Count         0 

Area
----
Cell Area                          33991.874
Physical Cell Area                 0.000
Total Cell Area (Cell+Physical)    33991.874
Net Area                           27355.535
Total Area (Cell+Physical+Net)     61347.409

Power
-----
Leakage Power                      780173.407 nW
Dynamic Power                      83225384.128 nW
Total Power                        84005557.535 nW

Max Fanout                         2332 (clk)
Min Fanout                         0 (adder_tree_inst_s1_g0_r[21])
Average Fanout                     2.0
Terms to net ratio                 3.1798
Terms to instance ratio            3.3473
Runtime                            50.016397 seconds
Elapsed Runtime                    53 seconds
Genus peak memory usage            1769.07 
Innovus peak memory usage          no_value 
Hostname                           asicfab.ecn.purdue.edu
