============================================================
  Generated by:           Genus(TM) Synthesis Solution 25.11-s095_1
  Generated on:           Mar 10 2026  09:56:18 pm
  Operating conditions:   typical 
  Interconnect mode:      global
  Area mode:              physical library
============================================================

                               Leakage    Internal                         Library 
   Gate    Instances   Area  Power (nW)  Power (nW)         Library         Domain 
-----------------------------------------------------------------------------------
AND2_X1           13  13.832    337.044   13240.775 NangateOpenCellLibrary       0 
AND2_X2            8  10.640    401.538   13189.155 NangateOpenCellLibrary       0 
AND2_X4            2   4.788    216.579   11966.592 NangateOpenCellLibrary       0 
AND3_X1            5   6.650    151.239    5962.428 NangateOpenCellLibrary       0 
AND4_X1            4   6.384    108.448     794.737 NangateOpenCellLibrary       0 
AOI211_X1          3   3.990    104.973    2728.909 NangateOpenCellLibrary       0 
AOI21_X1          18  19.152    415.964   16492.177 NangateOpenCellLibrary       0 
AOI21_X2           2   3.724    123.124    5400.644 NangateOpenCellLibrary       0 
AOI21_X4           2   6.916    182.461    8990.662 NangateOpenCellLibrary       0 
AOI221_X1          5   7.980    178.065    7517.304 NangateOpenCellLibrary       0 
AOI222_X1          2   4.256     62.661    1834.303 NangateOpenCellLibrary       0 
AOI22_X1          21  27.930    683.718   21614.505 NangateOpenCellLibrary       0 
AOI22_X2           2   4.788    135.208    3236.994 NangateOpenCellLibrary       0 
BUF_X1             5   3.990    107.191    2695.476 NangateOpenCellLibrary       0 
BUF_X4             1   1.862     86.960    4235.611 NangateOpenCellLibrary       0 
CLKBUF_X1          5   3.990     56.070    3278.343 NangateOpenCellLibrary       0 
DFFR_X1            4  21.280    353.001   18464.049 NangateOpenCellLibrary       0 
HA_X1              9  23.940    540.100   30276.510 NangateOpenCellLibrary       0 
INV_X1           181  96.292   2633.859   67406.841 NangateOpenCellLibrary       0 
INV_X2            12   9.576    338.348   12135.748 NangateOpenCellLibrary       0 
INV_X4             2   2.660    111.044    3777.353 NangateOpenCellLibrary       0 
INV_X8             1   2.394    118.179    3705.746 NangateOpenCellLibrary       0 
MUX2_X1           23  42.826    826.158   41910.024 NangateOpenCellLibrary       0 
NAND2_X1         114  90.972   2094.954   64858.131 NangateOpenCellLibrary       0 
NAND2_X2          13  17.290    508.567   14944.943 NangateOpenCellLibrary       0 
NAND2_X4           5  11.970    401.991   13611.101 NangateOpenCellLibrary       0 
NAND3_X1          15  15.960    333.110    9878.077 NangateOpenCellLibrary       0 
NAND3_X2           3   5.586    172.255    4833.941 NangateOpenCellLibrary       0 
NAND4_X1           6   7.980     82.428    1443.409 NangateOpenCellLibrary       0 
NOR2_X1           33  26.334    724.508   18037.587 NangateOpenCellLibrary       0 
NOR2_X2            3   3.990    132.760    3461.052 NangateOpenCellLibrary       0 
NOR3_X1            5   5.320    157.687    1488.703 NangateOpenCellLibrary       0 
NOR4_X1            8  10.640    279.356    1537.177 NangateOpenCellLibrary       0 
OAI211_X1         18  23.940    744.423   21510.565 NangateOpenCellLibrary       0 
OAI21_X1          39  41.496   1222.696   43039.363 NangateOpenCellLibrary       0 
OAI21_X2           8  14.896    501.752   16888.722 NangateOpenCellLibrary       0 
OAI21_X4           4  13.832    487.275   19004.050 NangateOpenCellLibrary       0 
OAI221_X1          5   7.980    253.600    7408.470 NangateOpenCellLibrary       0 
OAI222_X1          8  17.024    474.459   16052.165 NangateOpenCellLibrary       0 
OAI22_X1          16  21.280    637.056   14545.114 NangateOpenCellLibrary       0 
OAI22_X2           1   2.394     47.773    2611.489 NangateOpenCellLibrary       0 
OR2_X1            17  18.088    384.855   13735.131 NangateOpenCellLibrary       0 
OR2_X2             1   1.330     45.523    2348.007 NangateOpenCellLibrary       0 
OR3_X1             6   7.980    155.696    2510.852 NangateOpenCellLibrary       0 
OR4_X1             3   4.788     78.777    1420.987 NangateOpenCellLibrary       0 
OR4_X2             1   1.862     66.961       0.000 NangateOpenCellLibrary       0 
SDFFR_X1          29 192.850   3145.683  155073.762 NangateOpenCellLibrary       0 
XNOR2_X1          25  39.900    881.418   50518.769 NangateOpenCellLibrary       0 
XNOR2_X2           1   2.660     69.276    4117.266 NangateOpenCellLibrary       0 
XOR2_X1            7  11.172    251.849   11874.290 NangateOpenCellLibrary       0 
-----------------------------------------------------------------------------------
total            724 949.354  22608.624  817608.008                                
                                          Leakage  Leakage  Internal  Internal 
     Type      Instances   Area  Area % Power (nW) Power % Power (nW)  Power % 
-------------------------------------------------------------------------------
sequential            33 214.130   22.6   3498.684    15.5 173537.810     21.2 
inverter             196 110.922   11.7   3201.431    14.2  87025.688     10.6 
buffer                11   9.842    1.0    250.221     1.1  10209.430      1.2 
logic                484 614.460   64.7  15658.288    69.3 546835.079     66.9 
physical_cells         0   0.000    0.0      0.000     0.0      0.000      0.0 
-------------------------------------------------------------------------------
total                724 949.354  100.0  22608.624   100.0 817608.008    100.0 
