============================================================
  Generated by:           Genus(TM) Synthesis Solution 25.11-s095_1
  Generated on:           Mar 10 2026  09:56:15 pm
  Module:                 add_bf16_1C
  Operating conditions:   typical 
  Interconnect mode:      global
  Area mode:              physical library
============================================================


Path 1: MET (19 ps) Late External Delay Assertion at pin bf_out[14]
           View: view_1p2_25
          Group: clock1
     Startpoint: (R) bf2_in_reg[8]/CK
          Clock: (R) clock1
       Endpoint: (F) bf_out[14]
          Clock: (R) clock1

                     Capture       Launch     
        Clock Edge:+    1471            0     
       Src Latency:+       0            0     
       Net Latency:+       0 (I)        0 (I) 
           Arrival:=    1471            0     
                                              
      Output Delay:-       1                  
       Uncertainty:-       0                  
     Required Time:=    1470                  
      Launch Clock:-       0                  
         Data Path:-    1451                  
             Slack:=      19                  

Exceptions/Constraints:
  output_delay              1              add_bf16_1C.sdc_line_21_34_1   

Launch clock path:
#-----------------------------------------------------------------------------------------
#  Timing Point    Flags   Arc   Edge   Cell     Fanout Load Trans Delay Arrival Instance 
#                                                       (fF)  (ps)  (ps)   (ps)  Location 
#-----------------------------------------------------------------------------------------
  clk              (i)     -     R     (arrival)     33  0.0     0     0       0    (-,-) 
  clk              -       -     -     (net)          -    -     -     -       -    (-,-) 
  clk              -       -     -     (net)          -    -     -     -       -    (-,-) 
  bf2_in_reg[8]/CK <<<     -     R     SDFFR_X1      33    -     1     0       0    (-,-) 
#-----------------------------------------------------------------------------------------

#------------------------------------------------------------------------------------------
#  Timing Point    Flags    Arc   Edge   Cell     Fanout Load Trans Delay Arrival Instance 
#                                                        (fF)  (ps)  (ps)   (ps)  Location 
#------------------------------------------------------------------------------------------
  bf2_in_reg[8]/CK -       -      R     (arrival)     33    -     1     0       0    (-,-) 
  bf2_in_reg[8]/Q  -       CK->Q  R     SDFFR_X1       2  5.5    18    81      81    (-,-) 
  bf2_in[8]        -       -      -     (net)          -    -     -     -       -    (-,-) 
  g24999/ZN        -       A->ZN  F     INV_X1         1  1.9     6    10      91    (-,-) 
  n_4              -       -      -     (net)          -    -     -     -       -    (-,-) 
  g24894__6161/ZN  -       B2->ZN R     OAI22_X1       1  3.7    40    52     142    (-,-) 
  n_63             -       -      -     (net)          -    -     -     -       -    (-,-) 
  g24827__7482/ZN  -       B2->ZN F     AOI22_X2       1  1.9    14    26     168    (-,-) 
  n_122            -       -      -     (net)          -    -     -     -       -    (-,-) 
  g24823__8246/ZN  -       A1->ZN R     NAND3_X1       1  3.3    15    22     191    (-,-) 
  n_128            -       -      -     (net)          -    -     -     -       -    (-,-) 
  g24820__8428/ZN  -       A1->ZN F     NAND3_X2       1 11.1    20    32     222    (-,-) 
  n_137            -       -      -     (net)          -    -     -     -       -    (-,-) 
  g24818/ZN        -       A->ZN  R     INV_X8        12 36.4    14    27     249    (-,-) 
  n_164            -       -      -     (net)          -    -     -     -       -    (-,-) 
  g24815/ZN        -       A->ZN  F     INV_X2         1  3.2     5     8     258    (-,-) 
  n_142            -       -      -     (net)          -    -     -     -       -    (-,-) 
  g24788__1666/ZN  -       A1->ZN R     NAND2_X2       1  6.5    13    17     274    (-,-) 
  n_149            -       -      -     (net)          -    -     -     -       -    (-,-) 
  g24766__1617/ZN  -       A->ZN  F     OAI21_X4       3 11.8    13    22     297    (-,-) 
  n_186            -       -      -     (net)          -    -     -     -       -    (-,-) 
  g24728__1881/ZN  -       B2->ZN R     OAI21_X4       5 20.1    34    50     347    (-,-) 
  n_257            -       -      -     (net)          -    -     -     -       -    (-,-) 
  g24707__6783/ZN  -       A1->ZN F     NAND2_X2       1  5.9    14    22     369    (-,-) 
  n_216            -       -      -     (net)          -    -     -     -       -    (-,-) 
  g24700__7482/ZN  -       A->ZN  R     OAI21_X4      14 28.6    44    36     405    (-,-) 
  n_348            -       -      -     (net)          -    -     -     -       -    (-,-) 
  g24682/ZN        -       A->ZN  F     INV_X2         5  7.3    13    16     421    (-,-) 
  n_263            -       -      -     (net)          -    -     -     -       -    (-,-) 
  g24660__1666/ZN  -       A2->ZN F     AND2_X1        4  6.4    11    41     462    (-,-) 
  n_283            -       -      -     (net)          -    -     -     -       -    (-,-) 
  g24657__2802/ZN  -       A1->ZN F     AND2_X1        1  1.8     6    30     492    (-,-) 
  n_280            -       -      -     (net)          -    -     -     -       -    (-,-) 
  g24645__7410/ZN  -       A->ZN  R     AOI221_X1      1  1.9    43    71     563    (-,-) 
  n_299            -       -      -     (net)          -    -     -     -       -    (-,-) 
  g24619__5107/ZN  -       B2->ZN F     OAI21_X1       3  4.6    20    33     596    (-,-) 
  n_349            -       -      -     (net)          -    -     -     -       -    (-,-) 
  g24593__6131/ZN  -       A->ZN  R     XNOR2_X1       3  7.4    45    60     657    (-,-) 
  n_473            -       -      -     (net)          -    -     -     -       -    (-,-) 
  g24556__5526/ZN  -       B2->ZN F     AOI21_X1       2  4.0    15    28     684    (-,-) 
  n_405            -       -      -     (net)          -    -     -     -       -    (-,-) 
  g24551__2398/ZN  -       A1->ZN R     NOR2_X1        1  3.6    24    36     720    (-,-) 
  n_406            -       -      -     (net)          -    -     -     -       -    (-,-) 
  g24541__2883/ZN  -       A1->ZN F     NOR2_X2        2  5.4     9    13     733    (-,-) 
  n_421            -       -      -     (net)          -    -     -     -       -    (-,-) 
  g24537__4733/ZN  -       B1->ZN R     AOI21_X2       2  4.6    25    29     762    (-,-) 
  n_424            -       -      -     (net)          -    -     -     -       -    (-,-) 
  g24533/ZN        -       A->ZN  F     INV_X1         1  3.0     9    12     775    (-,-) 
  n_425            -       -      -     (net)          -    -     -     -       -    (-,-) 
  g24530__8246/ZN  -       B1->ZN R     AOI21_X2       2  3.8    24    27     802    (-,-) 
  n_433            -       -      -     (net)          -    -     -     -       -    (-,-) 
  g24523__1617/ZN  -       A1->ZN F     NAND2_X1       1  1.8    10    16     818    (-,-) 
  n_437            -       -      -     (net)          -    -     -     -       -    (-,-) 
  g24517__6260/ZN  -       A1->ZN R     NAND2_X1       1  1.9    10    16     834    (-,-) 
  n_444            -       -      -     (net)          -    -     -     -       -    (-,-) 
  g24512__6417/ZN  -       A1->ZN F     NAND2_X1       1  6.0    14    22     856    (-,-) 
  n_451            -       -      -     (net)          -    -     -     -       -    (-,-) 
  g24510__2883/ZN  -       A1->ZN R     NAND2_X4      14 36.2    29    35     891    (-,-) 
  n_479            -       -      -     (net)          -    -     -     -       -    (-,-) 
  g24508/ZN        -       A->ZN  F     INV_X2         4  6.2    10    13     904    (-,-) 
  n_467            -       -      -     (net)          -    -     -     -       -    (-,-) 
  g24500__8246/ZN  -       A1->ZN R     NAND2_X1       1  3.5    13    19     923    (-,-) 
  n_465            -       -      -     (net)          -    -     -     -       -    (-,-) 
  g24488__5107/ZN  -       A1->ZN R     AND2_X4        9 17.6    14    38     962    (-,-) 
  n_643            -       -      -     (net)          -    -     -     -       -    (-,-) 
  g24472__7482/ZN  -       A1->ZN F     NAND2_X2       5  8.7    12    20     982    (-,-) 
  n_511            -       -      -     (net)          -    -     -     -       -    (-,-) 
  g24453__3680/ZN  -       A2->ZN R     NOR3_X1        3  5.1    51    73    1055    (-,-) 
  n_515            -       -      -     (net)          -    -     -     -       -    (-,-) 
  g24443__6161/ZN  -       B1->ZN F     OAI21_X1       1  1.8    16    21    1075    (-,-) 
  n_506            -       -      -     (net)          -    -     -     -       -    (-,-) 
  g24432__8246/ZN  -       A1->ZN R     NAND2_X1       3  5.6    18    28    1103    (-,-) 
  n_529            -       -      -     (net)          -    -     -     -       -    (-,-) 
  g24410__2398/ZN  -       A1->ZN F     NAND2_X1       2  4.2    13    21    1124    (-,-) 
  n_545            -       -      -     (net)          -    -     -     -       -    (-,-) 
  g24392__7482/ZN  -       A1->ZN R     NAND3_X1       1  2.0    13    18    1143    (-,-) 
  n_546            -       -      -     (net)          -    -     -     -       -    (-,-) 
  g24388__3680/ZN  -       A->ZN  F     OAI21_X1       3  4.3    16    25    1168    (-,-) 
  n_584            -       -      -     (net)          -    -     -     -       -    (-,-) 
  g24368__7482/ZN  -       A1->ZN R     NOR2_X1        1  1.9    17    27    1195    (-,-) 
  n_585            -       -      -     (net)          -    -     -     -       -    (-,-) 
  g24364__1705/ZN  -       A->ZN  F     AOI21_X1       2  3.6    15    18    1213    (-,-) 
  n_611            -       -      -     (net)          -    -     -     -       -    (-,-) 
  g24345__2883/ZN  -       A2->ZN R     NOR2_X1        2  3.9    26    42    1255    (-,-) 
  n_622            -       -      -     (net)          -    -     -     -       -    (-,-) 
  g24339/ZN        -       A->ZN  F     INV_X1         1  1.9     8    10    1265    (-,-) 
  n_623            -       -      -     (net)          -    -     -     -       -    (-,-) 
  g24301__7482/ZN  -       B1->ZN R     AOI221_X1      1  3.6    55    84    1350    (-,-) 
  n_673            -       -      -     (net)          -    -     -     -       -    (-,-) 
  g24298/ZN        -       A->ZN  F     INV_X2         4  6.1    14    14    1364    (-,-) 
  n_689            -       -      -     (net)          -    -     -     -       -    (-,-) 
  g24291__1705/ZN  -       A1->ZN R     NAND2_X1       1  2.0    10    18    1382    (-,-) 
  n_683            -       -      -     (net)          -    -     -     -       -    (-,-) 
  g24288__5526/ZN  -       A->ZN  F     OAI21_X1       2  3.4    12    22    1404    (-,-) 
  n_696            -       -      -     (net)          -    -     -     -       -    (-,-) 
  g24283__6260/ZN  -       B1->ZN R     AOI21_X1       1  2.0    23    29    1433    (-,-) 
  n_697            -       -      -     (net)          -    -     -     -       -    (-,-) 
  g24282__2398/ZN  -       A->ZN  F     OAI21_X1       1  0.3    15    18    1451    (-,-) 
  bf_out[14]       -       -      -     (net)          -    -     -     -       -    (-,-) 
  bf_out[14]       <<<     -      F     (port)         -    -     -     0    1451    (-,-) 
#------------------------------------------------------------------------------------------


