============================================================
  Generated by:           Genus(TM) Synthesis Solution 25.11-s095_1
  Generated on:           Mar 10 2026  03:09:59 pm
  Module:                 mul_bf
  Operating conditions:   typical 
  Interconnect mode:      global
  Area mode:              physical library
============================================================


Path 1: MET (231 ps) Setup Check with Pin result_reg[22]/clk->d
           View: view_1p2_25
          Group: clock1
     Startpoint: (F) b[5]
          Clock: (R) clock1
       Endpoint: (R) result_reg[22]/d
          Clock: (R) clock1

                     Capture       Launch     
        Clock Edge:+    1389            0     
        Drv Adjust:+       0            0     
       Src Latency:+       0            0     
       Net Latency:+       0 (I)        0 (I) 
           Arrival:=    1389            0     
                                              
             Setup:-      38                  
       Uncertainty:-       0                  
     Required Time:=    1351                  
      Launch Clock:-       0                  
       Input Delay:-       1                  
         Data Path:-    1119                  
             Slack:=     231                  

Exceptions/Constraints:
  input_delay              1              mul_bf.sdc_line_20_28_1   

#--------------------------------------------------------------------------------------------------------------------------
#              Timing Point               Flags    Arc    Edge       Cell         Fanout Load Trans Delay Arrival Instance 
#                                                                                        (fF)  (ps)  (ps)   (ps)  Location 
#--------------------------------------------------------------------------------------------------------------------------
  b[5]                                    (u)     -       F     (arrival)             11 35.2     0     0       1    (-,-) 
  b[5]                                    -       -       -     (net)                  -    -     -     -       -    (-,-) 
  g5070/z                                 (u)     in_1->z R     unmapped_nand2         3 10.8     0    22      23    (-,-) 
  wallaca_n_15                            -       -       -     (net)                  -    -     -     -       -    (-,-) 
  g5146/z                                 (u)     in_1->z F     unmapped_complex2      1  3.2     0    17      39    (-,-) 
  n_3467                                  -       -       -     (net)                  -    -     -     -       -    (-,-) 
  g4959/z                                 (u)     in_1->z R     unmapped_nand2         3 10.8     0    22      61    (-,-) 
  wallaca_genblk1[0].genblk1[5].fa_00_n_3 -       -       -     (net)                  -    -     -     -       -    (-,-) 
  g4913/z                                 (u)     in_0->z R     unmapped_or2           1  3.6     0    17      77    (-,-) 
  n_3447                                  -       -       -     (net)                  -    -     -     -       -    (-,-) 
  g4914/z                                 (u)     in_1->z F     unmapped_nand2         3  9.6     0    22      99    (-,-) 
  wallaca_stage1_sums[0][5]               -       -       -     (net)                  -    -     -     -       -    (-,-) 
  g5191/z                                 (u)     in_1->z F     unmapped_complex2      1  3.2     0    17     116    (-,-) 
  n_3423                                  -       -       -     (net)                  -    -     -     -       -    (-,-) 
  g4830/z                                 (u)     in_1->z R     unmapped_nand2         3 10.8     0    22     137    (-,-) 
  wallaca_genblk2[5].fa_s2_l1_n_3         -       -       -     (net)                  -    -     -     -       -    (-,-) 
  g4746/z                                 (u)     in_0->z R     unmapped_complex2      1  3.6     0    17     154    (-,-) 
  n_3381                                  -       -       -     (net)                  -    -     -     -       -    (-,-) 
  g4747/z                                 (u)     in_1->z F     unmapped_nand2         3  9.6     0    22     175    (-,-) 
  wallaca_stage2_level1_sums[5]           -       -       -     (net)                  -    -     -     -       -    (-,-) 
  g5228/z                                 (u)     in_1->z F     unmapped_complex2      1  3.2     0    17     192    (-,-) 
  n_3366                                  -       -       -     (net)                  -    -     -     -       -    (-,-) 
  g4709/z                                 (u)     in_1->z R     unmapped_nand2         3 10.8     0    22     214    (-,-) 
  wallaca_genblk4[5].fa_s3_l1_n_3         -       -       -     (net)                  -    -     -     -       -    (-,-) 
  g4651/z                                 (u)     in_0->z R     unmapped_or2           1  3.6     0    17     230    (-,-) 
  n_3338                                  -       -       -     (net)                  -    -     -     -       -    (-,-) 
  g4652/z                                 (u)     in_1->z F     unmapped_nand2         3  9.6     0    22     252    (-,-) 
  wallaca_stage3_sums[5]                  -       -       -     (net)                  -    -     -     -       -    (-,-) 
  g4645/z                                 (u)     in_0->z F     unmapped_or2           1  3.2     0    17     268    (-,-) 
  n_3334                                  -       -       -     (net)                  -    -     -     -       -    (-,-) 
  g4646/z                                 (u)     in_1->z R     unmapped_nand2         3 10.8     0    22     290    (-,-) 
  wallaca_stage4_sums[5]                  -       -       -     (net)                  -    -     -     -       -    (-,-) 
  g5254/z                                 (u)     in_0->z F     unmapped_complex2      3  9.6     0    22     312    (-,-) 
  n_2166                                  -       -       -     (net)                  -    -     -     -       -    (-,-) 
  g4573/z                                 (u)     in_1->z R     unmapped_nand2         1  3.6     0    17     328    (-,-) 
  n_2339                                  -       -       -     (net)                  -    -     -     -       -    (-,-) 
  g4552/z                                 (u)     in_0->z F     unmapped_nand2         3  9.6     0    22     350    (-,-) 
  n_2167                                  -       -       -     (net)                  -    -     -     -       -    (-,-) 
  g4522/z                                 (u)     in_1->z R     unmapped_nand2         1  3.6     0    17     366    (-,-) 
  n_2308                                  -       -       -     (net)                  -    -     -     -       -    (-,-) 
  g4512/z                                 (u)     in_0->z F     unmapped_nand2         4 12.8     0    24     391    (-,-) 
  n_2168                                  -       -       -     (net)                  -    -     -     -       -    (-,-) 
  g4504/z                                 (u)     in_0->z R     unmapped_complex2      1  3.6     0    17     408    (-,-) 
  n_3004                                  -       -       -     (net)                  -    -     -     -       -    (-,-) 
  g5260/z                                 (u)     in_0->z F     unmapped_complex2      3  9.6     0    22     429    (-,-) 
  n_2170                                  -       -       -     (net)                  -    -     -     -       -    (-,-) 
  g3755/z                                 (u)     in_1->z F     unmapped_complex2      1  3.2     0    17     446    (-,-) 
  n_2322                                  -       -       -     (net)                  -    -     -     -       -    (-,-) 
  g4489/z                                 (u)     in_1->z R     unmapped_nand2         3 10.8     0    22     467    (-,-) 
  n_2171                                  -       -       -     (net)                  -    -     -     -       -    (-,-) 
  g4488/z                                 (u)     in_1->z F     unmapped_nand2         2  6.4     0    19     486    (-,-) 
  n_2320                                  -       -       -     (net)                  -    -     -     -       -    (-,-) 
  g5261/z                                 (u)     in_0->z R     unmapped_complex2      1  3.6     0    17     503    (-,-) 
  n_3245                                  -       -       -     (net)                  -    -     -     -       -    (-,-) 
  g4478/z                                 (u)     in_1->z F     unmapped_complex2      1  3.2     0    17     520    (-,-) 
  n_2316                                  -       -       -     (net)                  -    -     -     -       -    (-,-) 
  g4477/z                                 (u)     in_1->z R     unmapped_nand2         3 10.8     0    22     541    (-,-) 
  n_2174                                  -       -       -     (net)                  -    -     -     -       -    (-,-) 
  g5263/z                                 (u)     in_0->z R     unmapped_complex2      2  7.2     0    19     560    (-,-) 
  n_2175                                  -       -       -     (net)                  -    -     -     -       -    (-,-) 
  g5114/z                                 (u)     in_0->z R     unmapped_complex2      1  3.6     0    17     577    (-,-) 
  n_2565                                  -       -       -     (net)                  -    -     -     -       -    (-,-) 
  g4455/z                                 (u)     in_1->z R     unmapped_complex2      1  3.6     0    17     594    (-,-) 
  n_2317                                  -       -       -     (net)                  -    -     -     -       -    (-,-) 
  g4450/z                                 (u)     in_0->z F     unmapped_complex2      1  3.2     0    17     610    (-,-) 
  n_2457                                  -       -       -     (net)                  -    -     -     -       -    (-,-) 
  g4449/z                                 (u)     in_1->z R     unmapped_nand2         3 10.8     0    22     632    (-,-) 
  n_2187                                  -       -       -     (net)                  -    -     -     -       -    (-,-) 
  g5266/z                                 (u)     in_0->z R     unmapped_complex2      1  3.6     0    17     648    (-,-) 
  n_2324                                  -       -       -     (net)                  -    -     -     -       -    (-,-) 
  g4444/z                                 (u)     in_0->z F     unmapped_nand2         3  9.6     0    22     670    (-,-) 
  n_2188                                  -       -       -     (net)                  -    -     -     -       -    (-,-) 
  g4443/z                                 (u)     in_1->z R     unmapped_nand2         1  3.6     0    17     686    (-,-) 
  n_2313                                  -       -       -     (net)                  -    -     -     -       -    (-,-) 
  g4438/z                                 (u)     in_0->z F     unmapped_nand2         3  9.6     0    22     708    (-,-) 
  n_2189                                  -       -       -     (net)                  -    -     -     -       -    (-,-) 
  g4435/z                                 (u)     in_1->z R     unmapped_nand2         1  3.6     0    17     725    (-,-) 
  n_2309                                  -       -       -     (net)                  -    -     -     -       -    (-,-) 
  g4429/z                                 (u)     in_0->z F     unmapped_nand2         3  9.6     0    22     746    (-,-) 
  n_2190                                  -       -       -     (net)                  -    -     -     -       -    (-,-) 
  g4427/z                                 (u)     in_0->z R     unmapped_nand2         1  3.6     0    17     763    (-,-) 
  n_2310                                  -       -       -     (net)                  -    -     -     -       -    (-,-) 
  g4421/z                                 (u)     in_0->z F     unmapped_nand2         3  9.6     0    22     784    (-,-) 
  n_2193                                  -       -       -     (net)                  -    -     -     -       -    (-,-) 
  g4420/z                                 (u)     in_1->z R     unmapped_nand2         1  3.6     0    17     801    (-,-) 
  n_2311                                  -       -       -     (net)                  -    -     -     -       -    (-,-) 
  g4414/z                                 (u)     in_0->z F     unmapped_nand2         3  9.6     0    22     823    (-,-) 
  n_2194                                  -       -       -     (net)                  -    -     -     -       -    (-,-) 
  g4410/z                                 (u)     in_0->z R     unmapped_nand2         1  3.6     0    17     839    (-,-) 
  n_2312                                  -       -       -     (net)                  -    -     -     -       -    (-,-) 
  g4408/z                                 (u)     in_0->z F     unmapped_nand2         3  9.6     0    22     861    (-,-) 
  n_2197                                  -       -       -     (net)                  -    -     -     -       -    (-,-) 
  g4405/z                                 (u)     in_1->z R     unmapped_nand2         1  3.6     0    17     878    (-,-) 
  n_3252                                  -       -       -     (net)                  -    -     -     -       -    (-,-) 
  g4406/z                                 (u)     in_1->z F     unmapped_nand2         3  9.6     0    22     899    (-,-) 
  n_2206                                  -       -       -     (net)                  -    -     -     -       -    (-,-) 
  g5272/z                                 (u)     in_0->z R     unmapped_complex2      1  3.6     0    17     916    (-,-) 
  n_2328                                  -       -       -     (net)                  -    -     -     -       -    (-,-) 
  g4395/z                                 (u)     in_1->z F     unmapped_nand2         2  6.4     0    19     935    (-,-) 
  n_2216                                  -       -       -     (net)                  -    -     -     -       -    (-,-) 
  g4393/z                                 (u)     in_1->z R     unmapped_nand2         2  7.2     0    19     954    (-,-) 
  n_524                                   -       -       -     (net)                  -    -     -     -       -    (-,-) 
  g4390/z                                 (u)     in_0->z F     unmapped_complex2      9 28.8     0    36     990    (-,-) 
  n_2221                                  -       -       -     (net)                  -    -     -     -       -    (-,-) 
  g4386/z                                 (u)     in_0->z F     unmapped_or2          10 32.0     0    38    1028    (-,-) 
  n_2225                                  -       -       -     (net)                  -    -     -     -       -    (-,-) 
  g4380/z                                 (u)     in_1->z F     unmapped_or2          14 44.8     0    42    1070    (-,-) 
  n_2244                                  -       -       -     (net)                  -    -     -     -       -    (-,-) 
  g5275/z                                 (u)     in_0->z F     unmapped_complex2      1  3.2     0    17    1086    (-,-) 
  n_2476                                  -       -       -     (net)                  -    -     -     -       -    (-,-) 
  g4337/z                                 (u)     in_1->z R     unmapped_complex2      1  3.6     0    17    1103    (-,-) 
  n_2478                                  -       -       -     (net)                  -    -     -     -       -    (-,-) 
  g5290/z                                 (u)     in_0->z R     unmapped_complex2      1  3.6     0    17    1120    (-,-) 
  n_2280                                  -       -       -     (net)                  -    -     -     -       -    (-,-) 
  result_reg[22]/d                        <<<     -       R     unmapped_d_flop        1    -     -     0    1120    (-,-) 
#--------------------------------------------------------------------------------------------------------------------------

(u) : Net has unmapped pin(s).

Capture clock path:
#-------------------------------------------------------------------------------------------------
#   Timing Point     Flags   Arc   Edge      Cell        Fanout Load Trans Delay Arrival Instance 
#                                                               (fF)  (ps)  (ps)   (ps)  Location 
#-------------------------------------------------------------------------------------------------
  clk                (i,u)   -     R     (arrival)           25  0.0     0     0    1389    (-,-) 
  clk                -       -     -     (net)                -    -     -     -       -    (-,-) 
  clk                -       -     -     (net)                -    -     -     -       -    (-,-) 
  result_reg[22]/clk <<<     -     R     unmapped_d_flop     25    -     1     0    1389    (-,-) 
#-------------------------------------------------------------------------------------------------


