============================================================
  Generated by:           Genus(TM) Synthesis Solution 25.11-s095_1
  Generated on:           Mar 11 2026  10:16:13 am
  Operating conditions:   typical 
  Interconnect mode:      global
  Area mode:              physical library
============================================================

                                Leakage     Internal                          Library 
   Gate    Instances   Area    Power (nW)  Power (nW)          Library         Domain 
--------------------------------------------------------------------------------------
AND2_X1          108  114.912    2785.237   157752.799 NangateOpenCellLibrary       0 
AND2_X2           19   25.270    1024.419    55985.130 NangateOpenCellLibrary       0 
AND2_X4            4    9.576     402.359    15213.593 NangateOpenCellLibrary       0 
AND3_X1            8   10.640     227.261     7131.684 NangateOpenCellLibrary       0 
AND3_X2            1    1.596      62.264     1115.111 NangateOpenCellLibrary       0 
AND4_X1            6    9.576     163.605     1191.389 NangateOpenCellLibrary       0 
AOI211_X1          4    5.320     131.497     5984.300 NangateOpenCellLibrary       0 
AOI21_X1         138  146.832    3540.269   161107.429 NangateOpenCellLibrary       0 
AOI21_X2          25   46.550    1348.199    59864.399 NangateOpenCellLibrary       0 
AOI21_X4           6   20.748     632.088    24567.387 NangateOpenCellLibrary       0 
AOI221_X1         15   23.940     560.499    24670.229 NangateOpenCellLibrary       0 
AOI222_X1         29   61.712    1247.723    49494.503 NangateOpenCellLibrary       0 
AOI22_X1         185  246.050    5662.356   219381.254 NangateOpenCellLibrary       0 
AOI22_X2           4    9.576     229.397     9168.593 NangateOpenCellLibrary       0 
BUF_X2             1    1.064      43.579     3172.445 NangateOpenCellLibrary       0 
CLKBUF_X2          1    1.064      23.008     2754.936 NangateOpenCellLibrary       0 
DFFR_X1          114  606.480   10055.458  1057618.304 NangateOpenCellLibrary       0 
FA_X1             14   59.584    1053.845    70428.444 NangateOpenCellLibrary       0 
HA_X1             57  151.620    3393.018   188686.565 NangateOpenCellLibrary       0 
INV_X1           744  395.808   10739.011   393779.978 NangateOpenCellLibrary       0 
INV_X2            48   38.304    1402.358    36260.515 NangateOpenCellLibrary       0 
INV_X4            25   33.250    1421.174    49870.383 NangateOpenCellLibrary       0 
INV_X8             7   16.758     806.328    28758.665 NangateOpenCellLibrary       0 
MUX2_X1          201  374.262    7283.368   418312.585 NangateOpenCellLibrary       0 
MUX2_X2            2    4.788     137.336     9167.496 NangateOpenCellLibrary       0 
NAND2_X1        1006  802.788   18750.710   685304.592 NangateOpenCellLibrary       0 
NAND2_X2          75   99.750    3294.600   118082.872 NangateOpenCellLibrary       0 
NAND2_X4          26   62.244    2408.841    68606.107 NangateOpenCellLibrary       0 
NAND3_X1          73   77.672    1959.856    49951.444 NangateOpenCellLibrary       0 
NAND3_X2          12   22.344     776.054    17222.208 NangateOpenCellLibrary       0 
NAND3_X4           2    6.916     279.605     6519.932 NangateOpenCellLibrary       0 
NAND4_X1          33   43.890    1019.416    14985.354 NangateOpenCellLibrary       0 
NAND4_X4           1    4.788     264.828     4653.834 NangateOpenCellLibrary       0 
NOR2_X1          309  246.582    6659.676   205006.215 NangateOpenCellLibrary       0 
NOR2_X2           32   42.560    1335.020    39058.559 NangateOpenCellLibrary       0 
NOR2_X4            9   21.546     803.391    16218.683 NangateOpenCellLibrary       0 
NOR3_X1           13   13.832     353.244     9132.497 NangateOpenCellLibrary       0 
NOR3_X4            1    3.724      99.849     1669.227 NangateOpenCellLibrary       0 
NOR4_X1           61   81.130    2057.435    10848.869 NangateOpenCellLibrary       0 
OAI211_X1         21   27.930     635.227    24784.040 NangateOpenCellLibrary       0 
OAI211_X2          4    9.576     282.821     9720.297 NangateOpenCellLibrary       0 
OAI21_X1         184  195.776    5383.238   190520.445 NangateOpenCellLibrary       0 
OAI21_X2          17   31.654    1004.962    37563.927 NangateOpenCellLibrary       0 
OAI21_X4           6   20.748     625.439    25452.930 NangateOpenCellLibrary       0 
OAI221_X1         36   57.456    1932.990    53163.755 NangateOpenCellLibrary       0 
OAI222_X1         16   34.048     993.798    24898.144 NangateOpenCellLibrary       0 
OAI22_X1         127  168.910    4861.477   145827.449 NangateOpenCellLibrary       0 
OAI22_X2           3    7.182     195.161     6724.540 NangateOpenCellLibrary       0 
OAI22_X4           2    9.044     292.754     7401.550 NangateOpenCellLibrary       0 
OR2_X1            67   71.288    1531.092    87782.400 NangateOpenCellLibrary       0 
OR2_X2             5    6.650     227.279    15351.382 NangateOpenCellLibrary       0 
OR2_X4             2    4.788     182.832    10303.449 NangateOpenCellLibrary       0 
OR3_X1             4    5.320     109.979     2526.788 NangateOpenCellLibrary       0 
OR4_X1            16   25.536     435.876     4413.898 NangateOpenCellLibrary       0 
SDFFR_X1          25  166.250    2701.707   300874.942 NangateOpenCellLibrary       0 
XNOR2_X1         288  459.648   10679.993   587743.409 NangateOpenCellLibrary       0 
XNOR2_X2          65  172.900    4810.593   254365.481 NangateOpenCellLibrary       0 
XOR2_X1          117  186.732    4175.036   264689.144 NangateOpenCellLibrary       0 
XOR2_X2           11   26.334     783.837    48445.237 NangateOpenCellLibrary       0 
--------------------------------------------------------------------------------------
total           4435 5632.816  136284.274  6401251.716                                
                                           Leakage  Leakage   Internal  Internal 
     Type      Instances   Area   Area % Power (nW) Power %  Power (nW)  Power % 
---------------------------------------------------------------------------------
sequential           139  772.730   13.7  12757.164     9.4 1358493.246     21.2 
inverter             824  484.120    8.6  14368.871    10.5  508669.541      7.9 
buffer                 2    2.128    0.0     66.587     0.0    5927.381      0.1 
logic               3470 4373.838   77.6 109091.652    80.0 4528161.547     70.7 
physical_cells         0    0.000    0.0      0.000     0.0       0.000      0.0 
---------------------------------------------------------------------------------
total               4435 5632.816  100.0 136284.274   100.0 6401251.716    100.0 
