============================================================
  Generated by:           Genus(TM) Synthesis Solution 25.11-s095_1
  Generated on:           Mar 11 2026  10:16:00 am
  Module:                 sysarr_n_input_fp_adder_noretime
  Operating conditions:   typical 
  Interconnect mode:      global
  Area mode:              physical library
============================================================

Timing
--------

Analysis view  Clock Period 
----------------------------
view_1p2_25   clock1 1429.0 


  Analysis    Cost   Critical        Violating 
    View     Group  Path Slack  TNS    Paths   
-----------------------------------------------
view_1p2_25  clock1        0.2  0.0          0 
            default   No paths  0.0          0 
-----------------------------------------------
Total                          -0.0          0 
                                               

Instance Count
--------------
Leaf Instance Count             4435 
Physical Instance count            0 
Sequential Instance Count        139 
Combinational Instance Count    4296 
Hierarchical Instance Count        0 

Area
----
Cell Area                          5632.816
Physical Cell Area                 0.000
Total Cell Area (Cell+Physical)    5632.816
Net Area                           5910.372
Total Area (Cell+Physical+Net)     11543.188

Power
-----
Leakage Power                      136284.274 nW
Dynamic Power                      12673037.240 nW
Total Power                        12809321.514 nW

Max Fanout                         139 (clk)
Min Fanout                         0 (n_3436)
Average Fanout                     2.1
Terms to net ratio                 3.1130
Terms to instance ratio            3.3488
Runtime                            44.925711 seconds
Elapsed Runtime                    50 seconds
Genus peak memory usage            1716.59 
Innovus peak memory usage          no_value 
Hostname                           asicfab.ecn.purdue.edu
