============================================================
  Generated by:           Genus(TM) Synthesis Solution 25.11-s095_1
  Generated on:           Feb 24 2026  03:22:56 pm
  Module:                 add_fp16
  Operating conditions:   PVT_1P2V_25C 
  Interconnect mode:      global
  Area mode:              physical library
============================================================

Timing
--------

Analysis view  Clock Period 
----------------------------
view_1p2_25   clock1 2000.0 


  Analysis    Cost   Critical        Violating 
    View     Group  Path Slack  TNS    Paths   
-----------------------------------------------
view_1p2_25  clock1        0.0  0.0          0 
            default   No paths  0.0          0 
-----------------------------------------------
Total                          -0.0          0 
                                               

Instance Count
--------------
Leaf Instance Count             898 
Physical Instance count           0 
Sequential Instance Count        39 
Combinational Instance Count    859 
Hierarchical Instance Count       0 

Area
----
Cell Area                          4539.520
Physical Cell Area                 0.000
Total Cell Area (Cell+Physical)    4539.520
Net Area                           3086.231
Total Area (Cell+Physical+Net)     7625.751

Power
-----
Leakage Power                      2355.157 nW
Dynamic Power                      3092428.190 nW
Total Power                        3094783.347 nW

Max Fanout                         39 (clk)
Min Fanout                         0 (nRST)
Average Fanout                     2.4
Terms to net ratio                 3.3878
Terms to instance ratio            3.5802
Runtime                            71.991994 seconds
Elapsed Runtime                    79 seconds
Genus peak memory usage            2363.50 
Innovus peak memory usage          no_value 
Hostname                           asicfab.ecn.purdue.edu
