============================================================
  Generated by:           Genus(TM) Synthesis Solution 25.11-s095_1
  Generated on:           Feb 24 2026  03:23:05 pm
  Module:                 add_fp16
  Operating conditions:   PVT_1P2V_25C 
  Interconnect mode:      global
  Area mode:              physical library
============================================================


Path 1: MET (0 ps) Late External Delay Assertion at pin fp_out[6]
           View: view_1p2_25
          Group: clock1
     Startpoint: (R) smaller_mantissa_l_reg[2]/CLK
          Clock: (R) clock1
       Endpoint: (R) fp_out[6]
          Clock: (R) clock1

                     Capture       Launch     
        Clock Edge:+    2000            0     
       Src Latency:+       0            0     
       Net Latency:+       0 (I)        0 (I) 
           Arrival:=    2000            0     
                                              
      Output Delay:-       1                  
       Uncertainty:-       0                  
     Required Time:=    1999                  
      Launch Clock:-       0                  
         Data Path:-    1999                  
             Slack:=       0                  

Exceptions/Constraints:
  output_delay              1              add_fp16.sdc_line_17_43_1   

Launch clock path:
#------------------------------------------------------------------------------------------------------
#         Timing Point          Flags   Arc   Edge   Cell     Fanout Load Trans Delay Arrival Instance 
#                                                                    (fF)  (ps)  (ps)   (ps)  Location 
#------------------------------------------------------------------------------------------------------
  clk                           (i)     -     R     (arrival)     39  0.0     1     0       0    (-,-) 
  clk                           -       -     -     (net)          -    -     -     -       -    (-,-) 
  clk                           -       -     -     (net)          -    -     -     -       -    (-,-) 
  smaller_mantissa_l_reg[2]/CLK <<<     -     R     dffrq_1x      39    -     1     0       0    (-,-) 
#------------------------------------------------------------------------------------------------------

#-------------------------------------------------------------------------------------------------------
#         Timing Point          Flags    Arc   Edge   Cell     Fanout Load Trans Delay Arrival Instance 
#                                                                     (fF)  (ps)  (ps)   (ps)  Location 
#-------------------------------------------------------------------------------------------------------
  smaller_mantissa_l_reg[2]/CLK -       -      R     (arrival)     39    -     1     0       0    (-,-) 
  smaller_mantissa_l_reg[2]/Q   -       CLK->Q R     dffrq_1x       4 14.5    82   204     204    (-,-) 
  smaller_mantissa_l[2]         -       -      -     (net)          -    -     -     -       -    (-,-) 
  g34739/X                      -       A->X   F     inv_1x         2  8.3    42    48     252    (-,-) 
  n_38                          -       -      -     (net)          -    -     -     -       -    (-,-) 
  g34710__2346/X                -       A->X   R     nand2_1x       1  4.7    51    43     295    (-,-) 
  n_57                          -       -      -     (net)          -    -     -     -       -    (-,-) 
  g34595__9945/X                -       C->X   F     oai21_2x       2  8.5    40    51     346    (-,-) 
  n_123                         -       -      -     (net)          -    -     -     -       -    (-,-) 
  g34566__4319/X                -       A->X   R     aoi21_2x       2  7.6    63    50     396    (-,-) 
  n_156                         -       -      -     (net)          -    -     -     -       -    (-,-) 
  g34554__9945/X                -       A->X   F     nand2_2x       2  8.2    36    40     436    (-,-) 
  n_190                         -       -      -     (net)          -    -     -     -       -    (-,-) 
  g34504__1617/X                -       A->X   R     nand2_2x       2  9.1    44    40     476    (-,-) 
  n_208                         -       -      -     (net)          -    -     -     -       -    (-,-) 
  g34450__1666/X                -       A->X   F     aoi21_2x       2  8.5    54    39     515    (-,-) 
  n_221                         -       -      -     (net)          -    -     -     -       -    (-,-) 
  g34364__1617/X                -       A->X   R     aoi21_2x       2 12.1    84    67     582    (-,-) 
  n_250                         -       -      -     (net)          -    -     -     -       -    (-,-) 
  g34267__4319/X                -       A->X   F     aoi21_2x       2 11.7    62    55     638    (-,-) 
  n_322                         -       -      -     (net)          -    -     -     -       -    (-,-) 
  g34225__1705/X                -       A->X   R     oai21_2x       2 11.4    90    68     705    (-,-) 
  n_374                         -       -      -     (net)          -    -     -     -       -    (-,-) 
  g34204__9945/X                -       A0->X  F     aoi22_2x       2  8.9    58    52     757    (-,-) 
  n_439                         -       -      -     (net)          -    -     -     -       -    (-,-) 
  g34168__4319/X                -       A->X   R     oai21_1x       3  9.9   114    93     850    (-,-) 
  n_485                         -       -      -     (net)          -    -     -     -       -    (-,-) 
  g34124__1666/X                -       A->X   R     oa21_1x        3 11.8    64    96     946    (-,-) 
  n_539                         -       -      -     (net)          -    -     -     -       -    (-,-) 
  g34087__6131/X                -       A->X   R     and2_1x        5 15.9    81    93    1039    (-,-) 
  n_747                         -       -      -     (net)          -    -     -     -       -    (-,-) 
  g34073/X                      -       A->X   F     inv_1x         4 12.9    51    60    1099    (-,-) 
  n_743                         -       -      -     (net)          -    -     -     -       -    (-,-) 
  g33991__1666/X                -       A->X   R     nand2_1x       7 23.0   171   124    1222    (-,-) 
  n_855                         -       -      -     (net)          -    -     -     -       -    (-,-) 
  g33952__3680/X                -       A->X   F     nand2_1x       1  3.2    60    50    1272    (-,-) 
  n_703                         -       -      -     (net)          -    -     -     -       -    (-,-) 
  g33899__5122/X                -       B->X   F     and3_1x        1  3.6    24    71    1343    (-,-) 
  n_787                         -       -      -     (net)          -    -     -     -       -    (-,-) 
  g33882__6417/X                -       A1->X  R     aoi22_1x       4 15.3   178   122    1465    (-,-) 
  n_850                         -       -      -     (net)          -    -     -     -       -    (-,-) 
  g33878__7482/X                -       A->X   R     and2_1x        2  8.6    52    91    1556    (-,-) 
  n_861                         -       -      -     (net)          -    -     -     -       -    (-,-) 
  g33869__6783/CO               -       A->CO  R     addh_1x        1  5.7    39    75    1631    (-,-) 
  n_862                         -       -      -     (net)          -    -     -     -       -    (-,-) 
  g33857__9945/CO               -       A->CO  R     addh_1x        1  5.7    38    71    1702    (-,-) 
  n_878                         -       -      -     (net)          -    -     -     -       -    (-,-) 
  g33846__6260/CO               -       A->CO  R     addh_1x        1  5.7    39    71    1773    (-,-) 
  n_931                         -       -      -     (net)          -    -     -     -       -    (-,-) 
  g33837__2883/CO               -       A->CO  R     addh_1x        2  9.6    55    84    1857    (-,-) 
  n_959                         -       -      -     (net)          -    -     -     -       -    (-,-) 
  g33830__2802/X                -       A->X   R     xor2_1x        1  3.3    69    89    1945    (-,-) 
  n_961                         -       -      -     (net)          -    -     -     -       -    (-,-) 
  g33816__8428/X                -       B->X   R     and2_1x        1  0.9    17    54    1999    (-,-) 
  fp_out[6]                     -       -      -     (net)          -    -     -     -       -    (-,-) 
  fp_out[6]                     <<<     -      R     (port)         -    -     -     0    1999    (-,-) 
#-------------------------------------------------------------------------------------------------------


