============================================================
  Generated by:           Genus(TM) Synthesis Solution 25.11-s095_1
  Generated on:           Jun 12 2026  01:49:24 am
  Module:                 sysarr_32_input_fp_adder
  Library domain:         timing_condition_tt_1p2v_25c
    Domain index:         0
    Technology library:   NangateOpenCellLibrary revision 1.0
  Operating conditions:   typical 
  Interconnect mode:      global
  Area mode:              physical library
============================================================

Timing
--------

Analysis view  Clock Period 
----------------------------
view_1p2_25   clock1 1053.0 


  Analysis    Cost   Critical           Violating 
    View     Group  Path Slack   TNS      Paths   
--------------------------------------------------
view_1p2_25  clock1      -26.1 -4961.7        434 
            default   No paths     0.0          0 
--------------------------------------------------
Total                          -4961.7        434 
                                                  

Instance Count
--------------
Leaf Instance Count             16694 
Physical Instance count             0 
Sequential Instance Count        1679 
Combinational Instance Count    15015 
Hierarchical Instance Count         0 

Area
----
Cell Area                          27243.454
Physical Cell Area                 0.000
Total Cell Area (Cell+Physical)    27243.454
Net Area                           21626.885
Total Area (Cell+Physical+Net)     48870.339

Power
-----
Leakage Power                      606281.250 nW
Dynamic Power                      62084204.220 nW
Total Power                        62690485.470 nW

Max Fanout                         1679 (clk)
Min Fanout                         0 (normalized_sum[6])
Average Fanout                     2.0
Terms to net ratio                 3.1755
Terms to instance ratio            3.4735
Runtime                            46.365663 seconds
Elapsed Runtime                    51 seconds
Genus peak memory usage            1739.90 
Innovus peak memory usage          no_value 
Hostname                           asicfab.ecn.purdue.edu
