============================================================
  Generated by:           Genus(TM) Synthesis Solution 25.11-s095_1
  Generated on:           May 25 2026  06:18:36 am
  Operating conditions:   typical 
  Interconnect mode:      global
  Area mode:              physical library
============================================================

                                 Leakage      Internal                          Library 
   Gate    Instances    Area    Power (nW)   Power (nW)          Library         Domain 
----------------------------------------------------------------------------------------
AND2_X1         1152  1225.728   30460.812   1652576.573 NangateOpenCellLibrary       0 
AND2_X2           82   109.060    4200.520    213544.938 NangateOpenCellLibrary       0 
AND2_X4           26    62.244    2688.133    142336.255 NangateOpenCellLibrary       0 
AND3_X1           57    75.810    1636.666     66284.373 NangateOpenCellLibrary       0 
AND3_X2           12    19.152     775.649     28479.603 NangateOpenCellLibrary       0 
AND3_X4            8    23.408     918.695     52319.782 NangateOpenCellLibrary       0 
AND4_X1           30    47.880     991.201     28146.234 NangateOpenCellLibrary       0 
AND4_X2            5     9.310     408.555     21408.510 NangateOpenCellLibrary       0 
AND4_X4            3    10.374     271.725      3908.992 NangateOpenCellLibrary       0 
AOI211_X1          7     9.310     245.816      8341.656 NangateOpenCellLibrary       0 
AOI211_X4          1     2.926     120.568      7578.461 NangateOpenCellLibrary       0 
AOI21_X1         684   727.776   17058.762    906245.982 NangateOpenCellLibrary       0 
AOI21_X2         214   398.468   11713.043    575434.232 NangateOpenCellLibrary       0 
AOI21_X4          42   145.236    4704.721    264565.917 NangateOpenCellLibrary       0 
AOI221_X1         46    73.416    1801.091     99277.312 NangateOpenCellLibrary       0 
AOI221_X4          1     3.458     105.548     14959.220 NangateOpenCellLibrary       0 
AOI222_X1          9    19.152     401.437     11922.446 NangateOpenCellLibrary       0 
AOI22_X1         324   430.920    9325.929    335286.674 NangateOpenCellLibrary       0 
AOI22_X2          20    47.880    1061.927     31932.175 NangateOpenCellLibrary       0 
AOI22_X4           2     9.044     238.254      9230.877 NangateOpenCellLibrary       0 
BUF_X1             9     7.182     194.348     10621.397 NangateOpenCellLibrary       0 
BUF_X2            24    25.536    1025.335     95814.036 NangateOpenCellLibrary       0 
BUF_X4             4     7.448     341.676     19459.748 NangateOpenCellLibrary       0 
CLKBUF_X1         14    11.172     153.139     10285.973 NangateOpenCellLibrary       0 
DFFR_X1         1900 10108.000  167481.020  18026535.591 NangateOpenCellLibrary       0 
DFFR_X2            1     5.852     130.350      6685.929 NangateOpenCellLibrary       0 
DFF_X1           149   673.778   11747.941   1642580.750 NangateOpenCellLibrary       0 
FA_X1             57   242.592    4269.006    408191.517 NangateOpenCellLibrary       0 
HA_X1             63   167.580    3767.516    263903.608 NangateOpenCellLibrary       0 
INV_X1          3749  1994.468   53707.139   2340171.805 NangateOpenCellLibrary       0 
INV_X16            3    13.566     677.528     47525.056 NangateOpenCellLibrary       0 
INV_X2           298   237.804    8472.321    377615.347 NangateOpenCellLibrary       0 
INV_X4            62    82.460    3528.847    136245.533 NangateOpenCellLibrary       0 
INV_X8            16    38.304    1802.935     81579.165 NangateOpenCellLibrary       0 
MUX2_X1          446   830.452   16095.563   1224227.336 NangateOpenCellLibrary       0 
MUX2_X2            9    21.546     645.283     53614.516 NangateOpenCellLibrary       0 
NAND2_X1        4594  3666.012   92737.013   3624100.777 NangateOpenCellLibrary       0 
NAND2_X2         566   752.780   27602.821    926880.360 NangateOpenCellLibrary       0 
NAND2_X4         161   385.434   16604.492    565941.749 NangateOpenCellLibrary       0 
NAND3_X1         248   263.872    6686.321    219710.562 NangateOpenCellLibrary       0 
NAND3_X2          43    80.066    2437.184    104954.154 NangateOpenCellLibrary       0 
NAND3_X4          13    44.954    1037.291     41061.193 NangateOpenCellLibrary       0 
NAND4_X1         106   140.980    2495.070     51767.652 NangateOpenCellLibrary       0 
NAND4_X2           2     4.788      71.185      2536.249 NangateOpenCellLibrary       0 
NAND4_X4           3    14.364     387.219     23148.687 NangateOpenCellLibrary       0 
NOR2_X1         2307  1840.986   49405.173   1905670.655 NangateOpenCellLibrary       0 
NOR2_X2          305   405.650   12818.405    467034.189 NangateOpenCellLibrary       0 
NOR2_X4          169   404.586   14080.332    639638.479 NangateOpenCellLibrary       0 
NOR3_X1           58    61.712    1606.728     41917.065 NangateOpenCellLibrary       0 
NOR3_X2            5     9.310     255.414     11313.027 NangateOpenCellLibrary       0 
NOR3_X4            3    11.172     318.515     16322.138 NangateOpenCellLibrary       0 
NOR4_X1           83   110.390    2810.363     25640.454 NangateOpenCellLibrary       0 
OAI211_X1         91   121.030    3501.140    131593.153 NangateOpenCellLibrary       0 
OAI211_X2         19    45.486    1868.044     81165.449 NangateOpenCellLibrary       0 
OAI21_X1        1181  1256.584   33468.006   1669369.837 NangateOpenCellLibrary       0 
OAI21_X2         162   301.644    9251.693    403500.835 NangateOpenCellLibrary       0 
OAI21_X4          42   145.236    4571.017    276507.785 NangateOpenCellLibrary       0 
OAI221_X1         53    84.588    2377.167     99415.648 NangateOpenCellLibrary       0 
OAI221_X2          5    14.630     489.500     19695.140 NangateOpenCellLibrary       0 
OAI222_X1         54   114.912    2869.426    126854.733 NangateOpenCellLibrary       0 
OAI222_X2          1     3.724     117.038      6230.461 NangateOpenCellLibrary       0 
OAI22_X1         488   649.040   20502.466    656378.237 NangateOpenCellLibrary       0 
OAI22_X2          10    23.940     735.044     22955.414 NangateOpenCellLibrary       0 
OAI22_X4           2     9.044     274.294     12523.178 NangateOpenCellLibrary       0 
OR2_X1           644   685.216   15108.940   1026084.897 NangateOpenCellLibrary       0 
OR2_X2            23    30.590    1060.518     72792.616 NangateOpenCellLibrary       0 
OR2_X4             4     9.576     387.583     23775.574 NangateOpenCellLibrary       0 
OR3_X1            42    55.860    1055.414     54805.354 NangateOpenCellLibrary       0 
OR3_X2             1     1.596      49.267      3739.356 NangateOpenCellLibrary       0 
OR3_X4             1     2.926     119.317     10940.090 NangateOpenCellLibrary       0 
OR4_X1            63   100.548    1737.198     20131.891 NangateOpenCellLibrary       0 
OR4_X2             1     1.862      71.823      5962.792 NangateOpenCellLibrary       0 
SDFFRS_X1          1     7.714     124.041     13384.990 NangateOpenCellLibrary       0 
SDFFR_X1          13    86.450    1389.197    173928.591 NangateOpenCellLibrary       0 
SDFFR_X2          15   103.740    2151.772    209570.469 NangateOpenCellLibrary       0 
XNOR2_X1         614   979.944   22568.291   1574258.828 NangateOpenCellLibrary       0 
XNOR2_X2         287   763.420   20978.224   1599026.159 NangateOpenCellLibrary       0 
XOR2_X1          606   967.176   21121.051   1807885.053 NangateOpenCellLibrary       0 
XOR2_X2           74   177.156    5141.630    448839.126 NangateOpenCellLibrary       0 
----------------------------------------------------------------------------------------
total          22692 32858.980  767611.624  48437790.566                                
                                            Leakage  Leakage   Internal   Internal 
     Type      Instances    Area   Area % Power (nW) Power %  Power (nW)   Power % 
-----------------------------------------------------------------------------------
sequential          2079 10985.534   33.4 183024.320    23.8 20072686.320     41.4 
inverter            4128  2366.602    7.2  68188.770     8.9  2983136.907      6.2 
buffer                51    51.338    0.2   1714.498     0.2   136181.154      0.3 
logic              16434 19455.506   59.2 514684.036    67.1 25245786.184     52.1 
physical_cells         0     0.000    0.0      0.000     0.0        0.000      0.0 
-----------------------------------------------------------------------------------
total              22692 32858.980  100.0 767611.624   100.0 48437790.566    100.0 
