============================================================
  Generated by:           Genus(TM) Synthesis Solution 25.11-s095_1
  Generated on:           May 24 2026  02:07:33 am
  Operating conditions:   typical 
  Interconnect mode:      global
  Area mode:              physical library
============================================================

                         Leakage   Internal          Library 
 Gate  Instances  Area Power (nW) Power (nW) Library  Domain 
-------------------------------------------------------------
-------------------------------------------------------------
total          0 0.000      0.000      0.000                 
                                        Leakage  Leakage   Internal   Internal 
     Type      Instances  Area Area % Power (nW) Power %  Power (nW)   Power % 
-------------------------------------------------------------------------------
sequential          2469 0.000    0.0 195328.284    36.3 10457290.269     41.1 
inverter               5 0.000    0.0     71.711     0.0     1000.365      0.0 
logic              28179 0.000    0.0 342087.552    63.6 15015649.717     58.9 
physical_cells         0 0.000    0.0      0.000     0.0        0.000      0.0 
-------------------------------------------------------------------------------
total              30653 0.000    0.0 537487.547   100.0 25473940.351    100.0 
