============================================================
  Generated by:           Genus(TM) Synthesis Solution 25.11-s095_1
  Generated on:           May 24 2026  02:07:13 am
  Module:                 sysarr_32_input_fp_adder
  Library domain:         timing_condition_tt_1p2v_25c
    Domain index:         0
    Technology library:   NangateOpenCellLibrary revision 1.0
  Operating conditions:   typical 
  Interconnect mode:      global
  Area mode:              physical library
============================================================

Timing
--------

Analysis view  Clock Period 
----------------------------
view_1p2_25   clock1 1000.0 


  Analysis    Cost   Critical            Violating 
    View     Group  Path Slack    TNS      Paths   
---------------------------------------------------
view_1p2_25  clock1      -94.3 -39091.6        757 
            default   No paths      0.0          0 
---------------------------------------------------
Total                          -39091.6        757 
                                                   

Instance Count
--------------
Leaf Instance Count             30653 
Physical Instance count             0 
Sequential Instance Count        2469 
Combinational Instance Count    28184 
Hierarchical Instance Count        33 

Area
----
Cell Area                          58699.544
Physical Cell Area                 0.000
Total Cell Area (Cell+Physical)    58699.544
Net Area                           25.916
Total Area (Cell+Physical+Net)     58725.460

Power
-----
Leakage Power                      537487.547 nW
Dynamic Power                      25476206.347 nW
Total Power                        26013693.894 nW

Max Fanout                         2469 (clk)
Min Fanout                         0 (aligner_inst_n_6209)
Average Fanout                     1.8
Terms to net ratio                 2.7688
Terms to instance ratio            3.4026
Runtime                            48.283845 seconds
Elapsed Runtime                    53 seconds
Genus peak memory usage            1783.15 
Innovus peak memory usage          no_value 
Hostname                           asicfab.ecn.purdue.edu
