============================================================
  Generated by:           Genus(TM) Synthesis Solution 25.11-s095_1
  Generated on:           Mar 11 2026  10:23:29 am
  Module:                 sysarr_n_input_fp_adder_noretime
  Library domain:         timing_condition_tt_1p2v_25c
    Domain index:         0
    Technology library:   NangateOpenCellLibrary revision 1.0
  Operating conditions:   typical 
  Interconnect mode:      global
  Area mode:              physical library
============================================================

Timing
--------

Analysis view  Clock Period 
----------------------------
view_1p2_25   clock1 1667.0 


  Analysis    Cost   Critical        Violating 
    View     Group  Path Slack  TNS    Paths   
-----------------------------------------------
view_1p2_25  clock1      211.6  0.0          0 
            default   No paths  0.0          0 
-----------------------------------------------
Total                          -0.0          0 
                                               

Instance Count
--------------
Leaf Instance Count             7329 
Physical Instance count            0 
Sequential Instance Count        139 
Combinational Instance Count    7190 
Hierarchical Instance Count        3 

Area
----
Cell Area                          12212.400
Physical Cell Area                 0.000
Total Cell Area (Cell+Physical)    12212.400
Net Area                           25.916
Total Area (Cell+Physical+Net)     12238.316

Power
-----
Leakage Power                      90402.086 nW
Dynamic Power                      3242351.006 nW
Total Power                        3332753.092 nW

Max Fanout                         139 (clk)
Min Fanout                         0 (n_1513)
Average Fanout                     1.9
Terms to net ratio                 2.9816
Terms to instance ratio            3.0906
Runtime                            42.934313 seconds
Elapsed Runtime                    50 seconds
Genus peak memory usage            1732.29 
Innovus peak memory usage          no_value 
Hostname                           asicfab.ecn.purdue.edu
