============================================================
  Generated by:           Genus(TM) Synthesis Solution 25.11-s095_1
  Generated on:           Mar 10 2026  10:03:01 pm
  Operating conditions:   typical 
  Interconnect mode:      global
  Area mode:              physical library
============================================================

                                Leakage    Internal                          Library 
   Gate    Instances   Area   Power (nW)  Power (nW)          Library         Domain 
-------------------------------------------------------------------------------------
AND2_X1           39   41.496    989.211    30185.149 NangateOpenCellLibrary       0 
AND2_X2            4    5.320    196.459     5956.600 NangateOpenCellLibrary       0 
AND2_X4            3    7.182    319.780    11052.150 NangateOpenCellLibrary       0 
AND3_X1           10   13.300    269.934     6559.295 NangateOpenCellLibrary       0 
AND4_X1           12   19.152    303.986     4888.985 NangateOpenCellLibrary       0 
AOI211_X1         19   25.270    653.402    28009.230 NangateOpenCellLibrary       0 
AOI21_X1         152  161.728   3943.627   180777.793 NangateOpenCellLibrary       0 
AOI21_X2           4    7.448    219.065     7024.233 NangateOpenCellLibrary       0 
AOI221_X1         35   55.860   1445.734    51557.173 NangateOpenCellLibrary       0 
AOI222_X1         58  123.424   2380.151    49202.814 NangateOpenCellLibrary       0 
AOI22_X1         129  171.570   3884.089   101811.712 NangateOpenCellLibrary       0 
AOI22_X2           1    2.394     72.050      725.464 NangateOpenCellLibrary       0 
BUF_X1            18   14.364    392.001    27976.925 NangateOpenCellLibrary       0 
BUF_X2             1    1.064     43.733     2259.093 NangateOpenCellLibrary       0 
BUF_X4             1    1.862     80.213     1917.634 NangateOpenCellLibrary       0 
CLKBUF_X1          6    4.788     67.943     5454.458 NangateOpenCellLibrary       0 
CLKBUF_X2         10   10.640    236.728    15531.426 NangateOpenCellLibrary       0 
DFFR_X1           63  335.160   5530.208   360018.947 NangateOpenCellLibrary       0 
DFF_X1            32  144.704   2523.367   199839.014 NangateOpenCellLibrary       0 
HA_X1              8   21.280    505.570    20657.350 NangateOpenCellLibrary       0 
INV_X1           397  211.204   5751.832   144214.952 NangateOpenCellLibrary       0 
INV_X16            1    4.522    229.651     3834.523 NangateOpenCellLibrary       0 
INV_X2            10    7.980    280.941     7483.114 NangateOpenCellLibrary       0 
INV_X4             3    3.990    175.945     4520.745 NangateOpenCellLibrary       0 
INV_X8             2    4.788    235.597     7464.228 NangateOpenCellLibrary       0 
MUX2_X1           29   53.998   1036.125    50575.970 NangateOpenCellLibrary       0 
NAND2_X1         252  201.096   4139.192    99932.875 NangateOpenCellLibrary       0 
NAND2_X2          19   25.270    729.431    11260.772 NangateOpenCellLibrary       0 
NAND2_X4           6   14.364    567.254     9464.225 NangateOpenCellLibrary       0 
NAND3_X1          29   30.856    652.426    17799.856 NangateOpenCellLibrary       0 
NAND3_X2           1    1.862     31.846      588.562 NangateOpenCellLibrary       0 
NAND4_X1          25   33.250    570.434    14103.216 NangateOpenCellLibrary       0 
NAND4_X4           1    4.788    247.323     4459.581 NangateOpenCellLibrary       0 
NOR2_X1          253  201.894   5250.700   162852.605 NangateOpenCellLibrary       0 
NOR2_X2            6    7.980    300.227     2254.984 NangateOpenCellLibrary       0 
NOR2_X4            7   16.758    735.146     3280.565 NangateOpenCellLibrary       0 
NOR3_X1           15   15.960    404.788    11546.494 NangateOpenCellLibrary       0 
NOR3_X2            2    3.724    122.690      187.123 NangateOpenCellLibrary       0 
NOR4_X1           34   45.220   1214.424    15273.212 NangateOpenCellLibrary       0 
OAI211_X1         29   38.570   1085.050    40567.942 NangateOpenCellLibrary       0 
OAI21_X1         130  138.320   4016.521   110797.027 NangateOpenCellLibrary       0 
OAI21_X2           9   16.758    545.367    15784.969 NangateOpenCellLibrary       0 
OAI21_X4           3   10.374    316.784     6243.304 NangateOpenCellLibrary       0 
OAI221_X1         57   90.972   2916.079    61529.304 NangateOpenCellLibrary       0 
OAI222_X1         40   85.120   2557.483    30110.610 NangateOpenCellLibrary       0 
OAI22_X1          72   95.760   2581.207    71127.728 NangateOpenCellLibrary       0 
OAI22_X2           7   16.758    572.334    11353.510 NangateOpenCellLibrary       0 
OAI22_X4           3   13.566    443.998    10604.168 NangateOpenCellLibrary       0 
OR2_X1            74   78.736   1725.765    83503.538 NangateOpenCellLibrary       0 
OR2_X2             5    6.650    248.502     5984.875 NangateOpenCellLibrary       0 
OR3_X1             4    5.320     97.521     2432.448 NangateOpenCellLibrary       0 
OR4_X1             8   12.768    226.660     2536.108 NangateOpenCellLibrary       0 
SDFFR_X1           5   33.250    545.493    31870.749 NangateOpenCellLibrary       0 
XNOR2_X1         112  178.752   4130.527   168380.681 NangateOpenCellLibrary       0 
XNOR2_X2          11   29.260    803.982    35867.340 NangateOpenCellLibrary       0 
XOR2_X1           61   97.356   2027.575   111507.838 NangateOpenCellLibrary       0 
XOR2_X2            2    4.788    139.143     7313.373 NangateOpenCellLibrary       0 
-------------------------------------------------------------------------------------
total           2329 3010.588  71713.218  2490018.556                                
                                           Leakage  Leakage   Internal  Internal 
     Type      Instances   Area   Area % Power (nW) Power %  Power (nW)  Power % 
---------------------------------------------------------------------------------
sequential           100  513.114   17.0   8599.068    12.0  591728.710     23.8 
inverter             413  232.484    7.7   6673.967     9.3  167517.562      6.7 
buffer                36   32.718    1.1    820.618     1.1   53139.536      2.1 
logic               1780 2232.272   74.1  55619.565    77.6 1677632.748     67.4 
physical_cells         0    0.000    0.0      0.000     0.0       0.000      0.0 
---------------------------------------------------------------------------------
total               2329 3010.588  100.0  71713.218   100.0 2490018.556    100.0 
