============================================================
  Generated by:           Genus(TM) Synthesis Solution 25.11-s095_1
  Generated on:           Mar 10 2026  09:13:45 pm
  Operating conditions:   typical 
  Interconnect mode:      global
  Area mode:              physical library
============================================================

                               Leakage    Internal                         Library 
   Gate    Instances   Area  Power (nW)  Power (nW)         Library         Domain 
-----------------------------------------------------------------------------------
AND2_X1           20  21.280    503.588   19366.753 NangateOpenCellLibrary       0 
AND2_X2            3   3.990    160.352    8041.450 NangateOpenCellLibrary       0 
AND2_X4            1   2.394    102.099    3933.457 NangateOpenCellLibrary       0 
AND3_X1            3   3.990     81.621    3278.403 NangateOpenCellLibrary       0 
AND3_X2            1   1.596     55.533    1699.916 NangateOpenCellLibrary       0 
AND4_X1            6   9.576    162.323    2090.883 NangateOpenCellLibrary       0 
AOI211_X1          5   6.650    177.339    3461.905 NangateOpenCellLibrary       0 
AOI21_X1          33  35.112    855.191   43047.474 NangateOpenCellLibrary       0 
AOI21_X2           5   9.310    281.347   15734.390 NangateOpenCellLibrary       0 
AOI221_X1          1   1.596     37.893    2706.050 NangateOpenCellLibrary       0 
AOI222_X1          1   2.128     45.103    1626.912 NangateOpenCellLibrary       0 
AOI22_X1          24  31.920    663.817   24183.673 NangateOpenCellLibrary       0 
DFFR_X1           12  63.840   1059.002   70107.844 NangateOpenCellLibrary       0 
HA_X1              3   7.980    184.044   12099.898 NangateOpenCellLibrary       0 
INV_X1           131  69.692   1896.734   66719.376 NangateOpenCellLibrary       0 
INV_X2             5   3.990    146.271    3751.280 NangateOpenCellLibrary       0 
INV_X4             1   1.330     61.453    2093.002 NangateOpenCellLibrary       0 
MUX2_X1           26  48.412    947.552   38206.695 NangateOpenCellLibrary       0 
NAND2_X1         116  92.568   2087.474   66429.845 NangateOpenCellLibrary       0 
NAND2_X2          15  19.950    556.778   15029.767 NangateOpenCellLibrary       0 
NAND3_X1          17  18.088    407.114   11822.039 NangateOpenCellLibrary       0 
NAND3_X2           1   1.862      5.088      62.517 NangateOpenCellLibrary       0 
NAND3_X4           1   3.458    102.978    4457.435 NangateOpenCellLibrary       0 
NAND4_X1           7   9.310    138.538    3581.517 NangateOpenCellLibrary       0 
NAND4_X4           1   4.788     82.200    3706.142 NangateOpenCellLibrary       0 
NOR2_X1           50  39.900   1041.840   36028.948 NangateOpenCellLibrary       0 
NOR2_X2            8  10.640    347.497   11194.289 NangateOpenCellLibrary       0 
NOR3_X1           12  12.768    351.895    5463.167 NangateOpenCellLibrary       0 
NOR4_X1            6   7.980    209.833    1363.411 NangateOpenCellLibrary       0 
OAI211_X1         14  18.620    509.243   22092.629 NangateOpenCellLibrary       0 
OAI21_X1          34  36.176   1045.675   41709.094 NangateOpenCellLibrary       0 
OAI21_X2           5   9.310    307.955   11322.942 NangateOpenCellLibrary       0 
OAI221_X1          8  12.768    360.830   16575.602 NangateOpenCellLibrary       0 
OAI222_X1          5  10.640    281.882    8522.006 NangateOpenCellLibrary       0 
OAI22_X1          30  39.900   1186.559   31601.856 NangateOpenCellLibrary       0 
OAI22_X2           4   9.576    319.644   11292.697 NangateOpenCellLibrary       0 
OAI33_X1           1   1.862     67.122     102.159 NangateOpenCellLibrary       0 
OR2_X1            12  12.768    276.354   14939.751 NangateOpenCellLibrary       0 
OR3_X1             2   2.660     47.877    2899.334 NangateOpenCellLibrary       0 
OR4_X1             2   3.192     55.089     523.578 NangateOpenCellLibrary       0 
SDFFR_X1          21 139.650   2277.796  142260.007 NangateOpenCellLibrary       0 
XNOR2_X1           8  12.768    284.575   18348.956 NangateOpenCellLibrary       0 
XNOR2_X2           6  15.960    456.853   20445.786 NangateOpenCellLibrary       0 
XOR2_X1            3   4.788    108.604    5746.247 NangateOpenCellLibrary       0 
-----------------------------------------------------------------------------------
total            670 876.736  20338.553  829671.084                                
                                          Leakage  Leakage  Internal  Internal 
     Type      Instances   Area  Area % Power (nW) Power % Power (nW)  Power % 
-------------------------------------------------------------------------------
sequential            33 203.490   23.2   3336.799    16.4 212367.851     25.6 
inverter             137  75.012    8.6   2104.458    10.3  72563.658      8.7 
logic                500 598.234   68.2  14897.297    73.2 544739.575     65.7 
physical_cells         0   0.000    0.0      0.000     0.0      0.000      0.0 
-------------------------------------------------------------------------------
total                670 876.736  100.0  20338.553   100.0 829671.084    100.0 
