============================================================
  Generated by:           Genus(TM) Synthesis Solution 25.11-s095_1
  Generated on:           Mar 10 2026  09:13:41 pm
  Module:                 add_bf16_1C
  Operating conditions:   typical 
  Interconnect mode:      global
  Area mode:              physical library
============================================================


Path 1: MET (0 ps) Late External Delay Assertion at pin bf_out[10]
           View: view_1p2_25
          Group: clock1
     Startpoint: (R) bf2_in_reg[13]/CK
          Clock: (R) clock1
       Endpoint: (F) bf_out[10]
          Clock: (R) clock1

                     Capture       Launch     
        Clock Edge:+    1163            0     
       Src Latency:+       0            0     
       Net Latency:+       0 (I)        0 (I) 
           Arrival:=    1163            0     
                                              
      Output Delay:-       1                  
       Uncertainty:-       0                  
     Required Time:=    1162                  
      Launch Clock:-       0                  
         Data Path:-    1162                  
             Slack:=       0                  

Exceptions/Constraints:
  output_delay              1              add_bf16_1C.sdc_line_21_38_1   

Launch clock path:
#------------------------------------------------------------------------------------------
#   Timing Point    Flags   Arc   Edge   Cell     Fanout Load Trans Delay Arrival Instance 
#                                                        (fF)  (ps)  (ps)   (ps)  Location 
#------------------------------------------------------------------------------------------
  clk               (i)     -     R     (arrival)     33  0.0     0     0       0    (-,-) 
  clk               -       -     -     (net)          -    -     -     -       -    (-,-) 
  clk               -       -     -     (net)          -    -     -     -       -    (-,-) 
  bf2_in_reg[13]/CK <<<     -     R     DFFR_X1       33    -     1     0       0    (-,-) 
#------------------------------------------------------------------------------------------

#-------------------------------------------------------------------------------------------
#   Timing Point    Flags    Arc   Edge   Cell     Fanout Load Trans Delay Arrival Instance 
#                                                         (fF)  (ps)  (ps)   (ps)  Location 
#-------------------------------------------------------------------------------------------
  bf2_in_reg[13]/CK -       -      R     (arrival)     33    -     1     0       0    (-,-) 
  bf2_in_reg[13]/Q  -       CK->Q  R     DFFR_X1        4  5.8    18   110     110    (-,-) 
  n_72              -       -      -     (net)          -    -     -     -       -    (-,-) 
  g40544__7098/ZN   -       A1->ZN F     NAND2_X1       1  1.8     9    16     125    (-,-) 
  n_24              -       -      -     (net)          -    -     -     -       -    (-,-) 
  g40514__2398/ZN   -       A2->ZN R     NAND2_X1       2  3.9    14    22     147    (-,-) 
  n_90              -       -      -     (net)          -    -     -     -       -    (-,-) 
  g40459/ZN         -       A->ZN  F     INV_X1         4  6.9    10    17     164    (-,-) 
  n_91              -       -      -     (net)          -    -     -     -       -    (-,-) 
  g40390__1617/ZN   -       A2->ZN F     AND3_X2        2  6.5     8    35     199    (-,-) 
  n_139             -       -      -     (net)          -    -     -     -       -    (-,-) 
  g40375__9945/ZN   -       A1->ZN R     NAND2_X2       1  7.2    14    19     218    (-,-) 
  n_140             -       -      -     (net)          -    -     -     -       -    (-,-) 
  g40337__5526/ZN   -       A2->ZN F     NAND3_X4       9 20.8    20    32     250    (-,-) 
  n_206             -       -      -     (net)          -    -     -     -       -    (-,-) 
  g40315__1666/ZN   -       A1->ZN R     NAND2_X1       2  3.9    16    25     276    (-,-) 
  n_207             -       -      -     (net)          -    -     -     -       -    (-,-) 
  g40312/ZN         -       A->ZN  F     INV_X1         6 10.2    13    22     297    (-,-) 
  n_238             -       -      -     (net)          -    -     -     -       -    (-,-) 
  g40293__8428/ZN   -       A1->ZN R     AOI22_X1       6 10.6    66    78     375    (-,-) 
  n_379             -       -      -     (net)          -    -     -     -       -    (-,-) 
  g40289/ZN         -       A->ZN  F     INV_X1         2  6.4    20    24     399    (-,-) 
  n_326             -       -      -     (net)          -    -     -     -       -    (-,-) 
  g40209__6161/ZN   -       B2->ZN R     AOI22_X1       1  2.0    26    52     452    (-,-) 
  n_327             -       -      -     (net)          -    -     -     -       -    (-,-) 
  g40169__1617/ZN   -       A->ZN  F     OAI21_X1       2  3.4    17    27     478    (-,-) 
  n_359             -       -      -     (net)          -    -     -     -       -    (-,-) 
  g40164__2883/ZN   -       A1->ZN R     NOR2_X1        2  3.9    26    38     516    (-,-) 
  n_369             -       -      -     (net)          -    -     -     -       -    (-,-) 
  g40163/ZN         -       A->ZN  F     INV_X1         1  1.8     8    10     526    (-,-) 
  n_370             -       -      -     (net)          -    -     -     -       -    (-,-) 
  g40146__1705/ZN   -       A->ZN  R     OAI211_X1      1  3.6    29    25     551    (-,-) 
  n_383             -       -      -     (net)          -    -     -     -       -    (-,-) 
  g40139__8428/ZN   -       A2->ZN F     NAND3_X2       8 13.6    25    42     594    (-,-) 
  n_432             -       -      -     (net)          -    -     -     -       -    (-,-) 
  g40133__7410/ZN   -       A1->ZN F     AND2_X2        7 13.0    11    43     636    (-,-) 
  n_413             -       -      -     (net)          -    -     -     -       -    (-,-) 
  g40119__7098/ZN   -       A1->ZN R     AOI22_X1       1  2.0    26    33     670    (-,-) 
  n_412             -       -      -     (net)          -    -     -     -       -    (-,-) 
  g40104__2398/ZN   -       A1->ZN F     OAI22_X1       1  3.2    18    25     695    (-,-) 
  n_434             -       -      -     (net)          -    -     -     -       -    (-,-) 
  g40098__9315/ZN   -       A->ZN  R     AOI21_X2       7 12.6    43    66     761    (-,-) 
  n_615             -       -      -     (net)          -    -     -     -       -    (-,-) 
  g40094/ZN         -       A->ZN  F     INV_X1         5  8.5    18    27     788    (-,-) 
  n_479             -       -      -     (net)          -    -     -     -       -    (-,-) 
  g40079__1617/ZN   -       B2->ZN R     OAI21_X1       1  1.9    23    36     824    (-,-) 
  n_461             -       -      -     (net)          -    -     -     -       -    (-,-) 
  g40063__2883/ZN   -       B1->ZN F     AOI21_X1       1  1.8    11    18     842    (-,-) 
  n_472             -       -      -     (net)          -    -     -     -       -    (-,-) 
  g40044__1705/ZN   -       B1->ZN R     OAI21_X1       1  2.0    21    29     871    (-,-) 
  n_486             -       -      -     (net)          -    -     -     -       -    (-,-) 
  g40038__7410/ZN   -       A2->ZN F     NAND2_X1       5  8.5    20    32     902    (-,-) 
  n_548             -       -      -     (net)          -    -     -     -       -    (-,-) 
  g39988__4319/ZN   -       B2->ZN R     OAI21_X1       1  1.9    20    37     939    (-,-) 
  n_528             -       -      -     (net)          -    -     -     -       -    (-,-) 
  g39978__4733/ZN   -       A->ZN  F     AOI21_X1       1  2.4    11    17     956    (-,-) 
  n_549             -       -      -     (net)          -    -     -     -       -    (-,-) 
  g39945__6260/ZN   -       A->ZN  R     XNOR2_X1       3  5.6    37    48    1004    (-,-) 
  n_669             -       -      -     (net)          -    -     -     -       -    (-,-) 
  g39939/ZN         -       A->ZN  F     INV_X1         2  3.4    12    15    1018    (-,-) 
  n_671             -       -      -     (net)          -    -     -     -       -    (-,-) 
  g39875__2883/ZN   -       B2->ZN R     AOI21_X1       2  4.4    34    46    1064    (-,-) 
  n_676             -       -      -     (net)          -    -     -     -       -    (-,-) 
  g39872/ZN         -       A->ZN  F     INV_X1         1  1.8     9    10    1074    (-,-) 
  n_677             -       -      -     (net)          -    -     -     -       -    (-,-) 
  g39869__5115/ZN   -       A1->ZN R     NAND2_X1       2  5.3    18    23    1098    (-,-) 
  n_687             -       -      -     (net)          -    -     -     -       -    (-,-) 
  g39867/ZN         -       A->ZN  F     INV_X1         1  1.7     6     9    1107    (-,-) 
  n_688             -       -      -     (net)          -    -     -     -       -    (-,-) 
  g39860__3680/ZN   -       B1->ZN R     OAI22_X1       1  1.9    30    38    1144    (-,-) 
  n_698             -       -      -     (net)          -    -     -     -       -    (-,-) 
  g39857__6260/ZN   -       A1->ZN F     NAND3_X1       1  0.3    11    18    1162    (-,-) 
  bf_out[10]        -       -      -     (net)          -    -     -     -       -    (-,-) 
  bf_out[10]        <<<     -      F     (port)         -    -     -     0    1162    (-,-) 
#-------------------------------------------------------------------------------------------


