============================================================
  Generated by:           Genus(TM) Synthesis Solution 25.11-s095_1
  Generated on:           Mar 10 2026  01:48:01 pm
  Module:                 mul_bf
  Library domain:         timing_condition_tt_1p2v_25c
    Domain index:         0
    Technology library:   NangateOpenCellLibrary revision 1.0
  Operating conditions:   typical 
  Interconnect mode:      global
  Area mode:              physical library
============================================================

Timing
--------

Analysis view  Clock Period 
----------------------------
view_1p2_25   clock1 1205.0 


  Analysis    Cost   Critical        Violating 
    View     Group  Path Slack  TNS    Paths   
-----------------------------------------------
view_1p2_25  clock1      196.7  0.0          0 
            default   No paths  0.0          0 
-----------------------------------------------
Total                          -0.0          0 
                                               

Instance Count
--------------
Leaf Instance Count             833 
Physical Instance count           0 
Sequential Instance Count        25 
Combinational Instance Count    808 
Hierarchical Instance Count       0 

Area
----
Cell Area                          1425.922
Physical Cell Area                 0.000
Total Cell Area (Cell+Physical)    1425.922
Net Area                           21.867
Total Area (Cell+Physical+Net)     1447.789

Power
-----
Leakage Power                      11738.030 nW
Dynamic Power                      304946.721 nW
Total Power                        316684.751 nW

Max Fanout                         25 (clk)
Min Fanout                         0 (nRST)
Average Fanout                     1.9
Terms to net ratio                 2.9932
Terms to instance ratio            3.1477
Runtime                            43.989518 seconds
Elapsed Runtime                    49 seconds
Genus peak memory usage            1720.15 
Innovus peak memory usage          no_value 
Hostname                           asicfab.ecn.purdue.edu
