============================================================
  Generated by:           Genus(TM) Synthesis Solution 25.11-s095_1
  Generated on:           Mar 05 2026  06:52:33 pm
  Operating conditions:   typical 
  Interconnect mode:      global
  Area mode:              physical library
============================================================

                               Leakage    Internal                         Library 
   Gate    Instances   Area  Power (nW)  Power (nW)         Library         Domain 
-----------------------------------------------------------------------------------
AND2_X1           23  24.472    580.042   22538.695 NangateOpenCellLibrary       0 
AND3_X1            2   2.660     52.963     500.211 NangateOpenCellLibrary       0 
AND4_X1            1   1.596     29.084     678.292 NangateOpenCellLibrary       0 
AOI211_X1         12  15.960    430.532   11241.071 NangateOpenCellLibrary       0 
AOI21_X1          31  32.984    872.052   27947.998 NangateOpenCellLibrary       0 
AOI221_X1          5   7.980    192.772    6538.556 NangateOpenCellLibrary       0 
AOI222_X1          6  12.768    263.145    8958.744 NangateOpenCellLibrary       0 
AOI22_X1          40  53.200   1192.715   32394.251 NangateOpenCellLibrary       0 
DFFR_X1           31 164.920   2727.268  172886.953 NangateOpenCellLibrary       0 
FA_X1              1   4.256     77.711    2043.256 NangateOpenCellLibrary       0 
HA_X1              9  23.940    553.788   21271.297 NangateOpenCellLibrary       0 
INV_X1           103  54.796   1498.264   38867.330 NangateOpenCellLibrary       0 
MUX2_X1           25  46.550    907.534   33939.169 NangateOpenCellLibrary       0 
NAND2_X1          98  78.204   1852.914   39877.769 NangateOpenCellLibrary       0 
NAND3_X1           8   8.512    221.778    4691.708 NangateOpenCellLibrary       0 
NAND4_X1           1   1.330     17.753     158.390 NangateOpenCellLibrary       0 
NOR2_X1           55  43.890   1158.040   28196.736 NangateOpenCellLibrary       0 
NOR3_X1           10  10.640    293.842    3326.786 NangateOpenCellLibrary       0 
NOR4_X1            2   2.660     85.143       9.183 NangateOpenCellLibrary       0 
OAI211_X1          3   3.990    119.780    4394.785 NangateOpenCellLibrary       0 
OAI21_X1          41  43.624   1213.369   39676.043 NangateOpenCellLibrary       0 
OAI221_X1         23  36.708   1155.912   24517.592 NangateOpenCellLibrary       0 
OAI222_X1          9  19.152    478.919   11572.766 NangateOpenCellLibrary       0 
OAI22_X1          15  19.950    529.673   15656.926 NangateOpenCellLibrary       0 
OR2_X1            18  19.152    408.623   14930.201 NangateOpenCellLibrary       0 
OR3_X1             4   5.320    100.387    1713.108 NangateOpenCellLibrary       0 
OR4_X1             4   6.384    106.934     748.157 NangateOpenCellLibrary       0 
SDFFR_X1           8  53.200    861.921   46300.134 NangateOpenCellLibrary       0 
XNOR2_X1          17  27.132    631.638   22065.258 NangateOpenCellLibrary       0 
XOR2_X1           13  20.748    463.036   19398.614 NangateOpenCellLibrary       0 
XOR2_X2            1   2.394     71.516    3883.942 NangateOpenCellLibrary       0 
-----------------------------------------------------------------------------------
total            619 849.072  19149.048  660923.922                                
                                          Leakage  Leakage  Internal  Internal 
     Type      Instances   Area  Area % Power (nW) Power % Power (nW)  Power % 
-------------------------------------------------------------------------------
sequential            39 218.120   25.7   3589.189    18.7 219187.087     33.2 
inverter             103  54.796    6.5   1498.264     7.8  38867.330      5.9 
logic                477 576.156   67.9  14061.595    73.4 402869.505     61.0 
physical_cells         0   0.000    0.0      0.000     0.0      0.000      0.0 
-------------------------------------------------------------------------------
total                619 849.072  100.0  19149.048   100.0 660923.922    100.0 
