============================================================
  Generated by:           Genus(TM) Synthesis Solution 25.11-s095_1
  Generated on:           May 27 2026  01:12:50 am
  Operating conditions:   typical 
  Interconnect mode:      global
  Area mode:              physical library
============================================================

                                 Leakage      Internal                          Library 
   Gate    Instances    Area    Power (nW)   Power (nW)          Library         Domain 
----------------------------------------------------------------------------------------
AND2_X1          688   732.032   17681.325    754122.164 NangateOpenCellLibrary       0 
AND2_X2           59    78.470    3013.003    191366.630 NangateOpenCellLibrary       0 
AND2_X4           40    95.760    4111.735    231655.314 NangateOpenCellLibrary       0 
AND3_X1           65    86.450    1875.644     88164.507 NangateOpenCellLibrary       0 
AND3_X2           25    39.900    1595.482     82446.652 NangateOpenCellLibrary       0 
AND3_X4           15    43.890    1862.177     69779.855 NangateOpenCellLibrary       0 
AND4_X1           32    51.072     928.085     29073.545 NangateOpenCellLibrary       0 
AND4_X2            6    11.172     384.740      9801.194 NangateOpenCellLibrary       0 
AND4_X4            3    10.374     337.731      9719.033 NangateOpenCellLibrary       0 
AOI211_X1          9    11.970     285.462      8937.231 NangateOpenCellLibrary       0 
AOI211_X2          1     2.394      83.571      2021.197 NangateOpenCellLibrary       0 
AOI211_X4          2     5.852     220.609     27291.141 NangateOpenCellLibrary       0 
AOI21_X1         679   722.456   17839.601    797447.339 NangateOpenCellLibrary       0 
AOI21_X2         110   204.820    5849.525    350904.477 NangateOpenCellLibrary       0 
AOI21_X4          33   114.114    3421.243    221481.755 NangateOpenCellLibrary       0 
AOI221_X1         53    84.588    1954.100    124884.126 NangateOpenCellLibrary       0 
AOI221_X2          4    11.704     333.633     18092.374 NangateOpenCellLibrary       0 
AOI222_X1          3     6.384     123.168       483.039 NangateOpenCellLibrary       0 
AOI22_X1         326   433.580    8867.514    365651.540 NangateOpenCellLibrary       0 
AOI22_X2          20    47.880     979.224     42889.570 NangateOpenCellLibrary       0 
BUF_X1            10     7.980     215.679     20074.129 NangateOpenCellLibrary       0 
BUF_X2            16    17.024     692.569     60754.119 NangateOpenCellLibrary       0 
BUF_X4             6    11.172     502.900     38214.950 NangateOpenCellLibrary       0 
BUF_X8             4    13.832     679.946     69240.628 NangateOpenCellLibrary       0 
CLKBUF_X1         42    33.516     470.749     50924.889 NangateOpenCellLibrary       0 
CLKBUF_X2          2     2.128      46.207      7844.496 NangateOpenCellLibrary       0 
DFFR_X1         1593  8474.760  140440.128  14908660.005 NangateOpenCellLibrary       0 
DFFR_X2           36   210.672    4686.032    280356.731 NangateOpenCellLibrary       0 
DFF_X1           160   723.520   12619.450   1721107.096 NangateOpenCellLibrary       0 
DFF_X2             1     5.054     115.006     14313.633 NangateOpenCellLibrary       0 
FA_X1            675  2872.800   45440.616   4137023.175 NangateOpenCellLibrary       0 
HA_X1             82   218.120    4882.033    335125.071 NangateOpenCellLibrary       0 
INV_X1          2797  1488.004   40098.760   1702131.292 NangateOpenCellLibrary       0 
INV_X16            4    18.088     937.337     46295.106 NangateOpenCellLibrary       0 
INV_X2           240   191.520    6752.923    311254.030 NangateOpenCellLibrary       0 
INV_X4           111   147.630    6363.713    260500.982 NangateOpenCellLibrary       0 
INV_X8            30    71.820    3483.067    133270.790 NangateOpenCellLibrary       0 
MUX2_X1          379   705.698   13576.527   1072540.475 NangateOpenCellLibrary       0 
MUX2_X2           12    28.728     842.204     76018.046 NangateOpenCellLibrary       0 
NAND2_X1        2984  2381.232   59164.343   2348711.204 NangateOpenCellLibrary       0 
NAND2_X2         492   654.360   20295.271    902522.658 NangateOpenCellLibrary       0 
NAND2_X4         265   634.410   27310.132    975071.870 NangateOpenCellLibrary       0 
NAND3_X1         329   350.056    8169.813    311205.131 NangateOpenCellLibrary       0 
NAND3_X2          68   126.616    3831.755    143890.609 NangateOpenCellLibrary       0 
NAND3_X4          12    41.496    1886.528     33966.043 NangateOpenCellLibrary       0 
NAND4_X1         120   159.600    2653.250     61340.121 NangateOpenCellLibrary       0 
NAND4_X2           5    11.970     202.241     10549.856 NangateOpenCellLibrary       0 
NAND4_X4           6    28.728     439.162     23360.010 NangateOpenCellLibrary       0 
NOR2_X1         1864  1487.472   40850.153   1217354.449 NangateOpenCellLibrary       0 
NOR2_X2          190   252.700    8066.944    307995.067 NangateOpenCellLibrary       0 
NOR2_X4          194   464.436   15770.744    753328.603 NangateOpenCellLibrary       0 
NOR3_X1           65    69.160    1777.065     44237.426 NangateOpenCellLibrary       0 
NOR3_X2            8    14.896     432.633     16452.503 NangateOpenCellLibrary       0 
NOR3_X4            1     3.724     105.573      8143.268 NangateOpenCellLibrary       0 
NOR4_X1           99   131.670    3353.298     31941.707 NangateOpenCellLibrary       0 
NOR4_X2            2     4.788     130.779      6601.268 NangateOpenCellLibrary       0 
OAI211_X1        129   171.570    4273.137    154347.612 NangateOpenCellLibrary       0 
OAI211_X2          7    16.758     414.425     30479.006 NangateOpenCellLibrary       0 
OAI211_X4          2     9.044     376.963     17039.821 NangateOpenCellLibrary       0 
OAI21_X1         922   981.008   27566.598   1115581.417 NangateOpenCellLibrary       0 
OAI21_X2         111   206.682    6274.953    309528.127 NangateOpenCellLibrary       0 
OAI21_X4          35   121.030    3718.699    206998.048 NangateOpenCellLibrary       0 
OAI221_X1         40    63.840    1937.510     63111.686 NangateOpenCellLibrary       0 
OAI221_X2          2     5.852     209.237     10300.486 NangateOpenCellLibrary       0 
OAI222_X1         62   131.936    3115.132    158148.636 NangateOpenCellLibrary       0 
OAI222_X4          2     7.448     261.454     12363.787 NangateOpenCellLibrary       0 
OAI22_X1         479   637.070   20528.776    625897.848 NangateOpenCellLibrary       0 
OAI22_X2          19    45.486    1496.063     60454.968 NangateOpenCellLibrary       0 
OAI22_X4           1     4.522      98.658      6890.275 NangateOpenCellLibrary       0 
OAI33_X1           2     3.724     101.465      5793.358 NangateOpenCellLibrary       0 
OR2_X1           505   537.320   11713.678    811420.964 NangateOpenCellLibrary       0 
OR2_X2            33    43.890    1554.060    106452.594 NangateOpenCellLibrary       0 
OR2_X4             6    14.364     555.427     37725.971 NangateOpenCellLibrary       0 
OR3_X1            37    49.210     946.209     32460.442 NangateOpenCellLibrary       0 
OR4_X1            63   100.548    1751.102     28095.911 NangateOpenCellLibrary       0 
OR4_X2             1     1.862      70.322      6492.936 NangateOpenCellLibrary       0 
SDFFR_X1          25   166.250    2669.853    308254.889 NangateOpenCellLibrary       0 
SDFF_X1            1     6.118      98.887     10555.485 NangateOpenCellLibrary       0 
XNOR2_X1         488   778.848   18458.802    994384.821 NangateOpenCellLibrary       0 
XNOR2_X2          69   183.540    5009.788    373234.069 NangateOpenCellLibrary       0 
XOR2_X1          160   255.360    5602.774    439738.585 NangateOpenCellLibrary       0 
----------------------------------------------------------------------------------------
total          18278 29397.522  667837.074  41794285.865                                
                                            Leakage  Leakage   Internal   Internal 
     Type      Instances    Area   Area % Power (nW) Power %  Power (nW)   Power % 
-----------------------------------------------------------------------------------
sequential          1816  9586.374   32.6 160629.356    24.1 17243247.839     41.3 
inverter            3182  1917.062    6.5  57635.801     8.6  2453452.200      5.9 
buffer                80    85.652    0.3   2608.050     0.4   247053.211      0.6 
logic              13200 17808.434   60.6 446963.867    66.9 21850532.616     52.3 
physical_cells         0     0.000    0.0      0.000     0.0        0.000      0.0 
-----------------------------------------------------------------------------------
total              18278 29397.522  100.0 667837.074   100.0 41794285.865    100.0 
