============================================================
  Generated by:           Genus(TM) Synthesis Solution 25.11-s095_1
  Generated on:           Jun 13 2026  07:13:56 am
  Operating conditions:   typical 
  Interconnect mode:      global
  Area mode:              physical library
============================================================

                                 Leakage      Internal                          Library 
   Gate    Instances    Area    Power (nW)   Power (nW)          Library         Domain 
----------------------------------------------------------------------------------------
AND2_X1          592   629.888   14879.312    496344.360 NangateOpenCellLibrary       0 
AND2_X2           30    39.900    1589.318     82562.575 NangateOpenCellLibrary       0 
AND2_X4            6    14.364     656.884     40193.561 NangateOpenCellLibrary       0 
AND3_X1           37    49.210    1124.463     37806.023 NangateOpenCellLibrary       0 
AND3_X2            7    11.172     354.685     13622.821 NangateOpenCellLibrary       0 
AND4_X1           17    27.132     554.066     16683.953 NangateOpenCellLibrary       0 
AND4_X2            4     7.448     207.710      4462.949 NangateOpenCellLibrary       0 
AND4_X4            1     3.458      83.716         0.000 NangateOpenCellLibrary       0 
AOI211_X1         14    18.620     456.183     17046.820 NangateOpenCellLibrary       0 
AOI21_X1         432   459.648   12357.476    437818.688 NangateOpenCellLibrary       0 
AOI21_X2          43    80.066    2805.787     90075.149 NangateOpenCellLibrary       0 
AOI21_X4           7    24.206     995.463     28390.609 NangateOpenCellLibrary       0 
AOI221_X1        121   193.116    4616.989    218811.517 NangateOpenCellLibrary       0 
AOI221_X4          1     3.458     104.179     11977.346 NangateOpenCellLibrary       0 
AOI222_X1         34    72.352    1680.681     67658.380 NangateOpenCellLibrary       0 
AOI22_X1         291   387.030    8671.384    300647.578 NangateOpenCellLibrary       0 
AOI22_X2           7    16.758     578.481     17326.759 NangateOpenCellLibrary       0 
BUF_X1             2     1.596      41.920      2931.513 NangateOpenCellLibrary       0 
BUF_X2             1     1.064      46.246      1240.821 NangateOpenCellLibrary       0 
BUF_X4             3     5.586     247.749     14079.997 NangateOpenCellLibrary       0 
CLKBUF_X1          6     4.788      67.700      2064.497 NangateOpenCellLibrary       0 
DFFRS_X1           3    19.152     316.334     41338.301 NangateOpenCellLibrary       0 
DFFR_X1         1505  8006.600  132097.499  11928567.233 NangateOpenCellLibrary       0 
DFF_X1           148   669.256   11665.422   1273674.371 NangateOpenCellLibrary       0 
FA_X1            783  3332.448   46361.318   3132322.289 NangateOpenCellLibrary       0 
HA_X1             75   199.500    4835.203    192304.045 NangateOpenCellLibrary       0 
INV_X1          1882  1001.224   27029.301    847894.526 NangateOpenCellLibrary       0 
INV_X2            73    58.254    2055.987     80730.642 NangateOpenCellLibrary       0 
INV_X4            16    21.280     906.526     43240.107 NangateOpenCellLibrary       0 
INV_X8            12    28.728    1407.685     62698.069 NangateOpenCellLibrary       0 
MUX2_X1          674  1254.988   24386.744   1521677.630 NangateOpenCellLibrary       0 
MUX2_X2            2     4.788     139.482      9932.697 NangateOpenCellLibrary       0 
NAND2_X1        1920  1532.160   38767.763   1132257.416 NangateOpenCellLibrary       0 
NAND2_X2         137   182.210    7199.854    201569.428 NangateOpenCellLibrary       0 
NAND2_X4          24    57.456    2102.305     66855.395 NangateOpenCellLibrary       0 
NAND3_X1         145   154.280    4102.304     84587.205 NangateOpenCellLibrary       0 
NAND3_X2           7    13.034     416.116      6378.804 NangateOpenCellLibrary       0 
NAND3_X4           1     3.458      98.211      5803.363 NangateOpenCellLibrary       0 
NAND4_X1          97   129.010    2517.672     34372.655 NangateOpenCellLibrary       0 
NAND4_X2           1     2.394      41.646         0.000 NangateOpenCellLibrary       0 
NOR2_X1         1128   900.144   25346.129    519859.801 NangateOpenCellLibrary       0 
NOR2_X2          114   151.620    4846.391    137804.319 NangateOpenCellLibrary       0 
NOR2_X4           50   119.700    4069.584    141503.001 NangateOpenCellLibrary       0 
NOR3_X1          119   126.616    3419.241     58313.470 NangateOpenCellLibrary       0 
NOR3_X2            2     3.724     107.553      4150.137 NangateOpenCellLibrary       0 
NOR4_X1           91   121.030    3138.424     36012.698 NangateOpenCellLibrary       0 
OAI211_X1         67    89.110    2408.054     71782.661 NangateOpenCellLibrary       0 
OAI211_X2          2     4.788      93.474      4471.839 NangateOpenCellLibrary       0 
OAI21_X1         599   637.336   16501.514    544509.617 NangateOpenCellLibrary       0 
OAI21_X2          73   135.926    4083.109    162298.876 NangateOpenCellLibrary       0 
OAI21_X4          10    34.580    1027.538     49806.833 NangateOpenCellLibrary       0 
OAI221_X1         47    75.012    2079.325     70518.107 NangateOpenCellLibrary       0 
OAI222_X1         21    44.688    1117.120     34934.626 NangateOpenCellLibrary       0 
OAI22_X1         498   662.340   22062.014    383339.095 NangateOpenCellLibrary       0 
OAI22_X2           4     9.576     260.498      9826.367 NangateOpenCellLibrary       0 
OAI33_X1           1     1.862      57.427       174.319 NangateOpenCellLibrary       0 
OR2_X1           555   590.520   12797.017    576199.094 NangateOpenCellLibrary       0 
OR2_X2             7     9.310     335.460     13670.008 NangateOpenCellLibrary       0 
OR3_X1            35    46.550     997.985     38636.718 NangateOpenCellLibrary       0 
OR4_X1            84   134.064    2350.952     20670.337 NangateOpenCellLibrary       0 
SDFFRS_X1          9    69.426    1113.330    123483.753 NangateOpenCellLibrary       0 
SDFFR_X1          13    86.450    1390.810    147514.209 NangateOpenCellLibrary       0 
SDFF_X1            1     6.118      98.634      9407.473 NangateOpenCellLibrary       0 
XNOR2_X1         645  1029.420   25217.090   1062841.472 NangateOpenCellLibrary       0 
XNOR2_X2          52   138.320    3736.487    232335.760 NangateOpenCellLibrary       0 
XOR2_X1          308   491.568   10325.998    558774.117 NangateOpenCellLibrary       0 
XOR2_X2            1     2.394      84.493      4034.342 NangateOpenCellLibrary       0 
----------------------------------------------------------------------------------------
total          13697 24443.272  507633.419  27584823.142                                
                                            Leakage  Leakage   Internal   Internal 
     Type      Instances    Area   Area % Power (nW) Power %  Power (nW)   Power % 
-----------------------------------------------------------------------------------
sequential          1679  8857.002   36.2 146682.029    28.9 13523985.339     49.0 
inverter            1983  1109.486    4.5  31399.500     6.2  1034563.344      3.8 
buffer                12    13.034    0.1    403.615     0.1    20316.828      0.1 
logic              10023 14463.750   59.2 329148.276    64.8 13005957.631     47.1 
physical_cells         0     0.000    0.0      0.000     0.0        0.000      0.0 
-----------------------------------------------------------------------------------
total              13697 24443.272  100.0 507633.419   100.0 27584823.142    100.0 
