============================================================
  Generated by:           Genus(TM) Synthesis Solution 25.11-s095_1
  Generated on:           Feb 24 2026  01:21:06 pm
  Module:                 add_fp16
  Library domain:         timing_condition_tt_1p2v_25c
    Domain index:         0
    Technology libraries: MITLL90_STDLIB_8T.tt1p2v25c 1.0
                          MITLL90_IOPads_5_1_1.tt1p2v25c 1.0
  Operating conditions:   PVT_1P2V_25C 
  Interconnect mode:      global
  Area mode:              physical library
============================================================

Timing
--------

Analysis view  Clock Period 
----------------------------
view_1p2_25   clock1 1923.0 


  Analysis    Cost   Critical        Violating 
    View     Group  Path Slack  TNS    Paths   
-----------------------------------------------
view_1p2_25  clock1        8.3  0.0          0 
            default   No paths  0.0          0 
-----------------------------------------------
Total                          -0.0          0 
                                               

Instance Count
--------------
Leaf Instance Count             1067 
Physical Instance count            0 
Sequential Instance Count         39 
Combinational Instance Count    1028 
Hierarchical Instance Count        0 

Area
----
Cell Area                          5201.818
Physical Cell Area                 0.000
Total Cell Area (Cell+Physical)    5201.818
Net Area                           3419.488
Total Area (Cell+Physical+Net)     8621.306

Power
-----
Leakage Power                      2901.156 nW
Dynamic Power                      3593507.920 nW
Total Power                        3596409.076 nW

Max Fanout                         39 (clk)
Min Fanout                         0 (nRST)
Average Fanout                     2.2
Terms to net ratio                 3.1901
Terms to instance ratio            3.3336
Runtime                            64.992356 seconds
Elapsed Runtime                    72 seconds
Genus peak memory usage            2268.16 
Innovus peak memory usage          no_value 
Hostname                           asicfab.ecn.purdue.edu
