============================================================
  Generated by:           Genus(TM) Synthesis Solution 25.11-s095_1
  Generated on:           Mar 10 2026  02:24:58 pm
  Module:                 mul_bf
  Library domain:         timing_condition_tt_1p2v_25c
    Domain index:         0
    Technology library:   NangateOpenCellLibrary revision 1.0
  Operating conditions:   typical 
  Interconnect mode:      global
  Area mode:              physical library
============================================================

# SETUP                  WNS   TNS    FEP 
# ------------------------------------------
 View: ALL             175.4   0.0      0 
    Group : in2out     332.2   0.0      0 
    Group : in2reg     175.4   0.0      0 
    Group : reg2out   1172.7   0.0      0 
    Group : reg2reg      N/A   N/A    N/A 

 View: view_1p2_25     175.4  -0.0      0 
    Group : in2out     332.2   0.0      0 
    Group : in2reg     175.4   0.0      0 
    Group : reg2out   1172.7   0.0      0 
    Group : reg2reg      N/A   N/A    N/A 

# ------------------------------------------
# DRV                        WNS  TNS  FEP 
# -------------------------------------------
 View: ALL                                 
    Check: max_transition    N/A  N/A    0 
    Check: max_capacitance   N/A  N/A    0 
    Check: max_fanout        N/A  N/A    0 

 View: view_1p2_25                         
    Check: max_transition    N/A  N/A    0 
    Check: max_capacitance   N/A  N/A    0 
    Check: max_fanout        N/A  N/A    0 

# -------------------------------------------
