============================================================
  Generated by:           Genus(TM) Synthesis Solution 25.11-s095_1
  Generated on:           Jun 12 2026  09:26:17 pm
  Module:                 sysarr_32_input_fp_adder
  Operating conditions:   typical 
  Interconnect mode:      global
  Area mode:              physical library
============================================================


Path 1: VIOLATED (-51 ps) Setup Check with Pin aligner_inst_aligned_mant_out_reg[29][0]/CK->D
           View: view_1p2_25
          Group: clock1
     Startpoint: (R) aligner_inst_max_l3_n1_r_reg[5]/CK
          Clock: (R) clock1
       Endpoint: (R) aligner_inst_aligned_mant_out_reg[29][0]/D
          Clock: (R) clock1

                     Capture       Launch     
        Clock Edge:+    1031            0     
       Src Latency:+       0            0     
       Net Latency:+       0 (I)        0 (I) 
           Arrival:=    1031            0     
                                              
             Setup:-      36                  
       Uncertainty:-       0                  
     Required Time:=     995                  
      Launch Clock:-       0                  
         Data Path:-    1046                  
             Slack:=     -51                  

Launch clock path:
#-----------------------------------------------------------------------------------------------------------
#           Timing Point             Flags   Arc   Edge   Cell     Fanout Load Trans Delay Arrival Instance 
#                                                                         (fF)  (ps)  (ps)   (ps)  Location 
#-----------------------------------------------------------------------------------------------------------
  clk                                (i)     -     R     (arrival)   1679  0.0     0     0       0    (-,-) 
  clk                                -       -     -     (net)          -    -     -     -       -    (-,-) 
  clk                                -       -     -     (net)          -    -     -     -       -    (-,-) 
  aligner_inst_max_l3_n1_r_reg[5]/CK <<<     -     R     DFFR_X1     1679    -     1     0       0    (-,-) 
#-----------------------------------------------------------------------------------------------------------

#--------------------------------------------------------------------------------------------------------------------
#               Timing Point                 Flags    Arc   Edge   Cell     Fanout Load Trans Delay Arrival Instance 
#                                                                                  (fF)  (ps)  (ps)   (ps)  Location 
#--------------------------------------------------------------------------------------------------------------------
  aligner_inst_max_l3_n1_r_reg[5]/CK         -       -      R     (arrival)   1679    -     1     0       0    (-,-) 
  aligner_inst_max_l3_n1_r_reg[5]/QN         -       CK->QN F     DFFR_X1        3  4.4    15    71      71    (-,-) 
  aligner_inst_max_l3_n1_r[5]                -       -      -     (net)          -    -     -     -       -    (-,-) 
  g521485/ZN                                 -       A->ZN  R     INV_X1         1  1.9     9    16      88    (-,-) 
  n_2744                                     -       -      -     (net)          -    -     -     -       -    (-,-) 
  g521480/ZN                                 -       A1->ZN F     NAND2_X1       2  5.9    14    21     109    (-,-) 
  n_2753                                     -       -      -     (net)          -    -     -     -       -    (-,-) 
  g521464/ZN                                 -       B1->ZN R     AOI21_X2       1  6.7    29    37     146    (-,-) 
  n_2765                                     -       -      -     (net)          -    -     -     -       -    (-,-) 
  g521457/ZN                                 -       B1->ZN F     OAI21_X4       1  5.9    11    18     163    (-,-) 
  n_2772                                     -       -      -     (net)          -    -     -     -       -    (-,-) 
  g521455/ZN                                 -       A2->ZN R     NAND2_X4       1  6.6    10    18     181    (-,-) 
  n_2774                                     -       -      -     (net)          -    -     -     -       -    (-,-) 
  g521454/ZN                                 -       A->ZN  F     INV_X4         1  5.9     4     8     189    (-,-) 
  n_2775                                     -       -      -     (net)          -    -     -     -       -    (-,-) 
  g521452/ZN                                 -       A2->ZN R     NAND2_X4       8 24.0    19    25     214    (-,-) 
  n_2780                                     -       -      -     (net)          -    -     -     -       -    (-,-) 
  g521441/ZN                                 -       A1->ZN F     NAND2_X2       2  9.2    13    23     236    (-,-) 
  n_2786                                     -       -      -     (net)          -    -     -     -       -    (-,-) 
  g521234/ZN                                 -       A2->ZN R     NAND2_X4       5 27.4    21    32     268    (-,-) 
  n_2829                                     -       -      -     (net)          -    -     -     -       -    (-,-) 
  g521108/ZN                                 -       A->ZN  F     INV_X8        15 44.9    10    18     286    (-,-) 
  n_752                                      -       -      -     (net)          -    -     -     -       -    (-,-) 
  g521097/ZN                                 -       A->ZN  R     INV_X8         8 22.7    10    17     303    (-,-) 
  n_2830                                     -       -      -     (net)          -    -     -     -       -    (-,-) 
  g521113/ZN                                 -       A->ZN  F     INV_X2         5  9.9     7    13     316    (-,-) 
  n_2827                                     -       -      -     (net)          -    -     -     -       -    (-,-) 
  g520838/ZN                                 -       A1->ZN R     NAND2_X1       3  5.8    19    24     339    (-,-) 
  n_775                                      -       -      -     (net)          -    -     -     -       -    (-,-) 
  g520488/ZN                                 -       A1->ZN R     AND2_X2        6 12.2    18    45     384    (-,-) 
  n_3448                                     -       -      -     (net)          -    -     -     -       -    (-,-) 
  g520096/ZN                                 -       A1->ZN R     AND2_X1        6 10.8    28    57     441    (-,-) 
  n_3764                                     -       -      -     (net)          -    -     -     -       -    (-,-) 
  g519202/ZN                                 -       C1->ZN F     OAI211_X1      1  1.8    15    24     465    (-,-) 
  n_4525                                     -       -      -     (net)          -    -     -     -       -    (-,-) 
  g519065/ZN                                 -       A1->ZN R     NAND2_X1       1  2.0    10    18     484    (-,-) 
  n_4662                                     -       -      -     (net)          -    -     -     -       -    (-,-) 
  g518084/ZN                                 -       A2->ZN F     NAND2_X1       1  1.2    12    13     496    (-,-) 
  n_5524                                     -       -      -     (net)          -    -     -     -       -    (-,-) 
  g517079/ZN                                 -       A3->ZN F     AND4_X1        1  6.1    12    47     544    (-,-) 
  n_6495                                     -       -      -     (net)          -    -     -     -       -    (-,-) 
  g516147/ZN                                 -       A->ZN  R     AOI21_X4       2  6.6    23    40     584    (-,-) 
  n_7455                                     -       -      -     (net)          -    -     -     -       -    (-,-) 
  g514647/ZN                                 -       A1->ZN F     OAI22_X2       1  3.2    28    21     604    (-,-) 
  n_8769                                     -       -      -     (net)          -    -     -     -       -    (-,-) 
  g514587/ZN                                 -       A->ZN  R     INV_X2         1  6.5    14    25     630    (-,-) 
  n_8885                                     -       -      -     (net)          -    -     -     -       -    (-,-) 
  g514261/ZN                                 -       A2->ZN F     NAND2_X4       2 12.5    12    18     648    (-,-) 
  n_9243                                     -       -      -     (net)          -    -     -     -       -    (-,-) 
  g514222/ZN                                 -       A->ZN  R     INV_X4         1  6.3     8    14     662    (-,-) 
  n_9244                                     -       -      -     (net)          -    -     -     -       -    (-,-) 
  g514140/ZN                                 -       A1->ZN F     NAND2_X4       2  9.5     8    14     675    (-,-) 
  n_9347                                     -       -      -     (net)          -    -     -     -       -    (-,-) 
  g513952/ZN                                 -       A2->ZN R     NOR2_X4        2  9.2    18    31     706    (-,-) 
  n_9526                                     -       -      -     (net)          -    -     -     -       -    (-,-) 
  g513684/ZN                                 -       A2->ZN F     NAND3_X4       2  7.6    13    24     730    (-,-) 
  n_9763                                     -       -      -     (net)          -    -     -     -       -    (-,-) 
  g513590/ZN                                 -       A1->ZN R     NOR2_X4        2  8.2    20    27     757    (-,-) 
  n_9845                                     -       -      -     (net)          -    -     -     -       -    (-,-) 
  g513493/ZN                                 -       A1->ZN F     NAND2_X4       2  6.5    17    15     772    (-,-) 
  n_9953                                     -       -      -     (net)          -    -     -     -       -    (-,-) 
  g513340/ZN                                 -       A2->ZN R     NAND2_X2       1  7.2    14    26     797    (-,-) 
  n_10032                                    -       -      -     (net)          -    -     -     -       -    (-,-) 
  g512925/ZN                                 -       A2->ZN F     NAND3_X4       2  7.6    11    22     820    (-,-) 
  n_10569                                    -       -      -     (net)          -    -     -     -       -    (-,-) 
  g512552/ZN                                 -       A1->ZN R     NOR2_X4        2  5.5    19    23     842    (-,-) 
  n_10922                                    -       -      -     (net)          -    -     -     -       -    (-,-) 
  g511981/ZN                                 -       A1->ZN F     NOR2_X2        1  5.9     9    13     855    (-,-) 
  n_11209                                    -       -      -     (net)          -    -     -     -       -    (-,-) 
  g511460/ZN                                 -       A1->ZN R     NOR2_X4        2  6.9    17    23     878    (-,-) 
  n_11833                                    -       -      -     (net)          -    -     -     -       -    (-,-) 
  fopt524274/ZN                              -       A->ZN  F     INV_X2         3  9.2     8    15     893    (-,-) 
  n_13604                                    -       -      -     (net)          -    -     -     -       -    (-,-) 
  g510844_0/ZN                               -       A1->ZN R     NOR2_X4        1  6.3    16    22     915    (-,-) 
  n_14160                                    -       -      -     (net)          -    -     -     -       -    (-,-) 
  g510236__6260/ZN                           -       A1->ZN F     NAND2_X4       3  9.2    20    16     932    (-,-) 
  n_12623                                    -       -      -     (net)          -    -     -     -       -    (-,-) 
  g509947_0/ZN                               -       A1->ZN R     NOR2_X4        1  6.3    17    28     959    (-,-) 
  n_14156                                    -       -      -     (net)          -    -     -     -       -    (-,-) 
  g509781__2346/ZN                           -       A1->ZN F     NAND2_X4       2  7.6    18    16     975    (-,-) 
  n_12734                                    -       -      -     (net)          -    -     -     -       -    (-,-) 
  g509710__7098/ZN                           -       A1->ZN R     NOR2_X4        2  5.3    16    26    1000    (-,-) 
  n_12775                                    -       -      -     (net)          -    -     -     -       -    (-,-) 
  g509670__5122/ZN                           -       A1->ZN F     NAND2_X2       3  5.2    18    17    1017    (-,-) 
  n_12805                                    -       -      -     (net)          -    -     -     -       -    (-,-) 
  g509605__8428/ZN                           -       B1->ZN R     OAI21_X1       1  1.4    20    29    1046    (-,-) 
  n_12824                                    -       -      -     (net)          -    -     -     -       -    (-,-) 
  aligner_inst_aligned_mant_out_reg[29][0]/D <<<     -      R     DFFR_X1        1    -     -     0    1046    (-,-) 
#--------------------------------------------------------------------------------------------------------------------

Capture clock path:
#--------------------------------------------------------------------------------------------------------------------
#                Timing Point                 Flags   Arc   Edge   Cell     Fanout Load Trans Delay Arrival Instance 
#                                                                                  (fF)  (ps)  (ps)   (ps)  Location 
#--------------------------------------------------------------------------------------------------------------------
  clk                                         (i)     -     R     (arrival)   1679  0.0     0     0    1031    (-,-) 
  clk                                         -       -     -     (net)          -    -     -     -       -    (-,-) 
  clk                                         -       -     -     (net)          -    -     -     -       -    (-,-) 
  aligner_inst_aligned_mant_out_reg[29][0]/CK <<<     -     R     DFFR_X1     1679    -     1     0    1031    (-,-) 
#--------------------------------------------------------------------------------------------------------------------


