============================================================
  Generated by:           Genus(TM) Synthesis Solution 25.11-s095_1
  Generated on:           Jun 12 2026  09:26:09 pm
  Module:                 sysarr_32_input_fp_adder
  Library domain:         timing_condition_tt_1p2v_25c
    Domain index:         0
    Technology library:   NangateOpenCellLibrary revision 1.0
  Operating conditions:   typical 
  Interconnect mode:      global
  Area mode:              physical library
============================================================

# SETUP                 WNS       TNS    FEP 
# ---------------------------------------------
 View: ALL            -50.9  -10041.1    515 
    Group : in2out      N/A       N/A    N/A 
    Group : in2reg    -38.2    -464.1     14 
    Group : reg2out   947.2       0.0      0 
    Group : reg2reg   -50.9   -9577.0    501 

 View: view_1p2_25    -50.9  -10041.1    515 
    Group : in2out      N/A       N/A    N/A 
    Group : in2reg    -38.2    -464.1     14 
    Group : reg2out   947.2       0.0      0 
    Group : reg2reg   -50.9   -9577.0    501 

# ---------------------------------------------
# DRV                        WNS  TNS  FEP 
# -------------------------------------------
 View: ALL                                 
    Check: max_transition    N/A  N/A    0 
    Check: max_capacitance   N/A  N/A    0 
    Check: max_fanout        N/A  N/A    0 

 View: view_1p2_25                         
    Check: max_transition    N/A  N/A    0 
    Check: max_capacitance   N/A  N/A    0 
    Check: max_fanout        N/A  N/A    0 

# -------------------------------------------
