============================================================
  Generated by:           Genus(TM) Synthesis Solution 25.11-s095_1
  Generated on:           Mar 11 2026  01:55:41 am
  Operating conditions:   typical 
  Interconnect mode:      global
  Area mode:              physical library
============================================================

                                Leakage    Internal                          Library 
   Gate    Instances   Area   Power (nW)  Power (nW)          Library         Domain 
-------------------------------------------------------------------------------------
AND2_X1           37   39.368    951.934    48905.636 NangateOpenCellLibrary       0 
AND2_X2           19   25.270    962.685    30552.844 NangateOpenCellLibrary       0 
AND2_X4            1    2.394     81.672        0.000 NangateOpenCellLibrary       0 
AND3_X1            4    5.320     92.733     1301.850 NangateOpenCellLibrary       0 
AND3_X2            2    3.192    105.432        0.000 NangateOpenCellLibrary       0 
AND3_X4            1    2.926    126.942     2155.602 NangateOpenCellLibrary       0 
AND4_X1            6    9.576    155.622     5888.682 NangateOpenCellLibrary       0 
AOI211_X1          4    5.320    137.932     6938.148 NangateOpenCellLibrary       0 
AOI21_X1          55   58.520   1481.485    86137.798 NangateOpenCellLibrary       0 
AOI21_X2           9   16.758    497.921    18762.564 NangateOpenCellLibrary       0 
AOI21_X4           3   10.374    326.109    17618.764 NangateOpenCellLibrary       0 
AOI221_X1         38   60.648   1425.398    47889.293 NangateOpenCellLibrary       0 
AOI222_X1         13   27.664    518.831    26653.435 NangateOpenCellLibrary       0 
AOI22_X1         141  187.530   4369.317   152830.141 NangateOpenCellLibrary       0 
AOI22_X2           3    7.182    186.325     7713.624 NangateOpenCellLibrary       0 
AOI22_X4           1    4.522    144.100     1873.137 NangateOpenCellLibrary       0 
CLKBUF_X1          4    3.192     45.326     5253.588 NangateOpenCellLibrary       0 
DFFR_X1          129  686.280  11377.145  1461831.051 NangateOpenCellLibrary       0 
DFFR_X2            3   17.556    391.198    49707.063 NangateOpenCellLibrary       0 
FA_X1             28  119.168   2126.331   171389.689 NangateOpenCellLibrary       0 
HA_X1             66  175.560   3959.893   287849.539 NangateOpenCellLibrary       0 
INV_X1           313  166.516   4497.543   191629.100 NangateOpenCellLibrary       0 
INV_X2            22   17.556    631.525    15991.994 NangateOpenCellLibrary       0 
INV_X4            12   15.960    685.924    15763.826 NangateOpenCellLibrary       0 
INV_X8             1    2.394    118.587     4433.540 NangateOpenCellLibrary       0 
MUX2_X1          264  491.568   9607.322   688344.486 NangateOpenCellLibrary       0 
MUX2_X2            3    7.182    213.900    16249.923 NangateOpenCellLibrary       0 
NAND2_X1         190  151.620   3428.183   141746.853 NangateOpenCellLibrary       0 
NAND2_X2          16   21.280    703.288    16630.665 NangateOpenCellLibrary       0 
NAND2_X4          11   26.334    846.853    22274.017 NangateOpenCellLibrary       0 
NAND3_X1          17   18.088    329.763    12987.658 NangateOpenCellLibrary       0 
NAND3_X2           6   11.172    277.508     6430.566 NangateOpenCellLibrary       0 
NAND4_X1          27   35.910    851.694    24777.067 NangateOpenCellLibrary       0 
NAND4_X4           1    4.788    292.817      348.524 NangateOpenCellLibrary       0 
NOR2_X1          118   94.164   2524.249    85452.457 NangateOpenCellLibrary       0 
NOR2_X2            9   11.970    392.383     9096.981 NangateOpenCellLibrary       0 
NOR2_X4            4    9.576    335.217    13402.822 NangateOpenCellLibrary       0 
NOR3_X1           11   11.704    323.736     5754.446 NangateOpenCellLibrary       0 
NOR4_X1           31   41.230   1016.992    11329.890 NangateOpenCellLibrary       0 
OAI211_X1          7    9.310    257.066    10428.449 NangateOpenCellLibrary       0 
OAI211_X2          1    2.394     35.962     3701.858 NangateOpenCellLibrary       0 
OAI21_X1          56   59.584   1825.590    71925.456 NangateOpenCellLibrary       0 
OAI21_X2           7   13.034    388.306    13834.786 NangateOpenCellLibrary       0 
OAI21_X4           4   13.832    510.963    21805.769 NangateOpenCellLibrary       0 
OAI221_X1         28   44.688   1652.687    52030.311 NangateOpenCellLibrary       0 
OAI222_X1         14   29.792    932.431    27316.350 NangateOpenCellLibrary       0 
OAI22_X1         102  135.660   4395.819   114930.944 NangateOpenCellLibrary       0 
OAI22_X2           2    4.788    130.296     3604.918 NangateOpenCellLibrary       0 
OAI22_X4           1    4.522    131.300     2935.589 NangateOpenCellLibrary       0 
OR2_X1            35   37.240    815.897    47830.188 NangateOpenCellLibrary       0 
OR2_X2             1    1.330     44.737     2408.728 NangateOpenCellLibrary       0 
OR3_X1             4    5.320     98.630     5840.767 NangateOpenCellLibrary       0 
OR4_X1             4    6.384    106.934     1070.982 NangateOpenCellLibrary       0 
SDFFR_X1           4   26.600    431.494    55640.760 NangateOpenCellLibrary       0 
XNOR2_X1          94  150.024   3474.498   218841.983 NangateOpenCellLibrary       0 
XNOR2_X2           1    2.660     73.906     2643.851 NangateOpenCellLibrary       0 
XOR2_X1           54   86.184   1905.879   148064.188 NangateOpenCellLibrary       0 
XOR2_X2            1    2.394     72.932     5161.739 NangateOpenCellLibrary       0 
-------------------------------------------------------------------------------------
total           2043 3243.072  73827.147  4523914.879                                
                                           Leakage  Leakage   Internal  Internal 
     Type      Instances   Area   Area % Power (nW) Power %  Power (nW)  Power % 
---------------------------------------------------------------------------------
sequential           136  730.436   22.5  12199.836    16.5 1567178.874     34.6 
inverter             348  202.426    6.2   5933.580     8.0  227818.461      5.0 
buffer                 4    3.192    0.1     45.326     0.1    5253.588      0.1 
logic               1555 2307.018   71.1  55648.406    75.4 2723663.956     60.2 
physical_cells         0    0.000    0.0      0.000     0.0       0.000      0.0 
---------------------------------------------------------------------------------
total               2043 3243.072  100.0  73827.147   100.0 4523914.879    100.0 
