============================================================
  Generated by:           Genus(TM) Synthesis Solution 25.11-s095_1
  Generated on:           Mar 11 2026  01:55:30 am
  Module:                 sysarr_4_input_fp_adder
  Library domain:         timing_condition_tt_1p2v_25c
    Domain index:         0
    Technology library:   NangateOpenCellLibrary revision 1.0
  Operating conditions:   typical 
  Interconnect mode:      global
  Area mode:              physical library
============================================================

Timing
--------

Analysis view  Clock Period 
----------------------------
view_1p2_25   clock1 1163.0 


  Analysis    Cost   Critical        Violating 
    View     Group  Path Slack  TNS    Paths   
-----------------------------------------------
view_1p2_25  clock1       19.2  0.0          0 
            default   No paths  0.0          0 
-----------------------------------------------
Total                          -0.0          0 
                                               

Instance Count
--------------
Leaf Instance Count             2043 
Physical Instance count            0 
Sequential Instance Count        136 
Combinational Instance Count    1907 
Hierarchical Instance Count        0 

Area
----
Cell Area                          3243.072
Physical Cell Area                 0.000
Total Cell Area (Cell+Physical)    3243.072
Net Area                           2955.467
Total Area (Cell+Physical+Net)     6198.539

Power
-----
Leakage Power                      73827.147 nW
Dynamic Power                      8037231.418 nW
Total Power                        8111058.565 nW

Max Fanout                         136 (clk)
Min Fanout                         0 (nRST)
Average Fanout                     2.3
Terms to net ratio                 3.3085
Terms to instance ratio            3.7166
Runtime                            46.95967 seconds
Elapsed Runtime                    53 seconds
Genus peak memory usage            1675.51 
Innovus peak memory usage          no_value 
Hostname                           asicfab.ecn.purdue.edu
