============================================================
  Generated by:           Genus(TM) Synthesis Solution 25.11-s095_1
  Generated on:           Mar 11 2026  01:55:36 am
  Module:                 sysarr_4_input_fp_adder
  Operating conditions:   typical 
  Interconnect mode:      global
  Area mode:              physical library
============================================================


Path 1: MET (19 ps) Setup Check with Pin st1_carry_vec_reg[7]/CK->D
           View: view_1p2_25
          Group: clock1
     Startpoint: (R) add_a[28]
          Clock: (R) clock1
       Endpoint: (F) st1_carry_vec_reg[7]/D
          Clock: (R) clock1

                     Capture       Launch     
        Clock Edge:+    1163            0     
        Drv Adjust:+       0            0     
       Src Latency:+       0            0     
       Net Latency:+       0 (I)        0 (I) 
           Arrival:=    1163            0     
                                              
             Setup:-      39                  
       Uncertainty:-       0                  
     Required Time:=    1124                  
      Launch Clock:-       0                  
       Input Delay:-       1                  
         Data Path:-    1104                  
             Slack:=      19                  

Exceptions/Constraints:
  input_delay              1              sysarr_4_input_fp_ad_line_21_4_1   

#------------------------------------------------------------------------------------------------
#     Timing Point       Flags    Arc   Edge   Cell     Fanout Load Trans Delay Arrival Instance 
#                                                              (fF)  (ps)  (ps)   (ps)  Location 
#------------------------------------------------------------------------------------------------
  add_a[28]              -       -      R     (arrival)      6 15.3     0     0       1    (-,-) 
  add_a[28]              -       -      -     (net)          -    -     -     -       -    (-,-) 
  g84756/ZN              -       A->ZN  F     INV_X2         1  6.0     4     6       7    (-,-) 
  n_86                   -       -      -     (net)          -    -     -     -       -    (-,-) 
  g84718/ZN              -       A1->ZN R     NAND2_X4       3  7.2     9    12      20    (-,-) 
  n_137                  -       -      -     (net)          -    -     -     -       -    (-,-) 
  g84777/ZN              -       A1->ZN R     AND2_X2        1  3.6     9    30      50    (-,-) 
  n_7                    -       -      -     (net)          -    -     -     -       -    (-,-) 
  g84370/ZN              -       A2->ZN F     NAND3_X2       1  3.2    11    20      70    (-,-) 
  n_261                  -       -      -     (net)          -    -     -     -       -    (-,-) 
  g84358/ZN              -       A1->ZN R     NAND3_X2       1  6.7    16    21      91    (-,-) 
  n_270                  -       -      -     (net)          -    -     -     -       -    (-,-) 
  g84341/ZN              -       B1->ZN F     AOI21_X4       1  5.9    14    16     106    (-,-) 
  n_284                  -       -      -     (net)          -    -     -     -       -    (-,-) 
  g84324/ZN              -       A1->ZN R     OAI22_X4       7 16.0    42    42     148    (-,-) 
  n_51                   -       -      -     (net)          -    -     -     -       -    (-,-) 
  g84318/ZN              -       A->ZN  F     INV_X4         9 20.6    14    20     168    (-,-) 
  n_50                   -       -      -     (net)          -    -     -     -       -    (-,-) 
  g84244/ZN              -       A1->ZN R     NAND2_X1       2  3.7    14    22     190    (-,-) 
  n_323                  -       -      -     (net)          -    -     -     -       -    (-,-) 
  g84204/ZN              -       A1->ZN F     NAND2_X1       3  4.6    12    21     210    (-,-) 
  n_361                  -       -      -     (net)          -    -     -     -       -    (-,-) 
  g84140/ZN              -       A2->ZN R     NAND2_X1       2  3.9    14    24     234    (-,-) 
  n_423                  -       -      -     (net)          -    -     -     -       -    (-,-) 
  g84105/ZN              -       A->ZN  F     INV_X1         1  3.2     7    11     245    (-,-) 
  n_424                  -       -      -     (net)          -    -     -     -       -    (-,-) 
  g84027__5477/ZN        -       A->ZN  R     AOI21_X2       2  5.3    26    42     288    (-,-) 
  n_531                  -       -      -     (net)          -    -     -     -       -    (-,-) 
  g84007__6131/ZN        -       B1->ZN F     AOI21_X2       3  6.5    14    22     310    (-,-) 
  n_548                  -       -      -     (net)          -    -     -     -       -    (-,-) 
  g83998__2802/ZN        -       A1->ZN R     NOR2_X2        1  3.4    16    25     336    (-,-) 
  n_554                  -       -      -     (net)          -    -     -     -       -    (-,-) 
  g83984__1666/ZN        -       B1->ZN F     OAI21_X2       1  6.0    12    19     355    (-,-) 
  n_566                  -       -      -     (net)          -    -     -     -       -    (-,-) 
  g83976__6161/ZN        -       A1->ZN R     NAND2_X4       4 16.2    15    22     376    (-,-) 
  n_578                  -       -      -     (net)          -    -     -     -       -    (-,-) 
  g83971__1881/ZN        -       A1->ZN F     NAND2_X4      11 25.7    17    25     401    (-,-) 
  n_587                  -       -      -     (net)          -    -     -     -       -    (-,-) 
  g83967/ZN              -       A->ZN  R     INV_X2         8 15.7    20    32     433    (-,-) 
  n_62                   -       -      -     (net)          -    -     -     -       -    (-,-) 
  g83966/ZN              -       A->ZN  F     INV_X1         1  3.1     8    12     445    (-,-) 
  n_582                  -       -      -     (net)          -    -     -     -       -    (-,-) 
  g83830__4733/ZN        -       A1->ZN R     AOI22_X2       3  6.2    31    38     484    (-,-) 
  n_634                  -       -      -     (net)          -    -     -     -       -    (-,-) 
  g83652__9315/ZN        -       A->ZN  R     XNOR2_X1       2  6.6    41    56     540    (-,-) 
  n_786                  -       -      -     (net)          -    -     -     -       -    (-,-) 
  g83493__9945/ZN        -       A2->ZN F     AOI22_X1       2  3.5    19    26     566    (-,-) 
  n_952                  -       -      -     (net)          -    -     -     -       -    (-,-) 
  g83406__2802/ZN        -       A1->ZN F     AND2_X1        1  1.7     6    33     600    (-,-) 
  n_1019                 -       -      -     (net)          -    -     -     -       -    (-,-) 
  g83377__7098/ZN        -       A1->ZN R     NOR2_X1        2  4.4    28    36     636    (-,-) 
  n_1061                 -       -      -     (net)          -    -     -     -       -    (-,-) 
  g83310__7098/ZN        -       A1->ZN F     NOR2_X1        1  1.7     8    11     646    (-,-) 
  n_1116                 -       -      -     (net)          -    -     -     -       -    (-,-) 
  g83284__7482/ZN        -       A1->ZN R     NOR2_X1        1  2.0    17    24     671    (-,-) 
  n_1148                 -       -      -     (net)          -    -     -     -       -    (-,-) 
  g83255__4733/ZN        -       B1->ZN F     OAI22_X1       2  2.8    14    24     694    (-,-) 
  n_1189                 -       -      -     (net)          -    -     -     -       -    (-,-) 
  g83254/ZN              -       A->ZN  R     INV_X1         1  1.9     8    16     710    (-,-) 
  n_1190                 -       -      -     (net)          -    -     -     -       -    (-,-) 
  g83252__5115/ZN        -       A1->ZN F     NAND2_X1       2  3.4    11    16     726    (-,-) 
  n_1193                 -       -      -     (net)          -    -     -     -       -    (-,-) 
  g83250/ZN              -       A->ZN  R     INV_X1         1  2.0     8    14     740    (-,-) 
  n_1194                 -       -      -     (net)          -    -     -     -       -    (-,-) 
  g83243__1705/ZN        -       A1->ZN R     AND2_X2        4  8.9    15    36     777    (-,-) 
  n_1207                 -       -      -     (net)          -    -     -     -       -    (-,-) 
  g83233__6260/ZN        -       A1->ZN F     NAND2_X1       8 12.7    32    38     815    (-,-) 
  n_1219                 -       -      -     (net)          -    -     -     -       -    (-,-) 
  g83140__1705/ZN        -       B1->ZN R     OAI221_X1      1  2.5    39    60     874    (-,-) 
  n_1305                 -       -      -     (net)          -    -     -     -       -    (-,-) 
  g83059__2398/ZN        -       A->ZN  R     XNOR2_X1       2  4.4    31    53     928    (-,-) 
  n_1394                 -       -      -     (net)          -    -     -     -       -    (-,-) 
  g83039/ZN              -       A->ZN  F     INV_X1         1  2.4     9    12     939    (-,-) 
  n_1395                 -       -      -     (net)          -    -     -     -       -    (-,-) 
  g82955__6131/ZN        -       A->ZN  F     XNOR2_X1       2  4.5    19    44     983    (-,-) 
  n_1493                 -       -      -     (net)          -    -     -     -       -    (-,-) 
  g82812__2883/S         -       A->S   F     HA_X1          2  3.6    15    58    1041    (-,-) 
  n_1620                 -       -      -     (net)          -    -     -     -       -    (-,-) 
  g82803__4733/ZN        -       A1->ZN F     AND2_X1        1  1.7     6    32    1073    (-,-) 
  n_1624                 -       -      -     (net)          -    -     -     -       -    (-,-) 
  g82747__7482/ZN        -       A1->ZN R     NOR2_X1        1  2.0    17    24    1096    (-,-) 
  n_1668                 -       -      -     (net)          -    -     -     -       -    (-,-) 
  g82695/ZN              -       A->ZN  F     INV_X1         1  1.4     6     8    1104    (-,-) 
  n_1696                 -       -      -     (net)          -    -     -     -       -    (-,-) 
  st1_carry_vec_reg[7]/D <<<     -      F     DFFR_X1        1    -     -     0    1104    (-,-) 
#------------------------------------------------------------------------------------------------

Capture clock path:
#------------------------------------------------------------------------------------------------
#      Timing Point       Flags   Arc   Edge   Cell     Fanout Load Trans Delay Arrival Instance 
#                                                              (fF)  (ps)  (ps)   (ps)  Location 
#------------------------------------------------------------------------------------------------
  clk                     (i)     -     R     (arrival)    136  0.0     0     0    1163    (-,-) 
  clk                     -       -     -     (net)          -    -     -     -       -    (-,-) 
  clk                     -       -     -     (net)          -    -     -     -       -    (-,-) 
  st1_carry_vec_reg[7]/CK <<<     -     R     DFFR_X1      136    -     1     0    1163    (-,-) 
#------------------------------------------------------------------------------------------------


