============================================================
  Generated by:           Genus(TM) Synthesis Solution 25.11-s095_1
  Generated on:           Jun 13 2026  01:47:21 pm
  Module:                 sysarr_32_input_fp_adder
  Library domain:         timing_condition_tt_1p2v_25c
    Domain index:         0
    Technology library:   NangateOpenCellLibrary revision 1.0
  Operating conditions:   typical 
  Interconnect mode:      global
  Area mode:              physical library
============================================================

Timing
--------

Analysis view  Clock Period 
----------------------------
view_1p2_25   clock1 1515.0 


  Analysis    Cost   Critical        Violating 
    View     Group  Path Slack  TNS    Paths   
-----------------------------------------------
view_1p2_25  clock1      136.0  0.0          0 
            default   No paths  0.0          0 
-----------------------------------------------
Total                          -0.0          0 
                                               

Instance Count
--------------
Leaf Instance Count             28302 
Physical Instance count             0 
Sequential Instance Count        1679 
Combinational Instance Count    26623 
Hierarchical Instance Count         7 

Area
----
Cell Area                          51787.527
Physical Cell Area                 0.000
Total Cell Area (Cell+Physical)    51787.527
Net Area                           25.916
Total Area (Cell+Physical+Net)     51813.443

Power
-----
Leakage Power                      446135.842 nW
Dynamic Power                      13710510.835 nW
Total Power                        14156646.677 nW

Max Fanout                         1679 (clk)
Min Fanout                         0 (aligner_inst_n_6209)
Average Fanout                     1.8
Terms to net ratio                 2.6574
Terms to instance ratio            3.2957
Runtime                            47.481986 seconds
Elapsed Runtime                    52 seconds
Genus peak memory usage            1771.09 
Innovus peak memory usage          no_value 
Hostname                           asicfab.ecn.purdue.edu
