============================================================
  Generated by:           Genus(TM) Synthesis Solution 25.11-s095_1
  Generated on:           Jun 13 2026  01:47:28 pm
  Module:                 sysarr_32_input_fp_adder
  Operating conditions:   typical 
  Interconnect mode:      global
  Area mode:              physical library
============================================================


Path 1: MET (136 ps) Setup Check with Pin aligner_inst_aligned_mant_out_reg[31][1]/clk->d
           View: view_1p2_25
          Group: clock1
     Startpoint: (R) aligner_inst_max_l3_n1_r_reg[7]/clk
          Clock: (R) clock1
       Endpoint: (R) aligner_inst_aligned_mant_out_reg[31][1]/d
          Clock: (R) clock1

                     Capture       Launch     
        Clock Edge:+    1515            0     
       Src Latency:+       0            0     
       Net Latency:+       0 (I)        0 (I) 
           Arrival:=    1515            0     
                                              
             Setup:-      38                  
       Uncertainty:-       0                  
     Required Time:=    1477                  
      Launch Clock:-       0                  
         Data Path:-    1341                  
             Slack:=     136                  

Launch clock path:
#------------------------------------------------------------------------------------------------------------------
#            Timing Point             Flags   Arc   Edge      Cell        Fanout Load Trans Delay Arrival Instance 
#                                                                                (fF)  (ps)  (ps)   (ps)  Location 
#------------------------------------------------------------------------------------------------------------------
  clk                                 (i,u)   -     R     (arrival)         1679  0.0     0     0       0    (-,-) 
  clk                                 -       -     -     (net)                -    -     -     -       -    (-,-) 
  clk                                 -       -     -     (net)                -    -     -     -       -    (-,-) 
  aligner_inst_max_l3_n1_r_reg[7]/clk <<<     -     R     unmapped_d_flop   1679    -     1     0       0    (-,-) 
#------------------------------------------------------------------------------------------------------------------

#------------------------------------------------------------------------------------------------------------------------------
#               Timing Point                 Flags    Arc    Edge       Cell         Fanout  Load Trans Delay Arrival Instance 
#                                                                                            (fF)  (ps)  (ps)   (ps)  Location 
#------------------------------------------------------------------------------------------------------------------------------
  aligner_inst_max_l3_n1_r_reg[7]/clk        -       -       R     (arrival)           1679     -     1     0       0    (-,-) 
  aligner_inst_max_l3_n1_r_reg[7]/q          (u)     clk->q  F     unmapped_d_flop        3   9.6     0   116     116    (-,-) 
  aligner_inst_max_l3_n1_r[7]                -       -       -     (net)                  -     -     -     -       -    (-,-) 
  g134077/z                                  (u)     in_1->z R     unmapped_complex2      2   7.2     0    19     135    (-,-) 
  n_96638                                    -       -       -     (net)                  -     -     -     -       -    (-,-) 
  g171273/z                                  (u)     in_0->z F     unmapped_nand2         3   9.6     0    22     157    (-,-) 
  n_127603                                   -       -       -     (net)                  -     -     -     -       -    (-,-) 
  g171230/z                                  (u)     in_1->z F     unmapped_complex2      1   3.2     0    17     174    (-,-) 
  n_127605                                   -       -       -     (net)                  -     -     -     -       -    (-,-) 
  g172349/z                                  (u)     in_0->z F     unmapped_complex2      1   3.2     0    17     190    (-,-) 
  n_127610                                   -       -       -     (net)                  -     -     -     -       -    (-,-) 
  g172378/z                                  (u)     in_1->z R     unmapped_complex2      1   3.6     0    17     207    (-,-) 
  n_127613                                   -       -       -     (net)                  -     -     -     -       -    (-,-) 
  g170408/z                                  (u)     in_1->z R     unmapped_complex2      1   3.6     0    17     223    (-,-) 
  n_78810                                    -       -       -     (net)                  -     -     -     -       -    (-,-) 
  g170382/z                                  (u)     in_1->z R     unmapped_complex2     14  50.4     0    42     265    (-,-) 
  n_23535                                    -       -       -     (net)                  -     -     -     -       -    (-,-) 
  g170319/z                                  (u)     in_1->z R     unmapped_complex2      1   3.6     0    17     282    (-,-) 
  n_98049                                    -       -       -     (net)                  -     -     -     -       -    (-,-) 
  g170309/z                                  (u)     in_1->z F     unmapped_nand2       103 329.6     0    71     353    (-,-) 
  aligner_inst_max_l4_n0_c[1]                -       -       -     (net)                  -     -     -     -       -    (-,-) 
  g170109/z                                  (u)     in_1->z F     unmapped_or2           1   3.2     0    17     370    (-,-) 
  n_129458                                   -       -       -     (net)                  -     -     -     -       -    (-,-) 
  g170110/z                                  (u)     in_1->z R     unmapped_nand2         4  14.4     0    24     394    (-,-) 
  n_87879                                    -       -       -     (net)                  -     -     -     -       -    (-,-) 
  g172430/z                                  (u)     in_0->z F     unmapped_complex2      1   3.2     0    17     411    (-,-) 
  n_96891                                    -       -       -     (net)                  -     -     -     -       -    (-,-) 
  g168848/z                                  (u)     in_0->z R     unmapped_nand2         3  10.8     0    22     432    (-,-) 
  n_87882                                    -       -       -     (net)                  -     -     -     -       -    (-,-) 
  g167944/z                                  (u)     in_1->z F     unmapped_nand2         1   3.2     0    17     449    (-,-) 
  n_96887                                    -       -       -     (net)                  -     -     -     -       -    (-,-) 
  g167167/z                                  (u)     in_0->z R     unmapped_nand2         3  10.8     0    22     470    (-,-) 
  n_87891                                    -       -       -     (net)                  -     -     -     -       -    (-,-) 
  g172834/z                                  (u)     in_0->z F     unmapped_complex2      1   3.2     0    17     487    (-,-) 
  n_129022                                   -       -       -     (net)                  -     -     -     -       -    (-,-) 
  g166751/z                                  (u)     in_1->z R     unmapped_nand2        12  43.2     0    40     527    (-,-) 
  n_32260                                    -       -       -     (net)                  -     -     -     -       -    (-,-) 
  g120591/z                                  (u)     in_1->z R     unmapped_or2           3  10.8     0    22     548    (-,-) 
  n_95174                                    -       -       -     (net)                  -     -     -     -       -    (-,-) 
  g134600/z                                  (u)     in_1->z R     unmapped_or2           1   3.6     0    17     565    (-,-) 
  n_96899                                    -       -       -     (net)                  -     -     -     -       -    (-,-) 
  g173384/z                                  (u)     in_0->z F     unmapped_complex2      1   3.2     0    17     582    (-,-) 
  n_99237                                    -       -       -     (net)                  -     -     -     -       -    (-,-) 
  g164653/z                                  (u)     in_1->z F     unmapped_complex2      3   9.6     0    22     603    (-,-) 
  n_87957                                    -       -       -     (net)                  -     -     -     -       -    (-,-) 
  g164605/z                                  (u)     in_1->z F     unmapped_or2           6  19.2     0    30     633    (-,-) 
  n_35763                                    -       -       -     (net)                  -     -     -     -       -    (-,-) 
  g164208/z                                  (u)     in_1->z F     unmapped_or2           1   3.2     0    17     650    (-,-) 
  n_99246                                    -       -       -     (net)                  -     -     -     -       -    (-,-) 
  g163229/z                                  (u)     in_1->z R     unmapped_nand2         2   7.2     0    19     669    (-,-) 
  aligner_inst_n_7334                        -       -       -     (net)                  -     -     -     -       -    (-,-) 
  g127636/z                                  (u)     in_0->z F     unmapped_nand2         1   3.2     0    17     686    (-,-) 
  n_95440                                    -       -       -     (net)                  -     -     -     -       -    (-,-) 
  g162338/z                                  (u)     in_1->z R     unmapped_nand2         1   3.6     0    17     702    (-,-) 
  n_126646                                   -       -       -     (net)                  -     -     -     -       -    (-,-) 
  g173963/z                                  (u)     in_1->z R     unmapped_complex2      1   3.6     0    17     719    (-,-) 
  n_126657                                   -       -       -     (net)                  -     -     -     -       -    (-,-) 
  g161457/z                                  (u)     in_0->z R     unmapped_or2           1   3.6     0    17     736    (-,-) 
  n_126665                                   -       -       -     (net)                  -     -     -     -       -    (-,-) 
  g161369/z                                  (u)     in_0->z R     unmapped_or2           1   3.6     0    17     752    (-,-) 
  n_126669                                   -       -       -     (net)                  -     -     -     -       -    (-,-) 
  g161233/z                                  (u)     in_0->z R     unmapped_or2           1   3.6     0    17     769    (-,-) 
  n_126671                                   -       -       -     (net)                  -     -     -     -       -    (-,-) 
  g161092/z                                  (u)     in_0->z R     unmapped_or2          61 219.6     0    62     831    (-,-) 
  aligner_inst_has_neg_sticky                -       -       -     (net)                  -     -     -     -       -    (-,-) 
  g160951/z                                  (u)     in_1->z R     unmapped_complex2      6  21.6     0    30     861    (-,-) 
  n_81087                                    -       -       -     (net)                  -     -     -     -       -    (-,-) 
  g160803/z                                  (u)     in_1->z F     unmapped_nand2         1   3.2     0    17     878    (-,-) 
  n_99252                                    -       -       -     (net)                  -     -     -     -       -    (-,-) 
  g160671/z                                  (u)     in_1->z R     unmapped_nand2         4  14.4     0    24     902    (-,-) 
  n_81097                                    -       -       -     (net)                  -     -     -     -       -    (-,-) 
  g174283/z                                  (u)     in_0->z R     unmapped_complex2      1   3.6     0    17     919    (-,-) 
  n_98102                                    -       -       -     (net)                  -     -     -     -       -    (-,-) 
  g160390/z                                  (u)     in_1->z R     unmapped_or2           1   3.6     0    17     935    (-,-) 
  n_98103                                    -       -       -     (net)                  -     -     -     -       -    (-,-) 
  g160231/z                                  (u)     in_1->z R     unmapped_or2           3  10.8     0    22     957    (-,-) 
  n_83185                                    -       -       -     (net)                  -     -     -     -       -    (-,-) 
  g159967/z                                  (u)     in_0->z R     unmapped_complex2      4  14.4     0    24     982    (-,-) 
  n_83473                                    -       -       -     (net)                  -     -     -     -       -    (-,-) 
  g174436/z                                  (u)     in_0->z R     unmapped_complex2      3  10.8     0    22    1003    (-,-) 
  n_83767                                    -       -       -     (net)                  -     -     -     -       -    (-,-) 
  g159525/z                                  (u)     in_1->z R     unmapped_complex2      2   7.2     0    19    1022    (-,-) 
  n_84550                                    -       -       -     (net)                  -     -     -     -       -    (-,-) 
  g174516/z                                  (u)     in_0->z R     unmapped_complex2      2   7.2     0    19    1041    (-,-) 
  n_84552                                    -       -       -     (net)                  -     -     -     -       -    (-,-) 
  g158327/z                                  (u)     in_1->z R     unmapped_complex2      2   7.2     0    19    1060    (-,-) 
  n_84644                                    -       -       -     (net)                  -     -     -     -       -    (-,-) 
  g174780/z                                  (u)     in_0->z R     unmapped_complex2      2   7.2     0    19    1080    (-,-) 
  n_84929                                    -       -       -     (net)                  -     -     -     -       -    (-,-) 
  g157543/z                                  (u)     in_1->z R     unmapped_complex2      2   7.2     0    19    1099    (-,-) 
  n_85235                                    -       -       -     (net)                  -     -     -     -       -    (-,-) 
  g174957/z                                  (u)     in_0->z R     unmapped_complex2      3  10.8     0    22    1120    (-,-) 
  n_85237                                    -       -       -     (net)                  -     -     -     -       -    (-,-) 
  g175014/z                                  (u)     in_1->z R     unmapped_complex2      1   3.6     0    17    1137    (-,-) 
  n_85815                                    -       -       -     (net)                  -     -     -     -       -    (-,-) 
  g156900/z                                  (u)     in_1->z R     unmapped_complex2      4  14.4     0    24    1161    (-,-) 
  n_86100                                    -       -       -     (net)                  -     -     -     -       -    (-,-) 
  g156705/z                                  (u)     in_1->z R     unmapped_or2           3  10.8     0    22    1183    (-,-) 
  n_87272                                    -       -       -     (net)                  -     -     -     -       -    (-,-) 
  g156608/z                                  (u)     in_0->z R     unmapped_or2           2   7.2     0    19    1202    (-,-) 
  n_87855                                    -       -       -     (net)                  -     -     -     -       -    (-,-) 
  g156538/z                                  (u)     in_1->z R     unmapped_complex2      2   7.2     0    19    1221    (-,-) 
  n_88142                                    -       -       -     (net)                  -     -     -     -       -    (-,-) 
  g175443/z                                  (u)     in_1->z R     unmapped_complex2      1   3.6     0    17    1238    (-,-) 
  n_98115                                    -       -       -     (net)                  -     -     -     -       -    (-,-) 
  g156245/z                                  (u)     in_1->z F     unmapped_nand2         2   6.4     0    19    1257    (-,-) 
  n_88153                                    -       -       -     (net)                  -     -     -     -       -    (-,-) 
  g156103/z                                  (u)     in_1->z F     unmapped_complex2     27  86.4     0    51    1308    (-,-) 
  n_39082                                    -       -       -     (net)                  -     -     -     -       -    (-,-) 
  g175299/z                                  (u)     in_0->z F     unmapped_complex2      1   3.2     0    17    1325    (-,-) 
  n_98783                                    -       -       -     (net)                  -     -     -     -       -    (-,-) 
  g175319/z                                  (u)     in_1->z R     unmapped_complex2      1   3.6     0    17    1341    (-,-) 
  aligner_inst_final_shifted_mant_c[31][1]   -       -       -     (net)                  -     -     -     -       -    (-,-) 
  aligner_inst_aligned_mant_out_reg[31][1]/d <<<     -       R     unmapped_d_flop        1     -     -     0    1341    (-,-) 
#------------------------------------------------------------------------------------------------------------------------------

(u) : Net has unmapped pin(s).

Capture clock path:
#---------------------------------------------------------------------------------------------------------------------------
#                Timing Point                  Flags   Arc   Edge      Cell        Fanout Load Trans Delay Arrival Instance 
#                                                                                         (fF)  (ps)  (ps)   (ps)  Location 
#---------------------------------------------------------------------------------------------------------------------------
  clk                                          (i,u)   -     R     (arrival)         1679  0.0     0     0    1515    (-,-) 
  clk                                          -       -     -     (net)                -    -     -     -       -    (-,-) 
  clk                                          -       -     -     (net)                -    -     -     -       -    (-,-) 
  aligner_inst_aligned_mant_out_reg[31][1]/clk <<<     -     R     unmapped_d_flop   1679    -     1     0    1515    (-,-) 
#---------------------------------------------------------------------------------------------------------------------------


