============================================================
  Generated by:           Genus(TM) Synthesis Solution 25.11-s095_1
  Generated on:           May 23 2026  10:42:52 pm
  Module:                 sysarr_32_input_fp_adder
  Operating conditions:   typical 
  Interconnect mode:      global
  Area mode:              physical library
============================================================


Path 1: MET (0 ps) Setup Check with Pin adder_tree_inst_s2_g1_r_reg[29]/CK->D
           View: view_1p2_25
          Group: clock1
     Startpoint: (R) adder_tree_inst_s1_g2_r_reg[0]/CK
          Clock: (R) clock1
       Endpoint: (F) adder_tree_inst_s2_g1_r_reg[29]/D
          Clock: (R) clock1

                     Capture       Launch     
        Clock Edge:+    1000            0     
       Src Latency:+       0            0     
       Net Latency:+       0 (I)        0 (I) 
           Arrival:=    1000            0     
                                              
             Setup:-      43                  
       Uncertainty:-       0                  
     Required Time:=     957                  
      Launch Clock:-       0                  
         Data Path:-     957                  
             Slack:=       0                  

Launch clock path:
#----------------------------------------------------------------------------------------------------------
#           Timing Point            Flags   Arc   Edge   Cell     Fanout Load Trans Delay Arrival Instance 
#                                                                        (fF)  (ps)  (ps)   (ps)  Location 
#----------------------------------------------------------------------------------------------------------
  clk                               (i)     -     R     (arrival)   2563  0.0     0     0       0    (-,-) 
  clk                               -       -     -     (net)          -    -     -     -       -    (-,-) 
  clk                               -       -     -     (net)          -    -     -     -       -    (-,-) 
  adder_tree_inst_s1_g2_r_reg[0]/CK <<<     -     R     DFFR_X1     2563    -     1     0       0    (-,-) 
#----------------------------------------------------------------------------------------------------------

#-------------------------------------------------------------------------------------------------------------
#            Timing Point             Flags    Arc   Edge   Cell     Fanout Load Trans Delay Arrival Instance 
#                                                                           (fF)  (ps)  (ps)   (ps)  Location 
#-------------------------------------------------------------------------------------------------------------
  adder_tree_inst_s1_g2_r_reg[0]/CK   -       -      R     (arrival)   2563    -     1     0       0    (-,-) 
  adder_tree_inst_s1_g2_r_reg[0]/Q    -       CK->Q  R     DFFR_X1        1  3.7    14   105     105    (-,-) 
  adder_tree_inst_s1_g2_r[0]          -       -      -     (net)          -    -     -     -       -    (-,-) 
  adder_tree_inst_add_135_30_g1887/CO -       B->CO  R     HA_X1          2  4.5    14    40     145    (-,-) 
  adder_tree_inst_add_135_30_n_1485   -       -      -     (net)          -    -     -     -       -    (-,-) 
  adder_tree_inst_add_135_30_g1886/ZN -       A1->ZN F     NAND2_X1       1  1.8     8    14     159    (-,-) 
  adder_tree_inst_add_135_30_n_1483   -       -      -     (net)          -    -     -     -       -    (-,-) 
  adder_tree_inst_add_135_30_g1883/ZN -       A1->ZN R     NAND2_X1       2  4.3    15    20     180    (-,-) 
  adder_tree_inst_add_135_30_n_1478   -       -      -     (net)          -    -     -     -       -    (-,-) 
  adder_tree_inst_add_135_30_g1874/ZN -       B1->ZN F     AOI21_X1       2  4.2    12    22     201    (-,-) 
  adder_tree_inst_add_135_30_n_1461   -       -      -     (net)          -    -     -     -       -    (-,-) 
  adder_tree_inst_add_135_30_g1871/ZN -       B1->ZN R     OAI21_X1       2  4.3    30    41     243    (-,-) 
  adder_tree_inst_add_135_30_n_1457   -       -      -     (net)          -    -     -     -       -    (-,-) 
  adder_tree_inst_add_135_30_g1869/ZN -       A1->ZN F     NAND2_X1       2  3.5    14    22     265    (-,-) 
  adder_tree_inst_add_135_30_n_1453   -       -      -     (net)          -    -     -     -       -    (-,-) 
  adder_tree_inst_add_135_30_g1866/ZN -       B1->ZN R     OAI21_X1       2  4.3    30    42     307    (-,-) 
  adder_tree_inst_add_135_30_n_1449   -       -      -     (net)          -    -     -     -       -    (-,-) 
  adder_tree_inst_add_135_30_g1864/ZN -       B1->ZN F     AOI21_X1       2  5.4    17    29     336    (-,-) 
  adder_tree_inst_add_135_30_n_1446   -       -      -     (net)          -    -     -     -       -    (-,-) 
  adder_tree_inst_add_135_30_g1861/ZN -       B1->ZN R     OAI21_X2       3  5.3    23    35     371    (-,-) 
  adder_tree_inst_add_135_30_n_1442   -       -      -     (net)          -    -     -     -       -    (-,-) 
  adder_tree_inst_add_135_30_g1855/ZN -       A1->ZN F     NAND4_X1       1  1.8    17    28     399    (-,-) 
  adder_tree_inst_add_135_30_n_1431   -       -      -     (net)          -    -     -     -       -    (-,-) 
  adder_tree_inst_add_135_30_g1854/ZN -       A1->ZN R     NAND2_X1       2  3.6    14    23     422    (-,-) 
  adder_tree_inst_add_135_30_n_1430   -       -      -     (net)          -    -     -     -       -    (-,-) 
  adder_tree_inst_add_135_30_g1850/ZN -       A1->ZN R     AND2_X1        3  4.8    15    40     462    (-,-) 
  adder_tree_inst_add_135_30_n_1424   -       -      -     (net)          -    -     -     -       -    (-,-) 
  adder_tree_inst_add_135_30_g1847/ZN -       A1->ZN F     NAND2_X1       1  1.8     8    15     477    (-,-) 
  adder_tree_inst_add_135_30_n_1420   -       -      -     (net)          -    -     -     -       -    (-,-) 
  adder_tree_inst_add_135_30_g1846/ZN -       A1->ZN R     NAND2_X1       2  3.6    14    19     496    (-,-) 
  adder_tree_inst_add_135_30_n_1419   -       -      -     (net)          -    -     -     -       -    (-,-) 
  adder_tree_inst_add_135_30_g1842/ZN -       A1->ZN R     AND2_X1        3  4.8    15    40     536    (-,-) 
  adder_tree_inst_add_135_30_n_1414   -       -      -     (net)          -    -     -     -       -    (-,-) 
  adder_tree_inst_add_135_30_g1836/ZN -       A1->ZN F     NAND3_X1       1  1.9    12    20     556    (-,-) 
  adder_tree_inst_add_135_30_n_1405   -       -      -     (net)          -    -     -     -       -    (-,-) 
  adder_tree_inst_add_135_30_g1834/ZN -       A1->ZN R     NAND3_X1       2  4.4    18    24     580    (-,-) 
  adder_tree_inst_add_135_30_n_1403   -       -      -     (net)          -    -     -     -       -    (-,-) 
  adder_tree_inst_add_135_30_g1830/ZN -       A1->ZN R     AND2_X2        3  4.8    10    35     615    (-,-) 
  adder_tree_inst_add_135_30_n_1397   -       -      -     (net)          -    -     -     -       -    (-,-) 
  adder_tree_inst_add_135_30_g1827/ZN -       A1->ZN F     NAND2_X1       1  1.8     9    13     628    (-,-) 
  adder_tree_inst_add_135_30_n_1393   -       -      -     (net)          -    -     -     -       -    (-,-) 
  adder_tree_inst_add_135_30_g1824/ZN -       A->ZN  R     OAI211_X1      2  4.3    33    28     656    (-,-) 
  adder_tree_inst_add_135_30_n_1390   -       -      -     (net)          -    -     -     -       -    (-,-) 
  adder_tree_inst_add_135_30_g1822/ZN -       A1->ZN F     NAND2_X1       2  3.4    14    23     678    (-,-) 
  adder_tree_inst_add_135_30_n_1387   -       -      -     (net)          -    -     -     -       -    (-,-) 
  adder_tree_inst_add_135_30_g1817/ZN -       C1->ZN R     OAI211_X1      1  3.1    27    38     717    (-,-) 
  adder_tree_inst_add_135_30_n_1380   -       -      -     (net)          -    -     -     -       -    (-,-) 
  adder_tree_inst_add_135_30_g1814/CO -       CI->CO R     FA_X1          2  4.4    16    57     774    (-,-) 
  adder_tree_inst_add_135_30_n_1376   -       -      -     (net)          -    -     -     -       -    (-,-) 
  adder_tree_inst_add_135_30_g1813/ZN -       A->ZN  F     INV_X1         1  1.8     6     9     783    (-,-) 
  adder_tree_inst_add_135_30_n_1375   -       -      -     (net)          -    -     -     -       -    (-,-) 
  adder_tree_inst_add_135_30_g1812/ZN -       B1->ZN R     OAI21_X1       1  3.1    25    33     816    (-,-) 
  adder_tree_inst_add_135_30_n_1374   -       -      -     (net)          -    -     -     -       -    (-,-) 
  adder_tree_inst_add_135_30_g1810/CO -       CI->CO R     FA_X1          1  3.1    14    52     868    (-,-) 
  adder_tree_inst_add_135_30_n_1372   -       -      -     (net)          -    -     -     -       -    (-,-) 
  adder_tree_inst_add_135_30_g1809/S  -       CI->S  F     FA_X1          1  1.4    14    89     957    (-,-) 
  adder_tree_inst_s2_g1_c[29]         -       -      -     (net)          -    -     -     -       -    (-,-) 
  adder_tree_inst_s2_g1_r_reg[29]/D   <<<     -      F     DFFR_X1        1    -     -     0     957    (-,-) 
#-------------------------------------------------------------------------------------------------------------

Capture clock path:
#-----------------------------------------------------------------------------------------------------------
#           Timing Point             Flags   Arc   Edge   Cell     Fanout Load Trans Delay Arrival Instance 
#                                                                         (fF)  (ps)  (ps)   (ps)  Location 
#-----------------------------------------------------------------------------------------------------------
  clk                                (i)     -     R     (arrival)   2563  0.0     0     0    1000    (-,-) 
  clk                                -       -     -     (net)          -    -     -     -       -    (-,-) 
  clk                                -       -     -     (net)          -    -     -     -       -    (-,-) 
  adder_tree_inst_s2_g1_r_reg[29]/CK <<<     -     R     DFFR_X1     2563    -     1     0    1000    (-,-) 
#-----------------------------------------------------------------------------------------------------------


