============================================================
  Generated by:           Genus(TM) Synthesis Solution 25.11-s095_1
  Generated on:           Mar 10 2026  10:19:44 pm
  Module:                 add_bf16_1C
  Operating conditions:   typical 
  Interconnect mode:      global
  Area mode:              physical library
============================================================


Path 1: MET (102 ps) Late External Delay Assertion at pin bf_out[13]
           View: view_1p2_25
          Group: clock1
     Startpoint: (R) bf2_in_reg[10]/clk
          Clock: (R) clock1
       Endpoint: (R) bf_out[13]
          Clock: (R) clock1

                     Capture       Launch     
        Clock Edge:+    1282            0     
       Src Latency:+       0            0     
       Net Latency:+       0 (I)        0 (I) 
           Arrival:=    1282            0     
                                              
      Output Delay:-       1                  
       Uncertainty:-       0                  
     Required Time:=    1281                  
      Launch Clock:-       0                  
         Data Path:-    1179                  
             Slack:=     102                  

Exceptions/Constraints:
  output_delay              1              add_bf16_1C.sdc_line_21_35_1   

Launch clock path:
#-------------------------------------------------------------------------------------------------
#   Timing Point     Flags   Arc   Edge      Cell        Fanout Load Trans Delay Arrival Instance 
#                                                               (fF)  (ps)  (ps)   (ps)  Location 
#-------------------------------------------------------------------------------------------------
  clk                (i,u)   -     R     (arrival)           33  0.0     0     0       0    (-,-) 
  clk                -       -     -     (net)                -    -     -     -       -    (-,-) 
  clk                -       -     -     (net)                -    -     -     -       -    (-,-) 
  bf2_in_reg[10]/clk <<<     -     R     unmapped_d_flop     33    -     1     0       0    (-,-) 
#-------------------------------------------------------------------------------------------------

#-----------------------------------------------------------------------------------------------------
#   Timing Point     Flags    Arc    Edge       Cell         Fanout Load Trans Delay Arrival Instance 
#                                                                   (fF)  (ps)  (ps)   (ps)  Location 
#-----------------------------------------------------------------------------------------------------
  bf2_in_reg[10]/clk -       -       R     (arrival)             33    -     1     0       0    (-,-) 
  bf2_in_reg[10]/q   (u)     clk->q  F     unmapped_d_flop        7 22.4     0   127     127    (-,-) 
  bf2_in[10]         -       -       -     (net)                  -    -     -     -       -    (-,-) 
  g22308/z           (u)     in_1->z F     unmapped_or2           1  3.2     0    17     144    (-,-) 
  n_19614            -       -       -     (net)                  -    -     -     -       -    (-,-) 
  g22309/z           (u)     in_1->z R     unmapped_nand2         5 18.0     0    28     172    (-,-) 
  n_5037             -       -       -     (net)                  -    -     -     -       -    (-,-) 
  g22271/z           (u)     in_1->z R     unmapped_complex2      1  3.6     0    17     188    (-,-) 
  n_9372             -       -       -     (net)                  -    -     -     -       -    (-,-) 
  g22130/z           (u)     in_1->z F     unmapped_nand2         1  3.2     0    17     205    (-,-) 
  n_9376             -       -       -     (net)                  -    -     -     -       -    (-,-) 
  g22390/z           (u)     in_0->z F     unmapped_complex2      1  3.2     0    17     221    (-,-) 
  n_9379             -       -       -     (net)                  -    -     -     -       -    (-,-) 
  g22398/z           (u)     in_1->z F     unmapped_complex2      1  3.2     0    17     238    (-,-) 
  n_6293             -       -       -     (net)                  -    -     -     -       -    (-,-) 
  g22400/z           (u)     in_1->z R     unmapped_complex2      2  7.2     0    19     257    (-,-) 
  n_8169             -       -       -     (net)                  -    -     -     -       -    (-,-) 
  g22059/z           (u)     in_0->z F     unmapped_nand2        36 19.2     0    43     300    (-,-) 
  n_640              -       -       -     (net)                  -    -     -     -       -    (-,-) 
  g22024/z           (u)     in_0->z R     unmapped_nand2         2  7.2     0    19     319    (-,-) 
  n_6389             -       -       -     (net)                  -    -     -     -       -    (-,-) 
  g22409/z           (u)     in_1->z F     unmapped_complex2      1  3.2     0    17     335    (-,-) 
  n_6304             -       -       -     (net)                  -    -     -     -       -    (-,-) 
  g21966/z           (u)     in_1->z R     unmapped_complex2      2  7.2     0    19     354    (-,-) 
  n_6410             -       -       -     (net)                  -    -     -     -       -    (-,-) 
  g22416/z           (u)     in_0->z F     unmapped_complex2     20 64.0     0    47     401    (-,-) 
  n_681              -       -       -     (net)                  -    -     -     -       -    (-,-) 
  g21930/z           (u)     in_0->z F     unmapped_or2           1  3.2     0    17     418    (-,-) 
  n_6654             -       -       -     (net)                  -    -     -     -       -    (-,-) 
  g21916/z           (u)     in_1->z R     unmapped_nand2         1  3.6     0    17     434    (-,-) 
  n_6656             -       -       -     (net)                  -    -     -     -       -    (-,-) 
  g22432/z           (u)     in_0->z R     unmapped_complex2      2  7.2     0    19     453    (-,-) 
  n_765              -       -       -     (net)                  -    -     -     -       -    (-,-) 
  g21888/z           (u)     in_0->z F     unmapped_nand2         1  3.2     0    17     470    (-,-) 
  n_6662             -       -       -     (net)                  -    -     -     -       -    (-,-) 
  g21870/z           (u)     in_1->z R     unmapped_nand2         1  3.6     0    17     487    (-,-) 
  n_6327             -       -       -     (net)                  -    -     -     -       -    (-,-) 
  g21856/z           (u)     in_0->z F     unmapped_complex2      2  6.4     0    19     506    (-,-) 
  n_6673             -       -       -     (net)                  -    -     -     -       -    (-,-) 
  g21834/z           (u)     in_0->z R     unmapped_nand2         1  3.6     0    17     522    (-,-) 
  n_9989             -       -       -     (net)                  -    -     -     -       -    (-,-) 
  g22460/z           (u)     in_0->z R     unmapped_complex2      1  3.6     0    17     539    (-,-) 
  n_9992             -       -       -     (net)                  -    -     -     -       -    (-,-) 
  g21804/z           (u)     in_0->z R     unmapped_or2           1  3.6     0    17     556    (-,-) 
  n_6282             -       -       -     (net)                  -    -     -     -       -    (-,-) 
  g21775/z           (u)     in_0->z F     unmapped_nand2         3  9.6     0    22     577    (-,-) 
  n_5390             -       -       -     (net)                  -    -     -     -       -    (-,-) 
  g21747/z           (u)     in_0->z R     unmapped_nand2         2  7.2     0    19     596    (-,-) 
  n_6287             -       -       -     (net)                  -    -     -     -       -    (-,-) 
  g22483/z           (u)     in_0->z F     unmapped_complex2      1  3.2     0    17     613    (-,-) 
  n_12480            -       -       -     (net)                  -    -     -     -       -    (-,-) 
  g21721/z           (u)     in_1->z R     unmapped_nand2         3 10.8     0    22     634    (-,-) 
  n_5432             -       -       -     (net)                  -    -     -     -       -    (-,-) 
  g9394/z            (u)     in_1->z F     unmapped_nand2         2  6.4     0    19     654    (-,-) 
  n_6294             -       -       -     (net)                  -    -     -     -       -    (-,-) 
  g21691/z           (u)     in_0->z R     unmapped_nand2         6 21.6     0    30     684    (-,-) 
  n_5436             -       -       -     (net)                  -    -     -     -       -    (-,-) 
  g22497/z           (u)     in_0->z F     unmapped_complex2      1  3.2     0    17     700    (-,-) 
  n_17652            -       -       -     (net)                  -    -     -     -       -    (-,-) 
  g21678/z           (u)     in_1->z F     unmapped_complex2      1  3.2     0    17     717    (-,-) 
  n_17654            -       -       -     (net)                  -    -     -     -       -    (-,-) 
  g21671/z           (u)     in_1->z R     unmapped_nand2         8 28.8     0    35     752    (-,-) 
  n_841              -       -       -     (net)                  -    -     -     -       -    (-,-) 
  g22506/z           (u)     in_0->z F     unmapped_complex2      1  3.2     0    17     768    (-,-) 
  n_6618             -       -       -     (net)                  -    -     -     -       -    (-,-) 
  g21629/z           (u)     in_1->z R     unmapped_nand2         1  3.6     0    17     785    (-,-) 
  n_6620             -       -       -     (net)                  -    -     -     -       -    (-,-) 
  g22528/z           (u)     in_0->z R     unmapped_complex2      8 28.8     0    35     820    (-,-) 
  mantissa_sum[4]    -       -       -     (net)                  -    -     -     -       -    (-,-) 
  g8148/z            (u)     in_1->z R     unmapped_or2           4 14.4     0    24     845    (-,-) 
  n_6103             -       -       -     (net)                  -    -     -     -       -    (-,-) 
  g21578/z           (u)     in_0->z R     unmapped_complex2      1  3.6     0    17     861    (-,-) 
  n_7010             -       -       -     (net)                  -    -     -     -       -    (-,-) 
  g21542/z           (u)     in_1->z F     unmapped_complex2      1  3.2     0    17     878    (-,-) 
  n_6361             -       -       -     (net)                  -    -     -     -       -    (-,-) 
  g21503/z           (u)     in_0->z R     unmapped_complex2      4 14.4     0    24     902    (-,-) 
  n_5178             -       -       -     (net)                  -    -     -     -       -    (-,-) 
  g21478/z           (u)     in_0->z F     unmapped_nand2         3  9.6     0    22     924    (-,-) 
  n_6060             -       -       -     (net)                  -    -     -     -       -    (-,-) 
  g21460/z           (u)     in_0->z F     unmapped_complex2      1  3.2     0    17     941    (-,-) 
  n_7015             -       -       -     (net)                  -    -     -     -       -    (-,-) 
  g21447/z           (u)     in_0->z R     unmapped_nand2         4 14.4     0    24     965    (-,-) 
  n_937              -       -       -     (net)                  -    -     -     -       -    (-,-) 
  g9382/z            (u)     in_0->z R     unmapped_or2           7 25.2     0    33     998    (-,-) 
  n_6288             -       -       -     (net)                  -    -     -     -       -    (-,-) 
  g21367/z           (u)     in_0->z F     unmapped_nand2         1  3.2     0    17    1014    (-,-) 
  n_17775            -       -       -     (net)                  -    -     -     -       -    (-,-) 
  g21344/z           (u)     in_0->z F     unmapped_or2           1  3.2     0    17    1031    (-,-) 
  n_17779            -       -       -     (net)                  -    -     -     -       -    (-,-) 
  g21312/z           (u)     in_1->z F     unmapped_complex2      4 12.8     0    24    1055    (-,-) 
  n_6097             -       -       -     (net)                  -    -     -     -       -    (-,-) 
  g21293/z           (u)     in_0->z R     unmapped_complex2      1  3.6     0    17    1072    (-,-) 
  n_8572             -       -       -     (net)                  -    -     -     -       -    (-,-) 
  g22608/z           (u)     in_0->z F     unmapped_complex2      4 12.8     0    24    1096    (-,-) 
  n_6300             -       -       -     (net)                  -    -     -     -       -    (-,-) 
  g22615/z           (u)     in_1->z R     unmapped_complex2      1  3.6     0    17    1113    (-,-) 
  n_17930            -       -       -     (net)                  -    -     -     -       -    (-,-) 
  g21272/z           (u)     in_1->z F     unmapped_complex2      2  6.4     0    19    1132    (-,-) 
  n_6325             -       -       -     (net)                  -    -     -     -       -    (-,-) 
  g22620/z           (u)     in_0->z F     unmapped_complex2      1  3.2     0    17    1149    (-,-) 
  n_6630             -       -       -     (net)                  -    -     -     -       -    (-,-) 
  g21256/z           (u)     in_1->z R     unmapped_complex2      1  3.6     0    17    1165    (-,-) 
  n_6632             -       -       -     (net)                  -    -     -     -       -    (-,-) 
  g21252/z           (u)     in_0->z R     unmapped_complex2      1  0.3     0    14    1179    (-,-) 
  bf_out[13]         -       -       -     (net)                  -    -     -     -       -    (-,-) 
  bf_out[13]         <<<     -       R     (port)                 -    -     -     0    1179    (-,-) 
#-----------------------------------------------------------------------------------------------------

(u) : Net has unmapped pin(s).


