============================================================
  Generated by:           Genus(TM) Synthesis Solution 25.11-s095_1
  Generated on:           Feb 24 2026  11:22:41 am
  Operating conditions:   PVT_1P2V_25C 
  Interconnect mode:      global
  Area mode:              physical library
============================================================

                                Leakage    Internal                               Library 
   Gate    Instances   Area   Power (nW)  Power (nW)            Library            Domain 
------------------------------------------------------------------------------------------
addh_1x            6   62.976     43.991    21773.131 MITLL90_STDLIB_8T.tt1p2v25c       0 
and2_1x           39  163.738    133.000    59829.540 MITLL90_STDLIB_8T.tt1p2v25c       0 
and2_2x            6   31.488     33.909    13690.822 MITLL90_STDLIB_8T.tt1p2v25c       0 
and3_1x            3   18.893      8.640     1559.863 MITLL90_STDLIB_8T.tt1p2v25c       0 
ao21_1x            8   41.984     28.837    12558.760 MITLL90_STDLIB_8T.tt1p2v25c       0 
ao21_2x            2   12.595     10.834     7897.028 MITLL90_STDLIB_8T.tt1p2v25c       0 
ao22_1x           19  139.597     75.868    40597.061 MITLL90_STDLIB_8T.tt1p2v25c       0 
ao22_2x            1    8.397      5.857     3070.743 MITLL90_STDLIB_8T.tt1p2v25c       0 
aoi21_1x          66  277.094    131.797    73779.585 MITLL90_STDLIB_8T.tt1p2v25c       0 
aoi21_2x           9   66.125     34.498    20181.376 MITLL90_STDLIB_8T.tt1p2v25c       0 
aoi21_4x           2   27.290     16.446     7054.096 MITLL90_STDLIB_8T.tt1p2v25c       0 
aoi22_1x          36  188.928     64.663    32720.859 MITLL90_STDLIB_8T.tt1p2v25c       0 
aoi22_2x           1   10.496      3.528     2633.107 MITLL90_STDLIB_8T.tt1p2v25c       0 
aoi22_4x           1   18.893      5.861     2577.113 MITLL90_STDLIB_8T.tt1p2v25c       0 
buf_1x             5   15.744     13.639     4156.893 MITLL90_STDLIB_8T.tt1p2v25c       0 
buf_2x             3   12.595     16.306     3569.183 MITLL90_STDLIB_8T.tt1p2v25c       0 
buf_6x             1    9.446     13.584     8991.686 MITLL90_STDLIB_8T.tt1p2v25c       0 
dffrq_1x          36  604.570    253.911   343632.526 MITLL90_STDLIB_8T.tt1p2v25c       0 
inv_1x           138  289.690    244.059    52131.226 MITLL90_STDLIB_8T.tt1p2v25c       0 
inv_2x            20   62.976     72.604     9252.183 MITLL90_STDLIB_8T.tt1p2v25c       0 
inv_4x             3   15.744     21.162     1428.082 MITLL90_STDLIB_8T.tt1p2v25c       0 
mux2_1x            6   44.083     23.077    12389.016 MITLL90_STDLIB_8T.tt1p2v25c       0 
muxi2_1x           2   12.595      4.381     1948.328 MITLL90_STDLIB_8T.tt1p2v25c       0 
nand2_1x          95  299.136    128.324    38722.119 MITLL90_STDLIB_8T.tt1p2v25c       0 
nand2_2x          31  162.688    107.378    24889.006 MITLL90_STDLIB_8T.tt1p2v25c       0 
nand2_4x          10   94.464     63.630    14105.201 MITLL90_STDLIB_8T.tt1p2v25c       0 
nand3_1x          22   92.365     36.354    13590.617 MITLL90_STDLIB_8T.tt1p2v25c       0 
nand3_2x           7   58.778     18.748     6855.816 MITLL90_STDLIB_8T.tt1p2v25c       0 
nand3_4x           3   44.083     16.378     5707.669 MITLL90_STDLIB_8T.tt1p2v25c       0 
nor2_1x           56  176.333     78.366    31753.118 MITLL90_STDLIB_8T.tt1p2v25c       0 
nor2_2x            6   31.488     13.698     3896.346 MITLL90_STDLIB_8T.tt1p2v25c       0 
nor2_4x            6   56.678     33.853     9228.276 MITLL90_STDLIB_8T.tt1p2v25c       0 
nor3_1x           16   67.174     18.413     9297.903 MITLL90_STDLIB_8T.tt1p2v25c       0 
oa21_1x           10   52.480     42.455    26362.783 MITLL90_STDLIB_8T.tt1p2v25c       0 
oa21_2x            1    6.298      5.997     2142.318 MITLL90_STDLIB_8T.tt1p2v25c       0 
oa22_1x            8   58.778     28.547    15537.624 MITLL90_STDLIB_8T.tt1p2v25c       0 
oai21_1x          45  188.928    106.680    44126.893 MITLL90_STDLIB_8T.tt1p2v25c       0 
oai21_2x           5   36.736     18.661     7437.208 MITLL90_STDLIB_8T.tt1p2v25c       0 
oai21_4x           5   68.224     46.329    18722.962 MITLL90_STDLIB_8T.tt1p2v25c       0 
oai22_1x          39  204.672     91.430    40843.661 MITLL90_STDLIB_8T.tt1p2v25c       0 
oai22_2x           2   20.992      7.957     5878.425 MITLL90_STDLIB_8T.tt1p2v25c       0 
or2_1x            22   92.365     58.674    24632.231 MITLL90_STDLIB_8T.tt1p2v25c       0 
or2_2x             1    5.248      4.778     1040.541 MITLL90_STDLIB_8T.tt1p2v25c       0 
or3_1x             6   37.786     15.413     7764.447 MITLL90_STDLIB_8T.tt1p2v25c       0 
sdffrq_1x          3   62.976     26.615    27901.528 MITLL90_STDLIB_8T.tt1p2v25c       0 
xnor2_1x           6   44.083     21.699     8572.926 MITLL90_STDLIB_8T.tt1p2v25c       0 
xnor2_2x           1   10.496      5.177     3201.095 MITLL90_STDLIB_8T.tt1p2v25c       0 
xnor2_4x           2   33.587     20.161     9998.614 MITLL90_STDLIB_8T.tt1p2v25c       0 
xor2_1x            2   14.694      7.665     3544.145 MITLL90_STDLIB_8T.tt1p2v25c       0 
xor2_2x            6   62.976     34.129    21599.954 MITLL90_STDLIB_8T.tt1p2v25c       0 
------------------------------------------------------------------------------------------
total            829 4220.442   2317.959  1164775.632                                     
                                           Leakage  Leakage   Internal  Internal 
     Type      Instances   Area   Area % Power (nW) Power %  Power (nW)  Power % 
---------------------------------------------------------------------------------
sequential            39  667.546   15.8    280.526    12.1  371534.054     31.9 
inverter             161  368.410    8.7    337.824    14.6   62811.491      5.4 
buffer                 9   37.786    0.9     43.529     1.9   16717.761      1.4 
logic                620 3146.701   74.6   1656.080    71.4  713712.326     61.3 
physical_cells         0    0.000    0.0      0.000     0.0       0.000      0.0 
---------------------------------------------------------------------------------
total                829 4220.442  100.0   2317.959   100.0 1164775.632    100.0 
