============================================================
  Generated by:           Genus(TM) Synthesis Solution 25.11-s095_1
  Generated on:           May 25 2026  01:04:37 am
  Module:                 sysarr_32_input_fp_adder
  Operating conditions:   typical 
  Interconnect mode:      global
  Area mode:              physical library
============================================================


Path 1: MET (0 ps) Setup Check with Pin aligner_inst_aligned_mant_out_reg[9][7]/CK->D
           View: view_1p2_25
          Group: clock1
     Startpoint: (R) aligner_inst_max_l4_n0_r_reg[6]/CK
          Clock: (R) clock1
       Endpoint: (F) aligner_inst_aligned_mant_out_reg[9][7]/D
          Clock: (R) clock1

                     Capture       Launch     
        Clock Edge:+    1000            0     
       Src Latency:+       0            0     
       Net Latency:+       0 (I)        0 (I) 
           Arrival:=    1000            0     
                                              
             Setup:-      43                  
       Uncertainty:-       0                  
     Required Time:=     957                  
      Launch Clock:-       0                  
         Data Path:-     957                  
             Slack:=       0                  

Launch clock path:
#-----------------------------------------------------------------------------------------------------------
#           Timing Point             Flags   Arc   Edge   Cell     Fanout Load Trans Delay Arrival Instance 
#                                                                         (fF)  (ps)  (ps)   (ps)  Location 
#-----------------------------------------------------------------------------------------------------------
  clk                                (i)     -     R     (arrival)   2640  0.0     0     0       0    (-,-) 
  clk                                -       -     -     (net)          -    -     -     -       -    (-,-) 
  clk                                -       -     -     (net)          -    -     -     -       -    (-,-) 
  aligner_inst_max_l4_n0_r_reg[6]/CK <<<     -     R     DFFR_X1     2640    -     1     0       0    (-,-) 
#-----------------------------------------------------------------------------------------------------------

#-------------------------------------------------------------------------------------------------------------------
#               Timing Point                Flags    Arc   Edge   Cell     Fanout Load Trans Delay Arrival Instance 
#                                                                                 (fF)  (ps)  (ps)   (ps)  Location 
#-------------------------------------------------------------------------------------------------------------------
  aligner_inst_max_l4_n0_r_reg[6]/CK        -       -      R     (arrival)   2640    -     1     0       0    (-,-) 
  aligner_inst_max_l4_n0_r_reg[6]/QN        -       CK->QN F     DFFR_X1        6 17.0    28    95      95    (-,-) 
  n_10423                                   -       -      -     (net)          -    -     -     -       -    (-,-) 
  g449905/ZN                                -       A->ZN  R     INV_X4        23 56.3    35    53     148    (-,-) 
  n_730                                     -       -      -     (net)          -    -     -     -       -    (-,-) 
  g449417/ZN                                -       A->ZN  R     XNOR2_X1       3  5.8    38    56     203    (-,-) 
  n_2753                                    -       -      -     (net)          -    -     -     -       -    (-,-) 
  g449245/ZN                                -       A->ZN  F     OAI21_X1       2  2.9    13    28     231    (-,-) 
  n_2908                                    -       -      -     (net)          -    -     -     -       -    (-,-) 
  g449216/ZN                                -       A->ZN  R     INV_X1         1  2.0     9    16     247    (-,-) 
  n_2909                                    -       -      -     (net)          -    -     -     -       -    (-,-) 
  g448800/ZN                                -       A2->ZN F     NAND2_X1       1  1.7     8    13     260    (-,-) 
  n_3240                                    -       -      -     (net)          -    -     -     -       -    (-,-) 
  g447533/ZN                                -       B2->ZN R     AOI21_X1       1  1.9    22    31     292    (-,-) 
  n_4495                                    -       -      -     (net)          -    -     -     -       -    (-,-) 
  g447320/ZN                                -       A1->ZN R     AND3_X2        3  7.6    15    50     341    (-,-) 
  n_4776                                    -       -      -     (net)          -    -     -     -       -    (-,-) 
  g446239/ZN                                -       A2->ZN F     NAND2_X2       7 10.8    16    23     365    (-,-) 
  n_5806                                    -       -      -     (net)          -    -     -     -       -    (-,-) 
  g445948/ZN                                -       A1->ZN R     NAND3_X1       1  2.0    12    20     384    (-,-) 
  n_5976                                    -       -      -     (net)          -    -     -     -       -    (-,-) 
  g445635/ZN                                -       A->ZN  F     OAI21_X1       2  3.7    15    24     408    (-,-) 
  n_6445                                    -       -      -     (net)          -    -     -     -       -    (-,-) 
  g444857/ZN                                -       B1->ZN R     AOI22_X1       1  1.2    24    40     448    (-,-) 
  n_7040                                    -       -      -     (net)          -    -     -     -       -    (-,-) 
  g444527/ZN                                -       A1->ZN R     AND2_X1        1  1.9     9    36     485    (-,-) 
  n_7407                                    -       -      -     (net)          -    -     -     -       -    (-,-) 
  g444078/ZN                                -       A2->ZN R     AND3_X2        3  4.9    12    44     528    (-,-) 
  n_7941                                    -       -      -     (net)          -    -     -     -       -    (-,-) 
  g443997/ZN                                -       A1->ZN F     NAND4_X1       1  1.9    21    25     553    (-,-) 
  n_7997                                    -       -      -     (net)          -    -     -     -       -    (-,-) 
  g443939/ZN                                -       A2->ZN R     NOR2_X1        1  2.0    18    34     587    (-,-) 
  n_8049                                    -       -      -     (net)          -    -     -     -       -    (-,-) 
  g443864/ZN                                -       A3->ZN R     AND3_X2        6 11.3    19    55     643    (-,-) 
  n_8149                                    -       -      -     (net)          -    -     -     -       -    (-,-) 
  g443811/ZN                                -       A1->ZN R     AND2_X2        5  9.4    16    41     684    (-,-) 
  n_8198                                    -       -      -     (net)          -    -     -     -       -    (-,-) 
  g443750/ZN                                -       A1->ZN R     AND2_X2        8 16.0    23    48     732    (-,-) 
  n_8262                                    -       -      -     (net)          -    -     -     -       -    (-,-) 
  g443638/ZN                                -       A1->ZN F     NAND3_X2       5  7.9    18    29     762    (-,-) 
  n_8384                                    -       -      -     (net)          -    -     -     -       -    (-,-) 
  g443394/ZN                                -       A1->ZN F     OR2_X2         6  8.4    12    52     813    (-,-) 
  n_8642                                    -       -      -     (net)          -    -     -     -       -    (-,-) 
  g443103/ZN                                -       A1->ZN F     AND2_X1        2  3.5     8    33     847    (-,-) 
  n_8923                                    -       -      -     (net)          -    -     -     -       -    (-,-) 
  g442764/ZN                                -       A1->ZN F     AND2_X1        2  4.1     8    32     879    (-,-) 
  n_9217                                    -       -      -     (net)          -    -     -     -       -    (-,-) 
  g442393/ZN                                -       A1->ZN R     NAND2_X1       2  4.3    15    21     900    (-,-) 
  n_9520                                    -       -      -     (net)          -    -     -     -       -    (-,-) 
  g441920__1666/ZN                          -       A->ZN  F     AOI21_X1       1  2.4    19    16     916    (-,-) 
  n_9670                                    -       -      -     (net)          -    -     -     -       -    (-,-) 
  g441197__1705/ZN                          -       A->ZN  F     XNOR2_X1       1  1.4    15    42     957    (-,-) 
  n_10131                                   -       -      -     (net)          -    -     -     -       -    (-,-) 
  aligner_inst_aligned_mant_out_reg[9][7]/D <<<     -      F     DFFR_X1        1    -     -     0     957    (-,-) 
#-------------------------------------------------------------------------------------------------------------------

Capture clock path:
#-------------------------------------------------------------------------------------------------------------------
#               Timing Point                 Flags   Arc   Edge   Cell     Fanout Load Trans Delay Arrival Instance 
#                                                                                 (fF)  (ps)  (ps)   (ps)  Location 
#-------------------------------------------------------------------------------------------------------------------
  clk                                        (i)     -     R     (arrival)   2640  0.0     0     0    1000    (-,-) 
  clk                                        -       -     -     (net)          -    -     -     -       -    (-,-) 
  clk                                        -       -     -     (net)          -    -     -     -       -    (-,-) 
  aligner_inst_aligned_mant_out_reg[9][7]/CK <<<     -     R     DFFR_X1     2640    -     1     0    1000    (-,-) 
#-------------------------------------------------------------------------------------------------------------------


