============================================================
  Generated by:           Genus(TM) Synthesis Solution 25.11-s095_1
  Generated on:           May 24 2026  01:20:31 pm
  Module:                 sysarr_32_input_fp_adder
  Library domain:         timing_condition_tt_1p2v_25c
    Domain index:         0
    Technology library:   NangateOpenCellLibrary revision 1.0
  Operating conditions:   typical 
  Interconnect mode:      global
  Area mode:              physical library
============================================================

Timing
--------

Analysis view  Clock Period 
----------------------------
view_1p2_25   clock1 1000.0 


  Analysis    Cost   Critical             Violating 
    View     Group  Path Slack    TNS       Paths   
----------------------------------------------------
view_1p2_25  clock1     -255.6 -147755.1        902 
            default   No paths       0.0          0 
----------------------------------------------------
Total                          -147755.1        902 
                                                    

Instance Count
--------------
Leaf Instance Count             28988 
Physical Instance count             0 
Sequential Instance Count        1932 
Combinational Instance Count    27056 
Hierarchical Instance Count        15 

Area
----
Cell Area                          53894.130
Physical Cell Area                 0.000
Total Cell Area (Cell+Physical)    53894.130
Net Area                           25.916
Total Area (Cell+Physical+Net)     53920.046

Power
-----
Leakage Power                      486158.846 nW
Dynamic Power                      24336978.725 nW
Total Power                        24823137.570 nW

Max Fanout                         1932 (clk)
Min Fanout                         0 (aligner_inst_n_6209)
Average Fanout                     1.8
Terms to net ratio                 2.6928
Terms to instance ratio            3.3326
Runtime                            48.42424 seconds
Elapsed Runtime                    54 seconds
Genus peak memory usage            1766.73 
Innovus peak memory usage          no_value 
Hostname                           asicfab.ecn.purdue.edu
