============================================================
  Generated by:           Genus(TM) Synthesis Solution 25.11-s095_1
  Generated on:           Mar 10 2026  10:07:01 pm
  Module:                 add_bf16_1C
  Operating conditions:   typical 
  Interconnect mode:      global
  Area mode:              physical library
============================================================

Timing
--------

Analysis view  Clock Period 
----------------------------
view_1p2_25   clock1 1449.0 


  Analysis    Cost   Critical        Violating 
    View     Group  Path Slack  TNS    Paths   
-----------------------------------------------
view_1p2_25  clock1        0.4  0.0          0 
            default   No paths  0.0          0 
-----------------------------------------------
Total                          -0.0          0 
                                               

Instance Count
--------------
Leaf Instance Count             737 
Physical Instance count           0 
Sequential Instance Count        33 
Combinational Instance Count    704 
Hierarchical Instance Count       0 

Area
----
Cell Area                          972.230
Physical Cell Area                 0.000
Total Cell Area (Cell+Physical)    972.230
Net Area                           990.347
Total Area (Cell+Physical+Net)     1962.577

Power
-----
Leakage Power                      23738.312 nW
Dynamic Power                      1737754.985 nW
Total Power                        1761493.297 nW

Max Fanout                         33 (clk)
Min Fanout                         0 (nRST)
Average Fanout                     2.2
Terms to net ratio                 3.2148
Terms to instance ratio            3.4111
Runtime                            45.995626 seconds
Elapsed Runtime                    52 seconds
Genus peak memory usage            1673.75 
Innovus peak memory usage          no_value 
Hostname                           asicfab.ecn.purdue.edu
