============================================================
  Generated by:           Genus(TM) Synthesis Solution 25.11-s095_1
  Generated on:           Mar 11 2026  03:11:19 am
  Operating conditions:   typical 
  Interconnect mode:      global
  Area mode:              physical library
============================================================

                                Leakage    Internal                          Library 
   Gate    Instances   Area   Power (nW)  Power (nW)          Library         Domain 
-------------------------------------------------------------------------------------
AND2_X1           62   65.968   1591.890   102523.203 NangateOpenCellLibrary       0 
AND2_X2            5    6.650    261.860     8624.150 NangateOpenCellLibrary       0 
AND2_X4            1    2.394    107.606     3044.379 NangateOpenCellLibrary       0 
AND3_X1            2    2.660     47.798      584.343 NangateOpenCellLibrary       0 
AND4_X1            5    7.980    117.066     1837.458 NangateOpenCellLibrary       0 
AND4_X2            1    1.862     53.659      422.682 NangateOpenCellLibrary       0 
AOI211_X1          3    3.990    113.763     4230.867 NangateOpenCellLibrary       0 
AOI21_X1          49   52.136   1237.467    72099.630 NangateOpenCellLibrary       0 
AOI21_X2           6   11.172    346.466     8353.735 NangateOpenCellLibrary       0 
AOI221_X1         15   23.940    547.915    22243.100 NangateOpenCellLibrary       0 
AOI222_X1         16   34.048    694.591    32620.232 NangateOpenCellLibrary       0 
AOI22_X1         149  198.170   4716.471   176527.667 NangateOpenCellLibrary       0 
CLKBUF_X1          1    0.798     12.715       30.013 NangateOpenCellLibrary       0 
DFFR_X1          124  659.680  10936.841  1332531.939 NangateOpenCellLibrary       0 
FA_X1             34  144.704   2608.816   193831.551 NangateOpenCellLibrary       0 
HA_X1             54  143.640   3235.073   214435.307 NangateOpenCellLibrary       0 
INV_X1           288  153.216   4128.843   175821.341 NangateOpenCellLibrary       0 
INV_X16            1    4.522    224.129     8216.748 NangateOpenCellLibrary       0 
INV_X2            13   10.374    368.622    10179.438 NangateOpenCellLibrary       0 
INV_X4             7    9.310    404.621     6363.653 NangateOpenCellLibrary       0 
INV_X8             1    2.394    117.588     4095.407 NangateOpenCellLibrary       0 
MUX2_X1          274  510.188   9931.240   657881.825 NangateOpenCellLibrary       0 
NAND2_X1         199  158.802   3749.914   153067.515 NangateOpenCellLibrary       0 
NAND2_X2           7    9.310    313.326    10604.429 NangateOpenCellLibrary       0 
NAND2_X4           3    7.182    284.541     7363.153 NangateOpenCellLibrary       0 
NAND3_X1          10   10.640    155.352     5324.469 NangateOpenCellLibrary       0 
NAND3_X2           2    3.724     68.691     2831.756 NangateOpenCellLibrary       0 
NAND4_X1          11   14.630    166.442     1545.883 NangateOpenCellLibrary       0 
NAND4_X4           1    4.788     86.142     5162.071 NangateOpenCellLibrary       0 
NOR2_X1          115   91.770   2455.055    86629.218 NangateOpenCellLibrary       0 
NOR2_X2            9   11.970    380.900     7214.066 NangateOpenCellLibrary       0 
NOR2_X4            1    2.394     84.798      864.437 NangateOpenCellLibrary       0 
NOR3_X1            7    7.448    200.790     1801.950 NangateOpenCellLibrary       0 
NOR3_X2            1    1.862     84.718        0.000 NangateOpenCellLibrary       0 
NOR4_X1           28   37.240    959.238     4506.830 NangateOpenCellLibrary       0 
OAI211_X1          1    1.330     37.240     1673.403 NangateOpenCellLibrary       0 
OAI211_X2          1    2.394     70.441      930.978 NangateOpenCellLibrary       0 
OAI21_X1          53   56.392   1539.361    67412.046 NangateOpenCellLibrary       0 
OAI21_X2           9   16.758    525.925    14876.067 NangateOpenCellLibrary       0 
OAI21_X4           1    3.458    118.818     2341.859 NangateOpenCellLibrary       0 
OAI221_X1         19   30.324    958.538    32198.779 NangateOpenCellLibrary       0 
OAI222_X1         17   36.176    991.526    34382.104 NangateOpenCellLibrary       0 
OAI22_X1          86  114.380   3569.678   114079.842 NangateOpenCellLibrary       0 
OAI22_X2           3    7.182    202.850     3513.433 NangateOpenCellLibrary       0 
OAI33_X1           1    1.862     33.650     2719.417 NangateOpenCellLibrary       0 
OR2_X1            32   34.048    734.421    49420.278 NangateOpenCellLibrary       0 
OR2_X2             1    1.330     45.944     1843.011 NangateOpenCellLibrary       0 
OR3_X1             6    7.980    147.707     5691.016 NangateOpenCellLibrary       0 
OR4_X1             7   11.172    190.827     4102.210 NangateOpenCellLibrary       0 
SDFFR_X1          12   79.800   1296.073   162061.364 NangateOpenCellLibrary       0 
XNOR2_X1          66  105.336   2452.721   142770.528 NangateOpenCellLibrary       0 
XNOR2_X2           3    7.980    214.457    12824.231 NangateOpenCellLibrary       0 
XOR2_X1           80  127.680   2866.222   191820.658 NangateOpenCellLibrary       0 
XOR2_X2            2    4.788    142.468     7508.249 NangateOpenCellLibrary       0 
-------------------------------------------------------------------------------------
total           1905 3061.926  66933.815  4175583.920                                
                                           Leakage  Leakage   Internal  Internal 
     Type      Instances   Area   Area % Power (nW) Power %  Power (nW)  Power % 
---------------------------------------------------------------------------------
sequential           136  739.480   24.2  12232.914    18.3 1494593.303     35.8 
inverter             310  179.816    5.9   5243.802     7.8  204676.587      4.9 
buffer                 1    0.798    0.0     12.715     0.0      30.013      0.0 
logic               1458 2141.832   70.0  49444.383    73.9 2476284.017     59.3 
physical_cells         0    0.000    0.0      0.000     0.0       0.000      0.0 
---------------------------------------------------------------------------------
total               1905 3061.926  100.0  66933.815   100.0 4175583.920    100.0 
