============================================================
  Generated by:           Genus(TM) Synthesis Solution 25.11-s095_1
  Generated on:           Jan 31 2026  10:14:27 pm
  Operating conditions:   PVT_1P2V_25C 
  Interconnect mode:      global
  Area mode:              physical library
============================================================

                                Leakage    Internal                              Library 
   Gate    Instances   Area   Power (nW)  Power (nW)           Library            Domain 
-----------------------------------------------------------------------------------------
addh_1x           10  104.960     71.276   37294.725 MITLL90_STDLIB_8T.tt1p2v25c       0 
and2_1x           32  134.349    102.168   26435.468 MITLL90_STDLIB_8T.tt1p2v25c       0 
and2_2x            3   15.744     16.778    5872.595 MITLL90_STDLIB_8T.tt1p2v25c       0 
and3_1x            9   56.678     30.691    7008.466 MITLL90_STDLIB_8T.tt1p2v25c       0 
and3_2x            1    7.347      6.573    4077.496 MITLL90_STDLIB_8T.tt1p2v25c       0 
ao21_1x           17   89.216     61.326   29599.094 MITLL90_STDLIB_8T.tt1p2v25c       0 
ao22_1x            6   44.083     21.491    5488.613 MITLL90_STDLIB_8T.tt1p2v25c       0 
aoi21_1x          38  159.539     74.326   28981.370 MITLL90_STDLIB_8T.tt1p2v25c       0 
aoi21_2x           8   58.778     28.839   13552.816 MITLL90_STDLIB_8T.tt1p2v25c       0 
aoi21_4x           4   54.579     34.465   11299.804 MITLL90_STDLIB_8T.tt1p2v25c       0 
aoi22_1x          47  246.656     80.022   36289.492 MITLL90_STDLIB_8T.tt1p2v25c       0 
aoi22_2x           2   20.992      7.412    4278.120 MITLL90_STDLIB_8T.tt1p2v25c       0 
buf_1x            18   56.678     50.636   17748.295 MITLL90_STDLIB_8T.tt1p2v25c       0 
buf_2x             2    8.397     10.518    3369.666 MITLL90_STDLIB_8T.tt1p2v25c       0 
dffrq_1x          17  285.491    116.919  158839.182 MITLL90_STDLIB_8T.tt1p2v25c       0 
inv_1x           128  268.698    227.472   41907.126 MITLL90_STDLIB_8T.tt1p2v25c       0 
inv_2x            10   31.488     38.751    7557.336 MITLL90_STDLIB_8T.tt1p2v25c       0 
inv_4x             3   15.744     19.012    3615.711 MITLL90_STDLIB_8T.tt1p2v25c       0 
mux2_1x            5   36.736     18.517    9006.913 MITLL90_STDLIB_8T.tt1p2v25c       0 
mux2_2x            1    8.397      5.570    1320.017 MITLL90_STDLIB_8T.tt1p2v25c       0 
muxi2_1x          13   81.869     25.456    8620.530 MITLL90_STDLIB_8T.tt1p2v25c       0 
nand2_1x          93  292.838    135.168   40409.679 MITLL90_STDLIB_8T.tt1p2v25c       0 
nand2_2x          21  110.208     59.467   18406.401 MITLL90_STDLIB_8T.tt1p2v25c       0 
nand2_4x           2   18.893     22.625    3002.350 MITLL90_STDLIB_8T.tt1p2v25c       0 
nand3_1x          28  117.555     32.189   10888.141 MITLL90_STDLIB_8T.tt1p2v25c       0 
nand3_2x           2   16.794      3.869    1824.662 MITLL90_STDLIB_8T.tt1p2v25c       0 
nor2_1x           52  163.738     73.586   21001.425 MITLL90_STDLIB_8T.tt1p2v25c       0 
nor2_2x           12   62.976     35.242    7018.399 MITLL90_STDLIB_8T.tt1p2v25c       0 
nor3_1x           19   79.770     12.459    3961.798 MITLL90_STDLIB_8T.tt1p2v25c       0 
nor3_2x            1    8.397      3.665      33.867 MITLL90_STDLIB_8T.tt1p2v25c       0 
oa21_1x           10   52.480     39.186   16124.645 MITLL90_STDLIB_8T.tt1p2v25c       0 
oa21_2x            3   18.893     16.713    4591.103 MITLL90_STDLIB_8T.tt1p2v25c       0 
oa22_1x            2   14.694      7.249    4625.937 MITLL90_STDLIB_8T.tt1p2v25c       0 
oai21_1x          43  180.531    125.237   42875.278 MITLL90_STDLIB_8T.tt1p2v25c       0 
oai21_2x           5   36.736     19.550    9699.217 MITLL90_STDLIB_8T.tt1p2v25c       0 
oai22_1x          20  104.960     43.611   17892.861 MITLL90_STDLIB_8T.tt1p2v25c       0 
or2_1x            17   71.373     46.539   16111.990 MITLL90_STDLIB_8T.tt1p2v25c       0 
or2_2x             1    5.248      4.694    3530.791 MITLL90_STDLIB_8T.tt1p2v25c       0 
or3_1x             2   12.595      4.017    1459.950 MITLL90_STDLIB_8T.tt1p2v25c       0 
or3_2x             1    7.347      3.794    3397.622 MITLL90_STDLIB_8T.tt1p2v25c       0 
sdffrq_1x         13  272.896    106.592  127158.315 MITLL90_STDLIB_8T.tt1p2v25c       0 
xnor2_1x          15  110.208     57.351   22423.375 MITLL90_STDLIB_8T.tt1p2v25c       0 
xnor2_2x           1   10.496      5.299     832.768 MITLL90_STDLIB_8T.tt1p2v25c       0 
xnor2_4x           3   50.381     31.887   13953.768 MITLL90_STDLIB_8T.tt1p2v25c       0 
xor2_1x            1    7.347      3.734     846.665 MITLL90_STDLIB_8T.tt1p2v25c       0 
xor2_2x            4   41.984     22.780   13597.236 MITLL90_STDLIB_8T.tt1p2v25c       0 
-----------------------------------------------------------------------------------------
total            745 3655.757   1964.720  867831.076                                     
                                           Leakage  Leakage  Internal  Internal 
     Type      Instances   Area   Area % Power (nW) Power % Power (nW)  Power % 
--------------------------------------------------------------------------------
sequential            30  558.387   15.3    223.511    11.4 285997.497     33.0 
inverter             141  315.930    8.6    285.235    14.5  53080.173      6.1 
buffer                20   65.075    1.8     61.153     3.1  21117.961      2.4 
logic                554 2716.365   74.3   1394.822    71.0 507635.444     58.5 
physical_cells         0    0.000    0.0      0.000     0.0      0.000      0.0 
--------------------------------------------------------------------------------
total                745 3655.757  100.0   1964.720   100.0 867831.076    100.0 
