============================================================
  Generated by:           Genus(TM) Synthesis Solution 25.11-s095_1
  Generated on:           May 23 2026  02:58:58 am
  Module:                 sysarr_32_input_fp_adder
  Library domain:         timing_condition_tt_1p2v_25c
    Domain index:         0
    Technology library:   NangateOpenCellLibrary revision 1.0
  Operating conditions:   typical 
  Interconnect mode:      global
  Area mode:              physical library
============================================================

Timing
--------

Analysis view  Clock Period 
----------------------------
view_1p2_25   clock1 1000.0 


  Analysis    Cost   Critical        Violating 
    View     Group  Path Slack  TNS    Paths   
-----------------------------------------------
view_1p2_25  clock1       48.7  0.0          0 
            default   No paths  0.0          0 
-----------------------------------------------
Total                          -0.0          0 
                                               

Instance Count
--------------
Leaf Instance Count             38305 
Physical Instance count             0 
Sequential Instance Count        2650 
Combinational Instance Count    35655 
Hierarchical Instance Count        23 

Area
----
Cell Area                          71618.928
Physical Cell Area                 0.000
Total Cell Area (Cell+Physical)    71618.928
Net Area                           25.916
Total Area (Cell+Physical+Net)     71644.844

Power
-----
Leakage Power                      649394.207 nW
Dynamic Power                      29620841.658 nW
Total Power                        30270235.866 nW

Max Fanout                         2650 (clk)
Min Fanout                         0 (aligner_inst_n_7417)
Average Fanout                     1.9
Terms to net ratio                 2.9264
Terms to instance ratio            3.3458
Runtime                            55.073156 seconds
Elapsed Runtime                    58 seconds
Genus peak memory usage            1803.59 
Innovus peak memory usage          no_value 
Hostname                           asicfab.ecn.purdue.edu
