============================================================
  Generated by:           Genus(TM) Synthesis Solution 25.11-s095_1
  Generated on:           Mar 10 2026  07:16:00 pm
  Module:                 add_fp16
  Operating conditions:   typical 
  Interconnect mode:      global
  Area mode:              physical library
============================================================

Timing
--------

Analysis view  Clock Period 
----------------------------
view_1p2_25   clock1 1220.0 


  Analysis    Cost   Critical        Violating 
    View     Group  Path Slack  TNS    Paths   
-----------------------------------------------
view_1p2_25  clock1        0.3  0.0          0 
            default   No paths  0.0          0 
-----------------------------------------------
Total                          -0.0          0 
                                               

Instance Count
--------------
Leaf Instance Count             1651 
Physical Instance count            0 
Sequential Instance Count         68 
Combinational Instance Count    1583 
Hierarchical Instance Count        0 

Area
----
Cell Area                          2159.388
Physical Cell Area                 0.000
Total Cell Area (Cell+Physical)    2159.388
Net Area                           2436.402
Total Area (Cell+Physical+Net)     4595.790

Power
-----
Leakage Power                      52123.520 nW
Dynamic Power                      3879863.546 nW
Total Power                        3931987.066 nW

Max Fanout                         68 (clk)
Min Fanout                         0 (nRST)
Average Fanout                     2.4
Terms to net ratio                 3.4257
Terms to instance ratio            3.7141
Runtime                            83.979585 seconds
Elapsed Runtime                    92 seconds
Genus peak memory usage            2699.76 
Innovus peak memory usage          no_value 
Hostname                           asicfab.ecn.purdue.edu
