============================================================
  Generated by:           Genus(TM) Synthesis Solution 25.11-s095_1
  Generated on:           Mar 10 2026  07:16:14 pm
  Module:                 add_fp16
  Operating conditions:   typical 
  Interconnect mode:      global
  Area mode:              physical library
============================================================


Path 1: MET (0 ps) Late External Delay Assertion at pin fp_out[30]
           View: view_1p2_25
          Group: clock1
     Startpoint: (R) smaller_mantissa_l_reg[18]/CK
          Clock: (R) clock1
       Endpoint: (R) fp_out[30]
          Clock: (R) clock1

                     Capture       Launch     
        Clock Edge:+    1220            0     
       Src Latency:+       0            0     
       Net Latency:+       0 (I)        0 (I) 
           Arrival:=    1220            0     
                                              
      Output Delay:-       1                  
       Uncertainty:-       0                  
     Required Time:=    1218                  
      Launch Clock:-       0                  
         Data Path:-    1218                  
             Slack:=       0                  

Exceptions/Constraints:
  output_delay              1              add_fp16.sdc_line_17_67_1   

Launch clock path:
#------------------------------------------------------------------------------------------------------
#         Timing Point          Flags   Arc   Edge   Cell     Fanout Load Trans Delay Arrival Instance 
#                                                                    (fF)  (ps)  (ps)   (ps)  Location 
#------------------------------------------------------------------------------------------------------
  clk                           (i)     -     R     (arrival)     68  0.0     0     0       0    (-,-) 
  clk                           -       -     -     (net)          -    -     -     -       -    (-,-) 
  clk                           -       -     -     (net)          -    -     -     -       -    (-,-) 
  smaller_mantissa_l_reg[18]/CK <<<     -     R     DFFR_X1       68    -     1     0       0    (-,-) 
#------------------------------------------------------------------------------------------------------

#-------------------------------------------------------------------------------------------------------
#         Timing Point          Flags    Arc   Edge   Cell     Fanout Load Trans Delay Arrival Instance 
#                                                                     (fF)  (ps)  (ps)   (ps)  Location 
#-------------------------------------------------------------------------------------------------------
  smaller_mantissa_l_reg[18]/CK -       -      R     (arrival)     68    -     1     0       0    (-,-) 
  smaller_mantissa_l_reg[18]/Q  -       CK->Q  R     DFFR_X1        4  6.8    20   112     112    (-,-) 
  smaller_mantissa_l[18]        -       -      -     (net)          -    -     -     -       -    (-,-) 
  sub_241_42_pol_pol_g1075/ZN   -       A2->ZN R     AND2_X1        4  7.5    21    50     162    (-,-) 
  sub_241_42_pol_pol_n_902      -       -      -     (net)          -    -     -     -       -    (-,-) 
  sub_241_42_pol_pol_g915/ZN    -       A2->ZN F     NOR2_X1        2  2.9     9    15     176    (-,-) 
  sub_241_42_pol_pol_n_650      -       -      -     (net)          -    -     -     -       -    (-,-) 
  sub_241_42_pol_pol_g874/ZN    -       A2->ZN R     NAND2_X1       1  1.9    10    17     194    (-,-) 
  sub_241_42_pol_pol_n_600      -       -      -     (net)          -    -     -     -       -    (-,-) 
  g36257/ZN                     -       A->ZN  F     OAI211_X1      5  8.5    31    47     241    (-,-) 
  n_1562                        -       -      -     (net)          -    -     -     -       -    (-,-) 
  g36256/ZN                     -       C1->ZN R     AOI221_X1      3  5.8    71    87     328    (-,-) 
  n_1561                        -       -      -     (net)          -    -     -     -       -    (-,-) 
  sub_241_42_pol_pol_g841/ZN    -       A->ZN  F     INV_X1         1  1.7    15     9     337    (-,-) 
  sub_241_42_pol_pol_n_551      -       -      -     (net)          -    -     -     -       -    (-,-) 
  sub_241_42_pol_pol_g832/ZN    -       B1->ZN R     AOI21_X1       1  2.0    23    30     367    (-,-) 
  sub_241_42_pol_pol_n_534      -       -      -     (net)          -    -     -     -       -    (-,-) 
  sub_241_42_pol_pol_g802/ZN    -       A2->ZN F     NAND2_X1       1  2.4     9    18     385    (-,-) 
  sub_241_42_pol_pol_n_498      -       -      -     (net)          -    -     -     -       -    (-,-) 
  sub_241_42_pol_pol_g791/ZN    -       A->ZN  F     XNOR2_X1       1  1.8    10    38     423    (-,-) 
  n_1427                        -       -      -     (net)          -    -     -     -       -    (-,-) 
  g36110__6161/ZN               -       A1->ZN R     NAND2_X1       2  5.7    23    25     448    (-,-) 
  n_818                         -       -      -     (net)          -    -     -     -       -    (-,-) 
  g35873__4319/ZN               -       A2->ZN F     NAND2_X2       6 12.6    16    28     475    (-,-) 
  mantissa_sum[25]              -       -      -     (net)          -    -     -     -       -    (-,-) 
  g35868/ZN                     -       A->ZN  R     INV_X1         1  3.5    12    21     496    (-,-) 
  n_1015                        -       -      -     (net)          -    -     -     -       -    (-,-) 
  g35857__9315/ZN               -       A1->ZN R     AND2_X4        5  9.9    10    32     528    (-,-) 
  n_1032                        -       -      -     (net)          -    -     -     -       -    (-,-) 
  g35825__1666/ZN               -       A1->ZN R     AND3_X4        5 11.4    13    42     570    (-,-) 
  n_1067                        -       -      -     (net)          -    -     -     -       -    (-,-) 
  g35796__5107/ZN               -       A1->ZN F     NAND2_X1      10 16.1    32    44     614    (-,-) 
  n_756                         -       -      -     (net)          -    -     -     -       -    (-,-) 
  g35783/ZN                     -       A->ZN  R     INV_X1         9 16.1    40    60     674    (-,-) 
  n_757                         -       -      -     (net)          -    -     -     -       -    (-,-) 
  g35673__5122/ZN               -       B1->ZN F     AOI22_X1       1  1.8    19    29     703    (-,-) 
  n_1191                        -       -      -     (net)          -    -     -     -       -    (-,-) 
  g35641__6131/ZN               -       A->ZN  R     OAI221_X1      1  1.9    36    27     730    (-,-) 
  n_1216                        -       -      -     (net)          -    -     -     -       -    (-,-) 
  g35578__8246/ZN               -       A->ZN  F     AOI21_X1       1  1.8    19    19     748    (-,-) 
  n_1278                        -       -      -     (net)          -    -     -     -       -    (-,-) 
  g35521__8246/ZN               -       A3->ZN R     NAND4_X1       2  4.6    21    34     782    (-,-) 
  n_1366                        -       -      -     (net)          -    -     -     -       -    (-,-) 
  inc_add_315_48_g622/ZN        -       A2->ZN F     NAND2_X1       1  1.7    10    16     798    (-,-) 
  inc_add_315_48_n_479          -       -      -     (net)          -    -     -     -       -    (-,-) 
  inc_add_315_48_g613/ZN        -       A1->ZN R     NOR2_X1        1  1.9    16    25     823    (-,-) 
  inc_add_315_48_n_464          -       -      -     (net)          -    -     -     -       -    (-,-) 
  inc_add_315_48_g596/ZN        -       A2->ZN R     AND3_X2        2  6.8    14    49     872    (-,-) 
  inc_add_315_48_n_429          -       -      -     (net)          -    -     -     -       -    (-,-) 
  inc_add_315_48_g593/ZN        -       A1->ZN F     NAND2_X2       2  7.6    11    19     891    (-,-) 
  inc_add_315_48_n_425          -       -      -     (net)          -    -     -     -       -    (-,-) 
  inc_add_315_48_g590/ZN        -       A1->ZN R     NOR2_X4        3  5.6    14    22     914    (-,-) 
  inc_add_315_48_n_421          -       -      -     (net)          -    -     -     -       -    (-,-) 
  inc_add_315_48_g585/ZN        -       A1->ZN F     NAND2_X1       2  4.7    12    21     935    (-,-) 
  inc_add_315_48_n_413          -       -      -     (net)          -    -     -     -       -    (-,-) 
  inc_add_315_48_g578/ZN        -       A1->ZN R     NOR2_X2        3  6.5    23    32     967    (-,-) 
  n_1400                        -       -      -     (net)          -    -     -     -       -    (-,-) 
  g23612__6260/ZN               -       A1->ZN R     AND2_X1        3  5.7    17    46    1013    (-,-) 
  n_568                         -       -      -     (net)          -    -     -     -       -    (-,-) 
  g23606__6417/ZN               -       A1->ZN F     NAND2_X1       3  5.1    16    23    1036    (-,-) 
  n_711                         -       -      -     (net)          -    -     -     -       -    (-,-) 
  g23588__8246/ZN               -       A1->ZN R     NOR2_X1        4  7.5    42    56    1092    (-,-) 
  n_569                         -       -      -     (net)          -    -     -     -       -    (-,-) 
  g23582__1617/ZN               -       A1->ZN F     NAND2_X1       2  4.1    18    27    1119    (-,-) 
  n_731                         -       -      -     (net)          -    -     -     -       -    (-,-) 
  g23577__8428/ZN               -       A->ZN  F     XNOR2_X1       1  1.8    12    42    1160    (-,-) 
  n_736                         -       -      -     (net)          -    -     -     -       -    (-,-) 
  g23572__5477/ZN               -       A1->ZN R     NAND2_X1       2  3.7    18    21    1181    (-,-) 
  n_738                         -       -      -     (net)          -    -     -     -       -    (-,-) 
  g23543__5477/ZN               -       B1->ZN F     AOI21_X1       1  1.8    10    17    1198    (-,-) 
  n_740                         -       -      -     (net)          -    -     -     -       -    (-,-) 
  g23542__6417/ZN               -       B1->ZN R     OAI21_X1       1  0.3    12    20    1218    (-,-) 
  fp_out[30]                    -       -      -     (net)          -    -     -     -       -    (-,-) 
  fp_out[30]                    <<<     -      R     (port)         -    -     -     0    1218    (-,-) 
#-------------------------------------------------------------------------------------------------------


