============================================================
  Generated by:           Genus(TM) Synthesis Solution 25.11-s095_1
  Generated on:           Feb 24 2026  10:07:52 am
  Operating conditions:   PVT_1P2V_25C 
  Interconnect mode:      global
  Area mode:              physical library
============================================================

                                Leakage    Internal                               Library 
   Gate    Instances   Area   Power (nW)  Power (nW)            Library            Domain 
------------------------------------------------------------------------------------------
addh_1x            6   62.976     44.104    20393.518 MITLL90_STDLIB_8T.tt1p2v25c       0 
and2_1x           31  130.150    104.979    45787.479 MITLL90_STDLIB_8T.tt1p2v25c       0 
and2_2x            5   26.240     28.042     9019.645 MITLL90_STDLIB_8T.tt1p2v25c       0 
and3_1x           11   69.274     36.225     9054.442 MITLL90_STDLIB_8T.tt1p2v25c       0 
ao21_1x           11   57.728     41.494    22168.313 MITLL90_STDLIB_8T.tt1p2v25c       0 
ao21_2x            2   12.595     10.393    10167.244 MITLL90_STDLIB_8T.tt1p2v25c       0 
ao22_1x           12   88.166     44.048    23726.560 MITLL90_STDLIB_8T.tt1p2v25c       0 
ao22_2x            1    8.397      5.967     5147.897 MITLL90_STDLIB_8T.tt1p2v25c       0 
aoi21_1x          66  277.094    131.219    76651.914 MITLL90_STDLIB_8T.tt1p2v25c       0 
aoi21_2x           7   51.430     26.431    15156.159 MITLL90_STDLIB_8T.tt1p2v25c       0 
aoi22_1x          61  320.128    101.493    50356.843 MITLL90_STDLIB_8T.tt1p2v25c       0 
aoi22_2x           3   31.488     13.435     4605.499 MITLL90_STDLIB_8T.tt1p2v25c       0 
aoi22_4x           1   18.893      8.956     3077.631 MITLL90_STDLIB_8T.tt1p2v25c       0 
buf_1x             7   22.042     19.260    10988.714 MITLL90_STDLIB_8T.tt1p2v25c       0 
dffrq_1x          33  554.189    224.713   314712.440 MITLL90_STDLIB_8T.tt1p2v25c       0 
inv_1x           145  304.384    250.923    62884.600 MITLL90_STDLIB_8T.tt1p2v25c       0 
inv_2x            16   50.381     62.140    10711.461 MITLL90_STDLIB_8T.tt1p2v25c       0 
inv_4x             9   47.232     65.631     8530.804 MITLL90_STDLIB_8T.tt1p2v25c       0 
inv_6x             1    7.347     11.304     1549.332 MITLL90_STDLIB_8T.tt1p2v25c       0 
mux2_1x            9   66.125     34.591    18802.939 MITLL90_STDLIB_8T.tt1p2v25c       0 
muxi2_1x           7   44.083     13.664     5127.254 MITLL90_STDLIB_8T.tt1p2v25c       0 
nand2_1x          93  292.838    128.591    47050.955 MITLL90_STDLIB_8T.tt1p2v25c       0 
nand2_2x          27  141.696     82.354    23948.454 MITLL90_STDLIB_8T.tt1p2v25c       0 
nand2_4x           6   56.678     27.997     7802.191 MITLL90_STDLIB_8T.tt1p2v25c       0 
nand3_1x          33  138.547     51.210    18204.508 MITLL90_STDLIB_8T.tt1p2v25c       0 
nand3_2x           1    8.397      0.680      724.916 MITLL90_STDLIB_8T.tt1p2v25c       0 
nand3_4x           2   29.389      6.427     6115.855 MITLL90_STDLIB_8T.tt1p2v25c       0 
nor2_1x           51  160.589     69.174    25829.281 MITLL90_STDLIB_8T.tt1p2v25c       0 
nor2_2x            9   47.232     22.539     7229.953 MITLL90_STDLIB_8T.tt1p2v25c       0 
nor2_4x            5   47.232     26.554     7253.384 MITLL90_STDLIB_8T.tt1p2v25c       0 
nor3_1x           13   54.579     12.850     5701.605 MITLL90_STDLIB_8T.tt1p2v25c       0 
nor3_2x            2   16.794      3.296     1945.022 MITLL90_STDLIB_8T.tt1p2v25c       0 
oa21_1x           10   52.480     43.051    26376.931 MITLL90_STDLIB_8T.tt1p2v25c       0 
oa21_2x            2   12.595     10.687     4878.820 MITLL90_STDLIB_8T.tt1p2v25c       0 
oa22_1x            2   14.694      7.323     3949.346 MITLL90_STDLIB_8T.tt1p2v25c       0 
oai21_1x          85  356.864    226.581    87330.620 MITLL90_STDLIB_8T.tt1p2v25c       0 
oai21_2x           5   36.736     20.652     9336.654 MITLL90_STDLIB_8T.tt1p2v25c       0 
oai21_4x           4   54.579     37.568    14907.729 MITLL90_STDLIB_8T.tt1p2v25c       0 
oai22_1x          23  120.704     50.594    27704.974 MITLL90_STDLIB_8T.tt1p2v25c       0 
oai22_2x           2   20.992      8.258     4785.828 MITLL90_STDLIB_8T.tt1p2v25c       0 
oai22_4x           1   18.893      8.907     1768.185 MITLL90_STDLIB_8T.tt1p2v25c       0 
or2_1x            13   54.579     34.311    13291.266 MITLL90_STDLIB_8T.tt1p2v25c       0 
or2_2x             1    5.248      4.798      935.039 MITLL90_STDLIB_8T.tt1p2v25c       0 
or3_1x             4   25.190      9.445     3035.331 MITLL90_STDLIB_8T.tt1p2v25c       0 
sdffrq_1x          6  125.952     53.068    60598.008 MITLL90_STDLIB_8T.tt1p2v25c       0 
xnor2_1x          12   88.166     45.233    24030.615 MITLL90_STDLIB_8T.tt1p2v25c       0 
xnor2_2x           1   10.496      5.768     3221.428 MITLL90_STDLIB_8T.tt1p2v25c       0 
xnor2_4x           4   67.174     40.183    23695.323 MITLL90_STDLIB_8T.tt1p2v25c       0 
xor2_1x            4   29.389     15.248     7382.080 MITLL90_STDLIB_8T.tt1p2v25c       0 
xor2_2x            3   31.488     17.094     9856.052 MITLL90_STDLIB_8T.tt1p2v25c       0 
------------------------------------------------------------------------------------------
total            868 4370.534   2349.455  1207511.042                                     
                                           Leakage  Leakage   Internal  Internal 
     Type      Instances   Area   Area % Power (nW) Power %  Power (nW)  Power % 
---------------------------------------------------------------------------------
sequential            39  680.141   15.6    277.781    11.8  375310.448     31.1 
inverter             171  409.344    9.4    389.999    16.6   83676.198      6.9 
buffer                 7   22.042    0.5     19.260     0.8   10988.714      0.9 
logic                651 3259.008   74.6   1662.415    70.8  737535.682     61.1 
physical_cells         0    0.000    0.0      0.000     0.0       0.000      0.0 
---------------------------------------------------------------------------------
total                868 4370.534  100.0   2349.455   100.0 1207511.042    100.0 
