============================================================
  Generated by:           Genus(TM) Synthesis Solution 25.11-s095_1
  Generated on:           Feb 24 2026  10:07:37 am
  Module:                 add_fp16
  Operating conditions:   PVT_1P2V_25C 
  Interconnect mode:      global
  Area mode:              physical library
============================================================

Timing
--------

Analysis view  Clock Period 
----------------------------
view_1p2_25   clock1 1724.0 


  Analysis    Cost   Critical        Violating 
    View     Group  Path Slack  TNS    Paths   
-----------------------------------------------
view_1p2_25  clock1        0.0  0.0          0 
            default   No paths  0.0          0 
-----------------------------------------------
Total                          -0.0          0 
                                               

Instance Count
--------------
Leaf Instance Count             868 
Physical Instance count           0 
Sequential Instance Count        39 
Combinational Instance Count    829 
Hierarchical Instance Count       0 

Area
----
Cell Area                          4370.534
Physical Cell Area                 0.000
Total Cell Area (Cell+Physical)    4370.534
Net Area                           2849.917
Total Area (Cell+Physical+Net)     7220.451

Power
-----
Leakage Power                      2349.455 nW
Dynamic Power                      3021349.114 nW
Total Power                        3023698.569 nW

Max Fanout                         39 (clk)
Min Fanout                         0 (nRST)
Average Fanout                     2.3
Terms to net ratio                 3.2591
Terms to instance ratio            3.4205
Runtime                            58.996428 seconds
Elapsed Runtime                    67 seconds
Genus peak memory usage            2048.58 
Innovus peak memory usage          no_value 
Hostname                           asicfab.ecn.purdue.edu
