============================================================
  Generated by:           Genus(TM) Synthesis Solution 25.11-s095_1
  Generated on:           Mar 11 2026  06:40:11 am
  Operating conditions:   typical 
  Interconnect mode:      global
  Area mode:              physical library
============================================================

                         Leakage   Internal          Library 
 Gate  Instances  Area Power (nW) Power (nW) Library  Domain 
-------------------------------------------------------------
-------------------------------------------------------------
total          0 0.000      0.000      0.000                 
                                        Leakage  Leakage   Internal  Internal 
     Type      Instances  Area Area % Power (nW) Power %  Power (nW)  Power % 
------------------------------------------------------------------------------
sequential           136 0.000    0.0  10759.274    21.3  525025.635     24.6 
inverter              31 0.000    0.0    444.606     0.9   20089.399      0.9 
logic               4001 0.000    0.0  39315.719    77.8 1585414.993     74.4 
physical_cells         0 0.000    0.0      0.000     0.0       0.000      0.0 
------------------------------------------------------------------------------
total               4168 0.000    0.0  50519.598   100.0 2130530.027    100.0 
