============================================================
  Generated by:           Genus(TM) Synthesis Solution 25.11-s095_1
  Generated on:           Jun 13 2026  03:41:52 am
  Module:                 sysarr_32_input_fp_adder
  Operating conditions:   typical 
  Interconnect mode:      global
  Area mode:              physical library
============================================================


Path 1: VIOLATED (-76 ps) Setup Check with Pin aligner_inst_aligned_mant_out_reg[22][2]/clk->d
           View: view_1p2_25
          Group: clock1
     Startpoint: (R) aligner_inst_max_l3_n1_r_reg[4]/clk
          Clock: (R) clock1
       Endpoint: (R) aligner_inst_aligned_mant_out_reg[22][2]/d
          Clock: (R) clock1

                     Capture       Launch     
        Clock Edge:+    1163            0     
       Src Latency:+       0            0     
       Net Latency:+       0 (I)        0 (I) 
           Arrival:=    1163            0     
                                              
             Setup:-      38                  
       Uncertainty:-       0                  
     Required Time:=    1125                  
      Launch Clock:-       0                  
         Data Path:-    1201                  
             Slack:=     -76                  

Launch clock path:
#------------------------------------------------------------------------------------------------------------------
#            Timing Point             Flags   Arc   Edge      Cell        Fanout Load Trans Delay Arrival Instance 
#                                                                                (fF)  (ps)  (ps)   (ps)  Location 
#------------------------------------------------------------------------------------------------------------------
  clk                                 (i,u)   -     R     (arrival)         1679  0.0     0     0       0    (-,-) 
  clk                                 -       -     -     (net)                -    -     -     -       -    (-,-) 
  clk                                 -       -     -     (net)                -    -     -     -       -    (-,-) 
  aligner_inst_max_l3_n1_r_reg[4]/clk <<<     -     R     unmapped_d_flop   1679    -     1     0       0    (-,-) 
#------------------------------------------------------------------------------------------------------------------

#------------------------------------------------------------------------------------------------------------------------------
#               Timing Point                 Flags    Arc    Edge       Cell         Fanout  Load Trans Delay Arrival Instance 
#                                                                                            (fF)  (ps)  (ps)   (ps)  Location 
#------------------------------------------------------------------------------------------------------------------------------
  aligner_inst_max_l3_n1_r_reg[4]/clk        -       -       R     (arrival)           1679     -     1     0       0    (-,-) 
  aligner_inst_max_l3_n1_r_reg[4]/q          (u)     clk->q  F     unmapped_d_flop        3   9.6     0   116     116    (-,-) 
  aligner_inst_max_l3_n1_r[4]                -       -       -     (net)                  -     -     -     -       -    (-,-) 
  g130883/z                                  (u)     in_1->z R     unmapped_complex2      2   7.2     0    19     135    (-,-) 
  n_95414                                    -       -       -     (net)                  -     -     -     -       -    (-,-) 
  g176691/z                                  (u)     in_0->z F     unmapped_complex2      2   6.4     0    19     154    (-,-) 
  n_127267                                   -       -       -     (net)                  -     -     -     -       -    (-,-) 
  g175366/z                                  (u)     in_1->z R     unmapped_complex2      1   3.6     0    17     171    (-,-) 
  n_127411                                   -       -       -     (net)                  -     -     -     -       -    (-,-) 
  g176713/z                                  (u)     in_0->z R     unmapped_complex2      1   3.6     0    17     188    (-,-) 
  n_127413                                   -       -       -     (net)                  -     -     -     -       -    (-,-) 
  g174608/z                                  (u)     in_1->z R     unmapped_or2           1   3.6     0    17     204    (-,-) 
  n_127416                                   -       -       -     (net)                  -     -     -     -       -    (-,-) 
  g174567/z                                  (u)     in_0->z F     unmapped_nand2         1   3.2     0    17     221    (-,-) 
  n_127419                                   -       -       -     (net)                  -     -     -     -       -    (-,-) 
  g174498/z                                  (u)     in_1->z F     unmapped_or2          14  44.8     0    42     263    (-,-) 
  n_23535                                    -       -       -     (net)                  -     -     -     -       -    (-,-) 
  g174491/z                                  (u)     in_1->z R     unmapped_nand2         1   3.6     0    17     279    (-,-) 
  n_97321                                    -       -       -     (net)                  -     -     -     -       -    (-,-) 
  g174448/z                                  (u)     in_1->z F     unmapped_nand2       101 323.2     0    71     350    (-,-) 
  aligner_inst_max_l4_n0_c[1]                -       -       -     (net)                  -     -     -     -       -    (-,-) 
  g173797/z                                  (u)     in_1->z F     unmapped_or2           1   3.2     0    17     367    (-,-) 
  n_132900                                   -       -       -     (net)                  -     -     -     -       -    (-,-) 
  g173798/z                                  (u)     in_1->z R     unmapped_nand2         4  14.4     0    24     391    (-,-) 
  n_82255                                    -       -       -     (net)                  -     -     -     -       -    (-,-) 
  g176763/z                                  (u)     in_0->z F     unmapped_complex2      1   3.2     0    17     408    (-,-) 
  n_96082                                    -       -       -     (net)                  -     -     -     -       -    (-,-) 
  g172772/z                                  (u)     in_0->z R     unmapped_nand2         3  10.8     0    22     429    (-,-) 
  n_82258                                    -       -       -     (net)                  -     -     -     -       -    (-,-) 
  g172060/z                                  (u)     in_1->z F     unmapped_nand2         1   3.2     0    17     446    (-,-) 
  n_96080                                    -       -       -     (net)                  -     -     -     -       -    (-,-) 
  g171396/z                                  (u)     in_0->z R     unmapped_nand2         3  10.8     0    22     468    (-,-) 
  n_82267                                    -       -       -     (net)                  -     -     -     -       -    (-,-) 
  g170468/z                                  (u)     in_1->z F     unmapped_nand2         1   3.2     0    17     484    (-,-) 
  n_96078                                    -       -       -     (net)                  -     -     -     -       -    (-,-) 
  g169993/z                                  (u)     in_0->z R     unmapped_nand2         3  10.8     0    22     506    (-,-) 
  n_82272                                    -       -       -     (net)                  -     -     -     -       -    (-,-) 
  g169560/z                                  (u)     in_1->z F     unmapped_nand2         1   3.2     0    17     522    (-,-) 
  n_96084                                    -       -       -     (net)                  -     -     -     -       -    (-,-) 
  g169158/z                                  (u)     in_0->z R     unmapped_nand2         2   7.2     0    19     541    (-,-) 
  n_82283                                    -       -       -     (net)                  -     -     -     -       -    (-,-) 
  g177613/z                                  (u)     in_0->z F     unmapped_complex2      1   3.2     0    17     558    (-,-) 
  n_93898                                    -       -       -     (net)                  -     -     -     -       -    (-,-) 
  g168788/z                                  (u)     in_1->z R     unmapped_nand2         1   3.6     0    17     575    (-,-) 
  n_98070                                    -       -       -     (net)                  -     -     -     -       -    (-,-) 
  g168650/z                                  (u)     in_1->z R     unmapped_complex2      1   3.6     0    17     591    (-,-) 
  n_98071                                    -       -       -     (net)                  -     -     -     -       -    (-,-) 
  g177702/z                                  (u)     in_0->z R     unmapped_complex2      3  10.8     0    22     613    (-,-) 
  n_82334                                    -       -       -     (net)                  -     -     -     -       -    (-,-) 
  g168387/z                                  (u)     in_1->z R     unmapped_or2           7  25.2     0    33     645    (-,-) 
  n_35272                                    -       -       -     (net)                  -     -     -     -       -    (-,-) 
  g177901/z                                  (u)     in_0->z R     unmapped_complex2      1   3.6     0    17     662    (-,-) 
  n_98076                                    -       -       -     (net)                  -     -     -     -       -    (-,-) 
  g166639/z                                  (u)     in_0->z F     unmapped_nand2         2   6.4     0    19     681    (-,-) 
  aligner_inst_n_7372                        -       -       -     (net)                  -     -     -     -       -    (-,-) 
  g133383/z                                  (u)     in_1->z R     unmapped_nand2         1   3.6     0    17     698    (-,-) 
  n_96006                                    -       -       -     (net)                  -     -     -     -       -    (-,-) 
  g178173/z                                  (u)     in_0->z F     unmapped_complex2      1   3.2     0    17     714    (-,-) 
  n_126328                                   -       -       -     (net)                  -     -     -     -       -    (-,-) 
  g165476/z                                  (u)     in_0->z F     unmapped_or2           1   3.2     0    17     731    (-,-) 
  n_126337                                   -       -       -     (net)                  -     -     -     -       -    (-,-) 
  g165398/z                                  (u)     in_0->z F     unmapped_or2           1   3.2     0    17     748    (-,-) 
  n_126342                                   -       -       -     (net)                  -     -     -     -       -    (-,-) 
  g165191/z                                  (u)     in_1->z F     unmapped_or2           1   3.2     0    17     764    (-,-) 
  n_126345                                   -       -       -     (net)                  -     -     -     -       -    (-,-) 
  g165006/z                                  (u)     in_0->z F     unmapped_or2          65 208.0     0    63     828    (-,-) 
  aligner_inst_has_neg_sticky                -       -       -     (net)                  -     -     -     -       -    (-,-) 
  g164867/z                                  (u)     in_1->z F     unmapped_complex2      6  19.2     0    30     858    (-,-) 
  n_81033                                    -       -       -     (net)                  -     -     -     -       -    (-,-) 
  g164655/z                                  (u)     in_1->z R     unmapped_nand2         1   3.6     0    17     874    (-,-) 
  n_98257                                    -       -       -     (net)                  -     -     -     -       -    (-,-) 
  g164545/z                                  (u)     in_1->z F     unmapped_nand2         4  12.8     0    24     899    (-,-) 
  n_81043                                    -       -       -     (net)                  -     -     -     -       -    (-,-) 
  g178435/z                                  (u)     in_0->z F     unmapped_complex2      2   6.4     0    19     918    (-,-) 
  n_97371                                    -       -       -     (net)                  -     -     -     -       -    (-,-) 
  g164162/z                                  (u)     in_0->z F     unmapped_or2           1   3.2     0    17     934    (-,-) 
  n_97372                                    -       -       -     (net)                  -     -     -     -       -    (-,-) 
  g163846/z                                  (u)     in_1->z F     unmapped_or2           3   9.6     0    22     956    (-,-) 
  n_83131                                    -       -       -     (net)                  -     -     -     -       -    (-,-) 
  g163784/z                                  (u)     in_0->z F     unmapped_complex2      3   9.6     0    22     978    (-,-) 
  n_83419                                    -       -       -     (net)                  -     -     -     -       -    (-,-) 
  g178637/z                                  (u)     in_0->z F     unmapped_complex2      4  12.8     0    24    1002    (-,-) 
  n_83713                                    -       -       -     (net)                  -     -     -     -       -    (-,-) 
  g163075/z                                  (u)     in_1->z F     unmapped_complex2      2   6.4     0    19    1021    (-,-) 
  n_84496                                    -       -       -     (net)                  -     -     -     -       -    (-,-) 
  g178740/z                                  (u)     in_0->z F     unmapped_complex2      2   6.4     0    19    1040    (-,-) 
  n_84498                                    -       -       -     (net)                  -     -     -     -       -    (-,-) 
  g161458/z                                  (u)     in_1->z F     unmapped_complex2      3   9.6     0    22    1062    (-,-) 
  n_84590                                    -       -       -     (net)                  -     -     -     -       -    (-,-) 
  g160830/z                                  (u)     in_1->z R     unmapped_nand2         1   3.6     0    17    1078    (-,-) 
  n_126985                                   -       -       -     (net)                  -     -     -     -       -    (-,-) 
  g160720/z                                  (u)     in_0->z F     unmapped_nand2        26  83.2     0    51    1129    (-,-) 
  n_126992                                   -       -       -     (net)                  -     -     -     -       -    (-,-) 
  g160143/z                                  (u)     in_0->z R     unmapped_complex2      1   3.6     0    17    1146    (-,-) 
  n_101140                                   -       -       -     (net)                  -     -     -     -       -    (-,-) 
  g160067/z                                  (u)     in_1->z F     unmapped_nand2         3   9.6     0    22    1168    (-,-) 
  n_96538                                    -       -       -     (net)                  -     -     -     -       -    (-,-) 
  g179499/z                                  (u)     in_0->z F     unmapped_complex2      1   3.2     0    17    1184    (-,-) 
  n_121396                                   -       -       -     (net)                  -     -     -     -       -    (-,-) 
  g159761/z                                  (u)     in_1->z R     unmapped_complex2      1   3.6     0    17    1201    (-,-) 
  aligner_inst_final_shifted_mant_c[22][2]   -       -       -     (net)                  -     -     -     -       -    (-,-) 
  aligner_inst_aligned_mant_out_reg[22][2]/d <<<     -       R     unmapped_d_flop        1     -     -     0    1201    (-,-) 
#------------------------------------------------------------------------------------------------------------------------------

(u) : Net has unmapped pin(s).

Capture clock path:
#---------------------------------------------------------------------------------------------------------------------------
#                Timing Point                  Flags   Arc   Edge      Cell        Fanout Load Trans Delay Arrival Instance 
#                                                                                         (fF)  (ps)  (ps)   (ps)  Location 
#---------------------------------------------------------------------------------------------------------------------------
  clk                                          (i,u)   -     R     (arrival)         1679  0.0     0     0    1163    (-,-) 
  clk                                          -       -     -     (net)                -    -     -     -       -    (-,-) 
  clk                                          -       -     -     (net)                -    -     -     -       -    (-,-) 
  aligner_inst_aligned_mant_out_reg[22][2]/clk <<<     -     R     unmapped_d_flop   1679    -     1     0    1163    (-,-) 
#---------------------------------------------------------------------------------------------------------------------------


