Command: report datapath reports/syn_generic/area.datapath.rpt
Warning: '-sort' is not specified. By default, 'report datapath' orders the components based on instance name
============================================================
  Generated by:           Genus(TM) Synthesis Solution 25.11-s095_1
  Generated on:           May 23 2026  07:51:13 pm
  Module:                 sysarr_32_input_fp_adder
  Library domain:         timing_condition_tt_1p2v_25c
    Domain index:         0
    Technology library:   NangateOpenCellLibrary revision 1.0
  Operating conditions:   typical 
  Interconnect mode:      global
  Area mode:              physical library
============================================================



Inferred components

                            Operator Signedness          Architecture                    Inputs    Outputs        CellArea LogicLevels 
=======================================================================================================================================
sysarr_32_input_fp_adder
SUB_UNS_OP module:sub_unsigned_13110 
                                   -   unsigned             very_fast                      1x33         33          266.21          11 
=======================================================================================================================================
sysarr_32_input_fp_adder
adder_tree_inst_add_107_30 module:add_signed_rtlopto_model_15371 
                                   +     signed             very_fast                     29x29         33          422.44          41 
=======================================================================================================================================
sysarr_32_input_fp_adder
adder_tree_inst_add_109_30 module:add_signed_rtlopto_model_15371 
                                   +     signed             very_fast                     29x29         33          422.44          41 
=======================================================================================================================================
sysarr_32_input_fp_adder
adder_tree_inst_add_111_30 module:add_signed_rtlopto_model_15371 
                                   +     signed             very_fast                     29x29         33          422.44          41 
=======================================================================================================================================
sysarr_32_input_fp_adder
adder_tree_inst_add_113_30 module:add_signed_rtlopto_model_15371 
                                   +     signed             very_fast                     29x29         33          422.44          41 
=======================================================================================================================================
sysarr_32_input_fp_adder
adder_tree_inst_add_115_30 module:add_signed_rtlopto_model_15371 
                                   +     signed             very_fast                     29x29         33          422.44          41 
=======================================================================================================================================
sysarr_32_input_fp_adder
adder_tree_inst_add_117_31 module:add_signed_rtlopto_model_15371 
                                   +     signed             very_fast                     29x29         33          422.44          41 
=======================================================================================================================================
sysarr_32_input_fp_adder
adder_tree_inst_add_119_31 module:add_signed_rtlopto_model_15371 
                                   +     signed             very_fast                     29x29         33          422.44          41 
=======================================================================================================================================
sysarr_32_input_fp_adder
adder_tree_inst_add_121_31 module:add_signed_rtlopto_model_15371 
                                   +     signed             very_fast                     29x29         33          422.44          41 
=======================================================================================================================================
sysarr_32_input_fp_adder
adder_tree_inst_add_155_30 module:add_unsigned_10008_1451_2223_9701 
                                   +   unsigned             very_fast                     33x33         33          527.65          36 
=======================================================================================================================================
sysarr_32_input_fp_adder
adder_tree_inst_add_157_30 module:add_unsigned_10008_1451_2223_9701 
                                   +   unsigned             very_fast                     33x33         33          527.65          36 
=======================================================================================================================================
sysarr_32_input_fp_adder
adder_tree_inst_add_159_30 module:add_unsigned_10008_1451_2223_9701 
                                   +   unsigned             very_fast                     33x33         33          527.65          36 
=======================================================================================================================================
sysarr_32_input_fp_adder
adder_tree_inst_add_161_30 module:add_unsigned_10008_1451_2223_9701 
                                   +   unsigned             very_fast                     33x33         33          527.65          36 
=======================================================================================================================================
sysarr_32_input_fp_adder
adder_tree_inst_add_183_30 module:add_unsigned_10008_1451_2223_9697 
                                   +   unsigned             very_fast                     33x33         33          543.59          38 
=======================================================================================================================================
sysarr_32_input_fp_adder
adder_tree_inst_add_185_30 module:add_unsigned_10008_1451_2223_9697 
                                   +   unsigned             very_fast                     33x33         33          543.59          38 
=======================================================================================================================================
sysarr_32_input_fp_adder
adder_tree_inst_add_19_29 module:add_signed_rtlopto_model_15787 
                                   +     signed             very_fast                     28x28         33          503.74          37 
=======================================================================================================================================
sysarr_32_input_fp_adder
adder_tree_inst_add_201_30 module:add_unsigned_10008_1451_2223 
                                   +   unsigned             very_fast                     33x33         33          615.32          13 
=======================================================================================================================================
sysarr_32_input_fp_adder
adder_tree_inst_add_21_29 module:add_signed_rtlopto_model_15787 
                                   +     signed             very_fast                     28x28         33          503.74          37 
=======================================================================================================================================
sysarr_32_input_fp_adder
adder_tree_inst_add_23_29 module:add_signed_rtlopto_model_15787 
                                   +     signed             very_fast                     28x28         33          503.74          37 
=======================================================================================================================================
sysarr_32_input_fp_adder
adder_tree_inst_add_25_29 module:add_signed_rtlopto_model_15787 
                                   +     signed             very_fast                     28x28         33          503.74          37 
=======================================================================================================================================
sysarr_32_input_fp_adder
adder_tree_inst_add_27_29 module:add_signed_rtlopto_model_15787 
                                   +     signed             very_fast                     28x28         33          503.74          37 
=======================================================================================================================================
sysarr_32_input_fp_adder
adder_tree_inst_add_29_30 module:add_signed_rtlopto_model_15787 
                                   +     signed             very_fast                     28x28         33          503.74          37 
=======================================================================================================================================
sysarr_32_input_fp_adder
adder_tree_inst_add_31_30 module:add_signed_rtlopto_model_15787 
                                   +     signed             very_fast                     28x28         33          503.74          37 
=======================================================================================================================================
sysarr_32_input_fp_adder
adder_tree_inst_add_33_30 module:add_signed_rtlopto_model_15787 
                                   +     signed             very_fast                     28x28         33          503.74          37 
=======================================================================================================================================
sysarr_32_input_fp_adder
adder_tree_inst_add_35_30 module:add_signed_rtlopto_model_15787 
                                   +     signed             very_fast                     28x28         33          503.74          37 
=======================================================================================================================================
sysarr_32_input_fp_adder
adder_tree_inst_add_37_30 module:add_signed_rtlopto_model_15787 
                                   +     signed             very_fast                     28x28         33          503.74          37 
=======================================================================================================================================
sysarr_32_input_fp_adder
adder_tree_inst_add_39_31 module:add_signed_rtlopto_model_15787 
                                   +     signed             very_fast                     28x28         33          503.74          37 
=======================================================================================================================================
sysarr_32_input_fp_adder
adder_tree_inst_add_41_31 module:add_signed_rtlopto_model_15787 
                                   +     signed             very_fast                     28x28         33          503.74          37 
=======================================================================================================================================
sysarr_32_input_fp_adder
adder_tree_inst_add_43_31 module:add_signed_rtlopto_model_15787 
                                   +     signed             very_fast                     28x28         33          503.74          37 
=======================================================================================================================================
sysarr_32_input_fp_adder
adder_tree_inst_add_45_31 module:add_signed_rtlopto_model_15787 
                                   +     signed             very_fast                     28x28         33          503.74          37 
=======================================================================================================================================
sysarr_32_input_fp_adder
adder_tree_inst_add_47_31 module:add_signed_rtlopto_model_15787 
                                   +     signed             very_fast                     28x28         33          503.74          37 
=======================================================================================================================================
sysarr_32_input_fp_adder
adder_tree_inst_add_49_31 module:add_signed_rtlopto_model_15787 
                                   +     signed             very_fast                     28x28         33          503.74          37 
=======================================================================================================================================
sysarr_32_input_fp_adder
dec_sub_152_43 module:decrement_unsigned_13418_14052 
                                  -1   unsigned             very_fast                      33x1         33          213.61          11 
=======================================================================================================================================
sysarr_32_input_fp_adder
inc_add_215_76 module:increment_unsigned_14732_15166 
                           increment   unsigned             very_fast                      23x1         24          180.13          10 
=======================================================================================================================================
sysarr_32_input_fp_adder
sll_174_36 module:shift_left_vlog_unsigned_10427 
                                  <<        n/a      very_fast/barrel                      33x6         33          690.25          12 
=======================================================================================================================================
Type              CellArea  Percentage
--------------------------------------
datapath modules  16602.55       26.96
external muxes        0.00        0.00
others            44974.34       73.04
--------------------------------------
total             61576.89      100.00
