============================================================
  Generated by:           Genus(TM) Synthesis Solution 25.11-s095_1
  Generated on:           Jun 13 2026  03:58:13 am
  Operating conditions:   typical 
  Interconnect mode:      global
  Area mode:              physical library
============================================================

                                 Leakage      Internal                          Library 
   Gate    Instances    Area    Power (nW)   Power (nW)          Library         Domain 
----------------------------------------------------------------------------------------
AND2_X1          567   603.288   14257.725    514197.762 NangateOpenCellLibrary       0 
AND2_X2           30    39.900    1567.788     93785.304 NangateOpenCellLibrary       0 
AND2_X4           11    26.334    1188.178     63816.000 NangateOpenCellLibrary       0 
AND3_X1           42    55.860    1282.853     50420.745 NangateOpenCellLibrary       0 
AND3_X2           12    19.152     721.711     28450.468 NangateOpenCellLibrary       0 
AND3_X4            1     2.926     140.081      8899.380 NangateOpenCellLibrary       0 
AND4_X1           25    39.900     913.076     19652.943 NangateOpenCellLibrary       0 
AND4_X2            3     5.586     175.134      2870.093 NangateOpenCellLibrary       0 
AOI211_X1         14    18.620     462.645     14353.361 NangateOpenCellLibrary       0 
AOI21_X1         564   600.096   15865.779    646071.813 NangateOpenCellLibrary       0 
AOI21_X2          56   104.272    3503.192    129727.162 NangateOpenCellLibrary       0 
AOI21_X4           4    13.832     443.619     16946.661 NangateOpenCellLibrary       0 
AOI221_X1         72   114.912    2762.090    132379.006 NangateOpenCellLibrary       0 
AOI221_X2          1     2.926      85.754      4361.147 NangateOpenCellLibrary       0 
AOI222_X1         38    80.864    1610.423     82993.761 NangateOpenCellLibrary       0 
AOI22_X1         346   460.180    9787.043    369614.698 NangateOpenCellLibrary       0 
AOI22_X2           7    16.758     532.932     24344.836 NangateOpenCellLibrary       0 
BUF_X1             1     0.798      20.293      1427.201 NangateOpenCellLibrary       0 
BUF_X2             2     2.128      82.369      6192.221 NangateOpenCellLibrary       0 
BUF_X4             1     1.862      87.381      7587.808 NangateOpenCellLibrary       0 
CLKBUF_X1          4     3.192      43.985      6473.558 NangateOpenCellLibrary       0 
CLKBUF_X2          2     2.128      47.304      2524.201 NangateOpenCellLibrary       0 
DFFR_X1         1416  7533.120  124366.654  11816487.178 NangateOpenCellLibrary       0 
DFF_X1           148   669.256   11672.651   1385000.503 NangateOpenCellLibrary       0 
FA_X1            779  3315.424   46707.784   3537254.057 NangateOpenCellLibrary       0 
HA_X1            112   297.920    7061.002    364614.349 NangateOpenCellLibrary       0 
INV_X1          1810   962.920   25997.910    915219.443 NangateOpenCellLibrary       0 
INV_X16            6    27.132    1419.262     75674.501 NangateOpenCellLibrary       0 
INV_X2            75    59.850    2205.644     75554.567 NangateOpenCellLibrary       0 
INV_X4            25    33.250    1371.224     69594.891 NangateOpenCellLibrary       0 
INV_X8            16    38.304    1834.283     92759.254 NangateOpenCellLibrary       0 
MUX2_X1          603  1122.786   21775.638   1491996.183 NangateOpenCellLibrary       0 
NAND2_X1        1945  1552.110   37961.472   1196215.732 NangateOpenCellLibrary       0 
NAND2_X2         103   136.990    4419.768    134491.048 NangateOpenCellLibrary       0 
NAND2_X4          22    52.668    1603.029     39427.804 NangateOpenCellLibrary       0 
NAND3_X1         147   156.408    4793.828    100197.521 NangateOpenCellLibrary       0 
NAND3_X2           3     5.586     149.832      2932.001 NangateOpenCellLibrary       0 
NAND3_X4           1     3.458     101.251      6361.899 NangateOpenCellLibrary       0 
NAND4_X1         103   136.990    2478.583     36329.519 NangateOpenCellLibrary       0 
NAND4_X2           2     4.788     253.892      6942.248 NangateOpenCellLibrary       0 
NAND4_X4           1     4.788       5.117         0.000 NangateOpenCellLibrary       0 
NOR2_X1         1252   999.096   28019.717    665545.969 NangateOpenCellLibrary       0 
NOR2_X2          109   144.970    4639.017    139858.398 NangateOpenCellLibrary       0 
NOR2_X4           26    62.244    2396.435     45987.949 NangateOpenCellLibrary       0 
NOR3_X1          110   117.040    3122.348     72423.272 NangateOpenCellLibrary       0 
NOR3_X2            9    16.758     506.316     15533.190 NangateOpenCellLibrary       0 
NOR4_X1          120   159.600    4179.254     51588.490 NangateOpenCellLibrary       0 
NOR4_X2            2     4.788     137.463      5015.829 NangateOpenCellLibrary       0 
OAI211_X1         70    93.100    2532.555     72067.807 NangateOpenCellLibrary       0 
OAI211_X2          3     7.182     139.523      6343.802 NangateOpenCellLibrary       0 
OAI21_X1         615   654.360   17585.038    666217.450 NangateOpenCellLibrary       0 
OAI21_X2          53    98.686    2860.065    119372.113 NangateOpenCellLibrary       0 
OAI21_X4           7    24.206     824.711     36077.688 NangateOpenCellLibrary       0 
OAI221_X1         65   103.740    2962.016     83415.496 NangateOpenCellLibrary       0 
OAI222_X1         34    72.352    1649.001     68461.799 NangateOpenCellLibrary       0 
OAI222_X4          1     3.724     132.404      5166.107 NangateOpenCellLibrary       0 
OAI22_X1         488   649.040   21098.455    485087.540 NangateOpenCellLibrary       0 
OAI22_X2           9    21.546     550.860     30308.154 NangateOpenCellLibrary       0 
OR2_X1           507   539.448   11625.578    631139.374 NangateOpenCellLibrary       0 
OR2_X2             2     2.660      88.748      2501.877 NangateOpenCellLibrary       0 
OR3_X1            28    37.240     734.508     30835.177 NangateOpenCellLibrary       0 
OR3_X4             1     2.926      88.764         0.000 NangateOpenCellLibrary       0 
OR4_X1            77   122.892    2160.694     24000.285 NangateOpenCellLibrary       0 
OR4_X2             2     3.724     137.491      2693.428 NangateOpenCellLibrary       0 
SDFFR_X1         114   758.100   12158.094   1583486.084 NangateOpenCellLibrary       0 
SDFF_X1            1     6.118      98.648     10262.600 NangateOpenCellLibrary       0 
XNOR2_X1         663  1058.148   26046.137   1188491.489 NangateOpenCellLibrary       0 
XNOR2_X2          55   146.300    3995.006    267974.014 NangateOpenCellLibrary       0 
XOR2_X1          225   359.100    7681.055    428659.341 NangateOpenCellLibrary       0 
XOR2_X2           13    31.122     917.058     70004.401 NangateOpenCellLibrary       0 
----------------------------------------------------------------------------------------
total          13781 24629.472  510827.141  30382661.951                                
                                            Leakage  Leakage   Internal   Internal 
     Type      Instances    Area   Area % Power (nW) Power %  Power (nW)   Power % 
-----------------------------------------------------------------------------------
sequential          1679  8966.594   36.4 148296.046    29.0 14795236.365     48.7 
inverter            1932  1121.456    4.6  32828.323     6.4  1228802.655      4.0 
buffer                10    10.108    0.0    281.332     0.1    24204.989      0.1 
logic              10160 14531.314   59.0 329421.439    64.5 14334417.941     47.2 
physical_cells         0     0.000    0.0      0.000     0.0        0.000      0.0 
-----------------------------------------------------------------------------------
total              13781 24629.472  100.0 510827.141   100.0 30382661.951    100.0 
