============================================================
  Generated by:           Genus(TM) Synthesis Solution 25.11-s095_1
  Generated on:           May 24 2026  03:15:21 am
  Module:                 sysarr_32_input_fp_adder
  Operating conditions:   typical 
  Interconnect mode:      global
  Area mode:              physical library
============================================================

Timing
--------

Analysis view  Clock Period 
----------------------------
view_1p2_25   clock1 1000.0 


  Analysis    Cost   Critical        Violating 
    View     Group  Path Slack  TNS    Paths   
-----------------------------------------------
view_1p2_25  clock1        0.0  0.0          0 
            default   No paths  0.0          0 
-----------------------------------------------
Total                          -0.0          0 
                                               

Instance Count
--------------
Leaf Instance Count             19777 
Physical Instance count             0 
Sequential Instance Count        2546 
Combinational Instance Count    17231 
Hierarchical Instance Count         0 

Area
----
Cell Area                          32228.294
Physical Cell Area                 0.000
Total Cell Area (Cell+Physical)    32228.294
Net Area                           24727.567
Total Area (Cell+Physical+Net)     56955.861

Power
-----
Leakage Power                      699118.428 nW
Dynamic Power                      76158618.877 nW
Total Power                        76857737.305 nW

Max Fanout                         2546 (clk)
Min Fanout                         0 (w_aligned_mants[0][27])
Average Fanout                     2.1
Terms to net ratio                 3.2692
Terms to instance ratio            3.4519
Runtime                            52.069967 seconds
Elapsed Runtime                    55 seconds
Genus peak memory usage            1769.82 
Innovus peak memory usage          no_value 
Hostname                           asicfab.ecn.purdue.edu
