============================================================
  Generated by:           Genus(TM) Synthesis Solution 25.11-s095_1
  Generated on:           May 24 2026  07:01:24 pm
  Operating conditions:   typical 
  Interconnect mode:      global
  Area mode:              physical library
============================================================

                                 Leakage      Internal                          Library 
   Gate    Instances    Area    Power (nW)   Power (nW)          Library         Domain 
----------------------------------------------------------------------------------------
AND2_X1          613   652.232   15388.956    644381.834 NangateOpenCellLibrary       0 
AND2_X2           39    51.870    2058.520    146129.525 NangateOpenCellLibrary       0 
AND2_X4           25    59.850    2544.079    152798.120 NangateOpenCellLibrary       0 
AND3_X1           55    73.150    1555.898     68062.884 NangateOpenCellLibrary       0 
AND3_X2           13    20.748     759.426     35689.126 NangateOpenCellLibrary       0 
AND3_X4            6    17.556     654.774     16012.384 NangateOpenCellLibrary       0 
AND4_X1           26    41.496     799.938     19819.285 NangateOpenCellLibrary       0 
AND4_X2            3     5.586     192.834     13417.322 NangateOpenCellLibrary       0 
AND4_X4            2     6.916     278.290      9277.249 NangateOpenCellLibrary       0 
AOI211_X1         16    21.280     528.769     24963.085 NangateOpenCellLibrary       0 
AOI211_X2          1     2.394      51.553      1936.192 NangateOpenCellLibrary       0 
AOI211_X4          1     2.926     106.373     13870.436 NangateOpenCellLibrary       0 
AOI21_X1         505   537.320   12978.404    750389.681 NangateOpenCellLibrary       0 
AOI21_X2          56   104.272    3431.704    140580.148 NangateOpenCellLibrary       0 
AOI21_X4          18    62.244    2197.320    105041.040 NangateOpenCellLibrary       0 
AOI221_X1         60    95.760    2277.202    136440.657 NangateOpenCellLibrary       0 
AOI221_X2          3     8.778     259.091     10116.180 NangateOpenCellLibrary       0 
AOI221_X4          1     3.458     104.118     14987.489 NangateOpenCellLibrary       0 
AOI222_X1         15    31.920     684.836     22052.424 NangateOpenCellLibrary       0 
AOI222_X2          1     3.724     105.062      5894.239 NangateOpenCellLibrary       0 
AOI22_X1         301   400.330    8250.103    366147.524 NangateOpenCellLibrary       0 
AOI22_X2          16    38.304     943.824     42708.006 NangateOpenCellLibrary       0 
AOI22_X4           2     9.044     300.123     10946.155 NangateOpenCellLibrary       0 
BUF_X1             1     0.798      23.593         0.000 NangateOpenCellLibrary       0 
BUF_X2             5     5.320     202.555      7593.801 NangateOpenCellLibrary       0 
BUF_X4             1     1.862      84.747      8772.948 NangateOpenCellLibrary       0 
BUF_X8             2     6.916     350.914     35928.036 NangateOpenCellLibrary       0 
CLKBUF_X1          5     3.990      58.821      6594.353 NangateOpenCellLibrary       0 
DFFR_X1         1631  8676.920  143365.172  16603626.995 NangateOpenCellLibrary       0 
DFFR_X2            8    46.816    1042.800     53445.729 NangateOpenCellLibrary       0 
DFF_X1           147   664.734   11592.005   1610262.505 NangateOpenCellLibrary       0 
DFF_X2             1     5.054     115.028     18537.507 NangateOpenCellLibrary       0 
FA_X1            533  2268.448   32225.146   2917367.811 NangateOpenCellLibrary       0 
HA_X1            102   271.320    6130.865    382797.155 NangateOpenCellLibrary       0 
INV_X1          2622  1394.904   36638.029   1542935.583 NangateOpenCellLibrary       0 
INV_X16            5    22.610    1136.926     72487.351 NangateOpenCellLibrary       0 
INV_X2           160   127.680    4496.019    196308.898 NangateOpenCellLibrary       0 
INV_X4            40    53.200    2398.111     95422.781 NangateOpenCellLibrary       0 
INV_X8            15    35.910    1715.042    108679.435 NangateOpenCellLibrary       0 
MUX2_X1          545  1014.790   19726.802   1536259.093 NangateOpenCellLibrary       0 
MUX2_X2            8    19.152     558.802     51132.388 NangateOpenCellLibrary       0 
NAND2_X1        3052  2435.496   63214.672   2335806.602 NangateOpenCellLibrary       0 
NAND2_X2         289   384.370   12687.639    506262.105 NangateOpenCellLibrary       0 
NAND2_X4          61   146.034    5154.430    166516.775 NangateOpenCellLibrary       0 
NAND3_X1         195   207.480    5788.391    159007.586 NangateOpenCellLibrary       0 
NAND3_X2          19    35.378    1366.407     53365.197 NangateOpenCellLibrary       0 
NAND3_X4           4    13.832     299.144      6922.614 NangateOpenCellLibrary       0 
NAND4_X1          95   126.350    2160.398     48812.631 NangateOpenCellLibrary       0 
NAND4_X2           2     4.788     149.983      4261.626 NangateOpenCellLibrary       0 
NAND4_X4           3    14.364     118.649         0.000 NangateOpenCellLibrary       0 
NOR2_X1         1567  1250.466   34868.562    991098.002 NangateOpenCellLibrary       0 
NOR2_X2          189   251.370    8047.098    294747.243 NangateOpenCellLibrary       0 
NOR2_X4           48   114.912    4219.651    117986.423 NangateOpenCellLibrary       0 
NOR3_X1          134   142.576    3851.921     89862.895 NangateOpenCellLibrary       0 
NOR3_X2            7    13.034     405.709     14522.631 NangateOpenCellLibrary       0 
NOR3_X4            1     3.724     162.206         0.000 NangateOpenCellLibrary       0 
NOR4_X1           81   107.730    2763.336     28705.496 NangateOpenCellLibrary       0 
NOR4_X2            2     4.788     148.757      5515.036 NangateOpenCellLibrary       0 
OAI211_X1        113   150.290    4168.435    131027.288 NangateOpenCellLibrary       0 
OAI211_X2          5    11.970     274.701     21993.524 NangateOpenCellLibrary       0 
OAI21_X1         794   844.816   22400.989    980475.059 NangateOpenCellLibrary       0 
OAI21_X2         114   212.268    6399.382    286315.937 NangateOpenCellLibrary       0 
OAI21_X4          18    62.244    2117.394    124732.976 NangateOpenCellLibrary       0 
OAI221_X1         59    94.164    2927.561    109308.263 NangateOpenCellLibrary       0 
OAI221_X2          1     2.926      74.253      5518.707 NangateOpenCellLibrary       0 
OAI222_X1         50   106.400    2816.698    109263.310 NangateOpenCellLibrary       0 
OAI222_X2          2     7.448     182.820      9071.433 NangateOpenCellLibrary       0 
OAI222_X4          1     3.724     132.404      6007.149 NangateOpenCellLibrary       0 
OAI22_X1         466   619.780   19849.296    562779.186 NangateOpenCellLibrary       0 
OAI22_X2          20    47.880    1527.965     69274.894 NangateOpenCellLibrary       0 
OAI22_X4           1     4.522      95.745      6047.103 NangateOpenCellLibrary       0 
OAI33_X1           1     1.862      49.993       692.479 NangateOpenCellLibrary       0 
OR2_X1           636   676.704   14618.196    942021.305 NangateOpenCellLibrary       0 
OR2_X2            23    30.590    1059.769     70377.114 NangateOpenCellLibrary       0 
OR3_X1            24    31.920     635.858     23760.529 NangateOpenCellLibrary       0 
OR3_X2             3     4.788     166.475      7420.664 NangateOpenCellLibrary       0 
OR4_X1            76   121.296    2074.788     25138.256 NangateOpenCellLibrary       0 
OR4_X2             1     1.862      70.427      6934.201 NangateOpenCellLibrary       0 
SDFFR_X1          67   445.550    7175.306   1013839.502 NangateOpenCellLibrary       0 
SDFF_X1            1     6.118      98.790     14306.413 NangateOpenCellLibrary       0 
XNOR2_X1         808  1289.568   32138.354   1734375.317 NangateOpenCellLibrary       0 
XNOR2_X2         107   284.620    7929.074    605587.256 NangateOpenCellLibrary       0 
XOR2_X1          280   446.880   10224.193    694679.278 NangateOpenCellLibrary       0 
XOR2_X2            9    21.546     621.014     52593.664 NangateOpenCellLibrary       0 
----------------------------------------------------------------------------------------
total          17038 27660.010  603549.408  40436747.025                                
                                            Leakage  Leakage   Internal   Internal 
     Type      Instances    Area   Area % Power (nW) Power %  Power (nW)   Power % 
-----------------------------------------------------------------------------------
sequential          1855  9845.192   35.6 163389.101    27.1 19314018.652     47.8 
inverter            2842  1634.304    5.9  46384.127     7.7  2015834.048      5.0 
buffer                14    18.886    0.1    720.629     0.1    58889.138      0.1 
logic              12327 16161.628   58.4 393055.551    65.1 19048005.187     47.1 
physical_cells         0     0.000    0.0      0.000     0.0        0.000      0.0 
-----------------------------------------------------------------------------------
total              17038 27660.010  100.0 603549.408   100.0 40436747.025    100.0 
