============================================================
  Generated by:           Genus(TM) Synthesis Solution 25.11-s095_1
  Generated on:           Mar 10 2026  03:26:57 pm
  Module:                 add_fp16
  Library domain:         timing_condition_tt_1p2v_25c
    Domain index:         0
    Technology library:   NangateOpenCellLibrary revision 1.0
  Operating conditions:   typical 
  Interconnect mode:      global
  Area mode:              physical library
============================================================

Timing
--------

Analysis view  Clock Period 
----------------------------
view_1p2_25   clock1 1136.0 


  Analysis    Cost   Critical        Violating 
    View     Group  Path Slack  TNS    Paths   
-----------------------------------------------
view_1p2_25  clock1       11.2  0.0          0 
            default   No paths  0.0          0 
-----------------------------------------------
Total                          -0.0          0 
                                               

Instance Count
--------------
Leaf Instance Count             1843 
Physical Instance count            0 
Sequential Instance Count         68 
Combinational Instance Count    1775 
Hierarchical Instance Count        0 

Area
----
Cell Area                          2311.540
Physical Cell Area                 0.000
Total Cell Area (Cell+Physical)    2311.540
Net Area                           2617.335
Total Area (Cell+Physical+Net)     4928.875

Power
-----
Leakage Power                      56771.176 nW
Dynamic Power                      4271236.803 nW
Total Power                        4328007.979 nW

Max Fanout                         68 (clk)
Min Fanout                         0 (nRST)
Average Fanout                     2.4
Terms to net ratio                 3.3777
Terms to instance ratio            3.5811
Runtime                            78.961092 seconds
Elapsed Runtime                    88 seconds
Genus peak memory usage            2542.88 
Innovus peak memory usage          no_value 
Hostname                           asicfab.ecn.purdue.edu
