============================================================
  Generated by:           Genus(TM) Synthesis Solution 25.11-s095_1
  Generated on:           Jun 13 2026  02:37:02 am
  Operating conditions:   typical 
  Interconnect mode:      global
  Area mode:              physical library
============================================================

                                 Leakage      Internal                          Library 
   Gate    Instances    Area    Power (nW)   Power (nW)          Library         Domain 
----------------------------------------------------------------------------------------
AND2_X1          591   628.824   14765.071    543906.165 NangateOpenCellLibrary       0 
AND2_X2           43    57.190    2285.515    130120.685 NangateOpenCellLibrary       0 
AND2_X4            5    11.970     501.426     19880.850 NangateOpenCellLibrary       0 
AND3_X1           54    71.820    1619.048     66140.045 NangateOpenCellLibrary       0 
AND3_X2            8    12.768     464.885     20606.552 NangateOpenCellLibrary       0 
AND3_X4            1     2.926     126.618      3447.725 NangateOpenCellLibrary       0 
AND4_X1           23    36.708     698.237     15622.970 NangateOpenCellLibrary       0 
AND4_X2            3     5.586     157.937      5744.395 NangateOpenCellLibrary       0 
AND4_X4            1     3.458     114.847      4568.275 NangateOpenCellLibrary       0 
AOI211_X1          4     5.320     119.580      5826.436 NangateOpenCellLibrary       0 
AOI21_X1         458   487.312   13062.943    558199.188 NangateOpenCellLibrary       0 
AOI21_X2          40    74.480    2407.318     90896.443 NangateOpenCellLibrary       0 
AOI21_X4           3    10.374     365.445     18249.790 NangateOpenCellLibrary       0 
AOI221_X1         58    92.568    2186.239    126121.421 NangateOpenCellLibrary       0 
AOI221_X2          1     2.926     102.242       276.531 NangateOpenCellLibrary       0 
AOI222_X1         28    59.584    1150.518     62379.575 NangateOpenCellLibrary       0 
AOI22_X1         353   469.490    9737.257    382432.729 NangateOpenCellLibrary       0 
AOI22_X2           7    16.758     471.513     22813.549 NangateOpenCellLibrary       0 
BUF_X1             1     0.798      20.518      1282.696 NangateOpenCellLibrary       0 
BUF_X2             1     1.064      38.811         0.000 NangateOpenCellLibrary       0 
BUF_X4             2     3.724     172.228     15432.255 NangateOpenCellLibrary       0 
CLKBUF_X1          3     2.394      33.922      2764.710 NangateOpenCellLibrary       0 
CLKBUF_X2          1     1.064      22.918      3479.460 NangateOpenCellLibrary       0 
DFFR_X1         1382  7352.240  121409.286  11912931.983 NangateOpenCellLibrary       0 
DFFR_X2            1     5.852     130.350      5878.493 NangateOpenCellLibrary       0 
DFF_X1           148   669.256   11672.633   1422456.031 NangateOpenCellLibrary       0 
FA_X1            780  3319.680   46693.519   3639652.385 NangateOpenCellLibrary       0 
HA_X1             93   247.380    5739.551    293357.093 NangateOpenCellLibrary       0 
INV_X1          2011  1069.852   28812.723    975056.750 NangateOpenCellLibrary       0 
INV_X16            5    22.610    1145.428     65225.180 NangateOpenCellLibrary       0 
INV_X2            74    59.052    2195.370     74468.281 NangateOpenCellLibrary       0 
INV_X4            24    31.920    1447.906     63491.431 NangateOpenCellLibrary       0 
INV_X8            13    31.122    1486.621     83534.934 NangateOpenCellLibrary       0 
MUX2_X1          585  1089.270   21095.846   1469266.038 NangateOpenCellLibrary       0 
MUX2_X2           10    23.940     699.537     54976.773 NangateOpenCellLibrary       0 
NAND2_X1        2084  1663.032   41101.800   1315116.029 NangateOpenCellLibrary       0 
NAND2_X2         142   188.860    6442.498    209386.191 NangateOpenCellLibrary       0 
NAND2_X4          29    69.426    2188.647     49312.928 NangateOpenCellLibrary       0 
NAND3_X1         166   176.624    5262.982    123943.656 NangateOpenCellLibrary       0 
NAND3_X2          10    18.620     554.971     20640.218 NangateOpenCellLibrary       0 
NAND3_X4           1     3.458      49.537         0.000 NangateOpenCellLibrary       0 
NAND4_X1         110   146.300    2993.551     44457.789 NangateOpenCellLibrary       0 
NAND4_X2           2     4.788     275.224      6090.393 NangateOpenCellLibrary       0 
NAND4_X4           3    14.364      43.164         0.000 NangateOpenCellLibrary       0 
NOR2_X1         1324  1056.552   29425.445    735695.427 NangateOpenCellLibrary       0 
NOR2_X2          114   151.620    4916.248    150526.517 NangateOpenCellLibrary       0 
NOR2_X4           37    88.578    3332.781     81117.577 NangateOpenCellLibrary       0 
NOR3_X1           98   104.272    2790.120     64760.909 NangateOpenCellLibrary       0 
NOR3_X2            8    14.896     426.288     17036.711 NangateOpenCellLibrary       0 
NOR3_X4            2     7.448     268.006      4407.239 NangateOpenCellLibrary       0 
NOR4_X1          108   143.640    3744.054     37251.103 NangateOpenCellLibrary       0 
NOR4_X2            1     2.394      62.514      3465.336 NangateOpenCellLibrary       0 
OAI211_X1         78   103.740    2767.121     79694.309 NangateOpenCellLibrary       0 
OAI211_X2          4     9.576     238.181     10505.551 NangateOpenCellLibrary       0 
OAI21_X1         694   738.416   19267.611    744646.702 NangateOpenCellLibrary       0 
OAI21_X2          82   152.684    4395.586    191734.789 NangateOpenCellLibrary       0 
OAI21_X4          14    48.412    1728.806     74091.676 NangateOpenCellLibrary       0 
OAI221_X1         49    78.204    2342.087     65073.111 NangateOpenCellLibrary       0 
OAI222_X1         32    68.096    1691.990     59549.740 NangateOpenCellLibrary       0 
OAI222_X2          1     3.724      94.757      2286.984 NangateOpenCellLibrary       0 
OAI22_X1         471   626.430   20300.339    488547.259 NangateOpenCellLibrary       0 
OAI22_X2          14    33.516     823.760     49839.549 NangateOpenCellLibrary       0 
OAI22_X4           2     9.044     251.595     16973.179 NangateOpenCellLibrary       0 
OAI33_X1           1     1.862      42.238       631.328 NangateOpenCellLibrary       0 
OR2_X1           506   538.384   11663.636    638175.280 NangateOpenCellLibrary       0 
OR2_X2             7     9.310     323.063     17121.643 NangateOpenCellLibrary       0 
OR2_X4             2     4.788     198.950         0.000 NangateOpenCellLibrary       0 
OR3_X1            28    37.240     775.769     29789.064 NangateOpenCellLibrary       0 
OR3_X2             1     1.596      60.738      3881.476 NangateOpenCellLibrary       0 
OR4_X1            78   124.488    2213.457     36110.325 NangateOpenCellLibrary       0 
OR4_X2             2     3.724     147.387      3940.969 NangateOpenCellLibrary       0 
SDFFRS_X1          8    61.712     981.584    109300.952 NangateOpenCellLibrary       0 
SDFFR_X1         139   924.350   14807.372   1852128.221 NangateOpenCellLibrary       0 
SDFF_X1            1     6.118      98.654     10727.908 NangateOpenCellLibrary       0 
XNOR2_X1         658  1050.168   25868.971   1216941.209 NangateOpenCellLibrary       0 
XNOR2_X2          60   159.600    4382.449    302527.375 NangateOpenCellLibrary       0 
XOR2_X1          204   325.584    7193.552    411669.948 NangateOpenCellLibrary       0 
XOR2_X2            7    16.758     506.121     37661.847 NangateOpenCellLibrary       0 
----------------------------------------------------------------------------------------
total          14197 24973.676  520197.411  31477246.231                                
                                            Leakage  Leakage   Internal   Internal 
     Type      Instances    Area   Area % Power (nW) Power %  Power (nW)   Power % 
-----------------------------------------------------------------------------------
sequential          1679  9019.528   36.1 149099.879    28.7 15313423.589     48.6 
inverter            2127  1214.556    4.9  35088.047     6.7  1261776.575      4.0 
buffer                 8     9.044    0.0    288.397     0.1    22959.121      0.1 
logic              10383 14730.548   59.0 335721.089    64.5 14879086.947     47.3 
physical_cells         0     0.000    0.0      0.000     0.0        0.000      0.0 
-----------------------------------------------------------------------------------
total              14197 24973.676  100.0 520197.411   100.0 31477246.231    100.0 
