============================================================
  Generated by:           Genus(TM) Synthesis Solution 25.11-s095_1
  Generated on:           Jun 12 2026  06:21:52 am
  Operating conditions:   typical 
  Interconnect mode:      global
  Area mode:              physical library
============================================================

                                 Leakage      Internal                          Library 
   Gate    Instances    Area    Power (nW)   Power (nW)          Library         Domain 
----------------------------------------------------------------------------------------
AND2_X1          591   628.824   14809.481    381149.260 NangateOpenCellLibrary       0 
AND2_X2            9    11.970     497.927     16842.623 NangateOpenCellLibrary       0 
AND2_X4            2     4.788     215.876     12320.855 NangateOpenCellLibrary       0 
AND3_X1           29    38.570     855.127     21878.642 NangateOpenCellLibrary       0 
AND3_X2            2     3.192      97.977      3252.196 NangateOpenCellLibrary       0 
AND4_X1           48    76.608    1838.871     45408.728 NangateOpenCellLibrary       0 
AND4_X2            1     1.862      92.056      1448.304 NangateOpenCellLibrary       0 
AOI211_X1         28    37.240    1070.802     18454.837 NangateOpenCellLibrary       0 
AOI21_X1         461   490.504   12992.653    302015.208 NangateOpenCellLibrary       0 
AOI21_X2          36    67.032    2278.638     44207.045 NangateOpenCellLibrary       0 
AOI21_X4           4    13.832     489.387      7493.498 NangateOpenCellLibrary       0 
AOI221_X1        162   258.552    6265.033    193999.168 NangateOpenCellLibrary       0 
AOI221_X2          1     2.926      86.504      2630.638 NangateOpenCellLibrary       0 
AOI222_X1         84   178.752    3857.300    132898.425 NangateOpenCellLibrary       0 
AOI22_X1         372   494.760   10402.771    266714.294 NangateOpenCellLibrary       0 
AOI22_X2           2     4.788     187.509      4017.744 NangateOpenCellLibrary       0 
BUF_X2             3     3.192     133.432      5512.187 NangateOpenCellLibrary       0 
BUF_X4             9    16.758     775.096      9923.915 NangateOpenCellLibrary       0 
CLKBUF_X1          9     7.182     108.301      1997.277 NangateOpenCellLibrary       0 
DFFR_X1         1504  8001.280  131649.761   8164165.153 NangateOpenCellLibrary       0 
DFF_X1           148   669.256   11664.794    942548.068 NangateOpenCellLibrary       0 
FA_X1            781  3323.936   43241.106   1635463.233 NangateOpenCellLibrary       0 
HA_X1            138   367.080    8756.931    285800.379 NangateOpenCellLibrary       0 
INV_X1          2170  1154.440   30578.784    714662.342 NangateOpenCellLibrary       0 
INV_X16            3    13.566     680.534     27117.425 NangateOpenCellLibrary       0 
INV_X2            39    31.122    1138.061     24034.999 NangateOpenCellLibrary       0 
INV_X4            10    13.300     578.339     19737.197 NangateOpenCellLibrary       0 
INV_X8             3     7.182     348.689     13315.375 NangateOpenCellLibrary       0 
MUX2_X1          739  1376.018   26694.976   1299200.273 NangateOpenCellLibrary       0 
MUX2_X2            2     4.788     126.419      4449.583 NangateOpenCellLibrary       0 
NAND2_X1        1915  1528.170   38350.184    766478.570 NangateOpenCellLibrary       0 
NAND2_X2          81   107.730    3874.959     48763.187 NangateOpenCellLibrary       0 
NAND2_X4          11    26.334    1075.841     19600.221 NangateOpenCellLibrary       0 
NAND3_X1         108   114.912    3066.062     58676.862 NangateOpenCellLibrary       0 
NAND3_X2           1     1.862      50.352      2259.405 NangateOpenCellLibrary       0 
NAND4_X1         121   160.930    4566.713     49683.685 NangateOpenCellLibrary       0 
NAND4_X2           2     4.788     100.181      5637.111 NangateOpenCellLibrary       0 
NOR2_X1         1301  1038.198   29555.069    386318.678 NangateOpenCellLibrary       0 
NOR2_X2          124   164.920    5409.558     62308.455 NangateOpenCellLibrary       0 
NOR2_X4           10    23.940     852.047      9776.517 NangateOpenCellLibrary       0 
NOR3_X1           78    82.992    2231.491     25316.996 NangateOpenCellLibrary       0 
NOR3_X2            2     3.724     134.015      1923.581 NangateOpenCellLibrary       0 
NOR4_X1          136   180.880    4869.789     39507.929 NangateOpenCellLibrary       0 
OAI211_X1         60    79.800    1911.598     51855.783 NangateOpenCellLibrary       0 
OAI211_X2          1     2.394      42.790      2465.177 NangateOpenCellLibrary       0 
OAI21_X1         444   472.416   12057.707    330324.148 NangateOpenCellLibrary       0 
OAI21_X2          32    59.584    1702.528     44072.293 NangateOpenCellLibrary       0 
OAI21_X4           5    17.290     580.795     20229.056 NangateOpenCellLibrary       0 
OAI221_X1         44    70.224    1688.027     40801.324 NangateOpenCellLibrary       0 
OAI222_X1          4     8.512     157.677      7154.717 NangateOpenCellLibrary       0 
OAI22_X1         356   473.480   15648.399    190748.942 NangateOpenCellLibrary       0 
OAI22_X2           5    11.970     438.103      9381.217 NangateOpenCellLibrary       0 
OR2_X1           520   553.280   11976.082    348459.103 NangateOpenCellLibrary       0 
OR2_X2            12    15.960     553.386     17566.130 NangateOpenCellLibrary       0 
OR3_X1            43    57.190    1100.914     20933.437 NangateOpenCellLibrary       0 
OR4_X1            84   134.064    2416.102     19749.042 NangateOpenCellLibrary       0 
SDFFR_X1          26   172.900    2754.629    240591.301 NangateOpenCellLibrary       0 
SDFF_X1            1     6.118      98.685      7408.547 NangateOpenCellLibrary       0 
XNOR2_X1         558   890.568   22301.840    621975.214 NangateOpenCellLibrary       0 
XNOR2_X2          17    45.220    1261.162     57403.005 NangateOpenCellLibrary       0 
XOR2_X1          311   496.356   12341.038    309923.445 NangateOpenCellLibrary       0 
XOR2_X2           13    31.122     895.364     52690.870 NangateOpenCellLibrary       0 
----------------------------------------------------------------------------------------
total          13816 24341.128  496576.223  18472642.819                                
                                            Leakage  Leakage   Internal   Internal 
     Type      Instances    Area   Area % Power (nW) Power %  Power (nW)   Power % 
-----------------------------------------------------------------------------------
sequential          1679  8849.554   36.4 146167.868    29.4  9354713.069     50.6 
inverter            2225  1219.610    5.0  33324.407     6.7   798867.339      4.3 
buffer                21    27.132    0.1   1016.829     0.2    17433.379      0.1 
logic               9891 14244.832   58.5 316067.119    63.6  8301629.033     44.9 
physical_cells         0     0.000    0.0      0.000     0.0        0.000      0.0 
-----------------------------------------------------------------------------------
total              13816 24341.128  100.0 496576.223   100.0 18472642.819    100.0 
