============================================================
  Generated by:           Genus(TM) Synthesis Solution 25.11-s095_1
  Generated on:           Mar 10 2026  09:38:28 pm
  Module:                 add_bf16_1C
  Library domain:         timing_condition_tt_1p2v_25c
    Domain index:         0
    Technology library:   NangateOpenCellLibrary revision 1.0
  Operating conditions:   typical 
  Interconnect mode:      global
  Area mode:              physical library
============================================================

Timing
--------

Analysis view  Clock Period 
----------------------------
view_1p2_25   clock1 1205.0 


  Analysis    Cost   Critical        Violating 
    View     Group  Path Slack  TNS    Paths   
-----------------------------------------------
view_1p2_25  clock1       19.0  0.0          0 
            default   No paths  0.0          0 
-----------------------------------------------
Total                          -0.0          0 
                                               

Instance Count
--------------
Leaf Instance Count             770 
Physical Instance count           0 
Sequential Instance Count        33 
Combinational Instance Count    737 
Hierarchical Instance Count       0 

Area
----
Cell Area                          974.624
Physical Cell Area                 0.000
Total Cell Area (Cell+Physical)    974.624
Net Area                           1020.478
Total Area (Cell+Physical+Net)     1995.102

Power
-----
Leakage Power                      23106.890 nW
Dynamic Power                      1826679.201 nW
Total Power                        1849786.091 nW

Max Fanout                         33 (clk)
Min Fanout                         0 (nRST)
Average Fanout                     2.2
Terms to net ratio                 3.2042
Terms to instance ratio            3.3623
Runtime                            43.981623 seconds
Elapsed Runtime                    52 seconds
Genus peak memory usage            1649.57 
Innovus peak memory usage          no_value 
Hostname                           asicfab.ecn.purdue.edu
