============================================================
  Generated by:           Genus(TM) Synthesis Solution 25.11-s095_1
  Generated on:           May 24 2026  09:20:49 pm
  Module:                 sysarr_32_input_fp_adder
  Operating conditions:   typical 
  Interconnect mode:      global
  Area mode:              physical library
============================================================


Path 1: VIOLATED (-346 ps) Setup Check with Pin aligner_inst_max_l3_n1_r_reg[0]/clk->d
           View: view_1p2_25
          Group: clock1
     Startpoint: (F) in[30][8]
          Clock: (R) clock1
       Endpoint: (R) aligner_inst_max_l3_n1_r_reg[0]/d
          Clock: (R) clock1

                     Capture       Launch     
        Clock Edge:+    1000            0     
        Drv Adjust:+       0            0     
       Src Latency:+       0            0     
       Net Latency:+       0 (I)        0 (I) 
           Arrival:=    1000            0     
                                              
             Setup:-      38                  
       Uncertainty:-       0                  
     Required Time:=     962                  
      Launch Clock:-       0                  
       Input Delay:-       1                  
         Data Path:-    1307                  
             Slack:=    -346                  

Exceptions/Constraints:
  input_delay              1              sysarr_32_input_fp_a_line_21_24_1   

#--------------------------------------------------------------------------------------------------------------------
#           Timing Point            Flags    Arc    Edge       Cell         Fanout Load Trans Delay Arrival Instance 
#                                                                                  (fF)  (ps)  (ps)   (ps)  Location 
#--------------------------------------------------------------------------------------------------------------------
  in[30][8]                         (u)     -       F     (arrival)              5 16.0     0     0       1    (-,-) 
  in[30][8]                         -       -       -     (net)                  -    -     -     -       -    (-,-) 
  g119839/z                         (u)     in_1->z R     unmapped_nand2         2  7.2     0    19      20    (-,-) 
  n_90254                           -       -       -     (net)                  -    -     -     -       -    (-,-) 
  g175312/z                         (u)     in_0->z F     unmapped_nand2         2  6.4     0    19      39    (-,-) 
  n_99208                           -       -       -     (net)                  -    -     -     -       -    (-,-) 
  g175278/z                         (u)     in_0->z R     unmapped_complex2      1  3.6     0    17      56    (-,-) 
  n_92851                           -       -       -     (net)                  -    -     -     -       -    (-,-) 
  g175008/z                         (u)     in_0->z F     unmapped_complex2      1  3.2     0    17      72    (-,-) 
  n_99214                           -       -       -     (net)                  -    -     -     -       -    (-,-) 
  g174496/z                         (u)     in_1->z R     unmapped_nand2         1  3.6     0    17      89    (-,-) 
  n_87507                           -       -       -     (net)                  -    -     -     -       -    (-,-) 
  g174435/z                         (u)     in_1->z F     unmapped_nand2         1  3.2     0    17     106    (-,-) 
  n_99226                           -       -       -     (net)                  -    -     -     -       -    (-,-) 
  g174377/z                         (u)     in_0->z R     unmapped_complex2      1  3.6     0    17     122    (-,-) 
  n_92863                           -       -       -     (net)                  -    -     -     -       -    (-,-) 
  g174346/z                         (u)     in_0->z F     unmapped_complex2      1  3.2     0    17     139    (-,-) 
  n_99231                           -       -       -     (net)                  -    -     -     -       -    (-,-) 
  g174300/z                         (u)     in_0->z R     unmapped_nand2         2  7.2     0    19     158    (-,-) 
  n_87728                           -       -       -     (net)                  -    -     -     -       -    (-,-) 
  g173999/z                         (u)     in_0->z R     unmapped_or2           2  7.2     0    19     177    (-,-) 
  n_99239                           -       -       -     (net)                  -    -     -     -       -    (-,-) 
  g173579/z                         (u)     in_0->z F     unmapped_nand2         1  3.2     0    17     194    (-,-) 
  n_99240                           -       -       -     (net)                  -    -     -     -       -    (-,-) 
  g173023/z                         (u)     in_1->z F     unmapped_complex2      1  3.2     0    17     210    (-,-) 
  n_92869                           -       -       -     (net)                  -    -     -     -       -    (-,-) 
  g172432/z                         (u)     in_0->z R     unmapped_nand2         2  7.2     0    19     229    (-,-) 
  n_99247                           -       -       -     (net)                  -    -     -     -       -    (-,-) 
  g171022/z                         (u)     in_1->z F     unmapped_nand2        14 44.8     0    42     271    (-,-) 
  n_32864                           -       -       -     (net)                  -    -     -     -       -    (-,-) 
  g170499/z                         (u)     in_0->z R     unmapped_nand2         1  3.6     0    17     288    (-,-) 
  n_99253                           -       -       -     (net)                  -    -     -     -       -    (-,-) 
  g170019/z                         (u)     in_1->z F     unmapped_nand2         3  9.6     0    22     309    (-,-) 
  n_32871                           -       -       -     (net)                  -    -     -     -       -    (-,-) 
  g135562/z                         (u)     in_0->z R     unmapped_complex2      1  3.6     0    17     326    (-,-) 
  n_92841                           -       -       -     (net)                  -    -     -     -       -    (-,-) 
  g168738/z                         (u)     in_0->z F     unmapped_nand2         1  3.2     0    17     343    (-,-) 
  n_99258                           -       -       -     (net)                  -    -     -     -       -    (-,-) 
  g168496/z                         (u)     in_0->z R     unmapped_nand2         1  3.6     0    17     359    (-,-) 
  n_92842                           -       -       -     (net)                  -    -     -     -       -    (-,-) 
  g168492/z                         (u)     in_0->z F     unmapped_nand2         2  6.4     0    19     378    (-,-) 
  n_74216                           -       -       -     (net)                  -    -     -     -       -    (-,-) 
  g168342/z                         (u)     in_0->z R     unmapped_complex2      1  3.6     0    17     395    (-,-) 
  n_92858                           -       -       -     (net)                  -    -     -     -       -    (-,-) 
  g168157/z                         (u)     in_0->z F     unmapped_nand2         1  3.2     0    17     412    (-,-) 
  n_99271                           -       -       -     (net)                  -    -     -     -       -    (-,-) 
  g167567/z                         (u)     in_1->z R     unmapped_nand2         2  7.2     0    19     431    (-,-) 
  n_74228                           -       -       -     (net)                  -    -     -     -       -    (-,-) 
  g166511/z                         (u)     in_1->z R     unmapped_or2           2  7.2     0    19     450    (-,-) 
  n_99278                           -       -       -     (net)                  -    -     -     -       -    (-,-) 
  g178128/z                         (u)     in_0->z F     unmapped_complex2      1  3.2     0    17     466    (-,-) 
  n_99279                           -       -       -     (net)                  -    -     -     -       -    (-,-) 
  g165770/z                         (u)     in_1->z F     unmapped_complex2      1  3.2     0    17     483    (-,-) 
  n_92853                           -       -       -     (net)                  -    -     -     -       -    (-,-) 
  g178342/z                         (u)     in_0->z R     unmapped_complex2      1  3.6     0    17     500    (-,-) 
  n_99286                           -       -       -     (net)                  -    -     -     -       -    (-,-) 
  g165172/z                         (u)     in_1->z F     unmapped_nand2         1  3.2     0    17     516    (-,-) 
  n_74243                           -       -       -     (net)                  -    -     -     -       -    (-,-) 
  g164982/z                         (u)     in_1->z F     unmapped_complex2      2  6.4     0    19     535    (-,-) 
  n_99295                           -       -       -     (net)                  -    -     -     -       -    (-,-) 
  g164827/z                         (u)     in_0->z R     unmapped_complex2      1  3.6     0    17     552    (-,-) 
  n_92871                           -       -       -     (net)                  -    -     -     -       -    (-,-) 
  g164739/z                         (u)     in_0->z F     unmapped_nand2         2  6.4     0    19     571    (-,-) 
  n_99301                           -       -       -     (net)                  -    -     -     -       -    (-,-) 
  g164568/z                         (u)     in_1->z R     unmapped_nand2        14 50.4     0    42     613    (-,-) 
  n_32873                           -       -       -     (net)                  -    -     -     -       -    (-,-) 
  g164448/z                         (u)     in_0->z F     unmapped_nand2         1  3.2     0    17     629    (-,-) 
  n_99313                           -       -       -     (net)                  -    -     -     -       -    (-,-) 
  g164227/z                         (u)     in_1->z R     unmapped_nand2         3 10.8     0    22     651    (-,-) 
  n_32881                           -       -       -     (net)                  -    -     -     -       -    (-,-) 
  g164115/z                         (u)     in_1->z F     unmapped_nand2         2  6.4     0    19     670    (-,-) 
  n_99320                           -       -       -     (net)                  -    -     -     -       -    (-,-) 
  g178654/z                         (u)     in_0->z R     unmapped_complex2      1  3.6     0    17     687    (-,-) 
  n_99321                           -       -       -     (net)                  -    -     -     -       -    (-,-) 
  g178687/z                         (u)     in_1->z R     unmapped_complex2      1  3.6     0    17     703    (-,-) 
  n_92855                           -       -       -     (net)                  -    -     -     -       -    (-,-) 
  g178726/z                         (u)     in_1->z F     unmapped_complex2      1  3.2     0    17     720    (-,-) 
  n_99328                           -       -       -     (net)                  -    -     -     -       -    (-,-) 
  g163387/z                         (u)     in_1->z R     unmapped_nand2         1  3.6     0    17     736    (-,-) 
  n_74491                           -       -       -     (net)                  -    -     -     -       -    (-,-) 
  g163261/z                         (u)     in_1->z F     unmapped_nand2         1  3.2     0    17     753    (-,-) 
  n_99333                           -       -       -     (net)                  -    -     -     -       -    (-,-) 
  g162972/z                         (u)     in_0->z R     unmapped_nand2         1  3.6     0    17     770    (-,-) 
  n_92847                           -       -       -     (net)                  -    -     -     -       -    (-,-) 
  g162596/z                         (u)     in_0->z F     unmapped_nand2         1  3.2     0    17     786    (-,-) 
  n_74503                           -       -       -     (net)                  -    -     -     -       -    (-,-) 
  g162374/z                         (u)     in_0->z R     unmapped_complex2      1  3.6     0    17     803    (-,-) 
  n_99343                           -       -       -     (net)                  -    -     -     -       -    (-,-) 
  g162172/z                         (u)     in_1->z F     unmapped_nand2         1  3.2     0    17     820    (-,-) 
  n_89502                           -       -       -     (net)                  -    -     -     -       -    (-,-) 
  g161634/z                         (u)     in_1->z R     unmapped_nand2         2  7.2     0    19     839    (-,-) 
  n_74518                           -       -       -     (net)                  -    -     -     -       -    (-,-) 
  g161546/z                         (u)     in_0->z F     unmapped_complex2      1  3.2     0    17     855    (-,-) 
  n_92865                           -       -       -     (net)                  -    -     -     -       -    (-,-) 
  g161090/z                         (u)     in_0->z R     unmapped_nand2         2  7.2     0    19     874    (-,-) 
  n_99355                           -       -       -     (net)                  -    -     -     -       -    (-,-) 
  g161072/z                         (u)     in_1->z F     unmapped_nand2        14 44.8     0    42     916    (-,-) 
  n_32882                           -       -       -     (net)                  -    -     -     -       -    (-,-) 
  g160713/z                         (u)     in_1->z R     unmapped_nand2         1  3.6     0    17     933    (-,-) 
  n_99361                           -       -       -     (net)                  -    -     -     -       -    (-,-) 
  g160615/z                         (u)     in_1->z F     unmapped_nand2         3  9.6     0    22     954    (-,-) 
  n_32889                           -       -       -     (net)                  -    -     -     -       -    (-,-) 
  g135594/z                         (u)     in_0->z R     unmapped_complex2      1  3.6     0    17     971    (-,-) 
  n_92857                           -       -       -     (net)                  -    -     -     -       -    (-,-) 
  g160232/z                         (u)     in_0->z F     unmapped_complex2      1  3.2     0    17     988    (-,-) 
  n_99366                           -       -       -     (net)                  -    -     -     -       -    (-,-) 
  g160057/z                         (u)     in_0->z R     unmapped_nand2         2  7.2     0    19    1007    (-,-) 
  n_74619                           -       -       -     (net)                  -    -     -     -       -    (-,-) 
  g159891/z                         (u)     in_1->z R     unmapped_or2           2  7.2     0    19    1026    (-,-) 
  n_99374                           -       -       -     (net)                  -    -     -     -       -    (-,-) 
  g159660/z                         (u)     in_0->z F     unmapped_nand2         1  3.2     0    17    1042    (-,-) 
  n_99375                           -       -       -     (net)                  -    -     -     -       -    (-,-) 
  g159599/z                         (u)     in_1->z F     unmapped_complex2      1  3.2     0    17    1059    (-,-) 
  n_92849                           -       -       -     (net)                  -    -     -     -       -    (-,-) 
  g159552/z                         (u)     in_0->z R     unmapped_nand2         1  3.6     0    17    1076    (-,-) 
  n_99382                           -       -       -     (net)                  -    -     -     -       -    (-,-) 
  g159534/z                         (u)     in_1->z F     unmapped_nand2         1  3.2     0    17    1092    (-,-) 
  n_74634                           -       -       -     (net)                  -    -     -     -       -    (-,-) 
  g179597/z                         (u)     in_1->z F     unmapped_complex2      2  6.4     0    19    1111    (-,-) 
  n_99391                           -       -       -     (net)                  -    -     -     -       -    (-,-) 
  g159526/z                         (u)     in_1->z R     unmapped_complex2      1  3.6     0    17    1128    (-,-) 
  n_92860                           -       -       -     (net)                  -    -     -     -       -    (-,-) 
  g159523/z                         (u)     in_0->z F     unmapped_complex2      1  3.2     0    17    1144    (-,-) 
  n_99397                           -       -       -     (net)                  -    -     -     -       -    (-,-) 
  g159520/z                         (u)     in_1->z R     unmapped_nand2         2  7.2     0    19    1164    (-,-) 
  n_74649                           -       -       -     (net)                  -    -     -     -       -    (-,-) 
  g159516/z                         (u)     in_1->z F     unmapped_nand2         2  6.4     0    19    1183    (-,-) 
  n_99404                           -       -       -     (net)                  -    -     -     -       -    (-,-) 
  g179600/z                         (u)     in_0->z R     unmapped_complex2      1  3.6     0    17    1199    (-,-) 
  n_99405                           -       -       -     (net)                  -    -     -     -       -    (-,-) 
  g179603/z                         (u)     in_1->z R     unmapped_complex2      1  3.6     0    17    1216    (-,-) 
  n_92867                           -       -       -     (net)                  -    -     -     -       -    (-,-) 
  g179604/z                         (u)     in_0->z F     unmapped_complex2      1  3.2     0    17    1232    (-,-) 
  n_99412                           -       -       -     (net)                  -    -     -     -       -    (-,-) 
  g159493/z                         (u)     in_1->z R     unmapped_nand2        14 50.4     0    42    1274    (-,-) 
  n_32891                           -       -       -     (net)                  -    -     -     -       -    (-,-) 
  g159473/z                         (u)     in_1->z F     unmapped_nand2         1  3.2     0    17    1291    (-,-) 
  n_99460                           -       -       -     (net)                  -    -     -     -       -    (-,-) 
  g159455/z                         (u)     in_1->z R     unmapped_nand2         1  3.6     0    17    1308    (-,-) 
  aligner_inst_max_l3_n1_c[0]       -       -       -     (net)                  -    -     -     -       -    (-,-) 
  aligner_inst_max_l3_n1_r_reg[0]/d <<<     -       R     unmapped_d_flop        1    -     -     0    1308    (-,-) 
#--------------------------------------------------------------------------------------------------------------------

(u) : Net has unmapped pin(s).

Capture clock path:
#------------------------------------------------------------------------------------------------------------------
#            Timing Point             Flags   Arc   Edge      Cell        Fanout Load Trans Delay Arrival Instance 
#                                                                                (fF)  (ps)  (ps)   (ps)  Location 
#------------------------------------------------------------------------------------------------------------------
  clk                                 (i,u)   -     R     (arrival)         1602  0.0     0     0    1000    (-,-) 
  clk                                 -       -     -     (net)                -    -     -     -       -    (-,-) 
  clk                                 -       -     -     (net)                -    -     -     -       -    (-,-) 
  aligner_inst_max_l3_n1_r_reg[0]/clk <<<     -     R     unmapped_d_flop   1602    -     1     0    1000    (-,-) 
#------------------------------------------------------------------------------------------------------------------


