============================================================
  Generated by:           Genus(TM) Synthesis Solution 25.11-s095_1
  Generated on:           May 23 2026  09:56:11 pm
  Operating conditions:   typical 
  Interconnect mode:      global
  Area mode:              physical library
============================================================

                                 Leakage      Internal                          Library 
   Gate    Instances    Area    Power (nW)   Power (nW)          Library         Domain 
----------------------------------------------------------------------------------------
AND2_X1         1076  1144.864   27901.085   1348267.138 NangateOpenCellLibrary       0 
AND2_X2           76   101.080    3789.219    203281.202 NangateOpenCellLibrary       0 
AND2_X4           34    81.396    3527.396    187707.369 NangateOpenCellLibrary       0 
AND3_X1           55    73.150    1537.209     64069.522 NangateOpenCellLibrary       0 
AND3_X2           22    35.112    1408.660     72393.697 NangateOpenCellLibrary       0 
AND3_X4           14    40.964    1650.692     47783.246 NangateOpenCellLibrary       0 
AND4_X1           31    49.476     916.914     29380.401 NangateOpenCellLibrary       0 
AND4_X2            2     3.724     139.321      2801.285 NangateOpenCellLibrary       0 
AND4_X4            2     6.916     196.545      3129.552 NangateOpenCellLibrary       0 
AOI211_X1          6     7.980     252.287      4698.837 NangateOpenCellLibrary       0 
AOI211_X2          1     2.394      74.999      2616.469 NangateOpenCellLibrary       0 
AOI211_X4          3     8.778     335.413     41822.715 NangateOpenCellLibrary       0 
AOI21_X1         686   729.904   17831.148    828522.360 NangateOpenCellLibrary       0 
AOI21_X2         269   500.878   13365.510    664023.209 NangateOpenCellLibrary       0 
AOI21_X4          36   124.488    3858.822    219740.050 NangateOpenCellLibrary       0 
AOI221_X1         51    81.396    1870.500    115423.484 NangateOpenCellLibrary       0 
AOI221_X2          1     2.926      63.692      4850.396 NangateOpenCellLibrary       0 
AOI222_X1          2     4.256      84.795       116.501 NangateOpenCellLibrary       0 
AOI22_X1         254   337.820    6979.488    251029.241 NangateOpenCellLibrary       0 
AOI22_X2          14    33.516     642.573     31397.175 NangateOpenCellLibrary       0 
BUF_X1             6     4.788     120.337      8211.460 NangateOpenCellLibrary       0 
BUF_X2            40    42.560    1723.207    145300.432 NangateOpenCellLibrary       0 
BUF_X4             3     5.586     255.797     19406.961 NangateOpenCellLibrary       0 
BUF_X8             1     3.458     172.245      3509.352 NangateOpenCellLibrary       0 
CLKBUF_X1         13    10.374     152.152     11035.957 NangateOpenCellLibrary       0 
CLKBUF_X2          4     4.256      84.278     10050.169 NangateOpenCellLibrary       0 
CLKBUF_X3          3     3.990      83.635      7223.544 NangateOpenCellLibrary       0 
DFFR_X1         1948 10363.360  171731.217  18527951.029 NangateOpenCellLibrary       0 
DFFR_X2            8    46.816    1042.800     53409.058 NangateOpenCellLibrary       0 
DFF_X1           160   723.520   12619.456   1738176.762 NangateOpenCellLibrary       0 
DFF_X2             1     5.054     115.006     14313.491 NangateOpenCellLibrary       0 
FA_X1            411  1749.216   29780.956   2602227.617 NangateOpenCellLibrary       0 
HA_X1             51   135.660    3051.796    182017.097 NangateOpenCellLibrary       0 
INV_X1          3742  1990.744   54155.155   2290236.219 NangateOpenCellLibrary       0 
INV_X16            3    13.566     688.954      8894.414 NangateOpenCellLibrary       0 
INV_X2           358   285.684   10118.103    481643.078 NangateOpenCellLibrary       0 
INV_X4           103   136.990    5877.401    248073.112 NangateOpenCellLibrary       0 
INV_X8            19    45.486    2204.226     48781.841 NangateOpenCellLibrary       0 
MUX2_X1          361   672.182   12916.145   1040206.670 NangateOpenCellLibrary       0 
MUX2_X2           19    45.486    1327.235    120223.799 NangateOpenCellLibrary       0 
NAND2_X1        3335  2661.330   64028.034   2430173.110 NangateOpenCellLibrary       0 
NAND2_X2         544   723.520   22276.437    962570.327 NangateOpenCellLibrary       0 
NAND2_X4         250   598.500   27125.736    939825.699 NangateOpenCellLibrary       0 
NAND3_X1         298   317.072    7695.647    272086.154 NangateOpenCellLibrary       0 
NAND3_X2          63   117.306    3797.344    138157.474 NangateOpenCellLibrary       0 
NAND3_X4          10    34.580    1509.985     36767.204 NangateOpenCellLibrary       0 
NAND4_X1         112   148.960    2328.911     47698.277 NangateOpenCellLibrary       0 
NAND4_X2           2     4.788     118.326      7040.338 NangateOpenCellLibrary       0 
NAND4_X4          10    47.880     893.995     40197.313 NangateOpenCellLibrary       0 
NOR2_X1         2508  2001.384   53678.519   1926029.437 NangateOpenCellLibrary       0 
NOR2_X2          303   402.990   12765.913    448683.927 NangateOpenCellLibrary       0 
NOR2_X4          203   485.982   16538.061    798066.993 NangateOpenCellLibrary       0 
NOR3_X1          102   108.528    2705.465     99837.718 NangateOpenCellLibrary       0 
NOR3_X2            5     9.310     277.774      8938.960 NangateOpenCellLibrary       0 
NOR4_X1           96   127.680    3264.725     30162.600 NangateOpenCellLibrary       0 
NOR4_X2            1     2.394      55.245      3878.923 NangateOpenCellLibrary       0 
OAI211_X1        146   194.180    5276.807    209371.926 NangateOpenCellLibrary       0 
OAI211_X2         30    71.820    2461.433    130109.211 NangateOpenCellLibrary       0 
OAI211_X4          2     9.044     233.355     20233.914 NangateOpenCellLibrary       0 
OAI21_X1         998  1061.872   30771.948   1229472.637 NangateOpenCellLibrary       0 
OAI21_X2         200   372.400   12128.833    522725.621 NangateOpenCellLibrary       0 
OAI21_X4          38   131.404    3937.406    193728.998 NangateOpenCellLibrary       0 
OAI221_X1         33    52.668    1627.044     52359.708 NangateOpenCellLibrary       0 
OAI221_X2          1     2.926      84.731      5207.868 NangateOpenCellLibrary       0 
OAI222_X1         47   100.016    2288.875    127509.308 NangateOpenCellLibrary       0 
OAI222_X2          1     3.724     127.625      6134.058 NangateOpenCellLibrary       0 
OAI22_X1         479   637.070   20507.110    623584.349 NangateOpenCellLibrary       0 
OAI22_X2          18    43.092    1426.468     43758.607 NangateOpenCellLibrary       0 
OAI22_X4           1     4.522     131.984      9537.975 NangateOpenCellLibrary       0 
OAI33_X1           1     1.862      49.077      2975.517 NangateOpenCellLibrary       0 
OR2_X1           523   556.472   12270.996    774626.089 NangateOpenCellLibrary       0 
OR2_X2            34    45.220    1726.060     83315.550 NangateOpenCellLibrary       0 
OR2_X4             3     7.182     277.683     16583.032 NangateOpenCellLibrary       0 
OR3_X1            33    43.890     844.593     30301.593 NangateOpenCellLibrary       0 
OR3_X2             1     1.596      47.758      3093.911 NangateOpenCellLibrary       0 
OR4_X1            76   121.296    2090.199     39215.675 NangateOpenCellLibrary       0 
OR4_X2             1     1.862      70.309      7033.556 NangateOpenCellLibrary       0 
SDFFR_X1          10    66.500    1067.923    144094.056 NangateOpenCellLibrary       0 
SDFFR_X2          28   193.648    4054.544    381255.737 NangateOpenCellLibrary       0 
SDFF_X1            1     6.118      98.886     11737.076 NangateOpenCellLibrary       0 
XNOR2_X1         460   734.160   16854.977   1034412.006 NangateOpenCellLibrary       0 
XNOR2_X2          86   228.760    6284.805    464531.300 NangateOpenCellLibrary       0 
XOR2_X1          344   549.024   11860.676   1044716.593 NangateOpenCellLibrary       0 
XOR2_X2            2     4.788     145.297     11975.338 NangateOpenCellLibrary       0 
----------------------------------------------------------------------------------------
total          21328 32699.114  752453.890  47097661.572                                
                                            Leakage  Leakage   Internal   Internal 
     Type      Instances    Area   Area % Power (nW) Power %  Power (nW)   Power % 
-----------------------------------------------------------------------------------
sequential          2156 11405.016   34.9 190729.832    25.3 20870937.207     44.3 
inverter            4225  2472.470    7.6  73043.839     9.7  3077628.664      6.5 
buffer                70    75.012    0.2   2591.651     0.3   204737.876      0.4 
logic              14877 18746.616   57.3 486088.569    64.6 22944357.825     48.7 
physical_cells         0     0.000    0.0      0.000     0.0        0.000      0.0 
-----------------------------------------------------------------------------------
total              21328 32699.114  100.0 752453.890   100.0 47097661.572    100.0 
