============================================================
  Generated by:           Genus(TM) Synthesis Solution 25.11-s095_1
  Generated on:           Jun 13 2026  01:22:39 pm
  Operating conditions:   typical 
  Interconnect mode:      global
  Area mode:              physical library
============================================================

                                 Leakage      Internal                          Library 
   Gate    Instances    Area    Power (nW)   Power (nW)          Library         Domain 
----------------------------------------------------------------------------------------
AND2_X1          584   621.376   14694.566    442732.254 NangateOpenCellLibrary       0 
AND2_X2           30    39.900    1599.745     75022.227 NangateOpenCellLibrary       0 
AND2_X4            4     9.576     416.534     19680.487 NangateOpenCellLibrary       0 
AND3_X1           28    37.240     791.127     20044.280 NangateOpenCellLibrary       0 
AND3_X2            3     4.788     142.147      2736.695 NangateOpenCellLibrary       0 
AND3_X4            1     2.926      84.535         0.000 NangateOpenCellLibrary       0 
AND4_X1           10    15.960     294.061      8082.741 NangateOpenCellLibrary       0 
AND4_X4            1     3.458      89.254        81.195 NangateOpenCellLibrary       0 
AOI211_X1         11    14.630     397.727     12803.925 NangateOpenCellLibrary       0 
AOI21_X1         426   453.264   12315.147    363811.852 NangateOpenCellLibrary       0 
AOI21_X2          34    63.308    1999.677     74892.506 NangateOpenCellLibrary       0 
AOI21_X4           1     3.458      67.218      6815.885 NangateOpenCellLibrary       0 
AOI221_X1        143   228.228    5390.618    215351.731 NangateOpenCellLibrary       0 
AOI222_X1         37    78.736    1801.949     64539.437 NangateOpenCellLibrary       0 
AOI22_X1         299   397.670    8788.565    255967.632 NangateOpenCellLibrary       0 
AOI22_X2           5    11.970     392.072     15915.570 NangateOpenCellLibrary       0 
CLKBUF_X1          3     2.394      33.642      4040.510 NangateOpenCellLibrary       0 
DFFR_X1         1506  8011.920  132206.246  10125888.769 NangateOpenCellLibrary       0 
DFF_X1           148   669.256   11666.904   1074637.317 NangateOpenCellLibrary       0 
FA_X1            785  3340.960   46786.300   2728049.361 NangateOpenCellLibrary       0 
HA_X1            136   361.760    8880.526    301255.146 NangateOpenCellLibrary       0 
INV_X1          1645   875.140   23661.514    650741.883 NangateOpenCellLibrary       0 
INV_X16            3    13.566     680.452     29367.168 NangateOpenCellLibrary       0 
INV_X2            27    21.546     766.543     19160.402 NangateOpenCellLibrary       0 
INV_X4             9    11.970     491.210     20212.252 NangateOpenCellLibrary       0 
INV_X8            11    26.334    1305.598     50282.708 NangateOpenCellLibrary       0 
MUX2_X1          717  1335.054   25907.707   1382261.651 NangateOpenCellLibrary       0 
MUX2_X2            1     2.394      72.173      4228.105 NangateOpenCellLibrary       0 
NAND2_X1        1749  1395.702   35596.377    909815.776 NangateOpenCellLibrary       0 
NAND2_X2          51    67.830    2324.459     59312.007 NangateOpenCellLibrary       0 
NAND2_X4          11    26.334     821.814     20292.698 NangateOpenCellLibrary       0 
NAND3_X1         147   156.408    4123.952     66612.850 NangateOpenCellLibrary       0 
NAND3_X2           6    11.172     307.873      7134.690 NangateOpenCellLibrary       0 
NAND4_X1          88   117.040    2458.852     25710.541 NangateOpenCellLibrary       0 
NAND4_X2           1     2.394      35.169      2506.840 NangateOpenCellLibrary       0 
NOR2_X1         1073   856.254   24231.805    401033.762 NangateOpenCellLibrary       0 
NOR2_X2           91   121.030    3791.676    113613.048 NangateOpenCellLibrary       0 
NOR2_X4           17    40.698    1441.763     40362.430 NangateOpenCellLibrary       0 
NOR3_X1          128   136.192    3682.625     48488.220 NangateOpenCellLibrary       0 
NOR3_X2            7    13.034     382.012     11112.675 NangateOpenCellLibrary       0 
NOR3_X4            3    11.172     334.726     12824.407 NangateOpenCellLibrary       0 
NOR4_X1           93   123.690    3210.083     25705.437 NangateOpenCellLibrary       0 
OAI211_X1         78   103.740    2952.819     61506.015 NangateOpenCellLibrary       0 
OAI21_X1         621   660.744   17090.714    527910.216 NangateOpenCellLibrary       0 
OAI21_X2          34    63.308    1933.971     65463.779 NangateOpenCellLibrary       0 
OAI21_X4           8    27.664     941.038     39803.459 NangateOpenCellLibrary       0 
OAI221_X1         68   108.528    3088.368     73788.701 NangateOpenCellLibrary       0 
OAI222_X1         14    29.792     667.732     25518.468 NangateOpenCellLibrary       0 
OAI22_X1         441   586.530   19811.707    286508.772 NangateOpenCellLibrary       0 
OAI22_X2           2     4.788     109.315      5167.761 NangateOpenCellLibrary       0 
OAI33_X1           1     1.862      42.238       475.387 NangateOpenCellLibrary       0 
OR2_X1           505   537.320   11568.873    482188.141 NangateOpenCellLibrary       0 
OR2_X2             6     7.980     282.133      9602.937 NangateOpenCellLibrary       0 
OR2_X4             1     2.394     111.940      3909.179 NangateOpenCellLibrary       0 
OR3_X1            30    39.900     807.596     23916.039 NangateOpenCellLibrary       0 
OR3_X2             1     1.596      59.974         0.000 NangateOpenCellLibrary       0 
OR4_X1            86   137.256    2410.297     22141.046 NangateOpenCellLibrary       0 
SDFFR_X1          24   159.600    2541.617    240607.339 NangateOpenCellLibrary       0 
SDFF_X1            1     6.118      98.651      8080.528 NangateOpenCellLibrary       0 
XNOR2_X1         535   853.860   21060.967    747048.554 NangateOpenCellLibrary       0 
XNOR2_X2          44   117.040    3173.471    163142.718 NangateOpenCellLibrary       0 
XOR2_X1          406   647.976   13833.615    644046.329 NangateOpenCellLibrary       0 
XOR2_X2           13    31.122     924.337     54696.687 NangateOpenCellLibrary       0 
----------------------------------------------------------------------------------------
total          12992 23866.850  487978.319  23198651.125                                
                                            Leakage  Leakage   Internal   Internal 
     Type      Instances    Area   Area % Power (nW) Power %  Power (nW)   Power % 
-----------------------------------------------------------------------------------
sequential          1679  8846.894   37.1 146513.419    30.0 11449213.953     49.4 
inverter            1695   948.556    4.0  26905.318     5.5   769764.413      3.3 
buffer                 3     2.394    0.0     33.642     0.0     4040.510      0.0 
logic               9615 14069.006   58.9 314525.940    64.5 10975632.248     47.3 
physical_cells         0     0.000    0.0      0.000     0.0        0.000      0.0 
-----------------------------------------------------------------------------------
total              12992 23866.850  100.0 487978.319   100.0 23198651.125    100.0 
