============================================================
  Generated by:           Genus(TM) Synthesis Solution 25.11-s095_1
  Generated on:           Jan 31 2026  06:56:36 pm
  Module:                 add_bf16
  Operating conditions:   PVT_1P2V_25C 
  Interconnect mode:      global
  Area mode:              physical library
============================================================


Path 1: MET (0 ps) Late External Delay Assertion at pin bf_out[12]
           View: view_1p2_25
          Group: clock1
     Startpoint: (R) smaller_mantissa_l_reg[5]/CLK
          Clock: (R) clock1
       Endpoint: (F) bf_out[12]
          Clock: (R) clock1

                     Capture       Launch     
        Clock Edge:+    1681            0     
       Src Latency:+       0            0     
       Net Latency:+       0 (I)        0 (I) 
           Arrival:=    1681            0     
                                              
      Output Delay:-       1                  
       Uncertainty:-       0                  
     Required Time:=    1680                  
      Launch Clock:-       0                  
         Data Path:-    1679                  
             Slack:=       0                  

Exceptions/Constraints:
  output_delay              1              add_bf16.sdc_line_21_34_1   

Launch clock path:
#------------------------------------------------------------------------------------------------------
#         Timing Point          Flags   Arc   Edge   Cell     Fanout Load Trans Delay Arrival Instance 
#                                                                    (fF)  (ps)  (ps)   (ps)  Location 
#------------------------------------------------------------------------------------------------------
  clk                           (i)     -     R     (arrival)     30  0.0     1     0       0    (-,-) 
  clk                           -       -     -     (net)          -    -     -     -       -    (-,-) 
  clk                           -       -     -     (net)          -    -     -     -       -    (-,-) 
  smaller_mantissa_l_reg[5]/CLK <<<     -     R     dffrq_1x      30    -     1     0       0    (-,-) 
#------------------------------------------------------------------------------------------------------

#-------------------------------------------------------------------------------------------------------
#         Timing Point          Flags    Arc   Edge   Cell     Fanout Load Trans Delay Arrival Instance 
#                                                                     (fF)  (ps)  (ps)   (ps)  Location 
#-------------------------------------------------------------------------------------------------------
  smaller_mantissa_l_reg[5]/CLK -       -      R     (arrival)     30    -     1     0       0    (-,-) 
  smaller_mantissa_l_reg[5]/Q   -       CLK->Q R     dffrq_1x       2  8.4    57   184     184    (-,-) 
  smaller_mantissa_l[5]         -       -      -     (net)          -    -     -     -       -    (-,-) 
  g28169/X                      -       A->X   F     inv_1x         2  8.5    35    42     227    (-,-) 
  n_441                         -       -      -     (net)          -    -     -     -       -    (-,-) 
  g28156__7098/X                -       A->X   R     nand2_2x       1  5.2    31    31     258    (-,-) 
  n_445                         -       -      -     (net)          -    -     -     -       -    (-,-) 
  g28138__5107/X                -       B->X   F     nand2_2x       3 11.8    38    44     301    (-,-) 
  n_487                         -       -      -     (net)          -    -     -     -       -    (-,-) 
  g28109__1881/X                -       A->X   F     and2_1x        1 11.1    43    74     376    (-,-) 
  n_492                         -       -      -     (net)          -    -     -     -       -    (-,-) 
  g28086__3680/X                -       B->X   R     oai21_4x       1  9.3    47    46     422    (-,-) 
  n_510                         -       -      -     (net)          -    -     -     -       -    (-,-) 
  g28076__2398/X                -       A->X   F     nand3_4x       2 11.1    36    39     461    (-,-) 
  n_524                         -       -      -     (net)          -    -     -     -       -    (-,-) 
  g28069__9315/X                -       A->X   R     aoi21_2x       2  9.4    70    54     516    (-,-) 
  n_530                         -       -      -     (net)          -    -     -     -       -    (-,-) 
  g28067/X                      -       A->X   F     inv_1x         1  3.6    29    31     546    (-,-) 
  n_531                         -       -      -     (net)          -    -     -     -       -    (-,-) 
  g28053__2802/X                -       B0->X  F     ao22_1x        1 13.0    55   107     654    (-,-) 
  n_540                         -       -      -     (net)          -    -     -     -       -    (-,-) 
  g28041__6260/X                -       A->X   F     xnor2_4x       6 19.9    68   101     755    (-,-) 
  n_613                         -       -      -     (net)          -    -     -     -       -    (-,-) 
  g28032__2883/X                -       B->X   R     nand2_1x       1  5.2    56    56     811    (-,-) 
  n_567                         -       -      -     (net)          -    -     -     -       -    (-,-) 
  g28021__7482/X                -       B->X   F     nor2_2x        3 11.1    48    57     868    (-,-) 
  n_584                         -       -      -     (net)          -    -     -     -       -    (-,-) 
  g28013__3680/X                -       A->X   F     and2_1x        5 14.4    53    85     953    (-,-) 
  n_594                         -       -      -     (net)          -    -     -     -       -    (-,-) 
  g28000__7410/X                -       A->X   F     and2_1x        5 15.9    56    90    1043    (-,-) 
  n_627                         -       -      -     (net)          -    -     -     -       -    (-,-) 
  g27950__5122/X                -       B0->X  R     aoi22_1x       1  3.1    85    63    1106    (-,-) 
  n_655                         -       -      -     (net)          -    -     -     -       -    (-,-) 
  g27935__5115/X                -       C->X   F     nand3_1x       3  9.3    83    92    1198    (-,-) 
  n_729                         -       -      -     (net)          -    -     -     -       -    (-,-) 
  g27928__5526/X                -       A->X   R     nand2_1x       2  6.2    63    62    1260    (-,-) 
  n_699                         -       -      -     (net)          -    -     -     -       -    (-,-) 
  g27913__6417/X                -       A->X   F     nor2_1x        1  3.2    39    46    1306    (-,-) 
  n_700                         -       -      -     (net)          -    -     -     -       -    (-,-) 
  g27888__7482/X                -       B->X   R     nand3_1x       2  6.6    71    60    1366    (-,-) 
  n_715                         -       -      -     (net)          -    -     -     -       -    (-,-) 
  g27881__5122/X                -       A->X   F     nor2_1x        2  6.3    67    62    1428    (-,-) 
  n_732                         -       -      -     (net)          -    -     -     -       -    (-,-) 
  g27872__8428/X                -       A->X   R     nand2_1x       3 11.2    90    78    1506    (-,-) 
  n_742                         -       -      -     (net)          -    -     -     -       -    (-,-) 
  g27863__9315/X                -       A->X   F     nor2_1x        2  6.5    88    70    1576    (-,-) 
  n_759                         -       -      -     (net)          -    -     -     -       -    (-,-) 
  g27858__6783/X                -       A->X   R     aoi21_1x       1  3.6    75    60    1636    (-,-) 
  n_770                         -       -      -     (net)          -    -     -     -       -    (-,-) 
  g27850__5107/X                -       C->X   F     oai21_1x       1  0.9    61    43    1679    (-,-) 
  bf_out[12]                    -       -      -     (net)          -    -     -     -       -    (-,-) 
  bf_out[12]                    <<<     -      F     (port)         -    -     -     0    1679    (-,-) 
#-------------------------------------------------------------------------------------------------------


