============================================================
  Generated by:           Genus(TM) Synthesis Solution 25.11-s095_1
  Generated on:           Jun 13 2026  12:21:50 am
  Module:                 sysarr_32_input_fp_adder
  Library domain:         timing_condition_tt_1p2v_25c
    Domain index:         0
    Technology library:   NangateOpenCellLibrary revision 1.0
  Operating conditions:   typical 
  Interconnect mode:      global
  Area mode:              physical library
============================================================

Timing
--------

Analysis view  Clock Period 
----------------------------
view_1p2_25   clock1 1087.0 


  Analysis    Cost   Critical            Violating 
    View     Group  Path Slack    TNS      Paths   
---------------------------------------------------
view_1p2_25  clock1      -53.5 -15645.1        682 
            default   No paths      0.0          0 
---------------------------------------------------
Total                          -15645.1        682 
                                                   

Instance Count
--------------
Leaf Instance Count             16812 
Physical Instance count             0 
Sequential Instance Count        1679 
Combinational Instance Count    15133 
Hierarchical Instance Count         0 

Area
----
Cell Area                          27224.036
Physical Cell Area                 0.000
Total Cell Area (Cell+Physical)    27224.036
Net Area                           21646.322
Total Area (Cell+Physical+Net)     48870.358

Power
-----
Leakage Power                      606611.691 nW
Dynamic Power                      60289862.321 nW
Total Power                        60896474.012 nW

Max Fanout                         1679 (clk)
Min Fanout                         0 (n_915)
Average Fanout                     2.0
Terms to net ratio                 3.1707
Terms to instance ratio            3.4552
Runtime                            46.302143 seconds
Elapsed Runtime                    51 seconds
Genus peak memory usage            1739.17 
Innovus peak memory usage          no_value 
Hostname                           asicfab.ecn.purdue.edu
