============================================================
  Generated by:           Genus(TM) Synthesis Solution 25.11-s095_1
  Generated on:           Jun 13 2026  12:21:57 am
  Module:                 sysarr_32_input_fp_adder
  Operating conditions:   typical 
  Interconnect mode:      global
  Area mode:              physical library
============================================================


Path 1: VIOLATED (-54 ps) Setup Check with Pin aligner_inst_aligned_mant_out_reg[26][18]/CK->D
           View: view_1p2_25
          Group: clock1
     Startpoint: (R) aligner_inst_max_l3_n0_r_reg[4]/CK
          Clock: (R) clock1
       Endpoint: (R) aligner_inst_aligned_mant_out_reg[26][18]/D
          Clock: (R) clock1

                     Capture       Launch     
        Clock Edge:+    1087            0     
       Src Latency:+       0            0     
       Net Latency:+       0 (I)        0 (I) 
           Arrival:=    1087            0     
                                              
             Setup:-      37                  
       Uncertainty:-       0                  
     Required Time:=    1050                  
      Launch Clock:-       0                  
         Data Path:-    1103                  
             Slack:=     -54                  

Launch clock path:
#-----------------------------------------------------------------------------------------------------------
#           Timing Point             Flags   Arc   Edge   Cell     Fanout Load Trans Delay Arrival Instance 
#                                                                         (fF)  (ps)  (ps)   (ps)  Location 
#-----------------------------------------------------------------------------------------------------------
  clk                                (i)     -     R     (arrival)   1679  0.0     0     0       0    (-,-) 
  clk                                -       -     -     (net)          -    -     -     -       -    (-,-) 
  clk                                -       -     -     (net)          -    -     -     -       -    (-,-) 
  aligner_inst_max_l3_n0_r_reg[4]/CK <<<     -     R     SDFFR_X1    1679    -     1     0       0    (-,-) 
#-----------------------------------------------------------------------------------------------------------

#---------------------------------------------------------------------------------------------------------------------
#                Timing Point                 Flags    Arc   Edge   Cell     Fanout Load Trans Delay Arrival Instance 
#                                                                                   (fF)  (ps)  (ps)   (ps)  Location 
#---------------------------------------------------------------------------------------------------------------------
  aligner_inst_max_l3_n0_r_reg[4]/CK          -       -      R     (arrival)   1679    -     1     0       0    (-,-) 
  aligner_inst_max_l3_n0_r_reg[4]/Q           -       CK->Q  F     SDFFR_X1       2  3.5    14    73      73    (-,-) 
  aligner_inst_max_l3_n0_r[4]                 -       -      -     (net)          -    -     -     -       -    (-,-) 
  g422863/ZN                                  -       A->ZN  R     INV_X1         1  2.0     9    16      89    (-,-) 
  n_2745                                      -       -      -     (net)          -    -     -     -       -    (-,-) 
  g422862/ZN                                  -       A->ZN  F     INV_X1         3  5.0     7    12     102    (-,-) 
  n_539                                       -       -      -     (net)          -    -     -     -       -    (-,-) 
  g422796/ZN                                  -       A1->ZN R     NOR2_X1        1  1.9    16    23     125    (-,-) 
  n_2788                                      -       -      -     (net)          -    -     -     -       -    (-,-) 
  g422785/ZN                                  -       A1->ZN F     NAND2_X1       1  3.0    10    18     143    (-,-) 
  n_2800                                      -       -      -     (net)          -    -     -     -       -    (-,-) 
  g422779/ZN                                  -       A1->ZN R     NOR2_X2        1  3.6    16    24     167    (-,-) 
  n_2806                                      -       -      -     (net)          -    -     -     -       -    (-,-) 
  g422775/ZN                                  -       A1->ZN F     NOR2_X2        1  3.2     9    10     177    (-,-) 
  n_2810                                      -       -      -     (net)          -    -     -     -       -    (-,-) 
  g422772/ZN                                  -       A1->ZN R     NAND2_X2       1  6.3    13    18     196    (-,-) 
  n_2813                                      -       -      -     (net)          -    -     -     -       -    (-,-) 
  g422771/ZN                                  -       A1->ZN F     NAND2_X4       4 12.2    10    17     212    (-,-) 
  n_2821                                      -       -      -     (net)          -    -     -     -       -    (-,-) 
  g422756/ZN                                  -       A1->ZN R     NAND2_X1       1  3.5    13    19     232    (-,-) 
  n_2824                                      -       -      -     (net)          -    -     -     -       -    (-,-) 
  g422745/ZN                                  -       A->ZN  F     OAI21_X2       1 11.1    16    28     260    (-,-) 
  n_2835                                      -       -      -     (net)          -    -     -     -       -    (-,-) 
  g422741/ZN                                  -       A->ZN  R     INV_X8        10 54.0    18    30     289    (-,-) 
  n_2847                                      -       -      -     (net)          -    -     -     -       -    (-,-) 
  g422710/ZN                                  -       A->ZN  F     INV_X8         5 19.2     7    12     301    (-,-) 
  n_704                                       -       -      -     (net)          -    -     -     -       -    (-,-) 
  g422709/ZN                                  -       A->ZN  R     INV_X8         9 31.4    12    18     320    (-,-) 
  n_700                                       -       -      -     (net)          -    -     -     -       -    (-,-) 
  g422242/ZN                                  -       A1->ZN F     NAND2_X1       1  3.2    10    17     336    (-,-) 
  n_2998                                      -       -      -     (net)          -    -     -     -       -    (-,-) 
  g421960/ZN                                  -       A1->ZN R     NAND2_X2       3  7.1    14    20     356    (-,-) 
  n_3257                                      -       -      -     (net)          -    -     -     -       -    (-,-) 
  g421440/ZN                                  -       A1->ZN F     NAND2_X2       1  6.0    10    17     373    (-,-) 
  n_3646                                      -       -      -     (net)          -    -     -     -       -    (-,-) 
  g420841/ZN                                  -       A1->ZN R     NAND2_X4       2  5.3     9    14     387    (-,-) 
  n_4290                                      -       -      -     (net)          -    -     -     -       -    (-,-) 
  g420244/ZN                                  -       B1->ZN F     AOI21_X2       2  5.3    13    16     403    (-,-) 
  n_4878                                      -       -      -     (net)          -    -     -     -       -    (-,-) 
  g419431/ZN                                  -       B1->ZN R     OAI21_X2       2  5.8    24    34     437    (-,-) 
  n_5591                                      -       -      -     (net)          -    -     -     -       -    (-,-) 
  g425500/Z                                   -       A->Z   R     XOR2_X1        3  7.4    48    79     516    (-,-) 
  n_485                                       -       -      -     (net)          -    -     -     -       -    (-,-) 
  g418615/ZN                                  -       A1->ZN F     NOR2_X2        1  3.6    12    11     527    (-,-) 
  n_6250                                      -       -      -     (net)          -    -     -     -       -    (-,-) 
  g417663/ZN                                  -       B2->ZN R     OAI21_X2       1  1.9    15    29     556    (-,-) 
  n_7025                                      -       -      -     (net)          -    -     -     -       -    (-,-) 
  g417240/ZN                                  -       A1->ZN F     NAND2_X1       2  3.5    10    19     575    (-,-) 
  n_7715                                      -       -      -     (net)          -    -     -     -       -    (-,-) 
  g416663/ZN                                  -       A1->ZN R     NAND2_X1       1  1.9    15    16     591    (-,-) 
  n_8058                                      -       -      -     (net)          -    -     -     -       -    (-,-) 
  g415989/ZN                                  -       A->ZN  F     OAI221_X1      1  1.8    19    32     623    (-,-) 
  n_8796                                      -       -      -     (net)          -    -     -     -       -    (-,-) 
  g415939/ZN                                  -       A->ZN  R     INV_X1         1  3.6    12    22     645    (-,-) 
  n_8874                                      -       -      -     (net)          -    -     -     -       -    (-,-) 
  g415789/ZN                                  -       A2->ZN F     NAND3_X2       1  6.6    15    26     672    (-,-) 
  n_9012                                      -       -      -     (net)          -    -     -     -       -    (-,-) 
  g415687/ZN                                  -       A2->ZN R     NOR2_X4        1  6.3    15    30     702    (-,-) 
  n_9113                                      -       -      -     (net)          -    -     -     -       -    (-,-) 
  g415622/ZN                                  -       A1->ZN F     NAND2_X4      12 32.3    18    28     730    (-,-) 
  n_9214                                      -       -      -     (net)          -    -     -     -       -    (-,-) 
  g415587/ZN                                  -       A->ZN  R     INV_X4         6 15.1    12    23     753    (-,-) 
  n_870                                       -       -      -     (net)          -    -     -     -       -    (-,-) 
  g415345/ZN                                  -       B1->ZN F     OAI21_X2       1  6.6    20    18     772    (-,-) 
  n_9400                                      -       -      -     (net)          -    -     -     -       -    (-,-) 
  g415244/ZN                                  -       A2->ZN R     NOR2_X4        2  7.3    16    33     805    (-,-) 
  n_9543                                      -       -      -     (net)          -    -     -     -       -    (-,-) 
  g415201/ZN                                  -       A->ZN  F     INV_X2         1  6.1     7    12     816    (-,-) 
  n_9544                                      -       -      -     (net)          -    -     -     -       -    (-,-) 
  g414987/ZN                                  -       A3->ZN R     NOR3_X4        1  3.8    23    45     862    (-,-) 
  n_9719                                      -       -      -     (net)          -    -     -     -       -    (-,-) 
  g414766/ZN                                  -       A2->ZN F     NAND2_X2       2  6.1    10    20     882    (-,-) 
  n_9978                                      -       -      -     (net)          -    -     -     -       -    (-,-) 
  g414707/ZN                                  -       A->ZN  R     INV_X2         4 14.5    19    27     909    (-,-) 
  n_9979                                      -       -      -     (net)          -    -     -     -       -    (-,-) 
  g414571/ZN                                  -       A1->ZN F     NAND2_X4       3 14.8    13    21     929    (-,-) 
  n_10133                                     -       -      -     (net)          -    -     -     -       -    (-,-) 
  g414384/ZN                                  -       A1->ZN R     NOR2_X4        2  5.2    15    23     952    (-,-) 
  n_10285                                     -       -      -     (net)          -    -     -     -       -    (-,-) 
  g414098/ZN                                  -       A1->ZN F     NAND2_X2       2  7.6    14    20     972    (-,-) 
  n_10550                                     -       -      -     (net)          -    -     -     -       -    (-,-) 
  g413982/ZN                                  -       A1->ZN R     NAND2_X4       6 21.4    25    26     998    (-,-) 
  n_10674                                     -       -      -     (net)          -    -     -     -       -    (-,-) 
  g413783/ZN                                  -       A->ZN  F     INV_X8        11 19.6     8    12    1010    (-,-) 
  n_10673                                     -       -      -     (net)          -    -     -     -       -    (-,-) 
  g413081/ZN                                  -       A1->ZN R     NAND2_X1       2  3.8    14    19    1030    (-,-) 
  n_11706                                     -       -      -     (net)          -    -     -     -       -    (-,-) 
  g412475__5526/ZN                            -       A1->ZN F     NAND2_X1       2  3.1    24    17    1047    (-,-) 
  n_12186                                     -       -      -     (net)          -    -     -     -       -    (-,-) 
  g412189/ZN                                  -       A->ZN  R     INV_X1         2  3.0    12    22    1070    (-,-) 
  n_12187                                     -       -      -     (net)          -    -     -     -       -    (-,-) 
  g411670__2398/ZN                            -       A1->ZN F     NAND2_X1       1  1.8     8    14    1083    (-,-) 
  n_12493                                     -       -      -     (net)          -    -     -     -       -    (-,-) 
  g411298__6131/ZN                            -       A->ZN  R     OAI211_X1      1  1.4    24    20    1103    (-,-) 
  n_12682                                     -       -      -     (net)          -    -     -     -       -    (-,-) 
  aligner_inst_aligned_mant_out_reg[26][18]/D <<<     -      R     DFFR_X1        1    -     -     0    1103    (-,-) 
#---------------------------------------------------------------------------------------------------------------------

Capture clock path:
#---------------------------------------------------------------------------------------------------------------------
#                Timing Point                  Flags   Arc   Edge   Cell     Fanout Load Trans Delay Arrival Instance 
#                                                                                   (fF)  (ps)  (ps)   (ps)  Location 
#---------------------------------------------------------------------------------------------------------------------
  clk                                          (i)     -     R     (arrival)   1679  0.0     0     0    1087    (-,-) 
  clk                                          -       -     -     (net)          -    -     -     -       -    (-,-) 
  clk                                          -       -     -     (net)          -    -     -     -       -    (-,-) 
  aligner_inst_aligned_mant_out_reg[26][18]/CK <<<     -     R     DFFR_X1     1679    -     1     0    1087    (-,-) 
#---------------------------------------------------------------------------------------------------------------------


