============================================================
  Generated by:           Genus(TM) Synthesis Solution 25.11-s095_1
  Generated on:           Jun 13 2026  12:27:31 am
  Module:                 sysarr_32_input_fp_adder
  Operating conditions:   typical 
  Interconnect mode:      global
  Area mode:              physical library
============================================================


Path 1: MET (0 ps) Setup Check with Pin adder_tree_inst_s0_g0_r_reg[30]/CK->D
           View: view_1p2_25
          Group: clock1
     Startpoint: (R) aligner_inst_aligned_mant_out_reg[4][11]/CK
          Clock: (R) clock1
       Endpoint: (F) adder_tree_inst_s0_g0_r_reg[30]/D
          Clock: (R) clock1

                     Capture       Launch     
        Clock Edge:+    1087            0     
       Src Latency:+       0            0     
       Net Latency:+       0 (I)        0 (I) 
           Arrival:=    1087            0     
                                              
             Setup:-      41                  
       Uncertainty:-       0                  
     Required Time:=    1046                  
      Launch Clock:-       0                  
         Data Path:-    1046                  
             Slack:=       0                  

Launch clock path:
#--------------------------------------------------------------------------------------------------------------------
#                Timing Point                 Flags   Arc   Edge   Cell     Fanout Load Trans Delay Arrival Instance 
#                                                                                  (fF)  (ps)  (ps)   (ps)  Location 
#--------------------------------------------------------------------------------------------------------------------
  clk                                         (i)     -     R     (arrival)   1679  0.0     0     0       0    (-,-) 
  clk                                         -       -     -     (net)          -    -     -     -       -    (-,-) 
  clk                                         -       -     -     (net)          -    -     -     -       -    (-,-) 
  aligner_inst_aligned_mant_out_reg[4][11]/CK <<<     -     R     DFFR_X1     1679    -     1     0       0    (-,-) 
#--------------------------------------------------------------------------------------------------------------------

#----------------------------------------------------------------------------------------------------------------------------
#                   Timing Point                     Flags    Arc   Edge   Cell     Fanout Load Trans Delay Arrival Instance 
#                                                                                          (fF)  (ps)  (ps)   (ps)  Location 
#----------------------------------------------------------------------------------------------------------------------------
  aligner_inst_aligned_mant_out_reg[4][11]/CK        -       -      R     (arrival)   1679    -     1     0       0    (-,-) 
  aligner_inst_aligned_mant_out_reg[4][11]/Q         -       CK->Q  F     DFFR_X1        1  3.7     9    88      88    (-,-) 
  w_aligned_mants[4][11]                             -       -      -     (net)          -    -     -     -       -    (-,-) 
  csa_tree_ADD_TC_OP_14_groupi7564_cdnfadd_011_4/S   -       B->S   R     FA_X1          1  3.8    16   123     212    (-,-) 
  csa_tree_ADD_TC_OP_14_groupi7564_n_851             -       -      -     (net)          -    -     -     -       -    (-,-) 
  csa_tree_ADD_TC_OP_14_groupi7564_cdnfadd_011_5/S   -       B->S   F     FA_X1          1  3.7    17    98     310    (-,-) 
  csa_tree_ADD_TC_OP_14_groupi7564_n_711             -       -      -     (net)          -    -     -     -       -    (-,-) 
  csa_tree_ADD_TC_OP_14_groupi7564_cdnfadd_011_9/CO  -       B->CO  F     FA_X1          1  3.7    16    84     394    (-,-) 
  csa_tree_ADD_TC_OP_14_groupi7564_n_571             -       -      -     (net)          -    -     -     -       -    (-,-) 
  csa_tree_ADD_TC_OP_14_groupi7564_cdnfadd_012_11/S  -       B->S   R     FA_X1          1  3.1    14   125     519    (-,-) 
  csa_tree_ADD_TC_OP_14_groupi7564_n_417             -       -      -     (net)          -    -     -     -       -    (-,-) 
  csa_tree_ADD_TC_OP_14_groupi7564_cdnfadd_012_12/S  -       CI->S  F     FA_X1          1  3.0    16    94     612    (-,-) 
  csa_tree_ADD_TC_OP_14_groupi7564_n_308             -       -      -     (net)          -    -     -     -       -    (-,-) 
  csa_tree_ADD_TC_OP_14_groupi7564_cdnfadd_012_13/CO -       CI->CO F     FA_X1          2  2.9    15    72     685    (-,-) 
  csa_tree_ADD_TC_OP_14_groupi7564_n_1014            -       -      -     (net)          -    -     -     -       -    (-,-) 
  csa_tree_ADD_TC_OP_14_groupi7564_g2377/ZN          -       A2->ZN F     OR2_X1         4  6.2    14    62     746    (-,-) 
  csa_tree_ADD_TC_OP_14_groupi7564_n_4               -       -      -     (net)          -    -     -     -       -    (-,-) 
  csa_tree_ADD_TC_OP_14_groupi7564_g2281/ZN          -       A->ZN  R     INV_X1         1  1.9     9    16     762    (-,-) 
  csa_tree_ADD_TC_OP_14_groupi7564_n_69              -       -      -     (net)          -    -     -     -       -    (-,-) 
  csa_tree_ADD_TC_OP_14_groupi7564_g2181/ZN          -       B2->ZN F     OAI21_X1       2  3.5    12    20     782    (-,-) 
  csa_tree_ADD_TC_OP_14_groupi7564_n_156             -       -      -     (net)          -    -     -     -       -    (-,-) 
  csa_tree_ADD_TC_OP_14_groupi7564_g2164/ZN          -       A1->ZN R     NAND2_X1       1  1.9    10    17     798    (-,-) 
  csa_tree_ADD_TC_OP_14_groupi7564_n_170             -       -      -     (net)          -    -     -     -       -    (-,-) 
  csa_tree_ADD_TC_OP_14_groupi7564_g2160/ZN          -       A1->ZN F     NAND2_X1       1  1.7     7    13     811    (-,-) 
  csa_tree_ADD_TC_OP_14_groupi7564_n_174             -       -      -     (net)          -    -     -     -       -    (-,-) 
  csa_tree_ADD_TC_OP_14_groupi7564_g2150/ZN          -       B1->ZN R     AOI21_X1       1  3.6    30    35     846    (-,-) 
  csa_tree_ADD_TC_OP_14_groupi7564_n_184             -       -      -     (net)          -    -     -     -       -    (-,-) 
  csa_tree_ADD_TC_OP_14_groupi7564_g2126/ZN          -       A2->ZN F     NAND3_X2       4  7.5    18    33     879    (-,-) 
  csa_tree_ADD_TC_OP_14_groupi7564_n_208             -       -      -     (net)          -    -     -     -       -    (-,-) 
  csa_tree_ADD_TC_OP_14_groupi7564_g2119/ZN          -       A1->ZN R     NAND2_X1       1  1.9    10    19     898    (-,-) 
  csa_tree_ADD_TC_OP_14_groupi7564_n_214             -       -      -     (net)          -    -     -     -       -    (-,-) 
  csa_tree_ADD_TC_OP_14_groupi7564_g2113/ZN          -       A1->ZN F     NAND2_X1       4  7.5    17    25     924    (-,-) 
  csa_tree_ADD_TC_OP_14_groupi7564_n_220             -       -      -     (net)          -    -     -     -       -    (-,-) 
  csa_tree_ADD_TC_OP_14_groupi7564_g2106/ZN          -       A1->ZN R     NAND2_X1       2  3.8    14    24     948    (-,-) 
  csa_tree_ADD_TC_OP_14_groupi7564_n_226             -       -      -     (net)          -    -     -     -       -    (-,-) 
  csa_tree_ADD_TC_OP_14_groupi7564_g2097/ZN          -       A1->ZN F     NAND2_X1       2  4.1    13    20     967    (-,-) 
  csa_tree_ADD_TC_OP_14_groupi7564_n_239             -       -      -     (net)          -    -     -     -       -    (-,-) 
  csa_tree_ADD_TC_OP_14_groupi7564_g2086/ZN          -       A1->ZN R     NAND2_X1       2  3.8    14    22     989    (-,-) 
  csa_tree_ADD_TC_OP_14_groupi7564_n_245             -       -      -     (net)          -    -     -     -       -    (-,-) 
  csa_tree_ADD_TC_OP_14_groupi7564_g2073/ZN          -       B1->ZN F     OAI21_X1       1  2.4    16    17    1006    (-,-) 
  csa_tree_ADD_TC_OP_14_groupi7564_n_257             -       -      -     (net)          -    -     -     -       -    (-,-) 
  csa_tree_ADD_TC_OP_14_groupi7564_g2069/ZN          -       A->ZN  F     XNOR2_X1       1  1.4    10    40    1046    (-,-) 
  adder_tree_inst_s0_g0_c[30]                        -       -      -     (net)          -    -     -     -       -    (-,-) 
  adder_tree_inst_s0_g0_r_reg[30]/D                  <<<     -      F     DFFR_X1        1    -     -     0    1046    (-,-) 
#----------------------------------------------------------------------------------------------------------------------------

Capture clock path:
#-----------------------------------------------------------------------------------------------------------
#           Timing Point             Flags   Arc   Edge   Cell     Fanout Load Trans Delay Arrival Instance 
#                                                                         (fF)  (ps)  (ps)   (ps)  Location 
#-----------------------------------------------------------------------------------------------------------
  clk                                (i)     -     R     (arrival)   1679  0.0     0     0    1087    (-,-) 
  clk                                -       -     -     (net)          -    -     -     -       -    (-,-) 
  clk                                -       -     -     (net)          -    -     -     -       -    (-,-) 
  adder_tree_inst_s0_g0_r_reg[30]/CK <<<     -     R     DFFR_X1     1679    -     1     0    1087    (-,-) 
#-----------------------------------------------------------------------------------------------------------


