============================================================
  Generated by:           Genus(TM) Synthesis Solution 25.11-s095_1
  Generated on:           Jun 13 2026  03:54:22 am
  Module:                 sysarr_32_input_fp_adder
  Library domain:         timing_condition_tt_1p2v_25c
    Domain index:         0
    Technology library:   NangateOpenCellLibrary revision 1.0
  Operating conditions:   typical 
  Interconnect mode:      global
  Area mode:              physical library
============================================================

Timing
--------

Analysis view  Clock Period 
----------------------------
view_1p2_25   clock1 1163.0 


  Analysis    Cost   Critical        Violating 
    View     Group  Path Slack  TNS    Paths   
-----------------------------------------------
view_1p2_25  clock1        0.0  0.0          0 
            default   No paths  0.0          0 
-----------------------------------------------
Total                          -0.0          0 
                                               

Instance Count
--------------
Leaf Instance Count             14412 
Physical Instance count             0 
Sequential Instance Count        1679 
Combinational Instance Count    12733 
Hierarchical Instance Count         0 

Area
----
Cell Area                          25083.800
Physical Cell Area                 0.000
Total Cell Area (Cell+Physical)    25083.800
Net Area                           18954.562
Total Area (Cell+Physical+Net)     44038.362

Power
-----
Leakage Power                      523926.745 nW
Dynamic Power                      49309381.220 nW
Total Power                        49833307.965 nW

Max Fanout                         1679 (clk)
Min Fanout                         0 (n_937)
Average Fanout                     2.0
Terms to net ratio                 3.2031
Terms to instance ratio            3.5634
Runtime                            46.376327 seconds
Elapsed Runtime                    50 seconds
Genus peak memory usage            1739.43 
Innovus peak memory usage          no_value 
Hostname                           asicfab.ecn.purdue.edu
