============================================================
  Generated by:           Genus(TM) Synthesis Solution 25.11-s095_1
  Generated on:           Mar 10 2026  07:30:49 pm
  Operating conditions:   typical 
  Interconnect mode:      global
  Area mode:              physical library
============================================================

                               Leakage    Internal                         Library 
   Gate    Instances   Area  Power (nW)  Power (nW)         Library         Domain 
-----------------------------------------------------------------------------------
AND2_X1           22  23.408    564.915   33477.321 NangateOpenCellLibrary       0 
AND2_X2            2   2.660    101.020    7005.818 NangateOpenCellLibrary       0 
AND2_X4            1   2.394    106.019    2923.032 NangateOpenCellLibrary       0 
AND3_X1            2   2.660     59.856    2094.658 NangateOpenCellLibrary       0 
AND3_X2            3   4.788    195.804   12870.654 NangateOpenCellLibrary       0 
AND4_X1            4   6.384    108.448    1110.119 NangateOpenCellLibrary       0 
AND4_X2            1   1.862     49.541     404.207 NangateOpenCellLibrary       0 
AOI211_X1          5   6.650    179.500    4309.183 NangateOpenCellLibrary       0 
AOI21_X1          28  29.792    843.012   37595.156 NangateOpenCellLibrary       0 
AOI21_X2           6  11.172    373.187   13694.101 NangateOpenCellLibrary       0 
AOI221_X1          1   1.596     41.310    2909.089 NangateOpenCellLibrary       0 
AOI22_X1          25  33.250    824.659   36003.863 NangateOpenCellLibrary       0 
AOI22_X2           2   4.788    119.336    4952.730 NangateOpenCellLibrary       0 
DFFR_X1           10  53.200    882.502   66073.344 NangateOpenCellLibrary       0 
HA_X1              4  10.640    223.478   14996.809 NangateOpenCellLibrary       0 
INV_X1           135  71.820   1943.028   64145.426 NangateOpenCellLibrary       0 
INV_X2            11   8.778    331.594   11721.560 NangateOpenCellLibrary       0 
INV_X4             1   1.330     56.906    1864.667 NangateOpenCellLibrary       0 
MUX2_X1           27  50.274    980.363   48082.587 NangateOpenCellLibrary       0 
NAND2_X1         166 132.468   3051.350   97903.042 NangateOpenCellLibrary       0 
NAND2_X2          21  27.930    945.413   27445.627 NangateOpenCellLibrary       0 
NAND2_X4           3   7.182    299.342    7920.003 NangateOpenCellLibrary       0 
NAND3_X1          32  34.048    798.568   23634.903 NangateOpenCellLibrary       0 
NAND3_X2           4   7.448    144.635    9560.537 NangateOpenCellLibrary       0 
NAND3_X4           1   3.458    220.171    1501.467 NangateOpenCellLibrary       0 
NAND4_X1           8  10.640    152.280    4002.012 NangateOpenCellLibrary       0 
NAND4_X4           1   4.788    234.220    8280.234 NangateOpenCellLibrary       0 
NOR2_X1           53  42.294   1159.284   34799.359 NangateOpenCellLibrary       0 
NOR2_X2            8  10.640    334.954   15359.273 NangateOpenCellLibrary       0 
NOR3_X1            4   4.256    108.036    3198.212 NangateOpenCellLibrary       0 
NOR4_X1            4   5.320    138.860     833.583 NangateOpenCellLibrary       0 
OAI211_X1         17  22.610    531.602   24035.511 NangateOpenCellLibrary       0 
OAI211_X2          3   7.182    155.462   10640.795 NangateOpenCellLibrary       0 
OAI21_X1          43  45.752   1285.607   51264.482 NangateOpenCellLibrary       0 
OAI21_X2           6  11.172    330.666    9191.752 NangateOpenCellLibrary       0 
OAI221_X1          6   9.576    297.433   11469.909 NangateOpenCellLibrary       0 
OAI221_X2          1   2.926     89.738    5675.513 NangateOpenCellLibrary       0 
OAI222_X1          3   6.384    159.045    9023.689 NangateOpenCellLibrary       0 
OAI222_X2          1   3.724     31.978    1558.272 NangateOpenCellLibrary       0 
OAI22_X1          22  29.260    812.615   26374.291 NangateOpenCellLibrary       0 
OR2_X1            13  13.832    296.885   12139.129 NangateOpenCellLibrary       0 
OR2_X2             2   2.660     93.174    7637.849 NangateOpenCellLibrary       0 
OR3_X1             5   6.650    126.474    1555.905 NangateOpenCellLibrary       0 
OR4_X1             3   4.788     81.244    1650.404 NangateOpenCellLibrary       0 
SDFFR_X1          23 152.950   2494.768  175719.960 NangateOpenCellLibrary       0 
XNOR2_X1          13  20.748    491.838   27234.887 NangateOpenCellLibrary       0 
XNOR2_X2           4  10.640    307.477   15605.387 NangateOpenCellLibrary       0 
XOR2_X1            2   3.192     71.202    6635.567 NangateOpenCellLibrary       0 
-----------------------------------------------------------------------------------
total            762 971.964  23228.797  998085.879                                
                                          Leakage  Leakage  Internal  Internal 
     Type      Instances   Area  Area % Power (nW) Power % Power (nW)  Power % 
-------------------------------------------------------------------------------
sequential            33 206.150   21.2   3377.270    14.5 241793.304     24.2 
inverter             147  81.928    8.4   2331.528    10.0  77731.653      7.8 
logic                582 683.886   70.4  17520.000    75.4 678560.921     68.0 
physical_cells         0   0.000    0.0      0.000     0.0      0.000      0.0 
-------------------------------------------------------------------------------
total                762 971.964  100.0  23228.797   100.0 998085.879    100.0 
