============================================================
  Generated by:           Genus(TM) Synthesis Solution 25.11-s095_1
  Generated on:           Mar 10 2026  07:30:46 pm
  Module:                 add_bf16_1C
  Operating conditions:   typical 
  Interconnect mode:      global
  Area mode:              physical library
============================================================


Path 1: MET (0 ps) Late External Delay Assertion at pin bf_out[13]
           View: view_1p2_25
          Group: clock1
     Startpoint: (R) bf1_in_reg[7]/CK
          Clock: (R) clock1
       Endpoint: (F) bf_out[13]
          Clock: (R) clock1

                     Capture       Launch     
        Clock Edge:+    1031            0     
       Src Latency:+       0            0     
       Net Latency:+       0 (I)        0 (I) 
           Arrival:=    1031            0     
                                              
      Output Delay:-       1                  
       Uncertainty:-       0                  
     Required Time:=    1030                  
      Launch Clock:-       0                  
         Data Path:-    1030                  
             Slack:=       0                  

Exceptions/Constraints:
  output_delay              1              add_bf16_1C.sdc_line_21_35_1   

Launch clock path:
#-----------------------------------------------------------------------------------------
#  Timing Point    Flags   Arc   Edge   Cell     Fanout Load Trans Delay Arrival Instance 
#                                                       (fF)  (ps)  (ps)   (ps)  Location 
#-----------------------------------------------------------------------------------------
  clk              (i)     -     R     (arrival)     33  0.0     0     0       0    (-,-) 
  clk              -       -     -     (net)          -    -     -     -       -    (-,-) 
  clk              -       -     -     (net)          -    -     -     -       -    (-,-) 
  bf1_in_reg[7]/CK <<<     -     R     DFFR_X1       33    -     1     0       0    (-,-) 
#-----------------------------------------------------------------------------------------

#------------------------------------------------------------------------------------------
#  Timing Point    Flags    Arc   Edge   Cell     Fanout Load Trans Delay Arrival Instance 
#                                                        (fF)  (ps)  (ps)   (ps)  Location 
#------------------------------------------------------------------------------------------
  bf1_in_reg[7]/CK -       -      R     (arrival)     33    -     1     0       0    (-,-) 
  bf1_in_reg[7]/QN -       CK->QN F     DFFR_X1        4  7.8    19    79      79    (-,-) 
  bf1_in[7]        -       -      -     (net)          -    -     -     -       -    (-,-) 
  g52137/ZN        -       A->ZN  R     INV_X1         3  5.6    16    27     106    (-,-) 
  n_2              -       -      -     (net)          -    -     -     -       -    (-,-) 
  g52097__8246/ZN  -       A1->ZN F     NAND2_X2       4 11.0    14    24     130    (-,-) 
  n_78             -       -      -     (net)          -    -     -     -       -    (-,-) 
  g51950__1881/ZN  -       A2->ZN R     NAND2_X1       1  1.9    10    20     149    (-,-) 
  n_79             -       -      -     (net)          -    -     -     -       -    (-,-) 
  g51941__7482/ZN  -       A1->ZN F     NAND2_X1       2  3.5    11    17     166    (-,-) 
  n_127            -       -      -     (net)          -    -     -     -       -    (-,-) 
  g51933/ZN        -       A->ZN  R     INV_X1         2  5.2    15    22     188    (-,-) 
  n_161            -       -      -     (net)          -    -     -     -       -    (-,-) 
  g51921__3680/ZN  -       A1->ZN F     NAND2_X1       1  3.2    10    18     206    (-,-) 
  n_162            -       -      -     (net)          -    -     -     -       -    (-,-) 
  g51906__2346/ZN  -       A1->ZN R     NAND2_X2       7 14.2    22    28     235    (-,-) 
  n_240            -       -      -     (net)          -    -     -     -       -    (-,-) 
  g51877__2883/ZN  -       A1->ZN R     AND2_X1        4  7.3    20    50     285    (-,-) 
  n_251            -       -      -     (net)          -    -     -     -       -    (-,-) 
  g51871/ZN        -       A->ZN  F     INV_X1         2  3.5     8    13     298    (-,-) 
  n_271            -       -      -     (net)          -    -     -     -       -    (-,-) 
  g51769__1617/ZN  -       B1->ZN R     OAI22_X1       1  1.9    31    38     336    (-,-) 
  n_273            -       -      -     (net)          -    -     -     -       -    (-,-) 
  g52196/ZN        -       A->ZN  F     AOI21_X1       1  1.7    14    18     354    (-,-) 
  n_854            -       -      -     (net)          -    -     -     -       -    (-,-) 
  g51728__5115/ZN  -       B1->ZN R     OAI22_X1       2  4.8    45    56     410    (-,-) 
  n_358            -       -      -     (net)          -    -     -     -       -    (-,-) 
  g51706__7410/ZN  -       A1->ZN F     NOR2_X1        3  5.1    15    20     430    (-,-) 
  n_400            -       -      -     (net)          -    -     -     -       -    (-,-) 
  g51677__2883/ZN  -       B1->ZN R     AOI21_X1       2  3.8    31    39     469    (-,-) 
  n_416            -       -      -     (net)          -    -     -     -       -    (-,-) 
  g51665__8246/ZN  -       A1->ZN F     NAND2_X1       2  3.5    14    23     492    (-,-) 
  n_425            -       -      -     (net)          -    -     -     -       -    (-,-) 
  g51644__4319/ZN  -       A1->ZN R     NAND2_X1       2  5.8    19    27     519    (-,-) 
  n_434            -       -      -     (net)          -    -     -     -       -    (-,-) 
  g51611__9945/ZN  -       B1->ZN F     OAI21_X2       3  6.5    14    21     540    (-,-) 
  n_447            -       -      -     (net)          -    -     -     -       -    (-,-) 
  g51601__8246/ZN  -       A1->ZN R     NAND2_X1       2  3.7    14    22     562    (-,-) 
  n_464            -       -      -     (net)          -    -     -     -       -    (-,-) 
  g51575__2346/ZN  -       A->ZN  F     OAI211_X1      1  1.2    13    26     588    (-,-) 
  n_472            -       -      -     (net)          -    -     -     -       -    (-,-) 
  g51568__8246/ZN  -       A2->ZN F     AND2_X1        6 10.1    14    46     635    (-,-) 
  n_653            -       -      -     (net)          -    -     -     -       -    (-,-) 
  g51562/ZN        -       A->ZN  R     INV_X1         6 12.1    30    41     675    (-,-) 
  n_674            -       -      -     (net)          -    -     -     -       -    (-,-) 
  g51516__5122/CO  -       B->CO  R     HA_X1          1  3.5    12    42     717    (-,-) 
  n_542            -       -      -     (net)          -    -     -     -       -    (-,-) 
  g51469__1617/CO  -       A->CO  R     HA_X1          2  3.7    12    37     754    (-,-) 
  n_592            -       -      -     (net)          -    -     -     -       -    (-,-) 
  g51463__8428/ZN  -       A1->ZN F     NAND2_X1       3  5.1    13    21     775    (-,-) 
  n_625            -       -      -     (net)          -    -     -     -       -    (-,-) 
  g51438__6783/ZN  -       A1->ZN R     NOR2_X1        2  3.8    25    36     810    (-,-) 
  n_663            -       -      -     (net)          -    -     -     -       -    (-,-) 
  g51415__6131/ZN  -       A1->ZN F     NAND2_X1       1  3.2    12    20     831    (-,-) 
  n_664            -       -      -     (net)          -    -     -     -       -    (-,-) 
  g51388__2802/ZN  -       B2->ZN R     AOI21_X2       2  5.5    27    38     868    (-,-) 
  n_713            -       -      -     (net)          -    -     -     -       -    (-,-) 
  g51379__5477/ZN  -       A1->ZN F     NOR2_X2        2  6.1    10    14     882    (-,-) 
  n_727            -       -      -     (net)          -    -     -     -       -    (-,-) 
  g51361__9315/ZN  -       A1->ZN R     NOR2_X2        1  3.6    16    24     906    (-,-) 
  n_733            -       -      -     (net)          -    -     -     -       -    (-,-) 
  g51354__6783/ZN  -       A2->ZN F     NAND3_X2       2  4.9    14    25     932    (-,-) 
  n_765            -       -      -     (net)          -    -     -     -       -    (-,-) 
  g51336__6417/ZN  -       A1->ZN R     NAND2_X2       3  8.1    15    23     955    (-,-) 
  n_780            -       -      -     (net)          -    -     -     -       -    (-,-) 
  g51327__1881/ZN  -       A->ZN  R     XNOR2_X2       2  3.8    20    39     993    (-,-) 
  n_787            -       -      -     (net)          -    -     -     -       -    (-,-) 
  g51325/ZN        -       A->ZN  F     INV_X1         1  1.8     6     9    1003    (-,-) 
  n_788            -       -      -     (net)          -    -     -     -       -    (-,-) 
  g51321__8428/ZN  -       A1->ZN R     NAND2_X1       1  1.9    10    14    1016    (-,-) 
  n_796            -       -      -     (net)          -    -     -     -       -    (-,-) 
  g51318__2398/ZN  -       A1->ZN F     NAND3_X1       1  0.3    11    13    1030    (-,-) 
  bf_out[13]       -       -      -     (net)          -    -     -     -       -    (-,-) 
  bf_out[13]       <<<     -      F     (port)         -    -     -     0    1030    (-,-) 
#------------------------------------------------------------------------------------------


