============================================================
  Generated by:           Genus(TM) Synthesis Solution 25.11-s095_1
  Generated on:           Mar 11 2026  03:01:26 am
  Operating conditions:   typical 
  Interconnect mode:      global
  Area mode:              physical library
============================================================

                                Leakage    Internal                          Library 
   Gate    Instances   Area   Power (nW)  Power (nW)          Library         Domain 
-------------------------------------------------------------------------------------
AND2_X1           45   47.880   1135.271    61441.326 NangateOpenCellLibrary       0 
AND3_X1            2    2.660     49.565      326.489 NangateOpenCellLibrary       0 
AND4_X1            3    4.788     68.487      814.751 NangateOpenCellLibrary       0 
AOI211_X1          4    5.320    122.463     7019.404 NangateOpenCellLibrary       0 
AOI21_X1          41   43.624   1076.681    40889.455 NangateOpenCellLibrary       0 
AOI21_X2           2    3.724    120.388     2037.834 NangateOpenCellLibrary       0 
AOI221_X1         41   65.436   1447.046    68663.490 NangateOpenCellLibrary       0 
AOI222_X1          6   12.768    229.084    11476.297 NangateOpenCellLibrary       0 
AOI22_X1         162  215.460   4909.915   157150.143 NangateOpenCellLibrary       0 
AOI22_X2           1    2.394     65.224      786.436 NangateOpenCellLibrary       0 
AOI22_X4           1    4.522    155.372     2677.405 NangateOpenCellLibrary       0 
DFFR_X1          110  585.200   9702.455   992155.740 NangateOpenCellLibrary       0 
FA_X1             33  140.448   2544.915   159583.424 NangateOpenCellLibrary       0 
HA_X1             61  162.260   3636.516   200344.205 NangateOpenCellLibrary       0 
INV_X1           252  134.064   3693.293   126136.952 NangateOpenCellLibrary       0 
INV_X2             2    1.596     57.413     2493.920 NangateOpenCellLibrary       0 
INV_X4             2    2.660    112.129     3156.376 NangateOpenCellLibrary       0 
MUX2_X1          230  428.260   8296.788   464567.729 NangateOpenCellLibrary       0 
NAND2_X1         176  140.448   3499.356   117611.712 NangateOpenCellLibrary       0 
NAND2_X2           1    1.330     51.148      723.058 NangateOpenCellLibrary       0 
NAND2_X4           1    2.394    112.853     2406.225 NangateOpenCellLibrary       0 
NAND3_X1           9    9.576    141.581     4916.673 NangateOpenCellLibrary       0 
NAND4_X1          11   14.630    158.711     1311.100 NangateOpenCellLibrary       0 
NOR2_X1          113   90.174   2435.643    71291.528 NangateOpenCellLibrary       0 
NOR2_X2            4    5.320    166.553     5456.993 NangateOpenCellLibrary       0 
NOR3_X1           13   13.832    365.831     7631.347 NangateOpenCellLibrary       0 
NOR4_X1           31   41.230   1018.272     6585.567 NangateOpenCellLibrary       0 
OAI211_X1          5    6.650    122.261     3873.196 NangateOpenCellLibrary       0 
OAI21_X1          35   37.240    926.538    32640.727 NangateOpenCellLibrary       0 
OAI21_X2           1    1.862     47.534      923.712 NangateOpenCellLibrary       0 
OAI21_X4           1    3.458    129.314     5601.720 NangateOpenCellLibrary       0 
OAI221_X1         30   47.880   1744.064    46330.973 NangateOpenCellLibrary       0 
OAI222_X1         10   21.280    556.134    18614.143 NangateOpenCellLibrary       0 
OAI22_X1         110  146.300   4433.891   126051.823 NangateOpenCellLibrary       0 
OAI22_X4           1    4.522    132.950     2458.897 NangateOpenCellLibrary       0 
OR2_X1            53   56.392   1225.308    75391.538 NangateOpenCellLibrary       0 
OR3_X1             2    2.660     50.619     2812.770 NangateOpenCellLibrary       0 
OR4_X1             8   12.768    222.200     1585.531 NangateOpenCellLibrary       0 
SDFFR_X1          26  172.900   2809.130   300546.288 NangateOpenCellLibrary       0 
XNOR2_X1          66  105.336   2414.629   129947.027 NangateOpenCellLibrary       0 
XNOR2_X2           1    2.660     73.103     1993.527 NangateOpenCellLibrary       0 
XOR2_X1           71  113.316   2516.415   141239.624 NangateOpenCellLibrary       0 
-------------------------------------------------------------------------------------
total           1777 2917.222  62777.041  3409667.077                                
                                           Leakage  Leakage   Internal  Internal 
     Type      Instances   Area   Area % Power (nW) Power %  Power (nW)  Power % 
---------------------------------------------------------------------------------
sequential           136  758.100   26.0  12511.585    19.9 1292702.028     37.9 
inverter             256  138.320    4.7   3862.834     6.2  131787.248      3.9 
logic               1385 2020.802   69.3  46402.621    73.9 1985177.801     58.2 
physical_cells         0    0.000    0.0      0.000     0.0       0.000      0.0 
---------------------------------------------------------------------------------
total               1777 2917.222  100.0  62777.041   100.0 3409667.077    100.0 
