============================================================
  Generated by:           Genus(TM) Synthesis Solution 25.11-s095_1
  Generated on:           Feb 24 2026  10:33:41 am
  Operating conditions:   PVT_1P2V_25C 
  Interconnect mode:      global
  Area mode:              physical library
============================================================

                                Leakage    Internal                               Library 
   Gate    Instances   Area   Power (nW)  Power (nW)            Library            Domain 
------------------------------------------------------------------------------------------
addh_1x            9   94.464     63.626    32387.953 MITLL90_STDLIB_8T.tt1p2v25c       0 
and2_1x           26  109.158     91.104    39437.874 MITLL90_STDLIB_8T.tt1p2v25c       0 
and2_2x            1    5.248      5.845     1347.287 MITLL90_STDLIB_8T.tt1p2v25c       0 
and2_4x            1    7.347     10.129       90.961 MITLL90_STDLIB_8T.tt1p2v25c       0 
and3_1x           10   62.976     35.034    14667.067 MITLL90_STDLIB_8T.tt1p2v25c       0 
ao21_1x           11   57.728     42.956    23406.934 MITLL90_STDLIB_8T.tt1p2v25c       0 
ao21_2x            2   12.595     11.692     6334.440 MITLL90_STDLIB_8T.tt1p2v25c       0 
ao22_1x            5   36.736     19.495    10756.602 MITLL90_STDLIB_8T.tt1p2v25c       0 
ao22_2x            1    8.397      6.006     4967.919 MITLL90_STDLIB_8T.tt1p2v25c       0 
aoi21_1x          51  214.118     99.820    54330.745 MITLL90_STDLIB_8T.tt1p2v25c       0 
aoi21_2x           8   58.778     24.414    17120.930 MITLL90_STDLIB_8T.tt1p2v25c       0 
aoi21_4x           3   40.934     25.090    17221.243 MITLL90_STDLIB_8T.tt1p2v25c       0 
aoi22_1x          56  293.888     91.383    40697.393 MITLL90_STDLIB_8T.tt1p2v25c       0 
aoi22_2x           9   94.464     41.035    14553.541 MITLL90_STDLIB_8T.tt1p2v25c       0 
aoi22_4x           1   18.893      8.741     1746.050 MITLL90_STDLIB_8T.tt1p2v25c       0 
buf_1x            35  110.208     96.358    40093.119 MITLL90_STDLIB_8T.tt1p2v25c       0 
buf_2x             5   20.992     25.944     9973.160 MITLL90_STDLIB_8T.tt1p2v25c       0 
dffrq_1x          33  554.189    224.358   295748.831 MITLL90_STDLIB_8T.tt1p2v25c       0 
inv_1x           177  371.558    312.614    66901.596 MITLL90_STDLIB_8T.tt1p2v25c       0 
inv_2x            28   88.166     96.813    18474.602 MITLL90_STDLIB_8T.tt1p2v25c       0 
inv_4x             4   20.992     27.314     3785.164 MITLL90_STDLIB_8T.tt1p2v25c       0 
inv_6x             1    7.347     10.581      754.963 MITLL90_STDLIB_8T.tt1p2v25c       0 
mux2_1x            8   58.778     30.411    13488.918 MITLL90_STDLIB_8T.tt1p2v25c       0 
muxi2_1x           6   37.786     11.477     3969.631 MITLL90_STDLIB_8T.tt1p2v25c       0 
nand2_1x          93  292.838    121.442    41988.503 MITLL90_STDLIB_8T.tt1p2v25c       0 
nand2_2x          32  167.936    105.923    34436.237 MITLL90_STDLIB_8T.tt1p2v25c       0 
nand2_4x           6   56.678     41.866    10152.891 MITLL90_STDLIB_8T.tt1p2v25c       0 
nand3_1x          29  121.754     42.366    14511.984 MITLL90_STDLIB_8T.tt1p2v25c       0 
nand3_2x           2   16.794      4.539     2699.691 MITLL90_STDLIB_8T.tt1p2v25c       0 
nor2_1x           48  151.142     63.867    20129.113 MITLL90_STDLIB_8T.tt1p2v25c       0 
nor2_2x           15   78.720     35.140     9906.370 MITLL90_STDLIB_8T.tt1p2v25c       0 
nor2_4x            6   56.678     33.734    11370.640 MITLL90_STDLIB_8T.tt1p2v25c       0 
nor3_1x           17   71.373     16.741     8188.847 MITLL90_STDLIB_8T.tt1p2v25c       0 
oa21_1x           13   68.224     52.976    28931.648 MITLL90_STDLIB_8T.tt1p2v25c       0 
oa22_1x            4   29.389     13.192     5340.267 MITLL90_STDLIB_8T.tt1p2v25c       0 
oai21_1x          73  306.483    187.509    67689.103 MITLL90_STDLIB_8T.tt1p2v25c       0 
oai21_2x           6   44.083     22.527    10918.038 MITLL90_STDLIB_8T.tt1p2v25c       0 
oai21_4x           5   68.224     46.183    18979.076 MITLL90_STDLIB_8T.tt1p2v25c       0 
oai22_1x          37  194.176     81.614    34425.483 MITLL90_STDLIB_8T.tt1p2v25c       0 
oai22_2x           2   20.992      9.166     4145.218 MITLL90_STDLIB_8T.tt1p2v25c       0 
oai22_4x           1   18.893      8.478     7116.177 MITLL90_STDLIB_8T.tt1p2v25c       0 
or2_1x            18   75.571     50.105    22268.774 MITLL90_STDLIB_8T.tt1p2v25c       0 
or2_2x             2   10.496      7.713     1434.353 MITLL90_STDLIB_8T.tt1p2v25c       0 
or3_1x             4   25.190      8.838     4423.245 MITLL90_STDLIB_8T.tt1p2v25c       0 
sdffrq_1x          6  125.952     53.068    58364.242 MITLL90_STDLIB_8T.tt1p2v25c       0 
xnor2_1x           8   58.778     28.719    14665.069 MITLL90_STDLIB_8T.tt1p2v25c       0 
xnor2_4x           9  151.142     90.868    50097.294 MITLL90_STDLIB_8T.tt1p2v25c       0 
xor2_1x            4   29.389     15.264     8713.211 MITLL90_STDLIB_8T.tt1p2v25c       0 
xor2_2x            3   31.488     17.298    10271.817 MITLL90_STDLIB_8T.tt1p2v25c       0 
------------------------------------------------------------------------------------------
total            934 4658.125   2571.379  1233424.211                                     
                                           Leakage  Leakage   Internal  Internal 
     Type      Instances   Area   Area % Power (nW) Power %  Power (nW)  Power % 
---------------------------------------------------------------------------------
sequential            39  680.141   14.6    277.426    10.8  354113.073     28.7 
inverter             210  488.064   10.5    447.322    17.4   89916.324      7.3 
buffer                40  131.200    2.8    122.302     4.8   50066.280      4.1 
logic                645 3358.720   72.1   1724.329    67.1  739328.534     59.9 
physical_cells         0    0.000    0.0      0.000     0.0       0.000      0.0 
---------------------------------------------------------------------------------
total                934 4658.125  100.0   2571.379   100.0 1233424.211    100.0 
