============================================================
  Generated by:           Genus(TM) Synthesis Solution 25.11-s095_1
  Generated on:           Feb 24 2026  12:40:34 pm
  Module:                 add_fp16
  Operating conditions:   PVT_1P2V_25C 
  Interconnect mode:      global
  Area mode:              physical library
============================================================


Path 1: MET (62 ps) Late External Delay Assertion at pin fp_out[9]
           View: view_1p2_25
          Group: clock1
     Startpoint: (R) smaller_mantissa_l_reg[0]/clk
          Clock: (R) clock1
       Endpoint: (R) fp_out[9]
          Clock: (R) clock1

                     Capture       Launch     
        Clock Edge:+    1887            0     
       Src Latency:+       0            0     
       Net Latency:+       0 (I)        0 (I) 
           Arrival:=    1887            0     
                                              
      Output Delay:-       1                  
       Uncertainty:-       0                  
     Required Time:=    1886                  
      Launch Clock:-       0                  
         Data Path:-    1823                  
             Slack:=      62                  

Exceptions/Constraints:
  output_delay              1              add_fp16.sdc_line_17_40_1   

Launch clock path:
#------------------------------------------------------------------------------------------------------------
#         Timing Point          Flags   Arc   Edge      Cell        Fanout Load Trans Delay Arrival Instance 
#                                                                          (fF)  (ps)  (ps)   (ps)  Location 
#------------------------------------------------------------------------------------------------------------
  clk                           (i,u)   -     R     (arrival)           39  0.0   129     0      76    (-,-) 
  clk                           -       -     -     (net)                -    -     -     -       -    (-,-) 
  clk                           -       -     -     (net)                -    -     -     -       -    (-,-) 
  smaller_mantissa_l_reg[0]/clk <<<     -     R     unmapped_d_flop     39    -     1     0      76    (-,-) 
#------------------------------------------------------------------------------------------------------------

#-----------------------------------------------------------------------------------------------------------------
#         Timing Point          Flags    Arc    Edge       Cell         Fanout  Load Trans Delay Arrival Instance 
#                                                                               (fF)  (ps)  (ps)   (ps)  Location 
#-----------------------------------------------------------------------------------------------------------------
  smaller_mantissa_l_reg[0]/clk -       -       R     (arrival)             39     -     1     0       0    (-,-) 
  smaller_mantissa_l_reg[0]/q   (u)     clk->q  R     unmapped_d_flop       24 132.0     0   287     287    (-,-) 
  smaller_mantissa_l[0]         -       -       -     (net)                  -     -     -     -       -    (-,-) 
  g18086/z                      (u)     in_0->z R     unmapped_or2           7  38.5     0    74     361    (-,-) 
  n_6035                        -       -       -     (net)                  -     -     -     -       -    (-,-) 
  g17960/z                      (u)     in_0->z F     unmapped_complex2      1   5.5     0    32     393    (-,-) 
  n_7415                        -       -       -     (net)                  -     -     -     -       -    (-,-) 
  g17932/z                      (u)     in_0->z R     unmapped_complex2      1   5.5     0    32     426    (-,-) 
  n_7717                        -       -       -     (net)                  -     -     -     -       -    (-,-) 
  g17910/z                      (u)     in_0->z F     unmapped_nand2         3  16.5     0    49     474    (-,-) 
  n_6067                        -       -       -     (net)                  -     -     -     -       -    (-,-) 
  g12809/z                      (u)     in_0->z R     unmapped_nand2         2  11.0     0    41     515    (-,-) 
  n_7410                        -       -       -     (net)                  -     -     -     -       -    (-,-) 
  g17835/z                      (u)     in_0->z F     unmapped_nand2         3  16.5     0    49     564    (-,-) 
  n_6090                        -       -       -     (net)                  -     -     -     -       -    (-,-) 
  g18159/z                      (u)     in_0->z F     unmapped_complex2      1   5.5     0    32     596    (-,-) 
  n_7408                        -       -       -     (net)                  -     -     -     -       -    (-,-) 
  g17800/z                      (u)     in_0->z R     unmapped_nand2         3  16.5     0    49     645    (-,-) 
  n_6114                        -       -       -     (net)                  -     -     -     -       -    (-,-) 
  g17767/z                      (u)     in_0->z R     unmapped_complex2      1   5.5     0    32     677    (-,-) 
  n_7412                        -       -       -     (net)                  -     -     -     -       -    (-,-) 
  g17727/z                      (u)     in_0->z F     unmapped_nand2         3  16.5     0    49     726    (-,-) 
  n_6136                        -       -       -     (net)                  -     -     -     -       -    (-,-) 
  g18180/z                      (u)     in_0->z F     unmapped_complex2      1   5.5     0    32     759    (-,-) 
  n_7417                        -       -       -     (net)                  -     -     -     -       -    (-,-) 
  g17555/z                      (u)     in_0->z R     unmapped_nand2         2  11.0     0    41     799    (-,-) 
  n_6174                        -       -       -     (net)                  -     -     -     -       -    (-,-) 
  g17538/z                      (u)     in_1->z R     unmapped_or2           1   5.5     0    32     832    (-,-) 
  n_12394                       -       -       -     (net)                  -     -     -     -       -    (-,-) 
  g17539/z                      (u)     in_1->z F     unmapped_nand2        19 104.5     0   103     935    (-,-) 
  n_848                         -       -       -     (net)                  -     -     -     -       -    (-,-) 
  g17458/z                      (u)     in_1->z R     unmapped_nand2         1   5.5     0    32     967    (-,-) 
  n_8837                        -       -       -     (net)                  -     -     -     -       -    (-,-) 
  g17392/z                      (u)     in_1->z F     unmapped_nand2         3  16.5     0    49    1016    (-,-) 
  n_250                         -       -       -     (net)                  -     -     -     -       -    (-,-) 
  g17291/z                      (u)     in_0->z F     unmapped_complex2      1   5.5     0    32    1048    (-,-) 
  n_7365                        -       -       -     (net)                  -     -     -     -       -    (-,-) 
  g18277/z                      (u)     in_0->z R     unmapped_complex2      1   5.5     0    32    1081    (-,-) 
  n_8717                        -       -       -     (net)                  -     -     -     -       -    (-,-) 
  g17196/z                      (u)     in_1->z F     unmapped_complex2      1   5.5     0    32    1113    (-,-) 
  n_7471                        -       -       -     (net)                  -     -     -     -       -    (-,-) 
  g18326/z                      (u)     in_0->z R     unmapped_complex2      1   5.5     0    32    1146    (-,-) 
  n_8507                        -       -       -     (net)                  -     -     -     -       -    (-,-) 
  g17092/z                      (u)     in_1->z F     unmapped_nand2         1   5.5     0    32    1178    (-,-) 
  n_7472                        -       -       -     (net)                  -     -     -     -       -    (-,-) 
  g18366/z                      (u)     in_0->z R     unmapped_complex2      2  11.0     0    41    1219    (-,-) 
  n_7060                        -       -       -     (net)                  -     -     -     -       -    (-,-) 
  g16957/z                      (u)     in_1->z R     unmapped_or2           4  22.0     0    57    1276    (-,-) 
  n_7132                        -       -       -     (net)                  -     -     -     -       -    (-,-) 
  g18391/z                      (u)     in_0->z R     unmapped_complex2      2  11.0     0    41    1316    (-,-) 
  n_7337                        -       -       -     (net)                  -     -     -     -       -    (-,-) 
  g16899/z                      (u)     in_1->z F     unmapped_nand2         2  11.0     0    41    1357    (-,-) 
  n_6383                        -       -       -     (net)                  -     -     -     -       -    (-,-) 
  g16886/z                      (u)     in_1->z R     unmapped_nand2         3  16.5     0    49    1406    (-,-) 
  n_7339                        -       -       -     (net)                  -     -     -     -       -    (-,-) 
  g18401/z                      (u)     in_0->z F     unmapped_complex2      2  11.0     0    41    1447    (-,-) 
  n_7462                        -       -       -     (net)                  -     -     -     -       -    (-,-) 
  g16860/z                      (u)     in_1->z R     unmapped_complex2      2  11.0     0    41    1487    (-,-) 
  n_7140                        -       -       -     (net)                  -     -     -     -       -    (-,-) 
  g16832/z                      (u)     in_0->z R     unmapped_complex2      1   5.5     0    32    1520    (-,-) 
  n_8231                        -       -       -     (net)                  -     -     -     -       -    (-,-) 
  g18411/z                      (u)     in_0->z F     unmapped_complex2      3  16.5     0    49    1569    (-,-) 
  n_1030                        -       -       -     (net)                  -     -     -     -       -    (-,-) 
  g16812/z                      (u)     in_1->z R     unmapped_nand2         2  11.0     0    41    1609    (-,-) 
  n_7850                        -       -       -     (net)                  -     -     -     -       -    (-,-) 
  g16800/z                      (u)     in_1->z R     unmapped_or2           1   5.5     0    32    1642    (-,-) 
  n_9941                        -       -       -     (net)                  -     -     -     -       -    (-,-) 
  g16792/z                      (u)     in_1->z F     unmapped_nand2         2  11.0     0    41    1682    (-,-) 
  n_5614                        -       -       -     (net)                  -     -     -     -       -    (-,-) 
  g16729/z                      (u)     in_1->z F     unmapped_or2          10  55.0     0    84    1766    (-,-) 
  n_5623                        -       -       -     (net)                  -     -     -     -       -    (-,-) 
  g16694/z                      (u)     in_1->z F     unmapped_or2           1   5.5     0    32    1798    (-,-) 
  n_8243                        -       -       -     (net)                  -     -     -     -       -    (-,-) 
  g16646/z                      (u)     in_1->z R     unmapped_nand2         1   0.9     0    25    1823    (-,-) 
  fp_out[9]                     -       -       -     (net)                  -     -     -     -       -    (-,-) 
  fp_out[9]                     <<<     -       R     (port)                 -     -     -     0    1823    (-,-) 
#-----------------------------------------------------------------------------------------------------------------

(u) : Net has unmapped pin(s).


