============================================================
  Generated by:           Genus(TM) Synthesis Solution 25.11-s095_1
  Generated on:           May 23 2026  11:16:08 pm
  Module:                 sysarr_32_input_fp_adder
  Operating conditions:   typical 
  Interconnect mode:      global
  Area mode:              physical library
============================================================


Path 1: MET (0 ps) Setup Check with Pin abs_sum_reg[15]/CK->D
           View: view_1p2_25
          Group: clock1
     Startpoint: (R) adder_tree_inst_s0_g15_r_reg[16]/CK
          Clock: (R) clock1
       Endpoint: (F) abs_sum_reg[15]/D
          Clock: (R) clock1

                     Capture       Launch     
        Clock Edge:+    1000            0     
       Src Latency:+       0            0     
       Net Latency:+       0 (I)        0 (I) 
           Arrival:=    1000            0     
                                              
             Setup:-      40                  
       Uncertainty:-       0                  
     Required Time:=     960                  
      Launch Clock:-       0                  
         Data Path:-     960                  
             Slack:=       0                  

Launch clock path:
#------------------------------------------------------------------------------------------------------------
#            Timing Point             Flags   Arc   Edge   Cell     Fanout Load Trans Delay Arrival Instance 
#                                                                          (fF)  (ps)  (ps)   (ps)  Location 
#------------------------------------------------------------------------------------------------------------
  clk                                 (i)     -     R     (arrival)   2650  0.0     0     0       0    (-,-) 
  clk                                 -       -     -     (net)          -    -     -     -       -    (-,-) 
  clk                                 -       -     -     (net)          -    -     -     -       -    (-,-) 
  adder_tree_inst_s0_g15_r_reg[16]/CK <<<     -     R     DFFR_X1     2650    -     1     0       0    (-,-) 
#------------------------------------------------------------------------------------------------------------

#-----------------------------------------------------------------------------------------------------------------------
#                 Timing Point                  Flags    Arc   Edge   Cell     Fanout Load Trans Delay Arrival Instance 
#                                                                                     (fF)  (ps)  (ps)   (ps)  Location 
#-----------------------------------------------------------------------------------------------------------------------
  adder_tree_inst_s0_g15_r_reg[16]/CK           -       -      R     (arrival)   2650    -     1     0       0    (-,-) 
  adder_tree_inst_s0_g15_r_reg[16]/Q            -       CK->Q  R     DFFR_X1        3  8.8    24   116     116    (-,-) 
  adder_tree_inst_s0_g15_r[16]                  -       -      -     (net)          -    -     -     -       -    (-,-) 
  csa_tree_adder_tree_inst_add_159_50_g30342/ZN -       B2->ZN F     OAI21_X1       1  1.8    12    21     137    (-,-) 
  csa_tree_adder_tree_inst_add_159_50_n_1262    -       -      -     (net)          -    -     -     -       -    (-,-) 
  csa_tree_adder_tree_inst_add_159_50_g30078/ZN -       A1->ZN R     NAND2_X1       3  6.7    21    28     165    (-,-) 
  csa_tree_adder_tree_inst_add_159_50_n_1510    -       -      -     (net)          -    -     -     -       -    (-,-) 
  csa_tree_adder_tree_inst_add_159_50_g29635/ZN -       A2->ZN F     NOR2_X1        1  1.8     8    13     178    (-,-) 
  csa_tree_adder_tree_inst_add_159_50_n_1750    -       -      -     (net)          -    -     -     -       -    (-,-) 
  csa_tree_adder_tree_inst_add_159_50_g29382/ZN -       B1->ZN R     OAI21_X1       3  6.4    40    50     228    (-,-) 
  csa_tree_adder_tree_inst_add_159_50_n_1969    -       -      -     (net)          -    -     -     -       -    (-,-) 
  csa_tree_adder_tree_inst_add_159_50_g31518/Z  -       B->Z   R     XOR2_X1        1  2.5    25    56     284    (-,-) 
  csa_tree_adder_tree_inst_add_159_50_n_144     -       -      -     (net)          -    -     -     -       -    (-,-) 
  csa_tree_adder_tree_inst_add_159_50_g31484/Z  -       A->Z   R     XOR2_X1        2  4.6    35    65     349    (-,-) 
  csa_tree_adder_tree_inst_add_159_50_n_177     -       -      -     (net)          -    -     -     -       -    (-,-) 
  csa_tree_adder_tree_inst_add_159_50_g28465/ZN -       A2->ZN F     NAND2_X1       1  1.9    10    19     368    (-,-) 
  csa_tree_adder_tree_inst_add_159_50_n_2613    -       -      -     (net)          -    -     -     -       -    (-,-) 
  csa_tree_adder_tree_inst_add_159_50_g31401/ZN -       A1->ZN F     AND2_X2        2  4.5     6    29     397    (-,-) 
  csa_tree_adder_tree_inst_add_159_50_n_253     -       -      -     (net)          -    -     -     -       -    (-,-) 
  csa_tree_adder_tree_inst_add_159_50_g28310/ZN -       B->ZN  F     XNOR2_X1       1  3.0    12    40     437    (-,-) 
  csa_tree_adder_tree_inst_add_159_50_n_2742    -       -      -     (net)          -    -     -     -       -    (-,-) 
  csa_tree_adder_tree_inst_add_159_50_g28163/S  -       CI->S  R     FA_X1          5 12.0    33   135     572    (-,-) 
  n_12516                                       -       -      -     (net)          -    -     -     -       -    (-,-) 
  csa_tree_eq_141_37_groupi_g1157/Z             -       A->Z   R     XOR2_X2        1  2.5    22    50     623    (-,-) 
  csa_tree_eq_141_37_groupi_n_4                 -       -      -     (net)          -    -     -     -       -    (-,-) 
  csa_tree_eq_141_37_groupi_g1066/ZN            -       A->ZN  R     XNOR2_X1       1  1.2    16    40     663    (-,-) 
  csa_tree_eq_141_37_groupi_n_76                -       -      -     (net)          -    -     -     -       -    (-,-) 
  csa_tree_eq_141_37_groupi_g1044/ZN            -       A1->ZN R     AND4_X1        1  1.2    11    50     713    (-,-) 
  csa_tree_eq_141_37_groupi_n_98                -       -      -     (net)          -    -     -     -       -    (-,-) 
  csa_tree_eq_141_37_groupi_g1037/ZN            -       A1->ZN R     AND3_X1        1  1.9    11    41     754    (-,-) 
  csa_tree_eq_141_37_groupi_n_105               -       -      -     (net)          -    -     -     -       -    (-,-) 
  csa_tree_eq_141_37_groupi_g1036/ZN            -       A1->ZN R     AND3_X2        2  5.5    12    42     797    (-,-) 
  n_12178                                       -       -      -     (net)          -    -     -     -       -    (-,-) 
  fopt373515/ZN                                 -       A->ZN  F     INV_X2         2  5.0     6    10     806    (-,-) 
  n_12712                                       -       -      -     (net)          -    -     -     -       -    (-,-) 
  g190365__7482/ZN                              -       A1->ZN F     AND3_X4       14 25.0    11    35     842    (-,-) 
  n_11419                                       -       -      -     (net)          -    -     -     -       -    (-,-) 
  g190364/ZN                                    -       A->ZN  R     INV_X8        19 32.4    12    21     862    (-,-) 
  n_11418                                       -       -      -     (net)          -    -     -     -       -    (-,-) 
  g190314__2346/ZN                              -       A1->ZN F     OAI22_X1       1  3.4    15    21     883    (-,-) 
  n_11469                                       -       -      -     (net)          -    -     -     -       -    (-,-) 
  g190243__2398/ZN                              -       A->ZN  R     AOI221_X2      1  2.0    37    68     951    (-,-) 
  n_11534                                       -       -      -     (net)          -    -     -     -       -    (-,-) 
  g190228/ZN                                    -       A->ZN  F     INV_X1         1  1.4     9     9     960    (-,-) 
  n_11548                                       -       -      -     (net)          -    -     -     -       -    (-,-) 
  abs_sum_reg[15]/D                             <<<     -      F     DFF_X1         1    -     -     0     960    (-,-) 
#-----------------------------------------------------------------------------------------------------------------------

Capture clock path:
#-------------------------------------------------------------------------------------------
#   Timing Point     Flags   Arc   Edge   Cell     Fanout Load Trans Delay Arrival Instance 
#                                                         (fF)  (ps)  (ps)   (ps)  Location 
#-------------------------------------------------------------------------------------------
  clk                (i)     -     R     (arrival)   2650  0.0     0     0    1000    (-,-) 
  clk                -       -     -     (net)          -    -     -     -       -    (-,-) 
  clk                -       -     -     (net)          -    -     -     -       -    (-,-) 
  abs_sum_reg[15]/CK <<<     -     R     DFF_X1      2650    -     1     0    1000    (-,-) 
#-------------------------------------------------------------------------------------------


