============================================================
  Generated by:           Genus(TM) Synthesis Solution 25.11-s095_1
  Generated on:           Mar 10 2026  10:54:43 pm
  Module:                 add_fp16
  Operating conditions:   typical 
  Interconnect mode:      global
  Area mode:              physical library
============================================================


Path 1: MET (0 ps) Setup Check with Pin fp_out_reg[30]/CK->D
           View: view_1p2_25
          Group: clock1
     Startpoint: (R) signs_differ_l_reg/CK
          Clock: (R) clock1
       Endpoint: (R) fp_out_reg[30]/D
          Clock: (R) clock1

                     Capture       Launch     
        Clock Edge:+    1429            0     
       Src Latency:+       0            0     
       Net Latency:+       0 (I)        0 (I) 
           Arrival:=    1429            0     
                                              
             Setup:-      34                  
       Uncertainty:-       0                  
     Required Time:=    1395                  
      Launch Clock:-       0                  
         Data Path:-    1394                  
             Slack:=       0                  

Launch clock path:
#----------------------------------------------------------------------------------------------
#     Timing Point      Flags   Arc   Edge   Cell     Fanout Load Trans Delay Arrival Instance 
#                                                            (fF)  (ps)  (ps)   (ps)  Location 
#----------------------------------------------------------------------------------------------
  clk                   (i)     -     R     (arrival)    100  0.0     0     0       0    (-,-) 
  clk                   -       -     -     (net)          -    -     -     -       -    (-,-) 
  clk                   -       -     -     (net)          -    -     -     -       -    (-,-) 
  signs_differ_l_reg/CK <<<     -     R     DFFR_X1      100    -     1     0       0    (-,-) 
#----------------------------------------------------------------------------------------------

#-------------------------------------------------------------------------------------------------------------------
#               Timing Point                Flags    Arc   Edge   Cell     Fanout Load Trans Delay Arrival Instance 
#                                                                                 (fF)  (ps)  (ps)   (ps)  Location 
#-------------------------------------------------------------------------------------------------------------------
  signs_differ_l_reg/CK                     -       -      R     (arrival)    100    -     1     0       0    (-,-) 
  signs_differ_l_reg/QN                     -       CK->QN F     DFFR_X1        4 11.3    22    85      85    (-,-) 
  csa_tree_eq_266_33_spec0_groupi_n_0       -       -      -     (net)          -    -     -     -       -    (-,-) 
  g41/ZN                                    -       A->ZN  R     INV_X4        38 76.4    46    62     147    (-,-) 
  n_1950                                    -       -      -     (net)          -    -     -     -       -    (-,-) 
  g36/ZN                                    -       A->ZN  F     INV_X8        38 62.3    18    27     174    (-,-) 
  n_1989                                    -       -      -     (net)          -    -     -     -       -    (-,-) 
  g35346__6783/ZN                           -       A1->ZN R     NOR2_X1        2  3.8    25    38     212    (-,-) 
  n_889                                     -       -      -     (net)          -    -     -     -       -    (-,-) 
  g35256__4733/ZN                           -       B1->ZN F     OAI21_X1       7 11.3    26    40     252    (-,-) 
  n_951                                     -       -      -     (net)          -    -     -     -       -    (-,-) 
  csa_tree_eq_266_33_spec0_groupi_g40526/ZN -       A1->ZN F     OR2_X1         5  9.2    17    67     319    (-,-) 
  n_1908                                    -       -      -     (net)          -    -     -     -       -    (-,-) 
  g35059__7482/ZN                           -       A1->ZN F     AND2_X1        2  4.0     8    37     356    (-,-) 
  n_1072                                    -       -      -     (net)          -    -     -     -       -    (-,-) 
  g40535/ZN                                 -       C1->ZN R     AOI221_X2      1  2.0    37    40     396    (-,-) 
  n_2014                                    -       -      -     (net)          -    -     -     -       -    (-,-) 
  g3/ZN                                     -       A->ZN  F     INV_X1         2  3.5    12    15     411    (-,-) 
  n_2015                                    -       -      -     (net)          -    -     -     -       -    (-,-) 
  g35016__6783/ZN                           -       A1->ZN R     NAND2_X1       1  6.1    20    26     438    (-,-) 
  n_1107                                    -       -      -     (net)          -    -     -     -       -    (-,-) 
  g40503/ZN                                 -       A2->ZN F     NAND4_X4       7 11.9    21    36     474    (-,-) 
  n_1883                                    -       -      -     (net)          -    -     -     -       -    (-,-) 
  g34972__5477/ZN                           -       B1->ZN R     AOI21_X1       2  5.8    41    52     526    (-,-) 
  n_1147                                    -       -      -     (net)          -    -     -     -       -    (-,-) 
  g34961__6161/ZN                           -       B1->ZN F     OAI21_X2       2  5.8    22    24     550    (-,-) 
  n_1156                                    -       -      -     (net)          -    -     -     -       -    (-,-) 
  g34935__4319/ZN                           -       A->ZN  F     XNOR2_X2       5 12.0    17    52     602    (-,-) 
  mantissa_sum[25]                          -       -      -     (net)          -    -     -     -       -    (-,-) 
  g34926__1666/ZN                           -       A1->ZN R     NOR2_X4        6 12.7    23    34     636    (-,-) 
  n_1176                                    -       -      -     (net)          -    -     -     -       -    (-,-) 
  g40502/ZN                                 -       A3->ZN F     NAND4_X2       3 10.4    30    47     684    (-,-) 
  n_1882                                    -       -      -     (net)          -    -     -     -       -    (-,-) 
  g34904__2802/ZN                           -       A1->ZN R     NOR2_X4        3  6.9    18    32     716    (-,-) 
  n_1196                                    -       -      -     (net)          -    -     -     -       -    (-,-) 
  g34888__7410/ZN                           -       A1->ZN F     NAND2_X2       2  7.6    12    21     737    (-,-) 
  n_1209                                    -       -      -     (net)          -    -     -     -       -    (-,-) 
  g34867__3680/ZN                           -       A1->ZN R     NOR2_X4        3  7.0    18    25     761    (-,-) 
  n_1242                                    -       -      -     (net)          -    -     -     -       -    (-,-) 
  g34822__9315/ZN                           -       A1->ZN F     NAND2_X2       2  7.6    12    21     782    (-,-) 
  n_1300                                    -       -      -     (net)          -    -     -     -       -    (-,-) 
  g34774__4319/ZN                           -       A1->ZN R     NOR2_X4        3  9.2    20    28     810    (-,-) 
  n_1336                                    -       -      -     (net)          -    -     -     -       -    (-,-) 
  g34742__5107/ZN                           -       A1->ZN F     NAND2_X4       3  9.2    11    17     827    (-,-) 
  n_831                                     -       -      -     (net)          -    -     -     -       -    (-,-) 
  g34713__8428/ZN                           -       A1->ZN R     NOR2_X4        3  7.0    17    24     851    (-,-) 
  n_1390                                    -       -      -     (net)          -    -     -     -       -    (-,-) 
  g34693__6131/ZN                           -       A1->ZN F     NAND2_X2       2  4.7    10    17     868    (-,-) 
  n_1406                                    -       -      -     (net)          -    -     -     -       -    (-,-) 
  g34668__9945/ZN                           -       B1->ZN R     OAI21_X2       2  5.3    23    32     900    (-,-) 
  n_1545                                    -       -      -     (net)          -    -     -     -       -    (-,-) 
  g34655__1617/ZN                           -       A1->ZN R     AND2_X4        7 17.3    14    41     940    (-,-) 
  n_1440                                    -       -      -     (net)          -    -     -     -       -    (-,-) 
  g34652/ZN                                 -       A->ZN  F     INV_X4        19 31.8    10    19     959    (-,-) 
  n_1439                                    -       -      -     (net)          -    -     -     -       -    (-,-) 
  g34645__5477/ZN                           -       B1->ZN R     OAI21_X1       4  7.6    46    58    1017    (-,-) 
  n_1528                                    -       -      -     (net)          -    -     -     -       -    (-,-) 
  g40070/ZN                                 -       A3->ZN R     AND4_X1        1  2.0    13    66    1082    (-,-) 
  n_212                                     -       -      -     (net)          -    -     -     -       -    (-,-) 
  g40021/ZN                                 -       A4->ZN F     NAND4_X1       1  1.7    16    31    1113    (-,-) 
  n_261                                     -       -      -     (net)          -    -     -     -       -    (-,-) 
  g40015/ZN                                 -       A1->ZN R     NOR2_X1        2  3.9    26    37    1150    (-,-) 
  n_273                                     -       -      -     (net)          -    -     -     -       -    (-,-) 
  g39702__6131/ZN                           -       B1->ZN F     OAI21_X1       3  5.0    16    26    1177    (-,-) 
  n_4                                       -       -      -     (net)          -    -     -     -       -    (-,-) 
  g39655__5122/ZN                           -       A1->ZN R     NOR2_X1        3  5.7    34    46    1223    (-,-) 
  n_5                                       -       -      -     (net)          -    -     -     -       -    (-,-) 
  g39629__6161/ZN                           -       A1->ZN F     NAND2_X1       3  5.0    17    28    1251    (-,-) 
  n_6                                       -       -      -     (net)          -    -     -     -       -    (-,-) 
  g39591__7482/ZN                           -       A1->ZN R     NOR2_X1        3  4.9    30    43    1293    (-,-) 
  n_7                                       -       -      -     (net)          -    -     -     -       -    (-,-) 
  g39580__5122/ZN                           -       A1->ZN F     NAND2_X1       2  3.4    14    22    1316    (-,-) 
  n_680                                     -       -      -     (net)          -    -     -     -       -    (-,-) 
  g39545__5115/ZN                           -       A1->ZN R     NOR2_X1        2  3.8    25    36    1352    (-,-) 
  n_713                                     -       -      -     (net)          -    -     -     -       -    (-,-) 
  g40534/ZN                                 -       A->ZN  F     AOI21_X1       1  1.8    11    17    1368    (-,-) 
  n_1916                                    -       -      -     (net)          -    -     -     -       -    (-,-) 
  g39517__1666/ZN                           -       B1->ZN R     OAI21_X1       1  1.4    17    26    1394    (-,-) 
  n_731                                     -       -      -     (net)          -    -     -     -       -    (-,-) 
  fp_out_reg[30]/D                          <<<     -      R     DFF_X1         1    -     -     0    1394    (-,-) 
#-------------------------------------------------------------------------------------------------------------------

Capture clock path:
#------------------------------------------------------------------------------------------
#   Timing Point    Flags   Arc   Edge   Cell     Fanout Load Trans Delay Arrival Instance 
#                                                        (fF)  (ps)  (ps)   (ps)  Location 
#------------------------------------------------------------------------------------------
  clk               (i)     -     R     (arrival)    100  0.0     0     0    1429    (-,-) 
  clk               -       -     -     (net)          -    -     -     -       -    (-,-) 
  clk               -       -     -     (net)          -    -     -     -       -    (-,-) 
  fp_out_reg[30]/CK <<<     -     R     DFF_X1       100    -     1     0    1429    (-,-) 
#------------------------------------------------------------------------------------------


