============================================================
  Generated by:           Genus(TM) Synthesis Solution 25.11-s095_1
  Generated on:           Mar 10 2026  03:28:50 pm
  Operating conditions:   typical 
  Interconnect mode:      global
  Area mode:              physical library
============================================================

                               Leakage    Internal                         Library 
   Gate    Instances   Area  Power (nW)  Power (nW)         Library         Domain 
-----------------------------------------------------------------------------------
AND2_X1           10  10.640    248.583    4753.426 NangateOpenCellLibrary       0 
AND2_X2            4   5.320    203.847    5069.834 NangateOpenCellLibrary       0 
AND3_X1            2   2.660     45.594      34.431 NangateOpenCellLibrary       0 
AND3_X2            1   1.596     75.859     847.380 NangateOpenCellLibrary       0 
AND4_X1            3   4.788     81.599    1819.420 NangateOpenCellLibrary       0 
AOI211_X1          1   1.330     32.046     644.927 NangateOpenCellLibrary       0 
AOI21_X1          25  26.600    671.653   12969.224 NangateOpenCellLibrary       0 
AOI21_X2           3   5.586    154.092    3524.698 NangateOpenCellLibrary       0 
AOI22_X1           8  10.640    253.136    8146.992 NangateOpenCellLibrary       0 
DFFR_X1           25 133.000   2203.842  209902.472 NangateOpenCellLibrary       0 
FA_X1              8  34.048    591.912   23196.195 NangateOpenCellLibrary       0 
HA_X1             16  42.560    964.767   16858.174 NangateOpenCellLibrary       0 
INV_X1            83  44.156   1227.998   26655.301 NangateOpenCellLibrary       0 
INV_X2             6   4.788    197.596    2464.566 NangateOpenCellLibrary       0 
MUX2_X1            1   1.862     35.147     568.423 NangateOpenCellLibrary       0 
NAND2_X1          83  66.234   1621.242   26143.520 NangateOpenCellLibrary       0 
NAND2_X2          17  22.610    574.420    8264.112 NangateOpenCellLibrary       0 
NAND2_X4           1   2.394     69.573     780.433 NangateOpenCellLibrary       0 
NAND3_X1           5   5.320     49.856     654.526 NangateOpenCellLibrary       0 
NAND4_X1           5   6.650     77.328     779.296 NangateOpenCellLibrary       0 
NOR2_X1           37  29.526    772.529    9138.364 NangateOpenCellLibrary       0 
NOR2_X2            3   3.990    133.878    1328.043 NangateOpenCellLibrary       0 
NOR4_X1            7   9.310    239.268    1146.586 NangateOpenCellLibrary       0 
OAI211_X1          2   2.660    112.079    1612.387 NangateOpenCellLibrary       0 
OAI21_X1          23  24.472    729.627   16168.828 NangateOpenCellLibrary       0 
OAI21_X2           1   1.862     61.443     670.136 NangateOpenCellLibrary       0 
OAI22_X1          14  18.620    491.610   18126.030 NangateOpenCellLibrary       0 
OAI22_X2           1   2.394     78.022    3006.329 NangateOpenCellLibrary       0 
OR2_X1             9   9.576    216.565    2993.440 NangateOpenCellLibrary       0 
OR2_X2             1   1.330     44.998     492.568 NangateOpenCellLibrary       0 
OR3_X1             1   1.330     24.415     293.464 NangateOpenCellLibrary       0 
OR4_X1             1   1.596     26.733     218.270 NangateOpenCellLibrary       0 
XNOR2_X1          32  51.072   1159.666   39565.772 NangateOpenCellLibrary       0 
XNOR2_X2          10  26.600    733.664   20007.730 NangateOpenCellLibrary       0 
XOR2_X1           10  15.960    351.422   14326.177 NangateOpenCellLibrary       0 
XOR2_X2            2   4.788    143.480    5712.262 NangateOpenCellLibrary       0 
-----------------------------------------------------------------------------------
total            461 637.868  14699.490  488883.736                                
                                          Leakage  Leakage  Internal  Internal 
     Type      Instances   Area  Area % Power (nW) Power % Power (nW)  Power % 
-------------------------------------------------------------------------------
sequential            25 133.000   20.9   2203.842    15.0 209902.472     42.9 
inverter              89  48.944    7.7   1425.594     9.7  29119.868      6.0 
logic                347 455.924   71.5  11070.054    75.3 249861.396     51.1 
physical_cells         0   0.000    0.0      0.000     0.0      0.000      0.0 
-------------------------------------------------------------------------------
total                461 637.868  100.0  14699.490   100.0 488883.736    100.0 
