============================================================
  Generated by:           Genus(TM) Synthesis Solution 25.11-s095_1
  Generated on:           Feb 24 2026  08:53:31 am
  Operating conditions:   PVT_1P2V_25C 
  Interconnect mode:      global
  Area mode:              physical library
============================================================

                         Leakage   Internal          Library 
 Gate  Instances  Area Power (nW) Power (nW) Library  Domain 
-------------------------------------------------------------
-------------------------------------------------------------
total          0 0.000      0.000      0.000                 
                                        Leakage  Leakage  Internal  Internal 
     Type      Instances  Area Area % Power (nW) Power % Power (nW)  Power % 
-----------------------------------------------------------------------------
sequential            39 0.000    0.0    254.303    18.4      0.000      0.0 
inverter               1 0.000    0.0      1.762     0.1      0.000      0.0 
logic               1278 0.000    0.0   1128.789    81.5 413109.667    100.0 
physical_cells         0 0.000    0.0      0.000     0.0      0.000      0.0 
-----------------------------------------------------------------------------
total               1318 0.000    0.0   1384.853   100.0 413109.667    100.0 
