============================================================
  Generated by:           Genus(TM) Synthesis Solution 25.11-s095_1
  Generated on:           May 26 2026  03:54:44 pm
  Operating conditions:   typical 
  Interconnect mode:      global
  Area mode:              physical library
============================================================

                                 Leakage      Internal                          Library 
   Gate    Instances    Area    Power (nW)   Power (nW)          Library         Domain 
----------------------------------------------------------------------------------------
AND2_X1          901   958.664   23907.508   1263187.858 NangateOpenCellLibrary       0 
AND2_X2           99   131.670    5150.981    349851.142 NangateOpenCellLibrary       0 
AND2_X4           21    50.274    2218.449    121767.100 NangateOpenCellLibrary       0 
AND3_X1           37    49.210    1090.492     45515.051 NangateOpenCellLibrary       0 
AND3_X2            7    11.172     461.641     15312.019 NangateOpenCellLibrary       0 
AND3_X4           10    29.260    1501.383     27169.689 NangateOpenCellLibrary       0 
AND4_X1           20    31.920     565.364     10491.674 NangateOpenCellLibrary       0 
AND4_X2            3     5.586     193.077      7047.351 NangateOpenCellLibrary       0 
AND4_X4            1     3.458     182.614      5406.491 NangateOpenCellLibrary       0 
AOI211_X1          8    10.640     244.527     11497.565 NangateOpenCellLibrary       0 
AOI211_X2          2     4.788     168.565      3154.058 NangateOpenCellLibrary       0 
AOI21_X1         523   556.472   13126.485    646891.400 NangateOpenCellLibrary       0 
AOI21_X2         102   189.924    5485.136    289027.445 NangateOpenCellLibrary       0 
AOI21_X4          31   107.198    3631.408    182856.480 NangateOpenCellLibrary       0 
AOI221_X1         73   116.508    2945.107    141401.853 NangateOpenCellLibrary       0 
AOI221_X2         28    81.928    2410.813    117196.122 NangateOpenCellLibrary       0 
AOI222_X1         42    89.376    1767.342    123376.551 NangateOpenCellLibrary       0 
AOI222_X2          3    11.172     299.157     18774.227 NangateOpenCellLibrary       0 
AOI222_X4          2     7.448     260.292     27269.041 NangateOpenCellLibrary       0 
AOI22_X1         566   752.780   15946.702    639955.710 NangateOpenCellLibrary       0 
AOI22_X2          33    79.002    1807.404     95337.346 NangateOpenCellLibrary       0 
AOI22_X4           2     9.044     229.575      5383.342 NangateOpenCellLibrary       0 
BUF_X1            22    17.556     469.921     43351.337 NangateOpenCellLibrary       0 
BUF_X2            17    18.088     724.826     59005.725 NangateOpenCellLibrary       0 
BUF_X4             3     5.586     258.850     12257.628 NangateOpenCellLibrary       0 
BUF_X8             3    10.374     516.734     10793.940 NangateOpenCellLibrary       0 
CLKBUF_X1         69    55.062     775.008     97876.991 NangateOpenCellLibrary       0 
CLKBUF_X2          1     1.064      23.034      3962.495 NangateOpenCellLibrary       0 
CLKBUF_X3          1     1.330      30.558      1039.393 NangateOpenCellLibrary       0 
DFFR_X1         1255  6676.600  110609.607  10682962.525 NangateOpenCellLibrary       0 
DFFR_X2           21   122.892    2732.414    174718.935 NangateOpenCellLibrary       0 
DFF_X1           136   614.992   10720.309   1513562.298 NangateOpenCellLibrary       0 
FA_X1             46   195.776    3094.580    270059.478 NangateOpenCellLibrary       0 
HA_X1             33    87.780    2034.757    121808.213 NangateOpenCellLibrary       0 
INV_X1          4049  2154.068   57992.073   2521128.042 NangateOpenCellLibrary       0 
INV_X16            3    13.566     691.049     34727.236 NangateOpenCellLibrary       0 
INV_X2           297   237.006    8625.297    427560.536 NangateOpenCellLibrary       0 
INV_X4            98   130.340    5695.097    246400.995 NangateOpenCellLibrary       0 
INV_X8            23    55.062    2680.895     99613.992 NangateOpenCellLibrary       0 
MUX2_X1          401   746.662   14628.053   1090799.922 NangateOpenCellLibrary       0 
MUX2_X2           21    50.274    1461.475    131868.693 NangateOpenCellLibrary       0 
NAND2_X1        5732  4574.136  113882.692   4882780.491 NangateOpenCellLibrary       0 
NAND2_X2         587   780.710   27444.758   1203968.917 NangateOpenCellLibrary       0 
NAND2_X4         188   450.072   20277.693    733596.623 NangateOpenCellLibrary       0 
NAND3_X1         307   326.648    7797.880    331030.312 NangateOpenCellLibrary       0 
NAND3_X2          66   122.892    4509.883    165452.195 NangateOpenCellLibrary       0 
NAND3_X4          18    62.244    2455.024     56684.421 NangateOpenCellLibrary       0 
NAND4_X1         113   150.290    3550.802     95092.957 NangateOpenCellLibrary       0 
NAND4_X2           3     7.182     288.790      9193.566 NangateOpenCellLibrary       0 
NAND4_X4           2     9.576     368.746     14880.877 NangateOpenCellLibrary       0 
NOR2_X1         1838  1466.724   40103.029   1217910.365 NangateOpenCellLibrary       0 
NOR2_X2          149   198.170    6360.534    255078.943 NangateOpenCellLibrary       0 
NOR2_X4          182   435.708   14900.599    645268.375 NangateOpenCellLibrary       0 
NOR3_X1           75    79.800    2121.663     23204.024 NangateOpenCellLibrary       0 
NOR3_X2           10    18.620     533.859     22092.590 NangateOpenCellLibrary       0 
NOR3_X4            1     3.724     109.606      6319.083 NangateOpenCellLibrary       0 
NOR4_X1           96   127.680    3430.057     22515.613 NangateOpenCellLibrary       0 
NOR4_X2            3     7.182     238.973      3426.500 NangateOpenCellLibrary       0 
OAI211_X1         78   103.740    2607.916     90895.865 NangateOpenCellLibrary       0 
OAI211_X2          6    14.364     327.759     23640.993 NangateOpenCellLibrary       0 
OAI21_X1        1246  1325.744   31796.832   1553725.451 NangateOpenCellLibrary       0 
OAI21_X2         224   417.088   12486.741    743058.134 NangateOpenCellLibrary       0 
OAI21_X4          37   127.946    4393.817    238623.693 NangateOpenCellLibrary       0 
OAI221_X1         28    44.688    1415.974     31724.552 NangateOpenCellLibrary       0 
OAI221_X2          2     5.852     232.790     11039.418 NangateOpenCellLibrary       0 
OAI222_X1         28    59.584    1749.991     63081.838 NangateOpenCellLibrary       0 
OAI222_X2          5    18.620     653.194     29153.090 NangateOpenCellLibrary       0 
OAI22_X1         382   508.060   16629.867    435309.203 NangateOpenCellLibrary       0 
OAI22_X2          11    26.334     750.129     41839.279 NangateOpenCellLibrary       0 
OAI22_X4           1     4.522     137.955      7391.601 NangateOpenCellLibrary       0 
OR2_X1           389   413.896    9058.242    478925.173 NangateOpenCellLibrary       0 
OR2_X2            68    90.440    3125.595    214439.356 NangateOpenCellLibrary       0 
OR2_X4             9    21.546     816.402     52504.140 NangateOpenCellLibrary       0 
OR3_X1            63    83.790    1592.753     36059.085 NangateOpenCellLibrary       0 
OR3_X2             2     3.192      97.031      5687.562 NangateOpenCellLibrary       0 
OR4_X1            75   119.700    2099.341     18289.615 NangateOpenCellLibrary       0 
OR4_X2             2     3.724     114.038      3426.353 NangateOpenCellLibrary       0 
SDFFR_X1         188  1250.200   20338.277   2190490.959 NangateOpenCellLibrary       0 
SDFFR_X2           2    13.832     290.207     26504.340 NangateOpenCellLibrary       0 
XNOR2_X1         870  1388.520   32723.977   2143331.235 NangateOpenCellLibrary       0 
XNOR2_X2         476  1266.160   35375.047   2629482.871 NangateOpenCellLibrary       0 
XOR2_X1          190   303.240    6212.599    549004.538 NangateOpenCellLibrary       0 
XOR2_X2           92   220.248    6125.228    572315.868 NangateOpenCellLibrary       0 
----------------------------------------------------------------------------------------
total          22857 31137.960  746884.849  43569807.955                                
                                            Leakage  Leakage   Internal   Internal 
     Type      Instances    Area   Area % Power (nW) Power %  Power (nW)   Power % 
-----------------------------------------------------------------------------------
sequential          1602  8678.516   27.9 144690.815    19.4 14588239.057     33.5 
inverter            4470  2590.042    8.3  75684.411    10.1  3329430.801      7.6 
buffer               116   109.060    0.4   2798.931     0.4   228287.508      0.5 
logic              16669 19760.342   63.5 523710.692    70.1 25423850.589     58.4 
physical_cells         0     0.000    0.0      0.000     0.0        0.000      0.0 
-----------------------------------------------------------------------------------
total              22857 31137.960  100.0 746884.849   100.0 43569807.955    100.0 
