============================================================
  Generated by:           Genus(TM) Synthesis Solution 25.11-s095_1
  Generated on:           Jun 13 2026  10:51:48 am
  Module:                 sysarr_32_input_fp_adder
  Library domain:         timing_condition_tt_1p2v_25c
    Domain index:         0
    Technology library:   NangateOpenCellLibrary revision 1.0
  Operating conditions:   typical 
  Interconnect mode:      global
  Area mode:              physical library
============================================================

Timing
--------

Analysis view  Clock Period 
----------------------------
view_1p2_25   clock1 1389.0 


  Analysis    Cost   Critical        Violating 
    View     Group  Path Slack  TNS    Paths   
-----------------------------------------------
view_1p2_25  clock1        0.0  0.0          0 
            default   No paths  0.0          0 
-----------------------------------------------
Total                          -0.0          0 
                                               

Instance Count
--------------
Leaf Instance Count             14077 
Physical Instance count             0 
Sequential Instance Count        1679 
Combinational Instance Count    12398 
Hierarchical Instance Count         0 

Area
----
Cell Area                          24753.694
Physical Cell Area                 0.000
Total Cell Area (Cell+Physical)    24753.694
Net Area                           18971.507
Total Area (Cell+Physical+Net)     43725.201

Power
-----
Leakage Power                      518706.508 nW
Dynamic Power                      40891787.716 nW
Total Power                        41410494.223 nW

Max Fanout                         1679 (clk)
Min Fanout                         0 (n_55)
Average Fanout                     2.1
Terms to net ratio                 3.2824
Terms to instance ratio            3.6545
Runtime                            48.374461 seconds
Elapsed Runtime                    53 seconds
Genus peak memory usage            1740.34 
Innovus peak memory usage          no_value 
Hostname                           asicfab.ecn.purdue.edu
