============================================================
  Generated by:           Genus(TM) Synthesis Solution 25.11-s095_1
  Generated on:           Mar 10 2026  11:15:38 pm
  Module:                 add_fp16
  Operating conditions:   typical 
  Interconnect mode:      global
  Area mode:              physical library
============================================================


Path 1: MET (0 ps) Setup Check with Pin fp_out_reg[0]/CK->D
           View: view_1p2_25
          Group: clock1
     Startpoint: (R) signs_differ_l_reg/CK
          Clock: (R) clock1
       Endpoint: (F) fp_out_reg[0]/D
          Clock: (R) clock1

                     Capture       Launch     
        Clock Edge:+    1389            0     
       Src Latency:+       0            0     
       Net Latency:+       0 (I)        0 (I) 
           Arrival:=    1389            0     
                                              
             Setup:-      43                  
       Uncertainty:-       0                  
     Required Time:=    1346                  
      Launch Clock:-       0                  
         Data Path:-    1346                  
             Slack:=       0                  

Launch clock path:
#----------------------------------------------------------------------------------------------
#     Timing Point      Flags   Arc   Edge   Cell     Fanout Load Trans Delay Arrival Instance 
#                                                            (fF)  (ps)  (ps)   (ps)  Location 
#----------------------------------------------------------------------------------------------
  clk                   (i)     -     R     (arrival)    100  0.0     0     0       0    (-,-) 
  clk                   -       -     -     (net)          -    -     -     -       -    (-,-) 
  clk                   -       -     -     (net)          -    -     -     -       -    (-,-) 
  signs_differ_l_reg/CK <<<     -     R     DFFR_X1      100    -     1     0       0    (-,-) 
#----------------------------------------------------------------------------------------------

#-----------------------------------------------------------------------------------------------
#     Timing Point      Flags    Arc   Edge   Cell     Fanout Load Trans Delay Arrival Instance 
#                                                             (fF)  (ps)  (ps)   (ps)  Location 
#-----------------------------------------------------------------------------------------------
  signs_differ_l_reg/CK -       -      R     (arrival)    100    -     1     0       0    (-,-) 
  signs_differ_l_reg/QN -       CK->QN F     DFFR_X1        1  1.8    12    65      65    (-,-) 
  n_819                 -       -      -     (net)          -    -     -     -       -    (-,-) 
  g40543/ZN             -       A->ZN  R     INV_X1         1  6.6    18    26      91    (-,-) 
  n_1987                -       -      -     (net)          -    -     -     -       -    (-,-) 
  g40542/ZN             -       A->ZN  F     INV_X4         7 31.9    11    20     111    (-,-) 
  n_1988                -       -      -     (net)          -    -     -     -       -    (-,-) 
  g24/ZN                -       A->ZN  R     INV_X16       36 89.3    16    24     135    (-,-) 
  n_1986                -       -      -     (net)          -    -     -     -       -    (-,-) 
  g12/ZN                -       A->ZN  F     INV_X16       26 43.6     7    11     146    (-,-) 
  n_1992                -       -      -     (net)          -    -     -     -       -    (-,-) 
  g35774__6783/ZN       -       A1->ZN R     NAND2_X1       1  2.0    10    14     160    (-,-) 
  n_913                 -       -      -     (net)          -    -     -     -       -    (-,-) 
  g35670__2346/ZN       -       A2->ZN F     NAND2_X1       9 15.1    30    42     203    (-,-) 
  n_1650                -       -      -     (net)          -    -     -     -       -    (-,-) 
  g35578__6783/ZN       -       A2->ZN R     NOR2_X1        3  5.8    35    58     260    (-,-) 
  n_1039                -       -      -     (net)          -    -     -     -       -    (-,-) 
  g35556/ZN             -       A->ZN  F     INV_X1         2  3.4    11    14     274    (-,-) 
  n_1038                -       -      -     (net)          -    -     -     -       -    (-,-) 
  g35473__2802/ZN       -       B2->ZN R     AOI21_X1       2  3.9    32    43     318    (-,-) 
  n_1141                -       -      -     (net)          -    -     -     -       -    (-,-) 
  g35456__2346/ZN       -       B1->ZN F     OAI21_X1       3  5.2    19    29     346    (-,-) 
  n_1156                -       -      -     (net)          -    -     -     -       -    (-,-) 
  g35453/ZN             -       A->ZN  R     INV_X1         3  5.8    16    28     374    (-,-) 
  n_1155                -       -      -     (net)          -    -     -     -       -    (-,-) 
  g35433__2802/ZN       -       B1->ZN F     OAI21_X1       1  1.8    16    16     390    (-,-) 
  n_1169                -       -      -     (net)          -    -     -     -       -    (-,-) 
  g35413__2883/ZN       -       A->ZN  R     AOI21_X1       1  4.3    34    56     446    (-,-) 
  n_1186                -       -      -     (net)          -    -     -     -       -    (-,-) 
  g35390__4319/ZN       -       A->ZN  F     XNOR2_X2       6 11.4    19    31     477    (-,-) 
  mantissa_sum[21]      -       -      -     (net)          -    -     -     -       -    (-,-) 
  g35363__4733/ZN       -       A2->ZN R     NOR2_X1        1  4.1    27    45     522    (-,-) 
  n_1217                -       -      -     (net)          -    -     -     -       -    (-,-) 
  g35308__5526/ZN       -       A4->ZN R     AND4_X4        4  8.0    12    57     579    (-,-) 
  n_1236                -       -      -     (net)          -    -     -     -       -    (-,-) 
  g35276__5526/ZN       -       A1->ZN F     NAND3_X2       2  7.6    17    25     604    (-,-) 
  n_1272                -       -      -     (net)          -    -     -     -       -    (-,-) 
  g35237__4319/ZN       -       A1->ZN R     NOR2_X4        3  6.3    16    26     630    (-,-) 
  n_1301                -       -      -     (net)          -    -     -     -       -    (-,-) 
  g35205__5107/ZN       -       A1->ZN F     NAND2_X2       3  9.1    13    21     652    (-,-) 
  n_837                 -       -      -     (net)          -    -     -     -       -    (-,-) 
  g35155__8246/ZN       -       A1->ZN R     NOR2_X4        3  4.8    14    22     674    (-,-) 
  n_1397                -       -      -     (net)          -    -     -     -       -    (-,-) 
  g35119__3680/ZN       -       A1->ZN F     NAND2_X1       2  4.7    12    21     695    (-,-) 
  n_1422                -       -      -     (net)          -    -     -     -       -    (-,-) 
  g35090__8246/ZN       -       A1->ZN R     NOR2_X2        3  6.9    24    34     729    (-,-) 
  n_1444                -       -      -     (net)          -    -     -     -       -    (-,-) 
  g35062__9945/ZN       -       A1->ZN F     NAND2_X2       3  9.2    14    24     752    (-,-) 
  n_841                 -       -      -     (net)          -    -     -     -       -    (-,-) 
  g35024__7482/ZN       -       B1->ZN R     OAI21_X4       2  8.1    20    30     783    (-,-) 
  n_1606                -       -      -     (net)          -    -     -     -       -    (-,-) 
  g35018__5122/ZN       -       A1->ZN F     NAND2_X4      18 34.4    19    32     814    (-,-) 
  n_1499                -       -      -     (net)          -    -     -     -       -    (-,-) 
  g35003__7410/ZN       -       B1->ZN R     OAI21_X1       4  7.5    45    60     875    (-,-) 
  n_1597                -       -      -     (net)          -    -     -     -       -    (-,-) 
  g40054/ZN             -       A4->ZN R     AND4_X1        1  1.9    13    63     938    (-,-) 
  n_172                 -       -      -     (net)          -    -     -     -       -    (-,-) 
  g40022/ZN             -       A3->ZN F     NAND4_X1       1  1.7    16    30     968    (-,-) 
  n_209                 -       -      -     (net)          -    -     -     -       -    (-,-) 
  g40013/ZN             -       A1->ZN R     NOR2_X1        2  4.3    28    39    1008    (-,-) 
  n_221                 -       -      -     (net)          -    -     -     -       -    (-,-) 
  g39720__1881/ZN       -       B1->ZN F     AOI21_X1       2  4.6    15    26    1034    (-,-) 
  n_496                 -       -      -     (net)          -    -     -     -       -    (-,-) 
  g39704__4319/ZN       -       A1->ZN R     NOR2_X2        3  5.6    21    32    1065    (-,-) 
  n_509                 -       -      -     (net)          -    -     -     -       -    (-,-) 
  g39679__6131/ZN       -       A1->ZN F     NAND2_X1       3  5.0    14    24    1089    (-,-) 
  n_10                  -       -      -     (net)          -    -     -     -       -    (-,-) 
  g39612__2398/ZN       -       A1->ZN R     NOR2_X1        2  3.8    26    36    1125    (-,-) 
  n_602                 -       -      -     (net)          -    -     -     -       -    (-,-) 
  g39577__8428/ZN       -       A1->ZN F     NAND2_X1       3  5.0    15    25    1150    (-,-) 
  n_634                 -       -      -     (net)          -    -     -     -       -    (-,-) 
  g39558__5115/ZN       -       A1->ZN R     NOR2_X1        2  3.8    25    36    1186    (-,-) 
  n_651                 -       -      -     (net)          -    -     -     -       -    (-,-) 
  g39538__6260/ZN       -       A1->ZN F     NAND2_X1       3  5.1    15    25    1212    (-,-) 
  n_672                 -       -      -     (net)          -    -     -     -       -    (-,-) 
  g39524__4733/ZN       -       B1->ZN R     AOI21_X1       2  3.8    31    39    1251    (-,-) 
  n_684                 -       -      -     (net)          -    -     -     -       -    (-,-) 
  g35901/ZN             -       A1->ZN R     OR2_X2        23 43.1    52    76    1327    (-,-) 
  n_4                   -       -      -     (net)          -    -     -     -       -    (-,-) 
  g39497__2346/ZN       -       B1->ZN F     OAI21_X1       1  1.4    16    19    1346    (-,-) 
  n_705                 -       -      -     (net)          -    -     -     -       -    (-,-) 
  fp_out_reg[0]/D       <<<     -      F     DFF_X1         1    -     -     0    1346    (-,-) 
#-----------------------------------------------------------------------------------------------

Capture clock path:
#-----------------------------------------------------------------------------------------
#  Timing Point    Flags   Arc   Edge   Cell     Fanout Load Trans Delay Arrival Instance 
#                                                       (fF)  (ps)  (ps)   (ps)  Location 
#-----------------------------------------------------------------------------------------
  clk              (i)     -     R     (arrival)    100  0.0     0     0    1389    (-,-) 
  clk              -       -     -     (net)          -    -     -     -       -    (-,-) 
  clk              -       -     -     (net)          -    -     -     -       -    (-,-) 
  fp_out_reg[0]/CK <<<     -     R     DFF_X1       100    -     1     0    1389    (-,-) 
#-----------------------------------------------------------------------------------------


