============================================================
  Generated by:           Genus(TM) Synthesis Solution 25.11-s095_1
  Generated on:           Mar 10 2026  10:37:53 pm
  Operating conditions:   typical 
  Interconnect mode:      global
  Area mode:              physical library
============================================================

                               Leakage    Internal                         Library 
   Gate    Instances   Area  Power (nW)  Power (nW)         Library         Domain 
-----------------------------------------------------------------------------------
AND2_X1           22  23.408    586.273   28338.210 NangateOpenCellLibrary       0 
AND2_X2            9  11.970    481.982   15188.178 NangateOpenCellLibrary       0 
AND2_X4            4   9.576    402.003   20710.710 NangateOpenCellLibrary       0 
AND3_X1            3   3.990     95.650    5716.857 NangateOpenCellLibrary       0 
AND3_X2            2   3.192    146.123    4167.277 NangateOpenCellLibrary       0 
AND4_X1            7  11.172    209.148    1679.747 NangateOpenCellLibrary       0 
AOI211_X1          3   3.990    123.902    2106.253 NangateOpenCellLibrary       0 
AOI21_X1          28  29.792    719.966   29187.517 NangateOpenCellLibrary       0 
AOI21_X2           3   5.586    133.429    5688.905 NangateOpenCellLibrary       0 
AOI21_X4           1   3.458     89.000    5613.714 NangateOpenCellLibrary       0 
AOI221_X1          1   1.596     37.977     441.003 NangateOpenCellLibrary       0 
AOI222_X1          1   2.128     62.282    1051.269 NangateOpenCellLibrary       0 
AOI22_X1          28  37.240    733.974   24103.276 NangateOpenCellLibrary       0 
AOI22_X2           1   2.394     37.253    2151.913 NangateOpenCellLibrary       0 
DFFR_X1            7  37.240    617.751   36063.033 NangateOpenCellLibrary       0 
HA_X1             12  31.920    725.975   36919.996 NangateOpenCellLibrary       0 
INV_X1           162  86.184   2361.853   70732.524 NangateOpenCellLibrary       0 
INV_X2             9   7.182    269.682    7502.123 NangateOpenCellLibrary       0 
INV_X4             3   3.990    171.654    5531.384 NangateOpenCellLibrary       0 
INV_X8             1   2.394    106.828    3116.860 NangateOpenCellLibrary       0 
MUX2_X1           25  46.550    912.525   33044.151 NangateOpenCellLibrary       0 
MUX2_X2            2   4.788    128.938    7739.674 NangateOpenCellLibrary       0 
NAND2_X1         125  99.750   2292.583   73434.551 NangateOpenCellLibrary       0 
NAND2_X2          14  18.620    540.932   15539.187 NangateOpenCellLibrary       0 
NAND2_X4           4   9.576    398.990   11184.592 NangateOpenCellLibrary       0 
NAND3_X1          18  19.152    469.140   14122.318 NangateOpenCellLibrary       0 
NAND3_X2           4   7.448    191.345    6644.026 NangateOpenCellLibrary       0 
NAND4_X1           4   5.320     57.970     655.779 NangateOpenCellLibrary       0 
NOR2_X1           48  38.304   1009.038   31023.724 NangateOpenCellLibrary       0 
NOR2_X2            9  11.970    375.107   13870.185 NangateOpenCellLibrary       0 
NOR2_X4            5  11.970    450.778   11140.228 NangateOpenCellLibrary       0 
NOR3_X1            4   4.256    106.558    3863.935 NangateOpenCellLibrary       0 
NOR3_X2            1   1.862     62.210     408.949 NangateOpenCellLibrary       0 
NOR4_X1            6   7.980    204.063    1184.908 NangateOpenCellLibrary       0 
OAI211_X1          8  10.640    189.108    6876.956 NangateOpenCellLibrary       0 
OAI21_X1          40  42.560   1169.614   47860.560 NangateOpenCellLibrary       0 
OAI21_X2          12  22.344    709.654   28699.238 NangateOpenCellLibrary       0 
OAI221_X1         12  19.152    656.077   22543.644 NangateOpenCellLibrary       0 
OAI22_X1          11  14.630    448.385   10359.003 NangateOpenCellLibrary       0 
OAI22_X2           1   2.394     68.925    3250.549 NangateOpenCellLibrary       0 
OR2_X1            13  13.832    294.727   14224.684 NangateOpenCellLibrary       0 
OR3_X1             1   1.330     24.074    1089.915 NangateOpenCellLibrary       0 
OR4_X1             2   3.192     54.938     388.420 NangateOpenCellLibrary       0 
SDFFR_X1          25 166.250   2711.740  149548.374 NangateOpenCellLibrary       0 
SDFFR_X2           1   6.916    144.831    7361.289 NangateOpenCellLibrary       0 
XNOR2_X1          16  25.536    595.528   28886.962 NangateOpenCellLibrary       0 
XNOR2_X2           3   7.980    234.627   10596.224 NangateOpenCellLibrary       0 
XOR2_X1           14  22.344    507.841   28676.963 NangateOpenCellLibrary       0 
-----------------------------------------------------------------------------------
total            735 965.048  23122.947  890229.741                                
                                          Leakage  Leakage  Internal  Internal 
     Type      Instances   Area  Area % Power (nW) Power % Power (nW)  Power % 
-------------------------------------------------------------------------------
sequential            33 210.406   21.8   3474.322    15.0 192972.697     21.7 
inverter             175  99.750   10.3   2910.017    12.6  86882.892      9.8 
logic                527 654.892   67.9  16738.609    72.4 610374.153     68.6 
physical_cells         0   0.000    0.0      0.000     0.0      0.000      0.0 
-------------------------------------------------------------------------------
total                735 965.048  100.0  23122.947   100.0 890229.741    100.0 
