============================================================
  Generated by:           Genus(TM) Synthesis Solution 25.11-s095_1
  Generated on:           Jun 13 2026  12:54:14 am
  Module:                 sysarr_32_input_fp_adder
  Library domain:         timing_condition_tt_1p2v_25c
    Domain index:         0
    Technology library:   NangateOpenCellLibrary revision 1.0
  Operating conditions:   typical 
  Interconnect mode:      global
  Area mode:              physical library
============================================================

Timing
--------

Analysis view  Clock Period 
----------------------------
view_1p2_25   clock1 1099.0 


  Analysis    Cost   Critical            Violating 
    View     Group  Path Slack    TNS      Paths   
---------------------------------------------------
view_1p2_25  clock1     -109.8 -41689.2        753 
            default   No paths      0.0          0 
---------------------------------------------------
Total                          -41689.2        753 
                                                   

Instance Count
--------------
Leaf Instance Count             28505 
Physical Instance count             0 
Sequential Instance Count        1679 
Combinational Instance Count    26826 
Hierarchical Instance Count         7 

Area
----
Cell Area                          52127.867
Physical Cell Area                 0.000
Total Cell Area (Cell+Physical)    52127.867
Net Area                           25.916
Total Area (Cell+Physical+Net)     52153.783

Power
-----
Leakage Power                      452313.883 nW
Dynamic Power                      20040215.695 nW
Total Power                        20492529.578 nW

Max Fanout                         1679 (clk)
Min Fanout                         0 (nRST)
Average Fanout                     1.8
Terms to net ratio                 2.6599
Terms to instance ratio            3.2944
Runtime                            47.431899 seconds
Elapsed Runtime                    52 seconds
Genus peak memory usage            1771.07 
Innovus peak memory usage          no_value 
Hostname                           asicfab.ecn.purdue.edu
