============================================================
  Generated by:           Genus(TM) Synthesis Solution 25.11-s095_1
  Generated on:           Jun 13 2026  11:33:20 am
  Operating conditions:   typical 
  Interconnect mode:      global
  Area mode:              physical library
============================================================

                                 Leakage      Internal                          Library 
   Gate    Instances    Area    Power (nW)   Power (nW)          Library         Domain 
----------------------------------------------------------------------------------------
AND2_X1          519   552.216   13140.059    422782.016 NangateOpenCellLibrary       0 
AND2_X2           19    25.270     987.544     44288.483 NangateOpenCellLibrary       0 
AND2_X4            3     7.182     319.562     10669.264 NangateOpenCellLibrary       0 
AND3_X1           53    70.490    1591.517     36691.101 NangateOpenCellLibrary       0 
AND3_X2            4     6.384     205.291      3841.972 NangateOpenCellLibrary       0 
AND3_X4            1     2.926     126.704      7710.825 NangateOpenCellLibrary       0 
AND4_X1           23    36.708     614.245     12498.915 NangateOpenCellLibrary       0 
AND4_X2            2     3.724      95.168       881.838 NangateOpenCellLibrary       0 
AOI211_X1         17    22.610     545.884     20284.540 NangateOpenCellLibrary       0 
AOI21_X1         432   459.648   11865.933    463199.174 NangateOpenCellLibrary       0 
AOI21_X2          28    52.136    1431.919     67088.011 NangateOpenCellLibrary       0 
AOI21_X4           3    10.374     298.491     16553.743 NangateOpenCellLibrary       0 
AOI221_X1         80   127.680    2968.141    126089.296 NangateOpenCellLibrary       0 
AOI221_X2          1     2.926      75.139      3787.848 NangateOpenCellLibrary       0 
AOI222_X1         24    51.072     921.323     28919.518 NangateOpenCellLibrary       0 
AOI22_X1         421   559.930   12220.203    332517.048 NangateOpenCellLibrary       0 
AOI22_X2           6    14.364     364.110     16357.667 NangateOpenCellLibrary       0 
BUF_X2             2     2.128      78.562      2287.666 NangateOpenCellLibrary       0 
CLKBUF_X1          2     1.596      22.409      2865.489 NangateOpenCellLibrary       0 
DFFR_X1         1495  7953.400  131621.512   9984545.678 NangateOpenCellLibrary       0 
DFF_X1           148   669.256   11673.016   1134500.284 NangateOpenCellLibrary       0 
FA_X1            786  3345.216   50840.200   3259555.641 NangateOpenCellLibrary       0 
HA_X1            164   436.240   10066.141    477087.037 NangateOpenCellLibrary       0 
INV_X1          1868   993.776   26588.108    794874.380 NangateOpenCellLibrary       0 
INV_X16            2     9.044     441.687     21450.070 NangateOpenCellLibrary       0 
INV_X2            34    27.132     985.864     36561.559 NangateOpenCellLibrary       0 
INV_X4            15    19.950     824.931     36344.406 NangateOpenCellLibrary       0 
INV_X8            10    23.940    1157.663     51438.736 NangateOpenCellLibrary       0 
MUX2_X1          680  1266.160   24450.243   1250100.281 NangateOpenCellLibrary       0 
MUX2_X2            2     4.788     139.849      9122.137 NangateOpenCellLibrary       0 
NAND2_X1        1881  1501.038   37296.345    947187.469 NangateOpenCellLibrary       0 
NAND2_X2          55    73.150    2227.901     63461.637 NangateOpenCellLibrary       0 
NAND2_X4           7    16.758     688.369     25487.038 NangateOpenCellLibrary       0 
NAND3_X1         260   276.640    8515.981    174240.514 NangateOpenCellLibrary       0 
NAND3_X2           3     5.586     139.910      4698.723 NangateOpenCellLibrary       0 
NAND3_X4           1     3.458      17.266         0.000 NangateOpenCellLibrary       0 
NAND4_X1          95   126.350    2073.962     20750.116 NangateOpenCellLibrary       0 
NAND4_X4           1     4.788      91.525      6957.014 NangateOpenCellLibrary       0 
NOR2_X1         1276  1018.248   28016.624    618318.064 NangateOpenCellLibrary       0 
NOR2_X2           37    49.210    1564.879     37160.849 NangateOpenCellLibrary       0 
NOR2_X4            5    11.970     425.483     11685.127 NangateOpenCellLibrary       0 
NOR3_X1          140   148.960    3732.826     96434.774 NangateOpenCellLibrary       0 
NOR3_X2           18    33.516    1008.370     29084.361 NangateOpenCellLibrary       0 
NOR4_X1           97   129.010    3271.555     24423.988 NangateOpenCellLibrary       0 
OAI211_X1        119   158.270    5283.877    111314.027 NangateOpenCellLibrary       0 
OAI211_X2          1     2.394     104.045      3676.812 NangateOpenCellLibrary       0 
OAI21_X1         687   730.968   20334.955    595343.780 NangateOpenCellLibrary       0 
OAI21_X2          15    27.930     844.508     27991.316 NangateOpenCellLibrary       0 
OAI21_X4           3    10.374     365.380     16402.260 NangateOpenCellLibrary       0 
OAI221_X1        211   336.756   10403.181    290903.954 NangateOpenCellLibrary       0 
OAI222_X1         60   127.680    3328.203     90943.928 NangateOpenCellLibrary       0 
OAI22_X1         521   692.930   21614.675    486793.645 NangateOpenCellLibrary       0 
OAI22_X2           1     2.394      66.299      3037.313 NangateOpenCellLibrary       0 
OAI33_X1           3     5.586     132.737      4494.202 NangateOpenCellLibrary       0 
OR2_X1           407   433.048    9321.968    424470.468 NangateOpenCellLibrary       0 
OR2_X2             3     3.990     138.589      5195.598 NangateOpenCellLibrary       0 
OR3_X1            96   127.680    2401.363     62116.014 NangateOpenCellLibrary       0 
OR3_X2             1     1.596      50.761         0.000 NangateOpenCellLibrary       0 
OR4_X1            73   116.508    2030.982     22129.861 NangateOpenCellLibrary       0 
SDFFR_X1          35   232.750    3733.609    277189.757 NangateOpenCellLibrary       0 
SDFF_X1            1     6.118      98.230      8046.285 NangateOpenCellLibrary       0 
XNOR2_X1         408   651.168   15692.219    605513.351 NangateOpenCellLibrary       0 
XNOR2_X2          62   164.920    4519.938    252858.621 NangateOpenCellLibrary       0 
XOR2_X1          252   402.192    9440.944    413502.285 NangateOpenCellLibrary       0 
XOR2_X2           17    40.698    1194.992     76209.669 NangateOpenCellLibrary       0 
----------------------------------------------------------------------------------------
total          13696 24432.898  506833.870  24512917.446                                
                                            Leakage  Leakage   Internal   Internal 
     Type      Instances    Area   Area % Power (nW) Power %  Power (nW)   Power % 
-----------------------------------------------------------------------------------
sequential          1679  8861.524   36.3 147126.368    29.0 11404282.005     46.5 
inverter            1929  1073.842    4.4  29998.252     5.9   940669.152      3.8 
buffer                 4     3.724    0.0    100.970     0.0     5153.155      0.0 
logic              10084 14493.808   59.3 329608.280    65.0 12162813.134     49.6 
physical_cells         0     0.000    0.0      0.000     0.0        0.000      0.0 
-----------------------------------------------------------------------------------
total              13696 24432.898  100.0 506833.870   100.0 24512917.446    100.0 
