============================================================
  Generated by:           Genus(TM) Synthesis Solution 25.11-s095_1
  Generated on:           May 24 2026  01:42:32 pm
  Module:                 sysarr_32_input_fp_adder
  Operating conditions:   typical 
  Interconnect mode:      global
  Area mode:              physical library
============================================================


Path 1: MET (0 ps) Setup Check with Pin aligner_inst_aligned_mant_out_reg[4][26]/CK->D
           View: view_1p2_25
          Group: clock1
     Startpoint: (R) aligner_inst_max_l3_n1_r_reg[0]/CK
          Clock: (R) clock1
       Endpoint: (R) aligner_inst_aligned_mant_out_reg[4][26]/D
          Clock: (R) clock1

                     Capture       Launch     
        Clock Edge:+    1000            0     
       Src Latency:+       0            0     
       Net Latency:+       0 (I)        0 (I) 
           Arrival:=    1000            0     
                                              
             Setup:-      35                  
       Uncertainty:-       0                  
     Required Time:=     965                  
      Launch Clock:-       0                  
         Data Path:-     965                  
             Slack:=       0                  

Launch clock path:
#-----------------------------------------------------------------------------------------------------------
#           Timing Point             Flags   Arc   Edge   Cell     Fanout Load Trans Delay Arrival Instance 
#                                                                         (fF)  (ps)  (ps)   (ps)  Location 
#-----------------------------------------------------------------------------------------------------------
  clk                                (i)     -     R     (arrival)   1932  0.0     0     0       0    (-,-) 
  clk                                -       -     -     (net)          -    -     -     -       -    (-,-) 
  clk                                -       -     -     (net)          -    -     -     -       -    (-,-) 
  aligner_inst_max_l3_n1_r_reg[0]/CK <<<     -     R     DFFR_X1     1932    -     1     0       0    (-,-) 
#-----------------------------------------------------------------------------------------------------------

#--------------------------------------------------------------------------------------------------------------------
#               Timing Point                 Flags    Arc   Edge   Cell     Fanout Load Trans Delay Arrival Instance 
#                                                                                  (fF)  (ps)  (ps)   (ps)  Location 
#--------------------------------------------------------------------------------------------------------------------
  aligner_inst_max_l3_n1_r_reg[0]/CK         -       -      R     (arrival)   1932    -     1     0       0    (-,-) 
  aligner_inst_max_l3_n1_r_reg[0]/QN         -       CK->QN F     DFFR_X1        2  3.5    14    69      69    (-,-) 
  aligner_inst_max_l3_n1_r[0]                -       -      -     (net)          -    -     -     -       -    (-,-) 
  g399149/ZN                                 -       A->ZN  R     INV_X1         1  1.9     9    16      85    (-,-) 
  n_3145                                     -       -      -     (net)          -    -     -     -       -    (-,-) 
  g399113/ZN                                 -       A1->ZN F     NAND2_X1       1  3.2    10    16     100    (-,-) 
  n_3154                                     -       -      -     (net)          -    -     -     -       -    (-,-) 
  g399111/ZN                                 -       A1->ZN R     NAND2_X2       1  3.3    10    15     115    (-,-) 
  n_3155                                     -       -      -     (net)          -    -     -     -       -    (-,-) 
  g399105/ZN                                 -       A1->ZN F     NAND3_X2       2  4.9    13    21     136    (-,-) 
  n_3161                                     -       -      -     (net)          -    -     -     -       -    (-,-) 
  g2239/ZN                                   -       A1->ZN R     NAND2_X1       1  3.4    13    21     157    (-,-) 
  n_20466                                    -       -      -     (net)          -    -     -     -       -    (-,-) 
  g2230/ZN                                   -       A1->ZN F     NAND2_X2       1  6.5    10    18     174    (-,-) 
  n_20469                                    -       -      -     (net)          -    -     -     -       -    (-,-) 
  g2227/ZN                                   -       A1->ZN R     NAND3_X4       3 12.9    15    20     195    (-,-) 
  n_20482                                    -       -      -     (net)          -    -     -     -       -    (-,-) 
  g2225/ZN                                   -       A1->ZN F     NAND2_X2       1  6.0    10    18     213    (-,-) 
  n_20490                                    -       -      -     (net)          -    -     -     -       -    (-,-) 
  g2224/ZN                                   -       A->ZN  R     INV_X4         2 12.5    10    17     230    (-,-) 
  n_20491                                    -       -      -     (net)          -    -     -     -       -    (-,-) 
  g407175/ZN                                 -       A1->ZN F     NAND2_X4       2  7.7     8    13     243    (-,-) 
  n_20633                                    -       -      -     (net)          -    -     -     -       -    (-,-) 
  g407494/ZN                                 -       A1->ZN R     NAND2_X4       1 25.5    20    25     268    (-,-) 
  n_20970                                    -       -      -     (net)          -    -     -     -       -    (-,-) 
  g407493/ZN                                 -       A->ZN  F     INV_X16       26 74.8     9    16     284    (-,-) 
  n_20971                                    -       -      -     (net)          -    -     -     -       -    (-,-) 
  g14/ZN                                     -       A->ZN  R     INV_X8        12 31.7    12    20     304    (-,-) 
  n_20593                                    -       -      -     (net)          -    -     -     -       -    (-,-) 
  g406514/ZN                                 -       A->ZN  F     INV_X8         9 24.6     6    12     315    (-,-) 
  n_19260                                    -       -      -     (net)          -    -     -     -       -    (-,-) 
  g398169/ZN                                 -       A->ZN  F     XNOR2_X2       3  9.4    15    41     356    (-,-) 
  n_3717                                     -       -      -     (net)          -    -     -     -       -    (-,-) 
  fopt403088/ZN                              -       A->ZN  R     INV_X1         2  3.8    12    21     377    (-,-) 
  n_15547                                    -       -      -     (net)          -    -     -     -       -    (-,-) 
  g397519/ZN                                 -       A1->ZN F     NAND2_X1       1  5.9    14    23     400    (-,-) 
  n_4091                                     -       -      -     (net)          -    -     -     -       -    (-,-) 
  g397304/ZN                                 -       A2->ZN R     NAND2_X4       7 15.9    14    25     425    (-,-) 
  n_4361                                     -       -      -     (net)          -    -     -     -       -    (-,-) 
  g396893/ZN                                 -       A->ZN  F     INV_X4         8 14.3     7    12     437    (-,-) 
  n_4655                                     -       -      -     (net)          -    -     -     -       -    (-,-) 
  g396277/Z                                  -       S->Z   R     MUX2_X1        3  4.8    15    57     494    (-,-) 
  n_5301                                     -       -      -     (net)          -    -     -     -       -    (-,-) 
  g395523/Z                                  -       B->Z   R     MUX2_X1        2  3.8    13    44     538    (-,-) 
  n_5967                                     -       -      -     (net)          -    -     -     -       -    (-,-) 
  g394581/ZN                                 -       B1->ZN F     OAI21_X1       2  3.5    13    19     557    (-,-) 
  n_6736                                     -       -      -     (net)          -    -     -     -       -    (-,-) 
  g393937/ZN                                 -       A2->ZN R     NAND2_X1       2  3.9    14    24     581    (-,-) 
  n_7271                                     -       -      -     (net)          -    -     -     -       -    (-,-) 
  g402380/ZN                                 -       A3->ZN R     AND3_X2        2  5.3    12    46     627    (-,-) 
  n_119                                      -       -      -     (net)          -    -     -     -       -    (-,-) 
  g392614/ZN                                 -       A1->ZN F     NAND2_X2       2  7.6    11    18     645    (-,-) 
  n_8581                                     -       -      -     (net)          -    -     -     -       -    (-,-) 
  g392118/ZN                                 -       A1->ZN R     NOR2_X4        2  5.3    15    22     667    (-,-) 
  n_9017                                     -       -      -     (net)          -    -     -     -       -    (-,-) 
  g391626/ZN                                 -       A1->ZN F     NAND2_X2       3  8.8    12    21     688    (-,-) 
  n_9481                                     -       -      -     (net)          -    -     -     -       -    (-,-) 
  g391270/ZN                                 -       A1->ZN R     NOR2_X4        2  8.2    17    26     715    (-,-) 
  n_9765                                     -       -      -     (net)          -    -     -     -       -    (-,-) 
  g390967/ZN                                 -       A1->ZN F     NAND2_X4       5 12.0    12    18     733    (-,-) 
  n_10018                                    -       -      -     (net)          -    -     -     -       -    (-,-) 
  g390763_0/ZN                               -       A1->ZN R     NOR2_X4        1  6.3    15    24     757    (-,-) 
  n_16071                                    -       -      -     (net)          -    -     -     -       -    (-,-) 
  g390618/ZN                                 -       A1->ZN F     NAND2_X4       3  8.8    11    16     773    (-,-) 
  n_10291                                    -       -      -     (net)          -    -     -     -       -    (-,-) 
  g390517/ZN                                 -       A1->ZN R     NOR2_X4        2  8.2    17    26     798    (-,-) 
  n_10374                                    -       -      -     (net)          -    -     -     -       -    (-,-) 
  g404919/ZN                                 -       A1->ZN F     NAND2_X4       4 10.9    11    18     816    (-,-) 
  n_17608                                    -       -      -     (net)          -    -     -     -       -    (-,-) 
  g390244_dup/ZN                             -       A1->ZN R     NOR2_X4        2  5.2    14    22     838    (-,-) 
  n_17613                                    -       -      -     (net)          -    -     -     -       -    (-,-) 
  g404925/ZN                                 -       A1->ZN F     NAND2_X2       3  6.4    11    18     856    (-,-) 
  n_17614                                    -       -      -     (net)          -    -     -     -       -    (-,-) 
  g389927/ZN                                 -       A1->ZN R     NOR2_X2        3  5.6    21    30     886    (-,-) 
  n_10837                                    -       -      -     (net)          -    -     -     -       -    (-,-) 
  g389080/ZN                                 -       A1->ZN F     NAND2_X1       1  3.2    11    20     905    (-,-) 
  n_11484                                    -       -      -     (net)          -    -     -     -       -    (-,-) 
  g388842/ZN                                 -       A1->ZN R     NAND2_X2       3  6.2    20    19     924    (-,-) 
  n_11777                                    -       -      -     (net)          -    -     -     -       -    (-,-) 
  g387700/ZN                                 -       A->ZN  R     XNOR2_X1       1  1.4    17    40     965    (-,-) 
  n_12672                                    -       -      -     (net)          -    -     -     -       -    (-,-) 
  aligner_inst_aligned_mant_out_reg[4][26]/D <<<     -      R     DFFR_X1        1    -     -     0     965    (-,-) 
#--------------------------------------------------------------------------------------------------------------------

Capture clock path:
#--------------------------------------------------------------------------------------------------------------------
#                Timing Point                 Flags   Arc   Edge   Cell     Fanout Load Trans Delay Arrival Instance 
#                                                                                  (fF)  (ps)  (ps)   (ps)  Location 
#--------------------------------------------------------------------------------------------------------------------
  clk                                         (i)     -     R     (arrival)   1932  0.0     0     0    1000    (-,-) 
  clk                                         -       -     -     (net)          -    -     -     -       -    (-,-) 
  clk                                         -       -     -     (net)          -    -     -     -       -    (-,-) 
  aligner_inst_aligned_mant_out_reg[4][26]/CK <<<     -     R     DFFR_X1     1932    -     1     0    1000    (-,-) 
#--------------------------------------------------------------------------------------------------------------------


