============================================================
  Generated by:           Genus(TM) Synthesis Solution 25.11-s095_1
  Generated on:           May 25 2026  10:23:39 am
  Operating conditions:   typical 
  Interconnect mode:      global
  Area mode:              physical library
============================================================

                                 Leakage      Internal                          Library 
   Gate    Instances    Area    Power (nW)   Power (nW)          Library         Domain 
----------------------------------------------------------------------------------------
AND2_X1          523   556.472   13117.415    538441.012 NangateOpenCellLibrary       0 
AND2_X2           53    70.490    2858.507    195509.644 NangateOpenCellLibrary       0 
AND2_X4            7    16.758     766.561     59248.136 NangateOpenCellLibrary       0 
AND3_X1           70    93.100    2069.414     98980.428 NangateOpenCellLibrary       0 
AND3_X2            8    12.768     431.862     13440.978 NangateOpenCellLibrary       0 
AND3_X4            2     5.852     220.851     10450.949 NangateOpenCellLibrary       0 
AND4_X1           32    51.072     844.676     18183.940 NangateOpenCellLibrary       0 
AND4_X2            3     5.586     193.591      6274.926 NangateOpenCellLibrary       0 
AOI211_X1          8    10.640     267.686     13936.858 NangateOpenCellLibrary       0 
AOI211_X2          1     2.394      91.998       186.918 NangateOpenCellLibrary       0 
AOI211_X4          1     2.926     107.807      9784.983 NangateOpenCellLibrary       0 
AOI21_X1         494   525.616   14007.124    670008.228 NangateOpenCellLibrary       0 
AOI21_X2          55   102.410    3098.639    168106.650 NangateOpenCellLibrary       0 
AOI21_X4           8    27.664     822.919     35601.663 NangateOpenCellLibrary       0 
AOI221_X1         72   114.912    2720.055    146545.156 NangateOpenCellLibrary       0 
AOI221_X2          2     5.852     142.784     10369.486 NangateOpenCellLibrary       0 
AOI222_X1         20    42.560     997.351     39295.304 NangateOpenCellLibrary       0 
AOI22_X1         374   497.420   10341.832    425309.143 NangateOpenCellLibrary       0 
AOI22_X2          12    28.728     639.422     33906.404 NangateOpenCellLibrary       0 
AOI22_X4           2     9.044     259.057     18499.938 NangateOpenCellLibrary       0 
BUF_X2             3     3.192     128.191     11657.216 NangateOpenCellLibrary       0 
BUF_X4             1     1.862      85.739      8786.228 NangateOpenCellLibrary       0 
BUF_X8             1     3.458     172.727     17143.259 NangateOpenCellLibrary       0 
CLKBUF_X1          2     1.596      24.799      2023.081 NangateOpenCellLibrary       0 
DFFR_X1         2164 11512.480  190748.819  18186820.114 NangateOpenCellLibrary       0 
DFFR_X2            3    17.556     399.520     45638.175 NangateOpenCellLibrary       0 
DFF_X1           164   741.608   12928.904   1592005.900 NangateOpenCellLibrary       0 
FA_X1            675  2872.800   43274.861   3797791.184 NangateOpenCellLibrary       0 
HA_X1             96   255.360    5745.435    384029.903 NangateOpenCellLibrary       0 
INV_X1          2016  1072.512   28591.525   1248142.487 NangateOpenCellLibrary       0 
INV_X16            2     9.044     452.270     32956.952 NangateOpenCellLibrary       0 
INV_X2           101    80.598    2810.803    153926.507 NangateOpenCellLibrary       0 
INV_X4            53    70.490    2983.310    181881.402 NangateOpenCellLibrary       0 
INV_X8            13    31.122    1466.543     89498.318 NangateOpenCellLibrary       0 
MUX2_X1          480   893.760   17332.621   1294634.883 NangateOpenCellLibrary       0 
MUX2_X2            9    21.546     626.405     56334.819 NangateOpenCellLibrary       0 
NAND2_X1        2249  1794.702   43917.391   1750044.275 NangateOpenCellLibrary       0 
NAND2_X2         204   271.320    8273.020    376725.913 NangateOpenCellLibrary       0 
NAND2_X4          43   102.942    4117.696    175924.878 NangateOpenCellLibrary       0 
NAND3_X1         282   300.048    6689.099    226456.706 NangateOpenCellLibrary       0 
NAND3_X2          25    46.550    1817.270     51081.859 NangateOpenCellLibrary       0 
NAND3_X4           2     6.916     415.318     13817.319 NangateOpenCellLibrary       0 
NAND4_X1          88   117.040    1835.049     26742.735 NangateOpenCellLibrary       0 
NAND4_X2           5    11.970     464.775     17455.067 NangateOpenCellLibrary       0 
NOR2_X1         1454  1160.292   31656.673   1135218.345 NangateOpenCellLibrary       0 
NOR2_X2          175   232.750    7240.447    339365.621 NangateOpenCellLibrary       0 
NOR2_X4           37    88.578    3031.747    152589.504 NangateOpenCellLibrary       0 
NOR3_X1          121   128.744    3355.450     95739.275 NangateOpenCellLibrary       0 
NOR3_X2            4     7.448     235.161     10377.147 NangateOpenCellLibrary       0 
NOR3_X4            1     3.724     112.092      6427.358 NangateOpenCellLibrary       0 
NOR4_X1           74    98.420    2542.733     25622.030 NangateOpenCellLibrary       0 
NOR4_X2            1     2.394      55.168      3988.797 NangateOpenCellLibrary       0 
OAI211_X1        178   236.740    8048.046    231048.218 NangateOpenCellLibrary       0 
OAI211_X2          3     7.182     124.968      8339.769 NangateOpenCellLibrary       0 
OAI211_X4          1     4.522      94.153      6535.127 NangateOpenCellLibrary       0 
OAI21_X1         822   874.608   24375.850   1049175.247 NangateOpenCellLibrary       0 
OAI21_X2          72   134.064    3804.661    199259.397 NangateOpenCellLibrary       0 
OAI21_X4          24    82.992    2736.256    162834.302 NangateOpenCellLibrary       0 
OAI221_X1        148   236.208    6923.617    245025.069 NangateOpenCellLibrary       0 
OAI221_X2          2     5.852     236.509      8588.559 NangateOpenCellLibrary       0 
OAI222_X1         76   161.728    4100.312    158048.633 NangateOpenCellLibrary       0 
OAI22_X1         604   803.320   25957.622    769547.107 NangateOpenCellLibrary       0 
OAI22_X2          12    28.728     970.217     42713.499 NangateOpenCellLibrary       0 
OAI22_X4           2     9.044     292.591     14159.470 NangateOpenCellLibrary       0 
OAI33_X1           2     3.724      89.648      4660.797 NangateOpenCellLibrary       0 
OR2_X1           537   571.368   12465.060    766358.270 NangateOpenCellLibrary       0 
OR2_X2            25    33.250    1158.085     73516.918 NangateOpenCellLibrary       0 
OR2_X4             1     2.394      93.946      2171.779 NangateOpenCellLibrary       0 
OR3_X1            82   109.060    2091.756     88150.754 NangateOpenCellLibrary       0 
OR3_X2             1     1.596      50.457         0.000 NangateOpenCellLibrary       0 
OR4_X1            98   156.408    2762.761     34036.062 NangateOpenCellLibrary       0 
SDFFRS_X1          5    38.570     621.694     71931.592 NangateOpenCellLibrary       0 
SDFFR_X1          50   332.500    5313.331    760259.253 NangateOpenCellLibrary       0 
SDFF_X1            1     6.118      98.534      9038.002 NangateOpenCellLibrary       0 
XNOR2_X1         527   841.092   20159.869   1101361.795 NangateOpenCellLibrary       0 
XNOR2_X2          69   183.540    5074.047    390730.871 NangateOpenCellLibrary       0 
XOR2_X1          294   469.224   11377.571    635135.495 NangateOpenCellLibrary       0 
XOR2_X2            1     2.394      73.607      5710.938 NangateOpenCellLibrary       0 
----------------------------------------------------------------------------------------
total          15932 29481.312  616626.282  40861264.926                                
                                            Leakage  Leakage   Internal   Internal 
     Type      Instances    Area   Area % Power (nW) Power %  Power (nW)   Power % 
-----------------------------------------------------------------------------------
sequential          2387 12648.832   42.9 210110.802    34.1 20665693.035     50.6 
inverter            2185  1263.766    4.3  36304.452     5.9  1706405.667      4.2 
buffer                 7    10.108    0.0    411.456     0.1    39609.784      0.1 
logic              11353 15558.606   52.8 369799.572    60.0 18449556.440     45.2 
physical_cells         0     0.000    0.0      0.000     0.0        0.000      0.0 
-----------------------------------------------------------------------------------
total              15932 29481.312  100.0 616626.282   100.0 40861264.926    100.0 
