============================================================
  Generated by:           Genus(TM) Synthesis Solution 25.11-s095_1
  Generated on:           Mar 10 2026  11:52:38 am
  Operating conditions:   typical 
  Interconnect mode:      global
  Area mode:              physical library
============================================================

                         Leakage   Internal          Library 
 Gate  Instances  Area Power (nW) Power (nW) Library  Domain 
-------------------------------------------------------------
-------------------------------------------------------------
total          0 0.000      0.000      0.000                 
                                        Leakage  Leakage   Internal  Internal 
     Type      Instances  Area Area % Power (nW) Power %  Power (nW)  Power % 
------------------------------------------------------------------------------
sequential            68 0.000    0.0   5379.637    15.1  227597.653     21.1 
inverter               2 0.000    0.0     28.684     0.1     246.536      0.0 
logic               2965 0.000    0.0  30332.226    84.9  850552.313     78.9 
physical_cells         0 0.000    0.0      0.000     0.0       0.000      0.0 
------------------------------------------------------------------------------
total               3035 0.000    0.0  35740.547   100.0 1078396.502    100.0 
