============================================================
  Generated by:           Genus(TM) Synthesis Solution 25.11-s095_1
  Generated on:           May 24 2026  07:28:28 am
  Module:                 sysarr_32_input_fp_adder
  Operating conditions:   typical 
  Interconnect mode:      global
  Area mode:              physical library
============================================================


Path 1: MET (0 ps) Setup Check with Pin abs_sum_reg[23]/CK->D
           View: view_1p2_25
          Group: clock1
     Startpoint: (R) adder_tree_inst_s0_g5_r_reg[10]/CK
          Clock: (R) clock1
       Endpoint: (F) abs_sum_reg[23]/D
          Clock: (R) clock1

                     Capture       Launch     
        Clock Edge:+    1000            0     
       Src Latency:+       0            0     
       Net Latency:+       0 (I)        0 (I) 
           Arrival:=    1000            0     
                                              
             Setup:-      40                  
       Uncertainty:-       0                  
     Required Time:=     960                  
      Launch Clock:-       0                  
         Data Path:-     960                  
             Slack:=       0                  

Launch clock path:
#-----------------------------------------------------------------------------------------------------------
#           Timing Point             Flags   Arc   Edge   Cell     Fanout Load Trans Delay Arrival Instance 
#                                                                         (fF)  (ps)  (ps)   (ps)  Location 
#-----------------------------------------------------------------------------------------------------------
  clk                                (i)     -     R     (arrival)   2079  0.0     0     0       0    (-,-) 
  clk                                -       -     -     (net)          -    -     -     -       -    (-,-) 
  clk                                -       -     -     (net)          -    -     -     -       -    (-,-) 
  adder_tree_inst_s0_g5_r_reg[10]/CK <<<     -     R     DFFR_X1     2079    -     1     0       0    (-,-) 
#-----------------------------------------------------------------------------------------------------------

#------------------------------------------------------------------------------------------------------------------------------
#                    Timing Point                      Flags    Arc   Edge   Cell     Fanout Load Trans Delay Arrival Instance 
#                                                                                            (fF)  (ps)  (ps)   (ps)  Location 
#------------------------------------------------------------------------------------------------------------------------------
  adder_tree_inst_s0_g5_r_reg[10]/CK                   -       -      R     (arrival)   2079    -     1     0       0    (-,-) 
  adder_tree_inst_s0_g5_r_reg[10]/Q                    -       CK->Q  F     DFFR_X1        2  3.6     9    88      88    (-,-) 
  adder_tree_inst_s0_g5_r[10]                          -       -      -     (net)          -    -     -     -       -    (-,-) 
  csa_tree_adder_tree_inst_add_159_50_g29891/ZN        -       B2->ZN R     OAI21_X1       1  3.4    26    40     128    (-,-) 
  csa_tree_adder_tree_inst_add_159_50_n_1273           -       -      -     (net)          -    -     -     -       -    (-,-) 
  csa_tree_adder_tree_inst_add_159_50_g29643/ZN        -       A1->ZN F     NAND2_X2       2  7.5    13    23     151    (-,-) 
  csa_tree_adder_tree_inst_add_159_50_n_1503           -       -      -     (net)          -    -     -     -       -    (-,-) 
  g405669/S                                            -       A->S   R     FA_X1          2  4.6    17   121     272    (-,-) 
  n_16864                                              -       -      -     (net)          -    -     -     -       -    (-,-) 
  csa_tree_adder_tree_inst_add_159_50_g405100/ZN       -       A->ZN  F     OAI21_X1       1  3.2    13    24     296    (-,-) 
  n_16284                                              -       -      -     (net)          -    -     -     -       -    (-,-) 
  csa_tree_adder_tree_inst_add_159_50_g405099/ZN       -       A1->ZN R     NAND2_X2       3  6.2    13    20     316    (-,-) 
  n_16286                                              -       -      -     (net)          -    -     -     -       -    (-,-) 
  csa_tree_adder_tree_inst_add_159_50_g405098/ZN       -       A->ZN  F     INV_X1         1  1.8     5     8     324    (-,-) 
  n_16287                                              -       -      -     (net)          -    -     -     -       -    (-,-) 
  csa_tree_adder_tree_inst_add_159_50_g28231/ZN        -       A1->ZN R     NAND2_X1       1  1.9    10    13     337    (-,-) 
  csa_tree_adder_tree_inst_add_159_50_n_2464           -       -      -     (net)          -    -     -     -       -    (-,-) 
  csa_tree_adder_tree_inst_add_159_50_g28070/ZN        -       A1->ZN F     NAND2_X1       1  1.8     9    13     350    (-,-) 
  csa_tree_adder_tree_inst_add_159_50_n_2590           -       -      -     (net)          -    -     -     -       -    (-,-) 
  csa_tree_adder_tree_inst_add_159_50_g28039/ZN        -       A1->ZN R     NAND2_X1       2  3.9    14    20     370    (-,-) 
  csa_tree_adder_tree_inst_add_159_50_n_2618           -       -      -     (net)          -    -     -     -       -    (-,-) 
  csa_tree_adder_tree_inst_add_159_50_g27983/ZN        -       A->ZN  F     INV_X1         1  4.7     8    14     384    (-,-) 
  csa_tree_adder_tree_inst_add_159_50_n_2655           -       -      -     (net)          -    -     -     -       -    (-,-) 
  csa_tree_adder_tree_inst_add_159_50_g27930/ZN        -       B->ZN  F     XNOR2_X2       1  3.0    10    36     420    (-,-) 
  csa_tree_adder_tree_inst_add_159_50_n_2705           -       -      -     (net)          -    -     -     -       -    (-,-) 
  csa_tree_adder_tree_inst_add_159_50_g27846/S         -       CI->S  R     FA_X1          2  7.1    22   123     543    (-,-) 
  n_14320                                              -       -      -     (net)          -    -     -     -       -    (-,-) 
  fopt403560/ZN                                        -       A->ZN  F     INV_X2         1  6.0     8    12     555    (-,-) 
  n_14321                                              -       -      -     (net)          -    -     -     -       -    (-,-) 
  fopt403557/ZN                                        -       A->ZN  R     INV_X4         7 15.6    12    18     573    (-,-) 
  n_14318                                              -       -      -     (net)          -    -     -     -       -    (-,-) 
  final_adder_adder_tree_inst_add_159_50_g2142/ZN      -       A1->ZN F     NAND2_X2       2  4.9    13    15     589    (-,-) 
  final_adder_adder_tree_inst_add_159_50_n_92          -       -      -     (net)          -    -     -     -       -    (-,-) 
  final_adder_adder_tree_inst_add_159_50_g2075/ZN      -       A->ZN  R     OAI21_X2       1  6.6    26    26     614    (-,-) 
  final_adder_adder_tree_inst_add_159_50_n_144         -       -      -     (net)          -    -     -     -       -    (-,-) 
  final_adder_adder_tree_inst_add_159_50_g2070/ZN      -       A->ZN  F     INV_X4         2  7.6     8    10     625    (-,-) 
  final_adder_adder_tree_inst_add_159_50_n_146         -       -      -     (net)          -    -     -     -       -    (-,-) 
  final_adder_adder_tree_inst_add_159_50_g2054/ZN      -       B1->ZN R     OAI21_X4       1  6.7    18    26     651    (-,-) 
  final_adder_adder_tree_inst_add_159_50_n_166         -       -      -     (net)          -    -     -     -       -    (-,-) 
  final_adder_adder_tree_inst_add_159_50_g2045/ZN      -       B1->ZN F     AOI21_X4       1  6.9     9    17     668    (-,-) 
  final_adder_adder_tree_inst_add_159_50_n_176         -       -      -     (net)          -    -     -     -       -    (-,-) 
  final_adder_adder_tree_inst_add_159_50_g2017/ZN      -       A2->ZN R     NAND3_X4       2 10.0    14    20     689    (-,-) 
  final_adder_adder_tree_inst_add_159_50_n_200         -       -      -     (net)          -    -     -     -       -    (-,-) 
  final_adder_adder_tree_inst_add_159_50_fopt2217/ZN   -       A->ZN  F     INV_X2         1  6.0     6    11     700    (-,-) 
  final_adder_adder_tree_inst_add_159_50_n_12          -       -      -     (net)          -    -     -     -       -    (-,-) 
  final_adder_adder_tree_inst_add_159_50_fopt404556/ZN -       A->ZN  R     INV_X4         3  7.6     7    12     712    (-,-) 
  n_15712                                              -       -      -     (net)          -    -     -     -       -    (-,-) 
  final_adder_adder_tree_inst_add_159_50_g405078/ZN    -       B1->ZN F     AOI21_X2       2  3.9     8    13     725    (-,-) 
  n_16268                                              -       -      -     (net)          -    -     -     -       -    (-,-) 
  final_adder_adder_tree_inst_add_159_50_g404558/ZN    -       A1->ZN R     NOR2_X2        2  3.0    15    22     747    (-,-) 
  n_15716                                              -       -      -     (net)          -    -     -     -       -    (-,-) 
  final_adder_adder_tree_inst_add_159_50_g1992/ZN      -       A1->ZN F     NAND2_X1       1  3.2    10    18     765    (-,-) 
  final_adder_adder_tree_inst_add_159_50_n_223         -       -      -     (net)          -    -     -     -       -    (-,-) 
  final_adder_adder_tree_inst_add_159_50_g1979/ZN      -       A1->ZN R     NAND2_X2       2  5.8    12    18     783    (-,-) 
  final_adder_adder_tree_inst_add_159_50_n_232         -       -      -     (net)          -    -     -     -       -    (-,-) 
  final_adder_adder_tree_inst_add_159_50_g1971/ZN      -       A1->ZN F     NAND2_X2       1  3.2     7    13     796    (-,-) 
  final_adder_adder_tree_inst_add_159_50_n_240         -       -      -     (net)          -    -     -     -       -    (-,-) 
  final_adder_adder_tree_inst_add_159_50_g1962/ZN      -       A1->ZN R     NAND2_X2       1  4.3    11    15     811    (-,-) 
  final_adder_adder_tree_inst_add_159_50_n_248         -       -      -     (net)          -    -     -     -       -    (-,-) 
  final_adder_adder_tree_inst_add_159_50_g1957/ZN      -       A->ZN  R     XNOR2_X2       1  2.2    16    35     846    (-,-) 
  n_13986                                              -       -      -     (net)          -    -     -     -       -    (-,-) 
  g211282__4319/Z                                      -       S->Z   F     MUX2_X1        1  3.2    12    64     910    (-,-) 
  n_13267                                              -       -      -     (net)          -    -     -     -       -    (-,-) 
  g211248__6417/ZN                                     -       A->ZN  R     AOI21_X2       1  1.9    18    36     946    (-,-) 
  n_13300                                              -       -      -     (net)          -    -     -     -       -    (-,-) 
  g211201__1666/ZN                                     -       A1->ZN F     NAND2_X1       1  1.4     8    14     960    (-,-) 
  n_13346                                              -       -      -     (net)          -    -     -     -       -    (-,-) 
  abs_sum_reg[23]/D                                    <<<     -      F     DFF_X1         1    -     -     0     960    (-,-) 
#------------------------------------------------------------------------------------------------------------------------------

Capture clock path:
#-------------------------------------------------------------------------------------------
#   Timing Point     Flags   Arc   Edge   Cell     Fanout Load Trans Delay Arrival Instance 
#                                                         (fF)  (ps)  (ps)   (ps)  Location 
#-------------------------------------------------------------------------------------------
  clk                (i)     -     R     (arrival)   2079  0.0     0     0    1000    (-,-) 
  clk                -       -     -     (net)          -    -     -     -       -    (-,-) 
  clk                -       -     -     (net)          -    -     -     -       -    (-,-) 
  abs_sum_reg[23]/CK <<<     -     R     DFF_X1      2079    -     1     0    1000    (-,-) 
#-------------------------------------------------------------------------------------------


