============================================================
  Generated by:           Genus(TM) Synthesis Solution 25.11-s095_1
  Generated on:           Mar 10 2026  09:40:28 pm
  Module:                 add_fp16
  Library domain:         timing_condition_tt_1p2v_25c
    Domain index:         0
    Technology library:   NangateOpenCellLibrary revision 1.0
  Operating conditions:   typical 
  Interconnect mode:      global
  Area mode:              physical library
============================================================

Timing
--------

Analysis view  Clock Period 
----------------------------
view_1p2_25   clock1 1587.0 


  Analysis    Cost   Critical        Violating 
    View     Group  Path Slack  TNS    Paths   
-----------------------------------------------
view_1p2_25  clock1      251.8  0.0          0 
            default   No paths  0.0          0 
-----------------------------------------------
Total                          -0.0          0 
                                               

Instance Count
--------------
Leaf Instance Count             4247 
Physical Instance count            0 
Sequential Instance Count        100 
Combinational Instance Count    4147 
Hierarchical Instance Count        8 

Area
----
Cell Area                          7167.871
Physical Cell Area                 0.000
Total Cell Area (Cell+Physical)    7167.871
Net Area                           26.725
Total Area (Cell+Physical+Net)     7194.596

Power
-----
Leakage Power                      56537.850 nW
Dynamic Power                      1562719.939 nW
Total Power                        1619257.789 nW

Max Fanout                         100 (clk)
Min Fanout                         0 (n_553)
Average Fanout                     2.0
Terms to net ratio                 3.0669
Terms to instance ratio            3.1175
Runtime                            46.959989 seconds
Elapsed Runtime                    53 seconds
Genus peak memory usage            1743.79 
Innovus peak memory usage          no_value 
Hostname                           asicfab.ecn.purdue.edu
