============================================================
  Generated by:           Genus(TM) Synthesis Solution 25.11-s095_1
  Generated on:           Mar 10 2026  09:40:33 pm
  Module:                 add_fp16
  Operating conditions:   typical 
  Interconnect mode:      global
  Area mode:              physical library
============================================================


Path 1: MET (252 ps) Setup Check with Pin fp_out_reg[0]/clk->d
           View: view_1p2_25
          Group: clock1
     Startpoint: (R) signs_differ_l_reg/clk
          Clock: (R) clock1
       Endpoint: (R) fp_out_reg[0]/d
          Clock: (R) clock1

                     Capture       Launch     
        Clock Edge:+    1587            0     
       Src Latency:+       0            0     
       Net Latency:+       0 (I)        0 (I) 
           Arrival:=    1587            0     
                                              
             Setup:-      38                  
       Uncertainty:-       0                  
     Required Time:=    1549                  
      Launch Clock:-       0                  
         Data Path:-    1298                  
             Slack:=     252                  

Launch clock path:
#-----------------------------------------------------------------------------------------------------
#     Timing Point       Flags   Arc   Edge      Cell        Fanout Load Trans Delay Arrival Instance 
#                                                                   (fF)  (ps)  (ps)   (ps)  Location 
#-----------------------------------------------------------------------------------------------------
  clk                    (i,u)   -     R     (arrival)          100  0.0     0     0       0    (-,-) 
  clk                    -       -     -     (net)                -    -     -     -       -    (-,-) 
  clk                    -       -     -     (net)                -    -     -     -       -    (-,-) 
  signs_differ_l_reg/clk <<<     -     R     unmapped_d_flop    100    -     1     0       0    (-,-) 
#-----------------------------------------------------------------------------------------------------

#-----------------------------------------------------------------------------------------------------------------
#         Timing Point          Flags    Arc    Edge       Cell         Fanout  Load Trans Delay Arrival Instance 
#                                                                               (fF)  (ps)  (ps)   (ps)  Location 
#-----------------------------------------------------------------------------------------------------------------
  signs_differ_l_reg/clk        -       -       R     (arrival)            100     -     1     0       0    (-,-) 
  signs_differ_l_reg/q          (u)     clk->q  R     unmapped_d_flop       96 345.6     0   164     164    (-,-) 
  signs_differ_l                -       -       -     (net)                  -     -     -     -       -    (-,-) 
  g10193/z                      (u)     in_0->z F     unmapped_complex2      3   9.6     0    22     186    (-,-) 
  n_12192                       -       -       -     (net)                  -     -     -     -       -    (-,-) 
  g10454/z                      (u)     in_0->z F     unmapped_or2           1   3.2     0    17     202    (-,-) 
  n_12381                       -       -       -     (net)                  -     -     -     -       -    (-,-) 
  g10455/z                      (u)     in_1->z R     unmapped_nand2        23  82.8     0    49     251    (-,-) 
  n_2333                        -       -       -     (net)                  -     -     -     -       -    (-,-) 
  mux_mantissa_sum_238_9_g700/z (u)     in_1->z R     unmapped_or2           3  10.8     0    22     273    (-,-) 
  mux_mantissa_sum_238_9_n_96   -       -       -     (net)                  -     -     -     -       -    (-,-) 
  mux_mantissa_sum_238_9_g676/z (u)     in_1->z F     unmapped_nand2         1   3.2     0    17     290    (-,-) 
  mux_mantissa_sum_238_9_n_170  -       -       -     (net)                  -     -     -     -       -    (-,-) 
  g21524/z                      (u)     in_1->z F     unmapped_or2           1   3.2     0    17     306    (-,-) 
  mux_mantissa_sum_238_9_n_172  -       -       -     (net)                  -     -     -     -       -    (-,-) 
  mux_mantissa_sum_238_9_g575/z (u)     in_1->z R     unmapped_complex2      5  18.0     0    28     334    (-,-) 
  mux_mantissa_sum_238_9_n_230  -       -       -     (net)                  -     -     -     -       -    (-,-) 
  mux_mantissa_sum_238_9_g555/z (u)     in_0->z F     unmapped_complex2      2   6.4     0    19     353    (-,-) 
  mux_mantissa_sum_238_9_n_233  -       -       -     (net)                  -     -     -     -       -    (-,-) 
  mux_mantissa_sum_238_9_g540/z (u)     in_1->z F     unmapped_or2           1   3.2     0    17     370    (-,-) 
  mux_mantissa_sum_238_9_n_241  -       -       -     (net)                  -     -     -     -       -    (-,-) 
  mux_mantissa_sum_238_9_g527/z (u)     in_0->z R     unmapped_complex2     10  36.0     0    38     407    (-,-) 
  mux_mantissa_sum_238_9_n_272  -       -       -     (net)                  -     -     -     -       -    (-,-) 
  mux_mantissa_sum_238_9_g519/z (u)     in_0->z F     unmapped_complex2      1   3.2     0    17     424    (-,-) 
  mux_mantissa_sum_238_9_n_293  -       -       -     (net)                  -     -     -     -       -    (-,-) 
  mux_mantissa_sum_238_9_g511/z (u)     in_0->z R     unmapped_complex2     12  43.2     0    40     464    (-,-) 
  mux_mantissa_sum_238_9_n_307  -       -       -     (net)                  -     -     -     -       -    (-,-) 
  mux_mantissa_sum_238_9_g435/z (u)     in_0->z F     unmapped_complex2      1   3.2     0    17     480    (-,-) 
  mux_mantissa_sum_238_9_n_330  -       -       -     (net)                  -     -     -     -       -    (-,-) 
  mux_mantissa_sum_238_9_g473/z (u)     in_0->z R     unmapped_complex2      2   7.2     0    19     499    (-,-) 
  mux_mantissa_sum_238_9_n_396  -       -       -     (net)                  -     -     -     -       -    (-,-) 
  mux_mantissa_sum_238_9_g468/z (u)     in_0->z R     unmapped_or2           1   3.6     0    17     516    (-,-) 
  mux_mantissa_sum_238_9_n_421  -       -       -     (net)                  -     -     -     -       -    (-,-) 
  mux_mantissa_sum_238_9_g469/z (u)     in_1->z F     unmapped_nand2         5  16.0     0    28     544    (-,-) 
  mantissa_sum[25]              -       -       -     (net)                  -     -     -     -       -    (-,-) 
  g11717/z                      (u)     in_0->z F     unmapped_or2           4  12.8     0    24     568    (-,-) 
  n_12413                       -       -       -     (net)                  -     -     -     -       -    (-,-) 
  g11677/z                      (u)     in_0->z F     unmapped_or2           3   9.6     0    22     590    (-,-) 
  n_12045                       -       -       -     (net)                  -     -     -     -       -    (-,-) 
  g11662/z                      (u)     in_1->z F     unmapped_or2           3   9.6     0    22     611    (-,-) 
  n_12049                       -       -       -     (net)                  -     -     -     -       -    (-,-) 
  g11614/z                      (u)     in_1->z F     unmapped_or2           3   9.6     0    22     633    (-,-) 
  n_12053                       -       -       -     (net)                  -     -     -     -       -    (-,-) 
  g11516/z                      (u)     in_1->z F     unmapped_or2           3   9.6     0    22     654    (-,-) 
  n_12057                       -       -       -     (net)                  -     -     -     -       -    (-,-) 
  g11486/z                      (u)     in_1->z F     unmapped_or2           3   9.6     0    22     676    (-,-) 
  n_12061                       -       -       -     (net)                  -     -     -     -       -    (-,-) 
  g11371/z                      (u)     in_1->z F     unmapped_or2           3   9.6     0    22     698    (-,-) 
  n_12065                       -       -       -     (net)                  -     -     -     -       -    (-,-) 
  g11356/z                      (u)     in_1->z F     unmapped_or2           3   9.6     0    22     719    (-,-) 
  n_12069                       -       -       -     (net)                  -     -     -     -       -    (-,-) 
  g11240/z                      (u)     in_1->z F     unmapped_or2           3   9.6     0    22     741    (-,-) 
  n_12073                       -       -       -     (net)                  -     -     -     -       -    (-,-) 
  g11170/z                      (u)     in_1->z F     unmapped_or2           3   9.6     0    22     762    (-,-) 
  n_12077                       -       -       -     (net)                  -     -     -     -       -    (-,-) 
  g11160/z                      (u)     in_1->z F     unmapped_or2           4  12.8     0    24     787    (-,-) 
  n_12081                       -       -       -     (net)                  -     -     -     -       -    (-,-) 
  g11078/z                      (u)     in_1->z F     unmapped_or2           2   6.4     0    19     806    (-,-) 
  n_12086                       -       -       -     (net)                  -     -     -     -       -    (-,-) 
  g11044/z                      (u)     in_1->z F     unmapped_or2           1   3.2     0    17     823    (-,-) 
  n_13269                       -       -       -     (net)                  -     -     -     -       -    (-,-) 
  g11037/z                      (u)     in_0->z R     unmapped_complex2      2   7.2     0    19     842    (-,-) 
  n_2444                        -       -       -     (net)                  -     -     -     -       -    (-,-) 
  g11002/z                      (u)     in_0->z F     unmapped_complex2     25  16.0     0    39     880    (-,-) 
  n_2501                        -       -       -     (net)                  -     -     -     -       -    (-,-) 
  g10989/z                      (u)     in_0->z F     unmapped_complex2      1   3.2     0    17     897    (-,-) 
  n_14163                       -       -       -     (net)                  -     -     -     -       -    (-,-) 
  g10947/z                      (u)     in_0->z R     unmapped_complex2      2   7.2     0    19     916    (-,-) 
  round_this[1]                 -       -       -     (net)                  -     -     -     -       -    (-,-) 
  g10945/z                      (u)     in_1->z F     unmapped_nand2         1   3.2     0    17     933    (-,-) 
  n_14190                       -       -       -     (net)                  -     -     -     -       -    (-,-) 
  g10943/z                      (u)     in_1->z F     unmapped_or2           2   6.4     0    19     952    (-,-) 
  n_12165                       -       -       -     (net)                  -     -     -     -       -    (-,-) 
  g10940/z                      (u)     in_0->z F     unmapped_complex2      1   3.2     0    17     968    (-,-) 
  n_12412                       -       -       -     (net)                  -     -     -     -       -    (-,-) 
  g10939/z                      (u)     in_0->z R     unmapped_complex2      1   3.6     0    17     985    (-,-) 
  n_14201                       -       -       -     (net)                  -     -     -     -       -    (-,-) 
  g10938/z                      (u)     in_0->z F     unmapped_nand2         4  12.8     0    24    1010    (-,-) 
  n_2529                        -       -       -     (net)                  -     -     -     -       -    (-,-) 
  inc_ADD_TC_OP51/g1/z          (u)     in_1->z R     unmapped_nand2         3  10.8     0    22    1031    (-,-) 
  inc_ADD_TC_OP51/n_49          -       -       -     (net)                  -     -     -     -       -    (-,-) 
  inc_ADD_TC_OP51/g247/z        (u)     in_0->z R     unmapped_complex2      3  10.8     0    22    1053    (-,-) 
  inc_ADD_TC_OP51/n_51          -       -       -     (net)                  -     -     -     -       -    (-,-) 
  inc_ADD_TC_OP51/g233/z        (u)     in_0->z R     unmapped_complex2      3  10.8     0    22    1074    (-,-) 
  inc_ADD_TC_OP51/n_101         -       -       -     (net)                  -     -     -     -       -    (-,-) 
  inc_ADD_TC_OP51/g144/z        (u)     in_0->z R     unmapped_complex2      6  21.6     0    30    1104    (-,-) 
  inc_ADD_TC_OP51/n_68          -       -       -     (net)                  -     -     -     -       -    (-,-) 
  inc_ADD_TC_OP51/g225/z        (u)     in_1->z R     unmapped_or2           9  32.4     0    36    1141    (-,-) 
  inc_ADD_TC_OP51/n_81          -       -       -     (net)                  -     -     -     -       -    (-,-) 
  inc_ADD_TC_OP51/g207/z        (u)     in_1->z R     unmapped_or2           3  10.8     0    22    1162    (-,-) 
  inc_ADD_TC_OP51/n_113         -       -       -     (net)                  -     -     -     -       -    (-,-) 
  inc_ADD_TC_OP51/g136/z        (u)     in_1->z R     unmapped_or2           9  32.4     0    36    1199    (-,-) 
  inc_ADD_TC_OP51/n_92          -       -       -     (net)                  -     -     -     -       -    (-,-) 
  inc_ADD_TC_OP51/g253/z        (u)     in_1->z F     unmapped_nor2          1   3.2     0    17    1216    (-,-) 
  n_2559                        -       -       -     (net)                  -     -     -     -       -    (-,-) 
  g19842/z                      (u)     in_1->z F     unmapped_or2          23  73.6     0    49    1264    (-,-) 
  n_14606                       -       -       -     (net)                  -     -     -     -       -    (-,-) 
  g19837/z                      (u)     in_1->z F     unmapped_complex2      1   3.2     0    17    1281    (-,-) 
  n_16916                       -       -       -     (net)                  -     -     -     -       -    (-,-) 
  g19808/z                      (u)     in_0->z R     unmapped_nand2         1   3.6     0    17    1298    (-,-) 
  n_2728                        -       -       -     (net)                  -     -     -     -       -    (-,-) 
  fp_out_reg[0]/d               <<<     -       R     unmapped_d_flop        1     -     -     0    1298    (-,-) 
#-----------------------------------------------------------------------------------------------------------------

(u) : Net has unmapped pin(s).

Capture clock path:
#------------------------------------------------------------------------------------------------
#   Timing Point    Flags   Arc   Edge      Cell        Fanout Load Trans Delay Arrival Instance 
#                                                              (fF)  (ps)  (ps)   (ps)  Location 
#------------------------------------------------------------------------------------------------
  clk               (i,u)   -     R     (arrival)          100  0.0     0     0    1587    (-,-) 
  clk               -       -     -     (net)                -    -     -     -       -    (-,-) 
  clk               -       -     -     (net)                -    -     -     -       -    (-,-) 
  fp_out_reg[0]/clk <<<     -     R     unmapped_d_flop    100    -     1     0    1587    (-,-) 
#------------------------------------------------------------------------------------------------


