============================================================
  Generated by:           Genus(TM) Synthesis Solution 25.11-s095_1
  Generated on:           Feb 01 2026  01:03:36 am
  Operating conditions:   PVT_1P2V_25C 
  Interconnect mode:      global
  Area mode:              physical library
============================================================

                                Leakage    Internal                              Library 
   Gate    Instances   Area   Power (nW)  Power (nW)           Library            Domain 
-----------------------------------------------------------------------------------------
addh_1x            5   52.480     37.575   15097.703 MITLL90_STDLIB_8T.tt1p2v25c       0 
and2_1x           27  113.357     87.505   22902.005 MITLL90_STDLIB_8T.tt1p2v25c       0 
and2_2x            4   20.992     21.530    6155.491 MITLL90_STDLIB_8T.tt1p2v25c       0 
and3_1x            8   50.381     26.508    5609.674 MITLL90_STDLIB_8T.tt1p2v25c       0 
ao21_1x           11   57.728     44.130   15898.430 MITLL90_STDLIB_8T.tt1p2v25c       0 
ao22_1x            1    7.347      3.561    1526.586 MITLL90_STDLIB_8T.tt1p2v25c       0 
aoi21_1x          36  151.142     66.705   27011.658 MITLL90_STDLIB_8T.tt1p2v25c       0 
aoi21_2x           3   22.042     12.225    5139.503 MITLL90_STDLIB_8T.tt1p2v25c       0 
aoi21_4x           1   13.645      9.537    2032.554 MITLL90_STDLIB_8T.tt1p2v25c       0 
aoi22_1x          32  167.936     56.580   22451.560 MITLL90_STDLIB_8T.tt1p2v25c       0 
aoi22_2x           3   31.488     11.085    7435.619 MITLL90_STDLIB_8T.tt1p2v25c       0 
buf_1x            15   47.232     42.608   15866.863 MITLL90_STDLIB_8T.tt1p2v25c       0 
buf_2x             2    8.397     10.997    5149.447 MITLL90_STDLIB_8T.tt1p2v25c       0 
dffrq_1x          15  251.904    104.755  124076.876 MITLL90_STDLIB_8T.tt1p2v25c       0 
inv_1x           145  304.384    259.524   43303.703 MITLL90_STDLIB_8T.tt1p2v25c       0 
inv_2x             8   25.190     29.756    5692.820 MITLL90_STDLIB_8T.tt1p2v25c       0 
inv_4x             1    5.248      7.054     424.468 MITLL90_STDLIB_8T.tt1p2v25c       0 
mux2_1x            3   22.042     11.864    5971.765 MITLL90_STDLIB_8T.tt1p2v25c       0 
muxi2_1x           9   56.678     18.047    6922.677 MITLL90_STDLIB_8T.tt1p2v25c       0 
nand2_1x         105  330.624    138.666   30327.059 MITLL90_STDLIB_8T.tt1p2v25c       0 
nand2_2x          19   99.712     61.664   15030.282 MITLL90_STDLIB_8T.tt1p2v25c       0 
nand2_4x           1    9.446      5.162     621.403 MITLL90_STDLIB_8T.tt1p2v25c       0 
nand3_1x          20   83.968     16.978    5305.926 MITLL90_STDLIB_8T.tt1p2v25c       0 
nor2_1x           54  170.035     75.673   20499.004 MITLL90_STDLIB_8T.tt1p2v25c       0 
nor2_2x            7   36.736     17.965    4165.001 MITLL90_STDLIB_8T.tt1p2v25c       0 
nor3_1x           16   67.174     11.906    4977.576 MITLL90_STDLIB_8T.tt1p2v25c       0 
nor3_2x            1    8.397      3.614      30.411 MITLL90_STDLIB_8T.tt1p2v25c       0 
oa21_1x            5   26.240     18.981    4381.846 MITLL90_STDLIB_8T.tt1p2v25c       0 
oa21_2x            1    6.298      6.019    2507.595 MITLL90_STDLIB_8T.tt1p2v25c       0 
oa22_1x            3   22.042     10.735    5507.397 MITLL90_STDLIB_8T.tt1p2v25c       0 
oa22_2x            1    8.397      5.002     251.919 MITLL90_STDLIB_8T.tt1p2v25c       0 
oai21_1x          77  323.277    203.198   62110.648 MITLL90_STDLIB_8T.tt1p2v25c       0 
oai21_2x           4   29.389     14.199    7276.086 MITLL90_STDLIB_8T.tt1p2v25c       0 
oai21_4x           1   13.645      2.819    1811.975 MITLL90_STDLIB_8T.tt1p2v25c       0 
oai22_1x          18   94.464     38.204   17128.010 MITLL90_STDLIB_8T.tt1p2v25c       0 
oai22_2x           1   10.496      4.428    1439.174 MITLL90_STDLIB_8T.tt1p2v25c       0 
or2_1x            18   75.571     48.696   13995.907 MITLL90_STDLIB_8T.tt1p2v25c       0 
or3_1x             3   18.893      6.692    1336.827 MITLL90_STDLIB_8T.tt1p2v25c       0 
sdffrq_1x         15  314.880    120.866  140780.534 MITLL90_STDLIB_8T.tt1p2v25c       0 
xnor2_1x          12   88.166     43.921   17281.837 MITLL90_STDLIB_8T.tt1p2v25c       0 
xnor2_4x           3   50.381     30.448   10044.890 MITLL90_STDLIB_8T.tt1p2v25c       0 
xor2_1x            3   22.042     11.475    4442.346 MITLL90_STDLIB_8T.tt1p2v25c       0 
xor2_2x            3   31.488     17.225    8448.130 MITLL90_STDLIB_8T.tt1p2v25c       0 
-----------------------------------------------------------------------------------------
total            720 3351.373   1776.080  718371.186                                     
                                           Leakage  Leakage  Internal  Internal 
     Type      Instances   Area   Area % Power (nW) Power % Power (nW)  Power % 
--------------------------------------------------------------------------------
sequential            30  566.784   16.9    225.621    12.7 264857.410     36.9 
inverter             154  334.822   10.0    296.334    16.7  49420.991      6.9 
buffer                17   55.629    1.7     53.605     3.0  21016.310      2.9 
logic                519 2394.138   71.4   1200.521    67.6 383076.474     53.3 
physical_cells         0    0.000    0.0      0.000     0.0      0.000      0.0 
--------------------------------------------------------------------------------
total                720 3351.373  100.0   1776.080   100.0 718371.186    100.0 
