Open SystemVerilog file "./src/modules/cache_mshr_buffer.sv"
  Open include file  "./src/include/cache_types_pkg.svh" from "./src/modules/cache_mshr_buffer.sv"(1)
  Close include file "./src/include/cache_types_pkg.svh"; continuing at "./src/modules/cache_mshr_buffer.sv"(1)
Close file "./src/modules/cache_mshr_buffer.sv"
Open SystemVerilog file "./src/modules/cache_bank.sv"
  Open include file  "./src/include/cache_types_pkg.svh" from "./src/modules/cache_bank.sv"(1)
  Close include file "./src/include/cache_types_pkg.svh"; continuing at "./src/modules/cache_bank.sv"(1)
Close file "./src/modules/cache_bank.sv"
Open SystemVerilog file "./uvm/tb_top.sv"
  Open include file  "./uvm/../src/modules/lockup_free_cache.sv" from "./uvm/tb_top.sv"(2)
    Open include file  "./src/include/cache_types_pkg.svh" from "./uvm/../src/modules/lockup_free_cache.sv"(1)
    Close include file "./src/include/cache_types_pkg.svh"; continuing at "./uvm/../src/modules/lockup_free_cache.sv"(1)
  Close include file "./uvm/../src/modules/lockup_free_cache.sv"; continuing at "./uvm/tb_top.sv"(2)
  Open include file  "./uvm/lfc_if.sv" from "./uvm/tb_top.sv"(3)
  Close include file "./uvm/lfc_if.sv"; continuing at "./uvm/tb_top.sv"(3)
  Open include file  "./uvm/test.sv" from "./uvm/tb_top.sv"(4)
    Open include file  "/package/eda/mg/questa2021.4/questasim/uvm-1.2/../verilog_src/uvm-1.2/src/uvm_macros.svh" from "./uvm/test.sv"(2)
      Open include file  "/package/eda/mg/questa2021.4/questasim/uvm-1.2/../verilog_src/uvm-1.2/src/macros/uvm_version_defines.svh" from "/package/eda/mg/questa2021.4/questasim/uvm-1.2/../verilog_src/uvm-1.2/src/uvm_macros.svh"(69)
      Close include file "/package/eda/mg/questa2021.4/questasim/uvm-1.2/../verilog_src/uvm-1.2/src/macros/uvm_version_defines.svh"; continuing at "/package/eda/mg/questa2021.4/questasim/uvm-1.2/../verilog_src/uvm-1.2/src/uvm_macros.svh"(69)
      Open include file  "/package/eda/mg/questa2021.4/questasim/uvm-1.2/../verilog_src/uvm-1.2/src/macros/uvm_global_defines.svh" from "/package/eda/mg/questa2021.4/questasim/uvm-1.2/../verilog_src/uvm-1.2/src/uvm_macros.svh"(70)
      Close include file "/package/eda/mg/questa2021.4/questasim/uvm-1.2/../verilog_src/uvm-1.2/src/macros/uvm_global_defines.svh"; continuing at "/package/eda/mg/questa2021.4/questasim/uvm-1.2/../verilog_src/uvm-1.2/src/uvm_macros.svh"(70)
      Open include file  "/package/eda/mg/questa2021.4/questasim/uvm-1.2/../verilog_src/uvm-1.2/src/macros/uvm_message_defines.svh" from "/package/eda/mg/questa2021.4/questasim/uvm-1.2/../verilog_src/uvm-1.2/src/uvm_macros.svh"(71)
      Close include file "/package/eda/mg/questa2021.4/questasim/uvm-1.2/../verilog_src/uvm-1.2/src/macros/uvm_message_defines.svh"; continuing at "/package/eda/mg/questa2021.4/questasim/uvm-1.2/../verilog_src/uvm-1.2/src/uvm_macros.svh"(71)
      Open include file  "/package/eda/mg/questa2021.4/questasim/uvm-1.2/../verilog_src/uvm-1.2/src/macros/uvm_phase_defines.svh" from "/package/eda/mg/questa2021.4/questasim/uvm-1.2/../verilog_src/uvm-1.2/src/uvm_macros.svh"(72)
      Close include file "/package/eda/mg/questa2021.4/questasim/uvm-1.2/../verilog_src/uvm-1.2/src/macros/uvm_phase_defines.svh"; continuing at "/package/eda/mg/questa2021.4/questasim/uvm-1.2/../verilog_src/uvm-1.2/src/uvm_macros.svh"(72)
      Open include file  "/package/eda/mg/questa2021.4/questasim/uvm-1.2/../verilog_src/uvm-1.2/src/macros/uvm_object_defines.svh" from "/package/eda/mg/questa2021.4/questasim/uvm-1.2/../verilog_src/uvm-1.2/src/uvm_macros.svh"(73)
      Close include file "/package/eda/mg/questa2021.4/questasim/uvm-1.2/../verilog_src/uvm-1.2/src/macros/uvm_object_defines.svh"; continuing at "/package/eda/mg/questa2021.4/questasim/uvm-1.2/../verilog_src/uvm-1.2/src/uvm_macros.svh"(73)
      Open include file  "/package/eda/mg/questa2021.4/questasim/uvm-1.2/../verilog_src/uvm-1.2/src/macros/uvm_printer_defines.svh" from "/package/eda/mg/questa2021.4/questasim/uvm-1.2/../verilog_src/uvm-1.2/src/uvm_macros.svh"(74)
      Close include file "/package/eda/mg/questa2021.4/questasim/uvm-1.2/../verilog_src/uvm-1.2/src/macros/uvm_printer_defines.svh"; continuing at "/package/eda/mg/questa2021.4/questasim/uvm-1.2/../verilog_src/uvm-1.2/src/uvm_macros.svh"(74)
      Open include file  "/package/eda/mg/questa2021.4/questasim/uvm-1.2/../verilog_src/uvm-1.2/src/macros/uvm_tlm_defines.svh" from "/package/eda/mg/questa2021.4/questasim/uvm-1.2/../verilog_src/uvm-1.2/src/uvm_macros.svh"(75)
        Open include file  "/package/eda/mg/questa2021.4/questasim/uvm-1.2/../verilog_src/uvm-1.2/src/tlm1/uvm_tlm_imps.svh" from "/package/eda/mg/questa2021.4/questasim/uvm-1.2/../verilog_src/uvm-1.2/src/macros/uvm_tlm_defines.svh"(616)
        Close include file "/package/eda/mg/questa2021.4/questasim/uvm-1.2/../verilog_src/uvm-1.2/src/tlm1/uvm_tlm_imps.svh"; continuing at "/package/eda/mg/questa2021.4/questasim/uvm-1.2/../verilog_src/uvm-1.2/src/macros/uvm_tlm_defines.svh"(616)
      Close include file "/package/eda/mg/questa2021.4/questasim/uvm-1.2/../verilog_src/uvm-1.2/src/macros/uvm_tlm_defines.svh"; continuing at "/package/eda/mg/questa2021.4/questasim/uvm-1.2/../verilog_src/uvm-1.2/src/uvm_macros.svh"(75)
      Open include file  "/package/eda/mg/questa2021.4/questasim/uvm-1.2/../verilog_src/uvm-1.2/src/macros/uvm_sequence_defines.svh" from "/package/eda/mg/questa2021.4/questasim/uvm-1.2/../verilog_src/uvm-1.2/src/uvm_macros.svh"(76)
      Close include file "/package/eda/mg/questa2021.4/questasim/uvm-1.2/../verilog_src/uvm-1.2/src/macros/uvm_sequence_defines.svh"; continuing at "/package/eda/mg/questa2021.4/questasim/uvm-1.2/../verilog_src/uvm-1.2/src/uvm_macros.svh"(76)
      Open include file  "/package/eda/mg/questa2021.4/questasim/uvm-1.2/../verilog_src/uvm-1.2/src/macros/uvm_callback_defines.svh" from "/package/eda/mg/questa2021.4/questasim/uvm-1.2/../verilog_src/uvm-1.2/src/uvm_macros.svh"(77)
      Close include file "/package/eda/mg/questa2021.4/questasim/uvm-1.2/../verilog_src/uvm-1.2/src/macros/uvm_callback_defines.svh"; continuing at "/package/eda/mg/questa2021.4/questasim/uvm-1.2/../verilog_src/uvm-1.2/src/uvm_macros.svh"(77)
      Open include file  "/package/eda/mg/questa2021.4/questasim/uvm-1.2/../verilog_src/uvm-1.2/src/macros/uvm_reg_defines.svh" from "/package/eda/mg/questa2021.4/questasim/uvm-1.2/../verilog_src/uvm-1.2/src/uvm_macros.svh"(78)
      Close include file "/package/eda/mg/questa2021.4/questasim/uvm-1.2/../verilog_src/uvm-1.2/src/macros/uvm_reg_defines.svh"; continuing at "/package/eda/mg/questa2021.4/questasim/uvm-1.2/../verilog_src/uvm-1.2/src/uvm_macros.svh"(78)
      Open include file  "/package/eda/mg/questa2021.4/questasim/uvm-1.2/../verilog_src/uvm-1.2/src/macros/uvm_deprecated_defines.svh" from "/package/eda/mg/questa2021.4/questasim/uvm-1.2/../verilog_src/uvm-1.2/src/uvm_macros.svh"(79)
      Close include file "/package/eda/mg/questa2021.4/questasim/uvm-1.2/../verilog_src/uvm-1.2/src/macros/uvm_deprecated_defines.svh"; continuing at "/package/eda/mg/questa2021.4/questasim/uvm-1.2/../verilog_src/uvm-1.2/src/uvm_macros.svh"(79)
    Close include file "/package/eda/mg/questa2021.4/questasim/uvm-1.2/../verilog_src/uvm-1.2/src/uvm_macros.svh"; continuing at "./uvm/test.sv"(2)
    Open include file  "./uvm/lfc_environment.sv" from "./uvm/test.sv"(3)
      Open include file  "/package/eda/mg/questa2021.4/questasim/uvm-1.2/../verilog_src/uvm-1.2/src/uvm_macros.svh" from "./uvm/lfc_environment.sv"(5)
      Close include file "/package/eda/mg/questa2021.4/questasim/uvm-1.2/../verilog_src/uvm-1.2/src/uvm_macros.svh"; continuing at "./uvm/lfc_environment.sv"(5)
      Open include file  "./uvm/lfc_scoreboard.sv" from "./uvm/lfc_environment.sv"(6)
        Open include file  "/package/eda/mg/questa2021.4/questasim/uvm-1.2/../verilog_src/uvm-1.2/src/uvm_macros.svh" from "./uvm/lfc_scoreboard.sv"(5)
        Close include file "/package/eda/mg/questa2021.4/questasim/uvm-1.2/../verilog_src/uvm-1.2/src/uvm_macros.svh"; continuing at "./uvm/lfc_scoreboard.sv"(5)
        Open include file  "./uvm/lfc_cpu_transaction.sv" from "./uvm/lfc_scoreboard.sv"(6)
          Open include file  "/package/eda/mg/questa2021.4/questasim/uvm-1.2/../verilog_src/uvm-1.2/src/uvm_macros.svh" from "./uvm/lfc_cpu_transaction.sv"(5)
          Close include file "/package/eda/mg/questa2021.4/questasim/uvm-1.2/../verilog_src/uvm-1.2/src/uvm_macros.svh"; continuing at "./uvm/lfc_cpu_transaction.sv"(5)
        Close include file "./uvm/lfc_cpu_transaction.sv"; continuing at "./uvm/lfc_scoreboard.sv"(6)
        Open include file  "./uvm/lfc_ram_transaction.sv" from "./uvm/lfc_scoreboard.sv"(7)
          Open include file  "/package/eda/mg/questa2021.4/questasim/uvm-1.2/../verilog_src/uvm-1.2/src/uvm_macros.svh" from "./uvm/lfc_ram_transaction.sv"(5)
          Close include file "/package/eda/mg/questa2021.4/questasim/uvm-1.2/../verilog_src/uvm-1.2/src/uvm_macros.svh"; continuing at "./uvm/lfc_ram_transaction.sv"(5)
        Close include file "./uvm/lfc_ram_transaction.sv"; continuing at "./uvm/lfc_scoreboard.sv"(7)
      Close include file "./uvm/lfc_scoreboard.sv"; continuing at "./uvm/lfc_environment.sv"(6)
      Open include file  "./uvm/lfc_cpu_active_agent.sv" from "./uvm/lfc_environment.sv"(7)
        Open include file  "/package/eda/mg/questa2021.4/questasim/uvm-1.2/../verilog_src/uvm-1.2/src/uvm_macros.svh" from "./uvm/lfc_cpu_active_agent.sv"(5)
        Close include file "/package/eda/mg/questa2021.4/questasim/uvm-1.2/../verilog_src/uvm-1.2/src/uvm_macros.svh"; continuing at "./uvm/lfc_cpu_active_agent.sv"(5)
        Open include file  "./uvm/lfc_cpu_active_driver.sv" from "./uvm/lfc_cpu_active_agent.sv"(6)
          Open include file  "/package/eda/mg/questa2021.4/questasim/uvm-1.2/../verilog_src/uvm-1.2/src/uvm_macros.svh" from "./uvm/lfc_cpu_active_driver.sv"(5)
          Close include file "/package/eda/mg/questa2021.4/questasim/uvm-1.2/../verilog_src/uvm-1.2/src/uvm_macros.svh"; continuing at "./uvm/lfc_cpu_active_driver.sv"(5)
          Open include file  "./uvm/lfc_if.sv" from "./uvm/lfc_cpu_active_driver.sv"(6)
          Close include file "./uvm/lfc_if.sv"; continuing at "./uvm/lfc_cpu_active_driver.sv"(6)
          Open include file  "./uvm/lfc_cpu_transaction.sv" from "./uvm/lfc_cpu_active_driver.sv"(7)
          Close include file "./uvm/lfc_cpu_transaction.sv"; continuing at "./uvm/lfc_cpu_active_driver.sv"(7)
        Close include file "./uvm/lfc_cpu_active_driver.sv"; continuing at "./uvm/lfc_cpu_active_agent.sv"(6)
        Open include file  "./uvm/lfc_cpu_active_monitor.sv" from "./uvm/lfc_cpu_active_agent.sv"(7)
          Open include file  "/package/eda/mg/questa2021.4/questasim/uvm-1.2/../verilog_src/uvm-1.2/src/uvm_macros.svh" from "./uvm/lfc_cpu_active_monitor.sv"(6)
          Close include file "/package/eda/mg/questa2021.4/questasim/uvm-1.2/../verilog_src/uvm-1.2/src/uvm_macros.svh"; continuing at "./uvm/lfc_cpu_active_monitor.sv"(6)
          Open include file  "./uvm/lfc_if.sv" from "./uvm/lfc_cpu_active_monitor.sv"(7)
          Close include file "./uvm/lfc_if.sv"; continuing at "./uvm/lfc_cpu_active_monitor.sv"(7)
        Close include file "./uvm/lfc_cpu_active_monitor.sv"; continuing at "./uvm/lfc_cpu_active_agent.sv"(7)
        Open include file  "./uvm/lfc_cpu_active_sqr.sv" from "./uvm/lfc_cpu_active_agent.sv"(8)
          Open include file  "/package/eda/mg/questa2021.4/questasim/uvm-1.2/../verilog_src/uvm-1.2/src/uvm_macros.svh" from "./uvm/lfc_cpu_active_sqr.sv"(4)
          Close include file "/package/eda/mg/questa2021.4/questasim/uvm-1.2/../verilog_src/uvm-1.2/src/uvm_macros.svh"; continuing at "./uvm/lfc_cpu_active_sqr.sv"(4)
          Open include file  "./uvm/lfc_cpu_transaction.sv" from "./uvm/lfc_cpu_active_sqr.sv"(5)
          Close include file "./uvm/lfc_cpu_transaction.sv"; continuing at "./uvm/lfc_cpu_active_sqr.sv"(5)
        Close include file "./uvm/lfc_cpu_active_sqr.sv"; continuing at "./uvm/lfc_cpu_active_agent.sv"(8)
      Close include file "./uvm/lfc_cpu_active_agent.sv"; continuing at "./uvm/lfc_environment.sv"(7)
      Open include file  "./uvm/lfc_cpu_passive_agent.sv" from "./uvm/lfc_environment.sv"(8)
        Open include file  "/package/eda/mg/questa2021.4/questasim/uvm-1.2/../verilog_src/uvm-1.2/src/uvm_macros.svh" from "./uvm/lfc_cpu_passive_agent.sv"(5)
        Close include file "/package/eda/mg/questa2021.4/questasim/uvm-1.2/../verilog_src/uvm-1.2/src/uvm_macros.svh"; continuing at "./uvm/lfc_cpu_passive_agent.sv"(5)
        Open include file  "./uvm/lfc_cpu_passive_monitor.sv" from "./uvm/lfc_cpu_passive_agent.sv"(6)
          Open include file  "/package/eda/mg/questa2021.4/questasim/uvm-1.2/../verilog_src/uvm-1.2/src/uvm_macros.svh" from "./uvm/lfc_cpu_passive_monitor.sv"(6)
          Close include file "/package/eda/mg/questa2021.4/questasim/uvm-1.2/../verilog_src/uvm-1.2/src/uvm_macros.svh"; continuing at "./uvm/lfc_cpu_passive_monitor.sv"(6)
          Open include file  "./uvm/lfc_if.sv" from "./uvm/lfc_cpu_passive_monitor.sv"(7)
          Close include file "./uvm/lfc_if.sv"; continuing at "./uvm/lfc_cpu_passive_monitor.sv"(7)
          Open include file  "./uvm/lfc_cpu_transaction.sv" from "./uvm/lfc_cpu_passive_monitor.sv"(8)
          Close include file "./uvm/lfc_cpu_transaction.sv"; continuing at "./uvm/lfc_cpu_passive_monitor.sv"(8)
        Close include file "./uvm/lfc_cpu_passive_monitor.sv"; continuing at "./uvm/lfc_cpu_passive_agent.sv"(6)
      Close include file "./uvm/lfc_cpu_passive_agent.sv"; continuing at "./uvm/lfc_environment.sv"(8)
      Open include file  "./uvm/lfc_ram_active_agent.sv" from "./uvm/lfc_environment.sv"(9)
        Open include file  "/package/eda/mg/questa2021.4/questasim/uvm-1.2/../verilog_src/uvm-1.2/src/uvm_macros.svh" from "./uvm/lfc_ram_active_agent.sv"(5)
        Close include file "/package/eda/mg/questa2021.4/questasim/uvm-1.2/../verilog_src/uvm-1.2/src/uvm_macros.svh"; continuing at "./uvm/lfc_ram_active_agent.sv"(5)
        Open include file  "./uvm/lfc_ram_active_driver.sv" from "./uvm/lfc_ram_active_agent.sv"(6)
          Open include file  "/package/eda/mg/questa2021.4/questasim/uvm-1.2/../verilog_src/uvm-1.2/src/uvm_macros.svh" from "./uvm/lfc_ram_active_driver.sv"(5)
          Close include file "/package/eda/mg/questa2021.4/questasim/uvm-1.2/../verilog_src/uvm-1.2/src/uvm_macros.svh"; continuing at "./uvm/lfc_ram_active_driver.sv"(5)
          Open include file  "./uvm/lfc_if.sv" from "./uvm/lfc_ram_active_driver.sv"(6)
          Close include file "./uvm/lfc_if.sv"; continuing at "./uvm/lfc_ram_active_driver.sv"(6)
          Open include file  "./uvm/lfc_ram_transaction.sv" from "./uvm/lfc_ram_active_driver.sv"(7)
          Close include file "./uvm/lfc_ram_transaction.sv"; continuing at "./uvm/lfc_ram_active_driver.sv"(7)
        Close include file "./uvm/lfc_ram_active_driver.sv"; continuing at "./uvm/lfc_ram_active_agent.sv"(6)
        Open include file  "./uvm/lfc_ram_active_monitor.sv" from "./uvm/lfc_ram_active_agent.sv"(7)
          Open include file  "/package/eda/mg/questa2021.4/questasim/uvm-1.2/../verilog_src/uvm-1.2/src/uvm_macros.svh" from "./uvm/lfc_ram_active_monitor.sv"(6)
          Close include file "/package/eda/mg/questa2021.4/questasim/uvm-1.2/../verilog_src/uvm-1.2/src/uvm_macros.svh"; continuing at "./uvm/lfc_ram_active_monitor.sv"(6)
          Open include file  "./uvm/lfc_if.sv" from "./uvm/lfc_ram_active_monitor.sv"(7)
          Close include file "./uvm/lfc_if.sv"; continuing at "./uvm/lfc_ram_active_monitor.sv"(7)
          Open include file  "./uvm/lfc_ram_transaction.sv" from "./uvm/lfc_ram_active_monitor.sv"(8)
          Close include file "./uvm/lfc_ram_transaction.sv"; continuing at "./uvm/lfc_ram_active_monitor.sv"(8)
        Close include file "./uvm/lfc_ram_active_monitor.sv"; continuing at "./uvm/lfc_ram_active_agent.sv"(7)
        Open include file  "./uvm/lfc_ram_active_sqr.sv" from "./uvm/lfc_ram_active_agent.sv"(8)
          Open include file  "/package/eda/mg/questa2021.4/questasim/uvm-1.2/../verilog_src/uvm-1.2/src/uvm_macros.svh" from "./uvm/lfc_ram_active_sqr.sv"(4)
          Close include file "/package/eda/mg/questa2021.4/questasim/uvm-1.2/../verilog_src/uvm-1.2/src/uvm_macros.svh"; continuing at "./uvm/lfc_ram_active_sqr.sv"(4)
          Open include file  "./uvm/lfc_ram_transaction.sv" from "./uvm/lfc_ram_active_sqr.sv"(5)
          Close include file "./uvm/lfc_ram_transaction.sv"; continuing at "./uvm/lfc_ram_active_sqr.sv"(5)
        Close include file "./uvm/lfc_ram_active_sqr.sv"; continuing at "./uvm/lfc_ram_active_agent.sv"(8)
      Close include file "./uvm/lfc_ram_active_agent.sv"; continuing at "./uvm/lfc_environment.sv"(9)
      Open include file  "./uvm/lfc_ram_passive_agent.sv" from "./uvm/lfc_environment.sv"(10)
        Open include file  "/package/eda/mg/questa2021.4/questasim/uvm-1.2/../verilog_src/uvm-1.2/src/uvm_macros.svh" from "./uvm/lfc_ram_passive_agent.sv"(5)
        Close include file "/package/eda/mg/questa2021.4/questasim/uvm-1.2/../verilog_src/uvm-1.2/src/uvm_macros.svh"; continuing at "./uvm/lfc_ram_passive_agent.sv"(5)
        Open include file  "./uvm/lfc_ram_passive_monitor.sv" from "./uvm/lfc_ram_passive_agent.sv"(6)
          Open include file  "/package/eda/mg/questa2021.4/questasim/uvm-1.2/../verilog_src/uvm-1.2/src/uvm_macros.svh" from "./uvm/lfc_ram_passive_monitor.sv"(6)
          Close include file "/package/eda/mg/questa2021.4/questasim/uvm-1.2/../verilog_src/uvm-1.2/src/uvm_macros.svh"; continuing at "./uvm/lfc_ram_passive_monitor.sv"(6)
          Open include file  "./uvm/lfc_if.sv" from "./uvm/lfc_ram_passive_monitor.sv"(7)
          Close include file "./uvm/lfc_if.sv"; continuing at "./uvm/lfc_ram_passive_monitor.sv"(7)
        Close include file "./uvm/lfc_ram_passive_monitor.sv"; continuing at "./uvm/lfc_ram_passive_agent.sv"(6)
      Close include file "./uvm/lfc_ram_passive_agent.sv"; continuing at "./uvm/lfc_environment.sv"(10)
      Open include file  "./uvm/lfc_if.sv" from "./uvm/lfc_environment.sv"(11)
      Close include file "./uvm/lfc_if.sv"; continuing at "./uvm/lfc_environment.sv"(11)
      Open include file  "./uvm/lfc_predictor.sv" from "./uvm/lfc_environment.sv"(12)
        Open include file  "/package/eda/mg/questa2021.4/questasim/uvm-1.2/../verilog_src/uvm-1.2/src/uvm_macros.svh" from "./uvm/lfc_predictor.sv"(5)
        Close include file "/package/eda/mg/questa2021.4/questasim/uvm-1.2/../verilog_src/uvm-1.2/src/uvm_macros.svh"; continuing at "./uvm/lfc_predictor.sv"(5)
        Open include file  "./uvm/lfc_cpu_transaction.sv" from "./uvm/lfc_predictor.sv"(6)
        Close include file "./uvm/lfc_cpu_transaction.sv"; continuing at "./uvm/lfc_predictor.sv"(6)
        Open include file  "./uvm/lfc_ram_transaction.sv" from "./uvm/lfc_predictor.sv"(7)
        Close include file "./uvm/lfc_ram_transaction.sv"; continuing at "./uvm/lfc_predictor.sv"(7)
        Open include file  "./uvm/lfc_if.sv" from "./uvm/lfc_predictor.sv"(8)
        Close include file "./uvm/lfc_if.sv"; continuing at "./uvm/lfc_predictor.sv"(8)
      Close include file "./uvm/lfc_predictor.sv"; continuing at "./uvm/lfc_environment.sv"(12)
      Open include file  "./uvm/lfc_cpu_transaction.sv" from "./uvm/lfc_environment.sv"(13)
      Close include file "./uvm/lfc_cpu_transaction.sv"; continuing at "./uvm/lfc_environment.sv"(13)
      Open include file  "./uvm/lfc_ram_transaction.sv" from "./uvm/lfc_environment.sv"(14)
      Close include file "./uvm/lfc_ram_transaction.sv"; continuing at "./uvm/lfc_environment.sv"(14)
    Close include file "./uvm/lfc_environment.sv"; continuing at "./uvm/test.sv"(3)
    Open include file  "./uvm/lfc_basic_sequence.sv" from "./uvm/test.sv"(4)
      Open include file  "/package/eda/mg/questa2021.4/questasim/uvm-1.2/../verilog_src/uvm-1.2/src/uvm_macros.svh" from "./uvm/lfc_basic_sequence.sv"(5)
      Close include file "/package/eda/mg/questa2021.4/questasim/uvm-1.2/../verilog_src/uvm-1.2/src/uvm_macros.svh"; continuing at "./uvm/lfc_basic_sequence.sv"(5)
      Open include file  "./uvm/lfc_cpu_transaction.sv" from "./uvm/lfc_basic_sequence.sv"(6)
      Close include file "./uvm/lfc_cpu_transaction.sv"; continuing at "./uvm/lfc_basic_sequence.sv"(6)
    Close include file "./uvm/lfc_basic_sequence.sv"; continuing at "./uvm/test.sv"(4)
    Open include file  "./uvm/lfc_wr_sequence.sv" from "./uvm/test.sv"(5)
      Open include file  "/package/eda/mg/questa2021.4/questasim/uvm-1.2/../verilog_src/uvm-1.2/src/uvm_macros.svh" from "./uvm/lfc_wr_sequence.sv"(5)
      Close include file "/package/eda/mg/questa2021.4/questasim/uvm-1.2/../verilog_src/uvm-1.2/src/uvm_macros.svh"; continuing at "./uvm/lfc_wr_sequence.sv"(5)
      Open include file  "./uvm/lfc_cpu_transaction.sv" from "./uvm/lfc_wr_sequence.sv"(6)
      Close include file "./uvm/lfc_cpu_transaction.sv"; continuing at "./uvm/lfc_wr_sequence.sv"(6)
    Close include file "./uvm/lfc_wr_sequence.sv"; continuing at "./uvm/test.sv"(5)
  Close include file "./uvm/test.sv"; continuing at "./uvm/tb_top.sv"(4)
Close file "./uvm/tb_top.sv"
