============================================================
  Generated by:           Genus(TM) Synthesis Solution 25.11-s095_1
  Generated on:           Jun 12 2026  05:12:59 am
  Module:                 sysarr_32_input_fp_adder
  Operating conditions:   typical 
  Interconnect mode:      global
  Area mode:              physical library
============================================================

Timing
--------

Analysis view  Clock Period 
----------------------------
view_1p2_25   clock1 1429.0 


  Analysis    Cost   Critical        Violating 
    View     Group  Path Slack  TNS    Paths   
-----------------------------------------------
view_1p2_25  clock1        0.0  0.0          0 
            default   No paths  0.0          0 
-----------------------------------------------
Total                          -0.0          0 
                                               

Instance Count
--------------
Leaf Instance Count             12917 
Physical Instance count             0 
Sequential Instance Count        1679 
Combinational Instance Count    11238 
Hierarchical Instance Count         0 

Area
----
Cell Area                          23888.130
Physical Cell Area                 0.000
Total Cell Area (Cell+Physical)    23888.130
Net Area                           17481.532
Total Area (Cell+Physical+Net)     41369.662

Power
-----
Leakage Power                      487728.698 nW
Dynamic Power                      38535851.174 nW
Total Power                        39023579.872 nW

Max Fanout                         1679 (clk)
Min Fanout                         0 (w_aligned_mants[0][27])
Average Fanout                     2.1
Terms to net ratio                 3.2579
Terms to instance ratio            3.6903
Runtime                            46.424534 seconds
Elapsed Runtime                    50 seconds
Genus peak memory usage            1747.91 
Innovus peak memory usage          no_value 
Hostname                           asicfab.ecn.purdue.edu
