============================================================
  Generated by:           Genus(TM) Synthesis Solution 25.11-s095_1
  Generated on:           Jun 12 2026  05:13:05 am
  Module:                 sysarr_32_input_fp_adder
  Operating conditions:   typical 
  Interconnect mode:      global
  Area mode:              physical library
============================================================


Path 1: MET (0 ps) Setup Check with Pin aligner_inst_aligned_mant_out_reg[2][27]/CK->D
           View: view_1p2_25
          Group: clock1
     Startpoint: (R) aligner_inst_max_l3_n0_r_reg[5]/CK
          Clock: (R) clock1
       Endpoint: (F) aligner_inst_aligned_mant_out_reg[2][27]/D
          Clock: (R) clock1

                     Capture       Launch     
        Clock Edge:+    1429            0     
       Src Latency:+       0            0     
       Net Latency:+       0 (I)        0 (I) 
           Arrival:=    1429            0     
                                              
             Setup:-      42                  
       Uncertainty:-       0                  
     Required Time:=    1386                  
      Launch Clock:-       0                  
         Data Path:-    1386                  
             Slack:=       0                  

Launch clock path:
#-----------------------------------------------------------------------------------------------------------
#           Timing Point             Flags   Arc   Edge   Cell     Fanout Load Trans Delay Arrival Instance 
#                                                                         (fF)  (ps)  (ps)   (ps)  Location 
#-----------------------------------------------------------------------------------------------------------
  clk                                (i)     -     R     (arrival)   1679  0.0     0     0       0    (-,-) 
  clk                                -       -     -     (net)          -    -     -     -       -    (-,-) 
  clk                                -       -     -     (net)          -    -     -     -       -    (-,-) 
  aligner_inst_max_l3_n0_r_reg[5]/CK <<<     -     R     DFFR_X1     1679    -     1     0       0    (-,-) 
#-----------------------------------------------------------------------------------------------------------

#--------------------------------------------------------------------------------------------------------------------
#               Timing Point                 Flags    Arc   Edge   Cell     Fanout Load Trans Delay Arrival Instance 
#                                                                                  (fF)  (ps)  (ps)   (ps)  Location 
#--------------------------------------------------------------------------------------------------------------------
  aligner_inst_max_l3_n0_r_reg[5]/CK         -       -      R     (arrival)   1679    -     1     0       0    (-,-) 
  aligner_inst_max_l3_n0_r_reg[5]/QN         -       CK->QN F     DFFR_X1        2  5.4    16    74      74    (-,-) 
  aligner_inst_max_l3_n0_r[5]                -       -      -     (net)          -    -     -     -       -    (-,-) 
  g371365/ZN                                 -       A2->ZN R     NAND2_X1       1  3.8    14    25      99    (-,-) 
  n_2251                                     -       -      -     (net)          -    -     -     -       -    (-,-) 
  g371356/ZN                                 -       A2->ZN F     NAND2_X2       2  6.1    10    18     117    (-,-) 
  n_2262                                     -       -      -     (net)          -    -     -     -       -    (-,-) 
  g371349/ZN                                 -       A1->ZN R     NOR2_X2        1  3.4    16    24     141    (-,-) 
  n_2267                                     -       -      -     (net)          -    -     -     -       -    (-,-) 
  g371347/ZN                                 -       A1->ZN F     NAND2_X2       1  6.0    10    18     159    (-,-) 
  n_2269                                     -       -      -     (net)          -    -     -     -       -    (-,-) 
  g371346/ZN                                 -       A1->ZN R     NAND2_X4       1  6.3    10    14     173    (-,-) 
  n_2270                                     -       -      -     (net)          -    -     -     -       -    (-,-) 
  g371345/ZN                                 -       A1->ZN F     NAND2_X4       1  6.0     9    12     185    (-,-) 
  n_2271                                     -       -      -     (net)          -    -     -     -       -    (-,-) 
  g371344/ZN                                 -       A1->ZN R     NAND2_X4       9 35.0    25    32     217    (-,-) 
  n_2275                                     -       -      -     (net)          -    -     -     -       -    (-,-) 
  g371340/ZN                                 -       A->ZN  F     INV_X4         3  9.4     8    12     228    (-,-) 
  n_2276                                     -       -      -     (net)          -    -     -     -       -    (-,-) 
  g371335/ZN                                 -       A1->ZN R     NAND2_X2       1  6.5    13    18     246    (-,-) 
  n_2279                                     -       -      -     (net)          -    -     -     -       -    (-,-) 
  g371328/ZN                                 -       A->ZN  F     OAI21_X4       6 15.1    13    24     271    (-,-) 
  n_745                                      -       -      -     (net)          -    -     -     -       -    (-,-) 
  g371322/ZN                                 -       A->ZN  R     INV_X1         5  9.4    24    34     304    (-,-) 
  n_742                                      -       -      -     (net)          -    -     -     -       -    (-,-) 
  g371315/ZN                                 -       A->ZN  F     INV_X2         8 13.4    12    19     324    (-,-) 
  n_741                                      -       -      -     (net)          -    -     -     -       -    (-,-) 
  g371314/ZN                                 -       A->ZN  R     INV_X2         5 11.5    16    24     348    (-,-) 
  n_740                                      -       -      -     (net)          -    -     -     -       -    (-,-) 
  g370499/S                                  -       A->S   R     HA_X1          1  5.1    38    66     414    (-,-) 
  n_2835                                     -       -      -     (net)          -    -     -     -       -    (-,-) 
  g368776/ZN                                 -       B->ZN  R     XNOR2_X2       8 15.3    46    58     472    (-,-) 
  n_4550                                     -       -      -     (net)          -    -     -     -       -    (-,-) 
  g368002/ZN                                 -       A2->ZN F     NAND3_X1       1  1.8    15    29     501    (-,-) 
  n_5289                                     -       -      -     (net)          -    -     -     -       -    (-,-) 
  g367793/ZN                                 -       A3->ZN R     NAND3_X1       2  3.9    17    28     529    (-,-) 
  n_5514                                     -       -      -     (net)          -    -     -     -       -    (-,-) 
  g367754/ZN                                 -       A->ZN  F     INV_X1         2  4.8     8    15     544    (-,-) 
  n_5515                                     -       -      -     (net)          -    -     -     -       -    (-,-) 
  g367656/ZN                                 -       A1->ZN R     NAND2_X2       5  8.7    16    21     565    (-,-) 
  n_5665                                     -       -      -     (net)          -    -     -     -       -    (-,-) 
  g366697/ZN                                 -       A1->ZN F     OAI22_X1       1  1.8    14    19     584    (-,-) 
  n_6454                                     -       -      -     (net)          -    -     -     -       -    (-,-) 
  g366628/ZN                                 -       A->ZN  R     INV_X1         2  3.9    12    21     604    (-,-) 
  n_6620                                     -       -      -     (net)          -    -     -     -       -    (-,-) 
  g366088/ZN                                 -       B1->ZN F     OAI22_X1       1  1.9    22    20     624    (-,-) 
  n_7117                                     -       -      -     (net)          -    -     -     -       -    (-,-) 
  g365942/ZN                                 -       A2->ZN R     NOR2_X1        1  2.0    18    35     659    (-,-) 
  n_7286                                     -       -      -     (net)          -    -     -     -       -    (-,-) 
  g365777/ZN                                 -       A4->ZN R     AND4_X2        1  6.3    15    61     720    (-,-) 
  n_7456                                     -       -      -     (net)          -    -     -     -       -    (-,-) 
  g365752/ZN                                 -       A1->ZN F     NAND2_X4      20 47.4    24    36     757    (-,-) 
  n_7495                                     -       -      -     (net)          -    -     -     -       -    (-,-) 
  g365720/ZN                                 -       A2->ZN R     NAND2_X2       5 10.5    19    33     790    (-,-) 
  n_7523                                     -       -      -     (net)          -    -     -     -       -    (-,-) 
  g365670/ZN                                 -       A1->ZN F     NOR2_X2        3  6.6    24    14     804    (-,-) 
  n_7580                                     -       -      -     (net)          -    -     -     -       -    (-,-) 
  g365621/ZN                                 -       A1->ZN R     NAND2_X2       2  6.9    19    26     830    (-,-) 
  n_7626                                     -       -      -     (net)          -    -     -     -       -    (-,-) 
  g365603/ZN                                 -       A->ZN  F     INV_X2         5  8.3     8    14     844    (-,-) 
  n_7627                                     -       -      -     (net)          -    -     -     -       -    (-,-) 
  g365570/ZN                                 -       A1->ZN R     NOR2_X1        2  3.8    25    34     878    (-,-) 
  n_7679                                     -       -      -     (net)          -    -     -     -       -    (-,-) 
  g365532/ZN                                 -       A1->ZN F     NAND2_X1       2  4.7    15    24     902    (-,-) 
  n_7715                                     -       -      -     (net)          -    -     -     -       -    (-,-) 
  g365473/ZN                                 -       A1->ZN R     NOR2_X2        2  3.9    18    27     929    (-,-) 
  n_7772                                     -       -      -     (net)          -    -     -     -       -    (-,-) 
  g365449/ZN                                 -       A->ZN  F     INV_X1         1  1.7     6     9     938    (-,-) 
  n_7773                                     -       -      -     (net)          -    -     -     -       -    (-,-) 
  g365434/ZN                                 -       A1->ZN R     NOR2_X1        2  3.1    22    29     968    (-,-) 
  n_7806                                     -       -      -     (net)          -    -     -     -       -    (-,-) 
  g365335/ZN                                 -       A1->ZN R     AND2_X1        2  3.0    12    39    1006    (-,-) 
  n_7897                                     -       -      -     (net)          -    -     -     -       -    (-,-) 
  g365155/ZN                                 -       A1->ZN F     NAND2_X1       2  3.4    10    17    1024    (-,-) 
  n_8073                                     -       -      -     (net)          -    -     -     -       -    (-,-) 
  g364996/ZN                                 -       A1->ZN R     NOR2_X1        2  3.1    22    31    1054    (-,-) 
  n_8200                                     -       -      -     (net)          -    -     -     -       -    (-,-) 
  g364836/ZN                                 -       A1->ZN R     AND2_X1        2  3.8    13    41    1095    (-,-) 
  n_8325                                     -       -      -     (net)          -    -     -     -       -    (-,-) 
  g364611/ZN                                 -       A1->ZN F     NAND2_X1       2  3.5    10    18    1113    (-,-) 
  n_8453                                     -       -      -     (net)          -    -     -     -       -    (-,-) 
  g364550/ZN                                 -       A->ZN  R     INV_X1         1  1.9     8    14    1127    (-,-) 
  n_8454                                     -       -      -     (net)          -    -     -     -       -    (-,-) 
  g364389/ZN                                 -       A1->ZN F     NAND2_X1       2  7.6    17    25    1152    (-,-) 
  n_8606                                     -       -      -     (net)          -    -     -     -       -    (-,-) 
  g363946__5122/ZN                           -       B1->ZN R     OAI21_X4       2  5.8    19    29    1180    (-,-) 
  n_8975                                     -       -      -     (net)          -    -     -     -       -    (-,-) 
  g363668__5115/ZN                           -       A1->ZN F     NAND2_X2       2  8.3    12    22    1202    (-,-) 
  n_9160                                     -       -      -     (net)          -    -     -     -       -    (-,-) 
  g363446__1617/ZN                           -       A1->ZN R     NOR2_X4        2  5.8    14    23    1226    (-,-) 
  n_9277                                     -       -      -     (net)          -    -     -     -       -    (-,-) 
  g363230__6417/ZN                           -       A1->ZN F     NAND2_X2       2  8.2    11    20    1246    (-,-) 
  n_9399                                     -       -      -     (net)          -    -     -     -       -    (-,-) 
  g363051__8246/ZN                           -       A1->ZN R     NOR2_X4        2  5.8    15    23    1268    (-,-) 
  n_9466                                     -       -      -     (net)          -    -     -     -       -    (-,-) 
  g362915__2346/ZN                           -       A1->ZN F     NAND2_X2       2  8.2    11    20    1289    (-,-) 
  n_9526                                     -       -      -     (net)          -    -     -     -       -    (-,-) 
  g362823__5107/ZN                           -       A1->ZN R     NOR2_X4        2  5.3    14    22    1311    (-,-) 
  n_9574                                     -       -      -     (net)          -    -     -     -       -    (-,-) 
  g362758__5107/ZN                           -       A1->ZN F     NAND2_X2       2  3.5     8    14    1325    (-,-) 
  n_9606                                     -       -      -     (net)          -    -     -     -       -    (-,-) 
  g362624__2883/ZN                           -       A1->ZN R     NAND2_X1       1  3.5    19    18    1344    (-,-) 
  n_9663                                     -       -      -     (net)          -    -     -     -       -    (-,-) 
  g362564__4733/CO                           -       A->CO  R     HA_X1          1  2.0     9    35    1378    (-,-) 
  n_9703                                     -       -      -     (net)          -    -     -     -       -    (-,-) 
  g362558__5115/ZN                           -       A1->ZN F     NOR2_X1        1  1.4    14     8    1386    (-,-) 
  n_9706                                     -       -      -     (net)          -    -     -     -       -    (-,-) 
  aligner_inst_aligned_mant_out_reg[2][27]/D <<<     -      F     DFFR_X1        1    -     -     0    1386    (-,-) 
#--------------------------------------------------------------------------------------------------------------------

Capture clock path:
#--------------------------------------------------------------------------------------------------------------------
#                Timing Point                 Flags   Arc   Edge   Cell     Fanout Load Trans Delay Arrival Instance 
#                                                                                  (fF)  (ps)  (ps)   (ps)  Location 
#--------------------------------------------------------------------------------------------------------------------
  clk                                         (i)     -     R     (arrival)   1679  0.0     0     0    1429    (-,-) 
  clk                                         -       -     -     (net)          -    -     -     -       -    (-,-) 
  clk                                         -       -     -     (net)          -    -     -     -       -    (-,-) 
  aligner_inst_aligned_mant_out_reg[2][27]/CK <<<     -     R     DFFR_X1     1679    -     1     0    1429    (-,-) 
#--------------------------------------------------------------------------------------------------------------------


