============================================================
  Generated by:           Genus(TM) Synthesis Solution 25.11-s095_1
  Generated on:           May 23 2026  08:01:22 pm
  Module:                 sysarr_32_input_fp_adder
  Operating conditions:   typical 
  Interconnect mode:      global
  Area mode:              physical library
============================================================


Path 1: MET (0 ps) Setup Check with Pin aligner_inst_aligned_mant_out_reg[17][26]/CK->D
           View: view_1p2_25
          Group: clock1
     Startpoint: (R) aligner_inst_max_l4_n0_r_reg[1]/CK
          Clock: (R) clock1
       Endpoint: (R) aligner_inst_aligned_mant_out_reg[17][26]/D
          Clock: (R) clock1

                     Capture       Launch     
        Clock Edge:+    1000            0     
       Src Latency:+       0            0     
       Net Latency:+       0 (I)        0 (I) 
           Arrival:=    1000            0     
                                              
             Setup:-      36                  
       Uncertainty:-       0                  
     Required Time:=     964                  
      Launch Clock:-       0                  
         Data Path:-     964                  
             Slack:=       0                  

Launch clock path:
#-----------------------------------------------------------------------------------------------------------
#           Timing Point             Flags   Arc   Edge   Cell     Fanout Load Trans Delay Arrival Instance 
#                                                                         (fF)  (ps)  (ps)   (ps)  Location 
#-----------------------------------------------------------------------------------------------------------
  clk                                (i)     -     R     (arrival)   3117  0.0     0     0       0    (-,-) 
  clk                                -       -     -     (net)          -    -     -     -       -    (-,-) 
  clk                                -       -     -     (net)          -    -     -     -       -    (-,-) 
  aligner_inst_max_l4_n0_r_reg[1]/CK <<<     -     R     DFFR_X1     3117    -     1     0       0    (-,-) 
#-----------------------------------------------------------------------------------------------------------

#---------------------------------------------------------------------------------------------------------------------
#                Timing Point                 Flags    Arc   Edge   Cell     Fanout Load Trans Delay Arrival Instance 
#                                                                                   (fF)  (ps)  (ps)   (ps)  Location 
#---------------------------------------------------------------------------------------------------------------------
  aligner_inst_max_l4_n0_r_reg[1]/CK          -       -      R     (arrival)   3117    -     1     0       0    (-,-) 
  aligner_inst_max_l4_n0_r_reg[1]/QN          -       CK->QN F     DFFR_X1        1  6.0    17    75      75    (-,-) 
  n_11415                                     -       -      -     (net)          -    -     -     -       -    (-,-) 
  g379720/ZN                                  -       A->ZN  R     INV_X4         3 22.1    16    26     102    (-,-) 
  n_2519                                      -       -      -     (net)          -    -     -     -       -    (-,-) 
  g379719/ZN                                  -       A->ZN  F     INV_X8         4 23.1     7    12     114    (-,-) 
  n_2510                                      -       -      -     (net)          -    -     -     -       -    (-,-) 
  g379686/ZN                                  -       A->ZN  R     INV_X2         7 14.3    19    25     139    (-,-) 
  n_2515                                      -       -      -     (net)          -    -     -     -       -    (-,-) 
  g379685/ZN                                  -       A->ZN  F     INV_X2         3  6.6     8    13     152    (-,-) 
  n_715                                       -       -      -     (net)          -    -     -     -       -    (-,-) 
  g379475/ZN                                  -       A1->ZN R     NAND2_X2       1  6.5    13    18     170    (-,-) 
  n_2553                                      -       -      -     (net)          -    -     -     -       -    (-,-) 
  g379058/ZN                                  -       A2->ZN F     NAND2_X4       4 13.5    11    19     188    (-,-) 
  n_2997                                      -       -      -     (net)          -    -     -     -       -    (-,-) 
  g378679/ZN                                  -       A1->ZN R     NAND2_X2       1  6.5    13    20     208    (-,-) 
  n_3314                                      -       -      -     (net)          -    -     -     -       -    (-,-) 
  g378508/ZN                                  -       A->ZN  F     OAI21_X4       6 11.5    11    22     230    (-,-) 
  n_3537                                      -       -      -     (net)          -    -     -     -       -    (-,-) 
  g378131/ZN                                  -       A1->ZN R     NAND2_X1       6 11.2    31    39     269    (-,-) 
  n_3906                                      -       -      -     (net)          -    -     -     -       -    (-,-) 
  g377196/ZN                                  -       B1->ZN F     OAI22_X1       1  1.7    12    24     293    (-,-) 
  n_4731                                      -       -      -     (net)          -    -     -     -       -    (-,-) 
  g377007/ZN                                  -       A1->ZN R     NOR2_X1        3  4.8    30    40     333    (-,-) 
  n_4978                                      -       -      -     (net)          -    -     -     -       -    (-,-) 
  g376419/Z                                   -       B->Z   R     MUX2_X1        2  3.8    13    48     381    (-,-) 
  n_5582                                      -       -      -     (net)          -    -     -     -       -    (-,-) 
  g376056/ZN                                  -       A1->ZN F     OAI22_X1       2  5.2    17    25     406    (-,-) 
  n_5888                                      -       -      -     (net)          -    -     -     -       -    (-,-) 
  g375692/ZN                                  -       A2->ZN R     NOR2_X2        3  4.2    17    33     440    (-,-) 
  n_6214                                      -       -      -     (net)          -    -     -     -       -    (-,-) 
  g375154/ZN                                  -       A1->ZN R     OR2_X1         2  3.8    12    31     471    (-,-) 
  n_6759                                      -       -      -     (net)          -    -     -     -       -    (-,-) 
  g374340/ZN                                  -       A1->ZN F     NAND2_X1       3  5.3    13    21     492    (-,-) 
  n_7573                                      -       -      -     (net)          -    -     -     -       -    (-,-) 
  g374211/ZN                                  -       A->ZN  R     INV_X1         1  3.3    11    19     511    (-,-) 
  n_7572                                      -       -      -     (net)          -    -     -     -       -    (-,-) 
  g373591/ZN                                  -       A1->ZN F     NAND3_X2       3  6.5    19    23     534    (-,-) 
  n_8263                                      -       -      -     (net)          -    -     -     -       -    (-,-) 
  g373493/ZN                                  -       A1->ZN R     NOR2_X2        3  7.1    24    37     572    (-,-) 
  n_8342                                      -       -      -     (net)          -    -     -     -       -    (-,-) 
  g373431/ZN                                  -       A1->ZN F     NAND3_X2       3  6.5    19    28     599    (-,-) 
  n_8403                                      -       -      -     (net)          -    -     -     -       -    (-,-) 
  g373370/ZN                                  -       A1->ZN R     NOR2_X2        3  5.8    21    34     633    (-,-) 
  n_8468                                      -       -      -     (net)          -    -     -     -       -    (-,-) 
  g373296/ZN                                  -       A1->ZN R     AND2_X2        3  5.7    11    37     670    (-,-) 
  n_8546                                      -       -      -     (net)          -    -     -     -       -    (-,-) 
  g373205/ZN                                  -       A1->ZN F     NAND2_X1       2  7.6    17    26     696    (-,-) 
  n_8634                                      -       -      -     (net)          -    -     -     -       -    (-,-) 
  g373138/ZN                                  -       A1->ZN R     NOR2_X4        4  7.3    17    27     723    (-,-) 
  n_8693                                      -       -      -     (net)          -    -     -     -       -    (-,-) 
  g373039/ZN                                  -       A1->ZN F     NAND2_X1       2  3.5    11    20     743    (-,-) 
  n_8795                                      -       -      -     (net)          -    -     -     -       -    (-,-) 
  g373007/ZN                                  -       A->ZN  R     INV_X1         2  3.8    12    19     762    (-,-) 
  n_8796                                      -       -      -     (net)          -    -     -     -       -    (-,-) 
  g372939/ZN                                  -       A1->ZN F     NAND2_X1       3  6.5    15    24     785    (-,-) 
  n_8897                                      -       -      -     (net)          -    -     -     -       -    (-,-) 
  g372796/ZN                                  -       A1->ZN R     NOR2_X2        3  5.7    21    32     817    (-,-) 
  n_9052                                      -       -      -     (net)          -    -     -     -       -    (-,-) 
  g372583/ZN                                  -       A1->ZN F     NAND2_X1       2  3.4    11    20     837    (-,-) 
  n_9280                                      -       -      -     (net)          -    -     -     -       -    (-,-) 
  g372487/ZN                                  -       A->ZN  R     INV_X1         1  1.9     8    14     852    (-,-) 
  n_9281                                      -       -      -     (net)          -    -     -     -       -    (-,-) 
  g372244/ZN                                  -       A1->ZN F     NAND3_X1       2  4.7    18    26     878    (-,-) 
  n_9599                                      -       -      -     (net)          -    -     -     -       -    (-,-) 
  g371468/ZN                                  -       B1->ZN R     OAI21_X2       3  6.3    25    38     915    (-,-) 
  n_10355                                     -       -      -     (net)          -    -     -     -       -    (-,-) 
  g383067/Z                                   -       A->Z   R     XOR2_X1        1  1.4    20    49     964    (-,-) 
  n_429                                       -       -      -     (net)          -    -     -     -       -    (-,-) 
  aligner_inst_aligned_mant_out_reg[17][26]/D <<<     -      R     DFFR_X1        1    -     -     0     964    (-,-) 
#---------------------------------------------------------------------------------------------------------------------

Capture clock path:
#---------------------------------------------------------------------------------------------------------------------
#                Timing Point                  Flags   Arc   Edge   Cell     Fanout Load Trans Delay Arrival Instance 
#                                                                                   (fF)  (ps)  (ps)   (ps)  Location 
#---------------------------------------------------------------------------------------------------------------------
  clk                                          (i)     -     R     (arrival)   3117  0.0     0     0    1000    (-,-) 
  clk                                          -       -     -     (net)          -    -     -     -       -    (-,-) 
  clk                                          -       -     -     (net)          -    -     -     -       -    (-,-) 
  aligner_inst_aligned_mant_out_reg[17][26]/CK <<<     -     R     DFFR_X1     3117    -     1     0    1000    (-,-) 
#---------------------------------------------------------------------------------------------------------------------


