============================================================
  Generated by:           Genus(TM) Synthesis Solution 25.11-s095_1
  Generated on:           Mar 11 2026  03:37:27 pm
  Operating conditions:   typical 
  Interconnect mode:      global
  Area mode:              physical library
============================================================

                                 Leakage      Internal                          Library 
   Gate    Instances    Area    Power (nW)   Power (nW)          Library         Domain 
----------------------------------------------------------------------------------------
AND2_X1          224   238.336    5744.316    415370.568 NangateOpenCellLibrary       0 
AND2_X2           79   105.070    4143.673    265928.916 NangateOpenCellLibrary       0 
AND2_X4           27    64.638    2894.724    143673.401 NangateOpenCellLibrary       0 
AND3_X1           10    13.300     307.797     21552.109 NangateOpenCellLibrary       0 
AND3_X2            5     7.980     295.070     14756.310 NangateOpenCellLibrary       0 
AND3_X4            6    17.556     701.017     20563.455 NangateOpenCellLibrary       0 
AND4_X1            9    14.364     287.471      6513.502 NangateOpenCellLibrary       0 
AND4_X2            3     5.586     271.993     10798.215 NangateOpenCellLibrary       0 
AOI211_X1          7     9.310     241.324      5774.727 NangateOpenCellLibrary       0 
AOI21_X1         163   173.432    4315.454    262663.332 NangateOpenCellLibrary       0 
AOI21_X2          79   147.098    4440.919    215493.911 NangateOpenCellLibrary       0 
AOI21_X4          32   110.656    3567.258    181114.002 NangateOpenCellLibrary       0 
AOI221_X1         58    92.568    2005.128    117186.343 NangateOpenCellLibrary       0 
AOI222_X1         40    85.120    1734.677     84604.149 NangateOpenCellLibrary       0 
AOI22_X1         241   320.530    7180.948    356666.767 NangateOpenCellLibrary       0 
AOI22_X2          11    26.334     592.638     26448.145 NangateOpenCellLibrary       0 
AOI22_X4           5    22.610     655.687     17222.218 NangateOpenCellLibrary       0 
BUF_X1             8     6.384     170.387     15894.500 NangateOpenCellLibrary       0 
BUF_X2            42    44.688    1788.212    129590.375 NangateOpenCellLibrary       0 
BUF_X4             3     5.586     257.872     17999.356 NangateOpenCellLibrary       0 
CLKBUF_X1          9     7.182      98.262     16025.009 NangateOpenCellLibrary       0 
CLKBUF_X2          2     2.128      46.076      6906.696 NangateOpenCellLibrary       0 
CLKBUF_X3          1     1.330      35.540      2517.731 NangateOpenCellLibrary       0 
DFFR_X1          129   686.280   11375.927   1505521.910 NangateOpenCellLibrary       0 
FA_X1              6    25.536     423.251     38726.740 NangateOpenCellLibrary       0 
HA_X1             43   114.380    2580.944    180634.023 NangateOpenCellLibrary       0 
INV_X1          2356  1253.392   33835.788   1542560.377 NangateOpenCellLibrary       0 
INV_X16            7    31.654    1607.560     18089.613 NangateOpenCellLibrary       0 
INV_X2           462   368.676   13353.903    632821.469 NangateOpenCellLibrary       0 
INV_X32            2    17.556     918.606     10086.658 NangateOpenCellLibrary       0 
INV_X4           165   219.450    9587.423    389240.004 NangateOpenCellLibrary       0 
INV_X8            34    81.396    3886.295    133040.604 NangateOpenCellLibrary       0 
MUX2_X1          213   396.606    7697.754    567034.314 NangateOpenCellLibrary       0 
MUX2_X2            4     9.576     268.157     24121.314 NangateOpenCellLibrary       0 
NAND2_X1        2681  2139.438   50110.537   2295741.272 NangateOpenCellLibrary       0 
NAND2_X2         821  1091.930   34198.714   1601796.990 NangateOpenCellLibrary       0 
NAND2_X4         306   732.564   27696.494   1060565.855 NangateOpenCellLibrary       0 
NAND3_X1         223   237.272    6075.746    272420.943 NangateOpenCellLibrary       0 
NAND3_X2          69   128.478    3936.787    186591.622 NangateOpenCellLibrary       0 
NAND3_X4          18    62.244    2091.247     70477.615 NangateOpenCellLibrary       0 
NAND4_X1          59    78.470    1889.518     41395.666 NangateOpenCellLibrary       0 
NAND4_X2           9    21.546    1154.798     23727.123 NangateOpenCellLibrary       0 
NAND4_X4          17    81.396    4024.597     61742.501 NangateOpenCellLibrary       0 
NOR2_X1          614   489.972   13009.628    515519.508 NangateOpenCellLibrary       0 
NOR2_X2          152   202.160    6368.974    241043.591 NangateOpenCellLibrary       0 
NOR2_X4           82   196.308    6901.109    234180.541 NangateOpenCellLibrary       0 
NOR3_X1           21    22.344     653.393      8008.426 NangateOpenCellLibrary       0 
NOR3_X2            2     3.724     100.931      1453.382 NangateOpenCellLibrary       0 
NOR4_X1          102   135.660    3439.139     21882.116 NangateOpenCellLibrary       0 
NOR4_X2            1     2.394      80.220        44.455 NangateOpenCellLibrary       0 
OAI211_X1         51    67.830    1491.830    100983.970 NangateOpenCellLibrary       0 
OAI211_X2         10    23.940     506.594     42816.242 NangateOpenCellLibrary       0 
OAI211_X4          9    40.698     966.183     57199.083 NangateOpenCellLibrary       0 
OAI21_X1         405   430.920   12143.365    623781.273 NangateOpenCellLibrary       0 
OAI21_X2         209   389.158   12234.796    653656.321 NangateOpenCellLibrary       0 
OAI21_X4          61   210.938    6972.316    334757.701 NangateOpenCellLibrary       0 
OAI221_X1         39    62.244    2243.383     76846.029 NangateOpenCellLibrary       0 
OAI222_X1         43    91.504    2898.246     90840.207 NangateOpenCellLibrary       0 
OAI22_X1         193   256.690    7983.759    257820.795 NangateOpenCellLibrary       0 
OAI22_X2          14    33.516    1020.840     26853.807 NangateOpenCellLibrary       0 
OAI22_X4           2     9.044     272.208      4187.484 NangateOpenCellLibrary       0 
OR2_X1            89    94.696    2018.020    121710.828 NangateOpenCellLibrary       0 
OR2_X2            17    22.610     779.353     65852.497 NangateOpenCellLibrary       0 
OR2_X4             2     4.788     184.593     12543.657 NangateOpenCellLibrary       0 
OR3_X1             6     7.980     147.172      7124.546 NangateOpenCellLibrary       0 
OR4_X1            36    57.456     991.890     10900.178 NangateOpenCellLibrary       0 
OR4_X2             1     1.862      60.383        66.092 NangateOpenCellLibrary       0 
SDFFR_X1          11    73.150    1188.893    167903.933 NangateOpenCellLibrary       0 
XNOR2_X1         372   593.712   13913.846    963485.428 NangateOpenCellLibrary       0 
XNOR2_X2         319   848.540   23569.792   1626815.916 NangateOpenCellLibrary       0 
XOR2_X1          119   189.924    4244.513    355370.623 NangateOpenCellLibrary       0 
XOR2_X2            4     9.576     285.396     22263.940 NangateOpenCellLibrary       0 
----------------------------------------------------------------------------------------
total          11674 13872.964  385161.253  19657512.917                                
                                            Leakage  Leakage   Internal   Internal 
     Type      Instances    Area   Area % Power (nW) Power %  Power (nW)   Power % 
-----------------------------------------------------------------------------------
sequential           140   759.430    5.5  12564.820     3.3  1673425.842      8.5 
inverter            3026  1972.124   14.2  63189.574    16.4  2725838.725     13.9 
buffer                65    67.298    0.5   2396.349     0.6   188933.667      1.0 
logic               8443 11074.112   79.8 307010.510    79.7 15069314.683     76.7 
physical_cells         0     0.000    0.0      0.000     0.0        0.000      0.0 
-----------------------------------------------------------------------------------
total              11674 13872.964  100.0 385161.253   100.0 19657512.917    100.0 
