============================================================
  Generated by:           Genus(TM) Synthesis Solution 25.11-s095_1
  Generated on:           Mar 09 2026  11:56:49 pm
  Module:                 mul_bf16
  Operating conditions:   typical 
  Interconnect mode:      global
  Area mode:              physical library
============================================================


Path 1: MET (86 ps) Late External Delay Assertion at pin result[14]
           View: view_1p2_25
          Group: clock1
     Startpoint: (R) b_latched_reg[3]/CK
          Clock: (R) clock1
       Endpoint: (R) result[14]
          Clock: (R) clock1

                     Capture       Launch     
        Clock Edge:+    1667            0     
       Src Latency:+       0            0     
       Net Latency:+       0 (I)        0 (I) 
           Arrival:=    1667            0     
                                              
      Output Delay:-       1                  
       Uncertainty:-       0                  
     Required Time:=    1666                  
      Launch Clock:-       0                  
         Data Path:-    1579                  
             Slack:=      86                  

Exceptions/Constraints:
  output_delay              1              mul_bf16.sdc_line_21_33_1   

Launch clock path:
#--------------------------------------------------------------------------------------------
#    Timing Point     Flags   Arc   Edge   Cell     Fanout Load Trans Delay Arrival Instance 
#                                                          (fF)  (ps)  (ps)   (ps)  Location 
#--------------------------------------------------------------------------------------------
  clk                 (i)     -     R     (arrival)     33  0.0     0     0       0    (-,-) 
  clk                 -       -     -     (net)          -    -     -     -       -    (-,-) 
  clk                 -       -     -     (net)          -    -     -     -       -    (-,-) 
  b_latched_reg[3]/CK <<<     -     R     SDFFR_X1      33    -     1     0       0    (-,-) 
#--------------------------------------------------------------------------------------------

#---------------------------------------------------------------------------------------------
#    Timing Point     Flags    Arc   Edge   Cell     Fanout Load Trans Delay Arrival Instance 
#                                                           (fF)  (ps)  (ps)   (ps)  Location 
#---------------------------------------------------------------------------------------------
  b_latched_reg[3]/CK -       -      R     (arrival)     33    -     1     0       0    (-,-) 
  b_latched_reg[3]/Q  -       CK->Q  F     SDFFR_X1      10 15.6    27    98      98    (-,-) 
  b_latched[3]        -       -      -     (net)          -    -     -     -       -    (-,-) 
  g14897__6783/ZN     -       A2->ZN R     NAND2_X1       2  4.4    18    32     130    (-,-) 
  n_50                -       -      -     (net)          -    -     -     -       -    (-,-) 
  g14994__6417/Z      -       A->Z   R     XOR2_X1        2  4.3    34    62     192    (-,-) 
  n_2                 -       -      -     (net)          -    -     -     -       -    (-,-) 
  g14992__1666/Z      -       A->Z   R     XOR2_X1        2  4.4    34    65     258    (-,-) 
  n_4                 -       -      -     (net)          -    -     -     -       -    (-,-) 
  g14755__6417/ZN     -       A->ZN  R     XNOR2_X1       2  4.4    31    52     310    (-,-) 
  n_185               -       -      -     (net)          -    -     -     -       -    (-,-) 
  g14742/ZN           -       A->ZN  F     INV_X1         1  1.7     8    10     319    (-,-) 
  n_197               -       -      -     (net)          -    -     -     -       -    (-,-) 
  g14737__2802/ZN     -       B1->ZN R     AOI21_X1       2  4.6    35    41     360    (-,-) 
  n_202               -       -      -     (net)          -    -     -     -       -    (-,-) 
  g14990__2883/Z      -       B->Z   R     XOR2_X1        2  4.3    34    64     424    (-,-) 
  n_6                 -       -      -     (net)          -    -     -     -       -    (-,-) 
  g14706__5122/ZN     -       A1->ZN F     NAND2_X1       1  1.8    12    18     442    (-,-) 
  n_238               -       -      -     (net)          -    -     -     -       -    (-,-) 
  g14701__6783/ZN     -       A1->ZN R     NAND2_X1       2  4.4    15    23     465    (-,-) 
  n_244               -       -      -     (net)          -    -     -     -       -    (-,-) 
  g14988__9315/Z      -       A->Z   R     XOR2_X1        2  4.3    34    61     526    (-,-) 
  n_8                 -       -      -     (net)          -    -     -     -       -    (-,-) 
  g14671__6131/ZN     -       A->ZN  R     XNOR2_X1       2  4.4    31    52     578    (-,-) 
  n_275               -       -      -     (net)          -    -     -     -       -    (-,-) 
  g14658__8428/ZN     -       A->ZN  R     XNOR2_X1       3  6.2    40    55     633    (-,-) 
  n_289               -       -      -     (net)          -    -     -     -       -    (-,-) 
  g14642__6161/ZN     -       A1->ZN F     AOI22_X1       2  4.0    19    28     661    (-,-) 
  n_303               -       -      -     (net)          -    -     -     -       -    (-,-) 
  g14638__5115/ZN     -       B1->ZN R     AOI21_X1       2  4.4    34    44     705    (-,-) 
  n_306               -       -      -     (net)          -    -     -     -       -    (-,-) 
  g14636/ZN           -       A->ZN  F     INV_X1         1  1.7     9    10     715    (-,-) 
  n_307               -       -      -     (net)          -    -     -     -       -    (-,-) 
  g14635__1881/ZN     -       B1->ZN R     AOI21_X1       2  4.4    34    40     755    (-,-) 
  n_308               -       -      -     (net)          -    -     -     -       -    (-,-) 
  g14633/ZN           -       A->ZN  F     INV_X1         1  1.7     9    10     764    (-,-) 
  n_310               -       -      -     (net)          -    -     -     -       -    (-,-) 
  g14632__7098/ZN     -       B1->ZN R     AOI21_X1       2  4.3    34    39     804    (-,-) 
  n_311               -       -      -     (net)          -    -     -     -       -    (-,-) 
  g14630__5122/ZN     -       A1->ZN F     NAND2_X1       1  1.8    12    18     822    (-,-) 
  n_313               -       -      -     (net)          -    -     -     -       -    (-,-) 
  g14629__1705/ZN     -       A->ZN  R     OAI21_X1       2  4.4    31    28     850    (-,-) 
  n_314               -       -      -     (net)          -    -     -     -       -    (-,-) 
  g14627/ZN           -       A->ZN  F     INV_X1         1  1.7     8    10     859    (-,-) 
  n_316               -       -      -     (net)          -    -     -     -       -    (-,-) 
  g14998/ZN           -       C1->ZN R     AOI211_X1      1  2.0    39    40     899    (-,-) 
  n_440               -       -      -     (net)          -    -     -     -       -    (-,-) 
  g3/ZN               -       A->ZN  F     INV_X1         2  2.9    11    14     913    (-,-) 
  n_441               -       -      -     (net)          -    -     -     -       -    (-,-) 
  g14621__8428/ZN     -       B1->ZN R     OAI21_X1       7 13.0    71    85     998    (-,-) 
  n_322               -       -      -     (net)          -    -     -     -       -    (-,-) 
  g14620/ZN           -       A->ZN  F     INV_X1         8 13.2    28    40    1038    (-,-) 
  n_383               -       -      -     (net)          -    -     -     -       -    (-,-) 
  g14617__6260/ZN     -       B1->ZN R     AOI22_X1       2  5.5    42    68    1106    (-,-) 
  n_327               -       -      -     (net)          -    -     -     -       -    (-,-) 
  g14604__4733/CO     -       B->CO  R     HA_X1          1  3.5    12    44    1151    (-,-) 
  n_338               -       -      -     (net)          -    -     -     -       -    (-,-) 
  g14603__7482/CO     -       A->CO  R     HA_X1          1  3.5    12    36    1187    (-,-) 
  n_340               -       -      -     (net)          -    -     -     -       -    (-,-) 
  g14602__5115/CO     -       A->CO  R     HA_X1          1  3.5    12    36    1223    (-,-) 
  n_342               -       -      -     (net)          -    -     -     -       -    (-,-) 
  g14601__1881/CO     -       A->CO  R     HA_X1          2  5.3    16    41    1264    (-,-) 
  n_345               -       -      -     (net)          -    -     -     -       -    (-,-) 
  g14600__6131/ZN     -       A1->ZN F     NAND2_X1       2  3.5    11    19    1283    (-,-) 
  n_346               -       -      -     (net)          -    -     -     -       -    (-,-) 
  g14599/ZN           -       A->ZN  R     INV_X1         2  3.8    12    19    1302    (-,-) 
  n_347               -       -      -     (net)          -    -     -     -       -    (-,-) 
  g14597__8246/ZN     -       A1->ZN F     NAND2_X1       2  3.4    10    17    1319    (-,-) 
  n_349               -       -      -     (net)          -    -     -     -       -    (-,-) 
  g14596/ZN           -       A->ZN  R     INV_X1         2  5.3    15    22    1341    (-,-) 
  n_350               -       -      -     (net)          -    -     -     -       -    (-,-) 
  g14588__5526/CO     -       A->CO  R     HA_X1          1  3.5    12    37    1378    (-,-) 
  n_357               -       -      -     (net)          -    -     -     -       -    (-,-) 
  g14572__4733/CO     -       A->CO  R     HA_X1          1  3.5    12    36    1414    (-,-) 
  n_367               -       -      -     (net)          -    -     -     -       -    (-,-) 
  g14567__7098/CO     -       A->CO  R     HA_X1          2  3.7    12    37    1451    (-,-) 
  n_371               -       -      -     (net)          -    -     -     -       -    (-,-) 
  g14566__8246/ZN     -       A1->ZN F     NAND2_X1       2  3.5    10    18    1469    (-,-) 
  n_372               -       -      -     (net)          -    -     -     -       -    (-,-) 
  g14565/ZN           -       A->ZN  R     INV_X1         2  3.7    11    18    1487    (-,-) 
  n_373               -       -      -     (net)          -    -     -     -       -    (-,-) 
  g14562__2802/ZN     -       A1->ZN F     NAND2_X1       2  3.5    10    17    1504    (-,-) 
  n_375               -       -      -     (net)          -    -     -     -       -    (-,-) 
  g14561/ZN           -       A->ZN  R     INV_X1         2  3.7    11    18    1523    (-,-) 
  n_376               -       -      -     (net)          -    -     -     -       -    (-,-) 
  g14559__3680/ZN     -       A1->ZN F     NAND2_X1       2  3.5    10    17    1540    (-,-) 
  n_378               -       -      -     (net)          -    -     -     -       -    (-,-) 
  g14558/ZN           -       A->ZN  R     INV_X1         1  2.0     8    14    1554    (-,-) 
  n_379               -       -      -     (net)          -    -     -     -       -    (-,-) 
  g14555__8428/ZN     -       A1->ZN F     NOR2_X1        1  1.8     4     8    1562    (-,-) 
  n_381               -       -      -     (net)          -    -     -     -       -    (-,-) 
  g14551__2398/ZN     -       B1->ZN R     OAI21_X1       1  0.3    12    17    1579    (-,-) 
  result[14]          -       -      -     (net)          -    -     -     -       -    (-,-) 
  result[14]          <<<     -      R     (port)         -    -     -     0    1579    (-,-) 
#---------------------------------------------------------------------------------------------


