============================================================
  Generated by:           Genus(TM) Synthesis Solution 25.11-s095_1
  Generated on:           Jun 13 2026  07:16:54 am
  Module:                 sysarr_32_input_fp_adder
  Operating conditions:   typical 
  Interconnect mode:      global
  Area mode:              physical library
============================================================


Path 1: MET (0 ps) Setup Check with Pin aligner_inst_aligned_mant_out_reg[3][27]/CK->D
           View: view_1p2_25
          Group: clock1
     Startpoint: (R) aligner_inst_max_l3_n0_r_reg[5]/CK
          Clock: (R) clock1
       Endpoint: (F) aligner_inst_aligned_mant_out_reg[3][27]/D
          Clock: (R) clock1

                     Capture       Launch     
        Clock Edge:+    1266            0     
       Src Latency:+       0            0     
       Net Latency:+       0 (I)        0 (I) 
           Arrival:=    1266            0     
                                              
             Setup:-      43                  
       Uncertainty:-       0                  
     Required Time:=    1223                  
      Launch Clock:-       0                  
         Data Path:-    1223                  
             Slack:=       0                  

Launch clock path:
#-----------------------------------------------------------------------------------------------------------
#           Timing Point             Flags   Arc   Edge   Cell     Fanout Load Trans Delay Arrival Instance 
#                                                                         (fF)  (ps)  (ps)   (ps)  Location 
#-----------------------------------------------------------------------------------------------------------
  clk                                (i)     -     R     (arrival)   1679  0.0     0     0       0    (-,-) 
  clk                                -       -     -     (net)          -    -     -     -       -    (-,-) 
  clk                                -       -     -     (net)          -    -     -     -       -    (-,-) 
  aligner_inst_max_l3_n0_r_reg[5]/CK <<<     -     R     DFFR_X1     1679    -     1     0       0    (-,-) 
#-----------------------------------------------------------------------------------------------------------

#--------------------------------------------------------------------------------------------------------------------
#               Timing Point                 Flags    Arc   Edge   Cell     Fanout Load Trans Delay Arrival Instance 
#                                                                                  (fF)  (ps)  (ps)   (ps)  Location 
#--------------------------------------------------------------------------------------------------------------------
  aligner_inst_max_l3_n0_r_reg[5]/CK         -       -      R     (arrival)   1679    -     1     0       0    (-,-) 
  aligner_inst_max_l3_n0_r_reg[5]/QN         -       CK->QN R     DFFR_X1        3  5.8    19    77      77    (-,-) 
  aligner_inst_max_l3_n0_r[5]                -       -      -     (net)          -    -     -     -       -    (-,-) 
  g452310/ZN                                 -       A->ZN  F     INV_X1         1  1.8     6     9      86    (-,-) 
  n_2316                                     -       -      -     (net)          -    -     -     -       -    (-,-) 
  g452274/ZN                                 -       A1->ZN R     NAND2_X1       2  3.7    14    18     105    (-,-) 
  n_2344                                     -       -      -     (net)          -    -     -     -       -    (-,-) 
  g452262/ZN                                 -       A1->ZN R     AND3_X2        1  7.2    14    46     151    (-,-) 
  n_2351                                     -       -      -     (net)          -    -     -     -       -    (-,-) 
  g452257/ZN                                 -       A2->ZN F     NAND3_X4       1  6.0    11    21     172    (-,-) 
  n_2356                                     -       -      -     (net)          -    -     -     -       -    (-,-) 
  g452256/ZN                                 -       A1->ZN R     NAND2_X4       4 14.9    14    20     193    (-,-) 
  n_2361                                     -       -      -     (net)          -    -     -     -       -    (-,-) 
  g452255/ZN                                 -       A->ZN  F     INV_X4         4  9.6     6    10     203    (-,-) 
  n_685                                      -       -      -     (net)          -    -     -     -       -    (-,-) 
  g452246/ZN                                 -       A->ZN  R     INV_X1         1  1.9     7    12     214    (-,-) 
  n_2362                                     -       -      -     (net)          -    -     -     -       -    (-,-) 
  g452237/ZN                                 -       A1->ZN F     NAND2_X1       1  5.9    14    21     235    (-,-) 
  n_2371                                     -       -      -     (net)          -    -     -     -       -    (-,-) 
  g452233/ZN                                 -       A2->ZN R     NAND2_X4       8 30.1    22    34     269    (-,-) 
  n_2375                                     -       -      -     (net)          -    -     -     -       -    (-,-) 
  g452206/ZN                                 -       A->ZN  F     INV_X4         9 18.6    10    16     285    (-,-) 
  n_2378                                     -       -      -     (net)          -    -     -     -       -    (-,-) 
  g451789/ZN                                 -       A1->ZN F     OR2_X1         2  3.5    11    49     334    (-,-) 
  n_2588                                     -       -      -     (net)          -    -     -     -       -    (-,-) 
  g450414/ZN                                 -       A2->ZN R     NAND2_X1       1  1.9    10    18     352    (-,-) 
  n_3775                                     -       -      -     (net)          -    -     -     -       -    (-,-) 
  g450133/ZN                                 -       A1->ZN F     NAND2_X1       2  4.1    11    18     370    (-,-) 
  n_4176                                     -       -      -     (net)          -    -     -     -       -    (-,-) 
  g449755/ZN                                 -       A->ZN  R     INV_X1         1  2.0     8    14     385    (-,-) 
  n_4495                                     -       -      -     (net)          -    -     -     -       -    (-,-) 
  g449374/ZN                                 -       B1->ZN F     OAI21_X1       2  4.1    13    18     403    (-,-) 
  n_4891                                     -       -      -     (net)          -    -     -     -       -    (-,-) 
  g449052/ZN                                 -       A->ZN  R     INV_X1         1  3.4    11    19     422    (-,-) 
  n_5189                                     -       -      -     (net)          -    -     -     -       -    (-,-) 
  g448885/ZN                                 -       B1->ZN F     OAI21_X2       2  4.7    11    16     438    (-,-) 
  n_5369                                     -       -      -     (net)          -    -     -     -       -    (-,-) 
  g448516/ZN                                 -       A1->ZN R     OAI22_X2       2  3.8    31    29     467    (-,-) 
  n_5732                                     -       -      -     (net)          -    -     -     -       -    (-,-) 
  g448380/ZN                                 -       A1->ZN F     NAND3_X1       1  1.8    14    24     491    (-,-) 
  n_5788                                     -       -      -     (net)          -    -     -     -       -    (-,-) 
  g448214/ZN                                 -       A->ZN  R     OAI21_X1       1  1.9    19    23     514    (-,-) 
  n_5931                                     -       -      -     (net)          -    -     -     -       -    (-,-) 
  g447980/ZN                                 -       A1->ZN F     NAND2_X1       3  5.1    16    24     538    (-,-) 
  n_6275                                     -       -      -     (net)          -    -     -     -       -    (-,-) 
  g447569/ZN                                 -       A->ZN  R     AOI21_X1       1  2.0    23    44     582    (-,-) 
  n_6488                                     -       -      -     (net)          -    -     -     -       -    (-,-) 
  g447224/ZN                                 -       A1->ZN F     NOR2_X1        2  3.4    14    14     596    (-,-) 
  n_7034                                     -       -      -     (net)          -    -     -     -       -    (-,-) 
  g447139/ZN                                 -       A->ZN  R     INV_X1         1  2.0     9    16     612    (-,-) 
  n_7035                                     -       -      -     (net)          -    -     -     -       -    (-,-) 
  g446622/ZN                                 -       A1->ZN F     OAI22_X1       1  1.8    24    16     628    (-,-) 
  n_7543                                     -       -      -     (net)          -    -     -     -       -    (-,-) 
  g446458/ZN                                 -       A->ZN  R     AOI21_X1       1  1.9    24    46     675    (-,-) 
  n_7707                                     -       -      -     (net)          -    -     -     -       -    (-,-) 
  g446406/ZN                                 -       A1->ZN R     AND3_X2        2  3.7    11    45     719    (-,-) 
  n_7801                                     -       -      -     (net)          -    -     -     -       -    (-,-) 
  g446313/ZN                                 -       A1->ZN F     NAND4_X1       2  3.5    22    31     750    (-,-) 
  n_7885                                     -       -      -     (net)          -    -     -     -       -    (-,-) 
  g446264/ZN                                 -       A2->ZN R     NAND2_X1       3  7.2    22    37     787    (-,-) 
  n_7929                                     -       -      -     (net)          -    -     -     -       -    (-,-) 
  g446227/ZN                                 -       A1->ZN F     NOR2_X2        2  4.9    20    12     799    (-,-) 
  n_7961                                     -       -      -     (net)          -    -     -     -       -    (-,-) 
  g446182/ZN                                 -       A1->ZN R     NAND2_X1       2  3.8    20    25     824    (-,-) 
  n_8005                                     -       -      -     (net)          -    -     -     -       -    (-,-) 
  g446150/ZN                                 -       A1->ZN F     NAND2_X1       2  4.9    14    24     848    (-,-) 
  n_8038                                     -       -      -     (net)          -    -     -     -       -    (-,-) 
  g446107/ZN                                 -       A1->ZN R     NAND2_X2       5  9.9    17    25     872    (-,-) 
  n_768                                      -       -      -     (net)          -    -     -     -       -    (-,-) 
  g446079/ZN                                 -       A1->ZN F     NAND2_X2       3  9.3    12    22     895    (-,-) 
  n_8108                                     -       -      -     (net)          -    -     -     -       -    (-,-) 
  g445917/ZN                                 -       B1->ZN R     OAI21_X4       2  5.8    19    27     922    (-,-) 
  n_8270                                     -       -      -     (net)          -    -     -     -       -    (-,-) 
  g445795/ZN                                 -       A1->ZN F     NAND2_X2       2  8.3    12    22     943    (-,-) 
  n_8378                                     -       -      -     (net)          -    -     -     -       -    (-,-) 
  g445655/ZN                                 -       A1->ZN R     NOR2_X4        2  5.8    14    23     966    (-,-) 
  n_8499                                     -       -      -     (net)          -    -     -     -       -    (-,-) 
  g445422/ZN                                 -       A1->ZN F     NAND2_X2       2  8.3    12    20     987    (-,-) 
  n_8678                                     -       -      -     (net)          -    -     -     -       -    (-,-) 
  g445041/ZN                                 -       A1->ZN R     NOR2_X4        2  5.8    14    23    1010    (-,-) 
  n_8981                                     -       -      -     (net)          -    -     -     -       -    (-,-) 
  g444810/ZN                                 -       A1->ZN F     NAND2_X2       3 10.0    13    22    1032    (-,-) 
  n_9158                                     -       -      -     (net)          -    -     -     -       -    (-,-) 
  g444521__2802/ZN                           -       A1->ZN R     NOR2_X4        2  5.3    15    23    1054    (-,-) 
  n_9350                                     -       -      -     (net)          -    -     -     -       -    (-,-) 
  g444215__8246/ZN                           -       A1->ZN F     NAND2_X2       2  4.6    10    16    1070    (-,-) 
  n_9528                                     -       -      -     (net)          -    -     -     -       -    (-,-) 
  g443962__2398/ZN                           -       A1->ZN R     NOR2_X2        2  3.8    16    25    1095    (-,-) 
  n_9662                                     -       -      -     (net)          -    -     -     -       -    (-,-) 
  g443430__1617/ZN                           -       A1->ZN F     NOR2_X1        2  5.4    21    16    1112    (-,-) 
  n_9938                                     -       -      -     (net)          -    -     -     -       -    (-,-) 
  g443303__2398/ZN                           -       A1->ZN R     NOR2_X2        2  3.8    17    30    1141    (-,-) 
  n_10005                                    -       -      -     (net)          -    -     -     -       -    (-,-) 
  g443209__1705/ZN                           -       A1->ZN F     NAND2_X1       2  3.5    11    20    1161    (-,-) 
  n_10040                                    -       -      -     (net)          -    -     -     -       -    (-,-) 
  g443036__1705/ZN                           -       A1->ZN R     NAND2_X1       1  3.5    19    20    1180    (-,-) 
  n_10110                                    -       -      -     (net)          -    -     -     -       -    (-,-) 
  g442993__5115/CO                           -       A->CO  R     HA_X1          1  2.0     9    34    1215    (-,-) 
  n_10137                                    -       -      -     (net)          -    -     -     -       -    (-,-) 
  g442988__6131/ZN                           -       A1->ZN F     NOR2_X1        1  1.4    16     8    1223    (-,-) 
  n_10140                                    -       -      -     (net)          -    -     -     -       -    (-,-) 
  aligner_inst_aligned_mant_out_reg[3][27]/D <<<     -      F     DFFR_X1        1    -     -     0    1223    (-,-) 
#--------------------------------------------------------------------------------------------------------------------

Capture clock path:
#--------------------------------------------------------------------------------------------------------------------
#                Timing Point                 Flags   Arc   Edge   Cell     Fanout Load Trans Delay Arrival Instance 
#                                                                                  (fF)  (ps)  (ps)   (ps)  Location 
#--------------------------------------------------------------------------------------------------------------------
  clk                                         (i)     -     R     (arrival)   1679  0.0     0     0    1266    (-,-) 
  clk                                         -       -     -     (net)          -    -     -     -       -    (-,-) 
  clk                                         -       -     -     (net)          -    -     -     -       -    (-,-) 
  aligner_inst_aligned_mant_out_reg[3][27]/CK <<<     -     R     DFFR_X1     1679    -     1     0    1266    (-,-) 
#--------------------------------------------------------------------------------------------------------------------


