============================================================
  Generated by:           Genus(TM) Synthesis Solution 25.11-s095_1
  Generated on:           Jun 12 2026  07:56:42 pm
  Module:                 sysarr_32_input_fp_adder
  Operating conditions:   typical 
  Interconnect mode:      global
  Area mode:              physical library
============================================================


Path 1: MET (0 ps) Setup Check with Pin aligner_inst_aligned_mant_out_reg[3][26]/CK->SE
           View: view_1p2_25
          Group: clock1
     Startpoint: (R) aligner_inst_max_l3_n0_r_reg[6]/CK
          Clock: (R) clock1
       Endpoint: (R) aligner_inst_aligned_mant_out_reg[3][26]/SE
          Clock: (R) clock1

                     Capture       Launch     
        Clock Edge:+    1010            0     
       Src Latency:+       0            0     
       Net Latency:+       0 (I)        0 (I) 
           Arrival:=    1010            0     
                                              
             Setup:-      86                  
       Uncertainty:-       0                  
     Required Time:=     924                  
      Launch Clock:-       0                  
         Data Path:-     924                  
             Slack:=       0                  

Launch clock path:
#-----------------------------------------------------------------------------------------------------------
#           Timing Point             Flags   Arc   Edge   Cell     Fanout Load Trans Delay Arrival Instance 
#                                                                         (fF)  (ps)  (ps)   (ps)  Location 
#-----------------------------------------------------------------------------------------------------------
  clk                                (i)     -     R     (arrival)   1679  0.0     0     0       0    (-,-) 
  clk                                -       -     -     (net)          -    -     -     -       -    (-,-) 
  clk                                -       -     -     (net)          -    -     -     -       -    (-,-) 
  aligner_inst_max_l3_n0_r_reg[6]/CK <<<     -     R     DFFR_X1     1679    -     1     0       0    (-,-) 
#-----------------------------------------------------------------------------------------------------------

#---------------------------------------------------------------------------------------------------------------------
#                Timing Point                 Flags    Arc   Edge   Cell     Fanout Load Trans Delay Arrival Instance 
#                                                                                   (fF)  (ps)  (ps)   (ps)  Location 
#---------------------------------------------------------------------------------------------------------------------
  aligner_inst_max_l3_n0_r_reg[6]/CK          -       -      R     (arrival)   1679    -     1     0       0    (-,-) 
  aligner_inst_max_l3_n0_r_reg[6]/Q           -       CK->Q  R     DFFR_X1        2  3.8    14   105     105    (-,-) 
  n_208                                       -       -      -     (net)          -    -     -     -       -    (-,-) 
  g431840/ZN                                  -       A1->ZN F     NAND2_X1       1  3.6    10    19     124    (-,-) 
  n_2433                                      -       -      -     (net)          -    -     -     -       -    (-,-) 
  g431823/ZN                                  -       B2->ZN R     OAI21_X2       1  3.6    19    33     156    (-,-) 
  n_2451                                      -       -      -     (net)          -    -     -     -       -    (-,-) 
  g431822/ZN                                  -       A->ZN  F     INV_X2         1  6.9     8    13     170    (-,-) 
  n_2452                                      -       -      -     (net)          -    -     -     -       -    (-,-) 
  g431818/ZN                                  -       A2->ZN R     NAND3_X4       5 15.2    17    23     193    (-,-) 
  n_2456                                      -       -      -     (net)          -    -     -     -       -    (-,-) 
  g431808/ZN                                  -       A1->ZN F     NAND2_X1       1  3.2    10    19     211    (-,-) 
  n_2465                                      -       -      -     (net)          -    -     -     -       -    (-,-) 
  g431797/ZN                                  -       A->ZN  R     OAI21_X2       2  7.1    27    25     236    (-,-) 
  n_2482                                      -       -      -     (net)          -    -     -     -       -    (-,-) 
  g431695/ZN                                  -       A->ZN  F     INV_X2         2 17.0    14    23     260    (-,-) 
  n_2485                                      -       -      -     (net)          -    -     -     -       -    (-,-) 
  g431694/ZN                                  -       A->ZN  R     INV_X8        13 49.0    17    27     287    (-,-) 
  n_221                                       -       -      -     (net)          -    -     -     -       -    (-,-) 
  g431673/ZN                                  -       A->ZN  F     INV_X4         9 16.9     8    14     301    (-,-) 
  n_2491                                      -       -      -     (net)          -    -     -     -       -    (-,-) 
  g431672/ZN                                  -       A->ZN  R     INV_X1         2  3.9    12    18     319    (-,-) 
  n_2490                                      -       -      -     (net)          -    -     -     -       -    (-,-) 
  g431159/ZN                                  -       A1->ZN F     NOR2_X1        1  3.2     9    11     330    (-,-) 
  n_2728                                      -       -      -     (net)          -    -     -     -       -    (-,-) 
  g430031/ZN                                  -       A->ZN  R     AOI21_X2       3  4.9    25    42     372    (-,-) 
  n_3970                                      -       -      -     (net)          -    -     -     -       -    (-,-) 
  g429620/ZN                                  -       A1->ZN R     OR2_X1         1  6.3    17    39     412    (-,-) 
  n_4274                                      -       -      -     (net)          -    -     -     -       -    (-,-) 
  g429429/ZN                                  -       A1->ZN F     NAND2_X4      10 21.4    13    24     435    (-,-) 
  n_4603                                      -       -      -     (net)          -    -     -     -       -    (-,-) 
  g428836/ZN                                  -       A->ZN  R     INV_X2         9 16.8    22    32     467    (-,-) 
  n_5061                                      -       -      -     (net)          -    -     -     -       -    (-,-) 
  g428761/ZN                                  -       A1->ZN F     NOR2_X1        3  4.5    10    16     483    (-,-) 
  n_5170                                      -       -      -     (net)          -    -     -     -       -    (-,-) 
  g428176/ZN                                  -       A1->ZN F     AND2_X1        2  3.6     8    32     515    (-,-) 
  n_5730                                      -       -      -     (net)          -    -     -     -       -    (-,-) 
  g427822/ZN                                  -       A3->ZN R     NOR3_X1        1  2.0    29    51     566    (-,-) 
  n_6017                                      -       -      -     (net)          -    -     -     -       -    (-,-) 
  g426374/ZN                                  -       A1->ZN F     OAI22_X1       3  5.9    19    33     599    (-,-) 
  n_7574                                      -       -      -     (net)          -    -     -     -       -    (-,-) 
  g425799/ZN                                  -       A1->ZN R     NOR2_X2        2  3.8    17    29     628    (-,-) 
  n_8132                                      -       -      -     (net)          -    -     -     -       -    (-,-) 
  g425551/ZN                                  -       A1->ZN F     NAND2_X1       3  5.3    14    23     651    (-,-) 
  n_8355                                      -       -      -     (net)          -    -     -     -       -    (-,-) 
  g425476/ZN                                  -       A->ZN  R     INV_X1         1  1.9     9    16     667    (-,-) 
  n_8354                                      -       -      -     (net)          -    -     -     -       -    (-,-) 
  g425466/ZN                                  -       A1->ZN F     NAND2_X1       3  5.9    14    21     688    (-,-) 
  n_8424                                      -       -      -     (net)          -    -     -     -       -    (-,-) 
  g425250/ZN                                  -       A1->ZN R     NOR2_X2        3  7.2    24    35     723    (-,-) 
  n_8633                                      -       -      -     (net)          -    -     -     -       -    (-,-) 
  g425186/ZN                                  -       A1->ZN F     NAND2_X2       4  9.3    14    24     748    (-,-) 
  n_8689                                      -       -      -     (net)          -    -     -     -       -    (-,-) 
  g424993/ZN                                  -       A1->ZN R     NOR2_X2        3  5.7    21    31     779    (-,-) 
  n_8880                                      -       -      -     (net)          -    -     -     -       -    (-,-) 
  g424873/ZN                                  -       A1->ZN F     NAND2_X1       3  5.9    15    26     805    (-,-) 
  n_9002                                      -       -      -     (net)          -    -     -     -       -    (-,-) 
  g424749/ZN                                  -       A1->ZN R     NOR2_X2        4  7.3    24    36     840    (-,-) 
  n_9126                                      -       -      -     (net)          -    -     -     -       -    (-,-) 
  g424622/ZN                                  -       A1->ZN F     NAND2_X1       3  5.2    15    25     866    (-,-) 
  n_9254                                      -       -      -     (net)          -    -     -     -       -    (-,-) 
  g424571/ZN                                  -       A->ZN  R     INV_X1         1  1.9     9    16     882    (-,-) 
  n_9253                                      -       -      -     (net)          -    -     -     -       -    (-,-) 
  g424081/ZN                                  -       A1->ZN F     NAND3_X1       1  3.2    14    22     904    (-,-) 
  n_9674                                      -       -      -     (net)          -    -     -     -       -    (-,-) 
  g423768/ZN                                  -       A1->ZN R     NAND2_X2       3  6.1    19    21     924    (-,-) 
  n_10164                                     -       -      -     (net)          -    -     -     -       -    (-,-) 
  aligner_inst_aligned_mant_out_reg[3][26]/SE <<<     -      R     SDFFR_X1       3    -     -     0     924    (-,-) 
#---------------------------------------------------------------------------------------------------------------------

Capture clock path:
#--------------------------------------------------------------------------------------------------------------------
#                Timing Point                 Flags   Arc   Edge   Cell     Fanout Load Trans Delay Arrival Instance 
#                                                                                  (fF)  (ps)  (ps)   (ps)  Location 
#--------------------------------------------------------------------------------------------------------------------
  clk                                         (i)     -     R     (arrival)   1679  0.0     0     0    1010    (-,-) 
  clk                                         -       -     -     (net)          -    -     -     -       -    (-,-) 
  clk                                         -       -     -     (net)          -    -     -     -       -    (-,-) 
  aligner_inst_aligned_mant_out_reg[3][26]/CK <<<     -     R     SDFFR_X1    1679    -     1     0    1010    (-,-) 
#--------------------------------------------------------------------------------------------------------------------


