============================================================
  Generated by:           Genus(TM) Synthesis Solution 25.11-s095_1
  Generated on:           May 24 2026  09:53:29 am
  Module:                 sysarr_32_input_fp_adder
  Operating conditions:   typical 
  Interconnect mode:      global
  Area mode:              physical library
============================================================


Path 1: VIOLATED (-11 ps) Setup Check with Pin abs_sum_reg[31]/CK->D
           View: view_1p2_25
          Group: clock1
     Startpoint: (R) aligner_inst_aligned_mant_out_reg[8][23]/CK
          Clock: (R) clock1
       Endpoint: (F) abs_sum_reg[31]/D
          Clock: (R) clock1

                     Capture       Launch     
        Clock Edge:+    1000            0     
       Src Latency:+       0            0     
       Net Latency:+       0 (I)        0 (I) 
           Arrival:=    1000            0     
                                              
             Setup:-      40                  
       Uncertainty:-       0                  
     Required Time:=     960                  
      Launch Clock:-       0                  
         Data Path:-     970                  
             Slack:=     -11                  

Launch clock path:
#--------------------------------------------------------------------------------------------------------------------
#                Timing Point                 Flags   Arc   Edge   Cell     Fanout Load Trans Delay Arrival Instance 
#                                                                                  (fF)  (ps)  (ps)   (ps)  Location 
#--------------------------------------------------------------------------------------------------------------------
  clk                                         (i)     -     R     (arrival)   2173  0.0     0     0       0    (-,-) 
  clk                                         -       -     -     (net)          -    -     -     -       -    (-,-) 
  clk                                         -       -     -     (net)          -    -     -     -       -    (-,-) 
  aligner_inst_aligned_mant_out_reg[8][23]/CK <<<     -     R     DFFR_X1     2173    -     1     0       0    (-,-) 
#--------------------------------------------------------------------------------------------------------------------

#-----------------------------------------------------------------------------------------------------------------------
#                 Timing Point                  Flags    Arc   Edge   Cell     Fanout Load Trans Delay Arrival Instance 
#                                                                                     (fF)  (ps)  (ps)   (ps)  Location 
#-----------------------------------------------------------------------------------------------------------------------
  aligner_inst_aligned_mant_out_reg[8][23]/CK   -       -      R     (arrival)   2173    -     1     0       0    (-,-) 
  aligner_inst_aligned_mant_out_reg[8][23]/Q    -       CK->Q  R     DFFR_X1        4  7.5    22   113     113    (-,-) 
  w_aligned_mants[8][23]                        -       -      -     (net)          -    -     -     -       -    (-,-) 
  csa_tree_adder_tree_inst_add_113_30_g71645/ZN -       A->ZN  F     INV_X1         1  1.8     7    10     123    (-,-) 
  csa_tree_adder_tree_inst_add_113_30_n_669     -       -      -     (net)          -    -     -     -       -    (-,-) 
  csa_tree_adder_tree_inst_add_113_30_g70153/ZN -       A1->ZN R     NAND2_X1       1  2.0    10    14     137    (-,-) 
  csa_tree_adder_tree_inst_add_113_30_n_1894    -       -      -     (net)          -    -     -     -       -    (-,-) 
  csa_tree_adder_tree_inst_add_113_30_g69188/ZN -       A2->ZN F     NAND2_X1       1  4.1    11    19     156    (-,-) 
  csa_tree_adder_tree_inst_add_113_30_n_2839    -       -      -     (net)          -    -     -     -       -    (-,-) 
  csa_tree_adder_tree_inst_add_113_30_g68305/ZN -       A->ZN  F     XNOR2_X2       2  3.5    13    37     193    (-,-) 
  csa_tree_adder_tree_inst_add_113_30_n_3504    -       -      -     (net)          -    -     -     -       -    (-,-) 
  csa_tree_adder_tree_inst_add_113_30_g66784/ZN -       A->ZN  R     OAI21_X1       1  1.9    19    22     216    (-,-) 
  csa_tree_adder_tree_inst_add_113_30_n_4564    -       -      -     (net)          -    -     -     -       -    (-,-) 
  csa_tree_adder_tree_inst_add_113_30_g66561/ZN -       A1->ZN F     NAND2_X1       2  4.4    12    22     238    (-,-) 
  csa_tree_adder_tree_inst_add_113_30_n_4757    -       -      -     (net)          -    -     -     -       -    (-,-) 
  csa_tree_adder_tree_inst_add_113_30_g65776/ZN -       A->ZN  R     OAI21_X1       1  1.9    19    22     260    (-,-) 
  csa_tree_adder_tree_inst_add_113_30_n_5340    -       -      -     (net)          -    -     -     -       -    (-,-) 
  csa_tree_adder_tree_inst_add_113_30_g65649/ZN -       A1->ZN F     NAND2_X1       2  5.8    15    25     285    (-,-) 
  csa_tree_adder_tree_inst_add_113_30_n_5467    -       -      -     (net)          -    -     -     -       -    (-,-) 
  csa_tree_adder_tree_inst_add_113_30_g65242/ZN -       A->ZN  F     XNOR2_X2       1  4.1    18    40     325    (-,-) 
  csa_tree_adder_tree_inst_add_113_30_n_5758    -       -      -     (net)          -    -     -     -       -    (-,-) 
  csa_tree_adder_tree_inst_add_113_30_g65078/ZN -       A->ZN  F     XNOR2_X2       1  3.7    10    41     365    (-,-) 
  csa_tree_adder_tree_inst_add_113_30_n_5893    -       -      -     (net)          -    -     -     -       -    (-,-) 
  csa_tree_adder_tree_inst_add_113_30_g64531/S  -       B->S   R     FA_X1          1  3.1    14   122     488    (-,-) 
  csa_tree_adder_tree_inst_add_113_30_n_6373    -       -      -     (net)          -    -     -     -       -    (-,-) 
  csa_tree_adder_tree_inst_add_113_30_g64221/S  -       CI->S  F     FA_X1          4  8.0    22   104     591    (-,-) 
  csa_tree_adder_tree_inst_add_113_30_n_6647    -       -      -     (net)          -    -     -     -       -    (-,-) 
  csa_tree_adder_tree_inst_add_113_30_g64215/ZN -       A->ZN  R     INV_X1         1  1.9    10    19     610    (-,-) 
  csa_tree_adder_tree_inst_add_113_30_n_6646    -       -      -     (net)          -    -     -     -       -    (-,-) 
  csa_tree_adder_tree_inst_add_113_30_g64169/ZN -       A1->ZN F     NAND2_X1       1  5.9    16    22     632    (-,-) 
  csa_tree_adder_tree_inst_add_113_30_n_6694    -       -      -     (net)          -    -     -     -       -    (-,-) 
  csa_tree_adder_tree_inst_add_113_30_g64119/ZN -       A2->ZN R     NAND2_X4       8 16.3    15    26     658    (-,-) 
  n_13120                                       -       -      -     (net)          -    -     -     -       -    (-,-) 
  WALLACE_CSA_DUMMY_OP_groupi_g3553/ZN          -       A->ZN  R     XNOR2_X1       2  3.8    28    45     703    (-,-) 
  WALLACE_CSA_DUMMY_OP_groupi_n_131             -       -      -     (net)          -    -     -     -       -    (-,-) 
  WALLACE_CSA_DUMMY_OP_groupi_g3512/ZN          -       A1->ZN F     NAND2_X1       3  4.0    14    23     726    (-,-) 
  WALLACE_CSA_DUMMY_OP_groupi_n_153             -       -      -     (net)          -    -     -     -       -    (-,-) 
  WALLACE_CSA_DUMMY_OP_groupi_g3394/ZN          -       A2->ZN R     NAND2_X1       1  2.0    11    20     746    (-,-) 
  WALLACE_CSA_DUMMY_OP_groupi_n_241             -       -      -     (net)          -    -     -     -       -    (-,-) 
  WALLACE_CSA_DUMMY_OP_groupi_g3362/ZN          -       A1->ZN R     AND2_X2        2  5.3    10    33     779    (-,-) 
  WALLACE_CSA_DUMMY_OP_groupi_n_278             -       -      -     (net)          -    -     -     -       -    (-,-) 
  WALLACE_CSA_DUMMY_OP_groupi_g3332/ZN          -       B1->ZN F     OAI21_X2       1  5.9    15    17     796    (-,-) 
  WALLACE_CSA_DUMMY_OP_groupi_n_303             -       -      -     (net)          -    -     -     -       -    (-,-) 
  WALLACE_CSA_DUMMY_OP_groupi_g3322/ZN          -       B1->ZN R     AOI21_X4       2  5.3    20    27     823    (-,-) 
  WALLACE_CSA_DUMMY_OP_groupi_n_313             -       -      -     (net)          -    -     -     -       -    (-,-) 
  WALLACE_CSA_DUMMY_OP_groupi_g3315/ZN          -       B1->ZN F     OAI21_X2       1  3.2    10    17     839    (-,-) 
  WALLACE_CSA_DUMMY_OP_groupi_n_320             -       -      -     (net)          -    -     -     -       -    (-,-) 
  WALLACE_CSA_DUMMY_OP_groupi_g3269/ZN          -       A->ZN  R     AOI21_X2       2  5.8    27    45     885    (-,-) 
  WALLACE_CSA_DUMMY_OP_groupi_n_363             -       -      -     (net)          -    -     -     -       -    (-,-) 
  WALLACE_CSA_DUMMY_OP_groupi_g3260/ZN          -       B1->ZN F     OAI21_X2       1  4.1    13    19     904    (-,-) 
  WALLACE_CSA_DUMMY_OP_groupi_n_367             -       -      -     (net)          -    -     -     -       -    (-,-) 
  WALLACE_CSA_DUMMY_OP_groupi_g3245/ZN          -       A->ZN  F     XNOR2_X2       1  3.2    10    38     941    (-,-) 
  n_12398                                       -       -      -     (net)          -    -     -     -       -    (-,-) 
  g220156__6161/ZN                              -       A1->ZN R     NAND2_X2       1  1.9     8    13     954    (-,-) 
  n_12179                                       -       -      -     (net)          -    -     -     -       -    (-,-) 
  g220011__6161/ZN                              -       A1->ZN F     NAND3_X1       1  1.4    10    16     970    (-,-) 
  n_12292                                       -       -      -     (net)          -    -     -     -       -    (-,-) 
  abs_sum_reg[31]/D                             <<<     -      F     DFF_X1         1    -     -     0     970    (-,-) 
#-----------------------------------------------------------------------------------------------------------------------

Capture clock path:
#-------------------------------------------------------------------------------------------
#   Timing Point     Flags   Arc   Edge   Cell     Fanout Load Trans Delay Arrival Instance 
#                                                         (fF)  (ps)  (ps)   (ps)  Location 
#-------------------------------------------------------------------------------------------
  clk                (i)     -     R     (arrival)   2173  0.0     0     0    1000    (-,-) 
  clk                -       -     -     (net)          -    -     -     -       -    (-,-) 
  clk                -       -     -     (net)          -    -     -     -       -    (-,-) 
  abs_sum_reg[31]/CK <<<     -     R     DFF_X1      2173    -     1     0    1000    (-,-) 
#-------------------------------------------------------------------------------------------


