============================================================
  Generated by:           Genus(TM) Synthesis Solution 25.11-s095_1
  Generated on:           Mar 11 2026  06:44:22 am
  Operating conditions:   typical 
  Interconnect mode:      global
  Area mode:              physical library
============================================================

                                Leakage    Internal                          Library 
   Gate    Instances   Area   Power (nW)  Power (nW)          Library         Domain 
-------------------------------------------------------------------------------------
AND2_X1           55   58.520   1382.326    63914.754 NangateOpenCellLibrary       0 
AND3_X1            5    6.650    131.334     3523.290 NangateOpenCellLibrary       0 
AND4_X1            3    4.788     63.050       14.515 NangateOpenCellLibrary       0 
AOI211_X1          8   10.640    280.878    10014.528 NangateOpenCellLibrary       0 
AOI21_X1          37   39.368    987.993    39870.927 NangateOpenCellLibrary       0 
AOI221_X1         14   22.344    477.555    16161.544 NangateOpenCellLibrary       0 
AOI222_X1          9   19.152    336.621    11921.807 NangateOpenCellLibrary       0 
AOI22_X1         172  228.760   5421.623   151286.379 NangateOpenCellLibrary       0 
DFFR_X1          110  585.200   9702.423   887570.442 NangateOpenCellLibrary       0 
FA_X1             27  114.912   2034.331   117249.259 NangateOpenCellLibrary       0 
HA_X1             67  178.220   4026.526   198707.590 NangateOpenCellLibrary       0 
INV_X1           223  118.636   3191.670    95716.554 NangateOpenCellLibrary       0 
INV_X2             2    1.596     57.525      725.839 NangateOpenCellLibrary       0 
INV_X8             1    2.394    111.344     3643.215 NangateOpenCellLibrary       0 
MUX2_X1          261  485.982   9443.175   474561.834 NangateOpenCellLibrary       0 
MUX2_X2            1    2.394     68.189     2787.988 NangateOpenCellLibrary       0 
NAND2_X1         191  152.418   3852.092   107150.123 NangateOpenCellLibrary       0 
NAND2_X4           1    2.394    103.430     1295.580 NangateOpenCellLibrary       0 
NAND3_X1          12   12.768    228.070     6589.726 NangateOpenCellLibrary       0 
NAND4_X1          11   14.630    160.075     1227.234 NangateOpenCellLibrary       0 
NOR2_X1          117   93.366   2500.201    65046.460 NangateOpenCellLibrary       0 
NOR3_X1           11   11.704    327.338     3344.851 NangateOpenCellLibrary       0 
NOR3_X2            2    3.724    114.920     2158.236 NangateOpenCellLibrary       0 
NOR4_X1           30   39.900   1019.346     4209.892 NangateOpenCellLibrary       0 
OAI211_X1          6    7.980    136.829     7035.364 NangateOpenCellLibrary       0 
OAI21_X1          54   57.456   1486.906    57875.880 NangateOpenCellLibrary       0 
OAI21_X2           1    1.862     56.614     1073.645 NangateOpenCellLibrary       0 
OAI21_X4           2    6.916    241.031     8976.798 NangateOpenCellLibrary       0 
OAI221_X1         14   22.344    796.616    17468.919 NangateOpenCellLibrary       0 
OAI222_X1         15   31.920    912.975    23643.406 NangateOpenCellLibrary       0 
OAI22_X1          75   99.750   2900.590    79349.431 NangateOpenCellLibrary       0 
OAI22_X2           1    2.394     81.882     1525.194 NangateOpenCellLibrary       0 
OAI33_X1           4    7.448    149.856     6616.780 NangateOpenCellLibrary       0 
OR2_X1            60   63.840   1397.403    69000.286 NangateOpenCellLibrary       0 
OR3_X1             4    5.320     98.266     3268.833 NangateOpenCellLibrary       0 
OR4_X1             5    7.980    132.661     1714.290 NangateOpenCellLibrary       0 
SDFFR_X1          26  172.900   2808.553   270384.053 NangateOpenCellLibrary       0 
XNOR2_X1          79  126.084   2949.456   125493.193 NangateOpenCellLibrary       0 
XNOR2_X2           2    5.320    142.057     7272.648 NangateOpenCellLibrary       0 
XOR2_X1           78  124.488   2840.714   135279.121 NangateOpenCellLibrary       0 
XOR2_X2            1    2.394     72.593     1939.715 NangateOpenCellLibrary       0 
-------------------------------------------------------------------------------------
total           1797 2956.856  63227.039  3086610.123                                
                                           Leakage  Leakage   Internal  Internal 
     Type      Instances   Area   Area % Power (nW) Power %  Power (nW)  Power % 
---------------------------------------------------------------------------------
sequential           136  758.100   25.6  12510.976    19.8 1157954.495     37.5 
inverter             226  122.626    4.1   3360.539     5.3  100085.608      3.2 
logic               1435 2076.130   70.2  47355.524    74.9 1828570.019     59.2 
physical_cells         0    0.000    0.0      0.000     0.0       0.000      0.0 
---------------------------------------------------------------------------------
total               1797 2956.856  100.0  63227.039   100.0 3086610.123    100.0 
