============================================================
  Generated by:           Genus(TM) Synthesis Solution 25.11-s095_1
  Generated on:           Jun 13 2026  03:00:58 am
  Module:                 sysarr_32_input_fp_adder
  Library domain:         timing_condition_tt_1p2v_25c
    Domain index:         0
    Technology library:   NangateOpenCellLibrary revision 1.0
  Operating conditions:   typical 
  Interconnect mode:      global
  Area mode:              physical library
============================================================

# SETUP                  WNS       TNS    FEP 
# ----------------------------------------------
 View: ALL            -108.2  -18619.1    438 
    Group : in2out       N/A       N/A    N/A 
    Group : in2reg     -90.6   -1227.7     15 
    Group : reg2out   1040.1       0.0      0 
    Group : reg2reg   -108.2  -17391.4    423 

# ----------------------------------------------
# DRV                        WNS  TNS  FEP 
# -------------------------------------------
 View: ALL                                 
    Check: max_transition    N/A  N/A    0 
    Check: max_capacitance   N/A  N/A    0 
    Check: max_fanout        N/A  N/A    0 

# -------------------------------------------
