============================================================
  Generated by:           Genus(TM) Synthesis Solution 25.11-s095_1
  Generated on:           Mar 11 2026  02:30:37 am
  Module:                 sysarr_4_input_fp_adder
  Operating conditions:   typical 
  Interconnect mode:      global
  Area mode:              physical library
============================================================

Timing
--------

Analysis view  Clock Period 
----------------------------
view_1p2_25   clock1 1190.0 


  Analysis    Cost   Critical        Violating 
    View     Group  Path Slack  TNS    Paths   
-----------------------------------------------
view_1p2_25  clock1        0.4  0.0          0 
            default   No paths  0.0          0 
-----------------------------------------------
Total                          -0.0          0 
                                               

Instance Count
--------------
Leaf Instance Count             1995 
Physical Instance count            0 
Sequential Instance Count        136 
Combinational Instance Count    1859 
Hierarchical Instance Count        0 

Area
----
Cell Area                          3115.658
Physical Cell Area                 0.000
Total Cell Area (Cell+Physical)    3115.658
Net Area                           2881.498
Total Area (Cell+Physical+Net)     5997.156

Power
-----
Leakage Power                      70076.718 nW
Dynamic Power                      7604108.208 nW
Total Power                        7674184.926 nW

Max Fanout                         136 (clk)
Min Fanout                         0 (st1_carry_vec[24])
Average Fanout                     2.3
Terms to net ratio                 3.3242
Terms to instance ratio            3.7158
Runtime                            50.954674 seconds
Elapsed Runtime                    60 seconds
Genus peak memory usage            1683.80 
Innovus peak memory usage          no_value 
Hostname                           asicfab.ecn.purdue.edu
