============================================================
  Generated by:           Genus(TM) Synthesis Solution 25.11-s095_1
  Generated on:           Mar 11 2026  02:30:42 am
  Module:                 sysarr_4_input_fp_adder
  Operating conditions:   typical 
  Interconnect mode:      global
  Area mode:              physical library
============================================================


Path 1: MET (0 ps) Setup Check with Pin st1_sum_vec_reg[2]/CK->D
           View: view_1p2_25
          Group: clock1
     Startpoint: (R) add_b[27]
          Clock: (R) clock1
       Endpoint: (F) st1_sum_vec_reg[2]/D
          Clock: (R) clock1

                     Capture       Launch     
        Clock Edge:+    1190            0     
        Drv Adjust:+       0            0     
       Src Latency:+       0            0     
       Net Latency:+       0 (I)        0 (I) 
           Arrival:=    1190            0     
                                              
             Setup:-      43                  
       Uncertainty:-       0                  
     Required Time:=    1148                  
      Launch Clock:-       0                  
       Input Delay:-       1                  
         Data Path:-    1146                  
             Slack:=       0                  

Exceptions/Constraints:
  input_delay              1              sysarr_4_input_fp_ad_line_21_37_1   

#----------------------------------------------------------------------------------------------
#    Timing Point      Flags    Arc   Edge   Cell     Fanout Load Trans Delay Arrival Instance 
#                                                            (fF)  (ps)  (ps)   (ps)  Location 
#----------------------------------------------------------------------------------------------
  add_b[27]            -       -      R     (arrival)      6 11.3     0     0       1    (-,-) 
  add_b[27]            -       -      -     (net)          -    -     -     -       -    (-,-) 
  g81932/ZN            -       A->ZN  F     INV_X1         1  2.9     4     6       7    (-,-) 
  n_60                 -       -      -     (net)          -    -     -     -       -    (-,-) 
  g81861/ZN            -       B1->ZN R     OAI22_X2       1  7.0    39    46      53    (-,-) 
  n_128                -       -      -     (net)          -    -     -     -       -    (-,-) 
  g81778/ZN            -       A2->ZN F     NOR2_X4        1  6.9    11    14      67    (-,-) 
  n_197                -       -      -     (net)          -    -     -     -       -    (-,-) 
  g81661/ZN            -       A2->ZN R     NAND3_X4       1  6.6    12    20      87    (-,-) 
  n_262                -       -      -     (net)          -    -     -     -       -    (-,-) 
  g81649/ZN            -       A1->ZN F     NAND3_X4      15 38.4    31    42     129    (-,-) 
  n_275                -       -      -     (net)          -    -     -     -       -    (-,-) 
  g81637/ZN            -       A1->ZN R     NOR2_X1        1  3.4    25    42     171    (-,-) 
  n_279                -       -      -     (net)          -    -     -     -       -    (-,-) 
  g81623/ZN            -       A->ZN  F     AOI21_X2       4 11.7    18    24     195    (-,-) 
  n_299                -       -      -     (net)          -    -     -     -       -    (-,-) 
  g81457/ZN            -       A2->ZN R     NOR2_X1        1  2.0    17    33     228    (-,-) 
  n_390                -       -      -     (net)          -    -     -     -       -    (-,-) 
  g81363__2802/ZN      -       A2->ZN F     NAND2_X1       2  7.6    17    29     257    (-,-) 
  n_493                -       -      -     (net)          -    -     -     -       -    (-,-) 
  g81353__4319/ZN      -       B2->ZN R     AOI21_X4       3  7.1    22    35     292    (-,-) 
  n_503                -       -      -     (net)          -    -     -     -       -    (-,-) 
  g81345__7410/ZN      -       B1->ZN F     OAI21_X2       2  4.7    14    19     311    (-,-) 
  n_510                -       -      -     (net)          -    -     -     -       -    (-,-) 
  g81309__6417/ZN      -       B1->ZN R     AOI21_X2       1  6.7    29    37     348    (-,-) 
  n_539                -       -      -     (net)          -    -     -     -       -    (-,-) 
  g81299__7482/ZN      -       B1->ZN F     OAI21_X4       3 10.8    13    22     369    (-,-) 
  n_554                -       -      -     (net)          -    -     -     -       -    (-,-) 
  g81294__7098/ZN      -       A1->ZN R     NAND2_X4       7 21.8    19    26     395    (-,-) 
  n_41                 -       -      -     (net)          -    -     -     -       -    (-,-) 
  g81291/ZN            -       A->ZN  F     INV_X4         7 26.8    10    19     414    (-,-) 
  n_42                 -       -      -     (net)          -    -     -     -       -    (-,-) 
  g81290/ZN            -       A->ZN  R     INV_X4         7 15.0    12    19     432    (-,-) 
  n_558                -       -      -     (net)          -    -     -     -       -    (-,-) 
  g81178__6783/Z       -       S->Z   F     MUX2_X1        3  4.5    13    65     498    (-,-) 
  n_621                -       -      -     (net)          -    -     -     -       -    (-,-) 
  g81096__2398/ZN      -       A1->ZN R     NAND2_X1       5 10.9    30    39     537    (-,-) 
  n_715                -       -      -     (net)          -    -     -     -       -    (-,-) 
  g80828__9315/ZN      -       A2->ZN F     NAND2_X1       2  3.5    16    22     559    (-,-) 
  n_944                -       -      -     (net)          -    -     -     -       -    (-,-) 
  g80785__6161/ZN      -       A->ZN  R     OAI21_X1       2  4.3    30    30     589    (-,-) 
  n_984                -       -      -     (net)          -    -     -     -       -    (-,-) 
  g80702__6783/ZN      -       B1->ZN F     AOI21_X1       1  3.0    14    22     612    (-,-) 
  n_1059               -       -      -     (net)          -    -     -     -       -    (-,-) 
  g80524__6417/CO      -       CI->CO F     FA_X1          1  3.4    16    73     684    (-,-) 
  n_1230               -       -      -     (net)          -    -     -     -       -    (-,-) 
  g80468__3680/CO      -       A->CO  F     HA_X1          1  1.7     6    31     716    (-,-) 
  n_1292               -       -      -     (net)          -    -     -     -       -    (-,-) 
  g80452__9945/ZN      -       A1->ZN R     NOR3_X1        1  1.9    28    34     750    (-,-) 
  n_1307               -       -      -     (net)          -    -     -     -       -    (-,-) 
  g80434__6783/ZN      -       A->ZN  F     AOI21_X1       3  6.1    16    25     775    (-,-) 
  n_1338               -       -      -     (net)          -    -     -     -       -    (-,-) 
  g80408__2802/ZN      -       A1->ZN F     AND3_X1        7 12.1    17    50     825    (-,-) 
  n_1362               -       -      -     (net)          -    -     -     -       -    (-,-) 
  g80396/ZN            -       A->ZN  R     INV_X1        10 18.6    45    57     883    (-,-) 
  n_1361               -       -      -     (net)          -    -     -     -       -    (-,-) 
  g80329__2346/ZN      -       A1->ZN F     OAI22_X1       1  1.8    16    25     908    (-,-) 
  n_1431               -       -      -     (net)          -    -     -     -       -    (-,-) 
  g80251__4733/ZN      -       A->ZN  R     AOI221_X1      1  2.5    47    79     987    (-,-) 
  n_1492               -       -      -     (net)          -    -     -     -       -    (-,-) 
  g80193__6260/Z       -       A->Z   R     XOR2_X1        1  3.8    32    64    1051    (-,-) 
  n_1549               -       -      -     (net)          -    -     -     -       -    (-,-) 
  g80073__1705/S       -       B->S   F     FA_X1          1  1.4    14    96    1147    (-,-) 
  n_1649               -       -      -     (net)          -    -     -     -       -    (-,-) 
  st1_sum_vec_reg[2]/D <<<     -      F     DFFR_X1        1    -     -     0    1147    (-,-) 
#----------------------------------------------------------------------------------------------

Capture clock path:
#----------------------------------------------------------------------------------------------
#     Timing Point      Flags   Arc   Edge   Cell     Fanout Load Trans Delay Arrival Instance 
#                                                            (fF)  (ps)  (ps)   (ps)  Location 
#----------------------------------------------------------------------------------------------
  clk                   (i)     -     R     (arrival)    136  0.0     0     0    1190    (-,-) 
  clk                   -       -     -     (net)          -    -     -     -       -    (-,-) 
  clk                   -       -     -     (net)          -    -     -     -       -    (-,-) 
  st1_sum_vec_reg[2]/CK <<<     -     R     DFFR_X1      136    -     1     0    1190    (-,-) 
#----------------------------------------------------------------------------------------------


