============================================================
  Generated by:           Genus(TM) Synthesis Solution 25.11-s095_1
  Generated on:           Jan 23 2026  04:03:19 pm
  Module:                 add_fp16
  Operating conditions:   PVT_1P2V_25C 
  Interconnect mode:      global
  Area mode:              physical library
============================================================

Timing
--------

Analysis view  Clock Period 
----------------------------
view_1p2_25   clock1 1667.0 


  Analysis    Cost   Critical        Violating 
    View     Group  Path Slack  TNS    Paths   
-----------------------------------------------
view_1p2_25  clock1        0.3  0.0          0 
            default   No paths  0.0          0 
-----------------------------------------------
Total                          -0.0          0 
                                               

Instance Count
--------------
Leaf Instance Count             936 
Physical Instance count           0 
Sequential Instance Count        48 
Combinational Instance Count    888 
Hierarchical Instance Count       0 

Area
----
Cell Area                          4702.208
Physical Cell Area                 0.000
Total Cell Area (Cell+Physical)    4702.208
Net Area                           3069.781
Total Area (Cell+Physical+Net)     7771.989

Power
-----
Leakage Power                      2462.189 nW
Dynamic Power                      3535897.980 nW
Total Power                        3538360.169 nW

Max Fanout                         48 (clk)
Min Fanout                         0 (nRST)
Average Fanout                     2.3
Terms to net ratio                 3.2729
Terms to instance ratio            3.4338
Runtime                            49.980963 seconds
Elapsed Runtime                    55 seconds
Genus peak memory usage            1834.27 
Innovus peak memory usage          no_value 
Hostname                           asicfab.ecn.purdue.edu
