============================================================
  Generated by:           Genus(TM) Synthesis Solution 25.11-s095_1
  Generated on:           May 23 2026  02:20:33 pm
  Module:                 sysarr_32_input_fp_adder
  Operating conditions:   typical 
  Interconnect mode:      global
  Area mode:              physical library
============================================================


Path 1: MET (0 ps) Setup Check with Pin aligner_inst_max_l3_n0_r_reg[1]/CK->D
           View: view_1p2_25
          Group: clock1
     Startpoint: (R) in[4][10]
          Clock: (R) clock1
       Endpoint: (F) aligner_inst_max_l3_n0_r_reg[1]/D
          Clock: (R) clock1

                     Capture       Launch     
        Clock Edge:+    1000            0     
        Drv Adjust:+       0            0     
       Src Latency:+       0            0     
       Net Latency:+       0 (I)        0 (I) 
           Arrival:=    1000            0     
                                              
             Setup:-      41                  
       Uncertainty:-       0                  
     Required Time:=     959                  
      Launch Clock:-       0                  
       Input Delay:-       1                  
         Data Path:-     958                  
             Slack:=       0                  

Exceptions/Constraints:
  input_delay              1              sysarr_32_input_fp_a_line_21_438_1   

#-----------------------------------------------------------------------------------------------------------
#           Timing Point            Flags    Arc   Edge   Cell     Fanout Load Trans Delay Arrival Instance 
#                                                                         (fF)  (ps)  (ps)   (ps)  Location 
#-----------------------------------------------------------------------------------------------------------
  in[4][10]                         -       -      R     (arrival)      6  9.9     0     0       1    (-,-) 
  in[4][10]                         -       -      -     (net)          -    -     -     -       -    (-,-) 
  g270870/ZN                        -       A->ZN  F     INV_X1         1  3.2     4     6       8    (-,-) 
  n_10157                           -       -      -     (net)          -    -     -     -       -    (-,-) 
  g315622/ZN                        -       B1->ZN R     AOI22_X2       1  3.8    26    41      48    (-,-) 
  n_25995                           -       -      -     (net)          -    -     -     -       -    (-,-) 
  g269332/ZN                        -       B2->ZN F     AOI21_X2       1  3.0     8    18      66    (-,-) 
  n_11095                           -       -      -     (net)          -    -     -     -       -    (-,-) 
  g269041/ZN                        -       B1->ZN R     OAI21_X2       1  3.4    18    27      92    (-,-) 
  n_11190                           -       -      -     (net)          -    -     -     -       -    (-,-) 
  g268874/ZN                        -       B1->ZN F     AOI21_X2       1  5.9    12    20     112    (-,-) 
  n_11354                           -       -      -     (net)          -    -     -     -       -    (-,-) 
  g268796/ZN                        -       A1->ZN R     OAI22_X4       7 18.3    44    44     156    (-,-) 
  n_11450                           -       -      -     (net)          -    -     -     -       -    (-,-) 
  g268778/ZN                        -       A->ZN  F     INV_X4         5 10.8    12    14     170    (-,-) 
  n_11449                           -       -      -     (net)          -    -     -     -       -    (-,-) 
  g268753/ZN                        -       A1->ZN R     NAND2_X1       1  3.5    13    20     190    (-,-) 
  n_11470                           -       -      -     (net)          -    -     -     -       -    (-,-) 
  g268712/ZN                        -       A->ZN  F     OAI21_X2       3  7.1    12    23     214    (-,-) 
  n_11513                           -       -      -     (net)          -    -     -     -       -    (-,-) 
  g268549/ZN                        -       B2->ZN R     AOI22_X2       1  1.9    21    44     258    (-,-) 
  n_11654                           -       -      -     (net)          -    -     -     -       -    (-,-) 
  g268469/ZN                        -       B1->ZN F     AOI21_X1       1  3.0    11    20     278    (-,-) 
  n_11733                           -       -      -     (net)          -    -     -     -       -    (-,-) 
  g268435/ZN                        -       B1->ZN R     OAI21_X2       2  3.8    19    29     307    (-,-) 
  n_11771                           -       -      -     (net)          -    -     -     -       -    (-,-) 
  g268430/ZN                        -       A->ZN  F     INV_X1         1  3.0     8    12     319    (-,-) 
  n_11772                           -       -      -     (net)          -    -     -     -       -    (-,-) 
  g268409/ZN                        -       B1->ZN R     OAI21_X2       1  3.8    19    27     346    (-,-) 
  n_11792                           -       -      -     (net)          -    -     -     -       -    (-,-) 
  g268398/ZN                        -       B2->ZN F     AOI21_X2       1  3.0    10    17     363    (-,-) 
  n_11804                           -       -      -     (net)          -    -     -     -       -    (-,-) 
  g268388/ZN                        -       B1->ZN R     OAI21_X2       1  6.5    26    35     398    (-,-) 
  n_11813                           -       -      -     (net)          -    -     -     -       -    (-,-) 
  g268383/ZN                        -       A->ZN  F     OAI21_X4       9 19.0    21    30     428    (-,-) 
  n_11824                           -       -      -     (net)          -    -     -     -       -    (-,-) 
  g268328/ZN                        -       B1->ZN R     AOI22_X1       2  3.1    31    53     482    (-,-) 
  n_11879                           -       -      -     (net)          -    -     -     -       -    (-,-) 
  g268294/ZN                        -       A->ZN  F     OAI21_X1       1  1.8    15    24     505    (-,-) 
  n_11905                           -       -      -     (net)          -    -     -     -       -    (-,-) 
  g268269/ZN                        -       A->ZN  R     OAI21_X1       1  1.9    19    24     529    (-,-) 
  n_11926                           -       -      -     (net)          -    -     -     -       -    (-,-) 
  g268252/ZN                        -       A1->ZN F     NAND2_X1       1  1.8     9    16     545    (-,-) 
  n_11949                           -       -      -     (net)          -    -     -     -       -    (-,-) 
  g268248/ZN                        -       A1->ZN R     NAND2_X1       1  2.0    10    15     560    (-,-) 
  n_11953                           -       -      -     (net)          -    -     -     -       -    (-,-) 
  g315614/ZN                        -       A->ZN  F     OAI21_X1       1  1.7    15    18     578    (-,-) 
  n_25987                           -       -      -     (net)          -    -     -     -       -    (-,-) 
  g268228/ZN                        -       B1->ZN R     AOI21_X1       1  2.0    23    30     608    (-,-) 
  n_11974                           -       -      -     (net)          -    -     -     -       -    (-,-) 
  g268221/ZN                        -       A1->ZN F     NOR2_X1        1  3.0    11    14     622    (-,-) 
  n_11980                           -       -      -     (net)          -    -     -     -       -    (-,-) 
  g268215/ZN                        -       A1->ZN R     OAI22_X2       1  6.3    37    36     658    (-,-) 
  n_11987                           -       -      -     (net)          -    -     -     -       -    (-,-) 
  g268214/ZN                        -       A1->ZN F     NAND2_X4       7 13.1    15    23     681    (-,-) 
  n_11990                           -       -      -     (net)          -    -     -     -       -    (-,-) 
  g268193/Z                         -       S->Z   R     MUX2_X1        2  3.9    14    58     740    (-,-) 
  n_12012                           -       -      -     (net)          -    -     -     -       -    (-,-) 
  g313310/ZN                        -       A1->ZN F     NOR2_X1        2  3.6     8    13     752    (-,-) 
  n_23582                           -       -      -     (net)          -    -     -     -       -    (-,-) 
  g268175/ZN                        -       A->ZN  R     INV_X1         1  1.2     6    11     763    (-,-) 
  n_12025                           -       -      -     (net)          -    -     -     -       -    (-,-) 
  g268152/ZN                        -       A2->ZN R     AND3_X1        1  1.9    11    42     805    (-,-) 
  n_12046                           -       -      -     (net)          -    -     -     -       -    (-,-) 
  g268135/ZN                        -       C1->ZN F     OAI221_X1      1  1.8    17    23     828    (-,-) 
  n_12065                           -       -      -     (net)          -    -     -     -       -    (-,-) 
  g313303/ZN                        -       A->ZN  R     INV_X1         1  1.9     9    17     845    (-,-) 
  n_23573                           -       -      -     (net)          -    -     -     -       -    (-,-) 
  g313302/ZN                        -       A1->ZN F     NAND2_X1       2  4.9    12    19     865    (-,-) 
  n_23575                           -       -      -     (net)          -    -     -     -       -    (-,-) 
  g313301/ZN                        -       A->ZN  R     OAI21_X2       6 12.7    40    33     898    (-,-) 
  n_23578                           -       -      -     (net)          -    -     -     -       -    (-,-) 
  g268122/Z                         -       S->Z   F     MUX2_X1        1  1.4    10    62     959    (-,-) 
  n_12077                           -       -      -     (net)          -    -     -     -       -    (-,-) 
  aligner_inst_max_l3_n0_r_reg[1]/D <<<     -      F     DFFR_X1        1    -     -     0     959    (-,-) 
#-----------------------------------------------------------------------------------------------------------

Capture clock path:
#-----------------------------------------------------------------------------------------------------------
#           Timing Point             Flags   Arc   Edge   Cell     Fanout Load Trans Delay Arrival Instance 
#                                                                         (fF)  (ps)  (ps)   (ps)  Location 
#-----------------------------------------------------------------------------------------------------------
  clk                                (i)     -     R     (arrival)   1602  0.0     0     0    1000    (-,-) 
  clk                                -       -     -     (net)          -    -     -     -       -    (-,-) 
  clk                                -       -     -     (net)          -    -     -     -       -    (-,-) 
  aligner_inst_max_l3_n0_r_reg[1]/CK <<<     -     R     DFFR_X1     1602    -     1     0    1000    (-,-) 
#-----------------------------------------------------------------------------------------------------------


