============================================================
  Generated by:           Genus(TM) Synthesis Solution 25.11-s095_1
  Generated on:           Jun 13 2026  04:24:20 am
  Module:                 sysarr_32_input_fp_adder
  Library domain:         timing_condition_tt_1p2v_25c
    Domain index:         0
    Technology library:   NangateOpenCellLibrary revision 1.0
  Operating conditions:   typical 
  Interconnect mode:      global
  Area mode:              physical library
============================================================

Timing
--------

Analysis view  Clock Period 
----------------------------
view_1p2_25   clock1 1190.0 


  Analysis    Cost   Critical           Violating 
    View     Group  Path Slack   TNS      Paths   
--------------------------------------------------
view_1p2_25  clock1      -19.4 -1020.2         70 
            default   No paths     0.0          0 
--------------------------------------------------
Total                          -1020.2         70 
                                                  

Instance Count
--------------
Leaf Instance Count             28656 
Physical Instance count             0 
Sequential Instance Count        1679 
Combinational Instance Count    26977 
Hierarchical Instance Count         7 

Area
----
Cell Area                          52346.259
Physical Cell Area                 0.000
Total Cell Area (Cell+Physical)    52346.259
Net Area                           25.916
Total Area (Cell+Physical+Net)     52372.175

Power
-----
Leakage Power                      448538.410 nW
Dynamic Power                      18291362.609 nW
Total Power                        18739901.019 nW

Max Fanout                         1679 (clk)
Min Fanout                         0 (aligner_inst_n_6209)
Average Fanout                     1.8
Terms to net ratio                 2.6606
Terms to instance ratio            3.2918
Runtime                            46.485533 seconds
Elapsed Runtime                    51 seconds
Genus peak memory usage            1771.65 
Innovus peak memory usage          no_value 
Hostname                           asicfab.ecn.purdue.edu
