============================================================
  Generated by:           Genus(TM) Synthesis Solution 25.11-s095_1
  Generated on:           Mar 10 2026  03:58:41 pm
  Module:                 mul_bf
  Operating conditions:   typical 
  Interconnect mode:      global
  Area mode:              physical library
============================================================


Path 1: MET (1 ps) Setup Check with Pin result_reg[22]/CK->D
           View: view_1p2_25
          Group: clock1
     Startpoint: (F) b[5]
          Clock: (R) clock1
       Endpoint: (R) result_reg[22]/D
          Clock: (R) clock1

                     Capture       Launch     
        Clock Edge:+    1515            0     
        Drv Adjust:+       0            0     
       Src Latency:+       0            0     
       Net Latency:+       0 (I)        0 (I) 
           Arrival:=    1515            0     
                                              
             Setup:-      40                  
       Uncertainty:-       0                  
     Required Time:=    1475                  
      Launch Clock:-       0                  
       Input Delay:-       1                  
         Data Path:-    1473                  
             Slack:=       1                  

Exceptions/Constraints:
  input_delay              1              mul_bf.sdc_line_20_28_1   

#------------------------------------------------------------------------------------------
#  Timing Point    Flags    Arc   Edge   Cell     Fanout Load Trans Delay Arrival Instance 
#                                                        (fF)  (ps)  (ps)   (ps)  Location 
#------------------------------------------------------------------------------------------
  b[5]             -       -      F     (arrival)     11 22.4     0     0       1    (-,-) 
  b[5]             -       -      -     (net)          -    -     -     -       -    (-,-) 
  g13321__5107/ZN  -       A2->ZN R     NAND2_X2       3  6.2    12    16      17    (-,-) 
  n_55             -       -      -     (net)          -    -     -     -       -    (-,-) 
  g13206__8428/ZN  -       A->ZN  R     XNOR2_X1       2  3.8    28    44      61    (-,-) 
  n_107            -       -      -     (net)          -    -     -     -       -    (-,-) 
  g13176/ZN        -       A->ZN  F     INV_X1         1  1.8     8    10      70    (-,-) 
  n_108            -       -      -     (net)          -    -     -     -       -    (-,-) 
  g13167__4733/ZN  -       A1->ZN R     NAND2_X1       2  3.7    14    19      90    (-,-) 
  n_166            -       -      -     (net)          -    -     -     -       -    (-,-) 
  g13149__2346/ZN  -       A1->ZN F     NAND2_X1       2  4.5    12    20     110    (-,-) 
  n_224            -       -      -     (net)          -    -     -     -       -    (-,-) 
  g13094__7482/ZN  -       B->ZN  R     XNOR2_X1       3  5.6    37    53     163    (-,-) 
  n_244            -       -      -     (net)          -    -     -     -       -    (-,-) 
  g13074__4319/ZN  -       A1->ZN F     NAND2_X1       2  3.5    15    24     187    (-,-) 
  n_268            -       -      -     (net)          -    -     -     -       -    (-,-) 
  g13065__7098/ZN  -       A2->ZN R     NAND2_X1       1  1.9    10    20     207    (-,-) 
  n_270            -       -      -     (net)          -    -     -     -       -    (-,-) 
  g13052__2398/ZN  -       A1->ZN F     NAND2_X1       1  1.8     7    13     220    (-,-) 
  n_284            -       -      -     (net)          -    -     -     -       -    (-,-) 
  g13047__2883/ZN  -       A2->ZN R     NAND2_X1       2  4.4    15    22     243    (-,-) 
  n_304            -       -      -     (net)          -    -     -     -       -    (-,-) 
  g13025__1705/ZN  -       A->ZN  R     XNOR2_X1       2  3.6    28    44     287    (-,-) 
  n_330            -       -      -     (net)          -    -     -     -       -    (-,-) 
  g13374/Z         -       A->Z   R     XOR2_X1        2  4.5    35    65     352    (-,-) 
  n_478            -       -      -     (net)          -    -     -     -       -    (-,-) 
  g12996__5115/ZN  -       B1->ZN F     AOI21_X1       2  4.6    17    28     380    (-,-) 
  n_350            -       -      -     (net)          -    -     -     -       -    (-,-) 
  g12990__6131/ZN  -       A1->ZN R     NOR2_X2        3  7.1    24    36     416    (-,-) 
  n_351            -       -      -     (net)          -    -     -     -       -    (-,-) 
  g12986__8246/ZN  -       B1->ZN F     OAI21_X2       3  5.8    13    21     437    (-,-) 
  n_356            -       -      -     (net)          -    -     -     -       -    (-,-) 
  g12984__1705/ZN  -       B1->ZN R     AOI21_X1       2  4.3    34    41     478    (-,-) 
  n_357            -       -      -     (net)          -    -     -     -       -    (-,-) 
  g12981__1617/ZN  -       B1->ZN F     AOI21_X1       2  4.2    16    26     504    (-,-) 
  n_361            -       -      -     (net)          -    -     -     -       -    (-,-) 
  g12979__6783/ZN  -       A1->ZN R     NAND2_X1       1  2.0    11    19     523    (-,-) 
  n_362            -       -      -     (net)          -    -     -     -       -    (-,-) 
  g12978__8428/ZN  -       A->ZN  F     OAI21_X1       2  4.2    14    24     547    (-,-) 
  n_363            -       -      -     (net)          -    -     -     -       -    (-,-) 
  g12976__4319/ZN  -       B1->ZN R     OAI21_X1       2  4.4    31    42     590    (-,-) 
  n_365            -       -      -     (net)          -    -     -     -       -    (-,-) 
  g12973__5107/ZN  -       A1->ZN F     NOR2_X1        1  1.7    10    11     601    (-,-) 
  n_366            -       -      -     (net)          -    -     -     -       -    (-,-) 
  g12972__5477/ZN  -       A1->ZN R     NOR2_X1        2  4.4    28    38     638    (-,-) 
  n_368            -       -      -     (net)          -    -     -     -       -    (-,-) 
  g12969__6417/ZN  -       A1->ZN F     NOR2_X1        3  7.3    13    22     660    (-,-) 
  n_372            -       -      -     (net)          -    -     -     -       -    (-,-) 
  g12963__2346/ZN  -       A->ZN  F     XNOR2_X1       2  4.4    19    45     706    (-,-) 
  n_377            -       -      -     (net)          -    -     -     -       -    (-,-) 
  g12961__9315/ZN  -       A1->ZN R     NAND2_X1       1  1.9    10    20     725    (-,-) 
  n_378            -       -      -     (net)          -    -     -     -       -    (-,-) 
  g12960__4733/ZN  -       A1->ZN F     NAND2_X1       2  4.2    11    18     744    (-,-) 
  n_381            -       -      -     (net)          -    -     -     -       -    (-,-) 
  g12957__7482/ZN  -       A1->ZN R     OAI22_X1       1  2.0    31    30     773    (-,-) 
  n_382            -       -      -     (net)          -    -     -     -       -    (-,-) 
  g12956/ZN        -       A->ZN  F     INV_X1         2  4.1    11    16     789    (-,-) 
  n_385            -       -      -     (net)          -    -     -     -       -    (-,-) 
  g12953__1881/ZN  -       A1->ZN R     NAND2_X1       1  1.9    10    16     805    (-,-) 
  n_386            -       -      -     (net)          -    -     -     -       -    (-,-) 
  g12951__8246/ZN  -       A1->ZN F     NAND2_X1       1  3.0     9    16     821    (-,-) 
  n_390            -       -      -     (net)          -    -     -     -       -    (-,-) 
  g12947__1705/CO  -       CI->CO F     FA_X1          1  3.0    15    70     891    (-,-) 
  n_395            -       -      -     (net)          -    -     -     -       -    (-,-) 
  g12945__2802/CO  -       CI->CO F     FA_X1          1  3.0    15    72     963    (-,-) 
  n_397            -       -      -     (net)          -    -     -     -       -    (-,-) 
  g12941__6783/CO  -       CI->CO F     FA_X1          1  1.8    13    69    1032    (-,-) 
  n_404            -       -      -     (net)          -    -     -     -       -    (-,-) 
  g12940/ZN        -       A->ZN  R     INV_X1         2  4.6    13    22    1054    (-,-) 
  n_407            -       -      -     (net)          -    -     -     -       -    (-,-) 
  g12936__4319/S   -       A->S   R     HA_X1          3  4.8    36    64    1118    (-,-) 
  n_411            -       -      -     (net)          -    -     -     -       -    (-,-) 
  g12935__5107/ZN  -       A1->ZN R     OR4_X1         1  2.0     9    34    1151    (-,-) 
  n_412            -       -      -     (net)          -    -     -     -       -    (-,-) 
  g12933__6417/ZN  -       A->ZN  F     OAI21_X1       2  3.1    16    21    1172    (-,-) 
  mul_ovf          -       -      -     (net)          -    -     -     -       -    (-,-) 
  g12932__7410/ZN  -       A1->ZN R     NOR3_X2        9 17.0    76    91    1263    (-,-) 
  n_422            -       -      -     (net)          -    -     -     -       -    (-,-) 
  g12930/ZN        -       A->ZN  F     INV_X1         2  3.3    18    15    1278    (-,-) 
  n_426            -       -      -     (net)          -    -     -     -       -    (-,-) 
  g12922__1881/ZN  -       A1->ZN R     NOR3_X1        5 11.1    93   111    1389    (-,-) 
  n_433            -       -      -     (net)          -    -     -     -       -    (-,-) 
  g12917/ZN        -       A->ZN  F     INV_X2        11 18.1    28    33    1422    (-,-) 
  n_458            -       -      -     (net)          -    -     -     -       -    (-,-) 
  g12882__2398/ZN  -       B1->ZN R     OAI221_X1      1  1.4    34    52    1474    (-,-) 
  n_461            -       -      -     (net)          -    -     -     -       -    (-,-) 
  result_reg[22]/D <<<     -      R     DFFR_X1        1    -     -     0    1474    (-,-) 
#------------------------------------------------------------------------------------------

Capture clock path:
#------------------------------------------------------------------------------------------
#   Timing Point    Flags   Arc   Edge   Cell     Fanout Load Trans Delay Arrival Instance 
#                                                        (fF)  (ps)  (ps)   (ps)  Location 
#------------------------------------------------------------------------------------------
  clk               (i)     -     R     (arrival)     25  0.0     0     0    1515    (-,-) 
  clk               -       -     -     (net)          -    -     -     -       -    (-,-) 
  clk               -       -     -     (net)          -    -     -     -       -    (-,-) 
  result_reg[22]/CK <<<     -     R     DFFR_X1       25    -     1     0    1515    (-,-) 
#------------------------------------------------------------------------------------------


