============================================================
  Generated by:           Genus(TM) Synthesis Solution 25.11-s095_1
  Generated on:           May 24 2026  08:34:57 am
  Module:                 sysarr_32_input_fp_adder
  Operating conditions:   typical 
  Interconnect mode:      global
  Area mode:              physical library
============================================================

Timing
--------

Analysis view  Clock Period 
----------------------------
view_1p2_25   clock1 1000.0 


  Analysis    Cost   Critical        Violating 
    View     Group  Path Slack  TNS    Paths   
-----------------------------------------------
view_1p2_25  clock1        0.0  0.0          0 
            default   No paths  0.0          0 
-----------------------------------------------
Total                          -0.0          0 
                                               

Instance Count
--------------
Leaf Instance Count             20566 
Physical Instance count             0 
Sequential Instance Count        2650 
Combinational Instance Count    17916 
Hierarchical Instance Count         0 

Area
----
Cell Area                          33577.712
Physical Cell Area                 0.000
Total Cell Area (Cell+Physical)    33577.712
Net Area                           25691.251
Total Area (Cell+Physical+Net)     59268.963

Power
-----
Leakage Power                      735180.003 nW
Dynamic Power                      74465846.143 nW
Total Power                        75201026.146 nW

Max Fanout                         2650 (clk)
Min Fanout                         0 (adder_tree_inst_s0_g4_r[2])
Average Fanout                     2.1
Terms to net ratio                 3.3029
Terms to instance ratio            3.4546
Runtime                            50.008933999999996 seconds
Elapsed Runtime                    54 seconds
Genus peak memory usage            1774.46 
Innovus peak memory usage          no_value 
Hostname                           asicfab.ecn.purdue.edu
