============================================================
  Generated by:           Genus(TM) Synthesis Solution 25.11-s095_1
  Generated on:           Mar 10 2026  04:49:20 pm
  Operating conditions:   typical 
  Interconnect mode:      global
  Area mode:              physical library
============================================================

                               Leakage    Internal                         Library 
   Gate    Instances   Area  Power (nW)  Power (nW)         Library         Domain 
-----------------------------------------------------------------------------------
AND2_X1           18  19.152    463.542   10573.338 NangateOpenCellLibrary       0 
AND2_X2            4   5.320    205.270    2612.507 NangateOpenCellLibrary       0 
AND3_X1            2   2.660     53.218     196.145 NangateOpenCellLibrary       0 
AND3_X2            1   1.596     63.471     789.852 NangateOpenCellLibrary       0 
AND4_X1            1   1.596     23.611     325.891 NangateOpenCellLibrary       0 
AOI211_X1          1   1.330     38.532     513.375 NangateOpenCellLibrary       0 
AOI21_X1          12  12.768    352.512    6376.354 NangateOpenCellLibrary       0 
AOI21_X2           1   1.862     54.330     660.840 NangateOpenCellLibrary       0 
AOI221_X1          2   3.192     80.408    1560.558 NangateOpenCellLibrary       0 
AOI22_X1           8  10.640    219.927    7568.093 NangateOpenCellLibrary       0 
DFFR_X1           25 133.000   2203.209  188228.876 NangateOpenCellLibrary       0 
FA_X1              8  34.048    593.280   23188.822 NangateOpenCellLibrary       0 
HA_X1             17  45.220   1059.728   20341.474 NangateOpenCellLibrary       0 
INV_X1            80  42.560   1167.569   18022.623 NangateOpenCellLibrary       0 
INV_X2             5   3.990    152.653    3272.955 NangateOpenCellLibrary       0 
INV_X4             1   1.330     65.915     432.488 NangateOpenCellLibrary       0 
MUX2_X1            3   5.586    104.793    1847.232 NangateOpenCellLibrary       0 
NAND2_X1          83  66.234   1554.534   20564.324 NangateOpenCellLibrary       0 
NAND2_X2           8  10.640    298.274    3035.827 NangateOpenCellLibrary       0 
NAND2_X4           5  11.970    347.866    3387.331 NangateOpenCellLibrary       0 
NAND3_X1           7   7.448    105.368    2011.046 NangateOpenCellLibrary       0 
NAND4_X1           5   6.650     83.234     650.929 NangateOpenCellLibrary       0 
NOR2_X1           46  36.708    978.369    9579.026 NangateOpenCellLibrary       0 
NOR2_X2            5   6.650    205.037    1683.433 NangateOpenCellLibrary       0 
NOR3_X1            4   4.256    103.079    1858.213 NangateOpenCellLibrary       0 
NOR3_X2            3   5.586    156.094    2870.268 NangateOpenCellLibrary       0 
NOR4_X1            7   9.310    233.097     919.600 NangateOpenCellLibrary       0 
OAI211_X1          2   2.660     85.952    1133.175 NangateOpenCellLibrary       0 
OAI21_X1          27  28.728    735.565   16231.389 NangateOpenCellLibrary       0 
OAI21_X2           5   9.310    234.968    3267.266 NangateOpenCellLibrary       0 
OAI221_X1          1   1.596     57.189    1523.658 NangateOpenCellLibrary       0 
OAI22_X1          13  17.290    516.642   13661.345 NangateOpenCellLibrary       0 
OR2_X1             8   8.512    180.428    3585.892 NangateOpenCellLibrary       0 
OR2_X2             2   2.660     93.052    3772.133 NangateOpenCellLibrary       0 
OR3_X1             1   1.330     24.048     359.436 NangateOpenCellLibrary       0 
OR4_X1             1   1.596     26.956     608.419 NangateOpenCellLibrary       0 
XNOR2_X1          30  47.880   1092.699   33510.785 NangateOpenCellLibrary       0 
XNOR2_X2           5  13.300    354.073    6383.334 NangateOpenCellLibrary       0 
XOR2_X1           13  20.748    482.910   16991.553 NangateOpenCellLibrary       0 
-----------------------------------------------------------------------------------
total            470 646.912  14851.404  434099.806                                
                                          Leakage  Leakage  Internal  Internal 
     Type      Instances   Area  Area % Power (nW) Power % Power (nW)  Power % 
-------------------------------------------------------------------------------
sequential            25 133.000   20.6   2203.209    14.8 188228.876     43.4 
inverter              86  47.880    7.4   1386.137     9.3  21728.065      5.0 
logic                359 466.032   72.0  11262.058    75.8 224142.865     51.6 
physical_cells         0   0.000    0.0      0.000     0.0      0.000      0.0 
-------------------------------------------------------------------------------
total                470 646.912  100.0  14851.404   100.0 434099.806    100.0 
