============================================================
  Generated by:           Genus(TM) Synthesis Solution 25.11-s095_1
  Generated on:           Jan 31 2026  07:12:17 pm
  Operating conditions:   PVT_1P2V_25C 
  Interconnect mode:      global
  Area mode:              physical library
============================================================

                         Leakage   Internal          Library 
 Gate  Instances  Area Power (nW) Power (nW) Library  Domain 
-------------------------------------------------------------
-------------------------------------------------------------
total          0 0.000      0.000      0.000                 
                                        Leakage  Leakage  Internal  Internal 
     Type      Instances  Area Area % Power (nW) Power % Power (nW)  Power % 
-----------------------------------------------------------------------------
sequential            30 0.000    0.0    195.617    14.8      0.000      0.0 
inverter               2 0.000    0.0      3.524     0.3    150.566      0.0 
logic               1116 0.000    0.0   1118.738    84.9 316940.981    100.0 
physical_cells         0 0.000    0.0      0.000     0.0      0.000      0.0 
-----------------------------------------------------------------------------
total               1148 0.000    0.0   1317.879   100.0 317091.547    100.0 
