============================================================
  Generated by:           Genus(TM) Synthesis Solution 25.11-s095_1
  Generated on:           Mar 10 2026  12:59:42 pm
  Module:                 mul_bf
  Operating conditions:   typical 
  Interconnect mode:      global
  Area mode:              physical library
============================================================


Path 1: MET (0 ps) Setup Check with Pin result_reg[22]/CK->D
           View: view_1p2_25
          Group: clock1
     Startpoint: (F) b[5]
          Clock: (R) clock1
       Endpoint: (R) result_reg[22]/D
          Clock: (R) clock1

                     Capture       Launch     
        Clock Edge:+    1111            0     
        Drv Adjust:+       0            0     
       Src Latency:+       0            0     
       Net Latency:+       0 (I)        0 (I) 
           Arrival:=    1111            0     
                                              
             Setup:-      40                  
       Uncertainty:-       0                  
     Required Time:=    1071                  
      Launch Clock:-       0                  
       Input Delay:-       1                  
         Data Path:-    1070                  
             Slack:=       0                  

Exceptions/Constraints:
  input_delay              1              mul_bf.sdc_line_20_28_1   

#------------------------------------------------------------------------------------------
#  Timing Point    Flags    Arc   Edge   Cell     Fanout Load Trans Delay Arrival Instance 
#                                                        (fF)  (ps)  (ps)   (ps)  Location 
#------------------------------------------------------------------------------------------
  b[5]             -       -      F     (arrival)     11 26.7     0     0       1    (-,-) 
  b[5]             -       -      -     (net)          -    -     -     -       -    (-,-) 
  g18523__5477/ZN  -       A2->ZN R     NAND2_X2       3  8.1    15    18      19    (-,-) 
  n_97             -       -      -     (net)          -    -     -     -       -    (-,-) 
  g18405__9945/ZN  -       B->ZN  R     XNOR2_X2       1  4.6    21    40      59    (-,-) 
  n_99             -       -      -     (net)          -    -     -     -       -    (-,-) 
  g18581/Z         -       A->Z   R     XOR2_X2        2  6.2    28    58     117    (-,-) 
  n_600            -       -      -     (net)          -    -     -     -       -    (-,-) 
  g18221__2883/ZN  -       A->ZN  R     XNOR2_X2       2  6.9    27    46     164    (-,-) 
  n_323            -       -      -     (net)          -    -     -     -       -    (-,-) 
  g18168__1666/ZN  -       B->ZN  R     XNOR2_X2       3  7.3    28    46     210    (-,-) 
  n_366            -       -      -     (net)          -    -     -     -       -    (-,-) 
  g18140__4733/ZN  -       A->ZN  R     XNOR2_X2       1  4.3    21    43     253    (-,-) 
  n_367            -       -      -     (net)          -    -     -     -       -    (-,-) 
  g18121__2346/ZN  -       A->ZN  R     XNOR2_X2       1  2.5    17    39     292    (-,-) 
  n_396            -       -      -     (net)          -    -     -     -       -    (-,-) 
  g18107__1617/ZN  -       A->ZN  R     XNOR2_X1       2  5.4    36    49     341    (-,-) 
  n_434            -       -      -     (net)          -    -     -     -       -    (-,-) 
  g18096__9315/ZN  -       A1->ZN F     NAND2_X1       2  3.5    15    24     365    (-,-) 
  n_464            -       -      -     (net)          -    -     -     -       -    (-,-) 
  g18088__8428/ZN  -       A->ZN  R     OAI21_X1       1  2.0    20    24     389    (-,-) 
  n_465            -       -      -     (net)          -    -     -     -       -    (-,-) 
  g18086/ZN        -       A->ZN  F     INV_X1         1  3.2     8    12     401    (-,-) 
  n_468            -       -      -     (net)          -    -     -     -       -    (-,-) 
  g18070__7410/ZN  -       A->ZN  R     OAI21_X2       2  3.8    19    20     421    (-,-) 
  n_474            -       -      -     (net)          -    -     -     -       -    (-,-) 
  g18069__2346/ZN  -       A1->ZN R     OR2_X1         2  3.7    12    32     453    (-,-) 
  n_475            -       -      -     (net)          -    -     -     -       -    (-,-) 
  g18067__9945/ZN  -       A1->ZN F     NAND2_X1       2  3.5    10    17     470    (-,-) 
  n_477            -       -      -     (net)          -    -     -     -       -    (-,-) 
  g18063__4733/ZN  -       B1->ZN R     OAI21_X1       2  4.4    31    41     511    (-,-) 
  n_482            -       -      -     (net)          -    -     -     -       -    (-,-) 
  g18060__5115/ZN  -       A1->ZN F     NOR2_X1        2  3.4    11    15     526    (-,-) 
  n_483            -       -      -     (net)          -    -     -     -       -    (-,-) 
  g18059/ZN        -       A->ZN  R     INV_X1         1  1.9     8    14     540    (-,-) 
  n_484            -       -      -     (net)          -    -     -     -       -    (-,-) 
  g18055__5122/ZN  -       A1->ZN F     NAND2_X1       1  1.7     7    12     552    (-,-) 
  n_488            -       -      -     (net)          -    -     -     -       -    (-,-) 
  g18048__3680/ZN  -       C1->ZN R     AOI211_X1      1  2.0    39    39     592    (-,-) 
  n_491            -       -      -     (net)          -    -     -     -       -    (-,-) 
  g18045__4319/ZN  -       A1->ZN F     OAI22_X1       2  4.1    18    31     623    (-,-) 
  n_496            -       -      -     (net)          -    -     -     -       -    (-,-) 
  g18044/ZN        -       A->ZN  R     INV_X1         1  1.9     9    17     640    (-,-) 
  n_497            -       -      -     (net)          -    -     -     -       -    (-,-) 
  g18043__6260/ZN  -       A1->ZN F     NAND2_X1       2  3.5    10    16     657    (-,-) 
  n_499            -       -      -     (net)          -    -     -     -       -    (-,-) 
  g18041__5477/ZN  -       A1->ZN R     NAND4_X1       2  3.7    19    23     680    (-,-) 
  n_504            -       -      -     (net)          -    -     -     -       -    (-,-) 
  g18037__6417/ZN  -       A1->ZN F     NAND3_X1       2  3.8    17    27     707    (-,-) 
  n_507            -       -      -     (net)          -    -     -     -       -    (-,-) 
  g18036__2883/ZN  -       A1->ZN R     NAND2_X1       3  6.4    20    30     737    (-,-) 
  n_511            -       -      -     (net)          -    -     -     -       -    (-,-) 
  g18023__1881/Z   -       S->Z   F     MUX2_X1        2  3.5    12    65     802    (-,-) 
  n_521            -       -      -     (net)          -    -     -     -       -    (-,-) 
  g18020__5122/ZN  -       A1->ZN F     OR3_X2        10 16.3    20    77     879    (-,-) 
  n_577            -       -      -     (net)          -    -     -     -       -    (-,-) 
  g18010__5107/ZN  -       A2->ZN F     OR3_X1         1  1.7    13    80     959    (-,-) 
  n_532            -       -      -     (net)          -    -     -     -       -    (-,-) 
  g18009__5477/ZN  -       A1->ZN F     OR2_X2        15 24.8    20    63    1022    (-,-) 
  n_567            -       -      -     (net)          -    -     -     -       -    (-,-) 
  g17961__1617/ZN  -       B1->ZN R     OAI221_X1      1  1.4    34    48    1071    (-,-) 
  n_570            -       -      -     (net)          -    -     -     -       -    (-,-) 
  result_reg[22]/D <<<     -      R     DFFR_X1        1    -     -     0    1071    (-,-) 
#------------------------------------------------------------------------------------------

Capture clock path:
#------------------------------------------------------------------------------------------
#   Timing Point    Flags   Arc   Edge   Cell     Fanout Load Trans Delay Arrival Instance 
#                                                        (fF)  (ps)  (ps)   (ps)  Location 
#------------------------------------------------------------------------------------------
  clk               (i)     -     R     (arrival)     25  0.0     0     0    1111    (-,-) 
  clk               -       -     -     (net)          -    -     -     -       -    (-,-) 
  clk               -       -     -     (net)          -    -     -     -       -    (-,-) 
  result_reg[22]/CK <<<     -     R     DFFR_X1       25    -     1     0    1111    (-,-) 
#------------------------------------------------------------------------------------------


