============================================================
  Generated by:           Genus(TM) Synthesis Solution 25.11-s095_1
  Generated on:           Mar 10 2026  09:20:45 pm
  Module:                 add_bf16_1C
  Library domain:         timing_condition_tt_1p2v_25c
    Domain index:         0
    Technology library:   NangateOpenCellLibrary revision 1.0
  Operating conditions:   typical 
  Interconnect mode:      global
  Area mode:              physical library
============================================================

Timing
--------

Analysis view  Clock Period 
----------------------------
view_1p2_25   clock1 1176.0 


  Analysis    Cost   Critical        Violating 
    View     Group  Path Slack  TNS    Paths   
-----------------------------------------------
view_1p2_25  clock1        1.2  0.0          0 
            default   No paths  0.0          0 
-----------------------------------------------
Total                          -0.0          0 
                                               

Instance Count
--------------
Leaf Instance Count             778 
Physical Instance count           0 
Sequential Instance Count        33 
Combinational Instance Count    745 
Hierarchical Instance Count       0 

Area
----
Cell Area                          977.816
Physical Cell Area                 0.000
Total Cell Area (Cell+Physical)    977.816
Net Area                           1036.447
Total Area (Cell+Physical+Net)     2014.263

Power
-----
Leakage Power                      23245.989 nW
Dynamic Power                      1962839.183 nW
Total Power                        1986085.172 nW

Max Fanout                         33 (clk)
Min Fanout                         0 (nRST)
Average Fanout                     2.2
Terms to net ratio                 3.2191
Terms to instance ratio            3.3805
Runtime                            44.982681 seconds
Elapsed Runtime                    53 seconds
Genus peak memory usage            1653.69 
Innovus peak memory usage          no_value 
Hostname                           asicfab.ecn.purdue.edu
