============================================================
  Generated by:           Genus(TM) Synthesis Solution 25.11-s095_1
  Generated on:           Apr 01 2026  08:46:30 pm
  Module:                 lane
  Library domain:         timing_condition_tt_1p2v_25c
    Domain index:         0
    Technology libraries: MITLL90_STDLIB_8T.tt1p2v25c 1.0
                          MITLL90_IOPads_5_1_1.tt1p2v25c 1.0
  Operating conditions:   PVT_1P2V_25C 
  Interconnect mode:      global
  Area mode:              physical library
============================================================

Timing
--------

Analysis view  Clock Period 
----------------------------
view_1p2_25   clock1 1667.0 


  Analysis    Cost   Critical        Violating 
    View     Group  Path Slack  TNS    Paths   
-----------------------------------------------
view_1p2_25  clock1        0.0  0.0          0 
            default   No paths  0.0          0 
-----------------------------------------------
Total                          -0.0          0 
                                               

Instance Count
--------------
Leaf Instance Count             2762 
Physical Instance count            0 
Sequential Instance Count        468 
Combinational Instance Count    2294 
Hierarchical Instance Count        1 

Area
----
Cell Area                          18882.304
Physical Cell Area                 0.000
Total Cell Area (Cell+Physical)    18882.304
Net Area                           9080.805
Total Area (Cell+Physical+Net)     27963.109

Power
-----
Leakage Power                      9706.126 nW
Dynamic Power                      12263785.801 nW
Total Power                        12273491.927 nW

Max Fanout                         436 (CLK)
Min Fanout                         0 (nRST)
Average Fanout                     2.4
Terms to net ratio                 3.4141
Terms to instance ratio            3.6416
Runtime                            86.84387 seconds
Elapsed Runtime                    96 seconds
Genus peak memory usage            2607.34 
Innovus peak memory usage          no_value 
Hostname                           asicfab.ecn.purdue.edu
