============================================================
  Generated by:           Genus(TM) Synthesis Solution 25.11-s095_1
  Generated on:           Apr 14 2026  11:38:02 am
  Operating conditions:   typical 
  Interconnect mode:      global
  Area mode:              physical library
============================================================

                                 Leakage      Internal                          Library 
   Gate    Instances    Area    Power (nW)   Power (nW)          Library         Domain 
----------------------------------------------------------------------------------------
AND2_X1          530   563.920   12514.249    153782.249 NangateOpenCellLibrary       0 
AOI211_X1          1     1.330      31.481       629.663 NangateOpenCellLibrary       0 
AOI21_X1          14    14.896     313.414      6569.721 NangateOpenCellLibrary       0 
AOI21_X2           1     1.862      34.099       929.545 NangateOpenCellLibrary       0 
AOI221_X1         41    65.436    1513.097     43194.600 NangateOpenCellLibrary       0 
AOI222_X1        174   370.272    7641.305    173575.404 NangateOpenCellLibrary       0 
AOI22_X1        1295  1722.350   36404.410   1219486.224 NangateOpenCellLibrary       0 
DFFR_X1            6    31.920     528.692     27206.859 NangateOpenCellLibrary       0 
DFFR_X2            3    17.556     388.663     17266.782 NangateOpenCellLibrary       0 
HA_X1              5    13.300     301.586      7532.219 NangateOpenCellLibrary       0 
INV_X1           476   253.232    6772.550    183635.114 NangateOpenCellLibrary       0 
INV_X16            6    27.132    1485.427     22020.762 NangateOpenCellLibrary       0 
INV_X2             2     1.596      53.663       793.265 NangateOpenCellLibrary       0 
INV_X32            6    52.668    2879.767     40045.744 NangateOpenCellLibrary       0 
INV_X4             1     1.330      43.803       761.626 NangateOpenCellLibrary       0 
INV_X8             5    11.970     552.619     11758.780 NangateOpenCellLibrary       0 
MUX2_X1         3319  6179.978  118577.080   3906235.500 NangateOpenCellLibrary       0 
NAND2_X1         111    88.578    2007.829     30038.442 NangateOpenCellLibrary       0 
NAND2_X4           1     2.394      68.119      1608.477 NangateOpenCellLibrary       0 
NAND3_X1          29    30.856     473.455      5118.423 NangateOpenCellLibrary       0 
NOR2_X1           92    73.416    2042.367     29011.362 NangateOpenCellLibrary       0 
NOR2_X2           16    21.280     635.537      7769.888 NangateOpenCellLibrary       0 
NOR2_X4            2     4.788     180.438      1745.526 NangateOpenCellLibrary       0 
NOR3_X1            2     2.128      47.273       384.610 NangateOpenCellLibrary       0 
OAI211_X1          9    11.970     399.616     11607.440 NangateOpenCellLibrary       0 
OAI21_X1          20    21.280     592.959     12836.728 NangateOpenCellLibrary       0 
OAI21_X2          15    27.930     669.600      9315.399 NangateOpenCellLibrary       0 
OAI221_X1        516   823.536   25111.100    851076.222 NangateOpenCellLibrary       0 
OAI222_X1          3     6.384     183.325      2704.645 NangateOpenCellLibrary       0 
OAI22_X1         565   751.450   21430.344    603163.760 NangateOpenCellLibrary       0 
OR2_X1            28    29.792     623.856      7810.410 NangateOpenCellLibrary       0 
OR2_X2             1     1.330      45.195       893.181 NangateOpenCellLibrary       0 
OR2_X4             2     4.788     184.008      5677.867 NangateOpenCellLibrary       0 
OR3_X1             2     2.660      49.535       105.658 NangateOpenCellLibrary       0 
SDFFR_X1        1121  7454.650  119368.745   8387112.314 NangateOpenCellLibrary       0 
XOR2_X1            9    14.364     327.980      9382.459 NangateOpenCellLibrary       0 
----------------------------------------------------------------------------------------
total           8429 18704.322  364477.186  15792786.866                                
                                            Leakage  Leakage   Internal   Internal 
     Type      Instances    Area   Area % Power (nW) Power %  Power (nW)   Power % 
-----------------------------------------------------------------------------------
sequential          1130  7504.126   40.1 120286.100    33.0  8431585.955     53.4 
inverter             496   347.928    1.9  11787.829     3.2   259015.292      1.6 
logic_abstract        32     0.000    0.0      0.000     0.0        0.000      0.0 
logic               6803 10852.268   58.0 232403.257    63.8  7102185.620     45.0 
physical_cells         0     0.000    0.0      0.000     0.0        0.000      0.0 
-----------------------------------------------------------------------------------
total               8461 18704.322  100.0 364477.186   100.0 15792786.866    100.0 