============================================================
  Generated by:           Genus(TM) Synthesis Solution 25.11-s095_1
  Generated on:           Apr 14 2026  11:39:42 pm
  Module:                 vector_datapath
  Operating conditions:   typical 
  Interconnect mode:      global
  Area mode:              physical library
============================================================

Timing
--------

Analysis view  Clock Period 
----------------------------
view_1p2_25   clock1 1250.0 


  Analysis    Cost   Critical        Violating 
    View     Group  Path Slack  TNS    Paths   
-----------------------------------------------
view_1p2_25  clock1        0.0  0.0          0 
            default   No paths  0.0          0 
-----------------------------------------------
Total                          -0.0          0 
                                               

Instance Count
--------------
Leaf Instance Count             55441 
Physical Instance count             0 
Sequential Instance Count       12889 
Combinational Instance Count    42552 
Hierarchical Instance Count        20 

Area
----
Cell Area                          124707.450
Physical Cell Area                 0.000
Total Cell Area (Cell+Physical)    124707.450
Net Area                           84879.949
Total Area (Cell+Physical+Net)     209587.399

Power
-----
Leakage Power                      2420934.166 nW
Dynamic Power                      138509511.491 nW
Total Power                        140930445.657 nW

Max Fanout                         12377 (CLK)
Min Fanout                         0 (lane_gen[0].lane_inst_mult_mul_mul_start)
Average Fanout                     2.4
Terms to net ratio                 3.5423
Terms to instance ratio            4.1693
Runtime                            89.775747 seconds
Elapsed Runtime                    93 seconds
Genus peak memory usage            2183.23 
Innovus peak memory usage          no_value 
Hostname                           asicfab.ecn.purdue.edu
