============================================================
  Generated by:           Genus(TM) Synthesis Solution 25.11-s095_1
  Generated on:           Apr 13 2026  05:39:45 pm
  Operating conditions:   typical 
  Interconnect mode:      global
  Area mode:              physical library
============================================================

                                Leakage     Internal                          Library 
   Gate    Instances   Area    Power (nW)  Power (nW)          Library         Domain 
--------------------------------------------------------------------------------------
AND2_X1          553  588.392   14081.227   127744.800 NangateOpenCellLibrary       0 
AND2_X4            1    2.394      91.445     1322.246 NangateOpenCellLibrary       0 
AND3_X1            4    5.320      98.019     1328.697 NangateOpenCellLibrary       0 
AND4_X1            9   14.364     389.529     4937.706 NangateOpenCellLibrary       0 
AOI21_X1           4    4.256     103.829     2465.381 NangateOpenCellLibrary       0 
AOI221_X1          3    4.788     141.175     2530.178 NangateOpenCellLibrary       0 
AOI222_X1         23   48.944     972.081    10715.698 NangateOpenCellLibrary       0 
AOI22_X1         523  695.590   15394.297   406132.546 NangateOpenCellLibrary       0 
BUF_X1            16   12.768     354.729    12613.222 NangateOpenCellLibrary       0 
CLKBUF_X1          8    6.384      99.450     2544.963 NangateOpenCellLibrary       0 
DFFR_X1           12   63.840    1056.157    72600.960 NangateOpenCellLibrary       0 
HA_X1              3    7.980     169.422     4053.039 NangateOpenCellLibrary       0 
INV_X1           537  285.684    8899.735   168737.257 NangateOpenCellLibrary       0 
INV_X16            2    9.044     449.767     4509.647 NangateOpenCellLibrary       0 
INV_X8             1    2.394      85.594      911.464 NangateOpenCellLibrary       0 
MUX2_X1            2    3.724      64.922     1553.846 NangateOpenCellLibrary       0 
NAND2_X1          40   31.920     568.633     6655.709 NangateOpenCellLibrary       0 
NAND3_X1          12   12.768     467.780     3883.283 NangateOpenCellLibrary       0 
NOR2_X1           18   14.364     420.517     4099.133 NangateOpenCellLibrary       0 
NOR2_X4            1    2.394      74.087     1638.325 NangateOpenCellLibrary       0 
NOR3_X1            5    5.320     152.453      694.462 NangateOpenCellLibrary       0 
NOR4_X1            1    1.330      28.050      411.448 NangateOpenCellLibrary       0 
OAI21_X1           8    8.512     212.616     4284.015 NangateOpenCellLibrary       0 
OAI221_X1          2    3.192      97.989     2718.174 NangateOpenCellLibrary       0 
OAI22_X1           2    2.660      70.117     1694.633 NangateOpenCellLibrary       0 
OR2_X1             5    5.320     111.770     3987.068 NangateOpenCellLibrary       0 
OR2_X4             1    2.394      89.418     1194.308 NangateOpenCellLibrary       0 
OR3_X1             1    1.330      25.149      231.222 NangateOpenCellLibrary       0 
SDFFR_X1         618 4109.700   67184.726  3177761.041 NangateOpenCellLibrary       0 
XNOR2_X1           1    1.596      34.131     1395.884 NangateOpenCellLibrary       0 
--------------------------------------------------------------------------------------
total           2416 5958.666  111988.815  4035350.354                                
                                           Leakage  Leakage   Internal  Internal 
     Type      Instances   Area   Area % Power (nW) Power %  Power (nW)  Power % 
---------------------------------------------------------------------------------
sequential           630 4173.540   70.0  68240.884    60.9 3250362.001     80.5 
inverter             540  297.122    5.0   9435.096     8.4  174158.368      4.3 
buffer                24   19.152    0.3    454.179     0.4   15158.184      0.4 
logic               1222 1468.852   24.7  33858.656    30.2  595671.801     14.8 
physical_cells         0    0.000    0.0      0.000     0.0       0.000      0.0 
---------------------------------------------------------------------------------
total               2416 5958.666  100.0 111988.815   100.0 4035350.354    100.0 
