============================================================
  Generated by:           Genus(TM) Synthesis Solution 25.11-s095_1
  Generated on:           Feb 01 2026  12:33:46 am
  Module:                 add_bf16
  Operating conditions:   PVT_1P2V_25C 
  Interconnect mode:      global
  Area mode:              physical library
============================================================

Timing
--------

Analysis view  Clock Period 
----------------------------
view_1p2_25   clock1 1905.0 


  Analysis    Cost   Critical        Violating 
    View     Group  Path Slack  TNS    Paths   
-----------------------------------------------
view_1p2_25  clock1        1.2  0.0          0 
            default   No paths  0.0          0 
-----------------------------------------------
Total                          -0.0          0 
                                               

Instance Count
--------------
Leaf Instance Count             661 
Physical Instance count           0 
Sequential Instance Count        30 
Combinational Instance Count    631 
Hierarchical Instance Count       0 

Area
----
Cell Area                          3284.198
Physical Cell Area                 0.000
Total Cell Area (Cell+Physical)    3284.198
Net Area                           2204.616
Total Area (Cell+Physical+Net)     5488.814

Power
-----
Leakage Power                      1731.370 nW
Dynamic Power                      1812822.916 nW
Total Power                        1814554.286 nW

Max Fanout                         30 (clk)
Min Fanout                         0 (nRST)
Average Fanout                     2.3
Terms to net ratio                 3.2751
Terms to instance ratio            3.4584
Runtime                            62.996634 seconds
Elapsed Runtime                    68 seconds
Genus peak memory usage            2184.53 
Innovus peak memory usage          no_value 
Hostname                           asicfab.ecn.purdue.edu
