============================================================
  Generated by:           Genus(TM) Synthesis Solution 25.11-s095_1
  Generated on:           May 23 2026  04:46:24 pm
  Module:                 sysarr_32_input_fp_adder
  Operating conditions:   typical 
  Interconnect mode:      global
  Area mode:              physical library
============================================================

Timing
--------

Analysis view  Clock Period 
----------------------------
view_1p2_25   clock1 1000.0 


  Analysis    Cost   Critical        Violating 
    View     Group  Path Slack  TNS    Paths   
-----------------------------------------------
view_1p2_25  clock1        0.0  0.0          0 
            default   No paths  0.0          0 
-----------------------------------------------
Total                          -0.0          0 
                                               

Instance Count
--------------
Leaf Instance Count             18755 
Physical Instance count             0 
Sequential Instance Count        2787 
Combinational Instance Count    15968 
Hierarchical Instance Count         0 

Area
----
Cell Area                          32694.858
Physical Cell Area                 0.000
Total Cell Area (Cell+Physical)    32694.858
Net Area                           23791.025
Total Area (Cell+Physical+Net)     56485.883

Power
-----
Leakage Power                      692406.087 nW
Dynamic Power                      71421278.787 nW
Total Power                        72113684.874 nW

Max Fanout                         2787 (clk)
Min Fanout                         0 (adder_tree_inst_s0_g0_r[28])
Average Fanout                     2.1
Terms to net ratio                 3.3484
Terms to instance ratio            3.5589
Runtime                            51.010985 seconds
Elapsed Runtime                    54 seconds
Genus peak memory usage            1769.23 
Innovus peak memory usage          no_value 
Hostname                           asicfab.ecn.purdue.edu
