============================================================
  Generated by:           Genus(TM) Synthesis Solution 25.11-s095_1
  Generated on:           Mar 10 2026  08:13:20 pm
  Module:                 add_bf16_1C
  Operating conditions:   typical 
  Interconnect mode:      global
  Area mode:              physical library
============================================================


Path 1: MET (0 ps) Late External Delay Assertion at pin bf_out[12]
           View: view_1p2_25
          Group: clock1
     Startpoint: (R) bf2_in_reg[7]/CK
          Clock: (R) clock1
       Endpoint: (R) bf_out[12]
          Clock: (R) clock1

                     Capture       Launch     
        Clock Edge:+    1087            0     
       Src Latency:+       0            0     
       Net Latency:+       0 (I)        0 (I) 
           Arrival:=    1087            0     
                                              
      Output Delay:-       1                  
       Uncertainty:-       0                  
     Required Time:=    1086                  
      Launch Clock:-       0                  
         Data Path:-    1086                  
             Slack:=       0                  

Exceptions/Constraints:
  output_delay              1              add_bf16_1C.sdc_line_21_36_1   

Launch clock path:
#-----------------------------------------------------------------------------------------
#  Timing Point    Flags   Arc   Edge   Cell     Fanout Load Trans Delay Arrival Instance 
#                                                       (fF)  (ps)  (ps)   (ps)  Location 
#-----------------------------------------------------------------------------------------
  clk              (i)     -     R     (arrival)     33  0.0     0     0       0    (-,-) 
  clk              -       -     -     (net)          -    -     -     -       -    (-,-) 
  clk              -       -     -     (net)          -    -     -     -       -    (-,-) 
  bf2_in_reg[7]/CK <<<     -     R     DFFR_X1       33    -     1     0       0    (-,-) 
#-----------------------------------------------------------------------------------------

#------------------------------------------------------------------------------------------
#  Timing Point    Flags    Arc   Edge   Cell     Fanout Load Trans Delay Arrival Instance 
#                                                        (fF)  (ps)  (ps)   (ps)  Location 
#------------------------------------------------------------------------------------------
  bf2_in_reg[7]/CK -       -      R     (arrival)     33    -     1     0       0    (-,-) 
  bf2_in_reg[7]/QN -       CK->QN F     DFFR_X1        1  1.8    12    65      65    (-,-) 
  bf2_in[7]        -       -      -     (net)          -    -     -     -       -    (-,-) 
  g36278/ZN        -       A->ZN  R     INV_X1         3  7.3    19    28      93    (-,-) 
  n_15             -       -      -     (net)          -    -     -     -       -    (-,-) 
  g36234__5526/ZN  -       A1->ZN F     NAND2_X1       3 10.6    22    35     128    (-,-) 
  n_93             -       -      -     (net)          -    -     -     -       -    (-,-) 
  g36062__1617/ZN  -       B2->ZN R     OAI21_X2       2  3.1    18    36     164    (-,-) 
  n_148            -       -      -     (net)          -    -     -     -       -    (-,-) 
  g36039__3680/ZN  -       A1->ZN R     OR2_X1         1  1.9     8    27     191    (-,-) 
  n_177            -       -      -     (net)          -    -     -     -       -    (-,-) 
  g36018__8428/ZN  -       A2->ZN F     NAND3_X1       1  3.2    15    24     215    (-,-) 
  n_215            -       -      -     (net)          -    -     -     -       -    (-,-) 
  g36005__7482/ZN  -       A1->ZN R     NAND3_X2       1  6.3    15    23     237    (-,-) 
  n_236            -       -      -     (net)          -    -     -     -       -    (-,-) 
  g35995__7410/ZN  -       A1->ZN F     NAND2_X4      15 46.6    24    36     274    (-,-) 
  n_306            -       -      -     (net)          -    -     -     -       -    (-,-) 
  g35987__6131/ZN  -       A1->ZN R     NAND2_X4       5 17.2    16    28     302    (-,-) 
  n_307            -       -      -     (net)          -    -     -     -       -    (-,-) 
  g35984/ZN        -       A->ZN  F     INV_X2         3  7.8     8    13     315    (-,-) 
  n_331            -       -      -     (net)          -    -     -     -       -    (-,-) 
  g35949__6161/ZN  -       A1->ZN R     AOI22_X1       5  8.7    57    67     382    (-,-) 
  n_391            -       -      -     (net)          -    -     -     -       -    (-,-) 
  g35900__5477/ZN  -       B1->ZN F     OAI22_X1       1  3.2    17    33     414    (-,-) 
  n_361            -       -      -     (net)          -    -     -     -       -    (-,-) 
  g35829__5477/ZN  -       A->ZN  R     AOI21_X2       1  6.7    29    51     465    (-,-) 
  n_431            -       -      -     (net)          -    -     -     -       -    (-,-) 
  g35812__9315/ZN  -       B1->ZN F     OAI21_X4       4  9.6    17    21     486    (-,-) 
  n_450            -       -      -     (net)          -    -     -     -       -    (-,-) 
  g35805__6131/ZN  -       A1->ZN R     NAND2_X2       4  9.1    22    26     511    (-,-) 
  n_486            -       -      -     (net)          -    -     -     -       -    (-,-) 
  g35803/ZN        -       A->ZN  F     INV_X2         6 10.2    10    16     528    (-,-) 
  n_522            -       -      -     (net)          -    -     -     -       -    (-,-) 
  g35800__2398/ZN  -       A1->ZN R     NAND2_X1       1  4.3    15    21     549    (-,-) 
  n_470            -       -      -     (net)          -    -     -     -       -    (-,-) 
  g35790__6131/ZN  -       A->ZN  R     XNOR2_X2       2  4.7    22    40     589    (-,-) 
  n_498            -       -      -     (net)          -    -     -     -       -    (-,-) 
  g35775__6417/ZN  -       A1->ZN R     AND2_X1        2  5.4    16    45     634    (-,-) 
  n_524            -       -      -     (net)          -    -     -     -       -    (-,-) 
  g35729__6783/CO  -       A->CO  R     HA_X1          1  3.5    13    38     671    (-,-) 
  n_526            -       -      -     (net)          -    -     -     -       -    (-,-) 
  g35689__6260/CO  -       A->CO  R     HA_X1          2  3.7    13    37     708    (-,-) 
  n_565            -       -      -     (net)          -    -     -     -       -    (-,-) 
  g35685__7410/ZN  -       A1->ZN F     NAND2_X1       3  6.3    15    24     732    (-,-) 
  n_596            -       -      -     (net)          -    -     -     -       -    (-,-) 
  g35667__1705/ZN  -       A1->ZN R     NOR2_X2        3  5.6    21    31     763    (-,-) 
  n_619            -       -      -     (net)          -    -     -     -       -    (-,-) 
  g35650__6161/ZN  -       A1->ZN F     NAND2_X1       2  2.8    11    18     782    (-,-) 
  n_634            -       -      -     (net)          -    -     -     -       -    (-,-) 
  g35628__6417/ZN  -       A1->ZN F     OR2_X1         2  3.4    11    49     831    (-,-) 
  n_675            -       -      -     (net)          -    -     -     -       -    (-,-) 
  g35603__5526/ZN  -       B1->ZN R     AOI21_X1       1  2.0    23    28     860    (-,-) 
  n_677            -       -      -     (net)          -    -     -     -       -    (-,-) 
  g35557__6131/ZN  -       A2->ZN F     NAND2_X1       2  3.4    11    21     880    (-,-) 
  n_713            -       -      -     (net)          -    -     -     -       -    (-,-) 
  g35549/ZN        -       A->ZN  R     INV_X1         1  3.6    11    18     898    (-,-) 
  n_714            -       -      -     (net)          -    -     -     -       -    (-,-) 
  g35540__7410/ZN  -       A1->ZN F     NOR2_X2        3  6.9     7    12     910    (-,-) 
  n_746            -       -      -     (net)          -    -     -     -       -    (-,-) 
  g35509__1881/ZN  -       A1->ZN R     NOR2_X1        3  5.8    34    44     954    (-,-) 
  n_761            -       -      -     (net)          -    -     -     -       -    (-,-) 
  g35506/ZN        -       A->ZN  F     INV_X1         1  1.9     9    10     964    (-,-) 
  n_758            -       -      -     (net)          -    -     -     -       -    (-,-) 
  g35492__2883/ZN  -       C2->ZN R     OAI211_X1      1  2.5    24    38    1003    (-,-) 
  n_777            -       -      -     (net)          -    -     -     -       -    (-,-) 
  g35486__6131/ZN  -       A->ZN  R     XNOR2_X1       2  3.7    28    47    1050    (-,-) 
  n_794            -       -      -     (net)          -    -     -     -       -    (-,-) 
  g35482__1705/ZN  -       A1->ZN F     NAND2_X1       1  1.8    11    17    1067    (-,-) 
  n_795            -       -      -     (net)          -    -     -     -       -    (-,-) 
  g35473__8428/ZN  -       A->ZN  R     OAI211_X1      1  0.3    14    19    1086    (-,-) 
  bf_out[12]       -       -      -     (net)          -    -     -     -       -    (-,-) 
  bf_out[12]       <<<     -      R     (port)         -    -     -     0    1086    (-,-) 
#------------------------------------------------------------------------------------------


