============================================================
  Generated by:           Genus(TM) Synthesis Solution 25.11-s095_1
  Generated on:           Jan 31 2026  09:40:38 pm
  Operating conditions:   PVT_1P2V_25C 
  Interconnect mode:      global
  Area mode:              physical library
============================================================

                                Leakage    Internal                              Library 
   Gate    Instances   Area   Power (nW)  Power (nW)           Library            Domain 
-----------------------------------------------------------------------------------------
addh_1x            7   73.472     54.367   21148.237 MITLL90_STDLIB_8T.tt1p2v25c       0 
and2_1x           38  159.539    123.544   36380.224 MITLL90_STDLIB_8T.tt1p2v25c       0 
and2_2x            2   10.496     11.675    3188.276 MITLL90_STDLIB_8T.tt1p2v25c       0 
and3_1x           13   81.869     42.417   14632.935 MITLL90_STDLIB_8T.tt1p2v25c       0 
and3_2x            1    7.347      5.073    1432.507 MITLL90_STDLIB_8T.tt1p2v25c       0 
ao21_1x           11   57.728     41.832   24018.326 MITLL90_STDLIB_8T.tt1p2v25c       0 
ao21_2x            1    6.298      2.786     154.733 MITLL90_STDLIB_8T.tt1p2v25c       0 
ao22_1x            7   51.430     28.059   12841.569 MITLL90_STDLIB_8T.tt1p2v25c       0 
ao22_2x            1    8.397      5.836    2853.023 MITLL90_STDLIB_8T.tt1p2v25c       0 
aoi21_1x          34  142.746     69.618   28848.593 MITLL90_STDLIB_8T.tt1p2v25c       0 
aoi21_2x           3   22.042     12.077    3291.796 MITLL90_STDLIB_8T.tt1p2v25c       0 
aoi21_4x           4   54.579     34.404   13634.285 MITLL90_STDLIB_8T.tt1p2v25c       0 
aoi22_1x          42  220.416     74.615   33044.409 MITLL90_STDLIB_8T.tt1p2v25c       0 
aoi22_2x           3   31.488      8.221    6382.158 MITLL90_STDLIB_8T.tt1p2v25c       0 
buf_1x            31   97.613     85.979   30935.482 MITLL90_STDLIB_8T.tt1p2v25c       0 
buf_2x             5   20.992     26.746    8866.776 MITLL90_STDLIB_8T.tt1p2v25c       0 
dffrq_1x          18  302.285    123.657  171712.953 MITLL90_STDLIB_8T.tt1p2v25c       0 
inv_1x           188  394.650    330.920   61729.302 MITLL90_STDLIB_8T.tt1p2v25c       0 
inv_2x            10   31.488     37.282    6538.444 MITLL90_STDLIB_8T.tt1p2v25c       0 
inv_4x             1    5.248      7.054     507.598 MITLL90_STDLIB_8T.tt1p2v25c       0 
mux2_1x           10   73.472     38.250   15198.673 MITLL90_STDLIB_8T.tt1p2v25c       0 
muxi2_1x           6   37.786     12.067    3829.441 MITLL90_STDLIB_8T.tt1p2v25c       0 
nand2_1x          86  270.797    115.331   36205.555 MITLL90_STDLIB_8T.tt1p2v25c       0 
nand2_2x          30  157.440     96.203   27391.655 MITLL90_STDLIB_8T.tt1p2v25c       0 
nand2_4x           5   47.232     36.113    6517.302 MITLL90_STDLIB_8T.tt1p2v25c       0 
nand3_1x          25  104.960     23.752    9629.450 MITLL90_STDLIB_8T.tt1p2v25c       0 
nand3_2x           2   16.794      4.673    2714.335 MITLL90_STDLIB_8T.tt1p2v25c       0 
nor2_1x           51  160.589     68.702   21330.419 MITLL90_STDLIB_8T.tt1p2v25c       0 
nor2_2x            4   20.992     10.069    4527.559 MITLL90_STDLIB_8T.tt1p2v25c       0 
nor2_4x            3   28.339     16.959    4394.771 MITLL90_STDLIB_8T.tt1p2v25c       0 
nor3_1x           18   75.571     13.757    4645.625 MITLL90_STDLIB_8T.tt1p2v25c       0 
nor3_2x            4   33.587     10.784    1621.010 MITLL90_STDLIB_8T.tt1p2v25c       0 
oa21_1x           14   73.472     59.278   27173.068 MITLL90_STDLIB_8T.tt1p2v25c       0 
oa22_1x            3   22.042     12.195    7709.749 MITLL90_STDLIB_8T.tt1p2v25c       0 
oai21_1x          58  243.507    137.341   53266.344 MITLL90_STDLIB_8T.tt1p2v25c       0 
oai21_2x           4   29.389     13.888    7054.299 MITLL90_STDLIB_8T.tt1p2v25c       0 
oai21_4x           8  109.158     75.440   20126.410 MITLL90_STDLIB_8T.tt1p2v25c       0 
oai22_1x          27  141.696     60.479   25462.647 MITLL90_STDLIB_8T.tt1p2v25c       0 
or2_1x            17   71.373     44.916   17793.330 MITLL90_STDLIB_8T.tt1p2v25c       0 
or3_1x             2   12.595      5.220    1214.382 MITLL90_STDLIB_8T.tt1p2v25c       0 
sdffrq_1x         12  251.904    106.743  122914.628 MITLL90_STDLIB_8T.tt1p2v25c       0 
xnor2_1x          12   88.166     50.207   19367.093 MITLL90_STDLIB_8T.tt1p2v25c       0 
xnor2_4x           5   83.968     51.986   27816.068 MITLL90_STDLIB_8T.tt1p2v25c       0 
xor2_1x            2   14.694      7.706    4396.666 MITLL90_STDLIB_8T.tt1p2v25c       0 
xor2_2x            2   20.992     11.486    4725.795 MITLL90_STDLIB_8T.tt1p2v25c       0 
-----------------------------------------------------------------------------------------
total            830 3970.637   2209.702  959167.902                                     
                                           Leakage  Leakage  Internal  Internal 
     Type      Instances   Area   Area % Power (nW) Power % Power (nW)  Power % 
--------------------------------------------------------------------------------
sequential            30  554.189   14.0    230.399    10.4 294627.581     30.7 
inverter             199  431.386   10.9    375.256    17.0  68775.345      7.2 
buffer                36  118.605    3.0    112.725     5.1  39802.258      4.1 
logic                565 2866.458   72.2   1491.322    67.5 555962.718     58.0 
physical_cells         0    0.000    0.0      0.000     0.0      0.000      0.0 
--------------------------------------------------------------------------------
total                830 3970.637  100.0   2209.702   100.0 959167.902    100.0 
