============================================================
  Generated by:           Genus(TM) Synthesis Solution 25.11-s095_1
  Generated on:           Mar 12 2026  04:34:49 am
  Module:                 sysarr_n_input_fp_adder_noretime
  Library domain:         timing_condition_tt_1p2v_25c
    Domain index:         0
    Technology library:   NangateOpenCellLibrary revision 1.0
  Operating conditions:   typical 
  Interconnect mode:      global
  Area mode:              physical library
============================================================

Timing
--------

Analysis view  Clock Period 
----------------------------
view_1p2_25   clock1 2000.0 


  Analysis    Cost   Critical        Violating 
    View     Group  Path Slack  TNS    Paths   
-----------------------------------------------
view_1p2_25  clock1       13.0  0.0          0 
            default   No paths  0.0          0 
-----------------------------------------------
Total                          -0.0          0 
                                               

Instance Count
--------------
Leaf Instance Count             9069 
Physical Instance count            0 
Sequential Instance Count        140 
Combinational Instance Count    8929 
Hierarchical Instance Count        0 

Area
----
Cell Area                          10971.170
Physical Cell Area                 0.000
Total Cell Area (Cell+Physical)    10971.170
Net Area                           12147.891
Total Area (Cell+Physical+Net)     23119.061

Power
-----
Leakage Power                      278077.895 nW
Dynamic Power                      18265939.109 nW
Total Power                        18544017.004 nW

Max Fanout                         140 (clk)
Min Fanout                         0 (n_7257)
Average Fanout                     2.1
Terms to net ratio                 3.1105
Terms to instance ratio            3.3276
Runtime                            43.833341 seconds
Elapsed Runtime                    50 seconds
Genus peak memory usage            1725.25 
Innovus peak memory usage          no_value 
Hostname                           asicfab.ecn.purdue.edu
