============================================================
  Generated by:           Genus(TM) Synthesis Solution 25.11-s095_1
  Generated on:           Feb 24 2026  08:55:29 am
  Operating conditions:   PVT_1P2V_25C 
  Interconnect mode:      global
  Area mode:              physical library
============================================================

                                Leakage    Internal                               Library 
   Gate    Instances   Area   Power (nW)  Power (nW)            Library            Domain 
------------------------------------------------------------------------------------------
addh_1x            5   52.480     34.608    17301.491 MITLL90_STDLIB_8T.tt1p2v25c       0 
and2_1x           25  104.960     89.280    31906.208 MITLL90_STDLIB_8T.tt1p2v25c       0 
and2_2x            7   36.736     38.352    18352.067 MITLL90_STDLIB_8T.tt1p2v25c       0 
and3_1x            6   37.786     17.057     5052.259 MITLL90_STDLIB_8T.tt1p2v25c       0 
and3_2x            1    7.347      4.966      122.930 MITLL90_STDLIB_8T.tt1p2v25c       0 
ao21_1x           10   52.480     38.681    22316.656 MITLL90_STDLIB_8T.tt1p2v25c       0 
ao21_2x            1    6.298      5.400     5168.924 MITLL90_STDLIB_8T.tt1p2v25c       0 
ao22_1x            4   29.389     15.582    11273.170 MITLL90_STDLIB_8T.tt1p2v25c       0 
aoi21_1x          47  197.325     92.691    51144.228 MITLL90_STDLIB_8T.tt1p2v25c       0 
aoi21_2x           7   51.430     25.046    13752.298 MITLL90_STDLIB_8T.tt1p2v25c       0 
aoi21_4x           2   27.290     16.042    11557.849 MITLL90_STDLIB_8T.tt1p2v25c       0 
aoi22_1x          57  299.136     93.375    48916.075 MITLL90_STDLIB_8T.tt1p2v25c       0 
aoi22_2x           5   52.480     22.585     9603.295 MITLL90_STDLIB_8T.tt1p2v25c       0 
aoi22_4x           1   18.893      9.023     3039.098 MITLL90_STDLIB_8T.tt1p2v25c       0 
buf_1x            37  116.506    101.923    49451.798 MITLL90_STDLIB_8T.tt1p2v25c       0 
buf_2x             3   12.595     15.350     8027.195 MITLL90_STDLIB_8T.tt1p2v25c       0 
buf_6x             1    9.446     14.679     4409.021 MITLL90_STDLIB_8T.tt1p2v25c       0 
dffrq_1x          33  554.189    225.320   325770.459 MITLL90_STDLIB_8T.tt1p2v25c       0 
inv_1x           202  424.038    352.230    87706.565 MITLL90_STDLIB_8T.tt1p2v25c       0 
inv_2x            27   85.018     95.264    21097.090 MITLL90_STDLIB_8T.tt1p2v25c       0 
inv_4x             5   26.240     35.330     3477.352 MITLL90_STDLIB_8T.tt1p2v25c       0 
inv_8x             1    9.446     14.108     1034.541 MITLL90_STDLIB_8T.tt1p2v25c       0 
mux2_1x            9   66.125     35.271    17837.833 MITLL90_STDLIB_8T.tt1p2v25c       0 
muxi2_1x           5   31.488      9.357     3936.737 MITLL90_STDLIB_8T.tt1p2v25c       0 
nand2_1x          95  299.136    138.119    51936.063 MITLL90_STDLIB_8T.tt1p2v25c       0 
nand2_2x          42  220.416    136.084    42926.922 MITLL90_STDLIB_8T.tt1p2v25c       0 
nand2_4x           1    9.446      6.294     3278.365 MITLL90_STDLIB_8T.tt1p2v25c       0 
nand3_1x          26  109.158     37.471    14410.260 MITLL90_STDLIB_8T.tt1p2v25c       0 
nand3_2x           6   50.381     13.654     6538.305 MITLL90_STDLIB_8T.tt1p2v25c       0 
nand3_4x           2   29.389      3.500     3469.912 MITLL90_STDLIB_8T.tt1p2v25c       0 
nor2_1x           57  179.482     78.155    38198.250 MITLL90_STDLIB_8T.tt1p2v25c       0 
nor2_2x           14   73.472     35.402    10926.693 MITLL90_STDLIB_8T.tt1p2v25c       0 
nor2_4x            2   18.893     11.153     4614.650 MITLL90_STDLIB_8T.tt1p2v25c       0 
nor3_1x           17   71.373     18.191     8828.154 MITLL90_STDLIB_8T.tt1p2v25c       0 
nor3_2x            1    8.397      0.556      115.623 MITLL90_STDLIB_8T.tt1p2v25c       0 
oa21_1x           12   62.976     50.634    30017.850 MITLL90_STDLIB_8T.tt1p2v25c       0 
oa21_2x            3   18.893     16.870     7584.282 MITLL90_STDLIB_8T.tt1p2v25c       0 
oa22_1x            6   44.083     21.837    11403.902 MITLL90_STDLIB_8T.tt1p2v25c       0 
oai21_1x          79  331.674    206.637    82021.442 MITLL90_STDLIB_8T.tt1p2v25c       0 
oai21_2x           6   44.083     18.143    15278.444 MITLL90_STDLIB_8T.tt1p2v25c       0 
oai21_4x           3   40.934     28.277    11687.863 MITLL90_STDLIB_8T.tt1p2v25c       0 
oai22_1x          37  194.176     82.953    36332.975 MITLL90_STDLIB_8T.tt1p2v25c       0 
oai22_2x           1   10.496      4.453      916.333 MITLL90_STDLIB_8T.tt1p2v25c       0 
oai22_4x           4   75.571     34.446    21750.255 MITLL90_STDLIB_8T.tt1p2v25c       0 
or2_1x            18   75.571     46.472    21743.513 MITLL90_STDLIB_8T.tt1p2v25c       0 
or2_4x             1    7.347      8.321     1816.489 MITLL90_STDLIB_8T.tt1p2v25c       0 
or3_1x             5   31.488     11.612     5627.473 MITLL90_STDLIB_8T.tt1p2v25c       0 
sdffrq_1x          6  125.952     53.068    62101.531 MITLL90_STDLIB_8T.tt1p2v25c       0 
xnor2_1x          11   80.819     41.175    20300.537 MITLL90_STDLIB_8T.tt1p2v25c       0 
xnor2_2x           2   20.992     10.605     6432.003 MITLL90_STDLIB_8T.tt1p2v25c       0 
xnor2_4x           8  134.349     83.726    49317.833 MITLL90_STDLIB_8T.tt1p2v25c       0 
xor2_1x            1    7.347      3.819      738.253 MITLL90_STDLIB_8T.tt1p2v25c       0 
xor2_2x            3   31.488     17.237     8221.859 MITLL90_STDLIB_8T.tt1p2v25c       0 
------------------------------------------------------------------------------------------
total            970 4716.902   2620.383  1350791.175                                     
                                           Leakage  Leakage   Internal  Internal 
     Type      Instances   Area   Area % Power (nW) Power %  Power (nW)  Power % 
---------------------------------------------------------------------------------
sequential            39  680.141   14.4    278.388    10.6  387871.990     28.7 
inverter             235  544.742   11.5    496.932    19.0  113315.548      8.4 
buffer                41  138.547    2.9    131.952     5.0   61888.014      4.6 
logic                655 3353.472   71.1   1713.111    65.4  787715.623     58.3 
physical_cells         0    0.000    0.0      0.000     0.0       0.000      0.0 
---------------------------------------------------------------------------------
total                970 4716.902  100.0   2620.383   100.0 1350791.175    100.0 
