============================================================
  Generated by:           Genus(TM) Synthesis Solution 25.11-s095_1
  Generated on:           Mar 10 2026  08:22:26 pm
  Module:                 add_bf16_1C
  Library domain:         timing_condition_tt_1p2v_25c
    Domain index:         0
    Technology library:   NangateOpenCellLibrary revision 1.0
  Operating conditions:   typical 
  Interconnect mode:      global
  Area mode:              physical library
============================================================

Timing
--------

Analysis view  Clock Period 
----------------------------
view_1p2_25   clock1 1099.0 


  Analysis    Cost   Critical        Violating 
    View     Group  Path Slack  TNS    Paths   
-----------------------------------------------
view_1p2_25  clock1        0.7  0.0          0 
            default   No paths  0.0          0 
-----------------------------------------------
Total                          -0.0          0 
                                               

Instance Count
--------------
Leaf Instance Count             783 
Physical Instance count           0 
Sequential Instance Count        33 
Combinational Instance Count    750 
Hierarchical Instance Count       0 

Area
----
Cell Area                          976.752
Physical Cell Area                 0.000
Total Cell Area (Cell+Physical)    976.752
Net Area                           1035.741
Total Area (Cell+Physical+Net)     2012.493

Power
-----
Leakage Power                      23588.873 nW
Dynamic Power                      1993100.855 nW
Total Power                        2016689.728 nW

Max Fanout                         33 (clk)
Min Fanout                         0 (nRST)
Average Fanout                     2.2
Terms to net ratio                 3.1998
Terms to instance ratio            3.3550
Runtime                            43.979692 seconds
Elapsed Runtime                    52 seconds
Genus peak memory usage            1678.23 
Innovus peak memory usage          no_value 
Hostname                           asicfab.ecn.purdue.edu
