============================================================
  Generated by:           Genus(TM) Synthesis Solution 25.11-s095_1
  Generated on:           Mar 10 2026  08:22:31 pm
  Module:                 add_bf16_1C
  Operating conditions:   typical 
  Interconnect mode:      global
  Area mode:              physical library
============================================================


Path 1: MET (1 ps) Late External Delay Assertion at pin bf_out[13]
           View: view_1p2_25
          Group: clock1
     Startpoint: (R) bf2_in_reg[8]/CK
          Clock: (R) clock1
       Endpoint: (R) bf_out[13]
          Clock: (R) clock1

                     Capture       Launch     
        Clock Edge:+    1099            0     
       Src Latency:+       0            0     
       Net Latency:+       0 (I)        0 (I) 
           Arrival:=    1099            0     
                                              
      Output Delay:-       1                  
       Uncertainty:-       0                  
     Required Time:=    1098                  
      Launch Clock:-       0                  
         Data Path:-    1097                  
             Slack:=       1                  

Exceptions/Constraints:
  output_delay              1              add_bf16_1C.sdc_line_21_35_1   

Launch clock path:
#-----------------------------------------------------------------------------------------
#  Timing Point    Flags   Arc   Edge   Cell     Fanout Load Trans Delay Arrival Instance 
#                                                       (fF)  (ps)  (ps)   (ps)  Location 
#-----------------------------------------------------------------------------------------
  clk              (i)     -     R     (arrival)     33  0.0     0     0       0    (-,-) 
  clk              -       -     -     (net)          -    -     -     -       -    (-,-) 
  clk              -       -     -     (net)          -    -     -     -       -    (-,-) 
  bf2_in_reg[8]/CK <<<     -     R     DFFR_X1       33    -     1     0       0    (-,-) 
#-----------------------------------------------------------------------------------------

#------------------------------------------------------------------------------------------
#  Timing Point    Flags    Arc   Edge   Cell     Fanout Load Trans Delay Arrival Instance 
#                                                        (fF)  (ps)  (ps)   (ps)  Location 
#------------------------------------------------------------------------------------------
  bf2_in_reg[8]/CK -       -      R     (arrival)     33    -     1     0       0    (-,-) 
  bf2_in_reg[8]/QN -       CK->QN F     DFFR_X1        5 11.6    22    86      86    (-,-) 
  bf2_in[8]        -       -      -     (net)          -    -     -     -       -    (-,-) 
  g36180/ZN        -       A->ZN  R     INV_X2         4  7.3    13    24     110    (-,-) 
  n_86             -       -      -     (net)          -    -     -     -       -    (-,-) 
  g36118__7482/ZN  -       A1->ZN F     NAND2_X1       1  6.0    14    23     133    (-,-) 
  n_33             -       -      -     (net)          -    -     -     -       -    (-,-) 
  g36086__6260/ZN  -       A1->ZN R     NAND2_X4       5 18.7    16    24     158    (-,-) 
  n_145            -       -      -     (net)          -    -     -     -       -    (-,-) 
  g35979__5107/ZN  -       A1->ZN F     NAND2_X1       1  5.9    14    24     182    (-,-) 
  n_123            -       -      -     (net)          -    -     -     -       -    (-,-) 
  g35964__5122/ZN  -       A->ZN  R     OAI21_X4       8 16.6    30    29     211    (-,-) 
  n_236            -       -      -     (net)          -    -     -     -       -    (-,-) 
  g35957/ZN        -       A->ZN  F     INV_X1         3  5.3    12    18     229    (-,-) 
  n_199            -       -      -     (net)          -    -     -     -       -    (-,-) 
  g35934__9315/ZN  -       A1->ZN R     AOI22_X1       2  3.9    35    43     272    (-,-) 
  n_212            -       -      -     (net)          -    -     -     -       -    (-,-) 
  g35846__4733/ZN  -       A2->ZN F     NOR2_X1        1  1.7    10    14     286    (-,-) 
  n_243            -       -      -     (net)          -    -     -     -       -    (-,-) 
  g35839__7410/ZN  -       A1->ZN R     NOR2_X1        1  3.8    25    35     321    (-,-) 
  n_270            -       -      -     (net)          -    -     -     -       -    (-,-) 
  g35823__2802/ZN  -       A2->ZN F     NAND2_X2       2  3.5     8    17     338    (-,-) 
  n_288            -       -      -     (net)          -    -     -     -       -    (-,-) 
  g35814__9315/ZN  -       A1->ZN R     NAND2_X1       1  3.4    13    18     356    (-,-) 
  n_298            -       -      -     (net)          -    -     -     -       -    (-,-) 
  g35786__7410/ZN  -       A1->ZN F     NAND2_X2       4  7.9    11    19     376    (-,-) 
  n_367            -       -      -     (net)          -    -     -     -       -    (-,-) 
  g35752__4319/ZN  -       A->ZN  F     XNOR2_X2       7 13.3    22    47     423    (-,-) 
  n_392            -       -      -     (net)          -    -     -     -       -    (-,-) 
  g35730__4733/ZN  -       A1->ZN R     AOI22_X1       2  4.3    37    50     473    (-,-) 
  n_394            -       -      -     (net)          -    -     -     -       -    (-,-) 
  g35723__1705/ZN  -       A1->ZN F     NAND2_X1       1  1.8    13    18     491    (-,-) 
  n_395            -       -      -     (net)          -    -     -     -       -    (-,-) 
  g35713__5526/ZN  -       A1->ZN R     NAND2_X1       3  7.1    22    30     521    (-,-) 
  n_410            -       -      -     (net)          -    -     -     -       -    (-,-) 
  g35703__1666/ZN  -       A1->ZN F     NAND2_X1       2  3.5    12    21     541    (-,-) 
  n_415            -       -      -     (net)          -    -     -     -       -    (-,-) 
  g35701/ZN        -       A->ZN  R     INV_X1         1  2.0     8    15     556    (-,-) 
  n_416            -       -      -     (net)          -    -     -     -       -    (-,-) 
  g35684__5115/ZN  -       A1->ZN F     NOR2_X1        2  4.0     9    11     567    (-,-) 
  n_440            -       -      -     (net)          -    -     -     -       -    (-,-) 
  g35669__5477/ZN  -       A->ZN  F     XNOR2_X1       1  1.8    21    38     605    (-,-) 
  n_441            -       -      -     (net)          -    -     -     -       -    (-,-) 
  g35653__1881/ZN  -       A1->ZN R     NAND2_X1       1  1.9    14    20     626    (-,-) 
  n_459            -       -      -     (net)          -    -     -     -       -    (-,-) 
  g35644__4319/ZN  -       A2->ZN R     AND3_X2        5  9.3    16    52     677    (-,-) 
  n_535            -       -      -     (net)          -    -     -     -       -    (-,-) 
  g35618__1881/ZN  -       A1->ZN R     AND2_X1        2  3.8    13    39     716    (-,-) 
  n_520            -       -      -     (net)          -    -     -     -       -    (-,-) 
  g35577__9315/ZN  -       A->ZN  F     OAI211_X1      1  1.8    15    28     744    (-,-) 
  n_521            -       -      -     (net)          -    -     -     -       -    (-,-) 
  g35562__7098/ZN  -       A2->ZN R     NAND2_X1       2  3.8    14    25     769    (-,-) 
  n_541            -       -      -     (net)          -    -     -     -       -    (-,-) 
  g35548__6417/ZN  -       A1->ZN F     NAND2_X1       4  6.3    15    24     793    (-,-) 
  n_590            -       -      -     (net)          -    -     -     -       -    (-,-) 
  g35516__5107/Z   -       A->Z   F     MUX2_X1        2  3.5    12    65     858    (-,-) 
  n_601            -       -      -     (net)          -    -     -     -       -    (-,-) 
  g35486__2398/ZN  -       A2->ZN R     NAND2_X1       4  7.4    22    32     890    (-,-) 
  n_690            -       -      -     (net)          -    -     -     -       -    (-,-) 
  g35448__2398/ZN  -       A1->ZN F     NAND2_X1       1  3.5    12    21     911    (-,-) 
  n_662            -       -      -     (net)          -    -     -     -       -    (-,-) 
  g35444__7482/ZN  -       A2->ZN R     NOR2_X2        2  5.4    20    35     946    (-,-) 
  n_687            -       -      -     (net)          -    -     -     -       -    (-,-) 
  g35440/ZN        -       A->ZN  F     INV_X1         2  4.7     9    15     961    (-,-) 
  n_712            -       -      -     (net)          -    -     -     -       -    (-,-) 
  g35429__5477/ZN  -       A1->ZN R     NOR3_X2        2  5.4    35    43    1003    (-,-) 
  n_724            -       -      -     (net)          -    -     -     -       -    (-,-) 
  g35417__4733/ZN  -       A2->ZN F     NOR2_X2        2  5.8    12    17    1020    (-,-) 
  n_730            -       -      -     (net)          -    -     -     -       -    (-,-) 
  g35410__8246/ZN  -       A->ZN  F     XNOR2_X2       2  3.5    10    37    1058    (-,-) 
  n_739            -       -      -     (net)          -    -     -     -       -    (-,-) 
  g35408/ZN        -       A->ZN  R     INV_X1         1  1.9     8    14    1071    (-,-) 
  n_740            -       -      -     (net)          -    -     -     -       -    (-,-) 
  g35403__5526/ZN  -       A1->ZN F     NAND2_X1       1  1.8     7    12    1083    (-,-) 
  n_745            -       -      -     (net)          -    -     -     -       -    (-,-) 
  g35400__2398/ZN  -       A2->ZN R     NAND3_X1       1  0.3    11    14    1097    (-,-) 
  bf_out[13]       -       -      -     (net)          -    -     -     -       -    (-,-) 
  bf_out[13]       <<<     -      R     (port)         -    -     -     0    1097    (-,-) 
#------------------------------------------------------------------------------------------


