============================================================
  Generated by:           Genus(TM) Synthesis Solution 25.11-s095_1
  Generated on:           Feb 01 2026  01:37:54 am
  Operating conditions:   PVT_1P2V_25C 
  Interconnect mode:      global
  Area mode:              physical library
============================================================

                                Leakage    Internal                              Library 
   Gate    Instances   Area   Power (nW)  Power (nW)           Library            Domain 
-----------------------------------------------------------------------------------------
addh_1x            5   52.480     38.158   16844.128 MITLL90_STDLIB_8T.tt1p2v25c       0 
and2_1x           26  109.158     84.622   15612.864 MITLL90_STDLIB_8T.tt1p2v25c       0 
and2_2x            1    5.248      5.224    2004.812 MITLL90_STDLIB_8T.tt1p2v25c       0 
and3_1x            4   25.190     11.987    2387.490 MITLL90_STDLIB_8T.tt1p2v25c       0 
ao21_1x           13   68.224     52.000   21715.948 MITLL90_STDLIB_8T.tt1p2v25c       0 
ao22_1x            6   44.083     20.424    6459.467 MITLL90_STDLIB_8T.tt1p2v25c       0 
aoi21_1x          31  130.150     58.985   26993.126 MITLL90_STDLIB_8T.tt1p2v25c       0 
aoi21_2x           4   29.389     15.790    6291.435 MITLL90_STDLIB_8T.tt1p2v25c       0 
aoi22_1x          40  209.920     72.954   29990.113 MITLL90_STDLIB_8T.tt1p2v25c       0 
aoi22_2x           2   20.992     10.852    4949.284 MITLL90_STDLIB_8T.tt1p2v25c       0 
buf_1x            25   78.720     69.520   22305.034 MITLL90_STDLIB_8T.tt1p2v25c       0 
buf_2x             1    4.198      5.212     898.128 MITLL90_STDLIB_8T.tt1p2v25c       0 
dffrq_1x          19  319.078    131.600  161601.298 MITLL90_STDLIB_8T.tt1p2v25c       0 
inv_1x           146  306.483    257.328   43271.032 MITLL90_STDLIB_8T.tt1p2v25c       0 
inv_2x             5   15.744     18.785    2843.825 MITLL90_STDLIB_8T.tt1p2v25c       0 
inv_4x             1    5.248      7.054     438.029 MITLL90_STDLIB_8T.tt1p2v25c       0 
mux2_1x            4   29.389     15.682    7992.147 MITLL90_STDLIB_8T.tt1p2v25c       0 
muxi2_1x          20  125.952     45.493   14951.066 MITLL90_STDLIB_8T.tt1p2v25c       0 
nand2_1x          88  277.094    118.988   32428.955 MITLL90_STDLIB_8T.tt1p2v25c       0 
nand2_2x          13   68.224     49.099   10665.989 MITLL90_STDLIB_8T.tt1p2v25c       0 
nand2_4x           2   18.893     12.425    1863.856 MITLL90_STDLIB_8T.tt1p2v25c       0 
nand3_1x          27  113.357     32.587    8860.805 MITLL90_STDLIB_8T.tt1p2v25c       0 
nand3_2x           2   16.794      1.350     690.031 MITLL90_STDLIB_8T.tt1p2v25c       0 
nor2_1x           51  160.589     69.898   17295.795 MITLL90_STDLIB_8T.tt1p2v25c       0 
nor2_2x            3   15.744      8.327    1954.851 MITLL90_STDLIB_8T.tt1p2v25c       0 
nor2_4x            1    9.446      5.540     649.604 MITLL90_STDLIB_8T.tt1p2v25c       0 
nor3_1x           16   67.174     11.186    3113.787 MITLL90_STDLIB_8T.tt1p2v25c       0 
nor3_2x            1    8.397      0.437     174.599 MITLL90_STDLIB_8T.tt1p2v25c       0 
oa21_1x           14   73.472     58.656   26105.461 MITLL90_STDLIB_8T.tt1p2v25c       0 
oa21_2x            1    6.298      5.218     481.713 MITLL90_STDLIB_8T.tt1p2v25c       0 
oai21_1x          62  260.301    166.309   55167.203 MITLL90_STDLIB_8T.tt1p2v25c       0 
oai21_2x           5   36.736     18.117    7549.019 MITLL90_STDLIB_8T.tt1p2v25c       0 
oai21_4x           1   13.645      7.638    4923.562 MITLL90_STDLIB_8T.tt1p2v25c       0 
oai22_1x          16   83.968     34.650   17543.088 MITLL90_STDLIB_8T.tt1p2v25c       0 
or2_1x            18   75.571     43.216   13548.719 MITLL90_STDLIB_8T.tt1p2v25c       0 
or2_2x             1    5.248      4.790    3562.684 MITLL90_STDLIB_8T.tt1p2v25c       0 
or3_1x             2   12.595      4.776    1307.392 MITLL90_STDLIB_8T.tt1p2v25c       0 
sdffrq_1x         11  230.912     96.969  103976.690 MITLL90_STDLIB_8T.tt1p2v25c       0 
xnor2_1x          17  124.902     61.847   21313.930 MITLL90_STDLIB_8T.tt1p2v25c       0 
xnor2_2x           1   10.496      4.848    1825.253 MITLL90_STDLIB_8T.tt1p2v25c       0 
xnor2_4x           1   16.794     11.459    3720.102 MITLL90_STDLIB_8T.tt1p2v25c       0 
xor2_1x            3   22.042     11.504    5851.930 MITLL90_STDLIB_8T.tt1p2v25c       0 
xor2_2x            3   31.488     17.242    9544.938 MITLL90_STDLIB_8T.tt1p2v25c       0 
-----------------------------------------------------------------------------------------
total            713 3339.827   1778.747  741669.181                                     
                                           Leakage  Leakage  Internal  Internal 
     Type      Instances   Area   Area % Power (nW) Power % Power (nW)  Power % 
--------------------------------------------------------------------------------
sequential            30  549.990   16.5    228.569    12.8 265577.988     35.8 
inverter             152  327.475    9.8    283.168    15.9  46552.886      6.3 
buffer                26   82.918    2.5     74.732     4.2  23203.162      3.1 
logic                505 2379.443   71.2   1192.278    67.0 406335.145     54.8 
physical_cells         0    0.000    0.0      0.000     0.0      0.000      0.0 
--------------------------------------------------------------------------------
total                713 3339.827  100.0   1778.747   100.0 741669.181    100.0 
