============================================================
  Generated by:           Genus(TM) Synthesis Solution 25.11-s095_1
  Generated on:           Mar 10 2026  11:46:28 pm
  Module:                 add_fp16
  Operating conditions:   typical 
  Interconnect mode:      global
  Area mode:              physical library
============================================================

Timing
--------

Analysis view  Clock Period 
----------------------------
view_1p2_25   clock1 1333.0 


  Analysis    Cost   Critical        Violating 
    View     Group  Path Slack  TNS    Paths   
-----------------------------------------------
view_1p2_25  clock1        0.3  0.0          0 
            default   No paths  0.0          0 
-----------------------------------------------
Total                          -0.0          0 
                                               

Instance Count
--------------
Leaf Instance Count             2006 
Physical Instance count            0 
Sequential Instance Count        100 
Combinational Instance Count    1906 
Hierarchical Instance Count        0 

Area
----
Cell Area                          2669.310
Physical Cell Area                 0.000
Total Cell Area (Cell+Physical)    2669.310
Net Area                           2977.914
Total Area (Cell+Physical+Net)     5647.224

Power
-----
Leakage Power                      62752.801 nW
Dynamic Power                      5089272.122 nW
Total Power                        5152024.923 nW

Max Fanout                         100 (clk)
Min Fanout                         0 (n_809)
Average Fanout                     2.5
Terms to net ratio                 3.5593
Terms to instance ratio            3.7687
Runtime                            49.972956 seconds
Elapsed Runtime                    57 seconds
Genus peak memory usage            1691.80 
Innovus peak memory usage          no_value 
Hostname                           asicfab.ecn.purdue.edu
