============================================================
  Generated by:           Genus(TM) Synthesis Solution 25.11-s095_1
  Generated on:           Feb 24 2026  10:19:08 am
  Operating conditions:   PVT_1P2V_25C 
  Interconnect mode:      global
  Area mode:              physical library
============================================================

                                Leakage    Internal                               Library 
   Gate    Instances   Area   Power (nW)  Power (nW)            Library            Domain 
------------------------------------------------------------------------------------------
addh_1x            6   62.976     42.911    20059.306 MITLL90_STDLIB_8T.tt1p2v25c       0 
and2_1x           29  121.754     95.613    43053.740 MITLL90_STDLIB_8T.tt1p2v25c       0 
and2_2x            5   26.240     28.354     8193.535 MITLL90_STDLIB_8T.tt1p2v25c       0 
and3_1x            6   37.786     20.381     6117.417 MITLL90_STDLIB_8T.tt1p2v25c       0 
and3_2x            3   22.042     17.359     5943.004 MITLL90_STDLIB_8T.tt1p2v25c       0 
ao21_1x           11   57.728     41.309    21241.578 MITLL90_STDLIB_8T.tt1p2v25c       0 
ao22_1x            8   58.778     30.436    16417.438 MITLL90_STDLIB_8T.tt1p2v25c       0 
ao22_2x            1    8.397      5.776     1640.640 MITLL90_STDLIB_8T.tt1p2v25c       0 
aoi21_1x          55  230.912    109.660    59949.134 MITLL90_STDLIB_8T.tt1p2v25c       0 
aoi21_2x           9   66.125     30.383    22479.035 MITLL90_STDLIB_8T.tt1p2v25c       0 
aoi21_4x           5   68.224     41.461    20082.308 MITLL90_STDLIB_8T.tt1p2v25c       0 
aoi22_1x          60  314.880     99.210    49844.532 MITLL90_STDLIB_8T.tt1p2v25c       0 
aoi22_2x           4   41.984     17.924     8056.524 MITLL90_STDLIB_8T.tt1p2v25c       0 
aoi22_4x           1   18.893      8.741     1755.179 MITLL90_STDLIB_8T.tt1p2v25c       0 
buf_1x            40  125.952    110.381    51381.945 MITLL90_STDLIB_8T.tt1p2v25c       0 
buf_2x             7   29.389     38.222    17720.926 MITLL90_STDLIB_8T.tt1p2v25c       0 
dffrq_1x          33  554.189    224.817   308135.002 MITLL90_STDLIB_8T.tt1p2v25c       0 
inv_1x           185  388.352    327.055    71898.438 MITLL90_STDLIB_8T.tt1p2v25c       0 
inv_2x            38  119.654    134.568    29974.167 MITLL90_STDLIB_8T.tt1p2v25c       0 
inv_4x             8   41.984     58.760    10798.897 MITLL90_STDLIB_8T.tt1p2v25c       0 
inv_6x             1    7.347     10.581      741.851 MITLL90_STDLIB_8T.tt1p2v25c       0 
mux2_1x            9   66.125     34.073    16583.975 MITLL90_STDLIB_8T.tt1p2v25c       0 
mux2_2x            1    8.397      5.759     4970.862 MITLL90_STDLIB_8T.tt1p2v25c       0 
muxi2_1x           6   37.786     12.095     5191.930 MITLL90_STDLIB_8T.tt1p2v25c       0 
nand2_1x          79  248.755    111.783    35221.402 MITLL90_STDLIB_8T.tt1p2v25c       0 
nand2_2x          55  288.640    166.870    52532.266 MITLL90_STDLIB_8T.tt1p2v25c       0 
nand2_4x           9   85.018     68.657    17831.618 MITLL90_STDLIB_8T.tt1p2v25c       0 
nand3_1x          37  155.341     51.634    22970.793 MITLL90_STDLIB_8T.tt1p2v25c       0 
nand3_2x           2   16.794      8.130     3807.432 MITLL90_STDLIB_8T.tt1p2v25c       0 
nor2_1x           45  141.696     59.391    21386.336 MITLL90_STDLIB_8T.tt1p2v25c       0 
nor2_2x           14   73.472     34.447    14253.653 MITLL90_STDLIB_8T.tt1p2v25c       0 
nor2_4x            3   28.339     17.746     5366.957 MITLL90_STDLIB_8T.tt1p2v25c       0 
nor3_1x           12   50.381     10.420     3798.167 MITLL90_STDLIB_8T.tt1p2v25c       0 
nor3_2x            3   25.190      6.403     2386.099 MITLL90_STDLIB_8T.tt1p2v25c       0 
oa21_1x           11   57.728     44.416    27068.612 MITLL90_STDLIB_8T.tt1p2v25c       0 
oa21_2x            4   25.190     22.933    10476.722 MITLL90_STDLIB_8T.tt1p2v25c       0 
oa22_1x            4   29.389     13.858     6781.707 MITLL90_STDLIB_8T.tt1p2v25c       0 
oai21_1x          78  327.475    204.194    73107.456 MITLL90_STDLIB_8T.tt1p2v25c       0 
oai21_2x           6   44.083     21.964    13154.150 MITLL90_STDLIB_8T.tt1p2v25c       0 
oai21_4x           9  122.803     77.860    35493.631 MITLL90_STDLIB_8T.tt1p2v25c       0 
oai22_1x          28  146.944     62.014    28104.318 MITLL90_STDLIB_8T.tt1p2v25c       0 
oai22_2x           1   10.496      4.651     1393.363 MITLL90_STDLIB_8T.tt1p2v25c       0 
oai22_4x           1   18.893      8.907     1752.235 MITLL90_STDLIB_8T.tt1p2v25c       0 
or2_1x            12   50.381     32.511    16671.232 MITLL90_STDLIB_8T.tt1p2v25c       0 
or2_4x             1    7.347      8.320     1761.151 MITLL90_STDLIB_8T.tt1p2v25c       0 
or3_1x             5   31.488     11.643     4937.973 MITLL90_STDLIB_8T.tt1p2v25c       0 
sdffrq_1x          6  125.952     53.068    59577.076 MITLL90_STDLIB_8T.tt1p2v25c       0 
xnor2_1x           9   66.125     33.387    18336.155 MITLL90_STDLIB_8T.tt1p2v25c       0 
xnor2_2x           1   10.496      5.186     3320.449 MITLL90_STDLIB_8T.tt1p2v25c       0 
xnor2_4x           4   67.174     40.641    25808.401 MITLL90_STDLIB_8T.tt1p2v25c       0 
xor2_1x            5   36.736     19.008    10149.202 MITLL90_STDLIB_8T.tt1p2v25c       0 
xor2_2x            1   10.496      5.653     3743.812 MITLL90_STDLIB_8T.tt1p2v25c       0 
------------------------------------------------------------------------------------------
total            976 4818.714   2751.524  1323423.727                                     
                                           Leakage  Leakage   Internal  Internal 
     Type      Instances   Area   Area % Power (nW) Power %  Power (nW)  Power % 
---------------------------------------------------------------------------------
sequential            39  680.141   14.1    277.885    10.1  367712.079     27.8 
inverter             232  557.338   11.6    530.964    19.3  113413.353      8.6 
buffer                47  155.341    3.2    148.604     5.4   69102.871      5.2 
logic                658 3425.894   71.1   1794.072    65.2  773195.425     58.4 
physical_cells         0    0.000    0.0      0.000     0.0       0.000      0.0 
---------------------------------------------------------------------------------
total                976 4818.714  100.0   2751.524   100.0 1323423.727    100.0 
