============================================================
  Generated by:           Genus(TM) Synthesis Solution 25.11-s095_1
  Generated on:           Jan 31 2026  09:51:21 pm
  Module:                 add_bf16
  Library domain:         timing_condition_tt_1p2v_25c
    Domain index:         0
    Technology libraries: MITLL90_STDLIB_8T.tt1p2v25c 1.0
                          MITLL90_IOPads_5_1_1.tt1p2v25c 1.0
  Operating conditions:   PVT_1P2V_25C 
  Interconnect mode:      global
  Area mode:              physical library
============================================================

Timing
--------

Analysis view  Clock Period 
----------------------------
view_1p2_25   clock1 1724.0 


  Analysis    Cost   Critical        Violating 
    View     Group  Path Slack  TNS    Paths   
-----------------------------------------------
view_1p2_25  clock1        3.7  0.0          0 
            default   No paths  0.0          0 
-----------------------------------------------
Total                          -0.0          0 
                                               

Instance Count
--------------
Leaf Instance Count             837 
Physical Instance count           0 
Sequential Instance Count        30 
Combinational Instance Count    807 
Hierarchical Instance Count       0 

Area
----
Cell Area                          4021.018
Physical Cell Area                 0.000
Total Cell Area (Cell+Physical)    4021.018
Net Area                           2618.817
Total Area (Cell+Physical+Net)     6639.835

Power
-----
Leakage Power                      2192.402 nW
Dynamic Power                      2322598.417 nW
Total Power                        2324790.820 nW

Max Fanout                         30 (clk)
Min Fanout                         0 (nRST)
Average Fanout                     2.1
Terms to net ratio                 3.0737
Terms to instance ratio            3.2389
Runtime                            53.991312 seconds
Elapsed Runtime                    61 seconds
Genus peak memory usage            1962.97 
Innovus peak memory usage          no_value 
Hostname                           asicfab.ecn.purdue.edu
