============================================================
  Generated by:           Genus(TM) Synthesis Solution 25.11-s095_1
  Generated on:           Feb 24 2026  12:19:55 am
  Operating conditions:   PVT_1P2V_25C 
  Interconnect mode:      global
  Area mode:              physical library
============================================================

                                Leakage    Internal                               Library 
   Gate    Instances   Area   Power (nW)  Power (nW)            Library            Domain 
------------------------------------------------------------------------------------------
addh_1x            5   52.480     36.255    16947.502 MITLL90_STDLIB_8T.tt1p2v25c       0 
and2_1x           25  104.960     86.501    38326.233 MITLL90_STDLIB_8T.tt1p2v25c       0 
and2_2x            6   31.488     33.803    14850.351 MITLL90_STDLIB_8T.tt1p2v25c       0 
and2_4x            1    7.347      9.607     3210.939 MITLL90_STDLIB_8T.tt1p2v25c       0 
and3_1x            8   50.381     29.513    11502.675 MITLL90_STDLIB_8T.tt1p2v25c       0 
and3_2x            1    7.347      5.041      679.946 MITLL90_STDLIB_8T.tt1p2v25c       0 
ao21_1x           18   94.464     68.639    38514.558 MITLL90_STDLIB_8T.tt1p2v25c       0 
ao21_2x            2   12.595     11.308     7259.551 MITLL90_STDLIB_8T.tt1p2v25c       0 
ao22_1x            6   44.083     22.318    17217.214 MITLL90_STDLIB_8T.tt1p2v25c       0 
aoi21_1x          61  256.102    116.150    68952.340 MITLL90_STDLIB_8T.tt1p2v25c       0 
aoi21_2x           8   58.778     30.018    19481.680 MITLL90_STDLIB_8T.tt1p2v25c       0 
aoi21_4x           5   68.224     34.868    27127.148 MITLL90_STDLIB_8T.tt1p2v25c       0 
aoi22_1x          61  320.128    113.249    60610.457 MITLL90_STDLIB_8T.tt1p2v25c       0 
aoi22_2x           5   52.480     20.107     6306.449 MITLL90_STDLIB_8T.tt1p2v25c       0 
buf_1x            39  122.803    106.725    54753.159 MITLL90_STDLIB_8T.tt1p2v25c       0 
buf_2x            11   46.182     58.912    26012.841 MITLL90_STDLIB_8T.tt1p2v25c       0 
dffrq_1x          33  554.189    227.441   350157.852 MITLL90_STDLIB_8T.tt1p2v25c       0 
inv_1x           207  434.534    370.174    89831.251 MITLL90_STDLIB_8T.tt1p2v25c       0 
inv_2x            22   69.274     79.342    21698.237 MITLL90_STDLIB_8T.tt1p2v25c       0 
inv_4x             5   26.240     34.097     5077.641 MITLL90_STDLIB_8T.tt1p2v25c       0 
inv_6x             3   22.042     31.743     2340.072 MITLL90_STDLIB_8T.tt1p2v25c       0 
mux2_1x            7   51.430     26.856    14103.213 MITLL90_STDLIB_8T.tt1p2v25c       0 
muxi2_1x           7   44.083     13.416     5228.671 MITLL90_STDLIB_8T.tt1p2v25c       0 
nand2_1x          84  264.499    105.889    43083.059 MITLL90_STDLIB_8T.tt1p2v25c       0 
nand2_2x          45  236.160    148.345    51987.954 MITLL90_STDLIB_8T.tt1p2v25c       0 
nand2_4x           9   85.018     58.963    14011.515 MITLL90_STDLIB_8T.tt1p2v25c       0 
nand3_1x          30  125.952     41.697    17005.686 MITLL90_STDLIB_8T.tt1p2v25c       0 
nand3_2x           7   58.778     16.532    10108.665 MITLL90_STDLIB_8T.tt1p2v25c       0 
nor2_1x           58  182.630     81.812    39189.614 MITLL90_STDLIB_8T.tt1p2v25c       0 
nor2_2x            9   47.232     17.700     5788.930 MITLL90_STDLIB_8T.tt1p2v25c       0 
nor2_4x            2   18.893     11.079     1538.152 MITLL90_STDLIB_8T.tt1p2v25c       0 
nor3_1x           15   62.976     15.089     7785.311 MITLL90_STDLIB_8T.tt1p2v25c       0 
nor3_2x            3   25.190      3.823      935.370 MITLL90_STDLIB_8T.tt1p2v25c       0 
oa21_1x            5   26.240     20.180    10352.963 MITLL90_STDLIB_8T.tt1p2v25c       0 
oa21_2x            1    6.298      5.920     4997.942 MITLL90_STDLIB_8T.tt1p2v25c       0 
oa22_1x            2   14.694      7.266     2903.494 MITLL90_STDLIB_8T.tt1p2v25c       0 
oai21_1x          76  319.078    191.751    84460.273 MITLL90_STDLIB_8T.tt1p2v25c       0 
oai21_2x           7   51.430     22.138    14857.980 MITLL90_STDLIB_8T.tt1p2v25c       0 
oai21_4x           7   95.514     60.228    20111.599 MITLL90_STDLIB_8T.tt1p2v25c       0 
oai22_1x          29  152.192     64.653    29749.778 MITLL90_STDLIB_8T.tt1p2v25c       0 
oai22_4x           3   56.678     24.569    17470.496 MITLL90_STDLIB_8T.tt1p2v25c       0 
or2_1x            16   67.174     41.541    21325.832 MITLL90_STDLIB_8T.tt1p2v25c       0 
or2_2x             1    5.248      4.559     3111.693 MITLL90_STDLIB_8T.tt1p2v25c       0 
or3_1x             2   12.595      4.745     3129.224 MITLL90_STDLIB_8T.tt1p2v25c       0 
or3_2x             1    7.347      3.930     4667.774 MITLL90_STDLIB_8T.tt1p2v25c       0 
sdffrq_1x          6  125.952     53.068    62230.186 MITLL90_STDLIB_8T.tt1p2v25c       0 
xnor2_1x          13   95.514     48.149    25814.063 MITLL90_STDLIB_8T.tt1p2v25c       0 
xnor2_2x           3   31.488     15.195     9633.259 MITLL90_STDLIB_8T.tt1p2v25c       0 
xnor2_4x           5   83.968     51.318    29155.377 MITLL90_STDLIB_8T.tt1p2v25c       0 
xor2_1x            1    7.347      3.819      744.285 MITLL90_STDLIB_8T.tt1p2v25c       0 
xor2_2x            2   20.992     11.545     7671.390 MITLL90_STDLIB_8T.tt1p2v25c       0 
------------------------------------------------------------------------------------------
total            988 4818.714   2701.588  1444011.842                                     
                                           Leakage  Leakage   Internal  Internal 
     Type      Instances   Area   Area % Power (nW) Power %  Power (nW)  Power % 
---------------------------------------------------------------------------------
sequential            39  680.141   14.1    280.508    10.4  412388.038     28.6 
inverter             237  552.090   11.5    515.356    19.1  118947.201      8.2 
buffer                50  168.986    3.5    165.637     6.1   80766.000      5.6 
logic                662 3417.498   70.9   1740.087    64.4  831910.603     57.6 
physical_cells         0    0.000    0.0      0.000     0.0       0.000      0.0 
---------------------------------------------------------------------------------
total                988 4818.714  100.0   2701.588   100.0 1444011.842    100.0 
