============================================================
  Generated by:           Genus(TM) Synthesis Solution 25.11-s095_1
  Generated on:           Mar 10 2026  03:43:51 pm
  Module:                 mul_bf
  Operating conditions:   typical 
  Interconnect mode:      global
  Area mode:              physical library
============================================================


Path 1: MET (0 ps) Setup Check with Pin result_reg[21]/CK->D
           View: view_1p2_25
          Group: clock1
     Startpoint: (F) b[4]
          Clock: (R) clock1
       Endpoint: (R) result_reg[21]/D
          Clock: (R) clock1

                     Capture       Launch     
        Clock Edge:+    1471            0     
        Drv Adjust:+       0            0     
       Src Latency:+       0            0     
       Net Latency:+       0 (I)        0 (I) 
           Arrival:=    1471            0     
                                              
             Setup:-      38                  
       Uncertainty:-       0                  
     Required Time:=    1432                  
      Launch Clock:-       0                  
       Input Delay:-       1                  
         Data Path:-    1431                  
             Slack:=       0                  

Exceptions/Constraints:
  input_delay              1              mul_bf.sdc_line_20_29_1   

#------------------------------------------------------------------------------------------
#  Timing Point    Flags    Arc   Edge   Cell     Fanout Load Trans Delay Arrival Instance 
#                                                        (fF)  (ps)  (ps)   (ps)  Location 
#------------------------------------------------------------------------------------------
  b[4]             -       -      F     (arrival)     10 15.3     0     0       1    (-,-) 
  b[4]             -       -      -     (net)          -    -     -     -       -    (-,-) 
  g12739__2883/ZN  -       A2->ZN R     NAND2_X1       2  3.9    14    18      19    (-,-) 
  n_20             -       -      -     (net)          -    -     -     -       -    (-,-) 
  g12809/ZN        -       A2->ZN R     OR2_X2         2  3.8     8    27      46    (-,-) 
  n_542            -       -      -     (net)          -    -     -     -       -    (-,-) 
  g12602__2802/ZN  -       A1->ZN F     NAND2_X1       2  2.8     9    14      60    (-,-) 
  n_155            -       -      -     (net)          -    -     -     -       -    (-,-) 
  g12806/ZN        -       A1->ZN F     OR2_X1         2  3.5    11    49     109    (-,-) 
  n_539            -       -      -     (net)          -    -     -     -       -    (-,-) 
  g12533__7410/ZN  -       A1->ZN R     NAND2_X1       2  3.9    14    21     130    (-,-) 
  n_235            -       -      -     (net)          -    -     -     -       -    (-,-) 
  g12515/ZN        -       A->ZN  F     INV_X1         1  1.8     5     9     138    (-,-) 
  n_236            -       -      -     (net)          -    -     -     -       -    (-,-) 
  g12511__7410/ZN  -       A1->ZN R     NAND2_X1       2  3.8    14    18     156    (-,-) 
  n_278            -       -      -     (net)          -    -     -     -       -    (-,-) 
  g12491__1881/ZN  -       A1->ZN F     NAND2_X1       2  4.2    11    20     176    (-,-) 
  n_300            -       -      -     (net)          -    -     -     -       -    (-,-) 
  g12792/Z         -       A->Z   F     XOR2_X1        1  3.0    13    54     230    (-,-) 
  n_525            -       -      -     (net)          -    -     -     -       -    (-,-) 
  g12414__5107/CO  -       CI->CO F     FA_X1          1  3.4    16    73     302    (-,-) 
  n_347            -       -      -     (net)          -    -     -     -       -    (-,-) 
  g12403__6161/CO  -       A->CO  F     HA_X1          1  3.0     7    34     336    (-,-) 
  n_366            -       -      -     (net)          -    -     -     -       -    (-,-) 
  g12814/CO        -       CI->CO F     FA_X1          1  1.8    13    66     402    (-,-) 
  n_548            -       -      -     (net)          -    -     -     -       -    (-,-) 
  g3/ZN            -       A->ZN  R     INV_X1         2  5.4    15    24     426    (-,-) 
  n_549            -       -      -     (net)          -    -     -     -       -    (-,-) 
  g12389__2802/ZN  -       A1->ZN F     NOR2_X2        3  5.4    12    12     438    (-,-) 
  n_378            -       -      -     (net)          -    -     -     -       -    (-,-) 
  g12381__5526/ZN  -       B2->ZN R     OAI21_X1       3  6.2    39    56     494    (-,-) 
  n_381            -       -      -     (net)          -    -     -     -       -    (-,-) 
  g12378__4319/ZN  -       B1->ZN F     AOI21_X1       2  4.2    18    28     522    (-,-) 
  n_383            -       -      -     (net)          -    -     -     -       -    (-,-) 
  g12376/ZN        -       A->ZN  R     INV_X1         1  2.0     9    18     539    (-,-) 
  n_384            -       -      -     (net)          -    -     -     -       -    (-,-) 
  g12374__2398/ZN  -       A1->ZN F     AOI22_X1       2  4.1    16    19     558    (-,-) 
  n_390            -       -      -     (net)          -    -     -     -       -    (-,-) 
  g12371__5477/ZN  -       B1->ZN R     OAI21_X1       2  4.3    30    43     601    (-,-) 
  n_392            -       -      -     (net)          -    -     -     -       -    (-,-) 
  g12369__7410/ZN  -       B1->ZN F     AOI21_X1       2  4.0    15    25     626    (-,-) 
  n_393            -       -      -     (net)          -    -     -     -       -    (-,-) 
  g12367__2346/ZN  -       A1->ZN R     NOR2_X1        1  2.0    17    28     654    (-,-) 
  n_394            -       -      -     (net)          -    -     -     -       -    (-,-) 
  g12366__9945/ZN  -       A1->ZN F     NOR2_X1        2  3.3     8    13     667    (-,-) 
  n_395            -       -      -     (net)          -    -     -     -       -    (-,-) 
  g12364__9315/ZN  -       A1->ZN F     OR2_X2         5  9.5    12    48     716    (-,-) 
  n_481            -       -      -     (net)          -    -     -     -       -    (-,-) 
  g12362__6161/ZN  -       A1->ZN R     NAND2_X1       4  7.5    22    30     746    (-,-) 
  n_401            -       -      -     (net)          -    -     -     -       -    (-,-) 
  g12360__5115/ZN  -       A1->ZN F     NOR2_X1        3  5.3    11    18     763    (-,-) 
  n_415            -       -      -     (net)          -    -     -     -       -    (-,-) 
  g12351__1705/ZN  -       A1->ZN R     NAND2_X1       2  3.9    14    21     784    (-,-) 
  n_410            -       -      -     (net)          -    -     -     -       -    (-,-) 
  g12349/ZN        -       A->ZN  F     INV_X1         1  3.4     7    12     796    (-,-) 
  n_411            -       -      -     (net)          -    -     -     -       -    (-,-) 
  g12339__5477/S   -       A->S   F     HA_X1          1  1.8    11    50     845    (-,-) 
  n_423            -       -      -     (net)          -    -     -     -       -    (-,-) 
  g12338/ZN        -       A->ZN  R     INV_X1         1  2.0     8    15     860    (-,-) 
  n_424            -       -      -     (net)          -    -     -     -       -    (-,-) 
  g12335__1666/ZN  -       A2->ZN F     NAND2_X1       2  4.2    11    19     878    (-,-) 
  n_429            -       -      -     (net)          -    -     -     -       -    (-,-) 
  g12331__2883/ZN  -       A1->ZN R     NAND2_X1       1  1.9    10    16     894    (-,-) 
  n_435            -       -      -     (net)          -    -     -     -       -    (-,-) 
  g12327__9945/ZN  -       A1->ZN F     NAND2_X1       1  3.4    10    17     911    (-,-) 
  n_436            -       -      -     (net)          -    -     -     -       -    (-,-) 
  g12326__4733/CO  -       A->CO  F     HA_X1          1  1.1     5    27     938    (-,-) 
  n_439            -       -      -     (net)          -    -     -     -       -    (-,-) 
  g12324__7482/ZN  -       A1->ZN F     OR2_X1         2  4.1    12    49     987    (-,-) 
  n_447            -       -      -     (net)          -    -     -     -       -    (-,-) 
  g12321__6131/ZN  -       A1->ZN R     OAI22_X1       1  2.0    31    30    1017    (-,-) 
  n_448            -       -      -     (net)          -    -     -     -       -    (-,-) 
  g12320/ZN        -       A->ZN  F     INV_X1         2  3.4    10    14    1031    (-,-) 
  n_452            -       -      -     (net)          -    -     -     -       -    (-,-) 
  g12316__5122/ZN  -       A1->ZN R     NAND2_X1       2  3.9    14    21    1052    (-,-) 
  n_453            -       -      -     (net)          -    -     -     -       -    (-,-) 
  g12310__2802/ZN  -       A->ZN  F     OAI21_X1       2  3.5    12    24    1075    (-,-) 
  n_456            -       -      -     (net)          -    -     -     -       -    (-,-) 
  g12309/ZN        -       A->ZN  R     INV_X1         1  2.0     8    15    1090    (-,-) 
  n_457            -       -      -     (net)          -    -     -     -       -    (-,-) 
  g12306__6783/ZN  -       A->ZN  F     OAI21_X1       1  1.9    12    18    1109    (-,-) 
  n_461            -       -      -     (net)          -    -     -     -       -    (-,-) 
  g12303__5107/ZN  -       B1->ZN R     AOI22_X1       1  2.0    26    44    1152    (-,-) 
  n_466            -       -      -     (net)          -    -     -     -       -    (-,-) 
  g12302__2398/ZN  -       A1->ZN F     NOR2_X1        2  3.1     9    14    1166    (-,-) 
  mul_ovf          -       -      -     (net)          -    -     -     -       -    (-,-) 
  g12301__5477/ZN  -       A1->ZN R     NOR3_X2        9 17.0    76    89    1255    (-,-) 
  n_476            -       -      -     (net)          -    -     -     -       -    (-,-) 
  g12300/ZN        -       A->ZN  F     INV_X1         1  1.7    16     9    1264    (-,-) 
  n_469            -       -      -     (net)          -    -     -     -       -    (-,-) 
  g12294__4733/ZN  -       A1->ZN R     NOR2_X1        3  5.6    34    46    1309    (-,-) 
  n_482            -       -      -     (net)          -    -     -     -       -    (-,-) 
  g12290/ZN        -       A->ZN  F     INV_X1         1  3.0    10    13    1323    (-,-) 
  n_480            -       -      -     (net)          -    -     -     -       -    (-,-) 
  g12283__5115/ZN  -       A1->ZN R     NOR2_X2        6 12.5    37    47    1370    (-,-) 
  n_492            -       -      -     (net)          -    -     -     -       -    (-,-) 
  g12278/ZN        -       A->ZN  F     INV_X2         9 14.5    15    23    1393    (-,-) 
  n_515            -       -      -     (net)          -    -     -     -       -    (-,-) 
  g12273__4319/ZN  -       B1->ZN R     OAI22_X1       1  1.4    28    39    1432    (-,-) 
  n_512            -       -      -     (net)          -    -     -     -       -    (-,-) 
  result_reg[21]/D <<<     -      R     DFFR_X1        1    -     -     0    1432    (-,-) 
#------------------------------------------------------------------------------------------

Capture clock path:
#------------------------------------------------------------------------------------------
#   Timing Point    Flags   Arc   Edge   Cell     Fanout Load Trans Delay Arrival Instance 
#                                                        (fF)  (ps)  (ps)   (ps)  Location 
#------------------------------------------------------------------------------------------
  clk               (i)     -     R     (arrival)     25  0.0     0     0    1471    (-,-) 
  clk               -       -     -     (net)          -    -     -     -       -    (-,-) 
  clk               -       -     -     (net)          -    -     -     -       -    (-,-) 
  result_reg[21]/CK <<<     -     R     DFFR_X1       25    -     1     0    1471    (-,-) 
#------------------------------------------------------------------------------------------


