============================================================
  Generated by:           Genus(TM) Synthesis Solution 25.11-s095_1
  Generated on:           Mar 11 2026  02:31:22 am
  Module:                 sysarr_4_input_fp_adder
  Operating conditions:   typical 
  Interconnect mode:      global
  Area mode:              physical library
============================================================


Path 1: MET (2 ps) Setup Check with Pin st1_sum_vec_reg[3]/CK->D
           View: view_1p2_25
          Group: clock1
     Startpoint: (F) add_a[23]
          Clock: (R) clock1
       Endpoint: (F) st1_sum_vec_reg[3]/D
          Clock: (R) clock1

                     Capture       Launch     
        Clock Edge:+    1408            0     
        Drv Adjust:+       0            0     
       Src Latency:+       0            0     
       Net Latency:+       0 (I)        0 (I) 
           Arrival:=    1408            0     
                                              
             Setup:-      43                  
       Uncertainty:-       0                  
     Required Time:=    1366                  
      Launch Clock:-       0                  
       Input Delay:-       1                  
         Data Path:-    1363                  
             Slack:=       2                  

Exceptions/Constraints:
  input_delay              1              sysarr_4_input_fp_ad_line_21_9_1   

#----------------------------------------------------------------------------------------------
#    Timing Point      Flags    Arc   Edge   Cell     Fanout Load Trans Delay Arrival Instance 
#                                                            (fF)  (ps)  (ps)   (ps)  Location 
#----------------------------------------------------------------------------------------------
  add_a[23]            -       -      F     (arrival)      5  8.2     0     0       1    (-,-) 
  add_a[23]            -       -      -     (net)          -    -     -     -       -    (-,-) 
  g73676/ZN            -       A2->ZN R     NOR2_X1        2  3.7    25    35      36    (-,-) 
  n_75                 -       -      -     (net)          -    -     -     -       -    (-,-) 
  g73598__8246/ZN      -       B1->ZN F     AOI21_X1       1  1.7    10    18      53    (-,-) 
  n_138                -       -      -     (net)          -    -     -     -       -    (-,-) 
  g73582__6260/ZN      -       A1->ZN R     NOR2_X1        1  1.9    16    25      78    (-,-) 
  n_156                -       -      -     (net)          -    -     -     -       -    (-,-) 
  g73560__7098/ZN      -       C1->ZN F     OAI211_X1      1  1.7    14    21      99    (-,-) 
  n_178                -       -      -     (net)          -    -     -     -       -    (-,-) 
  g73553__1617/ZN      -       B1->ZN R     AOI21_X1       1  2.0    23    30     129    (-,-) 
  n_183                -       -      -     (net)          -    -     -     -       -    (-,-) 
  g73544__6260/ZN      -       B1->ZN F     OAI21_X1       1  1.9    10    18     146    (-,-) 
  n_190                -       -      -     (net)          -    -     -     -       -    (-,-) 
  g73744/ZN            -       B1->ZN R     AOI22_X1       1  2.0    26    43     189    (-,-) 
  n_1584               -       -      -     (net)          -    -     -     -       -    (-,-) 
  g73537__7410/ZN      -       B1->ZN F     OAI21_X1       1  6.0    17    29     218    (-,-) 
  n_195                -       -      -     (net)          -    -     -     -       -    (-,-) 
  g73496__2346/ZN      -       A1->ZN R     NAND2_X4       9 16.8    15    25     243    (-,-) 
  n_197                -       -      -     (net)          -    -     -     -       -    (-,-) 
  g73495/ZN            -       A->ZN  F     INV_X1         6 13.6    16    26     268    (-,-) 
  n_24                 -       -      -     (net)          -    -     -     -       -    (-,-) 
  g73446__3680/ZN      -       A1->ZN R     AOI22_X1       4  6.8    48    60     328    (-,-) 
  n_218                -       -      -     (net)          -    -     -     -       -    (-,-) 
  g73404__3680/ZN      -       A1->ZN F     NAND2_X1       3  5.3    20    31     360    (-,-) 
  n_259                -       -      -     (net)          -    -     -     -       -    (-,-) 
  g73280__5107/ZN      -       A->ZN  R     OAI211_X1      1  3.4    28    31     391    (-,-) 
  n_381                -       -      -     (net)          -    -     -     -       -    (-,-) 
  g73279__2398/ZN      -       B1->ZN F     AOI21_X2       1  3.0    11    18     408    (-,-) 
  n_382                -       -      -     (net)          -    -     -     -       -    (-,-) 
  g73278__5477/ZN      -       C1->ZN R     OAI211_X2      1  3.4    22    31     439    (-,-) 
  n_383                -       -      -     (net)          -    -     -     -       -    (-,-) 
  g73277__6417/ZN      -       A1->ZN F     NAND2_X2       3  9.3    14    24     463    (-,-) 
  n_385                -       -      -     (net)          -    -     -     -       -    (-,-) 
  g73275__7410/ZN      -       A1->ZN R     NAND2_X4      10 26.4    21    29     492    (-,-) 
  n_386                -       -      -     (net)          -    -     -     -       -    (-,-) 
  g73266/ZN            -       A->ZN  F     INV_X4         8 19.6     9    16     508    (-,-) 
  n_27                 -       -      -     (net)          -    -     -     -       -    (-,-) 
  g73160__1881/ZN      -       B1->ZN R     OAI22_X2       7 13.1    54    63     571    (-,-) 
  n_406                -       -      -     (net)          -    -     -     -       -    (-,-) 
  g72996__2398/ZN      -       B1->ZN F     AOI21_X1       2  3.5    20    27     598    (-,-) 
  n_554                -       -      -     (net)          -    -     -     -       -    (-,-) 
  g72928__6260/ZN      -       A1->ZN R     OAI22_X1       2  4.4    43    46     644    (-,-) 
  n_623                -       -      -     (net)          -    -     -     -       -    (-,-) 
  g72923/ZN            -       A->ZN  F     INV_X1         1  1.7    11    10     654    (-,-) 
  n_624                -       -      -     (net)          -    -     -     -       -    (-,-) 
  g72905__5122/ZN      -       A1->ZN R     NOR2_X1        1  2.0    17    26     680    (-,-) 
  n_637                -       -      -     (net)          -    -     -     -       -    (-,-) 
  g72806__5115/ZN      -       A1->ZN F     NOR2_X1        1  3.4    14    14     693    (-,-) 
  n_740                -       -      -     (net)          -    -     -     -       -    (-,-) 
  g72703__7098/CO      -       A->CO  F     HA_X1          2  2.8     7    32     726    (-,-) 
  n_846                -       -      -     (net)          -    -     -     -       -    (-,-) 
  g72688__2398/ZN      -       A1->ZN F     OR3_X1         1  1.8    13    65     790    (-,-) 
  n_849                -       -      -     (net)          -    -     -     -       -    (-,-) 
  g72661__3680/ZN      -       A2->ZN R     NAND2_X1       3  4.9    17    27     817    (-,-) 
  n_889                -       -      -     (net)          -    -     -     -       -    (-,-) 
  g72659/ZN            -       A->ZN  F     INV_X1         1  1.2     5     8     825    (-,-) 
  n_888                -       -      -     (net)          -    -     -     -       -    (-,-) 
  g72650__5477/ZN      -       A2->ZN F     OR3_X1        12 19.0    31   110     935    (-,-) 
  n_900                -       -      -     (net)          -    -     -     -       -    (-,-) 
  g72648/ZN            -       A->ZN  R     INV_X1         3  5.5    19    33     968    (-,-) 
  n_899                -       -      -     (net)          -    -     -     -       -    (-,-) 
  g72643__7410/ZN      -       A1->ZN F     NAND2_X1      10 16.1    39    47    1015    (-,-) 
  n_909                -       -      -     (net)          -    -     -     -       -    (-,-) 
  g72613__5477/ZN      -       A->ZN  R     AOI221_X1      1  2.0    44    84    1099    (-,-) 
  n_935                -       -      -     (net)          -    -     -     -       -    (-,-) 
  g72548__6417/ZN      -       A1->ZN F     NOR2_X1        1  2.4    14    13    1112    (-,-) 
  n_998                -       -      -     (net)          -    -     -     -       -    (-,-) 
  g72488__5477/ZN      -       A->ZN  F     XNOR2_X1       1  3.0    24    42    1155    (-,-) 
  n_1066               -       -      -     (net)          -    -     -     -       -    (-,-) 
  g73750/S             -       CI->S  R     FA_X1          1  3.1    14   120    1274    (-,-) 
  n_1591               -       -      -     (net)          -    -     -     -       -    (-,-) 
  g72198__2883/S       -       CI->S  F     FA_X1          1  1.4    14    90    1364    (-,-) 
  n_1270               -       -      -     (net)          -    -     -     -       -    (-,-) 
  st1_sum_vec_reg[3]/D <<<     -      F     DFFR_X1        1    -     -     0    1364    (-,-) 
#----------------------------------------------------------------------------------------------

Capture clock path:
#----------------------------------------------------------------------------------------------
#     Timing Point      Flags   Arc   Edge   Cell     Fanout Load Trans Delay Arrival Instance 
#                                                            (fF)  (ps)  (ps)   (ps)  Location 
#----------------------------------------------------------------------------------------------
  clk                   (i)     -     R     (arrival)    136  0.0     0     0    1408    (-,-) 
  clk                   -       -     -     (net)          -    -     -     -       -    (-,-) 
  clk                   -       -     -     (net)          -    -     -     -       -    (-,-) 
  st1_sum_vec_reg[3]/CK <<<     -     R     DFFR_X1      136    -     1     0    1408    (-,-) 
#----------------------------------------------------------------------------------------------


