============================================================
  Generated by:           Genus(TM) Synthesis Solution 25.11-s095_1
  Generated on:           Mar 11 2026  06:19:11 am
  Module:                 sysarr_4_input_fp_adder
  Library domain:         timing_condition_tt_1p2v_25c
    Domain index:         0
    Technology library:   NangateOpenCellLibrary revision 1.0
  Operating conditions:   typical 
  Interconnect mode:      global
  Area mode:              physical library
============================================================

Timing
--------

Analysis view  Clock Period 
----------------------------
view_1p2_25   clock1 1587.0 


  Analysis    Cost   Critical        Violating 
    View     Group  Path Slack  TNS    Paths   
-----------------------------------------------
view_1p2_25  clock1      452.8  0.0          0 
            default   No paths  0.0          0 
-----------------------------------------------
Total                          -0.0          0 
                                               

Instance Count
--------------
Leaf Instance Count             4088 
Physical Instance count            0 
Sequential Instance Count        136 
Combinational Instance Count    3952 
Hierarchical Instance Count        3 

Area
----
Cell Area                          7033.966
Physical Cell Area                 0.000
Total Cell Area (Cell+Physical)    7033.966
Net Area                           25.916
Total Area (Cell+Physical+Net)     7059.882

Power
-----
Leakage Power                      53342.341 nW
Dynamic Power                      1926451.399 nW
Total Power                        1979793.740 nW

Max Fanout                         191 (n_10385)
Min Fanout                         0 (nRST)
Average Fanout                     1.9
Terms to net ratio                 3.0534
Terms to instance ratio            3.1588
Runtime                            42.949513 seconds
Elapsed Runtime                    51 seconds
Genus peak memory usage            1726.91 
Innovus peak memory usage          no_value 
Hostname                           asicfab.ecn.purdue.edu
