============================================================
  Generated by:           Genus(TM) Synthesis Solution 25.11-s095_1
  Generated on:           Mar 11 2026  06:19:16 am
  Module:                 sysarr_4_input_fp_adder
  Operating conditions:   typical 
  Interconnect mode:      global
  Area mode:              physical library
============================================================


Path 1: MET (453 ps) Setup Check with Pin st1_sum_vec_reg[1]/clk->d
           View: view_1p2_25
          Group: clock1
     Startpoint: (F) add_b[23]
          Clock: (R) clock1
       Endpoint: (R) st1_sum_vec_reg[1]/d
          Clock: (R) clock1

                     Capture       Launch     
        Clock Edge:+    1587            0     
        Drv Adjust:+       0            0     
       Src Latency:+       0            0     
       Net Latency:+       0 (I)        0 (I) 
           Arrival:=    1587            0     
                                              
             Setup:-      38                  
       Uncertainty:-       0                  
     Required Time:=    1549                  
      Launch Clock:-       0                  
       Input Delay:-       1                  
         Data Path:-    1096                  
             Slack:=     453                  

Exceptions/Constraints:
  input_delay              1              sysarr_4_input_fp_ad_line_21_41_1   

#--------------------------------------------------------------------------------------------------------
#    Timing Point      Flags    Arc    Edge       Cell         Fanout  Load Trans Delay Arrival Instance 
#                                                                      (fF)  (ps)  (ps)   (ps)  Location 
#--------------------------------------------------------------------------------------------------------
  add_b[23]            (u)     -       F     (arrival)              6  19.2     0     0       1    (-,-) 
  add_b[23]            -       -       -     (net)                  -     -     -     -       -    (-,-) 
  g29645/z             (u)     in_1->z R     unmapped_complex2      1   3.6     0    17      18    (-,-) 
  n_12248              -       -       -     (net)                  -     -     -     -       -    (-,-) 
  g29728/z             (u)     in_1->z R     unmapped_complex2      1   3.6     0    17      34    (-,-) 
  n_10343              -       -       -     (net)                  -     -     -     -       -    (-,-) 
  g29427/z             (u)     in_1->z F     unmapped_complex2      2   6.4     0    19      53    (-,-) 
  n_12356              -       -       -     (net)                  -     -     -     -       -    (-,-) 
  g29419/z             (u)     in_1->z R     unmapped_nand2         1   3.6     0    17      70    (-,-) 
  n_11627              -       -       -     (net)                  -     -     -     -       -    (-,-) 
  g29359/z             (u)     in_0->z F     unmapped_nand2         1   3.2     0    17      86    (-,-) 
  n_12426              -       -       -     (net)                  -     -     -     -       -    (-,-) 
  g29345/z             (u)     in_1->z R     unmapped_nand2         1   3.6     0    17     103    (-,-) 
  n_12428              -       -       -     (net)                  -     -     -     -       -    (-,-) 
  g29743/z             (u)     in_0->z R     unmapped_complex2      1   3.6     0    17     120    (-,-) 
  n_11628              -       -       -     (net)                  -     -     -     -       -    (-,-) 
  g29744/z             (u)     in_1->z F     unmapped_complex2      1   3.2     0    17     136    (-,-) 
  n_10346              -       -       -     (net)                  -     -     -     -       -    (-,-) 
  g29314/z             (u)     in_0->z R     unmapped_nand2         1   3.6     0    17     153    (-,-) 
  n_11623              -       -       -     (net)                  -     -     -     -       -    (-,-) 
  g29306/z             (u)     in_0->z F     unmapped_nand2         2   6.4     0    19     172    (-,-) 
  n_10347              -       -       -     (net)                  -     -     -     -       -    (-,-) 
  g29302/z             (u)     in_0->z R     unmapped_complex2      1   3.6     0    17     189    (-,-) 
  n_11638              -       -       -     (net)                  -     -     -     -       -    (-,-) 
  g29287/z             (u)     in_0->z F     unmapped_complex2      1   3.2     0    17     205    (-,-) 
  n_12488              -       -       -     (net)                  -     -     -     -       -    (-,-) 
  g29282/z             (u)     in_1->z R     unmapped_nand2        55 198.0     0    61     266    (-,-) 
  n_10348              -       -       -     (net)                  -     -     -     -       -    (-,-) 
  g29202/z             (u)     in_0->z F     unmapped_nand2         1   3.2     0    17     282    (-,-) 
  n_12611              -       -       -     (net)                  -     -     -     -       -    (-,-) 
  g29061/z             (u)     in_1->z R     unmapped_nand2         4  14.4     0    24     307    (-,-) 
  n_10373              -       -       -     (net)                  -     -     -     -       -    (-,-) 
  g29007/z             (u)     in_0->z F     unmapped_complex2      1   3.2     0    17     324    (-,-) 
  n_12647              -       -       -     (net)                  -     -     -     -       -    (-,-) 
  g28968/z             (u)     in_0->z R     unmapped_complex2      1   3.6     0    17     340    (-,-) 
  n_11630              -       -       -     (net)                  -     -     -     -       -    (-,-) 
  g29767/z             (u)     in_1->z F     unmapped_complex2      1   3.2     0    17     357    (-,-) 
  n_13106              -       -       -     (net)                  -     -     -     -       -    (-,-) 
  g29770/z             (u)     in_1->z R     unmapped_complex2      1   3.6     0    17     373    (-,-) 
  n_11631              -       -       -     (net)                  -     -     -     -       -    (-,-) 
  g29771/z             (u)     in_1->z F     unmapped_complex2      1   3.2     0    17     390    (-,-) 
  n_10383              -       -       -     (net)                  -     -     -     -       -    (-,-) 
  g29773/z             (u)     in_1->z R     unmapped_complex2      1   3.6     0    17     406    (-,-) 
  n_13136              -       -       -     (net)                  -     -     -     -       -    (-,-) 
  g28893/z             (u)     in_1->z F     unmapped_nand2         1   3.2     0    17     423    (-,-) 
  n_11625              -       -       -     (net)                  -     -     -     -       -    (-,-) 
  g28891/z             (u)     in_0->z R     unmapped_nand2         1   3.6     0    17     440    (-,-) 
  n_10384              -       -       -     (net)                  -     -     -     -       -    (-,-) 
  g28890/z             (u)     in_0->z F     unmapped_complex2      1   3.2     0    17     456    (-,-) 
  n_13175              -       -       -     (net)                  -     -     -     -       -    (-,-) 
  g28889/z             (u)     in_1->z R     unmapped_nand2       191  50.4     0    60     517    (-,-) 
  n_10385              -       -       -     (net)                  -     -     -     -       -    (-,-) 
  g28866/z             (u)     in_1->z F     unmapped_nand2         1   3.2     0    17     533    (-,-) 
  n_13574              -       -       -     (net)                  -     -     -     -       -    (-,-) 
  g28502/z             (u)     in_1->z R     unmapped_nand2        11  39.6     0    39     572    (-,-) 
  exp_x[0]             -       -       -     (net)                  -     -     -     -       -    (-,-) 
  g29892/z             (u)     in_0->z R     unmapped_complex2      3  10.8     0    22     594    (-,-) 
  n_11712              -       -       -     (net)                  -     -     -     -       -    (-,-) 
  g28327/z             (u)     in_0->z R     unmapped_complex2      1   3.6     0    17     610    (-,-) 
  n_14741              -       -       -     (net)                  -     -     -     -       -    (-,-) 
  g28264/z             (u)     in_1->z F     unmapped_nand2         4  12.8     0    24     635    (-,-) 
  n_10554              -       -       -     (net)                  -     -     -     -       -    (-,-) 
  g29988/z             (u)     in_0->z F     unmapped_complex2      1   3.2     0    17     651    (-,-) 
  n_11633              -       -       -     (net)                  -     -     -     -       -    (-,-) 
  g27962/z             (u)     in_0->z R     unmapped_nand2         1   3.6     0    17     668    (-,-) 
  n_15340              -       -       -     (net)                  -     -     -     -       -    (-,-) 
  g27899/z             (u)     in_0->z F     unmapped_nand2         3   9.6     0    22     690    (-,-) 
  n_10555              -       -       -     (net)                  -     -     -     -       -    (-,-) 
  g27772/z             (u)     in_1->z R     unmapped_nand2         1   3.6     0    17     706    (-,-) 
  n_15823              -       -       -     (net)                  -     -     -     -       -    (-,-) 
  g27625/z             (u)     in_0->z F     unmapped_nand2         3   9.6     0    22     728    (-,-) 
  n_10556              -       -       -     (net)                  -     -     -     -       -    (-,-) 
  g27535/z             (u)     in_1->z R     unmapped_nand2         1   3.6     0    17     744    (-,-) 
  n_15910              -       -       -     (net)                  -     -     -     -       -    (-,-) 
  g27495/z             (u)     in_0->z F     unmapped_nand2         1   3.2     0    17     761    (-,-) 
  n_10562              -       -       -     (net)                  -     -     -     -       -    (-,-) 
  g30381/z             (u)     in_0->z F     unmapped_or2           1   3.2     0    17     778    (-,-) 
  n_11637              -       -       -     (net)                  -     -     -     -       -    (-,-) 
  g30136/z             (u)     in_1->z R     unmapped_complex2      9  32.4     0    36     814    (-,-) 
  n_10566              -       -       -     (net)                  -     -     -     -       -    (-,-) 
  g27445/z             (u)     in_1->z R     unmapped_or2          16  57.6     0    44     858    (-,-) 
  n_10567              -       -       -     (net)                  -     -     -     -       -    (-,-) 
  g27432/z             (u)     in_1->z R     unmapped_or2           3  10.8     0    22     880    (-,-) 
  n_11095              -       -       -     (net)                  -     -     -     -       -    (-,-) 
  g30151/z             (u)     in_0->z R     unmapped_complex2      1   3.6     0    17     896    (-,-) 
  n_16701              -       -       -     (net)                  -     -     -     -       -    (-,-) 
  g27190/z             (u)     in_1->z F     unmapped_nand2         1   3.2     0    17     913    (-,-) 
  n_16703              -       -       -     (net)                  -     -     -     -       -    (-,-) 
  g30216/z             (u)     in_0->z F     unmapped_complex2      2   6.4     0    19     932    (-,-) 
  n_10681              -       -       -     (net)                  -     -     -     -       -    (-,-) 
  g26989/z             (u)     in_1->z R     unmapped_complex2      1   3.6     0    17     948    (-,-) 
  n_17096              -       -       -     (net)                  -     -     -     -       -    (-,-) 
  g26990/z             (u)     in_1->z F     unmapped_nand2         4  12.8     0    24     973    (-,-) 
  op_y[0]              -       -       -     (net)                  -     -     -     -       -    (-,-) 
  g23616/z             (u)     in_0->z F     unmapped_or2           1   3.2     0    17     990    (-,-) 
  n_11634              -       -       -     (net)                  -     -     -     -       -    (-,-) 
  g26802/z             (u)     in_0->z R     unmapped_nand2         1   3.6     0    17    1006    (-,-) 
  n_16669              -       -       -     (net)                  -     -     -     -       -    (-,-) 
  g26761/z             (u)     in_0->z F     unmapped_nand2         3   9.6     0    22    1028    (-,-) 
  csa_c1[1]            -       -       -     (net)                  -     -     -     -       -    (-,-) 
  g30358/z             (u)     in_0->z R     unmapped_complex2      1   3.6     0    17    1044    (-,-) 
  n_16931              -       -       -     (net)                  -     -     -     -       -    (-,-) 
  g26611/z             (u)     in_1->z F     unmapped_nand2         2   6.4     0    19    1063    (-,-) 
  n_1715               -       -       -     (net)                  -     -     -     -       -    (-,-) 
  g26598/z             (u)     in_0->z F     unmapped_complex2      1   3.2     0    17    1080    (-,-) 
  n_16927              -       -       -     (net)                  -     -     -     -       -    (-,-) 
  g26599/z             (u)     in_1->z R     unmapped_nand2         1   3.6     0    17    1097    (-,-) 
  csa_s2[1]            -       -       -     (net)                  -     -     -     -       -    (-,-) 
  st1_sum_vec_reg[1]/d <<<     -       R     unmapped_d_flop        1     -     -     0    1097    (-,-) 
#--------------------------------------------------------------------------------------------------------

(u) : Net has unmapped pin(s).

Capture clock path:
#-----------------------------------------------------------------------------------------------------
#     Timing Point       Flags   Arc   Edge      Cell        Fanout Load Trans Delay Arrival Instance 
#                                                                   (fF)  (ps)  (ps)   (ps)  Location 
#-----------------------------------------------------------------------------------------------------
  clk                    (i,u)   -     R     (arrival)          136  0.0     0     0    1587    (-,-) 
  clk                    -       -     -     (net)                -    -     -     -       -    (-,-) 
  clk                    -       -     -     (net)                -    -     -     -       -    (-,-) 
  st1_sum_vec_reg[1]/clk <<<     -     R     unmapped_d_flop    136    -     1     0    1587    (-,-) 
#-----------------------------------------------------------------------------------------------------


