============================================================
  Generated by:           Genus(TM) Synthesis Solution 25.11-s095_1
  Generated on:           Mar 10 2026  11:46:00 pm
  Operating conditions:   typical 
  Interconnect mode:      global
  Area mode:              physical library
============================================================

                                Leakage    Internal                          Library 
   Gate    Instances   Area   Power (nW)  Power (nW)          Library         Domain 
-------------------------------------------------------------------------------------
AND2_X1           60   63.840   1565.593    64966.723 NangateOpenCellLibrary       0 
AND2_X2            6    7.980    295.999     8344.700 NangateOpenCellLibrary       0 
AND2_X4            1    2.394    113.411     4023.997 NangateOpenCellLibrary       0 
AND3_X1            6    7.980    181.588     4291.011 NangateOpenCellLibrary       0 
AND3_X2            2    3.192    108.909     3389.341 NangateOpenCellLibrary       0 
AND4_X1            4    6.384     99.102     2320.375 NangateOpenCellLibrary       0 
AOI211_X1          5    6.650    167.959     6600.806 NangateOpenCellLibrary       0 
AOI21_X1          63   67.032   1672.079    68570.868 NangateOpenCellLibrary       0 
AOI21_X2           4    7.448    196.522     6978.329 NangateOpenCellLibrary       0 
AOI21_X4           1    3.458    111.931     1996.896 NangateOpenCellLibrary       0 
AOI221_X1         12   19.152    409.711    12104.578 NangateOpenCellLibrary       0 
AOI222_X1          6   12.768    229.547     6556.128 NangateOpenCellLibrary       0 
AOI22_X1         176  234.080   5388.868   130882.434 NangateOpenCellLibrary       0 
AOI22_X2           1    2.394     64.871     1262.421 NangateOpenCellLibrary       0 
DFFR_X1           97  516.040   8558.356   792724.070 NangateOpenCellLibrary       0 
FA_X1             36  153.216   2763.073   154581.538 NangateOpenCellLibrary       0 
HA_X1             41  109.060   2489.588   123341.480 NangateOpenCellLibrary       0 
INV_X1           322  171.304   4647.982   137252.395 NangateOpenCellLibrary       0 
INV_X2            12    9.576    333.132     7329.194 NangateOpenCellLibrary       0 
INV_X4             4    5.320    225.914     6372.739 NangateOpenCellLibrary       0 
MUX2_X1          243  452.466   8801.413   427975.456 NangateOpenCellLibrary       0 
MUX2_X2            2    4.788    137.954     6068.066 NangateOpenCellLibrary       0 
NAND2_X1         249  198.702   4339.905   121711.436 NangateOpenCellLibrary       0 
NAND2_X2          15   19.950    732.203    17093.553 NangateOpenCellLibrary       0 
NAND2_X4           2    4.788    244.958     3413.575 NangateOpenCellLibrary       0 
NAND3_X1          24   25.536    658.544    18255.206 NangateOpenCellLibrary       0 
NAND3_X2           3    5.586    158.723     4584.219 NangateOpenCellLibrary       0 
NAND4_X1          21   27.930    491.662     9418.671 NangateOpenCellLibrary       0 
NOR2_X1          242  193.116   5079.720   146005.634 NangateOpenCellLibrary       0 
NOR2_X2            9   11.970    374.915     8088.969 NangateOpenCellLibrary       0 
NOR3_X1           16   17.024    468.417     7292.114 NangateOpenCellLibrary       0 
NOR4_X1           27   35.910    907.827     5917.870 NangateOpenCellLibrary       0 
OAI211_X1          8   10.640    226.742     9359.327 NangateOpenCellLibrary       0 
OAI21_X1         100  106.400   3238.154    98505.274 NangateOpenCellLibrary       0 
OAI21_X2           5    9.310    355.338     9118.413 NangateOpenCellLibrary       0 
OAI221_X1         31   49.476   1469.738    36069.897 NangateOpenCellLibrary       0 
OAI222_X1         25   53.200   1540.759    30275.220 NangateOpenCellLibrary       0 
OAI22_X1         110  146.300   4637.488    73393.437 NangateOpenCellLibrary       0 
OAI33_X1           7   13.034    317.165     9461.173 NangateOpenCellLibrary       0 
OR2_X1            48   51.072   1116.013    53552.643 NangateOpenCellLibrary       0 
OR2_X2             2    2.660     96.721     1265.593 NangateOpenCellLibrary       0 
OR3_X1             5    6.650    129.767     3857.990 NangateOpenCellLibrary       0 
OR4_X1             9   14.364    244.230     1750.429 NangateOpenCellLibrary       0 
SDFFR_X1           1    6.650    108.020     7876.377 NangateOpenCellLibrary       0 
XNOR2_X1          74  118.104   2721.209   124227.268 NangateOpenCellLibrary       0 
XNOR2_X2           1    2.660     68.981     3696.357 NangateOpenCellLibrary       0 
XOR2_X1          117  186.732   4223.560   187870.910 NangateOpenCellLibrary       0 
XOR2_X2            2    4.788    139.722     6703.114 NangateOpenCellLibrary       0 
-------------------------------------------------------------------------------------
total           2257 3189.074  72653.982  2976698.212                                
                                           Leakage  Leakage   Internal  Internal 
     Type      Instances   Area   Area % Power (nW) Power %  Power (nW)  Power % 
---------------------------------------------------------------------------------
sequential            98  522.690   16.4   8666.376    11.9  800600.447     26.9 
inverter             338  186.200    5.8   5207.027     7.2  150954.328      5.1 
logic               1821 2480.184   77.8  58780.579    80.9 2025143.437     68.0 
physical_cells         0    0.000    0.0      0.000     0.0       0.000      0.0 
---------------------------------------------------------------------------------
total               2257 3189.074  100.0  72653.982   100.0 2976698.212    100.0 
