============================================================
  Generated by:           Genus(TM) Synthesis Solution 25.11-s095_1
  Generated on:           Mar 10 2026  11:45:55 pm
  Module:                 sysarr_4_input_fp_adder_2_stage
  Operating conditions:   typical 
  Interconnect mode:      global
  Area mode:              physical library
============================================================


Path 1: MET (1 ps) Setup Check with Pin add_out_reg[21]/CK->D
           View: view_1p2_25
          Group: clock1
     Startpoint: (R) st1_sum_vec_reg[1]/CK
          Clock: (R) clock1
       Endpoint: (F) add_out_reg[21]/D
          Clock: (R) clock1

                     Capture       Launch     
        Clock Edge:+    1667            0     
       Src Latency:+       0            0     
       Net Latency:+       0 (I)        0 (I) 
           Arrival:=    1667            0     
                                              
             Setup:-      43                  
       Uncertainty:-       0                  
     Required Time:=    1624                  
      Launch Clock:-       0                  
         Data Path:-    1623                  
             Slack:=       1                  

Launch clock path:
#----------------------------------------------------------------------------------------------
#     Timing Point      Flags   Arc   Edge   Cell     Fanout Load Trans Delay Arrival Instance 
#                                                            (fF)  (ps)  (ps)   (ps)  Location 
#----------------------------------------------------------------------------------------------
  clk                   (i)     -     R     (arrival)     98  0.0     0     0       0    (-,-) 
  clk                   -       -     -     (net)          -    -     -     -       -    (-,-) 
  clk                   -       -     -     (net)          -    -     -     -       -    (-,-) 
  st1_sum_vec_reg[1]/CK <<<     -     R     DFFR_X1       98    -     1     0       0    (-,-) 
#----------------------------------------------------------------------------------------------

#--------------------------------------------------------------------------------------------------------------
#            Timing Point              Flags    Arc   Edge   Cell     Fanout Load Trans Delay Arrival Instance 
#                                                                            (fF)  (ps)  (ps)   (ps)  Location 
#--------------------------------------------------------------------------------------------------------------
  st1_sum_vec_reg[1]/CK                -       -      R     (arrival)     98    -     1     0       0    (-,-) 
  st1_sum_vec_reg[1]/Q                 -       CK->Q  F     DFFR_X1        2  4.7    10    90      90    (-,-) 
  st1_sum_vec[1]                       -       -      -     (net)          -    -     -     -       -    (-,-) 
  g79168/S                             -       B->S   F     HA_X1          1  3.0    13    58     148    (-,-) 
  n_2139                               -       -      -     (net)          -    -     -     -       -    (-,-) 
  csa_tree_ADD_TC_OP_2_groupi_g2138/CO -       CI->CO F     FA_X1          2  4.4    17    75     223    (-,-) 
  csa_tree_ADD_TC_OP_2_groupi_n_181    -       -      -     (net)          -    -     -     -       -    (-,-) 
  csa_tree_ADD_TC_OP_2_groupi_g2137/ZN -       A1->ZN R     NAND2_X1       1  1.9    10    19     242    (-,-) 
  csa_tree_ADD_TC_OP_2_groupi_n_182    -       -      -     (net)          -    -     -     -       -    (-,-) 
  csa_tree_ADD_TC_OP_2_groupi_g2135/ZN -       A1->ZN F     NAND2_X1       2  4.1    11    18     260    (-,-) 
  csa_tree_ADD_TC_OP_2_groupi_n_184    -       -      -     (net)          -    -     -     -       -    (-,-) 
  csa_tree_ADD_TC_OP_2_groupi_g2130/ZN -       A1->ZN R     NAND2_X1       1  1.9    10    16     276    (-,-) 
  csa_tree_ADD_TC_OP_2_groupi_n_189    -       -      -     (net)          -    -     -     -       -    (-,-) 
  csa_tree_ADD_TC_OP_2_groupi_g2129/ZN -       A1->ZN F     NAND2_X1       4  7.3    16    25     301    (-,-) 
  csa_tree_ADD_TC_OP_2_groupi_n_190    -       -      -     (net)          -    -     -     -       -    (-,-) 
  csa_tree_ADD_TC_OP_2_groupi_g2124/ZN -       A1->ZN R     NAND3_X1       1  3.4    16    24     325    (-,-) 
  csa_tree_ADD_TC_OP_2_groupi_n_195    -       -      -     (net)          -    -     -     -       -    (-,-) 
  csa_tree_ADD_TC_OP_2_groupi_g2123/ZN -       A1->ZN F     NAND2_X2       4  7.4    12    20     344    (-,-) 
  csa_tree_ADD_TC_OP_2_groupi_n_197    -       -      -     (net)          -    -     -     -       -    (-,-) 
  csa_tree_ADD_TC_OP_2_groupi_g2115/ZN -       A1->ZN R     NAND3_X1       1  3.4    16    22     366    (-,-) 
  csa_tree_ADD_TC_OP_2_groupi_n_204    -       -      -     (net)          -    -     -     -       -    (-,-) 
  csa_tree_ADD_TC_OP_2_groupi_g2114/ZN -       A1->ZN F     NAND2_X2       4  7.3    12    20     386    (-,-) 
  csa_tree_ADD_TC_OP_2_groupi_n_205    -       -      -     (net)          -    -     -     -       -    (-,-) 
  csa_tree_ADD_TC_OP_2_groupi_g2105/ZN -       A1->ZN R     NAND3_X1       1  1.9    12    18     404    (-,-) 
  csa_tree_ADD_TC_OP_2_groupi_n_213    -       -      -     (net)          -    -     -     -       -    (-,-) 
  csa_tree_ADD_TC_OP_2_groupi_g2104/ZN -       A1->ZN F     NAND2_X1       4  7.2    17    26     429    (-,-) 
  csa_tree_ADD_TC_OP_2_groupi_n_214    -       -      -     (net)          -    -     -     -       -    (-,-) 
  csa_tree_ADD_TC_OP_2_groupi_g2098/ZN -       A1->ZN R     NAND2_X1       1  3.3    13    22     451    (-,-) 
  csa_tree_ADD_TC_OP_2_groupi_n_219    -       -      -     (net)          -    -     -     -       -    (-,-) 
  csa_tree_ADD_TC_OP_2_groupi_g2096/ZN -       A1->ZN F     NAND3_X2       3  5.8    14    23     474    (-,-) 
  csa_tree_ADD_TC_OP_2_groupi_n_221    -       -      -     (net)          -    -     -     -       -    (-,-) 
  csa_tree_ADD_TC_OP_2_groupi_g2090/ZN -       A1->ZN R     NAND2_X1       1  3.4    13    21     496    (-,-) 
  csa_tree_ADD_TC_OP_2_groupi_n_227    -       -      -     (net)          -    -     -     -       -    (-,-) 
  csa_tree_ADD_TC_OP_2_groupi_g2088/ZN -       A1->ZN F     NAND2_X2       2  5.5    11    16     512    (-,-) 
  csa_tree_ADD_TC_OP_2_groupi_n_229    -       -      -     (net)          -    -     -     -       -    (-,-) 
  csa_tree_ADD_TC_OP_2_groupi_g2081/ZN -       A1->ZN R     NAND2_X2       1  3.4    10    15     528    (-,-) 
  csa_tree_ADD_TC_OP_2_groupi_n_235    -       -      -     (net)          -    -     -     -       -    (-,-) 
  csa_tree_ADD_TC_OP_2_groupi_g2080/ZN -       A1->ZN F     NAND2_X2       2  5.5     9    15     543    (-,-) 
  csa_tree_ADD_TC_OP_2_groupi_n_236    -       -      -     (net)          -    -     -     -       -    (-,-) 
  csa_tree_ADD_TC_OP_2_groupi_g2074/ZN -       A1->ZN R     NAND2_X2       2  5.1    12    17     560    (-,-) 
  csa_tree_ADD_TC_OP_2_groupi_n_241    -       -      -     (net)          -    -     -     -       -    (-,-) 
  csa_tree_ADD_TC_OP_2_groupi_g2073/ZN -       A1->ZN F     NAND2_X1       1  3.2    10    17     576    (-,-) 
  csa_tree_ADD_TC_OP_2_groupi_n_242    -       -      -     (net)          -    -     -     -       -    (-,-) 
  csa_tree_ADD_TC_OP_2_groupi_g2069/ZN -       A1->ZN R     NAND2_X2       1  6.3    13    19     595    (-,-) 
  csa_tree_ADD_TC_OP_2_groupi_n_246    -       -      -     (net)          -    -     -     -       -    (-,-) 
  csa_tree_ADD_TC_OP_2_groupi_g2068/ZN -       A1->ZN F     NAND2_X4      27 53.2    27    39     634    (-,-) 
  n_1980                               -       -      -     (net)          -    -     -     -       -    (-,-) 
  g79056/ZN                            -       A->ZN  R     INV_X4        17 31.3    22    37     671    (-,-) 
  n_71                                 -       -      -     (net)          -    -     -     -       -    (-,-) 
  g78961/ZN                            -       A1->ZN F     NAND2_X1       2  2.8    11    19     690    (-,-) 
  n_156                                -       -      -     (net)          -    -     -     -       -    (-,-) 
  g79155/ZN                            -       A1->ZN F     OR3_X1         1  3.4    15    70     761    (-,-) 
  n_2125                               -       -      -     (net)          -    -     -     -       -    (-,-) 
  g78731/ZN                            -       A2->ZN R     NAND2_X2      10 19.8    28    40     801    (-,-) 
  n_334                                -       -      -     (net)          -    -     -     -       -    (-,-) 
  g78722/ZN                            -       B1->ZN F     AOI21_X1       2  3.5    14    23     824    (-,-) 
  n_341                                -       -      -     (net)          -    -     -     -       -    (-,-) 
  g78707/ZN                            -       A3->ZN F     AND3_X2        2  6.3     8    40     863    (-,-) 
  n_352                                -       -      -     (net)          -    -     -     -       -    (-,-) 
  g78704/ZN                            -       A1->ZN R     NAND2_X2       3 11.7    19    24     888    (-,-) 
  n_356                                -       -      -     (net)          -    -     -     -       -    (-,-) 
  g78701/ZN                            -       A1->ZN F     NAND2_X4       7 14.5    11    20     908    (-,-) 
  n_361                                -       -      -     (net)          -    -     -     -       -    (-,-) 
  g78643/ZN                            -       B1->ZN R     AOI21_X1       2  3.8    31    38     946    (-,-) 
  n_375                                -       -      -     (net)          -    -     -     -       -    (-,-) 
  g78599/ZN                            -       A1->ZN F     NAND2_X1       2  3.5    14    23     969    (-,-) 
  n_386                                -       -      -     (net)          -    -     -     -       -    (-,-) 
  g78578/ZN                            -       A1->ZN R     NOR2_X1        4  6.7    39    51    1019    (-,-) 
  n_407                                -       -      -     (net)          -    -     -     -       -    (-,-) 
  g78433/ZN                            -       B1->ZN F     AOI21_X1       2  5.2    19    31    1050    (-,-) 
  n_552                                -       -      -     (net)          -    -     -     -       -    (-,-) 
  g78418/ZN                            -       A2->ZN R     NOR2_X2        8 14.9    42    62    1112    (-,-) 
  n_36                                 -       -      -     (net)          -    -     -     -       -    (-,-) 
  g78011__7410/ZN                      -       A1->ZN F     NOR2_X1        3  5.8    15    22    1134    (-,-) 
  n_43                                 -       -      -     (net)          -    -     -     -       -    (-,-) 
  g77902__9315/ZN                      -       A1->ZN R     NAND2_X1       1  1.9    11    18    1152    (-,-) 
  n_943                                -       -      -     (net)          -    -     -     -       -    (-,-) 
  g77814__1705/ZN                      -       A1->ZN F     NAND2_X1       3  5.8    14    22    1174    (-,-) 
  n_1046                               -       -      -     (net)          -    -     -     -       -    (-,-) 
  g77768__7410/ZN                      -       A1->ZN R     NAND2_X1       1  3.4    13    21    1195    (-,-) 
  n_1077                               -       -      -     (net)          -    -     -     -       -    (-,-) 
  g77757__7482/ZN                      -       A1->ZN F     NAND2_X2       2  5.4     9    16    1211    (-,-) 
  n_1104                               -       -      -     (net)          -    -     -     -       -    (-,-) 
  g77678__5107/ZN                      -       B1->ZN R     AOI21_X2       1  2.0    18    23    1234    (-,-) 
  n_1181                               -       -      -     (net)          -    -     -     -       -    (-,-) 
  g77652/ZN                            -       A->ZN  F     INV_X1         2  4.0     8    14    1248    (-,-) 
  n_1208                               -       -      -     (net)          -    -     -     -       -    (-,-) 
  g77627__8246/ZN                      -       A->ZN  F     XNOR2_X1       2  3.5    17    41    1288    (-,-) 
  n_1232                               -       -      -     (net)          -    -     -     -       -    (-,-) 
  g77606__7410/ZN                      -       A1->ZN F     AND2_X2        4  8.0     8    36    1324    (-,-) 
  n_45                                 -       -      -     (net)          -    -     -     -       -    (-,-) 
  g77549__3680/ZN                      -       A1->ZN R     NAND2_X1       1  3.8    14    19    1343    (-,-) 
  n_1304                               -       -      -     (net)          -    -     -     -       -    (-,-) 
  g77503__1666/ZN                      -       A2->ZN F     NAND2_X2       3  6.7    12    19    1362    (-,-) 
  n_1363                               -       -      -     (net)          -    -     -     -       -    (-,-) 
  g77463__5115/ZN                      -       A1->ZN F     AND2_X2        3  5.4     7    30    1393    (-,-) 
  n_1394                               -       -      -     (net)          -    -     -     -       -    (-,-) 
  g77443__2398/ZN                      -       A1->ZN F     AND2_X2        7 10.6    10    32    1425    (-,-) 
  n_1425                               -       -      -     (net)          -    -     -     -       -    (-,-) 
  g77416__1617/ZN                      -       A1->ZN F     AND2_X1        4  7.0    11    38    1463    (-,-) 
  n_1455                               -       -      -     (net)          -    -     -     -       -    (-,-) 
  g77391/ZN                            -       A->ZN  R     INV_X1        13 24.2    58    68    1531    (-,-) 
  n_1454                               -       -      -     (net)          -    -     -     -       -    (-,-) 
  g77211__1705/ZN                      -       B1->ZN F     OAI22_X1       1  1.9    17    28    1559    (-,-) 
  n_1640                               -       -      -     (net)          -    -     -     -       -    (-,-) 
  g77111__4319/ZN                      -       A2->ZN R     NOR2_X1        1  2.0    17    33    1592    (-,-) 
  n_1739                               -       -      -     (net)          -    -     -     -       -    (-,-) 
  g76975__1705/ZN                      -       A4->ZN F     NAND4_X1       1  1.4    15    30    1623    (-,-) 
  n_1835                               -       -      -     (net)          -    -     -     -       -    (-,-) 
  add_out_reg[21]/D                    <<<     -      F     DFFR_X1        1    -     -     0    1623    (-,-) 
#--------------------------------------------------------------------------------------------------------------

Capture clock path:
#-------------------------------------------------------------------------------------------
#   Timing Point     Flags   Arc   Edge   Cell     Fanout Load Trans Delay Arrival Instance 
#                                                         (fF)  (ps)  (ps)   (ps)  Location 
#-------------------------------------------------------------------------------------------
  clk                (i)     -     R     (arrival)     98  0.0     0     0    1667    (-,-) 
  clk                -       -     -     (net)          -    -     -     -       -    (-,-) 
  clk                -       -     -     (net)          -    -     -     -       -    (-,-) 
  add_out_reg[21]/CK <<<     -     R     DFFR_X1       98    -     1     0    1667    (-,-) 
#-------------------------------------------------------------------------------------------


