============================================================
  Generated by:           Genus(TM) Synthesis Solution 25.11-s095_1
  Generated on:           Mar 10 2026  01:22:06 pm
  Operating conditions:   typical 
  Interconnect mode:      global
  Area mode:              physical library
============================================================

                               Leakage    Internal                         Library 
   Gate    Instances   Area  Power (nW)  Power (nW)         Library         Domain 
-----------------------------------------------------------------------------------
AND2_X1           15  15.960    381.100   11377.986 NangateOpenCellLibrary       0 
AND3_X1            4   5.320    108.987    4184.479 NangateOpenCellLibrary       0 
AND4_X1            2   3.192     54.015    1380.602 NangateOpenCellLibrary       0 
AOI211_X1          1   1.330     40.413    1273.720 NangateOpenCellLibrary       0 
AOI21_X1          21  22.344    623.599   12902.927 NangateOpenCellLibrary       0 
AOI21_X2           1   1.862     39.511     769.281 NangateOpenCellLibrary       0 
AOI22_X1           7   9.310    231.167    6107.514 NangateOpenCellLibrary       0 
AOI22_X2           1   2.394     38.337     917.958 NangateOpenCellLibrary       0 
DFFR_X1           25 133.000   2202.177  286287.386 NangateOpenCellLibrary       0 
FA_X1             14  59.584   1151.554   36143.139 NangateOpenCellLibrary       0 
HA_X1             12  31.920    728.404   17828.419 NangateOpenCellLibrary       0 
INV_X1            78  41.496   1154.543   21988.296 NangateOpenCellLibrary       0 
MUX2_X1            3   5.586    107.205    4905.087 NangateOpenCellLibrary       0 
NAND2_X1         100  79.800   1854.113   37423.968 NangateOpenCellLibrary       0 
NAND2_X2           5   6.650    197.099    3964.287 NangateOpenCellLibrary       0 
NAND3_X1           9   9.576    140.106    4795.202 NangateOpenCellLibrary       0 
NAND4_X1           4   5.320     72.507     838.744 NangateOpenCellLibrary       0 
NOR2_X1           49  39.102   1040.054   21265.754 NangateOpenCellLibrary       0 
NOR3_X1            4   4.256    101.051    1239.230 NangateOpenCellLibrary       0 
NOR4_X1            6   7.980    195.609    1189.543 NangateOpenCellLibrary       0 
OAI211_X1          2   2.660     59.965    2422.379 NangateOpenCellLibrary       0 
OAI21_X1          26  27.664    742.551   25444.559 NangateOpenCellLibrary       0 
OAI21_X2           1   1.862     50.463    2994.284 NangateOpenCellLibrary       0 
OAI221_X1          1   1.596     51.909    2356.337 NangateOpenCellLibrary       0 
OAI22_X1          18  23.940    684.734   25738.831 NangateOpenCellLibrary       0 
OR2_X1            10  10.640    234.714    6726.419 NangateOpenCellLibrary       0 
OR3_X2             1   1.596     49.576     272.384 NangateOpenCellLibrary       0 
OR4_X1             1   1.596     26.616    1430.375 NangateOpenCellLibrary       0 
OR4_X2             1   1.862     56.331     845.904 NangateOpenCellLibrary       0 
XNOR2_X1          86 137.256   3040.319  102183.913 NangateOpenCellLibrary       0 
XOR2_X1           20  31.920    745.392   28084.234 NangateOpenCellLibrary       0 
XOR2_X2            1   2.394     87.537    2094.568 NangateOpenCellLibrary       0 
-----------------------------------------------------------------------------------
total            529 730.968  16291.659  677377.706                                
                                          Leakage  Leakage  Internal  Internal 
     Type      Instances   Area  Area % Power (nW) Power % Power (nW)  Power % 
-------------------------------------------------------------------------------
sequential            25 133.000   18.2   2202.177    13.5 286287.386     42.3 
inverter              78  41.496    5.7   1154.543     7.1  21988.296      3.2 
logic                426 556.472   76.1  12934.939    79.4 369102.024     54.5 
physical_cells         0   0.000    0.0      0.000     0.0      0.000      0.0 
-------------------------------------------------------------------------------
total                529 730.968  100.0  16291.659   100.0 677377.706    100.0 
