============================================================
  Generated by:           Genus(TM) Synthesis Solution 25.11-s095_1
  Generated on:           Mar 10 2026  05:25:47 pm
  Operating conditions:   typical 
  Interconnect mode:      global
  Area mode:              physical library
============================================================

                                Leakage    Internal                          Library 
   Gate    Instances   Area   Power (nW)  Power (nW)          Library         Domain 
-------------------------------------------------------------------------------------
AND2_X1           64   68.096   1631.338    54098.231 NangateOpenCellLibrary       0 
AND2_X2            5    6.650    256.808     7705.514 NangateOpenCellLibrary       0 
AND2_X4            1    2.394    115.227     7533.685 NangateOpenCellLibrary       0 
AND3_X1            7    9.310    191.762     9547.882 NangateOpenCellLibrary       0 
AND3_X2            2    3.192     92.020        0.000 NangateOpenCellLibrary       0 
AND4_X1            6    9.576    138.775     1250.876 NangateOpenCellLibrary       0 
AND4_X2            1    1.862     55.608     1629.630 NangateOpenCellLibrary       0 
AOI211_X1          7    9.310    252.318    11333.689 NangateOpenCellLibrary       0 
AOI21_X1         101  107.464   2617.077   102398.134 NangateOpenCellLibrary       0 
AOI21_X2           6   11.172    367.692    11614.241 NangateOpenCellLibrary       0 
AOI21_X4           2    6.916    246.513     9707.964 NangateOpenCellLibrary       0 
AOI221_X1         14   22.344    509.702    24005.091 NangateOpenCellLibrary       0 
AOI222_X1          5   10.640    158.604     9312.777 NangateOpenCellLibrary       0 
AOI22_X1          94  125.020   2642.004    66198.771 NangateOpenCellLibrary       0 
AOI22_X2           4    9.576    257.823    12715.966 NangateOpenCellLibrary       0 
AOI22_X4           1    4.522    128.785     7157.879 NangateOpenCellLibrary       0 
CLKBUF_X1          1    0.798     11.654     1702.478 NangateOpenCellLibrary       0 
DFFR_X1           55  292.600   4814.721   389669.233 NangateOpenCellLibrary       0 
DFFR_X2            1    5.852    129.689    10621.864 NangateOpenCellLibrary       0 
HA_X1             12   31.920    689.189    37174.104 NangateOpenCellLibrary       0 
INV_X1           245  130.340   3646.342    95806.899 NangateOpenCellLibrary       0 
INV_X2            11    8.778    319.521     6550.351 NangateOpenCellLibrary       0 
INV_X4             9   11.970    505.293    12041.639 NangateOpenCellLibrary       0 
MUX2_X1           33   61.446   1179.006    66460.390 NangateOpenCellLibrary       0 
MUX2_X2            2    4.788    135.104    11053.547 NangateOpenCellLibrary       0 
NAND2_X1         295  235.410   5143.396   125603.697 NangateOpenCellLibrary       0 
NAND2_X2          20   26.600    795.745    16519.816 NangateOpenCellLibrary       0 
NAND2_X4           8   19.152    567.884    15877.154 NangateOpenCellLibrary       0 
NAND3_X1          35   37.240    820.895    19848.573 NangateOpenCellLibrary       0 
NAND3_X2           8   14.896    325.206     5188.776 NangateOpenCellLibrary       0 
NAND3_X4           2    6.916    281.047     5878.869 NangateOpenCellLibrary       0 
NAND4_X1          26   34.580    914.883    32225.459 NangateOpenCellLibrary       0 
NAND4_X2           2    4.788     64.795      311.404 NangateOpenCellLibrary       0 
NOR2_X1          153  122.094   3256.247    99819.835 NangateOpenCellLibrary       0 
NOR2_X2            9   11.970    415.387     8016.884 NangateOpenCellLibrary       0 
NOR2_X4            2    4.788    169.596     1846.508 NangateOpenCellLibrary       0 
NOR3_X1           17   18.088    452.123    17359.322 NangateOpenCellLibrary       0 
NOR4_X1           16   21.280    523.844     3235.914 NangateOpenCellLibrary       0 
OAI211_X1         25   33.250   1045.509    32703.669 NangateOpenCellLibrary       0 
OAI21_X1          81   86.184   2541.806    86919.998 NangateOpenCellLibrary       0 
OAI21_X2           3    5.586    201.236     4877.172 NangateOpenCellLibrary       0 
OAI21_X4           2    6.916    240.693     3511.402 NangateOpenCellLibrary       0 
OAI221_X1         54   86.184   2865.924    70141.865 NangateOpenCellLibrary       0 
OAI221_X2          1    2.926    124.450      961.123 NangateOpenCellLibrary       0 
OAI222_X1         45   95.760   2883.525    56444.725 NangateOpenCellLibrary       0 
OAI22_X1          84  111.720   3644.825    60249.982 NangateOpenCellLibrary       0 
OAI22_X4           1    4.522    148.669     7540.335 NangateOpenCellLibrary       0 
OR2_X1            26   27.664    618.171    26007.055 NangateOpenCellLibrary       0 
OR2_X4             1    2.394     93.935     1998.482 NangateOpenCellLibrary       0 
OR3_X1             3    3.990     74.149      300.802 NangateOpenCellLibrary       0 
SDFFR_X1          12   79.800   1293.218    95164.906 NangateOpenCellLibrary       0 
XNOR2_X1          53   84.588   1996.247    92792.613 NangateOpenCellLibrary       0 
XNOR2_X2           1    2.660     72.744     2993.977 NangateOpenCellLibrary       0 
XOR2_X1           20   31.920    734.012    31551.794 NangateOpenCellLibrary       0 
XOR2_X2            1    2.394     72.586     3496.237 NangateOpenCellLibrary       0 
-------------------------------------------------------------------------------------
total           1695 2182.796  53475.322  1896679.184                                
                                           Leakage  Leakage   Internal  Internal 
     Type      Instances   Area   Area % Power (nW) Power %  Power (nW)  Power % 
---------------------------------------------------------------------------------
sequential            68  378.252   17.3   6237.628    11.7  495456.003     26.1 
inverter             265  151.088    6.9   4471.156     8.4  114398.890      6.0 
buffer                 1    0.798    0.0     11.654     0.0    1702.478      0.1 
logic               1361 1652.658   75.7  42754.885    80.0 1285121.814     67.8 
physical_cells         0    0.000    0.0      0.000     0.0       0.000      0.0 
---------------------------------------------------------------------------------
total               1695 2182.796  100.0  53475.322   100.0 1896679.184    100.0 
