============================================================
  Generated by:           Genus(TM) Synthesis Solution 25.11-s095_1
  Generated on:           May 26 2026  12:32:00 pm
  Operating conditions:   typical 
  Interconnect mode:      global
  Area mode:              physical library
============================================================

                                 Leakage      Internal                          Library 
   Gate    Instances    Area    Power (nW)   Power (nW)          Library         Domain 
----------------------------------------------------------------------------------------
AND2_X1          885   941.640   23479.011   1251735.021 NangateOpenCellLibrary       0 
AND2_X2           91   121.030    4779.045    322393.770 NangateOpenCellLibrary       0 
AND2_X4           19    45.486    2039.927     93568.878 NangateOpenCellLibrary       0 
AND3_X1           47    62.510    1366.700     62084.899 NangateOpenCellLibrary       0 
AND3_X2           13    20.748     827.270     48090.522 NangateOpenCellLibrary       0 
AND3_X4           10    29.260    1453.448     37170.973 NangateOpenCellLibrary       0 
AND4_X1            9    14.364     282.008     11086.660 NangateOpenCellLibrary       0 
AND4_X2            2     3.724     101.335       265.844 NangateOpenCellLibrary       0 
AND4_X4            1     3.458     103.004       117.609 NangateOpenCellLibrary       0 
AOI211_X1          8    10.640     242.399      7698.507 NangateOpenCellLibrary       0 
AOI211_X2          3     7.182     214.422      9266.571 NangateOpenCellLibrary       0 
AOI21_X1         551   586.264   13822.398    662671.768 NangateOpenCellLibrary       0 
AOI21_X2         122   227.164    6509.471    352600.261 NangateOpenCellLibrary       0 
AOI21_X4          21    72.618    2284.254    133231.493 NangateOpenCellLibrary       0 
AOI221_X1         59    94.164    2459.536    114485.329 NangateOpenCellLibrary       0 
AOI221_X2         17    49.742    1439.036     78177.276 NangateOpenCellLibrary       0 
AOI222_X1         40    85.120    1702.266    115666.217 NangateOpenCellLibrary       0 
AOI222_X2          2     7.448     175.775     12539.203 NangateOpenCellLibrary       0 
AOI222_X4          1     3.724     131.843     13273.299 NangateOpenCellLibrary       0 
AOI22_X1         552   734.160   15452.479    645237.528 NangateOpenCellLibrary       0 
AOI22_X2          34    81.396    2026.116     98918.718 NangateOpenCellLibrary       0 
AOI22_X4           1     4.522     130.448      2285.231 NangateOpenCellLibrary       0 
BUF_X1            14    11.172     303.972     24743.129 NangateOpenCellLibrary       0 
BUF_X2            16    17.024     676.074     58251.977 NangateOpenCellLibrary       0 
BUF_X4            12    22.344    1031.747     64261.447 NangateOpenCellLibrary       0 
CLKBUF_X1         46    36.708     507.638     59098.351 NangateOpenCellLibrary       0 
CLKBUF_X2          4     4.256      91.955     15689.725 NangateOpenCellLibrary       0 
DFFR_X1         1259  6697.880  110964.887  10723643.817 NangateOpenCellLibrary       0 
DFFR_X2           11    64.372    1433.849     73449.227 NangateOpenCellLibrary       0 
DFF_X1           136   614.992   10720.451   1517867.047 NangateOpenCellLibrary       0 
FA_X1             28   119.168    1881.716    165454.580 NangateOpenCellLibrary       0 
HA_X1             36    95.760    2224.615    138774.291 NangateOpenCellLibrary       0 
INV_X1          4107  2184.924   58687.267   2576595.243 NangateOpenCellLibrary       0 
INV_X16            2     9.044     469.764     17446.232 NangateOpenCellLibrary       0 
INV_X2           288   229.824    8271.932    428688.593 NangateOpenCellLibrary       0 
INV_X4            93   123.690    5411.664    223631.854 NangateOpenCellLibrary       0 
INV_X8            23    55.062    2684.806    106725.936 NangateOpenCellLibrary       0 
MUX2_X1          400   744.800   14586.186   1105707.659 NangateOpenCellLibrary       0 
MUX2_X2           23    55.062    1615.480    145369.350 NangateOpenCellLibrary       0 
NAND2_X1        5927  4729.746  117167.916   5072314.031 NangateOpenCellLibrary       0 
NAND2_X2         553   735.490   25341.309   1130825.627 NangateOpenCellLibrary       0 
NAND2_X4         233   557.802   25707.768    912906.356 NangateOpenCellLibrary       0 
NAND3_X1         369   392.616    9150.646    394491.316 NangateOpenCellLibrary       0 
NAND3_X2          86   160.132    5590.269    209436.332 NangateOpenCellLibrary       0 
NAND3_X4          16    55.328    2178.527     53354.263 NangateOpenCellLibrary       0 
NAND4_X1         119   158.270    3502.367     94248.168 NangateOpenCellLibrary       0 
NAND4_X2           6    14.364     331.461     20935.861 NangateOpenCellLibrary       0 
NAND4_X4           1     4.788     207.437      7336.945 NangateOpenCellLibrary       0 
NOR2_X1         1915  1528.170   41828.151   1307998.485 NangateOpenCellLibrary       0 
NOR2_X2          193   256.690    8193.488    331437.515 NangateOpenCellLibrary       0 
NOR2_X4          189   452.466   15297.672    721525.992 NangateOpenCellLibrary       0 
NOR3_X1           84    89.376    2326.792     30404.668 NangateOpenCellLibrary       0 
NOR3_X2            3     5.586     172.819      3952.384 NangateOpenCellLibrary       0 
NOR3_X4            1     3.724     101.366      8066.322 NangateOpenCellLibrary       0 
NOR4_X1          109   144.970    3799.924     27254.420 NangateOpenCellLibrary       0 
NOR4_X2            1     2.394      87.326         0.000 NangateOpenCellLibrary       0 
OAI211_X1         72    95.760    2596.059     90712.226 NangateOpenCellLibrary       0 
OAI211_X2          3     7.182     211.384      9742.143 NangateOpenCellLibrary       0 
OAI21_X1        1252  1332.128   32104.086   1575668.730 NangateOpenCellLibrary       0 
OAI21_X2         238   443.156   13591.796    755116.734 NangateOpenCellLibrary       0 
OAI21_X4          28    96.824    3413.121    179253.592 NangateOpenCellLibrary       0 
OAI221_X1         18    28.728     944.108     27125.568 NangateOpenCellLibrary       0 
OAI221_X2          3     8.778     320.144     12127.319 NangateOpenCellLibrary       0 
OAI222_X1         21    44.688    1360.648     50983.221 NangateOpenCellLibrary       0 
OAI222_X2          6    22.344     777.879     36194.648 NangateOpenCellLibrary       0 
OAI22_X1         393   522.690   16930.442    450689.968 NangateOpenCellLibrary       0 
OAI22_X2          10    23.940     825.827     34343.910 NangateOpenCellLibrary       0 
OAI22_X4           1     4.522     130.738      3257.009 NangateOpenCellLibrary       0 
OR2_X1           420   446.880    9782.739    515112.722 NangateOpenCellLibrary       0 
OR2_X2            90   119.700    4103.563    302836.379 NangateOpenCellLibrary       0 
OR2_X4             8    19.152     734.614     50188.089 NangateOpenCellLibrary       0 
OR3_X1            60    79.800    1512.628     39337.545 NangateOpenCellLibrary       0 
OR3_X2             4     6.384     201.165     10551.677 NangateOpenCellLibrary       0 
OR4_X1            61    97.356    1692.103     17591.004 NangateOpenCellLibrary       0 
OR4_X2             1     1.862      64.115         0.000 NangateOpenCellLibrary       0 
SDFFR_X1         192  1276.800   20756.827   2262907.544 NangateOpenCellLibrary       0 
SDFFR_X2           4    27.664     580.743     61931.332 NangateOpenCellLibrary       0 
XNOR2_X1         836  1334.256   31443.225   2104748.547 NangateOpenCellLibrary       0 
XNOR2_X2         467  1242.220   34509.238   2605015.697 NangateOpenCellLibrary       0 
XOR2_X1          192   306.432    6315.092    550555.022 NangateOpenCellLibrary       0 
XOR2_X2           90   215.460    6055.387    543457.490 NangateOpenCellLibrary       0 
----------------------------------------------------------------------------------------
total          23261 31389.064  754529.102  44133900.835                                
                                            Leakage  Leakage   Internal   Internal 
     Type      Instances    Area   Area % Power (nW) Power %  Power (nW)   Power % 
-----------------------------------------------------------------------------------
sequential          1602  8681.708   27.7 144456.758    19.1 14639798.967     33.2 
inverter            4513  2602.544    8.3  75525.433    10.0  3353087.858      7.6 
buffer                92    91.504    0.3   2611.386     0.3   222044.630      0.5 
logic              17054 20013.308   63.8 531935.525    70.5 25918969.380     58.7 
physical_cells         0     0.000    0.0      0.000     0.0        0.000      0.0 
-----------------------------------------------------------------------------------
total              23261 31389.064  100.0 754529.102   100.0 44133900.835    100.0 
