============================================================
  Generated by:           Genus(TM) Synthesis Solution 25.11-s095_1
  Generated on:           May 26 2026  12:31:47 pm
  Module:                 sysarr_32_input_fp_adder
  Operating conditions:   typical 
  Interconnect mode:      global
  Area mode:              physical library
============================================================


Path 1: MET (0 ps) Setup Check with Pin aligner_inst_max_l3_n0_r_reg[1]/CK->D
           View: view_1p2_25
          Group: clock1
     Startpoint: (R) in[5][8]
          Clock: (R) clock1
       Endpoint: (F) aligner_inst_max_l3_n0_r_reg[1]/D
          Clock: (R) clock1

                     Capture       Launch     
        Clock Edge:+    1000            0     
        Drv Adjust:+       0            0     
       Src Latency:+       0            0     
       Net Latency:+       0 (I)        0 (I) 
           Arrival:=    1000            0     
                                              
             Setup:-      41                  
       Uncertainty:-       0                  
     Required Time:=     959                  
      Launch Clock:-       0                  
       Input Delay:-       1                  
         Data Path:-     958                  
             Slack:=       0                  

Exceptions/Constraints:
  input_delay              1              sysarr_32_input_fp_a_line_21_424_1   

#-----------------------------------------------------------------------------------------------------------
#           Timing Point            Flags    Arc   Edge   Cell     Fanout Load Trans Delay Arrival Instance 
#                                                                         (fF)  (ps)  (ps)   (ps)  Location 
#-----------------------------------------------------------------------------------------------------------
  in[5][8]                          -       -      R     (arrival)      4  8.5     0     0       1    (-,-) 
  in[5][8]                          -       -      -     (net)          -    -     -     -       -    (-,-) 
  g269265/ZN                        -       A->ZN  F     INV_X2         3  4.6     4     5       6    (-,-) 
  n_10197                           -       -      -     (net)          -    -     -     -       -    (-,-) 
  g268482/ZN                        -       B1->ZN R     OAI21_X1       1  1.9    19    26      32    (-,-) 
  n_10544                           -       -      -     (net)          -    -     -     -       -    (-,-) 
  g268278/ZN                        -       A1->ZN F     NAND3_X1       1  1.7    12    21      53    (-,-) 
  n_10731                           -       -      -     (net)          -    -     -     -       -    (-,-) 
  g267747/ZN                        -       B1->ZN R     AOI21_X1       1  2.0    23    29      81    (-,-) 
  n_11114                           -       -      -     (net)          -    -     -     -       -    (-,-) 
  g267462/ZN                        -       B1->ZN F     OAI21_X1       1  1.9    10    18      99    (-,-) 
  n_11207                           -       -      -     (net)          -    -     -     -       -    (-,-) 
  g312116/ZN                        -       A1->ZN R     NAND3_X1       1  6.6    23    28     128    (-,-) 
  n_22375                           -       -      -     (net)          -    -     -     -       -    (-,-) 
  g312115/ZN                        -       A1->ZN F     NAND3_X4       8 16.2    18    30     157    (-,-) 
  n_22378                           -       -      -     (net)          -    -     -     -       -    (-,-) 
  g267198/ZN                        -       A->ZN  R     INV_X2         3  5.8    11    20     178    (-,-) 
  n_11472                           -       -      -     (net)          -    -     -     -       -    (-,-) 
  g267130/ZN                        -       B1->ZN F     OAI22_X1       3  5.4    17    27     205    (-,-) 
  n_11537                           -       -      -     (net)          -    -     -     -       -    (-,-) 
  g266969/ZN                        -       B2->ZN R     AOI22_X1       1  1.9    25    50     255    (-,-) 
  n_11674                           -       -      -     (net)          -    -     -     -       -    (-,-) 
  g266894/ZN                        -       B1->ZN F     AOI21_X1       1  3.0    12    21     277    (-,-) 
  n_11750                           -       -      -     (net)          -    -     -     -       -    (-,-) 
  g266860/ZN                        -       B1->ZN R     OAI21_X2       2  3.7    19    29     306    (-,-) 
  n_11787                           -       -      -     (net)          -    -     -     -       -    (-,-) 
  g266842/ZN                        -       B1->ZN F     AOI21_X1       1  1.9    10    17     323    (-,-) 
  n_11801                           -       -      -     (net)          -    -     -     -       -    (-,-) 
  g266830/ZN                        -       B2->ZN R     OAI21_X1       1  1.9    19    33     356    (-,-) 
  n_11814                           -       -      -     (net)          -    -     -     -       -    (-,-) 
  g266821/ZN                        -       A1->ZN F     NAND2_X1       1  3.2    11    19     375    (-,-) 
  n_11823                           -       -      -     (net)          -    -     -     -       -    (-,-) 
  g266818/ZN                        -       A1->ZN R     NAND2_X2       1  6.3    13    19     394    (-,-) 
  n_11824                           -       -      -     (net)          -    -     -     -       -    (-,-) 
  g266800/ZN                        -       A1->ZN F     NAND2_X4       9 19.0    12    21     415    (-,-) 
  n_11844                           -       -      -     (net)          -    -     -     -       -    (-,-) 
  g266793/ZN                        -       A->ZN  R     INV_X2         3  7.2    11    19     434    (-,-) 
  n_11843                           -       -      -     (net)          -    -     -     -       -    (-,-) 
  g266760/ZN                        -       A1->ZN F     AOI22_X2       4  5.6    14    17     451    (-,-) 
  n_11886                           -       -      -     (net)          -    -     -     -       -    (-,-) 
  g266715/ZN                        -       B1->ZN R     OAI21_X1       1  2.0    20    30     482    (-,-) 
  n_11923                           -       -      -     (net)          -    -     -     -       -    (-,-) 
  g266688/ZN                        -       A->ZN  F     OAI21_X1       1  1.8    10    21     503    (-,-) 
  n_11947                           -       -      -     (net)          -    -     -     -       -    (-,-) 
  g266671/ZN                        -       A1->ZN R     NAND2_X1       1  1.9    10    15     518    (-,-) 
  n_11970                           -       -      -     (net)          -    -     -     -       -    (-,-) 
  g266666/ZN                        -       A1->ZN F     NAND2_X1       1  1.8     7    13     531    (-,-) 
  n_11974                           -       -      -     (net)          -    -     -     -       -    (-,-) 
  g266654/ZN                        -       A1->ZN R     NAND2_X1       1  1.9    10    14     545    (-,-) 
  n_11987                           -       -      -     (net)          -    -     -     -       -    (-,-) 
  g266644/ZN                        -       B1->ZN F     AOI21_X1       1  1.8    12    14     560    (-,-) 
  n_11997                           -       -      -     (net)          -    -     -     -       -    (-,-) 
  g266635/ZN                        -       A1->ZN R     OAI22_X1       1  2.0    31    30     590    (-,-) 
  n_12005                           -       -      -     (net)          -    -     -     -       -    (-,-) 
  g266631/ZN                        -       A->ZN  F     OAI21_X1       1  3.2    13    27     617    (-,-) 
  n_12010                           -       -      -     (net)          -    -     -     -       -    (-,-) 
  g311943/ZN                        -       A1->ZN R     NAND2_X2       6 16.6    24    33     650    (-,-) 
  n_22190                           -       -      -     (net)          -    -     -     -       -    (-,-) 
  g311945/ZN                        -       A->ZN  F     INV_X4         5  9.2     8    11     661    (-,-) 
  n_22192                           -       -      -     (net)          -    -     -     -       -    (-,-) 
  g311942/ZN                        -       B1->ZN R     OAI22_X1       3  5.7    49    58     719    (-,-) 
  n_22194                           -       -      -     (net)          -    -     -     -       -    (-,-) 
  g266572/ZN                        -       A1->ZN F     OAI22_X1       1  1.7    16    25     744    (-,-) 
  n_12066                           -       -      -     (net)          -    -     -     -       -    (-,-) 
  g266567/ZN                        -       A1->ZN R     NOR2_X1        2  3.9    26    38     782    (-,-) 
  n_12075                           -       -      -     (net)          -    -     -     -       -    (-,-) 
  g266554/ZN                        -       A->ZN  F     OAI21_X1       1  1.8    10    23     804    (-,-) 
  n_12085                           -       -      -     (net)          -    -     -     -       -    (-,-) 
  g266543/ZN                        -       A->ZN  R     AOI21_X1       1  2.0    23    41     846    (-,-) 
  n_12096                           -       -      -     (net)          -    -     -     -       -    (-,-) 
  g266541/ZN                        -       A2->ZN F     NOR2_X1        2  3.6    12    16     862    (-,-) 
  n_12098                           -       -      -     (net)          -    -     -     -       -    (-,-) 
  g266540/ZN                        -       A->ZN  R     INV_X1         1  3.5    11    19     881    (-,-) 
  n_12099                           -       -      -     (net)          -    -     -     -       -    (-,-) 
  g266538/ZN                        -       A->ZN  F     OAI21_X2       6 12.0    19    28     909    (-,-) 
  n_12102                           -       -      -     (net)          -    -     -     -       -    (-,-) 
  g266525/Z                         -       S->Z   F     MUX2_X1        1  1.4    10    50     959    (-,-) 
  n_12112                           -       -      -     (net)          -    -     -     -       -    (-,-) 
  aligner_inst_max_l3_n0_r_reg[1]/D <<<     -      F     DFFR_X1        1    -     -     0     959    (-,-) 
#-----------------------------------------------------------------------------------------------------------

Capture clock path:
#-----------------------------------------------------------------------------------------------------------
#           Timing Point             Flags   Arc   Edge   Cell     Fanout Load Trans Delay Arrival Instance 
#                                                                         (fF)  (ps)  (ps)   (ps)  Location 
#-----------------------------------------------------------------------------------------------------------
  clk                                (i)     -     R     (arrival)   1602  0.0     0     0    1000    (-,-) 
  clk                                -       -     -     (net)          -    -     -     -       -    (-,-) 
  clk                                -       -     -     (net)          -    -     -     -       -    (-,-) 
  aligner_inst_max_l3_n0_r_reg[1]/CK <<<     -     R     DFFR_X1     1602    -     1     0    1000    (-,-) 
#-----------------------------------------------------------------------------------------------------------


