============================================================
  Generated by:           Genus(TM) Synthesis Solution 25.11-s095_1
  Generated on:           Mar 10 2026  11:16:35 pm
  Module:                 sysarr_4_input_fp_adder
  Library domain:         timing_condition_tt_1p2v_25c
    Domain index:         0
    Technology library:   NangateOpenCellLibrary revision 1.0
  Operating conditions:   typical 
  Interconnect mode:      global
  Area mode:              physical library
============================================================

Timing
--------

Analysis view  Clock Period 
----------------------------
view_1p2_25   clock1 1053.0 


  Analysis    Cost   Critical        Violating 
    View     Group  Path Slack  TNS    Paths   
-----------------------------------------------
view_1p2_25  clock1        0.1  0.0          0 
            default   No paths  0.0          0 
-----------------------------------------------
Total                          -0.0          0 
                                               

Instance Count
--------------
Leaf Instance Count             2100 
Physical Instance count            0 
Sequential Instance Count        136 
Combinational Instance Count    1964 
Hierarchical Instance Count        0 

Area
----
Cell Area                          3258.500
Physical Cell Area                 0.000
Total Cell Area (Cell+Physical)    3258.500
Net Area                           3032.217
Total Area (Cell+Physical+Net)     6290.717

Power
-----
Leakage Power                      75075.202 nW
Dynamic Power                      8514928.827 nW
Total Power                        8590004.029 nW

Max Fanout                         136 (clk)
Min Fanout                         0 (n_1718)
Average Fanout                     2.3
Terms to net ratio                 3.3454
Terms to instance ratio            3.7086
Runtime                            44.956443 seconds
Elapsed Runtime                    51 seconds
Genus peak memory usage            1662.00 
Innovus peak memory usage          no_value 
Hostname                           asicfab.ecn.purdue.edu
