============================================================
  Generated by:           Genus(TM) Synthesis Solution 25.11-s095_1
  Generated on:           May 25 2026  08:26:01 am
  Module:                 sysarr_32_input_fp_adder
  Library domain:         timing_condition_tt_1p2v_25c
    Domain index:         0
    Technology library:   NangateOpenCellLibrary revision 1.0
  Operating conditions:   typical 
  Interconnect mode:      global
  Area mode:              physical library
============================================================

Timing
--------

Analysis view  Clock Period 
----------------------------
view_1p2_25   clock1 1000.0 


  Analysis    Cost   Critical          Violating 
    View     Group  Path Slack   TNS     Paths   
-------------------------------------------------
view_1p2_25  clock1      -23.9 -590.9         34 
            default   No paths    0.0          0 
-------------------------------------------------
Total                          -590.9         34 
                                                 

Instance Count
--------------
Leaf Instance Count             22632 
Physical Instance count             0 
Sequential Instance Count        2173 
Combinational Instance Count    20459 
Hierarchical Instance Count         0 

Area
----
Cell Area                          33659.374
Physical Cell Area                 0.000
Total Cell Area (Cell+Physical)    33659.374
Net Area                           27568.718
Total Area (Cell+Physical+Net)     61228.092

Power
-----
Leakage Power                      775807.133 nW
Dynamic Power                      84390499.358 nW
Total Power                        85166306.492 nW

Max Fanout                         2173 (clk)
Min Fanout                         0 (aligner_inst_exp_dly[2][29][7])
Average Fanout                     2.0
Terms to net ratio                 3.1632
Terms to instance ratio            3.2846
Runtime                            47.994043 seconds
Elapsed Runtime                    51 seconds
Genus peak memory usage            1768.60 
Innovus peak memory usage          no_value 
Hostname                           asicfab.ecn.purdue.edu
