============================================================
  Generated by:           Genus(TM) Synthesis Solution 25.11-s095_1
  Generated on:           Mar 10 2026  08:57:49 pm
  Module:                 add_bf16_1C
  Operating conditions:   typical 
  Interconnect mode:      global
  Area mode:              physical library
============================================================


Path 1: MET (177 ps) Late External Delay Assertion at pin bf_out[13]
           View: view_1p2_25
          Group: clock1
     Startpoint: (R) bf1_in_reg[10]/clk
          Clock: (R) clock1
       Endpoint: (R) bf_out[13]
          Clock: (R) clock1

                     Capture       Launch     
        Clock Edge:+    1639            0     
       Src Latency:+       0            0     
       Net Latency:+       0 (I)        0 (I) 
           Arrival:=    1639            0     
                                              
      Output Delay:-       1                  
       Uncertainty:-       0                  
     Required Time:=    1638                  
      Launch Clock:-       0                  
         Data Path:-    1461                  
             Slack:=     177                  

Exceptions/Constraints:
  output_delay              1              add_bf16_1C.sdc_line_21_35_1   

Launch clock path:
#-------------------------------------------------------------------------------------------------
#   Timing Point     Flags   Arc   Edge      Cell        Fanout Load Trans Delay Arrival Instance 
#                                                               (fF)  (ps)  (ps)   (ps)  Location 
#-------------------------------------------------------------------------------------------------
  clk                (i,u)   -     R     (arrival)           33  0.0     0     0       0    (-,-) 
  clk                -       -     -     (net)                -    -     -     -       -    (-,-) 
  clk                -       -     -     (net)                -    -     -     -       -    (-,-) 
  bf1_in_reg[10]/clk <<<     -     R     unmapped_d_flop     33    -     1     0       0    (-,-) 
#-------------------------------------------------------------------------------------------------

#------------------------------------------------------------------------------------------------------
#   Timing Point     Flags    Arc    Edge       Cell         Fanout  Load Trans Delay Arrival Instance 
#                                                                    (fF)  (ps)  (ps)   (ps)  Location 
#------------------------------------------------------------------------------------------------------
  bf1_in_reg[10]/clk -       -       R     (arrival)             33     -     1     0       0    (-,-) 
  bf1_in_reg[10]/q   (u)     clk->q  R     unmapped_d_flop        8  28.8     0   130     130    (-,-) 
  bf1_in[10]         -       -       -     (net)                  -     -     -     -       -    (-,-) 
  g8493/z            (u)     in_0->z R     unmapped_complex2      1   3.6     0    17     146    (-,-) 
  n_5975             -       -       -     (net)                  -     -     -     -       -    (-,-) 
  g8393/z            (u)     in_1->z F     unmapped_nand2         1   3.2     0    17     163    (-,-) 
  n_5976             -       -       -     (net)                  -     -     -     -       -    (-,-) 
  g8565/z            (u)     in_1->z F     unmapped_complex2      1   3.2     0    17     180    (-,-) 
  n_5978             -       -       -     (net)                  -     -     -     -       -    (-,-) 
  g8332/z            (u)     in_1->z F     unmapped_complex2      1   3.2     0    17     196    (-,-) 
  n_3019             -       -       -     (net)                  -     -     -     -       -    (-,-) 
  g8323/z            (u)     in_1->z R     unmapped_complex2      1   3.6     0    17     213    (-,-) 
  n_78               -       -       -     (net)                  -     -     -     -       -    (-,-) 
  g8571/z            (u)     in_0->z F     unmapped_complex2      1   3.2     0    17     229    (-,-) 
  n_4395             -       -       -     (net)                  -     -     -     -       -    (-,-) 
  g8572/z            (u)     in_1->z R     unmapped_complex2     44 158.4     0    58     287    (-,-) 
  n_640              -       -       -     (net)                  -     -     -     -       -    (-,-) 
  g8306/z            (u)     in_1->z R     unmapped_complex2      1   3.6     0    17     304    (-,-) 
  n_4908             -       -       -     (net)                  -     -     -     -       -    (-,-) 
  g8244/z            (u)     in_1->z F     unmapped_nand2        10  32.0     0    38     341    (-,-) 
  u_exp1[0]          -       -       -     (net)                  -     -     -     -       -    (-,-) 
  g8576/z            (u)     in_0->z F     unmapped_complex2      3   9.6     0    22     363    (-,-) 
  n_3033             -       -       -     (net)                  -     -     -     -       -    (-,-) 
  g8168/z            (u)     in_1->z R     unmapped_nand2         1   3.6     0    17     379    (-,-) 
  n_5066             -       -       -     (net)                  -     -     -     -       -    (-,-) 
  g8145/z            (u)     in_0->z F     unmapped_nand2         3   9.6     0    22     401    (-,-) 
  n_3053             -       -       -     (net)                  -     -     -     -       -    (-,-) 
  g8100/z            (u)     in_0->z F     unmapped_or2           1   3.2     0    17     418    (-,-) 
  n_6141             -       -       -     (net)                  -     -     -     -       -    (-,-) 
  g8101/z            (u)     in_1->z R     unmapped_nand2        21  75.6     0    48     465    (-,-) 
  n_685              -       -       -     (net)                  -     -     -     -       -    (-,-) 
  g8073/z            (u)     in_0->z R     unmapped_or2           6  21.6     0    30     495    (-,-) 
  n_1111             -       -       -     (net)                  -     -     -     -       -    (-,-) 
  g8050/z            (u)     in_0->z R     unmapped_complex2      1   3.6     0    17     512    (-,-) 
  n_5173             -       -       -     (net)                  -     -     -     -       -    (-,-) 
  g8035/z            (u)     in_1->z F     unmapped_nand2         1   3.2     0    17     528    (-,-) 
  n_5175             -       -       -     (net)                  -     -     -     -       -    (-,-) 
  g8621/z            (u)     in_0->z F     unmapped_complex2      1   3.2     0    17     545    (-,-) 
  n_720              -       -       -     (net)                  -     -     -     -       -    (-,-) 
  g8631/z            (u)     in_1->z R     unmapped_complex2      1   3.6     0    17     562    (-,-) 
  n_5253             -       -       -     (net)                  -     -     -     -       -    (-,-) 
  g7967/z            (u)     in_1->z F     unmapped_nand2         4  12.8     0    24     586    (-,-) 
  n_782              -       -       -     (net)                  -     -     -     -       -    (-,-) 
  g8647/z            (u)     in_0->z R     unmapped_complex2      1   3.6     0    17     603    (-,-) 
  n_4408             -       -       -     (net)                  -     -     -     -       -    (-,-) 
  g7954/z            (u)     in_1->z F     unmapped_nand2         1   3.2     0    17     619    (-,-) 
  n_79               -       -       -     (net)                  -     -     -     -       -    (-,-) 
  g7948/z            (u)     in_0->z R     unmapped_nand2         1   3.6     0    17     636    (-,-) 
  n_4393             -       -       -     (net)                  -     -     -     -       -    (-,-) 
  g8652/z            (u)     in_1->z F     unmapped_complex2      1   3.2     0    17     652    (-,-) 
  n_5364             -       -       -     (net)                  -     -     -     -       -    (-,-) 
  g8655/z            (u)     in_1->z R     unmapped_complex2      1   3.6     0    17     669    (-,-) 
  n_4394             -       -       -     (net)                  -     -     -     -       -    (-,-) 
  g7934/z            (u)     in_0->z F     unmapped_nand2         1   3.2     0    17     686    (-,-) 
  n_5373             -       -       -     (net)                  -     -     -     -       -    (-,-) 
  g7933/z            (u)     in_0->z R     unmapped_complex2     29 104.4     0    52     738    (-,-) 
  n_44               -       -       -     (net)                  -     -     -     -       -    (-,-) 
  g7909/z            (u)     in_1->z F     unmapped_nand2         1   3.2     0    17     755    (-,-) 
  n_5379             -       -       -     (net)                  -     -     -     -       -    (-,-) 
  g7900/z            (u)     in_1->z R     unmapped_nand2         2   7.2     0    19     774    (-,-) 
  n_816              -       -       -     (net)                  -     -     -     -       -    (-,-) 
  g8672/z            (u)     in_0->z F     unmapped_complex2      1   3.2     0    17     790    (-,-) 
  n_6113             -       -       -     (net)                  -     -     -     -       -    (-,-) 
  g7868/z            (u)     in_1->z R     unmapped_nand2         2   7.2     0    19     809    (-,-) 
  n_3084             -       -       -     (net)                  -     -     -     -       -    (-,-) 
  g6425/z            (u)     in_0->z R     unmapped_or2           2   7.2     0    19     828    (-,-) 
  n_4386             -       -       -     (net)                  -     -     -     -       -    (-,-) 
  g7848/z            (u)     in_1->z F     unmapped_complex2      1   3.2     0    17     845    (-,-) 
  n_5487             -       -       -     (net)                  -     -     -     -       -    (-,-) 
  g7845/z            (u)     in_1->z R     unmapped_nand2         3  10.8     0    22     867    (-,-) 
  n_137              -       -       -     (net)                  -     -     -     -       -    (-,-) 
  g7841/z            (u)     in_1->z F     unmapped_nand2         1   3.2     0    17     883    (-,-) 
  n_5492             -       -       -     (net)                  -     -     -     -       -    (-,-) 
  g7837/z            (u)     in_0->z R     unmapped_nand2         3  10.8     0    22     905    (-,-) 
  n_116              -       -       -     (net)                  -     -     -     -       -    (-,-) 
  g7832/z            (u)     in_1->z F     unmapped_nand2         2   6.4     0    19     924    (-,-) 
  n_5498             -       -       -     (net)                  -     -     -     -       -    (-,-) 
  g8688/z            (u)     in_0->z F     unmapped_complex2      1   3.2     0    17     941    (-,-) 
  n_6009             -       -       -     (net)                  -     -     -     -       -    (-,-) 
  g7823/z            (u)     in_1->z R     unmapped_complex2      4  14.4     0    24     965    (-,-) 
  n_143              -       -       -     (net)                  -     -     -     -       -    (-,-) 
  g8689/z            (u)     in_0->z F     unmapped_complex2      1   3.2     0    17     982    (-,-) 
  n_5514             -       -       -     (net)                  -     -     -     -       -    (-,-) 
  g8691/z            (u)     in_1->z R     unmapped_complex2      3  10.8     0    22    1003    (-,-) 
  n_128              -       -       -     (net)                  -     -     -     -       -    (-,-) 
  g7790/z            (u)     in_0->z F     unmapped_nand2         1   3.2     0    17    1020    (-,-) 
  n_6006             -       -       -     (net)                  -     -     -     -       -    (-,-) 
  g7784/z            (u)     in_1->z R     unmapped_nand2         2   7.2     0    19    1039    (-,-) 
  n_150              -       -       -     (net)                  -     -     -     -       -    (-,-) 
  g7765/z            (u)     in_0->z R     unmapped_or2           2   7.2     0    19    1058    (-,-) 
  n_4407             -       -       -     (net)                  -     -     -     -       -    (-,-) 
  g7740/z            (u)     in_0->z F     unmapped_complex2     32 102.4     0    54    1112    (-,-) 
  n_6092             -       -       -     (net)                  -     -     -     -       -    (-,-) 
  g8712/z            (u)     in_0->z R     unmapped_complex2      5  18.0     0    28    1140    (-,-) 
  n_4303             -       -       -     (net)                  -     -     -     -       -    (-,-) 
  g7696/z            (u)     in_0->z F     unmapped_nand2         1   3.2     0    17    1156    (-,-) 
  n_5708             -       -       -     (net)                  -     -     -     -       -    (-,-) 
  g7671/z            (u)     in_1->z R     unmapped_nand2         1   3.6     0    17    1173    (-,-) 
  n_5709             -       -       -     (net)                  -     -     -     -       -    (-,-) 
  g7656/z            (u)     in_1->z R     unmapped_or2           1   3.6     0    17    1190    (-,-) 
  n_4387             -       -       -     (net)                  -     -     -     -       -    (-,-) 
  g7643/z            (u)     in_0->z F     unmapped_nand2         3   9.6     0    22    1211    (-,-) 
  n_930              -       -       -     (net)                  -     -     -     -       -    (-,-) 
  g8732/z            (u)     in_0->z F     unmapped_complex2      3   9.6     0    22    1233    (-,-) 
  n_17               -       -       -     (net)                  -     -     -     -       -    (-,-) 
  g8734/z            (u)     in_1->z F     unmapped_complex2      4  12.8     0    24    1257    (-,-) 
  n_19               -       -       -     (net)                  -     -     -     -       -    (-,-) 
  g7618/z            (u)     in_1->z F     unmapped_or2           4  12.8     0    24    1282    (-,-) 
  n_24               -       -       -     (net)                  -     -     -     -       -    (-,-) 
  g7603/z            (u)     in_0->z F     unmapped_or2           3   9.6     0    22    1303    (-,-) 
  n_931              -       -       -     (net)                  -     -     -     -       -    (-,-) 
  g8737/z            (u)     in_0->z F     unmapped_complex2      3   9.6     0    22    1325    (-,-) 
  n_18               -       -       -     (net)                  -     -     -     -       -    (-,-) 
  g8739/z            (u)     in_1->z F     unmapped_complex2      4  12.8     0    24    1350    (-,-) 
  n_2996             -       -       -     (net)                  -     -     -     -       -    (-,-) 
  g7556/z            (u)     in_1->z F     unmapped_or2           3   9.6     0    22    1371    (-,-) 
  n_2997             -       -       -     (net)                  -     -     -     -       -    (-,-) 
  g8744/z            (u)     in_0->z F     unmapped_complex2      3   9.6     0    22    1393    (-,-) 
  n_2999             -       -       -     (net)                  -     -     -     -       -    (-,-) 
  g7539/z            (u)     in_1->z F     unmapped_complex2      3   9.6     0    22    1414    (-,-) 
  n_4396             -       -       -     (net)                  -     -     -     -       -    (-,-) 
  g7527/z            (u)     in_0->z F     unmapped_or2           1   3.2     0    17    1431    (-,-) 
  n_5950             -       -       -     (net)                  -     -     -     -       -    (-,-) 
  g8751/z            (u)     in_0->z R     unmapped_complex2      1   3.6     0    17    1448    (-,-) 
  n_5952             -       -       -     (net)                  -     -     -     -       -    (-,-) 
  g7518/z            (u)     in_1->z R     unmapped_complex2      1   0.3     0    14    1461    (-,-) 
  bf_out[13]         -       -       -     (net)                  -     -     -     -       -    (-,-) 
  bf_out[13]         <<<     -       R     (port)                 -     -     -     0    1461    (-,-) 
#------------------------------------------------------------------------------------------------------

(u) : Net has unmapped pin(s).


