============================================================
  Generated by:           Genus(TM) Synthesis Solution 25.11-s095_1
  Generated on:           May 24 2026  12:45:02 am
  Operating conditions:   typical 
  Interconnect mode:      global
  Area mode:              physical library
============================================================

                                 Leakage      Internal                          Library 
   Gate    Instances    Area    Power (nW)   Power (nW)          Library         Domain 
----------------------------------------------------------------------------------------
AND2_X1         1035  1101.240   26806.904   1404055.518 NangateOpenCellLibrary       0 
AND2_X2           58    77.140    2973.326    165250.048 NangateOpenCellLibrary       0 
AND2_X4           36    86.184    3796.657    243679.902 NangateOpenCellLibrary       0 
AND3_X1           54    71.820    1473.419     47988.124 NangateOpenCellLibrary       0 
AND3_X2           22    35.112    1370.160     75935.013 NangateOpenCellLibrary       0 
AND3_X4           20    58.520    2434.255     74192.057 NangateOpenCellLibrary       0 
AND4_X1           30    47.880     883.302     24133.675 NangateOpenCellLibrary       0 
AND4_X2            6    11.172     366.783     10979.196 NangateOpenCellLibrary       0 
AND4_X4            3    10.374     473.812     18750.687 NangateOpenCellLibrary       0 
AOI211_X1         12    15.960     429.500     13259.445 NangateOpenCellLibrary       0 
AOI211_X2          5    11.970     297.776     25278.606 NangateOpenCellLibrary       0 
AOI211_X4          1     2.926     105.959     12505.950 NangateOpenCellLibrary       0 
AOI21_X1         747   794.808   19559.135    891236.998 NangateOpenCellLibrary       0 
AOI21_X2         175   325.850    8925.713    454124.044 NangateOpenCellLibrary       0 
AOI21_X4          37   127.946    3927.434    238152.174 NangateOpenCellLibrary       0 
AOI221_X1         35    55.860    1345.514     86753.751 NangateOpenCellLibrary       0 
AOI221_X2          4    11.704     340.775     18864.564 NangateOpenCellLibrary       0 
AOI221_X4          1     3.458     104.166     15033.004 NangateOpenCellLibrary       0 
AOI222_X1          5    10.640     211.164      6538.339 NangateOpenCellLibrary       0 
AOI22_X1         311   413.630    8409.108    334193.361 NangateOpenCellLibrary       0 
AOI22_X2          24    57.456    1146.864     64897.907 NangateOpenCellLibrary       0 
AOI22_X4           1     4.522     130.448      2296.857 NangateOpenCellLibrary       0 
BUF_X1            13    10.374     284.318     22340.453 NangateOpenCellLibrary       0 
BUF_X2            17    18.088     717.547     38951.801 NangateOpenCellLibrary       0 
BUF_X4             6    11.172     515.611     25943.261 NangateOpenCellLibrary       0 
BUF_X8             1     3.458     172.245      3384.573 NangateOpenCellLibrary       0 
CLKBUF_X1         50    39.900     565.460     53997.335 NangateOpenCellLibrary       0 
CLKBUF_X2          4     4.256      88.903      7453.219 NangateOpenCellLibrary       0 
DFFR_X1         2104 11193.280  185463.889  20195738.638 NangateOpenCellLibrary       0 
DFFR_X2           28   163.856    3649.798    186922.123 NangateOpenCellLibrary       0 
DFFS_X1            1     5.320      87.548     13380.339 NangateOpenCellLibrary       0 
DFF_X1           160   723.520   12618.880   1755094.458 NangateOpenCellLibrary       0 
FA_X1            181   770.336   12953.469   1158840.879 NangateOpenCellLibrary       0 
HA_X1             86   228.760    4987.882    299345.516 NangateOpenCellLibrary       0 
INV_X1          3476  1849.232   50395.263   2092072.453 NangateOpenCellLibrary       0 
INV_X16            1     4.522     229.651      2877.704 NangateOpenCellLibrary       0 
INV_X2           279   222.642    7879.586    363872.749 NangateOpenCellLibrary       0 
INV_X4           136   180.880    7726.003    353889.125 NangateOpenCellLibrary       0 
INV_X8            36    86.184    4068.678    164261.688 NangateOpenCellLibrary       0 
MUX2_X1          371   690.802   13322.922   1053587.568 NangateOpenCellLibrary       0 
MUX2_X2           16    38.304    1120.143    100338.089 NangateOpenCellLibrary       0 
NAND2_X1        3611  2881.578   68550.757   2701192.244 NangateOpenCellLibrary       0 
NAND2_X2         618   821.940   25879.559   1091106.898 NangateOpenCellLibrary       0 
NAND2_X4         253   605.682   25739.050    957533.899 NangateOpenCellLibrary       0 
NAND3_X1         370   393.680    9588.797    349214.796 NangateOpenCellLibrary       0 
NAND3_X2          77   143.374    4497.436    186377.839 NangateOpenCellLibrary       0 
NAND3_X4          15    51.870    1909.052     65284.798 NangateOpenCellLibrary       0 
NAND4_X1         117   155.610    2328.407     49083.549 NangateOpenCellLibrary       0 
NAND4_X2           8    19.152     534.241     28552.779 NangateOpenCellLibrary       0 
NAND4_X4           8    38.304     557.641     27039.189 NangateOpenCellLibrary       0 
NOR2_X1         2626  2095.548   56238.148   2027539.996 NangateOpenCellLibrary       0 
NOR2_X2          240   319.200   10131.691    388809.175 NangateOpenCellLibrary       0 
NOR2_X4          182   435.708   15010.187    695613.839 NangateOpenCellLibrary       0 
NOR3_X1          124   131.936    3236.307    135552.456 NangateOpenCellLibrary       0 
NOR3_X2            8    14.896     417.553     16188.612 NangateOpenCellLibrary       0 
NOR3_X4            3    11.172     305.874     20160.423 NangateOpenCellLibrary       0 
NOR4_X1           94   125.020    3192.654     27879.302 NangateOpenCellLibrary       0 
NOR4_X2            1     2.394      87.439         0.000 NangateOpenCellLibrary       0 
OAI211_X1        159   211.470    5844.889    233325.064 NangateOpenCellLibrary       0 
OAI211_X2         31    74.214    2726.880    128558.265 NangateOpenCellLibrary       0 
OAI211_X4          2     9.044     246.353      9114.357 NangateOpenCellLibrary       0 
OAI21_X1        1077  1145.928   32349.239   1370450.969 NangateOpenCellLibrary       0 
OAI21_X2         170   316.540   10523.924    440151.212 NangateOpenCellLibrary       0 
OAI21_X4          35   121.030    3458.015    178257.562 NangateOpenCellLibrary       0 
OAI221_X1         37    59.052    1782.606     61673.085 NangateOpenCellLibrary       0 
OAI222_X1         60   127.680    2955.769    159893.276 NangateOpenCellLibrary       0 
OAI222_X2          2     7.448     257.112     12140.761 NangateOpenCellLibrary       0 
OAI22_X1         506   672.980   21480.882    679180.763 NangateOpenCellLibrary       0 
OAI22_X2          21    50.274    1590.612     73692.970 NangateOpenCellLibrary       0 
OAI33_X1           1     1.862      49.751      2918.472 NangateOpenCellLibrary       0 
OR2_X1           522   555.408   12318.062    816987.338 NangateOpenCellLibrary       0 
OR2_X2            51    67.830    2502.903    137199.966 NangateOpenCellLibrary       0 
OR2_X4             4     9.576     383.525     25529.789 NangateOpenCellLibrary       0 
OR3_X1            30    39.900     776.593     24430.100 NangateOpenCellLibrary       0 
OR3_X2             1     1.596      49.883      1506.663 NangateOpenCellLibrary       0 
OR3_X4             1     2.926      96.054      5894.894 NangateOpenCellLibrary       0 
OR4_X1            71   113.316    1951.127     32542.237 NangateOpenCellLibrary       0 
OR4_X2             1     1.862      70.304      7059.463 NangateOpenCellLibrary       0 
SDFFR_X1          34   226.100    3656.559    394872.208 NangateOpenCellLibrary       0 
SDFFR_X2           4    27.664     573.424     63966.454 NangateOpenCellLibrary       0 
SDFF_X1            1     6.118      98.450     12472.794 NangateOpenCellLibrary       0 
XNOR2_X1         665  1061.340   24511.291   1530501.340 NangateOpenCellLibrary       0 
XNOR2_X2         105   279.300    7629.126    570386.648 NangateOpenCellLibrary       0 
XOR2_X1          590   941.640   20780.029   1677949.200 NangateOpenCellLibrary       0 
XOR2_X2           13    31.122     941.162     65798.096 NangateOpenCellLibrary       0 
----------------------------------------------------------------------------------------
total          22137 33991.342  780169.289  49603974.931                                
                                            Leakage  Leakage   Internal   Internal 
     Type      Instances    Area   Area % Power (nW) Power %  Power (nW)   Power % 
-----------------------------------------------------------------------------------
sequential          2332 12345.858   36.3 206148.549    26.4 22622447.015     45.6 
inverter            3928  2343.460    6.9  70299.182     9.0  2976973.719      6.0 
buffer                91    87.248    0.3   2344.083     0.3   152070.641      0.3 
logic              15786 19214.776   56.5 501377.476    64.3 23852483.556     48.1 
physical_cells         0     0.000    0.0      0.000     0.0        0.000      0.0 
-----------------------------------------------------------------------------------
total              22137 33991.342  100.0 780169.289   100.0 49603974.931    100.0 
