============================================================
  Generated by:           Genus(TM) Synthesis Solution 25.11-s095_1
  Generated on:           May 24 2026  12:44:42 am
  Module:                 sysarr_32_input_fp_adder
  Operating conditions:   typical 
  Interconnect mode:      global
  Area mode:              physical library
============================================================

Timing
--------

Analysis view  Clock Period 
----------------------------
view_1p2_25   clock1 1000.0 


  Analysis    Cost   Critical        Violating 
    View     Group  Path Slack  TNS    Paths   
-----------------------------------------------
view_1p2_25  clock1        0.0  0.0          0 
            default   No paths  0.0          0 
-----------------------------------------------
Total                          -0.0          0 
                                               

Instance Count
--------------
Leaf Instance Count             22137 
Physical Instance count             0 
Sequential Instance Count        2332 
Combinational Instance Count    19805 
Hierarchical Instance Count         0 

Area
----
Cell Area                          33991.342
Physical Cell Area                 0.000
Total Cell Area (Cell+Physical)    33991.342
Net Area                           27355.120
Total Area (Cell+Physical+Net)     61346.462

Power
-----
Leakage Power                      780169.289 nW
Dynamic Power                      83220264.782 nW
Total Power                        84000434.071 nW

Max Fanout                         2332 (clk)
Min Fanout                         0 (adder_tree_inst_s1_g3_r[11])
Average Fanout                     2.0
Terms to net ratio                 3.1793
Terms to instance ratio            3.3474
Runtime                            51.051737 seconds
Elapsed Runtime                    54 seconds
Genus peak memory usage            1777.48 
Innovus peak memory usage          no_value 
Hostname                           asicfab.ecn.purdue.edu
