============================================================
  Generated by:           Genus(TM) Synthesis Solution 25.11-s095_1
  Generated on:           Mar 11 2026  02:59:08 am
  Module:                 sysarr_4_input_fp_adder
  Library domain:         timing_condition_tt_1p2v_25c
    Domain index:         0
    Technology library:   NangateOpenCellLibrary revision 1.0
  Operating conditions:   typical 
  Interconnect mode:      global
  Area mode:              physical library
============================================================

Timing
--------

Analysis view  Clock Period 
----------------------------
view_1p2_25   clock1 1471.0 


  Analysis    Cost   Critical        Violating 
    View     Group  Path Slack  TNS    Paths   
-----------------------------------------------
view_1p2_25  clock1       29.4  0.0          0 
            default   No paths  0.0          0 
-----------------------------------------------
Total                          -0.0          0 
                                               

Instance Count
--------------
Leaf Instance Count             1809 
Physical Instance count            0 
Sequential Instance Count        136 
Combinational Instance Count    1673 
Hierarchical Instance Count        0 

Area
----
Cell Area                          2938.236
Physical Cell Area                 0.000
Total Cell Area (Cell+Physical)    2938.236
Net Area                           2661.214
Total Area (Cell+Physical+Net)     5599.450

Power
-----
Leakage Power                      63389.259 nW
Dynamic Power                      5925644.251 nW
Total Power                        5989033.510 nW

Max Fanout                         136 (clk)
Min Fanout                         0 (nRST)
Average Fanout                     2.3
Terms to net ratio                 3.3886
Terms to instance ratio            3.8082
Runtime                            41.956393 seconds
Elapsed Runtime                    47 seconds
Genus peak memory usage            1674.62 
Innovus peak memory usage          no_value 
Hostname                           asicfab.ecn.purdue.edu
