============================================================
  Generated by:           Genus(TM) Synthesis Solution 25.11-s095_1
  Generated on:           Mar 11 2026  02:59:13 am
  Module:                 sysarr_4_input_fp_adder
  Operating conditions:   typical 
  Interconnect mode:      global
  Area mode:              physical library
============================================================


Path 1: MET (29 ps) Setup Check with Pin st1_sum_vec_reg[3]/CK->D
           View: view_1p2_25
          Group: clock1
     Startpoint: (R) add_b[26]
          Clock: (R) clock1
       Endpoint: (F) st1_sum_vec_reg[3]/D
          Clock: (R) clock1

                     Capture       Launch     
        Clock Edge:+    1471            0     
        Drv Adjust:+       0            0     
       Src Latency:+       0            0     
       Net Latency:+       0 (I)        0 (I) 
           Arrival:=    1471            0     
                                              
             Setup:-      39                  
       Uncertainty:-       0                  
     Required Time:=    1432                  
      Launch Clock:-       0                  
       Input Delay:-       1                  
         Data Path:-    1402                  
             Slack:=      29                  

Exceptions/Constraints:
  input_delay              1              sysarr_4_input_fp_ad_line_21_38_1   

#----------------------------------------------------------------------------------------------
#    Timing Point      Flags    Arc   Edge   Cell     Fanout Load Trans Delay Arrival Instance 
#                                                            (fF)  (ps)  (ps)   (ps)  Location 
#----------------------------------------------------------------------------------------------
  add_b[26]            -       -      R     (arrival)      4  8.2     0     0       1    (-,-) 
  add_b[26]            -       -      -     (net)          -    -     -     -       -    (-,-) 
  g64876/ZN            -       A->ZN  F     INV_X2         3  5.2     4     6       7    (-,-) 
  n_45                 -       -      -     (net)          -    -     -     -       -    (-,-) 
  g64859/ZN            -       A1->ZN R     NAND2_X1       1  2.0    10    13      20    (-,-) 
  n_62                 -       -      -     (net)          -    -     -     -       -    (-,-) 
  g64846/ZN            -       A2->ZN F     NAND2_X1       1  1.8     7    14      33    (-,-) 
  n_75                 -       -      -     (net)          -    -     -     -       -    (-,-) 
  g64784__4733/ZN      -       A->ZN  R     AOI21_X1       1  2.0    23    40      73    (-,-) 
  n_135                -       -      -     (net)          -    -     -     -       -    (-,-) 
  g64766__8428/ZN      -       B1->ZN F     OAI21_X1       1  1.8    13    18      91    (-,-) 
  n_154                -       -      -     (net)          -    -     -     -       -    (-,-) 
  g64760__5477/ZN      -       A1->ZN R     NAND2_X1       2  5.3    18    25     116    (-,-) 
  n_160                -       -      -     (net)          -    -     -     -       -    (-,-) 
  g64755__2346/ZN      -       A1->ZN F     NAND2_X2       1  6.0    13    19     135    (-,-) 
  n_163                -       -      -     (net)          -    -     -     -       -    (-,-) 
  g64752__9315/ZN      -       A1->ZN R     NAND2_X4       7 14.7    14    21     156    (-,-) 
  n_20                 -       -      -     (net)          -    -     -     -       -    (-,-) 
  g64717__1881/ZN      -       A1->ZN F     NOR2_X1        1  3.2     7    12     168    (-,-) 
  n_168                -       -      -     (net)          -    -     -     -       -    (-,-) 
  g64668__1617/ZN      -       A->ZN  R     AOI21_X2       4  7.5    31    48     217    (-,-) 
  n_185                -       -      -     (net)          -    -     -     -       -    (-,-) 
  g64562__6260/ZN      -       A2->ZN F     NOR2_X1        2  3.5    13    18     234    (-,-) 
  n_287                -       -      -     (net)          -    -     -     -       -    (-,-) 
  g64482__5115/ZN      -       A->ZN  R     AOI21_X1       2  4.0    32    53     287    (-,-) 
  n_362                -       -      -     (net)          -    -     -     -       -    (-,-) 
  g64480__6131/ZN      -       B1->ZN F     AOI21_X1       1  1.7    12    19     306    (-,-) 
  n_364                -       -      -     (net)          -    -     -     -       -    (-,-) 
  g64479__7098/ZN      -       A1->ZN R     NOR3_X1        1  2.0    29    37     343    (-,-) 
  n_365                -       -      -     (net)          -    -     -     -       -    (-,-) 
  g64478__8246/ZN      -       A1->ZN F     NOR2_X1        1  1.7     8    11     354    (-,-) 
  n_366                -       -      -     (net)          -    -     -     -       -    (-,-) 
  g64477__5122/ZN      -       C1->ZN R     OAI211_X1      1  1.9    22    30     384    (-,-) 
  n_367                -       -      -     (net)          -    -     -     -       -    (-,-) 
  g64476__1705/ZN      -       A1->ZN F     NAND2_X1       3  9.3    21    34     417    (-,-) 
  n_369                -       -      -     (net)          -    -     -     -       -    (-,-) 
  g64474__2802/ZN      -       A1->ZN R     NAND2_X4      45 88.1    56    70     487    (-,-) 
  n_26                 -       -      -     (net)          -    -     -     -       -    (-,-) 
  g64362__8428/Z       -       S->Z   R     MUX2_X1        6 11.6    30    70     557    (-,-) 
  n_378                -       -      -     (net)          -    -     -     -       -    (-,-) 
  g64196__7098/Z       -       A->Z   R     XOR2_X1        5  9.9    60    92     650    (-,-) 
  n_536                -       -      -     (net)          -    -     -     -       -    (-,-) 
  g64075__5115/Z       -       A->Z   R     XOR2_X1        9 19.1   103   142     792    (-,-) 
  n_655                -       -      -     (net)          -    -     -     -       -    (-,-) 
  g63996/ZN            -       A->ZN  F     INV_X2         5  9.6    24    20     812    (-,-) 
  n_732                -       -      -     (net)          -    -     -     -       -    (-,-) 
  g63993__1705/ZN      -       A1->ZN R     NOR2_X2       14 24.7    65    84     896    (-,-) 
  n_740                -       -      -     (net)          -    -     -     -       -    (-,-) 
  g63918__6783/ZN      -       C1->ZN F     AOI222_X1      1  1.8    32    41     936    (-,-) 
  n_796                -       -      -     (net)          -    -     -     -       -    (-,-) 
  g63914/ZN            -       A->ZN  R     INV_X1         1  1.9    12    22     958    (-,-) 
  n_811                -       -      -     (net)          -    -     -     -       -    (-,-) 
  g63894__6131/ZN      -       A->ZN  F     AOI21_X1       2  2.3    28    14     972    (-,-) 
  n_832                -       -      -     (net)          -    -     -     -       -    (-,-) 
  g63848__5526/Z       -       B->Z   F     MUX2_X1        3  5.7    14    75    1048    (-,-) 
  n_877                -       -      -     (net)          -    -     -     -       -    (-,-) 
  g63701__7482/ZN      -       A2->ZN R     OAI22_X1       1  2.0    38    36    1083    (-,-) 
  n_1023               -       -      -     (net)          -    -     -     -       -    (-,-) 
  g63693/ZN            -       A->ZN  F     INV_X1         1  1.8    10    10    1094    (-,-) 
  n_1033               -       -      -     (net)          -    -     -     -       -    (-,-) 
  g63652__6783/ZN      -       A->ZN  R     OAI221_X1      1  2.5    39    24    1118    (-,-) 
  n_1069               -       -      -     (net)          -    -     -     -       -    (-,-) 
  g63603__1881/Z       -       A->Z   R     XOR2_X1        1  3.1    32    60    1177    (-,-) 
  n_1122               -       -      -     (net)          -    -     -     -       -    (-,-) 
  g63537__1881/S       -       CI->S  F     FA_X1          1  3.9    17   102    1279    (-,-) 
  n_1185               -       -      -     (net)          -    -     -     -       -    (-,-) 
  g63386__8428/S       -       A->S   R     FA_X1          1  2.0    12   116    1395    (-,-) 
  n_1281               -       -      -     (net)          -    -     -     -       -    (-,-) 
  g63379/ZN            -       A->ZN  F     INV_X1         1  1.4     4     7    1402    (-,-) 
  n_1289               -       -      -     (net)          -    -     -     -       -    (-,-) 
  st1_sum_vec_reg[3]/D <<<     -      F     DFFR_X1        1    -     -     0    1402    (-,-) 
#----------------------------------------------------------------------------------------------

Capture clock path:
#----------------------------------------------------------------------------------------------
#     Timing Point      Flags   Arc   Edge   Cell     Fanout Load Trans Delay Arrival Instance 
#                                                            (fF)  (ps)  (ps)   (ps)  Location 
#----------------------------------------------------------------------------------------------
  clk                   (i)     -     R     (arrival)    136  0.0     0     0    1471    (-,-) 
  clk                   -       -     -     (net)          -    -     -     -       -    (-,-) 
  clk                   -       -     -     (net)          -    -     -     -       -    (-,-) 
  st1_sum_vec_reg[3]/CK <<<     -     R     DFFR_X1      136    -     1     0    1471    (-,-) 
#----------------------------------------------------------------------------------------------


