============================================================
  Generated by:           Genus(TM) Synthesis Solution 25.11-s095_1
  Generated on:           Mar 11 2026  09:45:18 am
  Module:                 sysarr_n_input_fp_adder_noretime
  Library domain:         timing_condition_tt_1p2v_25c
    Domain index:         0
    Technology library:   NangateOpenCellLibrary revision 1.0
  Operating conditions:   typical 
  Interconnect mode:      global
  Area mode:              physical library
============================================================

# SETUP                  WNS      TNS    FEP 
# ---------------------------------------------
 View: ALL            -205.3  -8667.8     53 
    Group : in2out       N/A      N/A    N/A 
    Group : in2reg    -205.3  -8667.8     53 
    Group : reg2out   1140.7      0.0      0 
    Group : reg2reg    192.2      0.0      0 

# ---------------------------------------------
# DRV                        WNS  TNS  FEP 
# -------------------------------------------
 View: ALL                                 
    Check: max_transition    N/A  N/A    0 
    Check: max_capacitance   N/A  N/A    0 
    Check: max_fanout        N/A  N/A    0 

# -------------------------------------------
