============================================================
  Generated by:           Genus(TM) Synthesis Solution 25.11-s095_1
  Generated on:           May 26 2026  12:23:05 pm
  Operating conditions:   typical 
  Interconnect mode:      global
  Area mode:              physical library
============================================================

                                 Leakage      Internal                          Library 
   Gate    Instances    Area    Power (nW)   Power (nW)          Library         Domain 
----------------------------------------------------------------------------------------
AND2_X1          915   973.560   24182.201   1284769.950 NangateOpenCellLibrary       0 
AND2_X2          111   147.630    5896.597    411242.551 NangateOpenCellLibrary       0 
AND2_X4           23    55.062    2438.478    116288.098 NangateOpenCellLibrary       0 
AND3_X1           40    53.200    1145.057     47567.960 NangateOpenCellLibrary       0 
AND3_X2            4     6.384     280.989     15502.242 NangateOpenCellLibrary       0 
AND3_X4           14    40.964    2021.903     43516.647 NangateOpenCellLibrary       0 
AND4_X1            8    12.768     238.003      8032.093 NangateOpenCellLibrary       0 
AND4_X2            4     7.448     226.311      8697.138 NangateOpenCellLibrary       0 
AOI211_X1          5     6.650     175.898      6734.604 NangateOpenCellLibrary       0 
AOI211_X2          3     7.182     193.206     10187.256 NangateOpenCellLibrary       0 
AOI21_X1         532   566.048   13003.605    667433.590 NangateOpenCellLibrary       0 
AOI21_X2         199   370.538   10607.058    506908.876 NangateOpenCellLibrary       0 
AOI21_X4          24    82.992    2691.606    127455.375 NangateOpenCellLibrary       0 
AOI221_X1         26    41.496    1075.925     53344.040 NangateOpenCellLibrary       0 
AOI221_X4          1     3.458     105.379     15100.728 NangateOpenCellLibrary       0 
AOI222_X1         39    82.992    1659.688    114741.510 NangateOpenCellLibrary       0 
AOI222_X2          4    14.896     353.404     24743.665 NangateOpenCellLibrary       0 
AOI22_X1         510   678.300   14303.130    576669.433 NangateOpenCellLibrary       0 
AOI22_X2          43   102.942    2594.331    118766.615 NangateOpenCellLibrary       0 
AOI22_X4           3    13.566     413.552      8026.535 NangateOpenCellLibrary       0 
BUF_X1             9     7.182     194.035     14394.452 NangateOpenCellLibrary       0 
BUF_X2            18    19.152     757.704     47538.253 NangateOpenCellLibrary       0 
BUF_X4            12    22.344    1039.588     48534.883 NangateOpenCellLibrary       0 
CLKBUF_X1         36    28.728     417.563     40270.094 NangateOpenCellLibrary       0 
CLKBUF_X2          8     8.512     180.717     27420.115 NangateOpenCellLibrary       0 
CLKBUF_X3          2     2.660      61.543     10195.249 NangateOpenCellLibrary       0 
DFFR_X1         1269  6751.080  111846.962  10806513.622 NangateOpenCellLibrary       0 
DFFR_X2            1     5.852     130.350      6675.968 NangateOpenCellLibrary       0 
DFF_X1           136   614.992   10720.593   1519120.537 NangateOpenCellLibrary       0 
FA_X1              4    17.024     275.719     25304.718 NangateOpenCellLibrary       0 
HA_X1             36    95.760    2231.739    138334.523 NangateOpenCellLibrary       0 
INV_X1          5315  2827.580   75192.723   3261006.795 NangateOpenCellLibrary       0 
INV_X16            1     4.522     229.651      3191.446 NangateOpenCellLibrary       0 
INV_X2           458   365.484   13147.066    643039.929 NangateOpenCellLibrary       0 
INV_X4            74    98.420    4183.811    182025.282 NangateOpenCellLibrary       0 
INV_X8            25    59.850    2943.290    101129.694 NangateOpenCellLibrary       0 
MUX2_X1          398   741.076   14509.023   1110763.513 NangateOpenCellLibrary       0 
MUX2_X2           22    52.668    1544.312    140055.733 NangateOpenCellLibrary       0 
NAND2_X1        5836  4657.128  116214.996   4855905.933 NangateOpenCellLibrary       0 
NAND2_X2         570   758.100   26761.230   1145129.890 NangateOpenCellLibrary       0 
NAND2_X4         231   553.014   26655.406    877636.206 NangateOpenCellLibrary       0 
NAND3_X1         231   245.784    5891.562    227942.374 NangateOpenCellLibrary       0 
NAND3_X2          66   122.892    4494.975    155711.038 NangateOpenCellLibrary       0 
NAND3_X4          13    44.954    2303.036     37839.876 NangateOpenCellLibrary       0 
NAND4_X1         108   143.640    3173.022     79954.905 NangateOpenCellLibrary       0 
NAND4_X2           3     7.182     108.207      7259.822 NangateOpenCellLibrary       0 
NAND4_X4           1     4.788     102.512      9647.758 NangateOpenCellLibrary       0 
NOR2_X1         1989  1587.222   43257.541   1387019.792 NangateOpenCellLibrary       0 
NOR2_X2          240   319.200   10187.148    396915.872 NangateOpenCellLibrary       0 
NOR2_X4          212   507.528   17231.634    773668.691 NangateOpenCellLibrary       0 
NOR3_X1           74    78.736    2087.527     21817.982 NangateOpenCellLibrary       0 
NOR3_X2            8    14.896     425.411     19259.470 NangateOpenCellLibrary       0 
NOR3_X4            1     3.724     111.409      2040.231 NangateOpenCellLibrary       0 
NOR4_X1          110   146.300    3843.916     27160.126 NangateOpenCellLibrary       0 
OAI211_X1         58    77.140    2054.628     66513.669 NangateOpenCellLibrary       0 
OAI211_X2          3     7.182     116.236     10119.128 NangateOpenCellLibrary       0 
OAI211_X4          1     4.522     102.416      9527.654 NangateOpenCellLibrary       0 
OAI21_X1        1262  1342.768   32557.749   1582849.228 NangateOpenCellLibrary       0 
OAI21_X2         317   590.254   17571.874    968637.816 NangateOpenCellLibrary       0 
OAI21_X4          32   110.656    3961.216    220615.324 NangateOpenCellLibrary       0 
OAI221_X1         16    25.536     811.326     28127.085 NangateOpenCellLibrary       0 
OAI221_X2          1     2.926     123.833      4956.639 NangateOpenCellLibrary       0 
OAI222_X1         21    44.688    1328.064     48035.296 NangateOpenCellLibrary       0 
OAI222_X2          9    33.516    1098.292     50309.263 NangateOpenCellLibrary       0 
OAI22_X1         401   533.330   17242.063    474644.733 NangateOpenCellLibrary       0 
OAI22_X2          21    50.274    1716.638     65080.085 NangateOpenCellLibrary       0 
OAI22_X4           3    13.566     395.749     10276.655 NangateOpenCellLibrary       0 
OAI33_X1           1     1.862      28.430      1914.619 NangateOpenCellLibrary       0 
OR2_X1           435   462.840   10010.439    537746.958 NangateOpenCellLibrary       0 
OR2_X2            73    97.090    3321.804    224524.636 NangateOpenCellLibrary       0 
OR2_X4             8    19.152     734.989     40934.990 NangateOpenCellLibrary       0 
OR3_X1            56    74.480    1415.959     30976.682 NangateOpenCellLibrary       0 
OR3_X2             2     3.192      99.662      4986.032 NangateOpenCellLibrary       0 
OR4_X1            60    95.760    1668.002     15767.649 NangateOpenCellLibrary       0 
SDFFR_X1         161  1070.650   17416.041   1915933.760 NangateOpenCellLibrary       0 
SDFFR_X2          35   242.060    5071.839    525199.567 NangateOpenCellLibrary       0 
XNOR2_X1         699  1115.604   25973.777   1851463.635 NangateOpenCellLibrary       0 
XNOR2_X2         701  1864.660   51957.611   3914050.859 NangateOpenCellLibrary       0 
XOR2_X1          157   250.572    5174.678    463849.342 NangateOpenCellLibrary       0 
XOR2_X2           89   213.066    5997.935    543583.022 NangateOpenCellLibrary       0 
----------------------------------------------------------------------------------------
total          24647 32533.396  794013.490  45926778.004                                
                                            Leakage  Leakage   Internal   Internal 
     Type      Instances    Area   Area % Power (nW) Power %  Power (nW)   Power % 
-----------------------------------------------------------------------------------
sequential          1602  8684.634   26.7 145185.785    18.3 14773443.454     32.2 
inverter            5873  3355.856   10.3  95696.541    12.1  4190393.145      9.1 
buffer                85    88.578    0.3   2651.150     0.3   188353.044      0.4 
logic              17087 20404.328   62.7 550480.014    69.3 26774588.360     58.3 
physical_cells         0     0.000    0.0      0.000     0.0        0.000      0.0 
-----------------------------------------------------------------------------------
total              24647 32533.396  100.0 794013.490   100.0 45926778.004    100.0 
