============================================================
  Generated by:           Genus(TM) Synthesis Solution 25.11-s095_1
  Generated on:           Mar 10 2026  03:51:24 pm
  Operating conditions:   typical 
  Interconnect mode:      global
  Area mode:              physical library
============================================================

                               Leakage    Internal                         Library 
   Gate    Instances   Area  Power (nW)  Power (nW)         Library         Domain 
-----------------------------------------------------------------------------------
AND2_X1           16  17.024    418.314    9499.310 NangateOpenCellLibrary       0 
AND2_X2            2   2.660    105.759    1937.704 NangateOpenCellLibrary       0 
AND3_X1            1   1.330     20.525     100.966 NangateOpenCellLibrary       0 
AOI211_X1          1   1.330     33.163     744.476 NangateOpenCellLibrary       0 
AOI211_X2          1   2.394     62.751    1643.674 NangateOpenCellLibrary       0 
AOI21_X1          24  25.536    648.877   13721.813 NangateOpenCellLibrary       0 
AOI22_X1          10  13.300    280.409    9214.390 NangateOpenCellLibrary       0 
DFFR_X1           25 133.000   2203.172  203797.442 NangateOpenCellLibrary       0 
FA_X1              7  29.792    500.242   20461.679 NangateOpenCellLibrary       0 
HA_X1             13  34.580    799.962   19984.730 NangateOpenCellLibrary       0 
INV_X1            85  45.220   1270.590   22319.074 NangateOpenCellLibrary       0 
INV_X2             2   1.596     51.075    2094.871 NangateOpenCellLibrary       0 
MUX2_X1            3   5.586    109.363    2727.316 NangateOpenCellLibrary       0 
NAND2_X1          92  73.416   1773.844   24902.600 NangateOpenCellLibrary       0 
NAND2_X2          16  21.280    662.068    7421.598 NangateOpenCellLibrary       0 
NAND2_X4           1   2.394     69.573     743.532 NangateOpenCellLibrary       0 
NAND3_X1           5   5.320     74.208    1307.269 NangateOpenCellLibrary       0 
NAND4_X1           6   7.980     97.198     844.187 NangateOpenCellLibrary       0 
NOR2_X1           45  35.910    978.762   13686.258 NangateOpenCellLibrary       0 
NOR2_X2            4   5.320    175.290    2950.579 NangateOpenCellLibrary       0 
NOR3_X1            3   3.192     78.590     671.379 NangateOpenCellLibrary       0 
NOR3_X2            1   1.862     53.240     845.875 NangateOpenCellLibrary       0 
NOR4_X1            6   7.980    195.439     992.095 NangateOpenCellLibrary       0 
OAI211_X1          2   2.660     52.096    1053.837 NangateOpenCellLibrary       0 
OAI21_X1          28  29.792    754.331   18309.294 NangateOpenCellLibrary       0 
OAI21_X2           5   9.310    244.910    5804.470 NangateOpenCellLibrary       0 
OAI22_X1          14  18.620    520.393   14575.624 NangateOpenCellLibrary       0 
OAI33_X1           1   1.862     43.630     674.309 NangateOpenCellLibrary       0 
OR2_X1            10  10.640    232.456    5607.336 NangateOpenCellLibrary       0 
OR2_X2             1   1.330     45.737     319.455 NangateOpenCellLibrary       0 
OR3_X1             3   3.990     74.723    2493.850 NangateOpenCellLibrary       0 
OR4_X1             1   1.596     28.218     142.427 NangateOpenCellLibrary       0 
XNOR2_X1          29  46.284   1039.467   31870.165 NangateOpenCellLibrary       0 
XNOR2_X2           3   7.980    214.300    6191.715 NangateOpenCellLibrary       0 
XOR2_X1           19  30.324    665.856   25602.501 NangateOpenCellLibrary       0 
-----------------------------------------------------------------------------------
total            485 642.390  14578.531  475257.802                                
                                          Leakage  Leakage  Internal  Internal 
     Type      Instances   Area  Area % Power (nW) Power % Power (nW)  Power % 
-------------------------------------------------------------------------------
sequential            25 133.000   20.7   2203.172    15.1 203797.442     42.9 
inverter              87  46.816    7.3   1321.666     9.1  24413.945      5.1 
logic                373 462.574   72.0  11053.694    75.8 247046.415     52.0 
physical_cells         0   0.000    0.0      0.000     0.0      0.000      0.0 
-------------------------------------------------------------------------------
total                485 642.390  100.0  14578.531   100.0 475257.802    100.0 
