============================================================
  Generated by:           Genus(TM) Synthesis Solution 25.11-s095_1
  Generated on:           Mar 05 2026  06:49:01 pm
  Module:                 add_fp16
  Operating conditions:   typical 
  Interconnect mode:      global
  Area mode:              physical library
============================================================


Path 1: MET (213 ps) Late External Delay Assertion at pin fp_out[14]
           View: view_1p2_25
          Group: clock1
     Startpoint: (R) signs_differ_l_reg/CK
          Clock: (R) clock1
       Endpoint: (R) fp_out[14]
          Clock: (R) clock1

                     Capture       Launch     
        Clock Edge:+    1667            0     
       Src Latency:+       0            0     
       Net Latency:+       0 (I)        0 (I) 
           Arrival:=    1667            0     
                                              
      Output Delay:-       1                  
       Uncertainty:-       0                  
     Required Time:=    1666                  
      Launch Clock:-       0                  
         Data Path:-    1453                  
             Slack:=     213                  

Exceptions/Constraints:
  output_delay              1              add_fp16.sdc_line_17_35_1   

Launch clock path:
#----------------------------------------------------------------------------------------------
#     Timing Point      Flags   Arc   Edge   Cell     Fanout Load Trans Delay Arrival Instance 
#                                                            (fF)  (ps)  (ps)   (ps)  Location 
#----------------------------------------------------------------------------------------------
  clk                   (i)     -     R     (arrival)     39  0.0     0     0       0    (-,-) 
  clk                   -       -     -     (net)          -    -     -     -       -    (-,-) 
  clk                   -       -     -     (net)          -    -     -     -       -    (-,-) 
  signs_differ_l_reg/CK <<<     -     R     SDFFR_X1      39    -     1     0       0    (-,-) 
#----------------------------------------------------------------------------------------------

#-------------------------------------------------------------------------------------------------------------------
#               Timing Point                Flags    Arc   Edge   Cell     Fanout Load Trans Delay Arrival Instance 
#                                                                                 (fF)  (ps)  (ps)   (ps)  Location 
#-------------------------------------------------------------------------------------------------------------------
  signs_differ_l_reg/CK                     -       -      R     (arrival)     39    -     1     0       0    (-,-) 
  signs_differ_l_reg/Q                      -       CK->Q  F     SDFFR_X1       5  7.2    19    82      82    (-,-) 
  signs_differ_l                            -       -      -     (net)          -    -     -     -       -    (-,-) 
  sub_241_42_pol_Y_add_237_43_g911/ZN       -       A->ZN  R     INV_X1        15 35.8    84   100     182    (-,-) 
  sub_241_42_pol_Y_add_237_43_n_754         -       -      -     (net)          -    -     -     -       -    (-,-) 
  sub_241_42_pol_Y_add_237_43_g894__4319/ZN -       A->ZN  R     XNOR2_X1       2  3.6    29    59     240    (-,-) 
  sub_241_42_pol_Y_add_237_43_n_741         -       -      -     (net)          -    -     -     -       -    (-,-) 
  sub_241_42_pol_Y_add_237_43_g881__4733/ZN -       A1->ZN R     AND2_X1        2  4.6    15    45     286    (-,-) 
  sub_241_42_pol_Y_add_237_43_n_710         -       -      -     (net)          -    -     -     -       -    (-,-) 
  sub_241_42_pol_Y_add_237_43_g838/ZN       -       A->ZN  F     INV_X1         1  1.9     6     9     295    (-,-) 
  sub_241_42_pol_Y_add_237_43_n_642         -       -      -     (net)          -    -     -     -       -    (-,-) 
  sub_241_42_pol_Y_add_237_43_g837__2802/ZN -       B2->ZN R     OAI21_X1       2  4.3    30    44     338    (-,-) 
  sub_241_42_pol_Y_add_237_43_n_641         -       -      -     (net)          -    -     -     -       -    (-,-) 
  sub_241_42_pol_Y_add_237_43_g835__3680/ZN -       A1->ZN F     NAND2_X1       1  1.8    11    17     356    (-,-) 
  sub_241_42_pol_Y_add_237_43_n_637         -       -      -     (net)          -    -     -     -       -    (-,-) 
  sub_241_42_pol_Y_add_237_43_g833__5526/ZN -       A1->ZN R     NAND2_X1       3  6.1    19    26     382    (-,-) 
  sub_241_42_pol_Y_add_237_43_n_635         -       -      -     (net)          -    -     -     -       -    (-,-) 
  sub_241_42_pol_Y_add_237_43_g831__4319/ZN -       B1->ZN F     AOI21_X1       2  4.2    13    23     405    (-,-) 
  sub_241_42_pol_Y_add_237_43_n_631         -       -      -     (net)          -    -     -     -       -    (-,-) 
  sub_241_42_pol_Y_add_237_43_g827__5477/ZN -       B1->ZN R     OAI21_X1       2  4.3    30    42     446    (-,-) 
  sub_241_42_pol_Y_add_237_43_n_626         -       -      -     (net)          -    -     -     -       -    (-,-) 
  sub_241_42_pol_Y_add_237_43_g826__6417/ZN -       A1->ZN F     NAND2_X1       1  1.8    11    17     464    (-,-) 
  sub_241_42_pol_Y_add_237_43_n_623         -       -      -     (net)          -    -     -     -       -    (-,-) 
  sub_241_42_pol_Y_add_237_43_g824__1666/ZN -       A1->ZN R     NAND2_X1       3  6.1    19    26     490    (-,-) 
  sub_241_42_pol_Y_add_237_43_n_621         -       -      -     (net)          -    -     -     -       -    (-,-) 
  sub_241_42_pol_Y_add_237_43_g823__2346/ZN -       A1->ZN F     NAND3_X1       1  1.9    12    21     512    (-,-) 
  sub_241_42_pol_Y_add_237_43_n_618         -       -      -     (net)          -    -     -     -       -    (-,-) 
  sub_241_42_pol_Y_add_237_43_g822__2883/ZN -       A1->ZN R     NAND3_X1       2  4.3    18    24     535    (-,-) 
  sub_241_42_pol_Y_add_237_43_n_617         -       -      -     (net)          -    -     -     -       -    (-,-) 
  sub_241_42_pol_Y_add_237_43_g819__6161/ZN -       A1->ZN F     NAND2_X1       1  1.8     9    15     551    (-,-) 
  sub_241_42_pol_Y_add_237_43_n_612         -       -      -     (net)          -    -     -     -       -    (-,-) 
  sub_241_42_pol_Y_add_237_43_g818__4733/ZN -       A1->ZN R     NAND2_X1       2  4.4    16    21     572    (-,-) 
  sub_241_42_pol_Y_add_237_43_n_611         -       -      -     (net)          -    -     -     -       -    (-,-) 
  sub_241_42_pol_Y_add_237_43_g815/ZN       -       A->ZN  F     INV_X1         1  1.8     6     9     581    (-,-) 
  sub_241_42_pol_Y_add_237_43_n_607         -       -      -     (net)          -    -     -     -       -    (-,-) 
  sub_241_42_pol_Y_add_237_43_g814__1881/ZN -       B1->ZN R     OAI21_X1       2  4.3    30    39     620    (-,-) 
  sub_241_42_pol_Y_add_237_43_n_606         -       -      -     (net)          -    -     -     -       -    (-,-) 
  sub_241_42_pol_Y_add_237_43_g812__7098/ZN -       A1->ZN F     NAND2_X1       1  1.8    11    17     637    (-,-) 
  sub_241_42_pol_Y_add_237_43_n_602         -       -      -     (net)          -    -     -     -       -    (-,-) 
  sub_241_42_pol_Y_add_237_43_g811__8246/ZN -       A1->ZN R     NAND2_X1       2  5.2    17    24     661    (-,-) 
  sub_241_42_pol_Y_add_237_43_n_601         -       -      -     (net)          -    -     -     -       -    (-,-) 
  sub_241_42_pol_Y_add_237_43_g808__2802/ZN -       B1->ZN F     OAI21_X2      16 25.4    41    40     701    (-,-) 
  n_505                                     -       -      -     (net)          -    -     -     -       -    (-,-) 
  g18207__5107/ZN                           -       A1->ZN R     NOR2_X1        7 12.6    66    93     794    (-,-) 
  n_305                                     -       -      -     (net)          -    -     -     -       -    (-,-) 
  g18197/ZN                                 -       A->ZN  F     INV_X1         3  5.0    19    20     814    (-,-) 
  n_304                                     -       -      -     (net)          -    -     -     -       -    (-,-) 
  g18162__9315/ZN                           -       A1->ZN R     OAI22_X1       2  3.8    40    42     856    (-,-) 
  n_355                                     -       -      -     (net)          -    -     -     -       -    (-,-) 
  g18119__1705/ZN                           -       B1->ZN F     AOI21_X1       1  1.8    14    20     876    (-,-) 
  n_391                                     -       -      -     (net)          -    -     -     -       -    (-,-) 
  g18118/ZN                                 -       A->ZN  R     INV_X1         1  1.2     7    13     890    (-,-) 
  n_393                                     -       -      -     (net)          -    -     -     -       -    (-,-) 
  g18109__4319/ZN                           -       A1->ZN R     AND2_X1        2  3.7    13    35     925    (-,-) 
  n_405                                     -       -      -     (net)          -    -     -     -       -    (-,-) 
  g18074__5477/ZN                           -       B1->ZN F     AOI21_X1       1  1.8     8    15     940    (-,-) 
  n_439                                     -       -      -     (net)          -    -     -     -       -    (-,-) 
  g18068__9945/ZN                           -       A1->ZN R     OAI22_X1       1  3.5    39    36     976    (-,-) 
  n_445                                     -       -      -     (net)          -    -     -     -       -    (-,-) 
  g18063__5115/CO                           -       A->CO  R     HA_X1          1  3.5    13    44    1021    (-,-) 
  n_450                                     -       -      -     (net)          -    -     -     -       -    (-,-) 
  g18054__2802/CO                           -       A->CO  R     HA_X1          1  3.5    13    36    1057    (-,-) 
  n_460                                     -       -      -     (net)          -    -     -     -       -    (-,-) 
  g18048__5526/CO                           -       A->CO  R     HA_X1          1  3.5    12    36    1093    (-,-) 
  n_468                                     -       -      -     (net)          -    -     -     -       -    (-,-) 
  g18042__2398/CO                           -       A->CO  R     HA_X1          2  3.7    13    37    1130    (-,-) 
  n_473                                     -       -      -     (net)          -    -     -     -       -    (-,-) 
  g18041__5477/ZN                           -       A1->ZN F     NAND2_X1       3  5.0    13    21    1151    (-,-) 
  n_474                                     -       -      -     (net)          -    -     -     -       -    (-,-) 
  g18039__7410/ZN                           -       A1->ZN R     NOR2_X1        3  5.6    34    45    1196    (-,-) 
  n_475                                     -       -      -     (net)          -    -     -     -       -    (-,-) 
  g18036__2346/ZN                           -       A1->ZN F     NAND2_X1       3  5.0    17    27    1223    (-,-) 
  n_477                                     -       -      -     (net)          -    -     -     -       -    (-,-) 
  g18034__9945/ZN                           -       A1->ZN R     NOR2_X1        2  3.9    26    38    1261    (-,-) 
  n_478                                     -       -      -     (net)          -    -     -     -       -    (-,-) 
  g18033/ZN                                 -       A->ZN  F     INV_X1         2  3.3     9    13    1274    (-,-) 
  n_479                                     -       -      -     (net)          -    -     -     -       -    (-,-) 
  g18030__6161/ZN                           -       A1->ZN R     NOR2_X1        3  5.6    34    43    1317    (-,-) 
  n_481                                     -       -      -     (net)          -    -     -     -       -    (-,-) 
  g18028__7482/ZN                           -       A1->ZN F     NAND2_X1       2  3.5    15    23    1341    (-,-) 
  n_482                                     -       -      -     (net)          -    -     -     -       -    (-,-) 
  g18027/ZN                                 -       A->ZN  R     INV_X1         4  6.6    18    28    1368    (-,-) 
  n_483                                     -       -      -     (net)          -    -     -     -       -    (-,-) 
  g18026__5115/ZN                           -       A1->ZN F     NAND2_X1       2  3.4    11    20    1388    (-,-) 
  n_484                                     -       -      -     (net)          -    -     -     -       -    (-,-) 
  g18018__1617/ZN                           -       A1->ZN R     NOR2_X1        2  3.9    26    35    1423    (-,-) 
  n_492                                     -       -      -     (net)          -    -     -     -       -    (-,-) 
  g18014__5526/ZN                           -       A1->ZN F     NOR2_X1        1  1.8     8    11    1434    (-,-) 
  n_494                                     -       -      -     (net)          -    -     -     -       -    (-,-) 
  g18009__2398/ZN                           -       B1->ZN R     OAI21_X1       1  0.3    12    19    1453    (-,-) 
  fp_out[14]                                -       -      -     (net)          -    -     -     -       -    (-,-) 
  fp_out[14]                                <<<     -      R     (port)         -    -     -     0    1453    (-,-) 
#-------------------------------------------------------------------------------------------------------------------


