============================================================
  Generated by:           Genus(TM) Synthesis Solution 25.11-s095_1
  Generated on:           May 27 2026  02:50:40 am
  Module:                 sysarr_32_input_fp_adder
  Operating conditions:   typical 
  Interconnect mode:      global
  Area mode:              physical library
============================================================


Path 1: MET (0 ps) Setup Check with Pin aligner_inst_aligned_mant_out_reg[7][26]/CK->D
           View: view_1p2_25
          Group: clock1
     Startpoint: (R) aligner_inst_max_l3_n1_r_reg[7]/CK
          Clock: (R) clock1
       Endpoint: (R) aligner_inst_aligned_mant_out_reg[7][26]/D
          Clock: (R) clock1

                     Capture       Launch     
        Clock Edge:+    1000            0     
       Src Latency:+       0            0     
       Net Latency:+       0 (I)        0 (I) 
           Arrival:=    1000            0     
                                              
             Setup:-      35                  
       Uncertainty:-       0                  
     Required Time:=     965                  
      Launch Clock:-       0                  
         Data Path:-     965                  
             Slack:=       0                  

Launch clock path:
#-----------------------------------------------------------------------------------------------------------
#           Timing Point             Flags   Arc   Edge   Cell     Fanout Load Trans Delay Arrival Instance 
#                                                                         (fF)  (ps)  (ps)   (ps)  Location 
#-----------------------------------------------------------------------------------------------------------
  clk                                (i)     -     R     (arrival)   1739  0.0     0     0       0    (-,-) 
  clk                                -       -     -     (net)          -    -     -     -       -    (-,-) 
  clk                                -       -     -     (net)          -    -     -     -       -    (-,-) 
  aligner_inst_max_l3_n1_r_reg[7]/CK <<<     -     R     DFFR_X1     1739    -     1     0       0    (-,-) 
#-----------------------------------------------------------------------------------------------------------

#--------------------------------------------------------------------------------------------------------------------
#               Timing Point                 Flags    Arc   Edge   Cell     Fanout Load Trans Delay Arrival Instance 
#                                                                                  (fF)  (ps)  (ps)   (ps)  Location 
#--------------------------------------------------------------------------------------------------------------------
  aligner_inst_max_l3_n1_r_reg[7]/CK         -       -      R     (arrival)   1739    -     1     0       0    (-,-) 
  aligner_inst_max_l3_n1_r_reg[7]/Q          -       CK->Q  R     DFFR_X1        1  1.9    10   100     100    (-,-) 
  n_700                                      -       -      -     (net)          -    -     -     -       -    (-,-) 
  g473331/ZN                                 -       A1->ZN F     NAND2_X1       1  3.2    10    16     117    (-,-) 
  n_1742                                     -       -      -     (net)          -    -     -     -       -    (-,-) 
  g472432/ZN                                 -       A1->ZN R     NAND2_X2       2  8.3    15    21     138    (-,-) 
  n_2625                                     -       -      -     (net)          -    -     -     -       -    (-,-) 
  g472428/ZN                                 -       A->ZN  F     INV_X1         2  6.8    10    17     155    (-,-) 
  n_2626                                     -       -      -     (net)          -    -     -     -       -    (-,-) 
  g472415/ZN                                 -       A3->ZN R     NAND3_X2       1  6.3    15    24     179    (-,-) 
  n_2637                                     -       -      -     (net)          -    -     -     -       -    (-,-) 
  g472406/ZN                                 -       A1->ZN F     NAND2_X4       4 13.8    10    19     198    (-,-) 
  n_2644                                     -       -      -     (net)          -    -     -     -       -    (-,-) 
  g472405/ZN                                 -       A->ZN  R     INV_X4         3  8.5     8    15     213    (-,-) 
  n_2643                                     -       -      -     (net)          -    -     -     -       -    (-,-) 
  g472397/ZN                                 -       A1->ZN F     NAND2_X2       1  6.0    10    15     228    (-,-) 
  n_2652                                     -       -      -     (net)          -    -     -     -       -    (-,-) 
  g472192/ZN                                 -       A1->ZN R     NAND2_X4       8 43.1    30    37     265    (-,-) 
  n_2682                                     -       -      -     (net)          -    -     -     -       -    (-,-) 
  g472092/ZN                                 -       A->ZN  F     INV_X8         7 28.2    10    16     280    (-,-) 
  n_2678                                     -       -      -     (net)          -    -     -     -       -    (-,-) 
  g471775/ZN                                 -       A1->ZN F     AND2_X2        2  7.7     8    32     312    (-,-) 
  n_3106                                     -       -      -     (net)          -    -     -     -       -    (-,-) 
  g471027/ZN                                 -       A1->ZN R     NAND2_X1       1  3.4    13    18     330    (-,-) 
  n_3634                                     -       -      -     (net)          -    -     -     -       -    (-,-) 
  g470772/ZN                                 -       A1->ZN F     NAND2_X2       3  5.1     9    16     346    (-,-) 
  n_3990                                     -       -      -     (net)          -    -     -     -       -    (-,-) 
  g470453/ZN                                 -       A1->ZN R     NAND2_X1       2  3.8    14    20     366    (-,-) 
  n_4317                                     -       -      -     (net)          -    -     -     -       -    (-,-) 
  g470073/ZN                                 -       A1->ZN F     NAND2_X1       2  4.7    12    21     387    (-,-) 
  n_4694                                     -       -      -     (net)          -    -     -     -       -    (-,-) 
  g469687/ZN                                 -       A1->ZN R     NAND2_X1       1  3.5    13    21     408    (-,-) 
  n_4919                                     -       -      -     (net)          -    -     -     -       -    (-,-) 
  g469451/ZN                                 -       A->ZN  F     OAI21_X2       9 16.5    21    34     442    (-,-) 
  n_5258                                     -       -      -     (net)          -    -     -     -       -    (-,-) 
  g469304/ZN                                 -       A->ZN  R     INV_X1         3  7.4    20    33     474    (-,-) 
  n_5257                                     -       -      -     (net)          -    -     -     -       -    (-,-) 
  g468498/ZN                                 -       A2->ZN F     NOR2_X2       13 21.0    15    26     500    (-,-) 
  n_6158                                     -       -      -     (net)          -    -     -     -       -    (-,-) 
  g468080/ZN                                 -       A1->ZN F     AND2_X1        1  1.8     6    32     532    (-,-) 
  n_6421                                     -       -      -     (net)          -    -     -     -       -    (-,-) 
  g467663/ZN                                 -       A->ZN  R     AOI21_X1       2  6.4    44    62     594    (-,-) 
  n_7034                                     -       -      -     (net)          -    -     -     -       -    (-,-) 
  g467010/ZN                                 -       A2->ZN F     NAND3_X2       2  3.5    15    29     622    (-,-) 
  n_796                                      -       -      -     (net)          -    -     -     -       -    (-,-) 
  g466951/ZN                                 -       A->ZN  R     INV_X1         1  2.0     9    16     639    (-,-) 
  n_7633                                     -       -      -     (net)          -    -     -     -       -    (-,-) 
  g466824/ZN                                 -       A1->ZN R     AND2_X2        2  4.4    10    31     670    (-,-) 
  n_7791                                     -       -      -     (net)          -    -     -     -       -    (-,-) 
  g466174/ZN                                 -       A1->ZN F     NAND3_X2       2  4.7    18    20     690    (-,-) 
  n_8451                                     -       -      -     (net)          -    -     -     -       -    (-,-) 
  g465850/ZN                                 -       A1->ZN R     NOR2_X2        2  5.3    20    32     721    (-,-) 
  n_8795                                     -       -      -     (net)          -    -     -     -       -    (-,-) 
  g465550/ZN                                 -       A1->ZN F     NAND2_X2       2  4.7    10    17     739    (-,-) 
  n_9073                                     -       -      -     (net)          -    -     -     -       -    (-,-) 
  g465362/ZN                                 -       A1->ZN R     NOR2_X2        2  3.9    17    25     764    (-,-) 
  n_9205                                     -       -      -     (net)          -    -     -     -       -    (-,-) 
  g475002/ZN                                 -       A1->ZN R     AND2_X2        2  5.3    10    35     799    (-,-) 
  n_496                                      -       -      -     (net)          -    -     -     -       -    (-,-) 
  g465149/ZN                                 -       A1->ZN F     NAND2_X2       2  4.7     9    14     813    (-,-) 
  n_9389                                     -       -      -     (net)          -    -     -     -       -    (-,-) 
  g465077/ZN                                 -       A1->ZN R     NOR2_X2        1  3.4    16    23     837    (-,-) 
  n_9429                                     -       -      -     (net)          -    -     -     -       -    (-,-) 
  g464180/ZN                                 -       B1->ZN F     OAI21_X2       2  8.2    28    22     858    (-,-) 
  n_10232                                    -       -      -     (net)          -    -     -     -       -    (-,-) 
  g463755/ZN                                 -       A1->ZN R     NOR2_X4        3  6.2    17    31     889    (-,-) 
  n_10604                                    -       -      -     (net)          -    -     -     -       -    (-,-) 
  g463234__5477/ZN                           -       A1->ZN F     NAND2_X1       2  3.5    11    20     908    (-,-) 
  n_11035                                    -       -      -     (net)          -    -     -     -       -    (-,-) 
  g462054__5115/ZN                           -       A1->ZN R     NAND2_X1       1  2.5    15    17     926    (-,-) 
  n_11457                                    -       -      -     (net)          -    -     -     -       -    (-,-) 
  g461760__4319/ZN                           -       A->ZN  R     XNOR2_X1       1  1.4    17    39     965    (-,-) 
  n_11602                                    -       -      -     (net)          -    -     -     -       -    (-,-) 
  aligner_inst_aligned_mant_out_reg[7][26]/D <<<     -      R     DFFR_X1        1    -     -     0     965    (-,-) 
#--------------------------------------------------------------------------------------------------------------------

Capture clock path:
#--------------------------------------------------------------------------------------------------------------------
#                Timing Point                 Flags   Arc   Edge   Cell     Fanout Load Trans Delay Arrival Instance 
#                                                                                  (fF)  (ps)  (ps)   (ps)  Location 
#--------------------------------------------------------------------------------------------------------------------
  clk                                         (i)     -     R     (arrival)   1739  0.0     0     0    1000    (-,-) 
  clk                                         -       -     -     (net)          -    -     -     -       -    (-,-) 
  clk                                         -       -     -     (net)          -    -     -     -       -    (-,-) 
  aligner_inst_aligned_mant_out_reg[7][26]/CK <<<     -     R     DFFR_X1     1739    -     1     0    1000    (-,-) 
#--------------------------------------------------------------------------------------------------------------------


