============================================================
  Generated by:           Genus(TM) Synthesis Solution 25.11-s095_1
  Generated on:           Jun 13 2026  12:09:06 pm
  Operating conditions:   typical 
  Interconnect mode:      global
  Area mode:              physical library
============================================================

                                 Leakage      Internal                          Library 
   Gate    Instances    Area    Power (nW)   Power (nW)          Library         Domain 
----------------------------------------------------------------------------------------
AND2_X1          560   595.840   14112.706    377807.270 NangateOpenCellLibrary       0 
AND2_X2           20    26.600    1029.000     32566.068 NangateOpenCellLibrary       0 
AND2_X4            8    19.152     864.766     39508.722 NangateOpenCellLibrary       0 
AND3_X1           47    62.510    1428.369     31408.859 NangateOpenCellLibrary       0 
AND3_X2            4     6.384     197.710      9957.858 NangateOpenCellLibrary       0 
AND4_X1           23    36.708     845.620     19078.631 NangateOpenCellLibrary       0 
AND4_X2            4     7.448     231.056      7978.841 NangateOpenCellLibrary       0 
AND4_X4            1     3.458      98.779        17.043 NangateOpenCellLibrary       0 
AOI211_X1         16    21.280     596.352     14815.617 NangateOpenCellLibrary       0 
AOI211_X2          1     2.394      67.143      3337.526 NangateOpenCellLibrary       0 
AOI21_X1         487   518.168   12824.892    374376.117 NangateOpenCellLibrary       0 
AOI21_X2          85   158.270    5064.671    138639.191 NangateOpenCellLibrary       0 
AOI21_X4          18    62.244    1930.230     77127.125 NangateOpenCellLibrary       0 
AOI221_X1        133   212.268    5091.320    215256.836 NangateOpenCellLibrary       0 
AOI221_X2          1     2.926      97.830       208.824 NangateOpenCellLibrary       0 
AOI222_X1         98   208.544    4460.488    180401.316 NangateOpenCellLibrary       0 
AOI22_X1         324   430.920    9353.798    279303.373 NangateOpenCellLibrary       0 
AOI22_X2           6    14.364     419.353     10922.402 NangateOpenCellLibrary       0 
BUF_X2             2     2.128      94.621         0.000 NangateOpenCellLibrary       0 
BUF_X4             9    16.758     774.041     16028.008 NangateOpenCellLibrary       0 
CLKBUF_X1         12     9.576     142.869      8251.214 NangateOpenCellLibrary       0 
DFFR_X1         1515  8059.800  132629.383   9711679.572 NangateOpenCellLibrary       0 
DFF_X1           148   669.256   11667.754   1088041.800 NangateOpenCellLibrary       0 
FA_X1            778  3311.168   43164.462   1991193.104 NangateOpenCellLibrary       0 
HA_X1            122   324.520    7637.070    294974.821 NangateOpenCellLibrary       0 
INV_X1          2267  1206.044   32204.990    887406.309 NangateOpenCellLibrary       0 
INV_X16            4    18.088     919.395     40720.606 NangateOpenCellLibrary       0 
INV_X2            74    59.052    2130.992     58833.554 NangateOpenCellLibrary       0 
INV_X4            25    33.250    1432.244     53028.255 NangateOpenCellLibrary       0 
INV_X8            11    26.334    1312.712     50084.972 NangateOpenCellLibrary       0 
MUX2_X1          679  1264.298   24519.406   1347582.084 NangateOpenCellLibrary       0 
MUX2_X2            3     7.182     213.440     13048.939 NangateOpenCellLibrary       0 
NAND2_X1        1985  1584.030   38556.181    892887.028 NangateOpenCellLibrary       0 
NAND2_X2         234   311.220   11931.828    202164.003 NangateOpenCellLibrary       0 
NAND2_X4          22    52.668    2358.498     34745.219 NangateOpenCellLibrary       0 
NAND3_X1         122   129.808    3066.289     57305.915 NangateOpenCellLibrary       0 
NAND3_X2           9    16.758     469.429     18485.103 NangateOpenCellLibrary       0 
NAND3_X4           3    10.374     138.972      4278.998 NangateOpenCellLibrary       0 
NAND4_X1         119   158.270    4252.889     48017.621 NangateOpenCellLibrary       0 
NAND4_X2           2     4.788      63.098      1206.387 NangateOpenCellLibrary       0 
NAND4_X4           3    14.364     255.773     13479.297 NangateOpenCellLibrary       0 
NOR2_X1         1290  1029.420   29253.496    466922.987 NangateOpenCellLibrary       0 
NOR2_X2          139   184.870    5898.683    116479.507 NangateOpenCellLibrary       0 
NOR2_X4           28    67.032    2400.803     41710.455 NangateOpenCellLibrary       0 
NOR3_X1          136   144.704    4143.621     49039.569 NangateOpenCellLibrary       0 
NOR3_X2            1     1.862      48.194      2153.004 NangateOpenCellLibrary       0 
NOR4_X1          151   200.830    5423.120     46600.152 NangateOpenCellLibrary       0 
OAI211_X1         38    50.540    1280.619     28639.156 NangateOpenCellLibrary       0 
OAI211_X2          1     2.394      38.990      3164.202 NangateOpenCellLibrary       0 
OAI211_X4          1     4.522      82.511      5074.811 NangateOpenCellLibrary       0 
OAI21_X1         550   585.200   15869.298    455343.667 NangateOpenCellLibrary       0 
OAI21_X2          90   167.580    5612.379    118482.228 NangateOpenCellLibrary       0 
OAI21_X4          19    65.702    2271.164     61000.700 NangateOpenCellLibrary       0 
OAI221_X1         49    78.204    1997.758     61589.859 NangateOpenCellLibrary       0 
OAI222_X1         17    36.176     910.876     15804.615 NangateOpenCellLibrary       0 
OAI222_X2          1     3.724      60.882      4956.751 NangateOpenCellLibrary       0 
OAI22_X1         338   449.540   14793.275    241671.058 NangateOpenCellLibrary       0 
OAI22_X2           5    11.970     348.935     11320.931 NangateOpenCellLibrary       0 
OAI33_X1           2     3.724      90.518      2530.276 NangateOpenCellLibrary       0 
OR2_X1           419   445.816    9664.799    331055.949 NangateOpenCellLibrary       0 
OR2_X2             7     9.310     348.861     13276.560 NangateOpenCellLibrary       0 
OR3_X1            84   111.720    2269.444     26485.708 NangateOpenCellLibrary       0 
OR3_X2             1     1.596      49.962       370.464 NangateOpenCellLibrary       0 
OR4_X1            80   127.680    2268.514     28050.261 NangateOpenCellLibrary       0 
SDFFR_X1          15    99.750    1613.798    152635.909 NangateOpenCellLibrary       0 
SDFF_X1            1     6.118      98.715      8513.226 NangateOpenCellLibrary       0 
XNOR2_X1         491   783.636   19252.207    652143.504 NangateOpenCellLibrary       0 
XNOR2_X2          56   148.960    4036.458    224246.380 NangateOpenCellLibrary       0 
XOR2_X1          285   454.860   10535.435    353039.370 NangateOpenCellLibrary       0 
XOR2_X2            9    21.546     624.322     39733.964 NangateOpenCellLibrary       0 
----------------------------------------------------------------------------------------
total          14288 24978.198  519938.055  22208189.648                                
                                            Leakage  Leakage   Internal   Internal 
     Type      Instances    Area   Area % Power (nW) Power %  Power (nW)   Power % 
-----------------------------------------------------------------------------------
sequential          1679  8834.924   35.4 146009.650    28.1 10960870.507     49.4 
inverter            2381  1342.768    5.4  38000.332     7.3  1090073.696      4.9 
buffer                23    28.462    0.1   1011.531     0.2    24279.222      0.1 
logic              10205 14772.044   59.1 334916.542    64.4 10132966.223     45.6 
physical_cells         0     0.000    0.0      0.000     0.0        0.000      0.0 
-----------------------------------------------------------------------------------
total              14288 24978.198  100.0 519938.055   100.0 22208189.648    100.0 
