============================================================
  Generated by:           Genus(TM) Synthesis Solution 21.17-s066_1
  Generated on:           Jan 26 2026  10:44:15 pm
  Module:                 sysarr_MAC_fp16_2c
  Operating conditions:   PVT_1P2V_25C 
  Interconnect mode:      global
  Area mode:              physical library
============================================================

# SETUP                  WNS      TNS    FEP 
# ---------------------------------------------
 View: ALL            -258.5  -3768.3     15 
    Group : in2out       N/A      N/A    N/A 
    Group : in2reg    1063.1      0.0      0 
    Group : reg2out   1170.8      0.0      0 
    Group : reg2reg   -258.5  -3768.3     15 

# ---------------------------------------------
# DRV                        WNS  TNS  FEP 
# -------------------------------------------
 View: ALL                                 
    Check: max_transition    N/A  N/A    0 
    Check: max_capacitance   N/A  N/A    0 
    Check: max_fanout        N/A  N/A    0 

# -------------------------------------------
