============================================================
  Generated by:           Genus(TM) Synthesis Solution 25.11-s095_1
  Generated on:           Mar 10 2026  12:49:12 pm
  Operating conditions:   typical 
  Interconnect mode:      global
  Area mode:              physical library
============================================================

                         Leakage   Internal          Library 
 Gate  Instances  Area Power (nW) Power (nW) Library  Domain 
-------------------------------------------------------------
-------------------------------------------------------------
total          0 0.000      0.000      0.000                 
                                        Leakage  Leakage  Internal  Internal 
     Type      Instances  Area Area % Power (nW) Power % Power (nW)  Power % 
-----------------------------------------------------------------------------
sequential            25 0.000    0.0   1977.808    16.7  99371.057     29.6 
inverter               2 0.000    0.0     28.684     0.2    566.168      0.2 
logic                826 0.000    0.0   9817.039    83.0 236005.368     70.3 
physical_cells         0 0.000    0.0      0.000     0.0      0.000      0.0 
-----------------------------------------------------------------------------
total                853 0.000    0.0  11823.531   100.0 335942.594    100.0 
