============================================================
  Generated by:           Genus(TM) Synthesis Solution 25.11-s095_1
  Generated on:           Mar 10 2026  01:01:39 am
  Module:                 add_bf16_2C
  Library domain:         timing_condition_tt_1p2v_25c
    Domain index:         0
    Technology library:   NangateOpenCellLibrary revision 1.0
  Operating conditions:   typical 
  Interconnect mode:      global
  Area mode:              physical library
============================================================

Timing
--------

Analysis view  Clock Period 
----------------------------
view_1p2_25   clock1 1667.0 


  Analysis    Cost   Critical        Violating 
    View     Group  Path Slack  TNS    Paths   
-----------------------------------------------
view_1p2_25  clock1      622.1  0.0          0 
            default   No paths  0.0          0 
-----------------------------------------------
Total                          -0.0          0 
                                               

Instance Count
--------------
Leaf Instance Count             1148 
Physical Instance count            0 
Sequential Instance Count         64 
Combinational Instance Count    1084 
Hierarchical Instance Count        0 

Area
----
Cell Area                          2083.489
Physical Cell Area                 0.000
Total Cell Area (Cell+Physical)    2083.489
Net Area                           16.197
Total Area (Cell+Physical+Net)     2099.686

Power
-----
Leakage Power                      16897.544 nW
Dynamic Power                      421989.107 nW
Total Power                        438886.650 nW

Max Fanout                         64 (clk)
Min Fanout                         0 (n_214)
Average Fanout                     1.8
Terms to net ratio                 2.6180
Terms to instance ratio            3.2770
Runtime                            48.972604 seconds
Elapsed Runtime                    55 seconds
Genus peak memory usage            1765.87 
Innovus peak memory usage          no_value 
Hostname                           asicfab.ecn.purdue.edu
