============================================================
  Generated by:           Genus(TM) Synthesis Solution 25.11-s095_1
  Generated on:           Jun 13 2026  06:35:49 am
  Module:                 sysarr_32_input_fp_adder
  Operating conditions:   typical 
  Interconnect mode:      global
  Area mode:              physical library
============================================================

Timing
--------

Analysis view  Clock Period 
----------------------------
view_1p2_25   clock1 1235.0 


  Analysis    Cost   Critical        Violating 
    View     Group  Path Slack  TNS    Paths   
-----------------------------------------------
view_1p2_25  clock1        0.0  0.0          0 
            default   No paths  0.0          0 
-----------------------------------------------
Total                          -0.0          0 
                                               

Instance Count
--------------
Leaf Instance Count             15551 
Physical Instance count             0 
Sequential Instance Count        1679 
Combinational Instance Count    13872 
Hierarchical Instance Count         0 

Area
----
Cell Area                          26093.802
Physical Cell Area                 0.000
Total Cell Area (Cell+Physical)    26093.802
Net Area                           20409.650
Total Area (Cell+Physical+Net)     46503.452

Power
-----
Leakage Power                      555705.543 nW
Dynamic Power                      45289132.349 nW
Total Power                        45844837.892 nW

Max Fanout                         1679 (clk)
Min Fanout                         0 (w_aligned_mants[0][27])
Average Fanout                     2.0
Terms to net ratio                 3.1772
Terms to instance ratio            3.5368
Runtime                            50.359587 seconds
Elapsed Runtime                    54 seconds
Genus peak memory usage            1761.82 
Innovus peak memory usage          no_value 
Hostname                           asicfab.ecn.purdue.edu
