============================================================
  Generated by:           Genus(TM) Synthesis Solution 25.11-s095_1
  Generated on:           Mar 10 2026  09:05:37 pm
  Module:                 add_bf16_1C
  Operating conditions:   typical 
  Interconnect mode:      global
  Area mode:              physical library
============================================================


Path 1: MET (170 ps) Late External Delay Assertion at pin bf_out[13]
           View: view_1p2_25
          Group: clock1
     Startpoint: (R) bf2_in_reg[11]/clk
          Clock: (R) clock1
       Endpoint: (R) bf_out[13]
          Clock: (R) clock1

                     Capture       Launch     
        Clock Edge:+    1613            0     
       Src Latency:+       0            0     
       Net Latency:+       0 (I)        0 (I) 
           Arrival:=    1613            0     
                                              
      Output Delay:-       1                  
       Uncertainty:-       0                  
     Required Time:=    1612                  
      Launch Clock:-       0                  
         Data Path:-    1442                  
             Slack:=     170                  

Exceptions/Constraints:
  output_delay              1              add_bf16_1C.sdc_line_21_35_1   

Launch clock path:
#-------------------------------------------------------------------------------------------------
#   Timing Point     Flags   Arc   Edge      Cell        Fanout Load Trans Delay Arrival Instance 
#                                                               (fF)  (ps)  (ps)   (ps)  Location 
#-------------------------------------------------------------------------------------------------
  clk                (i,u)   -     R     (arrival)           33  0.0     0     0       0    (-,-) 
  clk                -       -     -     (net)                -    -     -     -       -    (-,-) 
  clk                -       -     -     (net)                -    -     -     -       -    (-,-) 
  bf2_in_reg[11]/clk <<<     -     R     unmapped_d_flop     33    -     1     0       0    (-,-) 
#-------------------------------------------------------------------------------------------------

#------------------------------------------------------------------------------------------------------
#   Timing Point     Flags    Arc    Edge       Cell         Fanout  Load Trans Delay Arrival Instance 
#                                                                    (fF)  (ps)  (ps)   (ps)  Location 
#------------------------------------------------------------------------------------------------------
  bf2_in_reg[11]/clk -       -       R     (arrival)             33     -     1     0       0    (-,-) 
  bf2_in_reg[11]/q   (u)     clk->q  F     unmapped_d_flop        7  22.4     0   127     127    (-,-) 
  bf2_in[11]         -       -       -     (net)                  -     -     -     -       -    (-,-) 
  g8510/z            (u)     in_1->z F     unmapped_complex2      2   6.4     0    19     146    (-,-) 
  n_4499             -       -       -     (net)                  -     -     -     -       -    (-,-) 
  g8445/z            (u)     in_1->z R     unmapped_complex2      1   3.6     0    17     163    (-,-) 
  n_4427             -       -       -     (net)                  -     -     -     -       -    (-,-) 
  g8383/z            (u)     in_1->z F     unmapped_complex2      1   3.2     0    17     180    (-,-) 
  n_5972             -       -       -     (net)                  -     -     -     -       -    (-,-) 
  g8351/z            (u)     in_1->z R     unmapped_nand2         1   3.6     0    17     196    (-,-) 
  n_4428             -       -       -     (net)                  -     -     -     -       -    (-,-) 
  g8343/z            (u)     in_0->z F     unmapped_complex2      1   3.2     0    17     213    (-,-) 
  n_3023             -       -       -     (net)                  -     -     -     -       -    (-,-) 
  g8340/z            (u)     in_0->z R     unmapped_nand2         1   3.6     0    17     229    (-,-) 
  n_88               -       -       -     (net)                  -     -     -     -       -    (-,-) 
  g8336/z            (u)     in_1->z R     unmapped_complex2     44 158.4     0    58     287    (-,-) 
  n_640              -       -       -     (net)                  -     -     -     -       -    (-,-) 
  g8294/z            (u)     in_1->z R     unmapped_complex2      1   3.6     0    17     304    (-,-) 
  n_4916             -       -       -     (net)                  -     -     -     -       -    (-,-) 
  g8270/z            (u)     in_1->z F     unmapped_nand2        10  32.0     0    38     341    (-,-) 
  u_exp1[0]          -       -       -     (net)                  -     -     -     -       -    (-,-) 
  g8611/z            (u)     in_0->z F     unmapped_complex2      3   9.6     0    22     363    (-,-) 
  n_3033             -       -       -     (net)                  -     -     -     -       -    (-,-) 
  g8204/z            (u)     in_1->z R     unmapped_nand2         1   3.6     0    17     379    (-,-) 
  n_5987             -       -       -     (net)                  -     -     -     -       -    (-,-) 
  g8164/z            (u)     in_1->z F     unmapped_nand2         3   9.6     0    22     401    (-,-) 
  n_3053             -       -       -     (net)                  -     -     -     -       -    (-,-) 
  g8147/z            (u)     in_1->z R     unmapped_nand2         1   3.6     0    17     418    (-,-) 
  n_5092             -       -       -     (net)                  -     -     -     -       -    (-,-) 
  g8108/z            (u)     in_0->z F     unmapped_nand2         2   6.4     0    19     437    (-,-) 
  n_93               -       -       -     (net)                  -     -     -     -       -    (-,-) 
  g8082/z            (u)     in_0->z F     unmapped_or2           1   3.2     0    17     453    (-,-) 
  n_6154             -       -       -     (net)                  -     -     -     -       -    (-,-) 
  g8083/z            (u)     in_1->z R     unmapped_nand2         5  18.0     0    28     481    (-,-) 
  n_684              -       -       -     (net)                  -     -     -     -       -    (-,-) 
  g8065/z            (u)     in_0->z R     unmapped_or2           9  32.4     0    36     517    (-,-) 
  n_4257             -       -       -     (net)                  -     -     -     -       -    (-,-) 
  g8655/z            (u)     in_0->z R     unmapped_complex2      1   3.6     0    17     534    (-,-) 
  n_5254             -       -       -     (net)                  -     -     -     -       -    (-,-) 
  g8013/z            (u)     in_0->z F     unmapped_nand2         4  12.8     0    24     558    (-,-) 
  n_781              -       -       -     (net)                  -     -     -     -       -    (-,-) 
  g8669/z            (u)     in_0->z F     unmapped_complex2      2   6.4     0    19     577    (-,-) 
  n_5258             -       -       -     (net)                  -     -     -     -       -    (-,-) 
  g7991/z            (u)     in_1->z R     unmapped_complex2      1   3.6     0    17     594    (-,-) 
  n_4395             -       -       -     (net)                  -     -     -     -       -    (-,-) 
  g8678/z            (u)     in_0->z F     unmapped_complex2      1   3.2     0    17     611    (-,-) 
  n_5999             -       -       -     (net)                  -     -     -     -       -    (-,-) 
  g7973/z            (u)     in_1->z R     unmapped_nand2         1   3.6     0    17     627    (-,-) 
  n_4396             -       -       -     (net)                  -     -     -     -       -    (-,-) 
  g7971/z            (u)     in_0->z F     unmapped_complex2      1   3.2     0    17     644    (-,-) 
  n_90               -       -       -     (net)                  -     -     -     -       -    (-,-) 
  g7966/z            (u)     in_0->z R     unmapped_nand2         1   3.6     0    17     660    (-,-) 
  n_102              -       -       -     (net)                  -     -     -     -       -    (-,-) 
  g8683/z            (u)     in_0->z R     unmapped_complex2      1   3.6     0    17     677    (-,-) 
  n_4410             -       -       -     (net)                  -     -     -     -       -    (-,-) 
  g7961/z            (u)     in_0->z F     unmapped_nand2         1   3.2     0    17     694    (-,-) 
  n_5369             -       -       -     (net)                  -     -     -     -       -    (-,-) 
  g7960/z            (u)     in_0->z R     unmapped_complex2     29 104.4     0    52     746    (-,-) 
  n_44               -       -       -     (net)                  -     -     -     -       -    (-,-) 
  g7951/z            (u)     in_1->z F     unmapped_nand2         1   3.2     0    17     763    (-,-) 
  n_5375             -       -       -     (net)                  -     -     -     -       -    (-,-) 
  g7923/z            (u)     in_1->z R     unmapped_nand2         2   7.2     0    19     782    (-,-) 
  n_816              -       -       -     (net)                  -     -     -     -       -    (-,-) 
  g8698/z            (u)     in_0->z F     unmapped_complex2      1   3.2     0    17     798    (-,-) 
  n_6132             -       -       -     (net)                  -     -     -     -       -    (-,-) 
  g7893/z            (u)     in_1->z R     unmapped_nand2         3  10.8     0    22     820    (-,-) 
  n_3084             -       -       -     (net)                  -     -     -     -       -    (-,-) 
  g7882/z            (u)     in_1->z F     unmapped_nand2         1   3.2     0    17     836    (-,-) 
  n_5479             -       -       -     (net)                  -     -     -     -       -    (-,-) 
  g7867/z            (u)     in_0->z R     unmapped_nand2         3  10.8     0    22     858    (-,-) 
  n_137              -       -       -     (net)                  -     -     -     -       -    (-,-) 
  g7860/z            (u)     in_1->z F     unmapped_nand2         1   3.2     0    17     875    (-,-) 
  n_5494             -       -       -     (net)                  -     -     -     -       -    (-,-) 
  g7856/z            (u)     in_0->z R     unmapped_nand2         4  14.4     0    24     899    (-,-) 
  n_116              -       -       -     (net)                  -     -     -     -       -    (-,-) 
  g8711/z            (u)     in_0->z F     unmapped_complex2      1   3.2     0    17     916    (-,-) 
  n_6008             -       -       -     (net)                  -     -     -     -       -    (-,-) 
  g8712/z            (u)     in_1->z R     unmapped_complex2      4  14.4     0    24     940    (-,-) 
  n_143              -       -       -     (net)                  -     -     -     -       -    (-,-) 
  g7843/z            (u)     in_1->z F     unmapped_nand2         1   3.2     0    17     957    (-,-) 
  n_5501             -       -       -     (net)                  -     -     -     -       -    (-,-) 
  g7837/z            (u)     in_1->z R     unmapped_nand2         2   7.2     0    19     976    (-,-) 
  n_146              -       -       -     (net)                  -     -     -     -       -    (-,-) 
  g7820/z            (u)     in_0->z R     unmapped_or2           1   3.6     0    17     993    (-,-) 
  n_6116             -       -       -     (net)                  -     -     -     -       -    (-,-) 
  g7821/z            (u)     in_1->z F     unmapped_nand2        11  35.2     0    39    1032    (-,-) 
  mantissa_sum[7]    -       -       -     (net)                  -     -     -     -       -    (-,-) 
  g7794/z            (u)     in_0->z F     unmapped_complex2      1   3.2     0    17    1048    (-,-) 
  n_5587             -       -       -     (net)                  -     -     -     -       -    (-,-) 
  g8722/z            (u)     in_0->z R     unmapped_complex2      1   3.6     0    17    1065    (-,-) 
  n_5588             -       -       -     (net)                  -     -     -     -       -    (-,-) 
  g7766/z            (u)     in_1->z R     unmapped_complex2      1   3.6     0    17    1081    (-,-) 
  n_4425             -       -       -     (net)                  -     -     -     -       -    (-,-) 
  g8741/z            (u)     in_0->z F     unmapped_complex2      3   9.6     0    22    1103    (-,-) 
  norm_shift[0]      -       -       -     (net)                  -     -     -     -       -    (-,-) 
  g7713/z            (u)     in_1->z F     unmapped_or2           4  12.8     0    24    1127    (-,-) 
  n_3135             -       -       -     (net)                  -     -     -     -       -    (-,-) 
  g6603/z            (u)     in_0->z F     unmapped_complex2      1   3.2     0    17    1144    (-,-) 
  n_4421             -       -       -     (net)                  -     -     -     -       -    (-,-) 
  g7668/z            (u)     in_0->z R     unmapped_nand2         1   3.6     0    17    1161    (-,-) 
  n_5782             -       -       -     (net)                  -     -     -     -       -    (-,-) 
  g7663/z            (u)     in_0->z F     unmapped_nand2         3   9.6     0    22    1182    (-,-) 
  n_3146             -       -       -     (net)                  -     -     -     -       -    (-,-) 
  g7661/z            (u)     in_1->z R     unmapped_nand2         1   3.6     0    17    1199    (-,-) 
  n_5788             -       -       -     (net)                  -     -     -     -       -    (-,-) 
  g7654/z            (u)     in_0->z F     unmapped_nand2         3   9.6     0    22    1220    (-,-) 
  n_3160             -       -       -     (net)                  -     -     -     -       -    (-,-) 
  g7637/z            (u)     in_1->z R     unmapped_nand2         1   3.6     0    17    1237    (-,-) 
  n_5794             -       -       -     (net)                  -     -     -     -       -    (-,-) 
  g7628/z            (u)     in_0->z F     unmapped_nand2         2   6.4     0    19    1256    (-,-) 
  n_3154             -       -       -     (net)                  -     -     -     -       -    (-,-) 
  g7622/z            (u)     in_0->z F     unmapped_or2           3   9.6     0    22    1278    (-,-) 
  n_3162             -       -       -     (net)                  -     -     -     -       -    (-,-) 
  g7596/z            (u)     in_0->z F     unmapped_or2           3   9.6     0    22    1299    (-,-) 
  n_3163             -       -       -     (net)                  -     -     -     -       -    (-,-) 
  g7597/z            (u)     in_1->z R     unmapped_nand2         2   7.2     0    19    1318    (-,-) 
  u_result[5]        -       -       -     (net)                  -     -     -     -       -    (-,-) 
  g8595/z            (u)     in_0->z F     unmapped_nand2         1   3.2     0    17    1335    (-,-) 
  n_5845             -       -       -     (net)                  -     -     -     -       -    (-,-) 
  g7567/z            (u)     in_0->z R     unmapped_nand2         3  10.8     0    22    1357    (-,-) 
  n_876              -       -       -     (net)                  -     -     -     -       -    (-,-) 
  g7564/z            (u)     in_1->z F     unmapped_nand2         1   3.2     0    17    1373    (-,-) 
  n_5896             -       -       -     (net)                  -     -     -     -       -    (-,-) 
  g7553/z            (u)     in_1->z F     unmapped_or2           3   9.6     0    22    1395    (-,-) 
  n_5897             -       -       -     (net)                  -     -     -     -       -    (-,-) 
  g7546/z            (u)     in_1->z F     unmapped_or2           1   3.2     0    17    1411    (-,-) 
  n_5937             -       -       -     (net)                  -     -     -     -       -    (-,-) 
  g8777/z            (u)     in_0->z R     unmapped_complex2      1   3.6     0    17    1428    (-,-) 
  n_5939             -       -       -     (net)                  -     -     -     -       -    (-,-) 
  g8779/z            (u)     in_1->z R     unmapped_complex2      1   0.3     0    14    1442    (-,-) 
  bf_out[13]         -       -       -     (net)                  -     -     -     -       -    (-,-) 
  bf_out[13]         <<<     -       R     (port)                 -     -     -     0    1442    (-,-) 
#------------------------------------------------------------------------------------------------------

(u) : Net has unmapped pin(s).


