============================================================
  Generated by:           Genus(TM) Synthesis Solution 25.11-s095_1
  Generated on:           Jun 13 2026  05:44:36 am
  Module:                 sysarr_32_input_fp_adder
  Library domain:         timing_condition_tt_1p2v_25c
    Domain index:         0
    Technology library:   NangateOpenCellLibrary revision 1.0
  Operating conditions:   typical 
  Interconnect mode:      global
  Area mode:              physical library
============================================================

Timing
--------

Analysis view  Clock Period 
----------------------------
view_1p2_25   clock1 1220.0 


  Analysis    Cost   Critical          Violating 
    View     Group  Path Slack   TNS     Paths   
-------------------------------------------------
view_1p2_25  clock1      -17.0 -954.2        100 
            default   No paths    0.0          0 
-------------------------------------------------
Total                          -954.2        100 
                                                 

Instance Count
--------------
Leaf Instance Count             28494 
Physical Instance count             0 
Sequential Instance Count        1679 
Combinational Instance Count    26815 
Hierarchical Instance Count         7 

Area
----
Cell Area                          52093.594
Physical Cell Area                 0.000
Total Cell Area (Cell+Physical)    52093.594
Net Area                           25.916
Total Area (Cell+Physical+Net)     52119.510

Power
-----
Leakage Power                      451445.261 nW
Dynamic Power                      17819164.732 nW
Total Power                        18270609.993 nW

Max Fanout                         1679 (clk)
Min Fanout                         0 (nRST)
Average Fanout                     1.8
Terms to net ratio                 2.6592
Terms to instance ratio            3.2937
Runtime                            46.495467 seconds
Elapsed Runtime                    50 seconds
Genus peak memory usage            1771.79 
Innovus peak memory usage          no_value 
Hostname                           asicfab.ecn.purdue.edu
