============================================================
  Generated by:           Genus(TM) Synthesis Solution 25.11-s095_1
  Generated on:           Mar 12 2026  05:06:52 am
  Operating conditions:   typical 
  Interconnect mode:      global
  Area mode:              physical library
============================================================

                                Leakage     Internal                          Library 
   Gate    Instances   Area    Power (nW)  Power (nW)          Library         Domain 
--------------------------------------------------------------------------------------
AND2_X1          173  184.072    4503.909   147891.458 NangateOpenCellLibrary       0 
AND2_X2            6    7.980     308.316    10525.801 NangateOpenCellLibrary       0 
AND2_X4            5   11.970     506.223    15404.092 NangateOpenCellLibrary       0 
AND3_X1           11   14.630     291.727     3828.465 NangateOpenCellLibrary       0 
AND3_X2            4    6.384     269.031     6391.155 NangateOpenCellLibrary       0 
AND3_X4            1    2.926     136.673     4553.783 NangateOpenCellLibrary       0 
AND4_X1            6    9.576     161.128      981.983 NangateOpenCellLibrary       0 
AOI211_X1         18   23.940     598.314    14581.157 NangateOpenCellLibrary       0 
AOI211_X2          1    2.394      67.900     1389.267 NangateOpenCellLibrary       0 
AOI21_X1         229  243.656    6147.757   152400.819 NangateOpenCellLibrary       0 
AOI21_X2          40   74.480    2127.453    60825.699 NangateOpenCellLibrary       0 
AOI21_X4           4   13.832     406.493    13610.413 NangateOpenCellLibrary       0 
AOI221_X1         74  118.104    2728.176    69961.037 NangateOpenCellLibrary       0 
AOI221_X4          1    3.458     122.070     5912.975 NangateOpenCellLibrary       0 
AOI222_X1         88  187.264    3717.785    90429.491 NangateOpenCellLibrary       0 
AOI22_X1         457  607.810   13931.071   321244.449 NangateOpenCellLibrary       0 
AOI22_X2           5   11.970     279.409     5132.271 NangateOpenCellLibrary       0 
BUF_X1             1    0.798      21.267      371.163 NangateOpenCellLibrary       0 
CLKBUF_X1          1    0.798      11.214      939.104 NangateOpenCellLibrary       0 
DFFR_X1          114  606.480   10058.465   596945.741 NangateOpenCellLibrary       0 
FA_X1             62  263.872    4495.348   177985.804 NangateOpenCellLibrary       0 
HA_X1             85  226.100    5138.808   160360.284 NangateOpenCellLibrary       0 
INV_X1          1230  654.360   17866.005   395468.242 NangateOpenCellLibrary       0 
INV_X2            31   24.738     927.814    17130.120 NangateOpenCellLibrary       0 
INV_X4             9   11.970     526.333    10988.352 NangateOpenCellLibrary       0 
INV_X8             2    4.788     263.830     4639.469 NangateOpenCellLibrary       0 
MUX2_X1          448  834.176   16131.532   563891.527 NangateOpenCellLibrary       0 
MUX2_X2            5   11.970     356.395    12559.340 NangateOpenCellLibrary       0 
NAND2_X1        1080  861.840   20420.372   432656.492 NangateOpenCellLibrary       0 
NAND2_X2          51   67.830    2248.377    38244.166 NangateOpenCellLibrary       0 
NAND2_X4          10   23.940     747.850    10754.307 NangateOpenCellLibrary       0 
NAND3_X1          41   43.624    1086.998    14872.946 NangateOpenCellLibrary       0 
NAND3_X2           3    5.586     127.129     1922.030 NangateOpenCellLibrary       0 
NAND3_X4           3   10.374     262.137     5961.283 NangateOpenCellLibrary       0 
NAND4_X1          26   34.580     517.705     2503.477 NangateOpenCellLibrary       0 
NAND4_X2           1    2.394      51.650      560.800 NangateOpenCellLibrary       0 
NAND4_X4           1    4.788     112.091     1341.206 NangateOpenCellLibrary       0 
NOR2_X1          535  426.930   11579.848   201028.491 NangateOpenCellLibrary       0 
NOR2_X2           22   29.260     924.505    15710.016 NangateOpenCellLibrary       0 
NOR2_X4            9   21.546     735.147    10683.409 NangateOpenCellLibrary       0 
NOR3_X1           28   29.792     769.798     8878.164 NangateOpenCellLibrary       0 
NOR3_X2            2    3.724     111.560     2048.105 NangateOpenCellLibrary       0 
NOR4_X1           70   93.100    2488.624     6518.918 NangateOpenCellLibrary       0 
NOR4_X2            1    2.394      59.987     1184.679 NangateOpenCellLibrary       0 
OAI211_X1         35   46.550    1175.521    16885.977 NangateOpenCellLibrary       0 
OAI211_X2          1    2.394      44.078      407.477 NangateOpenCellLibrary       0 
OAI21_X1         215  228.760    6185.185   132694.564 NangateOpenCellLibrary       0 
OAI21_X2          23   42.826    1318.623    27915.111 NangateOpenCellLibrary       0 
OAI21_X4           4   13.832     475.163    12525.445 NangateOpenCellLibrary       0 
OAI221_X1         80  127.680    4610.423    63708.526 NangateOpenCellLibrary       0 
OAI221_X4          2    6.916     279.356    11075.611 NangateOpenCellLibrary       0 
OAI222_X1         34   72.352    2122.137    28913.710 NangateOpenCellLibrary       0 
OAI22_X1         291  387.030   12149.835   164209.632 NangateOpenCellLibrary       0 
OAI22_X2           1    2.394      65.758      678.431 NangateOpenCellLibrary       0 
OAI33_X1           4    7.448     184.386     4377.607 NangateOpenCellLibrary       0 
OR2_X1           111  118.104    2529.874    65279.243 NangateOpenCellLibrary       0 
OR2_X2             1    1.330      45.656     1929.981 NangateOpenCellLibrary       0 
OR2_X4             1    2.394      96.102     3652.246 NangateOpenCellLibrary       0 
OR3_X1             4    5.320      95.693     1098.267 NangateOpenCellLibrary       0 
OR4_X1            92  146.832    2588.432     9441.165 NangateOpenCellLibrary       0 
SDFFR_X1          26  172.900    2808.576   181742.810 NangateOpenCellLibrary       0 
XNOR2_X1         547  873.012   19978.772   647724.833 NangateOpenCellLibrary       0 
XNOR2_X2         126  335.160    9208.725   290752.596 NangateOpenCellLibrary       0 
XOR2_X1          367  585.732   13133.364   480314.184 NangateOpenCellLibrary       0 
XOR2_X2           23   55.062    1648.963    57103.268 NangateOpenCellLibrary       0 
--------------------------------------------------------------------------------------
total           6982 9060.226  215088.846  5823642.631                                
                                           Leakage  Leakage   Internal  Internal 
     Type      Instances   Area   Area % Power (nW) Power %  Power (nW)  Power % 
---------------------------------------------------------------------------------
sequential           140  779.380    8.6  12867.041     6.0  778688.551     13.4 
inverter            1272  695.856    7.7  19583.982     9.1  428226.182      7.4 
buffer                 2    1.596    0.0     32.481     0.0    1310.267      0.0 
logic               5568 7583.394   83.7 182605.343    84.9 4615417.630     79.3 
physical_cells         0    0.000    0.0      0.000     0.0       0.000      0.0 
---------------------------------------------------------------------------------
total               6982 9060.226  100.0 215088.846   100.0 5823642.631    100.0 
