Command: report datapath reports/syn_generic/area.datapath.rpt
Warning: '-sort' is not specified. By default, 'report datapath' orders the components based on instance name
============================================================
  Generated by:           Genus(TM) Synthesis Solution 25.11-s095_1
  Generated on:           Mar 11 2026  08:24:24 am
  Module:                 sysarr_n_input_fp_adder_noretime
  Library domain:         timing_condition_tt_1p2v_25c
    Domain index:         0
    Technology library:   NangateOpenCellLibrary revision 1.0
  Operating conditions:   typical 
  Interconnect mode:      global
  Area mode:              physical library
============================================================



Inferred components

                            Operator Signedness          Architecture                    Inputs    Outputs        CellArea LogicLevels 
=======================================================================================================================================
sysarr_n_input_fp_adder_noretime
csa_tree_add_206_78_groupi module:csa_tree_add_206_78_group_4439 
 equation: assign out_0 = (($signed({1'b0,in_1}) + $signed(in_2)) + $signed({1'b0,in_0})); 
                       csa_and_adder        n/a             very_fast                   4x27x27         27          575.47          31 

Related RTL operators:
     add_206_48                    +     signed             very_fast                     28x27         28                          11 
     add_206_78                    +     signed             very_fast                      28x5         27                          13 
=======================================================================================================================================
sysarr_n_input_fp_adder_noretime
inc_add_209_43 module:increment_unsigned_4423_4704 
                           increment   unsigned             very_fast                      26x1         26          188.10          11 
=======================================================================================================================================
Type              CellArea  Percentage
--------------------------------------
datapath modules    763.57        5.92
external muxes        0.00        0.00
others            12145.45       94.08
--------------------------------------
total             12909.02      100.00
