============================================================
  Generated by:           Genus(TM) Synthesis Solution 25.11-s095_1
  Generated on:           May 24 2026  04:04:37 am
  Module:                 sysarr_32_input_fp_adder
  Operating conditions:   typical 
  Interconnect mode:      global
  Area mode:              physical library
============================================================


Path 1: MET (0 ps) Setup Check with Pin aligner_inst_max_l3_n1_r_reg[4]/CK->SE
           View: view_1p2_25
          Group: clock1
     Startpoint: (R) in[17][8]
          Clock: (R) clock1
       Endpoint: (R) aligner_inst_max_l3_n1_r_reg[4]/SE
          Clock: (R) clock1

                     Capture       Launch     
        Clock Edge:+    1000            0     
        Drv Adjust:+       0            0     
       Src Latency:+       0            0     
       Net Latency:+       0 (I)        0 (I) 
           Arrival:=    1000            0     
                                              
             Setup:-      86                  
       Uncertainty:-       0                  
     Required Time:=     914                  
      Launch Clock:-       0                  
       Input Delay:-       1                  
         Data Path:-     913                  
             Slack:=       0                  

Exceptions/Constraints:
  input_delay              1              sysarr_32_input_fp_a_line_21_232_1   

#------------------------------------------------------------------------------------------------------------
#           Timing Point             Flags    Arc   Edge   Cell     Fanout Load Trans Delay Arrival Instance 
#                                                                          (fF)  (ps)  (ps)   (ps)  Location 
#------------------------------------------------------------------------------------------------------------
  in[17][8]                          -       -      R     (arrival)      4  6.9     0     0       1    (-,-) 
  in[17][8]                          -       -      -     (net)          -    -     -     -       -    (-,-) 
  g269348/ZN                         -       A->ZN  F     INV_X1         3  6.4     8    10      11    (-,-) 
  n_10173                            -       -      -     (net)          -    -     -     -       -    (-,-) 
  g268591/ZN                         -       B1->ZN R     OAI21_X2       1  1.9    15    22      34    (-,-) 
  n_10502                            -       -      -     (net)          -    -     -     -       -    (-,-) 
  g268380/ZN                         -       A1->ZN F     NAND3_X1       1  1.7    11    19      53    (-,-) 
  n_10694                            -       -      -     (net)          -    -     -     -       -    (-,-) 
  g267860/ZN                         -       B1->ZN R     AOI21_X1       1  2.0    23    28      81    (-,-) 
  n_11065                            -       -      -     (net)          -    -     -     -       -    (-,-) 
  g267583/ZN                         -       B1->ZN F     OAI21_X1       2  3.5    13    22     103    (-,-) 
  n_11192                            -       -      -     (net)          -    -     -     -       -    (-,-) 
  g267544/ZN                         -       A->ZN  R     INV_X1         1  2.0     8    15     118    (-,-) 
  n_11193                            -       -      -     (net)          -    -     -     -       -    (-,-) 
  g267415/ZN                         -       B1->ZN F     OAI21_X1       1  3.2    12    16     135    (-,-) 
  n_11319                            -       -      -     (net)          -    -     -     -       -    (-,-) 
  g267310/ZN                         -       B2->ZN R     AOI21_X2       5 11.0    39    52     187    (-,-) 
  n_11435                            -       -      -     (net)          -    -     -     -       -    (-,-) 
  g267298/ZN                         -       A->ZN  F     INV_X2         6 11.5    14    21     207    (-,-) 
  n_9955                             -       -      -     (net)          -    -     -     -       -    (-,-) 
  g313673/ZN                         -       B1->ZN R     AOI22_X1       2  3.1    31    50     258    (-,-) 
  n_24075                            -       -      -     (net)          -    -     -     -       -    (-,-) 
  g267081/ZN                         -       A2->ZN F     NAND2_X1       2  3.5    12    23     280    (-,-) 
  n_11646                            -       -      -     (net)          -    -     -     -       -    (-,-) 
  g267000/ZN                         -       B1->ZN R     AOI21_X1       1  2.0    23    29     309    (-,-) 
  n_11711                            -       -      -     (net)          -    -     -     -       -    (-,-) 
  g266998/ZN                         -       A->ZN  F     INV_X1         1  1.8     7    10     318    (-,-) 
  n_11714                            -       -      -     (net)          -    -     -     -       -    (-,-) 
  g266974/ZN                         -       A2->ZN R     NAND3_X1       1  1.9    12    18     336    (-,-) 
  n_11738                            -       -      -     (net)          -    -     -     -       -    (-,-) 
  g266964/ZN                         -       B1->ZN F     AOI21_X1       1  1.8     9    15     351    (-,-) 
  n_11748                            -       -      -     (net)          -    -     -     -       -    (-,-) 
  g266947/ZN                         -       A1->ZN R     OAI22_X1       1  1.9    30    28     379    (-,-) 
  n_11765                            -       -      -     (net)          -    -     -     -       -    (-,-) 
  g109/ZN                            -       B1->ZN F     AOI21_X1       1  1.8    12    19     398    (-,-) 
  n_21017                            -       -      -     (net)          -    -     -     -       -    (-,-) 
  g108/ZN                            -       A->ZN  R     INV_X1         1  3.5    11    19     417    (-,-) 
  n_21018                            -       -      -     (net)          -    -     -     -       -    (-,-) 
  g266878/ZN                         -       A1->ZN R     AND2_X4        7 13.9    12    35     452    (-,-) 
  n_11837                            -       -      -     (net)          -    -     -     -       -    (-,-) 
  g266869/ZN                         -       A->ZN  F     INV_X1         2  4.1     7    12     464    (-,-) 
  n_11836                            -       -      -     (net)          -    -     -     -       -    (-,-) 
  g266839/Z                          -       S->Z   R     MUX2_X1        2  3.1    12    52     516    (-,-) 
  n_11879                            -       -      -     (net)          -    -     -     -       -    (-,-) 
  g266831/ZN                         -       A->ZN  F     INV_X1         2  3.5     6    11     527    (-,-) 
  n_11880                            -       -      -     (net)          -    -     -     -       -    (-,-) 
  g266797/ZN                         -       B1->ZN R     OAI21_X1       2  3.7    28    36     563    (-,-) 
  n_11918                            -       -      -     (net)          -    -     -     -       -    (-,-) 
  g266778/ZN                         -       B1->ZN F     AOI21_X1       1  1.7    11    18     581    (-,-) 
  n_11933                            -       -      -     (net)          -    -     -     -       -    (-,-) 
  g310885/ZN                         -       B2->ZN R     AOI21_X1       1  3.6    30    42     622    (-,-) 
  n_21163                            -       -      -     (net)          -    -     -     -       -    (-,-) 
  g310884/ZN                         -       A2->ZN F     NAND3_X2       7 13.9    25    43     665    (-,-) 
  n_21165                            -       -      -     (net)          -    -     -     -       -    (-,-) 
  g266739/Z                          -       S->Z   R     MUX2_X1        2  3.9    14    63     728    (-,-) 
  n_11975                            -       -      -     (net)          -    -     -     -       -    (-,-) 
  g266735/ZN                         -       A->ZN  F     INV_X1         1  1.8     5     9     737    (-,-) 
  n_11976                            -       -      -     (net)          -    -     -     -       -    (-,-) 
  g266692/ZN                         -       A->ZN  R     AOI21_X1       2  3.8    31    48     785    (-,-) 
  n_12023                            -       -      -     (net)          -    -     -     -       -    (-,-) 
  g266678/ZN                         -       B2->ZN F     OAI21_X1       1  3.2    15    26     812    (-,-) 
  n_12034                            -       -      -     (net)          -    -     -     -       -    (-,-) 
  g266672/ZN                         -       A1->ZN R     NAND3_X2       2  5.2    14    22     833    (-,-) 
  n_12040                            -       -      -     (net)          -    -     -     -       -    (-,-) 
  g266670/ZN                         -       A1->ZN F     NAND2_X1       1  3.2    10    18     851    (-,-) 
  n_12041                            -       -      -     (net)          -    -     -     -       -    (-,-) 
  g266666/ZN                         -       A1->ZN R     NAND2_X2       1  6.6    13    19     870    (-,-) 
  n_12046                            -       -      -     (net)          -    -     -     -       -    (-,-) 
  g266648/ZN                         -       A1->ZN F     NAND3_X4       1  6.0    11    19     889    (-,-) 
  n_12055                            -       -      -     (net)          -    -     -     -       -    (-,-) 
  g266644/ZN                         -       A1->ZN R     NAND2_X4      12 22.7    19    25     914    (-,-) 
  n_12057                            -       -      -     (net)          -    -     -     -       -    (-,-) 
  aligner_inst_max_l3_n1_r_reg[4]/SE <<<     -      R     SDFFR_X1      12    -     -     0     914    (-,-) 
#------------------------------------------------------------------------------------------------------------

Capture clock path:
#-----------------------------------------------------------------------------------------------------------
#           Timing Point             Flags   Arc   Edge   Cell     Fanout Load Trans Delay Arrival Instance 
#                                                                         (fF)  (ps)  (ps)   (ps)  Location 
#-----------------------------------------------------------------------------------------------------------
  clk                                (i)     -     R     (arrival)   1602  0.0     0     0    1000    (-,-) 
  clk                                -       -     -     (net)          -    -     -     -       -    (-,-) 
  clk                                -       -     -     (net)          -    -     -     -       -    (-,-) 
  aligner_inst_max_l3_n1_r_reg[4]/CK <<<     -     R     SDFFR_X1    1602    -     1     0    1000    (-,-) 
#-----------------------------------------------------------------------------------------------------------


