============================================================
  Generated by:           Genus(TM) Synthesis Solution 25.11-s095_1
  Generated on:           Feb 24 2026  10:21:55 am
  Module:                 add_fp16
  Operating conditions:   PVT_1P2V_25C 
  Interconnect mode:      global
  Area mode:              physical library
============================================================


Path 1: MET (0 ps) Late External Delay Assertion at pin fp_out[3]
           View: view_1p2_25
          Group: clock1
     Startpoint: (R) smaller_mantissa_l_reg[4]/CLK
          Clock: (R) clock1
       Endpoint: (F) fp_out[3]
          Clock: (R) clock1

                     Capture       Launch     
        Clock Edge:+    1739            0     
       Src Latency:+       0            0     
       Net Latency:+       0 (I)        0 (I) 
           Arrival:=    1739            0     
                                              
      Output Delay:-       1                  
       Uncertainty:-       0                  
     Required Time:=    1738                  
      Launch Clock:-       0                  
         Data Path:-    1738                  
             Slack:=       0                  

Exceptions/Constraints:
  output_delay              1              add_fp16.sdc_line_17_46_1   

Launch clock path:
#------------------------------------------------------------------------------------------------------
#         Timing Point          Flags   Arc   Edge   Cell     Fanout Load Trans Delay Arrival Instance 
#                                                                    (fF)  (ps)  (ps)   (ps)  Location 
#------------------------------------------------------------------------------------------------------
  clk                           (i)     -     R     (arrival)     39  0.0     1     0       0    (-,-) 
  clk                           -       -     -     (net)          -    -     -     -       -    (-,-) 
  clk                           -       -     -     (net)          -    -     -     -       -    (-,-) 
  smaller_mantissa_l_reg[4]/CLK <<<     -     R     dffrq_1x      39    -     1     0       0    (-,-) 
#------------------------------------------------------------------------------------------------------

#-------------------------------------------------------------------------------------------------------
#         Timing Point          Flags    Arc   Edge   Cell     Fanout Load Trans Delay Arrival Instance 
#                                                                     (fF)  (ps)  (ps)   (ps)  Location 
#-------------------------------------------------------------------------------------------------------
  smaller_mantissa_l_reg[4]/CLK -       -      R     (arrival)     39    -     1     0       0    (-,-) 
  smaller_mantissa_l_reg[4]/Q   -       CLK->Q R     dffrq_1x       2  9.0    60   186     186    (-,-) 
  smaller_mantissa_l[4]         -       -      -     (net)          -    -     -     -       -    (-,-) 
  g35385/X                      -       A->X   F     inv_2x         2  8.5    27    31     217    (-,-) 
  n_25                          -       -      -     (net)          -    -     -     -       -    (-,-) 
  g35382/X                      -       A->X   R     inv_1x         2  8.3    44    39     255    (-,-) 
  n_24                          -       -      -     (net)          -    -     -     -       -    (-,-) 
  g35361__1705/X                -       B->X   F     nand2_2x       2  8.3    30    41     296    (-,-) 
  n_153                         -       -      -     (net)          -    -     -     -       -    (-,-) 
  g35292__7410/X                -       B->X   R     nand2_2x       2  6.2    35    35     331    (-,-) 
  n_194                         -       -      -     (net)          -    -     -     -       -    (-,-) 
  g35193__7098/X                -       C->X   R     and3_1x        1  5.3    36    74     404    (-,-) 
  n_237                         -       -      -     (net)          -    -     -     -       -    (-,-) 
  g35166__6417/X                -       A->X   F     nand2_2x       2 12.6    41    41     445    (-,-) 
  n_300                         -       -      -     (net)          -    -     -     -       -    (-,-) 
  g35147__2883/X                -       A->X   R     nand2_4x       1 11.0    40    34     479    (-,-) 
  n_301                         -       -      -     (net)          -    -     -     -       -    (-,-) 
  g35120__1705/X                -       A->X   F     oai21_4x       5 23.4    61    44     523    (-,-) 
  n_343                         -       -      -     (net)          -    -     -     -       -    (-,-) 
  g35112/X                      -       A->X   R     inv_2x         1  5.4    30    27     550    (-,-) 
  n_335                         -       -      -     (net)          -    -     -     -       -    (-,-) 
  g35101__8428/X                -       A->X   F     nor2_2x        1 10.3    70    42     593    (-,-) 
  n_363                         -       -      -     (net)          -    -     -     -       -    (-,-) 
  g35062__7482/X                -       C->X   R     aoi21_4x       1 13.2    70    64     656    (-,-) 
  n_378                         -       -      -     (net)          -    -     -     -       -    (-,-) 
  g35010__5122/X                -       A->X   R     xnor2_4x       5 17.3    77   101     757    (-,-) 
  n_574                         -       -      -     (net)          -    -     -     -       -    (-,-) 
  g34946__6161/X                -       B->X   F     nand2_2x       3  9.6    50    52     809    (-,-) 
  n_456                         -       -      -     (net)          -    -     -     -       -    (-,-) 
  g34935/X                      -       A->X   R     inv_1x         1  3.6    31    30     840    (-,-) 
  n_457                         -       -      -     (net)          -    -     -     -       -    (-,-) 
  g34904__5115/X                -       C->X   F     oai21_1x       1  3.3    42    41     881    (-,-) 
  n_489                         -       -      -     (net)          -    -     -     -       -    (-,-) 
  g34858__9945/X                -       A->X   R     nand2_1x       3  9.5    80    64     945    (-,-) 
  n_562                         -       -      -     (net)          -    -     -     -       -    (-,-) 
  g34847/X                      -       A->X   F     inv_1x         1  3.3    30    31     976    (-,-) 
  n_541                         -       -      -     (net)          -    -     -     -       -    (-,-) 
  g34824__2398/X                -       A->X   R     nand2_1x       1  5.3    59    42    1018    (-,-) 
  n_589                         -       -      -     (net)          -    -     -     -       -    (-,-) 
  g34798__4319/X                -       A->X   F     nand2_2x       3 11.6    41    46    1063    (-,-) 
  n_704                         -       -      -     (net)          -    -     -     -       -    (-,-) 
  g35502/X                      -       A0->X  F     ao22_1x        2  9.1    44    96    1160    (-,-) 
  n_987                         -       -      -     (net)          -    -     -     -       -    (-,-) 
  g34623__6417/X                -       A1->X  R     aoi22_1x       2  6.6   100    73    1233    (-,-) 
  n_788                         -       -      -     (net)          -    -     -     -       -    (-,-) 
  g34612__2802/X                -       A->X   F     nand2_1x       2  6.7    56    59    1292    (-,-) 
  n_807                         -       -      -     (net)          -    -     -     -       -    (-,-) 
  g34598__1666/X                -       C->X   F     oa21_1x        2  6.3    35    68    1361    (-,-) 
  n_821                         -       -      -     (net)          -    -     -     -       -    (-,-) 
  g34591__5115/X                -       C->X   R     oai21_1x       1  3.2    63    33    1394    (-,-) 
  n_822                         -       -      -     (net)          -    -     -     -       -    (-,-) 
  g34584__3680/X                -       A->X   F     nand3_1x       2  7.9    71    69    1462    (-,-) 
  n_844                         -       -      -     (net)          -    -     -     -       -    (-,-) 
  g34567__2398/X                -       A->X   R     nand2_2x       5 15.2    67    64    1526    (-,-) 
  n_874                         -       -      -     (net)          -    -     -     -       -    (-,-) 
  g34554/X                      -       A->X   F     inv_1x         1  3.2    27    29    1555    (-,-) 
  n_851                         -       -      -     (net)          -    -     -     -       -    (-,-) 
  g34514__8246/X                -       A->X   F     and3_1x        8 24.2    81   107    1662    (-,-) 
  n_903                         -       -      -     (net)          -    -     -     -       -    (-,-) 
  g34503/X                      -       A->X   R     inv_1x         2  6.4    49    47    1709    (-,-) 
  n_914                         -       -      -     (net)          -    -     -     -       -    (-,-) 
  g34502__7410/X                -       A->X   F     nor2_1x        1  0.9    27    29    1738    (-,-) 
  fp_out[3]                     -       -      -     (net)          -    -     -     -       -    (-,-) 
  fp_out[3]                     <<<     -      F     (port)         -    -     -     0    1738    (-,-) 
#-------------------------------------------------------------------------------------------------------


