============================================================
  Generated by:           Genus(TM) Synthesis Solution 25.11-s095_1
  Generated on:           Jun 13 2026  08:17:05 am
  Module:                 sysarr_32_input_fp_adder
  Operating conditions:   typical 
  Interconnect mode:      global
  Area mode:              physical library
============================================================


Path 1: MET (80 ps) Setup Check with Pin aligner_inst_aligned_mant_out_reg[20][2]/clk->d
           View: view_1p2_25
          Group: clock1
     Startpoint: (R) aligner_inst_max_l3_n1_r_reg[4]/clk
          Clock: (R) clock1
       Endpoint: (R) aligner_inst_aligned_mant_out_reg[20][2]/d
          Clock: (R) clock1

                     Capture       Launch     
        Clock Edge:+    1299            0     
       Src Latency:+       0            0     
       Net Latency:+       0 (I)        0 (I) 
           Arrival:=    1299            0     
                                              
             Setup:-      38                  
       Uncertainty:-       0                  
     Required Time:=    1261                  
      Launch Clock:-       0                  
         Data Path:-    1181                  
             Slack:=      80                  

Launch clock path:
#------------------------------------------------------------------------------------------------------------------
#            Timing Point             Flags   Arc   Edge      Cell        Fanout Load Trans Delay Arrival Instance 
#                                                                                (fF)  (ps)  (ps)   (ps)  Location 
#------------------------------------------------------------------------------------------------------------------
  clk                                 (i,u)   -     R     (arrival)         1679  0.0     0     0       0    (-,-) 
  clk                                 -       -     -     (net)                -    -     -     -       -    (-,-) 
  clk                                 -       -     -     (net)                -    -     -     -       -    (-,-) 
  aligner_inst_max_l3_n1_r_reg[4]/clk <<<     -     R     unmapped_d_flop   1679    -     1     0       0    (-,-) 
#------------------------------------------------------------------------------------------------------------------

#------------------------------------------------------------------------------------------------------------------------------
#               Timing Point                 Flags    Arc    Edge       Cell         Fanout  Load Trans Delay Arrival Instance 
#                                                                                            (fF)  (ps)  (ps)   (ps)  Location 
#------------------------------------------------------------------------------------------------------------------------------
  aligner_inst_max_l3_n1_r_reg[4]/clk        -       -       R     (arrival)           1679     -     1     0       0    (-,-) 
  aligner_inst_max_l3_n1_r_reg[4]/q          (u)     clk->q  R     unmapped_d_flop        3  10.8     0   116     116    (-,-) 
  aligner_inst_max_l3_n1_r[4]                -       -       -     (net)                  -     -     -     -       -    (-,-) 
  g161157/z                                  (u)     in_1->z F     unmapped_complex2      2   6.4     0    19     135    (-,-) 
  n_103752                                   -       -       -     (net)                  -     -     -     -       -    (-,-) 
  g203437/z                                  (u)     in_0->z R     unmapped_complex2      1   3.6     0    17     152    (-,-) 
  n_135304                                   -       -       -     (net)                  -     -     -     -       -    (-,-) 
  g202237/z                                  (u)     in_0->z F     unmapped_nand2         1   3.2     0    17     169    (-,-) 
  n_136762                                   -       -       -     (net)                  -     -     -     -       -    (-,-) 
  g201739/z                                  (u)     in_0->z R     unmapped_nand2         1   3.6     0    17     185    (-,-) 
  n_136761                                   -       -       -     (net)                  -     -     -     -       -    (-,-) 
  g201552/z                                  (u)     in_1->z F     unmapped_nand2         1   3.2     0    17     202    (-,-) 
  n_136764                                   -       -       -     (net)                  -     -     -     -       -    (-,-) 
  g201521/z                                  (u)     in_1->z F     unmapped_or2           1   3.2     0    17     218    (-,-) 
  n_136766                                   -       -       -     (net)                  -     -     -     -       -    (-,-) 
  g201474/z                                  (u)     in_1->z R     unmapped_nand2        14  50.4     0    42     260    (-,-) 
  n_97450                                    -       -       -     (net)                  -     -     -     -       -    (-,-) 
  g201416/z                                  (u)     in_1->z F     unmapped_nand2         1   3.2     0    17     277    (-,-) 
  n_105757                                   -       -       -     (net)                  -     -     -     -       -    (-,-) 
  g201412/z                                  (u)     in_1->z R     unmapped_nand2        98 352.8     0    70     347    (-,-) 
  n_97459                                    -       -       -     (net)                  -     -     -     -       -    (-,-) 
  g157428/z                                  (u)     in_1->z R     unmapped_complex2      2   7.2     0    19     366    (-,-) 
  n_102991                                   -       -       -     (net)                  -     -     -     -       -    (-,-) 
  g200201/z                                  (u)     in_0->z F     unmapped_nand2         2   6.4     0    19     385    (-,-) 
  n_97822                                    -       -       -     (net)                  -     -     -     -       -    (-,-) 
  g200071/z                                  (u)     in_1->z R     unmapped_nand2         3  10.8     0    22     407    (-,-) 
  n_97823                                    -       -       -     (net)                  -     -     -     -       -    (-,-) 
  g203575/z                                  (u)     in_0->z R     unmapped_complex2      1   3.6     0    17     423    (-,-) 
  n_104323                                   -       -       -     (net)                  -     -     -     -       -    (-,-) 
  g198268/z                                  (u)     in_0->z F     unmapped_nand2         3   9.6     0    22     445    (-,-) 
  n_97824                                    -       -       -     (net)                  -     -     -     -       -    (-,-) 
  g197533/z                                  (u)     in_1->z R     unmapped_nand2         1   3.6     0    17     462    (-,-) 
  n_104321                                   -       -       -     (net)                  -     -     -     -       -    (-,-) 
  g196833/z                                  (u)     in_0->z F     unmapped_nand2         3   9.6     0    22     483    (-,-) 
  n_97827                                    -       -       -     (net)                  -     -     -     -       -    (-,-) 
  g196546/z                                  (u)     in_1->z R     unmapped_nand2         1   3.6     0    17     500    (-,-) 
  n_104319                                   -       -       -     (net)                  -     -     -     -       -    (-,-) 
  g195959/z                                  (u)     in_0->z F     unmapped_nand2         2   6.4     0    19     519    (-,-) 
  n_97840                                    -       -       -     (net)                  -     -     -     -       -    (-,-) 
  g206583/z                                  (u)     in_0->z F     unmapped_complex2      1   3.2     0    17     535    (-,-) 
  n_106312                                   -       -       -     (net)                  -     -     -     -       -    (-,-) 
  g195709/z                                  (u)     in_1->z R     unmapped_nand2         1   3.6     0    17     552    (-,-) 
  n_97841                                    -       -       -     (net)                  -     -     -     -       -    (-,-) 
  g204437/z                                  (u)     in_0->z F     unmapped_complex2      2   6.4     0    19     571    (-,-) 
  n_97843                                    -       -       -     (net)                  -     -     -     -       -    (-,-) 
  g195607/z                                  (u)     in_1->z F     unmapped_complex2      8  25.6     0    35     606    (-,-) 
  n_97844                                    -       -       -     (net)                  -     -     -     -       -    (-,-) 
  g195258/z                                  (u)     in_0->z R     unmapped_nand2         1   3.6     0    17     623    (-,-) 
  n_97845                                    -       -       -     (net)                  -     -     -     -       -    (-,-) 
  g194914/z                                  (u)     in_1->z R     unmapped_complex2      1   3.6     0    17     639    (-,-) 
  n_106327                                   -       -       -     (net)                  -     -     -     -       -    (-,-) 
  g194307/z                                  (u)     in_1->z F     unmapped_nand2         2   6.4     0    19     658    (-,-) 
  n_97846                                    -       -       -     (net)                  -     -     -     -       -    (-,-) 
  g163229/z                                  (u)     in_1->z R     unmapped_nand2         1   3.6     0    17     675    (-,-) 
  n_104259                                   -       -       -     (net)                  -     -     -     -       -    (-,-) 
  g193046/z                                  (u)     in_1->z F     unmapped_nand2         1   3.2     0    17     692    (-,-) 
  n_134811                                   -       -       -     (net)                  -     -     -     -       -    (-,-) 
  g205155/z                                  (u)     in_1->z F     unmapped_complex2      1   3.2     0    17     708    (-,-) 
  n_134822                                   -       -       -     (net)                  -     -     -     -       -    (-,-) 
  g205231/z                                  (u)     in_1->z F     unmapped_complex2      1   3.2     0    17     725    (-,-) 
  n_134829                                   -       -       -     (net)                  -     -     -     -       -    (-,-) 
  g205270/z                                  (u)     in_1->z F     unmapped_complex2      1   3.2     0    17     742    (-,-) 
  n_134833                                   -       -       -     (net)                  -     -     -     -       -    (-,-) 
  g192043/z                                  (u)     in_0->z F     unmapped_or2           1   3.2     0    17     758    (-,-) 
  n_134835                                   -       -       -     (net)                  -     -     -     -       -    (-,-) 
  g191924/z                                  (u)     in_0->z F     unmapped_or2          62 198.4     0    63     821    (-,-) 
  n_98352                                    -       -       -     (net)                  -     -     -     -       -    (-,-) 
  g191859/z                                  (u)     in_1->z F     unmapped_complex2      6  19.2     0    30     851    (-,-) 
  n_99069                                    -       -       -     (net)                  -     -     -     -       -    (-,-) 
  g191631/z                                  (u)     in_1->z R     unmapped_nand2         1   3.6     0    17     867    (-,-) 
  n_106735                                   -       -       -     (net)                  -     -     -     -       -    (-,-) 
  g191441/z                                  (u)     in_1->z F     unmapped_nand2         5  16.0     0    28     895    (-,-) 
  n_99179                                    -       -       -     (net)                  -     -     -     -       -    (-,-) 
  g205469/z                                  (u)     in_0->z F     unmapped_complex2      1   3.2     0    17     912    (-,-) 
  n_105822                                   -       -       -     (net)                  -     -     -     -       -    (-,-) 
  g191168/z                                  (u)     in_0->z F     unmapped_or2           1   3.2     0    17     928    (-,-) 
  n_105823                                   -       -       -     (net)                  -     -     -     -       -    (-,-) 
  g191010/z                                  (u)     in_1->z F     unmapped_or2           4  12.8     0    24     953    (-,-) 
  n_99181                                    -       -       -     (net)                  -     -     -     -       -    (-,-) 
  g190719/z                                  (u)     in_1->z F     unmapped_or2           3   9.6     0    22     974    (-,-) 
  n_99182                                    -       -       -     (net)                  -     -     -     -       -    (-,-) 
  g205701/z                                  (u)     in_0->z F     unmapped_complex2      2   6.4     0    19     993    (-,-) 
  n_99183                                    -       -       -     (net)                  -     -     -     -       -    (-,-) 
  g205770/z                                  (u)     in_1->z F     unmapped_complex2      4  12.8     0    24    1018    (-,-) 
  n_101716                                   -       -       -     (net)                  -     -     -     -       -    (-,-) 
  g189607/z                                  (u)     in_1->z F     unmapped_or2           2   6.4     0    19    1037    (-,-) 
  n_103561                                   -       -       -     (net)                  -     -     -     -       -    (-,-) 
  g157060/z                                  (u)     in_0->z F     unmapped_or2           3   9.6     0    22    1059    (-,-) 
  n_101745                                   -       -       -     (net)                  -     -     -     -       -    (-,-) 
  g188484/z                                  (u)     in_0->z R     unmapped_nand2        26  93.6     0    51    1109    (-,-) 
  n_101748                                   -       -       -     (net)                  -     -     -     -       -    (-,-) 
  g187772/z                                  (u)     in_0->z R     unmapped_or2           1   3.6     0    17    1126    (-,-) 
  n_109648                                   -       -       -     (net)                  -     -     -     -       -    (-,-) 
  g187131/z                                  (u)     in_1->z F     unmapped_nand2         3   9.6     0    22    1148    (-,-) 
  n_105009                                   -       -       -     (net)                  -     -     -     -       -    (-,-) 
  g206437/z                                  (u)     in_0->z F     unmapped_complex2      1   3.2     0    17    1164    (-,-) 
  n_129874                                   -       -       -     (net)                  -     -     -     -       -    (-,-) 
  g186912/z                                  (u)     in_1->z R     unmapped_complex2      1   3.6     0    17    1181    (-,-) 
  n_101827                                   -       -       -     (net)                  -     -     -     -       -    (-,-) 
  aligner_inst_aligned_mant_out_reg[20][2]/d <<<     -       R     unmapped_d_flop        1     -     -     0    1181    (-,-) 
#------------------------------------------------------------------------------------------------------------------------------

(u) : Net has unmapped pin(s).

Capture clock path:
#---------------------------------------------------------------------------------------------------------------------------
#                Timing Point                  Flags   Arc   Edge      Cell        Fanout Load Trans Delay Arrival Instance 
#                                                                                         (fF)  (ps)  (ps)   (ps)  Location 
#---------------------------------------------------------------------------------------------------------------------------
  clk                                          (i,u)   -     R     (arrival)         1679  0.0     0     0    1299    (-,-) 
  clk                                          -       -     -     (net)                -    -     -     -       -    (-,-) 
  clk                                          -       -     -     (net)                -    -     -     -       -    (-,-) 
  aligner_inst_aligned_mant_out_reg[20][2]/clk <<<     -     R     unmapped_d_flop   1679    -     1     0    1299    (-,-) 
#---------------------------------------------------------------------------------------------------------------------------


