============================================================
  Generated by:           Genus(TM) Synthesis Solution 25.11-s095_1
  Generated on:           Jun 13 2026  08:16:57 am
  Module:                 sysarr_32_input_fp_adder
  Library domain:         timing_condition_tt_1p2v_25c
    Domain index:         0
    Technology library:   NangateOpenCellLibrary revision 1.0
  Operating conditions:   typical 
  Interconnect mode:      global
  Area mode:              physical library
============================================================

# SETUP                  WNS  TNS    FEP 
# -----------------------------------------
 View: ALL              80.0  0.0      0 
    Group : in2out       N/A  N/A    N/A 
    Group : in2reg     120.1  0.0      0 
    Group : reg2out   1189.4  0.0      0 
    Group : reg2reg     80.0  0.0      0 

# -----------------------------------------
# DRV                        WNS  TNS  FEP 
# -------------------------------------------
 View: ALL                                 
    Check: max_transition    N/A  N/A    0 
    Check: max_capacitance   N/A  N/A    0 
    Check: max_fanout        N/A  N/A    0 

# -------------------------------------------
