============================================================
  Generated by:           Genus(TM) Synthesis Solution 25.11-s095_1
  Generated on:           Mar 10 2026  04:00:52 pm
  Operating conditions:   typical 
  Interconnect mode:      global
  Area mode:              physical library
============================================================

                                Leakage    Internal                          Library 
   Gate    Instances   Area   Power (nW)  Power (nW)          Library         Domain 
-------------------------------------------------------------------------------------
AND2_X1           61   64.904   1574.226    61798.038 NangateOpenCellLibrary       0 
AND2_X2            8   10.640    408.062    14849.417 NangateOpenCellLibrary       0 
AND2_X4            1    2.394    110.770     4421.611 NangateOpenCellLibrary       0 
AND3_X1            8   10.640    211.860     4103.327 NangateOpenCellLibrary       0 
AND3_X2            1    1.596     54.623      641.047 NangateOpenCellLibrary       0 
AND3_X4            1    2.926    107.060     3290.420 NangateOpenCellLibrary       0 
AND4_X1            8   12.768    204.632     2621.735 NangateOpenCellLibrary       0 
AND4_X2            3    5.586    145.930       28.660 NangateOpenCellLibrary       0 
AOI211_X1         11   14.630    361.663    20289.869 NangateOpenCellLibrary       0 
AOI21_X1          60   63.840   1757.895    63531.144 NangateOpenCellLibrary       0 
AOI21_X2           6   11.172    326.531    14068.945 NangateOpenCellLibrary       0 
AOI21_X4           4   13.832    444.583    17288.004 NangateOpenCellLibrary       0 
AOI221_X1         36   57.456   1291.524    60635.531 NangateOpenCellLibrary       0 
AOI222_X1         26   55.328    950.836    33106.732 NangateOpenCellLibrary       0 
AOI22_X1         118  156.940   3503.165    94554.225 NangateOpenCellLibrary       0 
AOI22_X2           5   11.970    331.858    17332.995 NangateOpenCellLibrary       0 
CLKBUF_X1          2    1.596     20.428      678.265 NangateOpenCellLibrary       0 
DFFR_X1           56  297.920   4903.850   417926.916 NangateOpenCellLibrary       0 
HA_X1              7   18.620    409.992    21322.860 NangateOpenCellLibrary       0 
INV_X1           342  181.944   4742.240   137179.872 NangateOpenCellLibrary       0 
INV_X16            1    4.522    243.608     7642.465 NangateOpenCellLibrary       0 
INV_X2            17   13.566    510.793    14908.451 NangateOpenCellLibrary       0 
INV_X4             5    6.650    295.716     8966.947 NangateOpenCellLibrary       0 
INV_X8             4    9.576    459.380    11579.611 NangateOpenCellLibrary       0 
MUX2_X1           24   44.688    858.909    40979.797 NangateOpenCellLibrary       0 
MUX2_X2            1    2.394     61.252     4679.673 NangateOpenCellLibrary       0 
NAND2_X1         309  246.582   5416.895   151365.468 NangateOpenCellLibrary       0 
NAND2_X2          21   27.930    891.300    21629.767 NangateOpenCellLibrary       0 
NAND2_X4          10   23.940    863.770    21368.419 NangateOpenCellLibrary       0 
NAND3_X1          35   37.240    748.384    15880.356 NangateOpenCellLibrary       0 
NAND3_X2           4    7.448    262.234     6000.806 NangateOpenCellLibrary       0 
NAND3_X4           3   10.374    264.476    11707.628 NangateOpenCellLibrary       0 
NAND4_X1          22   29.260    907.697    34574.432 NangateOpenCellLibrary       0 
NAND4_X4           1    4.788    272.044     1970.398 NangateOpenCellLibrary       0 
NOR2_X1          120   95.760   2545.372    87215.050 NangateOpenCellLibrary       0 
NOR2_X2            8   10.640    372.373     7804.062 NangateOpenCellLibrary       0 
NOR2_X4            2    4.788    175.166     2986.044 NangateOpenCellLibrary       0 
NOR3_X1           12   12.768    322.623     8306.704 NangateOpenCellLibrary       0 
NOR3_X2            1    1.862     55.800     1392.604 NangateOpenCellLibrary       0 
NOR4_X1           14   18.620    458.641     2949.652 NangateOpenCellLibrary       0 
OAI211_X1         24   31.920    834.802    37763.400 NangateOpenCellLibrary       0 
OAI211_X2          1    2.394     48.872     1576.317 NangateOpenCellLibrary       0 
OAI21_X1          75   79.800   2257.967    75708.973 NangateOpenCellLibrary       0 
OAI21_X2          15   27.930    949.134    33051.591 NangateOpenCellLibrary       0 
OAI21_X4           6   20.748    796.322    24828.196 NangateOpenCellLibrary       0 
OAI221_X1         47   75.012   2693.348    57758.216 NangateOpenCellLibrary       0 
OAI222_X1         41   87.248   2639.763    44733.523 NangateOpenCellLibrary       0 
OAI22_X1          64   85.120   2641.413    57836.438 NangateOpenCellLibrary       0 
OAI22_X2           2    4.788    150.988     6515.244 NangateOpenCellLibrary       0 
OAI22_X4           1    4.522    150.670     7343.309 NangateOpenCellLibrary       0 
OR2_X1            22   23.408    523.302    20901.416 NangateOpenCellLibrary       0 
OR2_X2             3    3.990    146.779     7029.402 NangateOpenCellLibrary       0 
OR2_X4             1    2.394     93.945     1949.872 NangateOpenCellLibrary       0 
OR3_X1             2    2.660     56.628     2038.487 NangateOpenCellLibrary       0 
OR3_X2             1    1.596     49.849     1407.694 NangateOpenCellLibrary       0 
OR4_X1             3    4.788     81.608      820.789 NangateOpenCellLibrary       0 
SDFFR_X1          12   79.800   1293.594    97720.232 NangateOpenCellLibrary       0 
XNOR2_X1          58   92.568   2119.369   121466.887 NangateOpenCellLibrary       0 
XNOR2_X2           5   13.300    376.509    10895.818 NangateOpenCellLibrary       0 
XOR2_X1           13   20.748    433.782    26277.326 NangateOpenCellLibrary       0 
-------------------------------------------------------------------------------------
total           1774 2274.832  56186.808  2091201.074                                
                                           Leakage  Leakage   Internal  Internal 
     Type      Instances   Area   Area % Power (nW) Power %  Power (nW)  Power % 
---------------------------------------------------------------------------------
sequential            68  377.720   16.6   6197.443    11.0  515647.148     24.7 
inverter             369  216.258    9.5   6251.737    11.1  180277.345      8.6 
buffer                 2    1.596    0.1     20.428     0.0     678.265      0.0 
logic               1335 1679.258   73.8  43717.200    77.8 1394598.316     66.7 
physical_cells         0    0.000    0.0      0.000     0.0       0.000      0.0 
---------------------------------------------------------------------------------
total               1774 2274.832  100.0  56186.808   100.0 2091201.074    100.0 
