============================================================
  Generated by:           Genus(TM) Synthesis Solution 25.11-s095_1
  Generated on:           Mar 10 2026  08:39:14 pm
  Module:                 add_bf16_1C
  Library domain:         timing_condition_tt_1p2v_25c
    Domain index:         0
    Technology library:   NangateOpenCellLibrary revision 1.0
  Operating conditions:   typical 
  Interconnect mode:      global
  Area mode:              physical library
============================================================

Timing
--------

Analysis view  Clock Period 
----------------------------
view_1p2_25   clock1 1124.0 


  Analysis    Cost   Critical          Violating 
    View     Group  Path Slack   TNS     Paths   
-------------------------------------------------
view_1p2_25  clock1     -117.9 -413.5          5 
            default   No paths    0.0          0 
-------------------------------------------------
Total                          -413.5          5 
                                                 

Instance Count
--------------
Leaf Instance Count             1179 
Physical Instance count            0 
Sequential Instance Count         33 
Combinational Instance Count    1146 
Hierarchical Instance Count        0 

Area
----
Cell Area                          2009.363
Physical Cell Area                 0.000
Total Cell Area (Cell+Physical)    2009.363
Net Area                           16.197
Total Area (Cell+Physical+Net)     2025.560

Power
-----
Leakage Power                      15279.258 nW
Dynamic Power                      582774.539 nW
Total Power                        598053.797 nW

Max Fanout                         64 (n_1239)
Min Fanout                         0 (n_180)
Average Fanout                     1.9
Terms to net ratio                 2.7489
Terms to instance ratio            3.1383
Runtime                            44.983367 seconds
Elapsed Runtime                    51 seconds
Genus peak memory usage            1717.60 
Innovus peak memory usage          no_value 
Hostname                           asicfab.ecn.purdue.edu
