============================================================
  Generated by:           Genus(TM) Synthesis Solution 25.11-s095_1
  Generated on:           Mar 10 2026  08:39:19 pm
  Module:                 add_bf16_1C
  Operating conditions:   typical 
  Interconnect mode:      global
  Area mode:              physical library
============================================================


Path 1: VIOLATED (-118 ps) Late External Delay Assertion at pin bf_out[14]
           View: view_1p2_25
          Group: clock1
     Startpoint: (R) bf2_in_reg[7]/clk
          Clock: (R) clock1
       Endpoint: (R) bf_out[14]
          Clock: (R) clock1

                     Capture       Launch     
        Clock Edge:+    1124            0     
       Src Latency:+       0            0     
       Net Latency:+       0 (I)        0 (I) 
           Arrival:=    1124            0     
                                              
      Output Delay:-       1                  
       Uncertainty:-       0                  
     Required Time:=    1122                  
      Launch Clock:-       0                  
         Data Path:-    1240                  
             Slack:=    -118                  

Exceptions/Constraints:
  output_delay              1              add_bf16_1C.sdc_line_21_34_1   

Launch clock path:
#------------------------------------------------------------------------------------------------
#   Timing Point    Flags   Arc   Edge      Cell        Fanout Load Trans Delay Arrival Instance 
#                                                              (fF)  (ps)  (ps)   (ps)  Location 
#------------------------------------------------------------------------------------------------
  clk               (i,u)   -     R     (arrival)           33  0.0     0     0       0    (-,-) 
  clk               -       -     -     (net)                -    -     -     -       -    (-,-) 
  clk               -       -     -     (net)                -    -     -     -       -    (-,-) 
  bf2_in_reg[7]/clk <<<     -     R     unmapped_d_flop     33    -     1     0       0    (-,-) 
#------------------------------------------------------------------------------------------------

#-----------------------------------------------------------------------------------------------------
#   Timing Point    Flags    Arc    Edge       Cell         Fanout  Load Trans Delay Arrival Instance 
#                                                                   (fF)  (ps)  (ps)   (ps)  Location 
#-----------------------------------------------------------------------------------------------------
  bf2_in_reg[7]/clk -       -       R     (arrival)             33     -     1     0       0    (-,-) 
  bf2_in_reg[7]/q   (u)     clk->q  F     unmapped_d_flop        8  25.6     0   130     130    (-,-) 
  bf2_in[7]         -       -       -     (net)                  -     -     -     -       -    (-,-) 
  g14073/z          (u)     in_1->z F     unmapped_complex2      3   9.6     0    22     151    (-,-) 
  n_7713            -       -       -     (net)                  -     -     -     -       -    (-,-) 
  g30964/z          (u)     in_1->z F     unmapped_complex2      1   3.2     0    17     168    (-,-) 
  n_7969            -       -       -     (net)                  -     -     -     -       -    (-,-) 
  g30841/z          (u)     in_0->z R     unmapped_nand2         3  10.8     0    22     190    (-,-) 
  n_6165            -       -       -     (net)                  -     -     -     -       -    (-,-) 
  g13023/z          (u)     in_1->z F     unmapped_nand2         1   3.2     0    17     206    (-,-) 
  n_7879            -       -       -     (net)                  -     -     -     -       -    (-,-) 
  g30777/z          (u)     in_0->z R     unmapped_nand2         4  14.4     0    24     231    (-,-) 
  n_6173            -       -       -     (net)                  -     -     -     -       -    (-,-) 
  g30752/z          (u)     in_0->z R     unmapped_complex2      4  14.4     0    24     255    (-,-) 
  n_7651            -       -       -     (net)                  -     -     -     -       -    (-,-) 
  g31112/z          (u)     in_0->z F     unmapped_complex2      1   3.2     0    17     272    (-,-) 
  n_10444           -       -       -     (net)                  -     -     -     -       -    (-,-) 
  g30734/z          (u)     in_1->z R     unmapped_nand2         1   3.6     0    17     288    (-,-) 
  n_10446           -       -       -     (net)                  -     -     -     -       -    (-,-) 
  g30690/z          (u)     in_1->z R     unmapped_or2          34 122.4     0    55     343    (-,-) 
  n_670             -       -       -     (net)                  -     -     -     -       -    (-,-) 
  g30644/z          (u)     in_1->z F     unmapped_complex2      1   3.2     0    17     360    (-,-) 
  n_7989            -       -       -     (net)                  -     -     -     -       -    (-,-) 
  g31127/z          (u)     in_0->z R     unmapped_complex2      1   3.6     0    17     376    (-,-) 
  n_7991            -       -       -     (net)                  -     -     -     -       -    (-,-) 
  g30597/z          (u)     in_1->z R     unmapped_complex2      1   3.6     0    17     393    (-,-) 
  n_7857            -       -       -     (net)                  -     -     -     -       -    (-,-) 
  g31138/z          (u)     in_0->z F     unmapped_complex2      1   3.2     0    17     410    (-,-) 
  n_700             -       -       -     (net)                  -     -     -     -       -    (-,-) 
  g30563/z          (u)     in_1->z R     unmapped_nand2         1   3.6     0    17     426    (-,-) 
  n_9872            -       -       -     (net)                  -     -     -     -       -    (-,-) 
  g30559/z          (u)     in_1->z R     unmapped_or2           3  10.8     0    22     448    (-,-) 
  n_6236            -       -       -     (net)                  -     -     -     -       -    (-,-) 
  g31146/z          (u)     in_0->z R     unmapped_complex2      9  32.4     0    36     484    (-,-) 
  n_717             -       -       -     (net)                  -     -     -     -       -    (-,-) 
  g31148/z          (u)     in_1->z R     unmapped_complex2      2   7.2     0    19     503    (-,-) 
  n_7885            -       -       -     (net)                  -     -     -     -       -    (-,-) 
  g13369/z          (u)     in_1->z F     unmapped_nand2         2   6.4     0    19     522    (-,-) 
  n_7620            -       -       -     (net)                  -     -     -     -       -    (-,-) 
  g30506/z          (u)     in_1->z R     unmapped_nand2         1   3.6     0    17     539    (-,-) 
  n_8036            -       -       -     (net)                  -     -     -     -       -    (-,-) 
  g30504/z          (u)     in_1->z F     unmapped_nand2         8  25.6     0    35     574    (-,-) 
  n_6725            -       -       -     (net)                  -     -     -     -       -    (-,-) 
  g31162/z          (u)     in_1->z R     unmapped_complex2      1   3.6     0    17     591    (-,-) 
  n_7903            -       -       -     (net)                  -     -     -     -       -    (-,-) 
  g30456/z          (u)     in_0->z F     unmapped_nand2         4  12.8     0    24     615    (-,-) 
  n_6796            -       -       -     (net)                  -     -     -     -       -    (-,-) 
  g31171/z          (u)     in_0->z F     unmapped_complex2      1   3.2     0    17     632    (-,-) 
  n_7912            -       -       -     (net)                  -     -     -     -       -    (-,-) 
  g30409/z          (u)     in_0->z R     unmapped_nand2         2   7.2     0    19     651    (-,-) 
  n_6824            -       -       -     (net)                  -     -     -     -       -    (-,-) 
  g31182/z          (u)     in_0->z R     unmapped_complex2      2   7.2     0    19     670    (-,-) 
  n_7796            -       -       -     (net)                  -     -     -     -       -    (-,-) 
  g30372/z          (u)     in_0->z F     unmapped_nand2         2   6.4     0    19     689    (-,-) 
  n_6827            -       -       -     (net)                  -     -     -     -       -    (-,-) 
  g30357/z          (u)     in_0->z R     unmapped_nand2         3  10.8     0    22     711    (-,-) 
  n_7734            -       -       -     (net)                  -     -     -     -       -    (-,-) 
  g30336/z          (u)     in_0->z F     unmapped_nand2         2   6.4     0    19     730    (-,-) 
  n_6831            -       -       -     (net)                  -     -     -     -       -    (-,-) 
  g30317/z          (u)     in_0->z F     unmapped_or2           1   3.2     0    17     746    (-,-) 
  n_8337            -       -       -     (net)                  -     -     -     -       -    (-,-) 
  g30287/z          (u)     in_1->z R     unmapped_nand2         1   3.6     0    17     763    (-,-) 
  n_8338            -       -       -     (net)                  -     -     -     -       -    (-,-) 
  g31212/z          (u)     in_0->z R     unmapped_complex2      1   3.6     0    17     780    (-,-) 
  n_7920            -       -       -     (net)                  -     -     -     -       -    (-,-) 
  g30259/z          (u)     in_1->z F     unmapped_nand2         1   3.2     0    17     796    (-,-) 
  n_8350            -       -       -     (net)                  -     -     -     -       -    (-,-) 
  g31219/z          (u)     in_1->z R     unmapped_complex2     11  39.6     0    39     835    (-,-) 
  mantissa_sum[7]   -       -       -     (net)                  -     -     -     -       -    (-,-) 
  g31220/z          (u)     in_1->z R     unmapped_complex2      1   3.6     0    17     852    (-,-) 
  n_8318            -       -       -     (net)                  -     -     -     -       -    (-,-) 
  g30223/z          (u)     in_1->z F     unmapped_complex2      1   3.2     0    17     868    (-,-) 
  n_7919            -       -       -     (net)                  -     -     -     -       -    (-,-) 
  g31232/z          (u)     in_0->z R     unmapped_complex2      4  14.4     0    24     893    (-,-) 
  n_6142            -       -       -     (net)                  -     -     -     -       -    (-,-) 
  g30157/z          (u)     in_1->z F     unmapped_nand2         3   9.6     0    22     914    (-,-) 
  n_7742            -       -       -     (net)                  -     -     -     -       -    (-,-) 
  g11791/z          (u)     in_0->z R     unmapped_nand2         3  10.8     0    22     936    (-,-) 
  n_7622            -       -       -     (net)                  -     -     -     -       -    (-,-) 
  g30089/z          (u)     in_1->z F     unmapped_nand2         1   3.2     0    17     952    (-,-) 
  n_12925           -       -       -     (net)                  -     -     -     -       -    (-,-) 
  g31069/z          (u)     in_1->z R     unmapped_nand2         1   3.6     0    17     969    (-,-) 
  n_17971           -       -       -     (net)                  -     -     -     -       -    (-,-) 
  g29992/z          (u)     in_1->z R     unmapped_or2           2   7.2     0    19     988    (-,-) 
  n_7871            -       -       -     (net)                  -     -     -     -       -    (-,-) 
  g29991/z          (u)     in_0->z F     unmapped_nand2         4  12.8     0    24    1013    (-,-) 
  n_11663           -       -       -     (net)                  -     -     -     -       -    (-,-) 
  g29972/z          (u)     in_0->z R     unmapped_nand2         1   3.6     0    17    1029    (-,-) 
  n_7872            -       -       -     (net)                  -     -     -     -       -    (-,-) 
  g29955/z          (u)     in_0->z F     unmapped_nand2         2   6.4     0    19    1048    (-,-) 
  n_6302            -       -       -     (net)                  -     -     -     -       -    (-,-) 
  g31301/z          (u)     in_0->z F     unmapped_complex2      1   3.2     0    17    1065    (-,-) 
  n_8102            -       -       -     (net)                  -     -     -     -       -    (-,-) 
  g31302/z          (u)     in_1->z R     unmapped_nand2         2   7.2     0    19    1084    (-,-) 
  n_6325            -       -       -     (net)                  -     -     -     -       -    (-,-) 
  g29942/z          (u)     in_0->z F     unmapped_nand2         1   3.2     0    17    1101    (-,-) 
  n_14270           -       -       -     (net)                  -     -     -     -       -    (-,-) 
  g29934/z          (u)     in_0->z R     unmapped_nand2         3  10.8     0    22    1122    (-,-) 
  n_6346            -       -       -     (net)                  -     -     -     -       -    (-,-) 
  g31323/z          (u)     in_0->z F     unmapped_complex2      1   3.2     0    17    1139    (-,-) 
  n_10070           -       -       -     (net)                  -     -     -     -       -    (-,-) 
  g31324/z          (u)     in_1->z R     unmapped_complex2      2   7.2     0    19    1158    (-,-) 
  n_6370            -       -       -     (net)                  -     -     -     -       -    (-,-) 
  g29918/z          (u)     in_1->z F     unmapped_complex2      1   3.2     0    17    1175    (-,-) 
  n_8119            -       -       -     (net)                  -     -     -     -       -    (-,-) 
  g29911/z          (u)     in_0->z R     unmapped_nand2         2   7.2     0    19    1194    (-,-) 
  n_6382            -       -       -     (net)                  -     -     -     -       -    (-,-) 
  g29908/z          (u)     in_0->z F     unmapped_complex2      1   3.2     0    17    1210    (-,-) 
  n_8127            -       -       -     (net)                  -     -     -     -       -    (-,-) 
  g31317/z          (u)     in_0->z R     unmapped_complex2      1   3.6     0    17    1227    (-,-) 
  n_8129            -       -       -     (net)                  -     -     -     -       -    (-,-) 
  g31319/z          (u)     in_1->z R     unmapped_complex2      1   0.3     0    14    1240    (-,-) 
  bf_out[14]        -       -       -     (net)                  -     -     -     -       -    (-,-) 
  bf_out[14]        <<<     -       R     (port)                 -     -     -     0    1240    (-,-) 
#-----------------------------------------------------------------------------------------------------

(u) : Net has unmapped pin(s).


