============================================================
  Generated by:           Genus(TM) Synthesis Solution 25.11-s095_1
  Generated on:           Jun 12 2026  09:12:53 pm
  Module:                 sysarr_32_input_fp_adder
  Library domain:         timing_condition_tt_1p2v_25c
    Domain index:         0
    Technology library:   NangateOpenCellLibrary revision 1.0
  Operating conditions:   typical 
  Interconnect mode:      global
  Area mode:              physical library
============================================================

Timing
--------

Analysis view  Clock Period 
----------------------------
view_1p2_25   clock1 1031.0 


  Analysis    Cost   Critical             Violating 
    View     Group  Path Slack    TNS       Paths   
----------------------------------------------------
view_1p2_25  clock1     -333.3 -172914.2        894 
            default   No paths       0.0          0 
----------------------------------------------------
Total                          -172914.2        894 
                                                    

Instance Count
--------------
Leaf Instance Count             28865 
Physical Instance count             0 
Sequential Instance Count        1679 
Combinational Instance Count    27186 
Hierarchical Instance Count         7 

Area
----
Cell Area                          52700.946
Physical Cell Area                 0.000
Total Cell Area (Cell+Physical)    52700.946
Net Area                           25.916
Total Area (Cell+Physical+Net)     52726.862

Power
-----
Leakage Power                      455109.308 nW
Dynamic Power                      21115318.895 nW
Total Power                        21570428.203 nW

Max Fanout                         1679 (clk)
Min Fanout                         0 (nRST)
Average Fanout                     1.8
Terms to net ratio                 2.6634
Terms to instance ratio            3.2907
Runtime                            45.501058 seconds
Elapsed Runtime                    49 seconds
Genus peak memory usage            1772.88 
Innovus peak memory usage          no_value 
Hostname                           asicfab.ecn.purdue.edu
