============================================================
  Generated by:           Genus(TM) Synthesis Solution 25.11-s095_1
  Generated on:           Mar 11 2026  12:57:11 am
  Module:                 sysarr_4_input_fp_adder
  Operating conditions:   typical 
  Interconnect mode:      global
  Area mode:              physical library
============================================================


Path 1: MET (90 ps) Setup Check with Pin add_out_reg[22]/clk->d
           View: view_1p2_25
          Group: clock1
     Startpoint: (R) st2_sum_mag_reg[10]/clk
          Clock: (R) clock1
       Endpoint: (R) add_out_reg[22]/d
          Clock: (R) clock1

                     Capture       Launch     
        Clock Edge:+    1124            0     
       Src Latency:+       0            0     
       Net Latency:+       0 (I)        0 (I) 
           Arrival:=    1124            0     
                                              
             Setup:-      38                  
       Uncertainty:-       0                  
     Required Time:=    1086                  
      Launch Clock:-       0                  
         Data Path:-     996                  
             Slack:=      90                  

Launch clock path:
#------------------------------------------------------------------------------------------------------
#      Timing Point       Flags   Arc   Edge      Cell        Fanout Load Trans Delay Arrival Instance 
#                                                                    (fF)  (ps)  (ps)   (ps)  Location 
#------------------------------------------------------------------------------------------------------
  clk                     (i,u)   -     R     (arrival)          136  0.0     0     0       0    (-,-) 
  clk                     -       -     -     (net)                -    -     -     -       -    (-,-) 
  clk                     -       -     -     (net)                -    -     -     -       -    (-,-) 
  st2_sum_mag_reg[10]/clk <<<     -     R     unmapped_d_flop    136    -     1     0       0    (-,-) 
#------------------------------------------------------------------------------------------------------

#----------------------------------------------------------------------------------------------------------
#      Timing Point       Flags    Arc    Edge       Cell         Fanout Load Trans Delay Arrival Instance 
#                                                                        (fF)  (ps)  (ps)   (ps)  Location 
#----------------------------------------------------------------------------------------------------------
  st2_sum_mag_reg[10]/clk -       -       R     (arrival)            136    -     1     0       0    (-,-) 
  st2_sum_mag_reg[10]/q   (u)     clk->q  F     unmapped_d_flop       16 51.2     0   139     139    (-,-) 
  st2_sum_mag[10]         -       -       -     (net)                  -    -     -     -       -    (-,-) 
  g38854/z                (u)     in_1->z F     unmapped_or2           1  3.2     0    17     155    (-,-) 
  n_20006                 -       -       -     (net)                  -    -     -     -       -    (-,-) 
  g38739/z                (u)     in_1->z F     unmapped_or2           1  3.2     0    17     172    (-,-) 
  n_20010                 -       -       -     (net)                  -    -     -     -       -    (-,-) 
  g38684/z                (u)     in_1->z F     unmapped_or2           1  3.2     0    17     188    (-,-) 
  n_20012                 -       -       -     (net)                  -    -     -     -       -    (-,-) 
  g38665/z                (u)     in_1->z F     unmapped_or2          18 57.6     0    45     234    (-,-) 
  n_4087                  -       -       -     (net)                  -    -     -     -       -    (-,-) 
  g38619/z                (u)     in_1->z F     unmapped_complex2      1  3.2     0    17     250    (-,-) 
  n_21323                 -       -       -     (net)                  -    -     -     -       -    (-,-) 
  g38598/z                (u)     in_1->z R     unmapped_complex2      2  7.2     0    19     269    (-,-) 
  n_4091                  -       -       -     (net)                  -    -     -     -       -    (-,-) 
  g38574/z                (u)     in_1->z R     unmapped_or2           1  3.6     0    17     286    (-,-) 
  n_20034                 -       -       -     (net)                  -    -     -     -       -    (-,-) 
  g38570/z                (u)     in_1->z R     unmapped_or2           1  3.6     0    17     303    (-,-) 
  n_20036                 -       -       -     (net)                  -    -     -     -       -    (-,-) 
  g38552/z                (u)     in_1->z R     unmapped_or2          15 54.0     0    43     346    (-,-) 
  n_4084                  -       -       -     (net)                  -    -     -     -       -    (-,-) 
  g39078/z                (u)     in_1->z R     unmapped_complex2      1  3.6     0    17     362    (-,-) 
  n_20048                 -       -       -     (net)                  -    -     -     -       -    (-,-) 
  g38497/z                (u)     in_1->z F     unmapped_complex2      2  6.4     0    19     381    (-,-) 
  n_4110                  -       -       -     (net)                  -    -     -     -       -    (-,-) 
  g38484/z                (u)     in_1->z F     unmapped_or2           1  3.2     0    17     398    (-,-) 
  n_20069                 -       -       -     (net)                  -    -     -     -       -    (-,-) 
  g38446/z                (u)     in_1->z F     unmapped_or2          11 35.2     0    39     437    (-,-) 
  n_4114                  -       -       -     (net)                  -    -     -     -       -    (-,-) 
  g39094/z                (u)     in_0->z R     unmapped_complex2      1  3.6     0    17     453    (-,-) 
  n_20075                 -       -       -     (net)                  -    -     -     -       -    (-,-) 
  g38313/z                (u)     in_1->z F     unmapped_nand2         2  6.4     0    19     472    (-,-) 
  n_18559                 -       -       -     (net)                  -    -     -     -       -    (-,-) 
  g39095/z                (u)     in_1->z R     unmapped_complex2      7 25.2     0    33     505    (-,-) 
  n_4124                  -       -       -     (net)                  -    -     -     -       -    (-,-) 
  g37831/z                (u)     in_1->z R     unmapped_or2           1  3.6     0    17     522    (-,-) 
  n_28773                 -       -       -     (net)                  -    -     -     -       -    (-,-) 
  g37832/z                (u)     in_1->z F     unmapped_nand2         2  6.4     0    19     541    (-,-) 
  n_4370                  -       -       -     (net)                  -    -     -     -       -    (-,-) 
  g37717/z                (u)     in_1->z R     unmapped_nand2         3 10.8     0    22     562    (-,-) 
  n_17145                 -       -       -     (net)                  -    -     -     -       -    (-,-) 
  g37432/z                (u)     in_1->z F     unmapped_nand2         1  3.2     0    17     579    (-,-) 
  n_19742                 -       -       -     (net)                  -    -     -     -       -    (-,-) 
  g37397/z                (u)     in_0->z R     unmapped_nand2         3 10.8     0    22     600    (-,-) 
  n_15958                 -       -       -     (net)                  -    -     -     -       -    (-,-) 
  g37333/z                (u)     in_0->z F     unmapped_nand2         1  3.2     0    17     617    (-,-) 
  n_19751                 -       -       -     (net)                  -    -     -     -       -    (-,-) 
  g37283/z                (u)     in_1->z R     unmapped_nand2         4 14.4     0    24     642    (-,-) 
  n_15980                 -       -       -     (net)                  -    -     -     -       -    (-,-) 
  g37051/z                (u)     in_1->z F     unmapped_nand2         1  3.2     0    17     658    (-,-) 
  n_20087                 -       -       -     (net)                  -    -     -     -       -    (-,-) 
  g39247/z                (u)     in_0->z R     unmapped_complex2      1  3.6     0    17     675    (-,-) 
  n_19746                 -       -       -     (net)                  -    -     -     -       -    (-,-) 
  g36906/z                (u)     in_0->z F     unmapped_nand2         3  9.6     0    22     696    (-,-) 
  n_17254                 -       -       -     (net)                  -    -     -     -       -    (-,-) 
  g36773/z                (u)     in_1->z R     unmapped_nand2         1  3.6     0    17     713    (-,-) 
  n_19750                 -       -       -     (net)                  -    -     -     -       -    (-,-) 
  g36705/z                (u)     in_0->z F     unmapped_nand2         4 12.8     0    24     738    (-,-) 
  n_17260                 -       -       -     (net)                  -    -     -     -       -    (-,-) 
  g36674/z                (u)     in_0->z F     unmapped_complex2      1  3.2     0    17     754    (-,-) 
  n_19748                 -       -       -     (net)                  -    -     -     -       -    (-,-) 
  g39383/z                (u)     in_0->z R     unmapped_complex2      2  7.2     0    19     773    (-,-) 
  n_17272                 -       -       -     (net)                  -    -     -     -       -    (-,-) 
  g36573/z                (u)     in_1->z F     unmapped_complex2     13 41.6     0    41     814    (-,-) 
  n_6867                  -       -       -     (net)                  -    -     -     -       -    (-,-) 
  g36523/z                (u)     in_0->z F     unmapped_complex2      2  6.4     0    19     833    (-,-) 
  n_19344                 -       -       -     (net)                  -    -     -     -       -    (-,-) 
  g36475/z                (u)     in_1->z F     unmapped_or2           5 16.0     0    28     861    (-,-) 
  n_17448                 -       -       -     (net)                  -    -     -     -       -    (-,-) 
  g36381/z                (u)     in_1->z F     unmapped_or2           8 25.6     0    35     896    (-,-) 
  n_7166                  -       -       -     (net)                  -    -     -     -       -    (-,-) 
  g35985/z                (u)     in_1->z F     unmapped_complex2      1  3.2     0    17     912    (-,-) 
  n_20634                 -       -       -     (net)                  -    -     -     -       -    (-,-) 
  g35588/z                (u)     in_1->z R     unmapped_nand2         1  3.6     0    17     929    (-,-) 
  n_20642                 -       -       -     (net)                  -    -     -     -       -    (-,-) 
  g35559/z                (u)     in_1->z R     unmapped_or2           1  3.6     0    17     946    (-,-) 
  n_20646                 -       -       -     (net)                  -    -     -     -       -    (-,-) 
  g35403/z                (u)     in_1->z R     unmapped_or2           1  3.6     0    17     962    (-,-) 
  n_20648                 -       -       -     (net)                  -    -     -     -       -    (-,-) 
  g35298/z                (u)     in_1->z R     unmapped_or2           1  3.6     0    17     979    (-,-) 
  n_18432                 -       -       -     (net)                  -    -     -     -       -    (-,-) 
  g15970/z                (u)     in_0->z R     unmapped_or2           1  3.6     0    17     996    (-,-) 
  n_1514                  -       -       -     (net)                  -    -     -     -       -    (-,-) 
  add_out_reg[22]/d       <<<     -       R     unmapped_d_flop        1    -     -     0     996    (-,-) 
#----------------------------------------------------------------------------------------------------------

(u) : Net has unmapped pin(s).

Capture clock path:
#--------------------------------------------------------------------------------------------------
#    Timing Point     Flags   Arc   Edge      Cell        Fanout Load Trans Delay Arrival Instance 
#                                                                (fF)  (ps)  (ps)   (ps)  Location 
#--------------------------------------------------------------------------------------------------
  clk                 (i,u)   -     R     (arrival)          136  0.0     0     0    1124    (-,-) 
  clk                 -       -     -     (net)                -    -     -     -       -    (-,-) 
  clk                 -       -     -     (net)                -    -     -     -       -    (-,-) 
  add_out_reg[22]/clk <<<     -     R     unmapped_d_flop    136    -     1     0    1124    (-,-) 
#--------------------------------------------------------------------------------------------------


