============================================================
  Generated by:           Genus(TM) Synthesis Solution 25.11-s095_1
  Generated on:           Jan 31 2026  10:54:32 pm
  Operating conditions:   PVT_1P2V_25C 
  Interconnect mode:      global
  Area mode:              physical library
============================================================

                                Leakage    Internal                              Library 
   Gate    Instances   Area   Power (nW)  Power (nW)           Library            Domain 
-----------------------------------------------------------------------------------------
addh_1x            8   83.968     57.097   21654.163 MITLL90_STDLIB_8T.tt1p2v25c       0 
and2_1x           24  100.762     81.137   26883.672 MITLL90_STDLIB_8T.tt1p2v25c       0 
and2_2x            2   10.496     11.030    5176.597 MITLL90_STDLIB_8T.tt1p2v25c       0 
and2_4x            1    7.347      8.545    4021.416 MITLL90_STDLIB_8T.tt1p2v25c       0 
and3_1x           10   62.976     35.225    7940.003 MITLL90_STDLIB_8T.tt1p2v25c       0 
ao21_1x           15   78.720     58.492   34830.655 MITLL90_STDLIB_8T.tt1p2v25c       0 
ao22_1x            6   44.083     22.398    7375.442 MITLL90_STDLIB_8T.tt1p2v25c       0 
aoi21_1x          35  146.944     65.337   37344.764 MITLL90_STDLIB_8T.tt1p2v25c       0 
aoi21_2x           5   36.736     16.109    5010.101 MITLL90_STDLIB_8T.tt1p2v25c       0 
aoi21_4x           3   40.934     25.189   15054.892 MITLL90_STDLIB_8T.tt1p2v25c       0 
aoi22_1x          38  199.424     74.394   33101.988 MITLL90_STDLIB_8T.tt1p2v25c       0 
aoi22_2x           3   31.488     11.659    8386.903 MITLL90_STDLIB_8T.tt1p2v25c       0 
buf_1x             6   18.893     16.780    8468.656 MITLL90_STDLIB_8T.tt1p2v25c       0 
buf_2x             1    4.198      5.386    1563.752 MITLL90_STDLIB_8T.tt1p2v25c       0 
dffrq_1x          16  268.698    109.314  143058.929 MITLL90_STDLIB_8T.tt1p2v25c       0 
inv_1x           112  235.110    195.574   39435.711 MITLL90_STDLIB_8T.tt1p2v25c       0 
inv_2x            11   34.637     41.697    8802.451 MITLL90_STDLIB_8T.tt1p2v25c       0 
inv_4x             1    5.248      7.435    1036.934 MITLL90_STDLIB_8T.tt1p2v25c       0 
mux2_1x            6   44.083     22.090   11248.879 MITLL90_STDLIB_8T.tt1p2v25c       0 
muxi2_1x          14   88.166     28.579    8773.745 MITLL90_STDLIB_8T.tt1p2v25c       0 
nand2_1x          69  217.267     90.815   27296.921 MITLL90_STDLIB_8T.tt1p2v25c       0 
nand2_2x          13   68.224     35.103   14505.530 MITLL90_STDLIB_8T.tt1p2v25c       0 
nand2_4x           1    9.446      8.985    3045.144 MITLL90_STDLIB_8T.tt1p2v25c       0 
nand3_1x          40  167.936     37.309   14900.465 MITLL90_STDLIB_8T.tt1p2v25c       0 
nand3_2x           2   16.794      8.160    3867.616 MITLL90_STDLIB_8T.tt1p2v25c       0 
nor2_1x           37  116.506     47.262   13923.607 MITLL90_STDLIB_8T.tt1p2v25c       0 
nor2_2x            1    5.248      1.773     727.785 MITLL90_STDLIB_8T.tt1p2v25c       0 
nor2_4x            2   18.893     12.461    5740.199 MITLL90_STDLIB_8T.tt1p2v25c       0 
nor3_1x           18   75.571     12.896    4122.418 MITLL90_STDLIB_8T.tt1p2v25c       0 
nor3_2x            1    8.397      3.367      40.028 MITLL90_STDLIB_8T.tt1p2v25c       0 
oa21_1x           16   83.968     66.102   26962.620 MITLL90_STDLIB_8T.tt1p2v25c       0 
oa21_2x            1    6.298      4.904     189.012 MITLL90_STDLIB_8T.tt1p2v25c       0 
oa22_1x            3   22.042     10.831    4177.867 MITLL90_STDLIB_8T.tt1p2v25c       0 
oai21_1x          55  230.912    148.019   58146.769 MITLL90_STDLIB_8T.tt1p2v25c       0 
oai21_2x           6   44.083     24.247    9599.043 MITLL90_STDLIB_8T.tt1p2v25c       0 
oai21_4x           4   54.579     38.770   15724.711 MITLL90_STDLIB_8T.tt1p2v25c       0 
oai22_1x          24  125.952     56.975   22435.597 MITLL90_STDLIB_8T.tt1p2v25c       0 
oai22_2x           2   20.992      8.012    4614.133 MITLL90_STDLIB_8T.tt1p2v25c       0 
or2_1x            18   75.571     45.467   14710.080 MITLL90_STDLIB_8T.tt1p2v25c       0 
or2_2x             1    5.248      4.693    3449.050 MITLL90_STDLIB_8T.tt1p2v25c       0 
or3_1x             3   18.893      5.173     492.622 MITLL90_STDLIB_8T.tt1p2v25c       0 
sdffrq_1x         14  293.888    116.914  139768.170 MITLL90_STDLIB_8T.tt1p2v25c       0 
xnor2_1x          13   95.514     50.207   19806.305 MITLL90_STDLIB_8T.tt1p2v25c       0 
xnor2_4x           5   83.968     50.305   29234.953 MITLL90_STDLIB_8T.tt1p2v25c       0 
xor2_1x            7   51.430     26.876    9774.362 MITLL90_STDLIB_8T.tt1p2v25c       0 
xor2_2x            2   20.992     11.825    6839.754 MITLL90_STDLIB_8T.tt1p2v25c       0 
-----------------------------------------------------------------------------------------
total            675 3481.523   1820.920  883264.416                                     
                                           Leakage  Leakage  Internal  Internal 
     Type      Instances   Area   Area % Power (nW) Power % Power (nW)  Power % 
--------------------------------------------------------------------------------
sequential            30  562.586   16.2    226.228    12.4 282827.099     32.0 
inverter             124  274.995    7.9    244.707    13.4  49275.096      5.6 
buffer                 7   23.091    0.7     22.166     1.2  10032.408      1.1 
logic                514 2620.851   75.3   1327.819    72.9 541129.813     61.3 
physical_cells         0    0.000    0.0      0.000     0.0      0.000      0.0 
--------------------------------------------------------------------------------
total                675 3481.523  100.0   1820.920   100.0 883264.416    100.0 
