============================================================
  Generated by:           Genus(TM) Synthesis Solution 25.11-s095_1
  Generated on:           Jan 31 2026  10:54:19 pm
  Module:                 add_bf16
  Operating conditions:   PVT_1P2V_25C 
  Interconnect mode:      global
  Area mode:              physical library
============================================================

Timing
--------

Analysis view  Clock Period 
----------------------------
view_1p2_25   clock1 1786.0 


  Analysis    Cost   Critical        Violating 
    View     Group  Path Slack  TNS    Paths   
-----------------------------------------------
view_1p2_25  clock1        0.7  0.0          0 
            default   No paths  0.0          0 
-----------------------------------------------
Total                          -0.0          0 
                                               

Instance Count
--------------
Leaf Instance Count             675 
Physical Instance count           0 
Sequential Instance Count        30 
Combinational Instance Count    645 
Hierarchical Instance Count       0 

Area
----
Cell Area                          3481.523
Physical Cell Area                 0.000
Total Cell Area (Cell+Physical)    3481.523
Net Area                           2262.741
Total Area (Cell+Physical+Net)     5744.264

Power
-----
Leakage Power                      1820.920 nW
Dynamic Power                      2140180.273 nW
Total Power                        2142001.194 nW

Max Fanout                         30 (clk)
Min Fanout                         0 (nRST)
Average Fanout                     2.3
Terms to net ratio                 3.2720
Terms to instance ratio            3.4756
Runtime                            57.994446 seconds
Elapsed Runtime                    64 seconds
Genus peak memory usage            2056.03 
Innovus peak memory usage          no_value 
Hostname                           asicfab.ecn.purdue.edu
