============================================================
  Generated by:           Genus(TM) Synthesis Solution 25.11-s095_1
  Generated on:           Mar 11 2026  03:03:00 am
  Operating conditions:   typical 
  Interconnect mode:      global
  Area mode:              physical library
============================================================

                                Leakage    Internal                          Library 
   Gate    Instances   Area   Power (nW)  Power (nW)          Library         Domain 
-------------------------------------------------------------------------------------
AND2_X1           41   43.624   1067.328    50798.353 NangateOpenCellLibrary       0 
AND2_X2            3    3.990    153.975    11188.672 NangateOpenCellLibrary       0 
AND2_X4            1    2.394    108.969     5227.071 NangateOpenCellLibrary       0 
AND3_X1           10   13.300    265.060     8338.347 NangateOpenCellLibrary       0 
AND3_X2            1    1.596     53.136     3204.232 NangateOpenCellLibrary       0 
AND4_X1            7   11.172    164.414     1771.160 NangateOpenCellLibrary       0 
AOI211_X1          2    2.660     66.306     3453.698 NangateOpenCellLibrary       0 
AOI21_X1          68   72.352   1792.392   103088.194 NangateOpenCellLibrary       0 
AOI21_X2           7   13.034    406.552    11880.116 NangateOpenCellLibrary       0 
AOI21_X4           3   10.374    376.507     7276.202 NangateOpenCellLibrary       0 
AOI221_X1         40   63.840   1404.858    77406.358 NangateOpenCellLibrary       0 
AOI221_X4          1    3.458    117.323    10521.343 NangateOpenCellLibrary       0 
AOI222_X1         17   36.176    670.133    39917.795 NangateOpenCellLibrary       0 
AOI22_X1         148  196.840   4486.885   171378.758 NangateOpenCellLibrary       0 
AOI22_X2           3    7.182    193.528     4867.939 NangateOpenCellLibrary       0 
BUF_X8             1    3.458    173.509    11798.415 NangateOpenCellLibrary       0 
DFFR_X1          131  696.920  11554.302  1425246.016 NangateOpenCellLibrary       0 
FA_X1             34  144.704   2572.774   196193.236 NangateOpenCellLibrary       0 
HA_X1             57  151.620   3403.481   233738.523 NangateOpenCellLibrary       0 
INV_X1           302  160.664   4442.673   185751.726 NangateOpenCellLibrary       0 
INV_X2            11    8.778    335.287     9295.758 NangateOpenCellLibrary       0 
INV_X4             2    2.660    113.856     3661.513 NangateOpenCellLibrary       0 
INV_X8             4    9.576    498.012     8083.692 NangateOpenCellLibrary       0 
MUX2_X1          245  456.190   8934.310   598030.652 NangateOpenCellLibrary       0 
NAND2_X1         171  136.458   3034.847   110627.197 NangateOpenCellLibrary       0 
NAND2_X2          10   13.300    411.957    13081.414 NangateOpenCellLibrary       0 
NAND2_X4           4    9.576    166.461     4913.312 NangateOpenCellLibrary       0 
NAND3_X1          14   14.896    247.108     7331.988 NangateOpenCellLibrary       0 
NAND3_X2           2    3.724     70.755     2323.065 NangateOpenCellLibrary       0 
NAND4_X1          12   15.960    205.158     3539.876 NangateOpenCellLibrary       0 
NAND4_X2           1    2.394     21.805     1662.794 NangateOpenCellLibrary       0 
NOR2_X1          128  102.144   2699.146   102638.896 NangateOpenCellLibrary       0 
NOR2_X2            8   10.640    328.238    12455.696 NangateOpenCellLibrary       0 
NOR2_X4            3    7.182    281.961     3924.248 NangateOpenCellLibrary       0 
NOR3_X1           12   12.768    346.636     7921.018 NangateOpenCellLibrary       0 
NOR3_X2            1    1.862     51.690     2202.762 NangateOpenCellLibrary       0 
NOR4_X1           27   35.910    879.157     8307.228 NangateOpenCellLibrary       0 
OAI211_X1          5    6.650    127.643     7728.233 NangateOpenCellLibrary       0 
OAI211_X2          1    2.394     31.790     3060.392 NangateOpenCellLibrary       0 
OAI21_X1          61   64.904   1880.269    84043.011 NangateOpenCellLibrary       0 
OAI21_X2          14   26.068    764.344    27209.227 NangateOpenCellLibrary       0 
OAI21_X4           2    6.916    246.873     6597.103 NangateOpenCellLibrary       0 
OAI221_X1         17   27.132   1051.141    28329.142 NangateOpenCellLibrary       0 
OAI222_X1         15   31.920    931.926    28212.768 NangateOpenCellLibrary       0 
OAI22_X1          78  103.740   3177.886   100907.470 NangateOpenCellLibrary       0 
OAI33_X1           3    5.586    146.467     4676.880 NangateOpenCellLibrary       0 
OR2_X1            34   36.176    794.866    51061.285 NangateOpenCellLibrary       0 
OR3_X1             1    1.330     26.418      197.420 NangateOpenCellLibrary       0 
OR4_X1             7   11.172    195.546     1289.606 NangateOpenCellLibrary       0 
SDFFR_X1           5   33.250    540.463    67315.968 NangateOpenCellLibrary       0 
XNOR2_X1          59   94.164   2212.139   130252.364 NangateOpenCellLibrary       0 
XNOR2_X2           1    2.660     78.836     4464.404 NangateOpenCellLibrary       0 
XOR2_X1           95  151.620   3411.649   235844.426 NangateOpenCellLibrary       0 
XOR2_X2            2    4.788    140.054    10236.970 NangateOpenCellLibrary       0 
-------------------------------------------------------------------------------------
total           1932 3093.846  67858.799  4254473.932                                
                                           Leakage  Leakage   Internal  Internal 
     Type      Instances   Area   Area % Power (nW) Power %  Power (nW)  Power % 
---------------------------------------------------------------------------------
sequential           136  730.170   23.6  12094.765    17.8 1492561.984     35.1 
inverter             319  181.678    5.9   5389.829     7.9  206792.689      4.9 
buffer                 1    3.458    0.1    173.509     0.3   11798.415      0.3 
logic               1476 2178.540   70.4  50200.697    74.0 2543320.845     59.8 
physical_cells         0    0.000    0.0      0.000     0.0       0.000      0.0 
---------------------------------------------------------------------------------
total               1932 3093.846  100.0  67858.799   100.0 4254473.932    100.0 
