Command: report datapath reports/syn_generic/area.datapath.rpt
Warning: '-sort' is not specified. By default, 'report datapath' orders the components based on instance name
============================================================
  Generated by:           Genus(TM) Synthesis Solution 25.11-s095_1
  Generated on:           May 24 2026  06:11:26 am
  Module:                 sysarr_32_input_fp_adder
  Library domain:         timing_condition_tt_1p2v_25c
    Domain index:         0
    Technology library:   NangateOpenCellLibrary revision 1.0
  Operating conditions:   typical 
  Interconnect mode:      global
  Area mode:              physical library
============================================================



Inferred components

                            Operator Signedness          Architecture                    Inputs    Outputs        CellArea LogicLevels 
=======================================================================================================================================
sysarr_32_input_fp_adder
SUB_UNS_OP module:sub_unsigned_14066 
                                   -   unsigned             very_fast                      1x33         33          247.09          14 
=======================================================================================================================================
sysarr_32_input_fp_adder
WALLACE_CSA_DUMMY_OP_groupi module:WALLACE_CSA_DUMMY_OP_group_15153 
 equation: assign out_0 = (((in_2 + in_3) + in_1) + in_0); 
                       csa_and_adder        n/a             very_fast               33x33x33x33         33         1490.48          30 

Related RTL operators:
adder_tree_inst                    +   unsigned             very_fast                     33x33         33                          13 
_add_161_30                                                                                                                            
adder_tree_inst                    +   unsigned             very_fast                     33x33         33                          13 
_add_161_40                                                                                                                            
adder_tree_inst                    +   unsigned             very_fast                     33x33         33                          13 
_add_161_50                                                                                                                            
=======================================================================================================================================
sysarr_32_input_fp_adder
adder_tree_inst_add_133_30 module:add_signed_rtlopto_model_25056 
                                   +     signed             very_fast                     30x30         33          564.31          37 
=======================================================================================================================================
sysarr_32_input_fp_adder
adder_tree_inst_add_135_30 module:add_signed_rtlopto_model_25056 
                                   +     signed             very_fast                     30x30         33          564.31          37 
=======================================================================================================================================
sysarr_32_input_fp_adder
adder_tree_inst_add_137_30 module:add_signed_rtlopto_model_25056 
                                   +     signed             very_fast                     30x30         33          564.31          37 
=======================================================================================================================================
sysarr_32_input_fp_adder
adder_tree_inst_add_139_30 module:add_signed_rtlopto_model_25056 
                                   +     signed             very_fast                     30x30         33          564.31          37 
=======================================================================================================================================
sysarr_32_input_fp_adder
csa_tree_ADD_TC_OP_3_groupi module:csa_tree_ADD_TC_OP_3_group_2 
 equation: assign out_0 = ((($signed(in_2) + $signed(in_3)) + $signed(in_1)) + $signed(in_0)); 
                       csa_and_adder        n/a             very_fast               28x28x28x28         33         1292.82          40 

Related RTL operators:
adder_tree_inst                    +   unsigned             very_fast                     33x33         33                          13 
_add_47_31                                                                                                                             
=======================================================================================================================================
sysarr_32_input_fp_adder
csa_tree_ADD_TC_OP_3_groupi7565 module:csa_tree_ADD_TC_OP_3_group_2 
 equation: assign out_0 = ((($signed(in_2) + $signed(in_3)) + $signed(in_1)) + $signed(in_0)); 
                       csa_and_adder        n/a             very_fast               28x28x28x28         33         1292.82          40 

Related RTL operators:
adder_tree_inst                    +   unsigned             very_fast                     33x33         33                          13 
_add_43_31                                                                                                                             
=======================================================================================================================================
sysarr_32_input_fp_adder
csa_tree_ADD_TC_OP_3_groupi7566 module:csa_tree_ADD_TC_OP_3_group_2 
 equation: assign out_0 = ((($signed(in_2) + $signed(in_3)) + $signed(in_1)) + $signed(in_0)); 
                       csa_and_adder        n/a             very_fast               28x28x28x28         33         1292.82          40 

Related RTL operators:
adder_tree_inst                    +   unsigned             very_fast                     33x33         33                          13 
_add_39_31                                                                                                                             
=======================================================================================================================================
sysarr_32_input_fp_adder
csa_tree_ADD_TC_OP_3_groupi7567 module:csa_tree_ADD_TC_OP_3_group_2 
 equation: assign out_0 = ((($signed(in_2) + $signed(in_3)) + $signed(in_1)) + $signed(in_0)); 
                       csa_and_adder        n/a             very_fast               28x28x28x28         33         1292.82          40 

Related RTL operators:
adder_tree_inst                    +   unsigned             very_fast                     33x33         33                          13 
_add_35_30                                                                                                                             
=======================================================================================================================================
sysarr_32_input_fp_adder
csa_tree_ADD_TC_OP_3_groupi7568 module:csa_tree_ADD_TC_OP_3_group_2 
 equation: assign out_0 = ((($signed(in_2) + $signed(in_3)) + $signed(in_1)) + $signed(in_0)); 
                       csa_and_adder        n/a             very_fast               28x28x28x28         33         1292.82          40 

Related RTL operators:
adder_tree_inst                    +   unsigned             very_fast                     33x33         33                          13 
_add_31_30                                                                                                                             
=======================================================================================================================================
sysarr_32_input_fp_adder
csa_tree_ADD_TC_OP_3_groupi7569 module:csa_tree_ADD_TC_OP_3_group_2 
 equation: assign out_0 = ((($signed(in_2) + $signed(in_3)) + $signed(in_1)) + $signed(in_0)); 
                       csa_and_adder        n/a             very_fast               28x28x28x28         33         1292.82          40 

Related RTL operators:
adder_tree_inst                    +   unsigned             very_fast                     33x33         33                          13 
_add_27_29                                                                                                                             
=======================================================================================================================================
sysarr_32_input_fp_adder
csa_tree_ADD_TC_OP_3_groupi7570 module:csa_tree_ADD_TC_OP_3_group_2 
 equation: assign out_0 = ((($signed(in_2) + $signed(in_3)) + $signed(in_1)) + $signed(in_0)); 
                       csa_and_adder        n/a             very_fast               28x28x28x28         33         1292.82          40 

Related RTL operators:
adder_tree_inst                    +   unsigned             very_fast                     33x33         33                          13 
_add_23_29                                                                                                                             
=======================================================================================================================================
sysarr_32_input_fp_adder
csa_tree_ADD_TC_OP_3_groupi7571 module:csa_tree_ADD_TC_OP_3_group_2 
 equation: assign out_0 = ((($signed(in_2) + $signed(in_3)) + $signed(in_1)) + $signed(in_0)); 
                       csa_and_adder        n/a             very_fast               28x28x28x28         33         1292.82          40 

Related RTL operators:
adder_tree_inst                    +   unsigned             very_fast                     33x33         33                          13 
_add_19_29                                                                                                                             
=======================================================================================================================================
sysarr_32_input_fp_adder
dec_sub_152_43 module:decrement_unsigned_14838_16650 
                                  -1   unsigned             very_fast                      33x1         33          197.67          13 
=======================================================================================================================================
sysarr_32_input_fp_adder
inc_add_215_76 module:increment_unsigned_24410_24850 
                           increment   unsigned             very_fast                      23x1         24          180.13          10 
=======================================================================================================================================
sysarr_32_input_fp_adder
sll_174_36 module:shift_left_vlog_unsigned_10310 
                                  <<        n/a      very_fast/barrel                      33x6         33          690.25          12 
=======================================================================================================================================
Type              CellArea  Percentage
--------------------------------------
datapath modules  15405.38       28.26
external muxes        0.00        0.00
others            39115.23       71.74
--------------------------------------
total             54520.61      100.00
