============================================================
  Generated by:           Genus(TM) Synthesis Solution 25.11-s095_1
  Generated on:           Feb 01 2026  02:08:05 am
  Module:                 add_fp16
  Operating conditions:   PVT_1P2V_25C 
  Interconnect mode:      global
  Area mode:              physical library
============================================================

Timing
--------

Analysis view  Clock Period 
----------------------------
view_1p2_25   clock1 1667.0 


  Analysis    Cost   Critical        Violating 
    View     Group  Path Slack  TNS    Paths   
-----------------------------------------------
view_1p2_25  clock1        0.0  0.0          0 
            default   No paths  0.0          0 
-----------------------------------------------
Total                          -0.0          0 
                                               

Instance Count
--------------
Leaf Instance Count             885 
Physical Instance count           0 
Sequential Instance Count        39 
Combinational Instance Count    846 
Hierarchical Instance Count       0 

Area
----
Cell Area                          4450.304
Physical Cell Area                 0.000
Total Cell Area (Cell+Physical)    4450.304
Net Area                           2889.787
Total Area (Cell+Physical+Net)     7340.091

Power
-----
Leakage Power                      2423.289 nW
Dynamic Power                      3120418.235 nW
Total Power                        3122841.525 nW

Max Fanout                         39 (clk)
Min Fanout                         0 (nRST)
Average Fanout                     2.3
Terms to net ratio                 3.2470
Terms to instance ratio            3.4011
Runtime                            48.993327 seconds
Elapsed Runtime                    54 seconds
Genus peak memory usage            1869.54 
Innovus peak memory usage          no_value 
Hostname                           asicfab.ecn.purdue.edu
