============================================================
  Generated by:           Genus(TM) Synthesis Solution 25.11-s095_1
  Generated on:           Feb 01 2026  02:08:05 am
  Module:                 add_fp16
  Operating conditions:   PVT_1P2V_25C 
  Interconnect mode:      global
  Area mode:              physical library
============================================================

# SETUP                  WNS   TNS  FEP 
# ----------------------------------------
 View: ALL               0.0   0.0    0 
    Group : in2out    1437.0   0.0    0 
    Group : in2reg       0.5   0.0    0 
    Group : reg2out      0.0   0.0    0 
    Group : reg2reg   1003.9   0.0    0 

 View: view_1p2_25       0.0  -0.0    0 
    Group : in2out    1437.0   0.0    0 
    Group : in2reg       0.5   0.0    0 
    Group : reg2out      0.0   0.0    0 
    Group : reg2reg   1003.9   0.0    0 

# ----------------------------------------
# DRV                        WNS  TNS  FEP 
# -------------------------------------------
 View: ALL                                 
    Check: max_transition    N/A  N/A    0 
    Check: max_capacitance   N/A  N/A    0 
    Check: max_fanout        N/A  N/A    0 

 View: view_1p2_25                         
    Check: max_transition    N/A  N/A    0 
    Check: max_capacitance   N/A  N/A    0 
    Check: max_fanout        N/A  N/A    0 

# -------------------------------------------
