============================================================
  Generated by:           Genus(TM) Synthesis Solution 25.11-s095_1
  Generated on:           May 25 2026  01:48:45 am
  Operating conditions:   typical 
  Interconnect mode:      global
  Area mode:              physical library
============================================================

                                 Leakage      Internal                          Library 
   Gate    Instances    Area    Power (nW)   Power (nW)          Library         Domain 
----------------------------------------------------------------------------------------
AND2_X1          584   621.376   14867.766    721358.089 NangateOpenCellLibrary       0 
AND2_X2           90   119.700    4886.559    368565.140 NangateOpenCellLibrary       0 
AND2_X4            7    16.758     721.823     53343.317 NangateOpenCellLibrary       0 
AND3_X1           42    55.860    1147.888     37199.158 NangateOpenCellLibrary       0 
AND3_X2            9    14.364     577.997     36065.563 NangateOpenCellLibrary       0 
AND3_X4            3     8.778     326.878     30939.555 NangateOpenCellLibrary       0 
AND4_X1           28    44.688     745.726     13616.844 NangateOpenCellLibrary       0 
AND4_X2            2     3.724      96.359      1580.655 NangateOpenCellLibrary       0 
AOI211_X1         19    25.270     590.687     22701.289 NangateOpenCellLibrary       0 
AOI21_X1         373   396.872   10393.658    525755.528 NangateOpenCellLibrary       0 
AOI21_X2         115   214.130    6125.245    395137.805 NangateOpenCellLibrary       0 
AOI21_X4          18    62.244    1747.674    143569.493 NangateOpenCellLibrary       0 
AOI221_X1         29    46.284    1210.620     49109.143 NangateOpenCellLibrary       0 
AOI222_X1         19    40.432     807.605     51087.930 NangateOpenCellLibrary       0 
AOI22_X1         366   486.780    9639.960    398392.167 NangateOpenCellLibrary       0 
AOI22_X2          21    50.274    1149.117     73181.504 NangateOpenCellLibrary       0 
BUF_X1            26    20.748     563.878     57476.597 NangateOpenCellLibrary       0 
BUF_X2             6     6.384     260.760     26516.194 NangateOpenCellLibrary       0 
BUF_X4             1     1.862      86.508      8804.899 NangateOpenCellLibrary       0 
BUF_X8             1     3.458     172.921     17398.258 NangateOpenCellLibrary       0 
CLKBUF_X1         87    69.426     983.724    157169.688 NangateOpenCellLibrary       0 
CLKBUF_X2          3     3.192      69.200     10462.831 NangateOpenCellLibrary       0 
DFFR_X1         1873  9964.360  165161.929  14587933.820 NangateOpenCellLibrary       0 
DFFR_X2            4    23.408     529.968     52545.653 NangateOpenCellLibrary       0 
DFF_X1           139   628.558   10944.450   1448133.210 NangateOpenCellLibrary       0 
FA_X1             40   170.240    2733.243    240448.034 NangateOpenCellLibrary       0 
HA_X1             65   172.900    4077.181    252957.061 NangateOpenCellLibrary       0 
INV_X1          3539  1882.748   50849.353   2251330.786 NangateOpenCellLibrary       0 
INV_X16            1     4.522     232.358     14866.711 NangateOpenCellLibrary       0 
INV_X2           323   257.754    9197.979    508915.923 NangateOpenCellLibrary       0 
INV_X4            46    61.180    2636.529    161925.757 NangateOpenCellLibrary       0 
INV_X8            23    55.062    2687.384    159916.786 NangateOpenCellLibrary       0 
MUX2_X1          603  1122.786   21851.667   1305982.135 NangateOpenCellLibrary       0 
MUX2_X2           21    50.274    1488.627    131317.528 NangateOpenCellLibrary       0 
NAND2_X1        4462  3560.676   85562.294   3660280.087 NangateOpenCellLibrary       0 
NAND2_X2         513   682.290   24431.827   1143907.622 NangateOpenCellLibrary       0 
NAND2_X4         109   260.946   10594.582    511106.866 NangateOpenCellLibrary       0 
NAND3_X1         295   313.880    7236.222    276122.517 NangateOpenCellLibrary       0 
NAND3_X2          82   152.684    6534.224    247490.641 NangateOpenCellLibrary       0 
NAND3_X4           2     6.916     268.946     11330.607 NangateOpenCellLibrary       0 
NAND4_X1         127   168.910    3429.794     79271.749 NangateOpenCellLibrary       0 
NAND4_X2           5    11.970     244.530     12187.148 NangateOpenCellLibrary       0 
NAND4_X4           1     4.788     177.671      8249.056 NangateOpenCellLibrary       0 
NOR2_X1         1605  1280.790   34869.573   1212616.684 NangateOpenCellLibrary       0 
NOR2_X2          269   357.770   11086.444    590461.552 NangateOpenCellLibrary       0 
NOR2_X4           50   119.700    4114.506    213298.869 NangateOpenCellLibrary       0 
NOR3_X1          103   109.592    2763.933     75828.501 NangateOpenCellLibrary       0 
NOR3_X2            8    14.896     475.295     13397.127 NangateOpenCellLibrary       0 
NOR3_X4            4    14.896     419.186     23837.448 NangateOpenCellLibrary       0 
NOR4_X1           72    95.760    2447.615     16022.142 NangateOpenCellLibrary       0 
OAI211_X1        182   242.060    5613.600    221562.833 NangateOpenCellLibrary       0 
OAI211_X2          2     4.788     109.442      9707.037 NangateOpenCellLibrary       0 
OAI21_X1        1161  1235.304   29373.723   1513881.983 NangateOpenCellLibrary       0 
OAI21_X2         233   433.846   13903.697    758292.291 NangateOpenCellLibrary       0 
OAI21_X4          23    79.534    2748.053    179230.975 NangateOpenCellLibrary       0 
OAI221_X1        171   272.916    8284.904    293002.462 NangateOpenCellLibrary       0 
OAI222_X1         37    78.736    1848.431     97226.918 NangateOpenCellLibrary       0 
OAI22_X1         605   804.650   25594.137    814036.445 NangateOpenCellLibrary       0 
OAI22_X2          13    31.122    1031.989     47021.042 NangateOpenCellLibrary       0 
OAI22_X4           1     4.522     134.648      8399.626 NangateOpenCellLibrary       0 
OAI33_X1           1     1.862      39.881      3491.734 NangateOpenCellLibrary       0 
OR2_X1           537   571.368   12636.073    711767.100 NangateOpenCellLibrary       0 
OR2_X2            38    50.540    1771.290    139545.283 NangateOpenCellLibrary       0 
OR2_X4             7    16.758     647.620     61917.448 NangateOpenCellLibrary       0 
OR3_X1            43    57.190    1056.444     42301.236 NangateOpenCellLibrary       0 
OR4_X1            73   116.508    2047.001     26991.548 NangateOpenCellLibrary       0 
SDFFR_X1         157  1044.050   16906.015   2003828.316 NangateOpenCellLibrary       0 
XNOR2_X1         760  1212.960   28772.503   1756949.761 NangateOpenCellLibrary       0 
XNOR2_X2         729  1939.140   54272.398   4059005.306 NangateOpenCellLibrary       0 
XOR2_X1          253   403.788    8691.846    621382.751 NangateOpenCellLibrary       0 
XOR2_X2          117   280.098    7610.108    716677.136 NangateOpenCellLibrary       0 
----------------------------------------------------------------------------------------
total          21376 32744.600  747313.666  46497332.896                                
                                            Leakage  Leakage   Internal   Internal 
     Type      Instances    Area   Area % Power (nW) Power %  Power (nW)   Power % 
-----------------------------------------------------------------------------------
sequential          2173 11660.376   35.6 193542.362    25.9 18092440.999     38.9 
inverter            3932  2261.266    6.9  65603.604     8.8  3096955.963      6.7 
buffer               124   105.070    0.3   2136.991     0.3   277828.466      0.6 
logic              15147 18717.888   57.2 486030.709    65.0 25030107.468     53.8 
physical_cells         0     0.000    0.0      0.000     0.0        0.000      0.0 
-----------------------------------------------------------------------------------
total              21376 32744.600  100.0 747313.666   100.0 46497332.896    100.0 
