============================================================
  Generated by:           Genus(TM) Synthesis Solution 25.11-s095_1
  Generated on:           Mar 10 2026  11:04:41 pm
  Operating conditions:   typical 
  Interconnect mode:      global
  Area mode:              physical library
============================================================

                                Leakage    Internal                          Library 
   Gate    Instances   Area   Power (nW)  Power (nW)          Library         Domain 
-------------------------------------------------------------------------------------
AND2_X1           52   55.328   1324.704    73864.808 NangateOpenCellLibrary       0 
AND2_X2           13   17.290    647.563    26996.972 NangateOpenCellLibrary       0 
AND2_X4            7   16.758    675.725    25914.156 NangateOpenCellLibrary       0 
AND3_X1            4    5.320    104.368     4424.841 NangateOpenCellLibrary       0 
AND3_X2            7   11.172    385.964     9457.982 NangateOpenCellLibrary       0 
AND3_X4            1    2.926    110.978     6255.860 NangateOpenCellLibrary       0 
AND4_X1            7   11.172    200.346     7948.801 NangateOpenCellLibrary       0 
AOI211_X1          5    6.650    186.432     7993.938 NangateOpenCellLibrary       0 
AOI211_X2          1    2.394     62.434     4728.155 NangateOpenCellLibrary       0 
AOI21_X1          96  102.144   2439.829   166844.198 NangateOpenCellLibrary       0 
AOI21_X2          12   22.344    641.185    39962.763 NangateOpenCellLibrary       0 
AOI21_X4           3   10.374    340.834    14466.813 NangateOpenCellLibrary       0 
AOI221_X1         20   31.920    699.712    30790.151 NangateOpenCellLibrary       0 
AOI222_X1         19   40.432    766.279    33259.924 NangateOpenCellLibrary       0 
AOI22_X1         165  219.450   5020.477   177847.279 NangateOpenCellLibrary       0 
AOI22_X2           4    9.576    253.511     4630.760 NangateOpenCellLibrary       0 
BUF_X4             1    1.862     84.293     5122.720 NangateOpenCellLibrary       0 
CLKBUF_X1          2    1.596     22.844     2769.887 NangateOpenCellLibrary       0 
DFFR_X1          128  680.960  11288.413  1600080.834 NangateOpenCellLibrary       0 
FA_X1             32  136.192   2443.326   218458.580 NangateOpenCellLibrary       0 
HA_X1             42  111.720   2524.880   198742.309 NangateOpenCellLibrary       0 
INV_X1           331  176.092   4808.352   233126.387 NangateOpenCellLibrary       0 
INV_X2            26   20.748    769.248    26493.746 NangateOpenCellLibrary       0 
INV_X4            12   15.960    738.836    10251.548 NangateOpenCellLibrary       0 
INV_X8             3    7.182    338.793     8483.832 NangateOpenCellLibrary       0 
MUX2_X1          142  264.404   5168.332   376670.156 NangateOpenCellLibrary       0 
MUX2_X2            1    2.394     71.221     6070.904 NangateOpenCellLibrary       0 
NAND2_X1         186  148.428   3370.586   153203.523 NangateOpenCellLibrary       0 
NAND2_X2          19   25.270    667.162    28749.056 NangateOpenCellLibrary       0 
NAND2_X4          17   40.698   1424.708    45483.416 NangateOpenCellLibrary       0 
NAND3_X1          20   21.280    615.098    22523.344 NangateOpenCellLibrary       0 
NAND3_X2           5    9.310    204.188     6189.784 NangateOpenCellLibrary       0 
NAND3_X4           4   13.832    429.793     7043.289 NangateOpenCellLibrary       0 
NAND4_X1          25   33.250    753.472    23489.410 NangateOpenCellLibrary       0 
NAND4_X2           1    2.394    146.506      221.053 NangateOpenCellLibrary       0 
NAND4_X4           1    4.788     18.016      181.168 NangateOpenCellLibrary       0 
NOR2_X1          158  126.084   3342.421   129962.751 NangateOpenCellLibrary       0 
NOR2_X2            6    7.980    261.846     7049.394 NangateOpenCellLibrary       0 
NOR2_X4            4    9.576    350.029    14208.356 NangateOpenCellLibrary       0 
NOR3_X1           14   14.896    409.497     7981.733 NangateOpenCellLibrary       0 
NOR3_X2            1    1.862     56.728     1820.248 NangateOpenCellLibrary       0 
NOR4_X1           17   22.610    561.433     5322.197 NangateOpenCellLibrary       0 
OAI211_X1          8   10.640    234.604    10827.355 NangateOpenCellLibrary       0 
OAI21_X1          60   63.840   1797.829    91628.531 NangateOpenCellLibrary       0 
OAI21_X2           8   14.896    473.667    22197.743 NangateOpenCellLibrary       0 
OAI21_X4           4   13.832    424.599    19624.987 NangateOpenCellLibrary       0 
OAI221_X1         39   62.244   2056.060    69164.883 NangateOpenCellLibrary       0 
OAI222_X1         50  106.400   3093.902   108728.407 NangateOpenCellLibrary       0 
OAI22_X1         148  196.840   6406.360   158183.252 NangateOpenCellLibrary       0 
OAI22_X2           3    7.182    205.306     6515.070 NangateOpenCellLibrary       0 
OR2_X1            31   32.984    714.970    53846.159 NangateOpenCellLibrary       0 
OR2_X2            11   14.630    500.621    26142.068 NangateOpenCellLibrary       0 
OR3_X1             1    1.330     24.785      267.602 NangateOpenCellLibrary       0 
OR4_X1            10   15.960    276.670     3083.276 NangateOpenCellLibrary       0 
SDFFR_X1           7   46.550    756.405   117187.829 NangateOpenCellLibrary       0 
SDFFR_X2           1    6.916    144.570    21844.291 NangateOpenCellLibrary       0 
XNOR2_X1          77  122.892   2815.055   223402.779 NangateOpenCellLibrary       0 
XNOR2_X2           7   18.620    507.913    36817.583 NangateOpenCellLibrary       0 
XOR2_X1           81  129.276   2875.862   252673.043 NangateOpenCellLibrary       0 
XOR2_X2            4    9.576    285.179    24410.303 NangateOpenCellLibrary       0 
-------------------------------------------------------------------------------------
total           2164 3341.226  78324.718  5021632.184                                
                                           Leakage  Leakage   Internal  Internal 
     Type      Instances   Area   Area % Power (nW) Power %  Power (nW)  Power % 
---------------------------------------------------------------------------------
sequential           136  734.426   22.0  12189.388    15.6 1739112.954     34.6 
inverter             372  219.982    6.6   6655.229     8.5  278355.513      5.5 
buffer                 3    3.458    0.1    107.137     0.1    7892.607      0.2 
logic               1653 2383.360   71.3  59372.963    75.8 2996271.111     59.7 
physical_cells         0    0.000    0.0      0.000     0.0       0.000      0.0 
---------------------------------------------------------------------------------
total               2164 3341.226  100.0  78324.718   100.0 5021632.184    100.0 
