============================================================
  Generated by:           Genus(TM) Synthesis Solution 25.11-s095_1
  Generated on:           Jun 13 2026  03:51:35 pm
  Module:                 sysarr_32_input_fp_adder
  Operating conditions:   typical 
  Interconnect mode:      global
  Area mode:              physical library
============================================================


Path 1: MET (0 ps) Setup Check with Pin aligner_inst_aligned_mant_out_reg[28][26]/CK->D
           View: view_1p2_25
          Group: clock1
     Startpoint: (R) aligner_inst_max_l3_n1_r_reg[2]/CK
          Clock: (R) clock1
       Endpoint: (F) aligner_inst_aligned_mant_out_reg[28][26]/D
          Clock: (R) clock1

                     Capture       Launch     
        Clock Edge:+    1613            0     
       Src Latency:+       0            0     
       Net Latency:+       0 (I)        0 (I) 
           Arrival:=    1613            0     
                                              
             Setup:-      41                  
       Uncertainty:-       0                  
     Required Time:=    1572                  
      Launch Clock:-       0                  
         Data Path:-    1572                  
             Slack:=       0                  

Launch clock path:
#-----------------------------------------------------------------------------------------------------------
#           Timing Point             Flags   Arc   Edge   Cell     Fanout Load Trans Delay Arrival Instance 
#                                                                         (fF)  (ps)  (ps)   (ps)  Location 
#-----------------------------------------------------------------------------------------------------------
  clk                                (i)     -     R     (arrival)   1679  0.0     0     0       0    (-,-) 
  clk                                -       -     -     (net)          -    -     -     -       -    (-,-) 
  clk                                -       -     -     (net)          -    -     -     -       -    (-,-) 
  aligner_inst_max_l3_n1_r_reg[2]/CK <<<     -     R     DFFR_X1     1679    -     1     0       0    (-,-) 
#-----------------------------------------------------------------------------------------------------------

#---------------------------------------------------------------------------------------------------------------------
#                Timing Point                 Flags    Arc   Edge   Cell     Fanout Load Trans Delay Arrival Instance 
#                                                                                   (fF)  (ps)  (ps)   (ps)  Location 
#---------------------------------------------------------------------------------------------------------------------
  aligner_inst_max_l3_n1_r_reg[2]/CK          -       -      R     (arrival)   1679    -     1     0       0    (-,-) 
  aligner_inst_max_l3_n1_r_reg[2]/Q           -       CK->Q  F     DFFR_X1        1  1.8     7    85      85    (-,-) 
  n_626                                       -       -      -     (net)          -    -     -     -       -    (-,-) 
  g412085/ZN                                  -       A1->ZN R     NAND2_X1       1  3.4    13    18     103    (-,-) 
  n_2121                                      -       -      -     (net)          -    -     -     -       -    (-,-) 
  g412078/ZN                                  -       A1->ZN F     NAND2_X2       1  6.1    10    17     120    (-,-) 
  n_2128                                      -       -      -     (net)          -    -     -     -       -    (-,-) 
  g412074/ZN                                  -       A->ZN  R     AOI21_X4       1  6.7    22    40     160    (-,-) 
  n_2132                                      -       -      -     (net)          -    -     -     -       -    (-,-) 
  g412073/ZN                                  -       B1->ZN F     OAI21_X4       1  5.9    11    17     176    (-,-) 
  n_2133                                      -       -      -     (net)          -    -     -     -       -    (-,-) 
  g412072/ZN                                  -       B1->ZN R     AOI21_X4       1  6.7    22    27     203    (-,-) 
  n_2134                                      -       -      -     (net)          -    -     -     -       -    (-,-) 
  g412071/ZN                                  -       B1->ZN F     OAI21_X4       1 11.1    20    20     223    (-,-) 
  n_2135                                      -       -      -     (net)          -    -     -     -       -    (-,-) 
  g412070/ZN                                  -       A->ZN  R     INV_X8         6 18.6    10    20     244    (-,-) 
  n_2140                                      -       -      -     (net)          -    -     -     -       -    (-,-) 
  g412057/ZN                                  -       A->ZN  F     INV_X4         4  9.4     5     9     253    (-,-) 
  n_2141                                      -       -      -     (net)          -    -     -     -       -    (-,-) 
  g412042/ZN                                  -       A1->ZN R     AOI22_X2       1  6.6    32    38     291    (-,-) 
  n_2154                                      -       -      -     (net)          -    -     -     -       -    (-,-) 
  g412023/ZN                                  -       A->ZN  F     INV_X4         4 24.5    13    20     311    (-,-) 
  n_2156                                      -       -      -     (net)          -    -     -     -       -    (-,-) 
  g412021/ZN                                  -       A->ZN  R     INV_X4        13 27.6    18    28     339    (-,-) 
  n_639                                       -       -      -     (net)          -    -     -     -       -    (-,-) 
  g411837/ZN                                  -       A1->ZN F     NAND2_X2       1  5.9    10    19     358    (-,-) 
  n_2179                                      -       -      -     (net)          -    -     -     -       -    (-,-) 
  g411602/ZN                                  -       A2->ZN R     NAND2_X4       7 14.4    14    22     380    (-,-) 
  n_2473                                      -       -      -     (net)          -    -     -     -       -    (-,-) 
  g410698/ZN                                  -       B1->ZN F     AOI21_X2       2  7.4    12    20     400    (-,-) 
  n_661                                       -       -      -     (net)          -    -     -     -       -    (-,-) 
  g410191/ZN                                  -       B1->ZN R     OAI21_X2       2  6.2    25    35     435    (-,-) 
  n_3871                                      -       -      -     (net)          -    -     -     -       -    (-,-) 
  g409605/ZN                                  -       A->ZN  R     XNOR2_X2       8 15.5    47    56     491    (-,-) 
  n_4456                                      -       -      -     (net)          -    -     -     -       -    (-,-) 
  g409318/ZN                                  -       A->ZN  F     INV_X2         9 15.6    18    26     517    (-,-) 
  n_4725                                      -       -      -     (net)          -    -     -     -       -    (-,-) 
  g409266/ZN                                  -       A1->ZN R     NOR2_X1        2  3.9    26    38     555    (-,-) 
  n_4782                                      -       -      -     (net)          -    -     -     -       -    (-,-) 
  g409146/ZN                                  -       A1->ZN F     NOR2_X1        1  1.2     9     9     564    (-,-) 
  n_4825                                      -       -      -     (net)          -    -     -     -       -    (-,-) 
  g408883/ZN                                  -       A2->ZN F     AND2_X1        2  3.5     8    34     599    (-,-) 
  n_5153                                      -       -      -     (net)          -    -     -     -       -    (-,-) 
  g408818/ZN                                  -       A1->ZN R     NAND2_X1       5  8.6    25    31     630    (-,-) 
  n_5226                                      -       -      -     (net)          -    -     -     -       -    (-,-) 
  g408490/ZN                                  -       A->ZN  F     AOI21_X1       1  1.7    11    17     646    (-,-) 
  n_5359                                      -       -      -     (net)          -    -     -     -       -    (-,-) 
  g408002/ZN                                  -       A1->ZN R     NOR2_X1        2  3.9    26    35     682    (-,-) 
  n_6090                                      -       -      -     (net)          -    -     -     -       -    (-,-) 
  g407298/ZN                                  -       B1->ZN F     OAI22_X1       1  1.7    27    23     705    (-,-) 
  n_6664                                      -       -      -     (net)          -    -     -     -       -    (-,-) 
  g407172/ZN                                  -       A1->ZN R     NOR2_X1        1  2.0    19    33     738    (-,-) 
  n_6831                                      -       -      -     (net)          -    -     -     -       -    (-,-) 
  g406966/ZN                                  -       A4->ZN R     AND4_X2        1  3.5    12    56     794    (-,-) 
  n_7035                                      -       -      -     (net)          -    -     -     -       -    (-,-) 
  g406935/ZN                                  -       A1->ZN R     AND2_X4       19 42.5    28    53     847    (-,-) 
  n_7086                                      -       -      -     (net)          -    -     -     -       -    (-,-) 
  g406893/ZN                                  -       A1->ZN F     NAND2_X1       3  6.4    20    29     876    (-,-) 
  n_7130                                      -       -      -     (net)          -    -     -     -       -    (-,-) 
  g406840/ZN                                  -       A1->ZN R     NOR2_X2        3  4.9    22    32     908    (-,-) 
  n_7179                                      -       -      -     (net)          -    -     -     -       -    (-,-) 
  g406822/ZN                                  -       A->ZN  F     INV_X1         1  1.8     7    10     918    (-,-) 
  n_7178                                      -       -      -     (net)          -    -     -     -       -    (-,-) 
  g406793/ZN                                  -       A1->ZN R     NAND2_X1       2  3.1    13    17     935    (-,-) 
  n_7222                                      -       -      -     (net)          -    -     -     -       -    (-,-) 
  g406675/ZN                                  -       A2->ZN R     AND2_X1        2  5.2    16    42     977    (-,-) 
  n_7335                                      -       -      -     (net)          -    -     -     -       -    (-,-) 
  g406657/ZN                                  -       A1->ZN F     NAND2_X2       2  7.5    11    20     996    (-,-) 
  n_7361                                      -       -      -     (net)          -    -     -     -       -    (-,-) 
  g406592/ZN                                  -       A1->ZN R     NOR2_X4        3  8.7    19    26    1023    (-,-) 
  n_7423                                      -       -      -     (net)          -    -     -     -       -    (-,-) 
  g406516/ZN                                  -       A1->ZN F     NAND2_X2       4 10.7    14    24    1047    (-,-) 
  n_7497                                      -       -      -     (net)          -    -     -     -       -    (-,-) 
  g406398/ZN                                  -       A1->ZN R     NOR2_X4        3 11.4    21    31    1079    (-,-) 
  n_7597                                      -       -      -     (net)          -    -     -     -       -    (-,-) 
  g406278/ZN                                  -       A1->ZN F     NAND2_X2       6  8.8    15    23    1101    (-,-) 
  n_7716                                      -       -      -     (net)          -    -     -     -       -    (-,-) 
  g406105/ZN                                  -       A1->ZN R     NAND2_X1       4  7.1    22    30    1132    (-,-) 
  n_7859                                      -       -      -     (net)          -    -     -     -       -    (-,-) 
  g405876/ZN                                  -       A1->ZN R     AND3_X2        2  5.2    12    46    1178    (-,-) 
  n_8079                                      -       -      -     (net)          -    -     -     -       -    (-,-) 
  g405620/ZN                                  -       A1->ZN F     NAND3_X2       4 10.8    21    30    1208    (-,-) 
  n_8282                                      -       -      -     (net)          -    -     -     -       -    (-,-) 
  g405340/ZN                                  -       A1->ZN R     NOR2_X4        6 11.0    23    34    1241    (-,-) 
  n_8497                                      -       -      -     (net)          -    -     -     -       -    (-,-) 
  g404746__5122/ZN                            -       A2->ZN F     NOR2_X1        2  5.1    11    19    1260    (-,-) 
  n_8927                                      -       -      -     (net)          -    -     -     -       -    (-,-) 
  g404079__1617/CO                            -       A->CO  F     HA_X1          2  2.7     7    31    1291    (-,-) 
  n_9225                                      -       -      -     (net)          -    -     -     -       -    (-,-) 
  g403976__5107/ZN                            -       B1->ZN R     AOI21_X1       2  3.1    29    32    1324    (-,-) 
  n_9303                                      -       -      -     (net)          -    -     -     -       -    (-,-) 
  g403941/ZN                                  -       A->ZN  F     INV_X1         1  3.4    10    14    1338    (-,-) 
  n_9304                                      -       -      -     (net)          -    -     -     -       -    (-,-) 
  g403835__5122/CO                            -       A->CO  F     HA_X1          1  1.7     6    29    1366    (-,-) 
  n_9358                                      -       -      -     (net)          -    -     -     -       -    (-,-) 
  g403823__5526/ZN                            -       A1->ZN R     NOR2_X1        2  4.4    30    36    1402    (-,-) 
  n_9380                                      -       -      -     (net)          -    -     -     -       -    (-,-) 
  g403814/ZN                                  -       A->ZN  F     INV_X1         1  1.8     8    10    1412    (-,-) 
  n_9381                                      -       -      -     (net)          -    -     -     -       -    (-,-) 
  g403804__2346/ZN                            -       A1->ZN R     NAND2_X1       1  1.9    10    15    1427    (-,-) 
  n_9382                                      -       -      -     (net)          -    -     -     -       -    (-,-) 
  g403758__6417/ZN                            -       A1->ZN F     NAND2_X1       1  3.4    16    17    1443    (-,-) 
  n_9414                                      -       -      -     (net)          -    -     -     -       -    (-,-) 
  g403741__7482/CO                            -       A->CO  F     HA_X1          1  1.1     5    30    1474    (-,-) 
  n_9424                                      -       -      -     (net)          -    -     -     -       -    (-,-) 
  g403737__1881/ZN                            -       A1->ZN F     OR2_X1         1  3.4    11    47    1521    (-,-) 
  n_9428                                      -       -      -     (net)          -    -     -     -       -    (-,-) 
  g403732__8246/S                             -       A->S   F     HA_X1          1  1.4    11    51    1572    (-,-) 
  n_9432                                      -       -      -     (net)          -    -     -     -       -    (-,-) 
  aligner_inst_aligned_mant_out_reg[28][26]/D <<<     -      F     DFFR_X1        1    -     -     0    1572    (-,-) 
#---------------------------------------------------------------------------------------------------------------------

Capture clock path:
#---------------------------------------------------------------------------------------------------------------------
#                Timing Point                  Flags   Arc   Edge   Cell     Fanout Load Trans Delay Arrival Instance 
#                                                                                   (fF)  (ps)  (ps)   (ps)  Location 
#---------------------------------------------------------------------------------------------------------------------
  clk                                          (i)     -     R     (arrival)   1679  0.0     0     0    1613    (-,-) 
  clk                                          -       -     -     (net)          -    -     -     -       -    (-,-) 
  clk                                          -       -     -     (net)          -    -     -     -       -    (-,-) 
  aligner_inst_aligned_mant_out_reg[28][26]/CK <<<     -     R     DFFR_X1     1679    -     1     0    1613    (-,-) 
#---------------------------------------------------------------------------------------------------------------------


