============================================================
  Generated by:           Genus(TM) Synthesis Solution 25.11-s095_1
  Generated on:           Mar 10 2026  01:12:51 pm
  Operating conditions:   typical 
  Interconnect mode:      global
  Area mode:              physical library
============================================================

                               Leakage    Internal                         Library 
   Gate    Instances   Area  Power (nW)  Power (nW)         Library         Domain 
-----------------------------------------------------------------------------------
AND2_X1           17  18.088    432.314   11098.141 NangateOpenCellLibrary       0 
AND2_X2            3   3.990    157.860    4475.900 NangateOpenCellLibrary       0 
AND4_X1            2   3.192     52.465    1235.739 NangateOpenCellLibrary       0 
AOI21_X1          21  22.344    648.019   14530.946 NangateOpenCellLibrary       0 
AOI221_X1          1   1.596     53.105    1719.161 NangateOpenCellLibrary       0 
AOI22_X1           5   6.650    137.837    2452.473 NangateOpenCellLibrary       0 
DFFR_X1           17  90.440   1495.733  193572.790 NangateOpenCellLibrary       0 
DFFR_X2            8  46.816   1044.786  129976.688 NangateOpenCellLibrary       0 
FA_X1              8  34.048    632.253   22582.123 NangateOpenCellLibrary       0 
HA_X1             12  31.920    695.784   19700.489 NangateOpenCellLibrary       0 
INV_X1            79  42.028   1145.985   22683.675 NangateOpenCellLibrary       0 
INV_X2             1   0.798     32.957     316.644 NangateOpenCellLibrary       0 
MUX2_X1            3   5.586    105.081    4681.210 NangateOpenCellLibrary       0 
NAND2_X1          96  76.608   1777.274   35530.031 NangateOpenCellLibrary       0 
NAND2_X2           7   9.310    243.506    3563.129 NangateOpenCellLibrary       0 
NAND2_X4           4   9.576    278.293    3891.014 NangateOpenCellLibrary       0 
NAND3_X1           7   7.448     91.780    2422.618 NangateOpenCellLibrary       0 
NAND4_X1           6   7.980    137.717    2921.556 NangateOpenCellLibrary       0 
NOR2_X1           56  44.688   1177.050   22136.093 NangateOpenCellLibrary       0 
NOR2_X2            1   1.330     48.936     240.330 NangateOpenCellLibrary       0 
NOR3_X1            4   4.256    100.764    1676.234 NangateOpenCellLibrary       0 
NOR4_X1            6   7.980    195.609    1203.151 NangateOpenCellLibrary       0 
OAI211_X1          2   2.660     58.803    2947.245 NangateOpenCellLibrary       0 
OAI21_X1          40  42.560   1093.190   36063.850 NangateOpenCellLibrary       0 
OAI221_X1          1   1.596     53.467    2235.237 NangateOpenCellLibrary       0 
OAI22_X1          18  23.940    709.351   25450.770 NangateOpenCellLibrary       0 
OR2_X1            10  10.640    241.247    9486.996 NangateOpenCellLibrary       0 
OR3_X2             1   1.596     56.600    2942.586 NangateOpenCellLibrary       0 
OR4_X1             1   1.596     26.674    1250.015 NangateOpenCellLibrary       0 
OR4_X2             3   5.586    159.647   10315.576 NangateOpenCellLibrary       0 
XNOR2_X1          64 102.144   2339.159   82658.628 NangateOpenCellLibrary       0 
XNOR2_X2           6  15.960    402.841    9199.670 NangateOpenCellLibrary       0 
XOR2_X1           16  25.536    575.157   26651.320 NangateOpenCellLibrary       0 
-----------------------------------------------------------------------------------
total            526 710.486  16401.244  711812.027                                
                                          Leakage  Leakage  Internal  Internal 
     Type      Instances   Area  Area % Power (nW) Power % Power (nW)  Power % 
-------------------------------------------------------------------------------
sequential            25 137.256   19.3   2540.519    15.5 323549.478     45.5 
inverter              80  42.826    6.0   1178.943     7.2  23000.319      3.2 
logic                421 530.404   74.7  12681.782    77.3 365262.230     51.3 
physical_cells         0   0.000    0.0      0.000     0.0      0.000      0.0 
-------------------------------------------------------------------------------
total                526 710.486  100.0  16401.244   100.0 711812.027    100.0 
