============================================================
  Generated by:           Genus(TM) Synthesis Solution 25.11-s095_1
  Generated on:           Mar 10 2026  11:25:48 pm
  Module:                 add_bf16_1C
  Operating conditions:   typical 
  Interconnect mode:      global
  Area mode:              physical library
============================================================

Timing
--------

Analysis view  Clock Period 
----------------------------
view_1p2_25   clock1 1389.0 


  Analysis    Cost   Critical        Violating 
    View     Group  Path Slack  TNS    Paths   
-----------------------------------------------
view_1p2_25  clock1        0.3  0.0          0 
            default   No paths  0.0          0 
-----------------------------------------------
Total                          -0.0          0 
                                               

Instance Count
--------------
Leaf Instance Count             672 
Physical Instance count           0 
Sequential Instance Count        33 
Combinational Instance Count    639 
Hierarchical Instance Count       0 

Area
----
Cell Area                          887.908
Physical Cell Area                 0.000
Total Cell Area (Cell+Physical)    887.908
Net Area                           932.119
Total Area (Cell+Physical+Net)     1820.027

Power
-----
Leakage Power                      20773.400 nW
Dynamic Power                      1411550.550 nW
Total Power                        1432323.950 nW

Max Fanout                         33 (clk)
Min Fanout                         0 (nRST)
Average Fanout                     2.3
Terms to net ratio                 3.3193
Terms to instance ratio            3.5268
Runtime                            45.984697 seconds
Elapsed Runtime                    53 seconds
Genus peak memory usage            1665.31 
Innovus peak memory usage          no_value 
Hostname                           asicfab.ecn.purdue.edu
