============================================================
  Generated by:           Genus(TM) Synthesis Solution 21.17-s066_1
  Generated on:           Apr 19 2026  03:26:42 am
  Module:                 sysarr_MEISSA_top
  Operating conditions:   typical 
  Interconnect mode:      global
  Area mode:              physical library
============================================================

# SETUP                 WNS       TNS    FEP 
# ---------------------------------------------
 View: ALL            -70.2  -14149.6    235 
    Group : in2out      N/A       N/A    N/A 
    Group : in2reg      N/A       N/A    N/A 
    Group : reg2out     N/A       N/A    N/A 
    Group : reg2reg   -70.2  -14149.6    235 

 View: view_typical   -70.2  -14149.6    235 
    Group : in2out      N/A       N/A    N/A 
    Group : in2reg      N/A       N/A    N/A 
    Group : reg2out     N/A       N/A    N/A 
    Group : reg2reg   -70.2  -14149.6    235 

# ---------------------------------------------
# DRV                        WNS  TNS  FEP 
# -------------------------------------------
 View: ALL                                 
    Check: max_transition    N/A  N/A    0 
    Check: max_capacitance   N/A  N/A    0 
    Check: max_fanout        N/A  N/A    0 

 View: view_typical                        
    Check: max_transition    N/A  N/A    0 
    Check: max_capacitance   N/A  N/A    0 
    Check: max_fanout        N/A  N/A    0 

# -------------------------------------------
