============================================================
  Generated by:           Genus(TM) Synthesis Solution 25.11-s095_1
  Generated on:           Feb 24 2026  12:59:04 pm
  Module:                 add_fp16
  Library domain:         timing_condition_tt_1p2v_25c
    Domain index:         0
    Technology libraries: MITLL90_STDLIB_8T.tt1p2v25c 1.0
                          MITLL90_IOPads_5_1_1.tt1p2v25c 1.0
  Operating conditions:   PVT_1P2V_25C 
  Interconnect mode:      global
  Area mode:              physical library
============================================================

Timing
--------

Analysis view  Clock Period 
----------------------------
view_1p2_25   clock1 1905.0 


  Analysis    Cost   Critical        Violating 
    View     Group  Path Slack  TNS    Paths   
-----------------------------------------------
view_1p2_25  clock1        7.4  0.0          0 
            default   No paths  0.0          0 
-----------------------------------------------
Total                          -0.0          0 
                                               

Instance Count
--------------
Leaf Instance Count             1523 
Physical Instance count            0 
Sequential Instance Count         39 
Combinational Instance Count    1484 
Hierarchical Instance Count        0 

Area
----
Cell Area                          12181.357
Physical Cell Area                 0.000
Total Cell Area (Cell+Physical)    12181.357
Net Area                           33.250
Total Area (Cell+Physical+Net)     12214.607

Power
-----
Leakage Power                      1682.883 nW
Dynamic Power                      515123.346 nW
Total Power                        516806.229 nW

Max Fanout                         60 (stall)
Min Fanout                         0 (n_293)
Average Fanout                     1.9
Terms to net ratio                 2.7756
Terms to instance ratio            3.1274
Runtime                            62.984859 seconds
Elapsed Runtime                    72 seconds
Genus peak memory usage            2305.95 
Innovus peak memory usage          no_value 
Hostname                           asicfab.ecn.purdue.edu
