============================================================
  Generated by:           Genus(TM) Synthesis Solution 25.11-s095_1
  Generated on:           Feb 24 2026  12:59:12 pm
  Module:                 add_fp16
  Operating conditions:   PVT_1P2V_25C 
  Interconnect mode:      global
  Area mode:              physical library
============================================================


Path 1: MET (7 ps) Late External Delay Assertion at pin fp_out[9]
           View: view_1p2_25
          Group: clock1
     Startpoint: (R) smaller_mantissa_l_reg[0]/clk
          Clock: (R) clock1
       Endpoint: (R) fp_out[9]
          Clock: (R) clock1

                     Capture       Launch     
        Clock Edge:+    1905            0     
       Src Latency:+       0            0     
       Net Latency:+       0 (I)        0 (I) 
           Arrival:=    1905            0     
                                              
      Output Delay:-       1                  
       Uncertainty:-       0                  
     Required Time:=    1904                  
      Launch Clock:-       0                  
         Data Path:-    1896                  
             Slack:=       7                  

Exceptions/Constraints:
  output_delay              1              add_fp16.sdc_line_17_40_1   

Launch clock path:
#------------------------------------------------------------------------------------------------------------
#         Timing Point          Flags   Arc   Edge      Cell        Fanout Load Trans Delay Arrival Instance 
#                                                                          (fF)  (ps)  (ps)   (ps)  Location 
#------------------------------------------------------------------------------------------------------------
  clk                           (i,u)   -     R     (arrival)           39  0.0   129     0      76    (-,-) 
  clk                           -       -     -     (net)                -    -     -     -       -    (-,-) 
  clk                           -       -     -     (net)                -    -     -     -       -    (-,-) 
  smaller_mantissa_l_reg[0]/clk <<<     -     R     unmapped_d_flop     39    -     1     0      76    (-,-) 
#------------------------------------------------------------------------------------------------------------

#-----------------------------------------------------------------------------------------------------------------
#         Timing Point          Flags    Arc    Edge       Cell         Fanout  Load Trans Delay Arrival Instance 
#                                                                               (fF)  (ps)  (ps)   (ps)  Location 
#-----------------------------------------------------------------------------------------------------------------
  smaller_mantissa_l_reg[0]/clk -       -       R     (arrival)             39     -     1     0       0    (-,-) 
  smaller_mantissa_l_reg[0]/q   (u)     clk->q  R     unmapped_d_flop       24 132.0     0   287     287    (-,-) 
  smaller_mantissa_l[0]         -       -       -     (net)                  -     -     -     -       -    (-,-) 
  g17125/z                      (u)     in_0->z R     unmapped_or2           7  38.5     0    74     361    (-,-) 
  n_6024                        -       -       -     (net)                  -     -     -     -       -    (-,-) 
  g17003/z                      (u)     in_0->z F     unmapped_complex2      1   5.5     0    32     393    (-,-) 
  n_7404                        -       -       -     (net)                  -     -     -     -       -    (-,-) 
  g16966/z                      (u)     in_0->z R     unmapped_complex2      1   5.5     0    32     426    (-,-) 
  n_7706                        -       -       -     (net)                  -     -     -     -       -    (-,-) 
  g16938/z                      (u)     in_0->z F     unmapped_nand2         3  16.5     0    49     474    (-,-) 
  n_6056                        -       -       -     (net)                  -     -     -     -       -    (-,-) 
  g12809/z                      (u)     in_0->z R     unmapped_nand2         2  11.0     0    41     515    (-,-) 
  n_7399                        -       -       -     (net)                  -     -     -     -       -    (-,-) 
  g16874/z                      (u)     in_0->z F     unmapped_nand2         3  16.5     0    49     564    (-,-) 
  n_6079                        -       -       -     (net)                  -     -     -     -       -    (-,-) 
  g17182/z                      (u)     in_0->z F     unmapped_complex2      1   5.5     0    32     596    (-,-) 
  n_7397                        -       -       -     (net)                  -     -     -     -       -    (-,-) 
  g16827/z                      (u)     in_0->z R     unmapped_nand2         3  16.5     0    49     645    (-,-) 
  n_6103                        -       -       -     (net)                  -     -     -     -       -    (-,-) 
  g16810/z                      (u)     in_0->z R     unmapped_complex2      1   5.5     0    32     677    (-,-) 
  n_7401                        -       -       -     (net)                  -     -     -     -       -    (-,-) 
  g16771/z                      (u)     in_0->z F     unmapped_nand2         3  16.5     0    49     726    (-,-) 
  n_6125                        -       -       -     (net)                  -     -     -     -       -    (-,-) 
  g17204/z                      (u)     in_0->z F     unmapped_complex2      1   5.5     0    32     759    (-,-) 
  n_7406                        -       -       -     (net)                  -     -     -     -       -    (-,-) 
  g16638/z                      (u)     in_0->z R     unmapped_nand2         2  11.0     0    41     799    (-,-) 
  n_6163                        -       -       -     (net)                  -     -     -     -       -    (-,-) 
  g16530/z                      (u)     in_1->z R     unmapped_or2           1   5.5     0    32     832    (-,-) 
  n_11440                       -       -       -     (net)                  -     -     -     -       -    (-,-) 
  g16531/z                      (u)     in_1->z F     unmapped_nand2        19 104.5     0   103     935    (-,-) 
  n_848                         -       -       -     (net)                  -     -     -     -       -    (-,-) 
  g16520/z                      (u)     in_1->z R     unmapped_nand2         1   5.5     0    32     967    (-,-) 
  n_8826                        -       -       -     (net)                  -     -     -     -       -    (-,-) 
  g16451/z                      (u)     in_1->z F     unmapped_nand2         3  16.5     0    49    1016    (-,-) 
  n_250                         -       -       -     (net)                  -     -     -     -       -    (-,-) 
  g16376/z                      (u)     in_0->z F     unmapped_complex2      1   5.5     0    32    1048    (-,-) 
  n_7354                        -       -       -     (net)                  -     -     -     -       -    (-,-) 
  g17299/z                      (u)     in_0->z R     unmapped_complex2      1   5.5     0    32    1081    (-,-) 
  n_8706                        -       -       -     (net)                  -     -     -     -       -    (-,-) 
  g16260/z                      (u)     in_1->z F     unmapped_complex2      1   5.5     0    32    1113    (-,-) 
  n_7460                        -       -       -     (net)                  -     -     -     -       -    (-,-) 
  g17345/z                      (u)     in_0->z R     unmapped_complex2      1   5.5     0    32    1146    (-,-) 
  n_8496                        -       -       -     (net)                  -     -     -     -       -    (-,-) 
  g16100/z                      (u)     in_1->z F     unmapped_nand2         1   5.5     0    32    1178    (-,-) 
  n_7461                        -       -       -     (net)                  -     -     -     -       -    (-,-) 
  g17389/z                      (u)     in_0->z R     unmapped_complex2      2  11.0     0    41    1219    (-,-) 
  n_7049                        -       -       -     (net)                  -     -     -     -       -    (-,-) 
  g15981/z                      (u)     in_1->z R     unmapped_or2           4  22.0     0    57    1276    (-,-) 
  n_7121                        -       -       -     (net)                  -     -     -     -       -    (-,-) 
  g17410/z                      (u)     in_0->z R     unmapped_complex2      2  11.0     0    41    1316    (-,-) 
  n_7326                        -       -       -     (net)                  -     -     -     -       -    (-,-) 
  g15924/z                      (u)     in_1->z F     unmapped_nand2         2  11.0     0    41    1357    (-,-) 
  n_6372                        -       -       -     (net)                  -     -     -     -       -    (-,-) 
  g15907/z                      (u)     in_1->z R     unmapped_nand2         2  11.0     0    41    1398    (-,-) 
  n_7328                        -       -       -     (net)                  -     -     -     -       -    (-,-) 
  g15900/z                      (u)     in_1->z F     unmapped_nand2         3  16.5     0    49    1447    (-,-) 
  n_6382                        -       -       -     (net)                  -     -     -     -       -    (-,-) 
  g15894/z                      (u)     in_1->z F     unmapped_complex2      1   5.5     0    32    1479    (-,-) 
  n_7451                        -       -       -     (net)                  -     -     -     -       -    (-,-) 
  g15871/z                      (u)     in_1->z R     unmapped_nand2         2  11.0     0    41    1520    (-,-) 
  n_6386                        -       -       -     (net)                  -     -     -     -       -    (-,-) 
  g15861/z                      (u)     in_1->z R     unmapped_or2           2  11.0     0    41    1560    (-,-) 
  n_7129                        -       -       -     (net)                  -     -     -     -       -    (-,-) 
  g15859/z                      (u)     in_0->z R     unmapped_complex2      1   5.5     0    32    1593    (-,-) 
  n_8220                        -       -       -     (net)                  -     -     -     -       -    (-,-) 
  g17429/z                      (u)     in_0->z F     unmapped_complex2      3  16.5     0    49    1642    (-,-) 
  n_1030                        -       -       -     (net)                  -     -     -     -       -    (-,-) 
  g15826/z                      (u)     in_1->z R     unmapped_nand2         2  11.0     0    41    1682    (-,-) 
  n_7839                        -       -       -     (net)                  -     -     -     -       -    (-,-) 
  g15817/z                      (u)     in_1->z R     unmapped_or2           1   5.5     0    32    1715    (-,-) 
  n_9930                        -       -       -     (net)                  -     -     -     -       -    (-,-) 
  g15775/z                      (u)     in_1->z F     unmapped_nand2         2  11.0     0    41    1756    (-,-) 
  n_5603                        -       -       -     (net)                  -     -     -     -       -    (-,-) 
  g15754/z                      (u)     in_1->z F     unmapped_or2          10  55.0     0    84    1839    (-,-) 
  n_5612                        -       -       -     (net)                  -     -     -     -       -    (-,-) 
  g15703/z                      (u)     in_1->z F     unmapped_or2           1   5.5     0    32    1871    (-,-) 
  n_8232                        -       -       -     (net)                  -     -     -     -       -    (-,-) 
  g15685/z                      (u)     in_1->z R     unmapped_nand2         1   0.9     0    25    1896    (-,-) 
  fp_out[9]                     -       -       -     (net)                  -     -     -     -       -    (-,-) 
  fp_out[9]                     <<<     -       R     (port)                 -     -     -     0    1896    (-,-) 
#-----------------------------------------------------------------------------------------------------------------

(u) : Net has unmapped pin(s).


