============================================================
  Generated by:           Genus(TM) Synthesis Solution 25.11-s095_1
  Generated on:           Mar 11 2026  01:53:01 pm
  Operating conditions:   typical 
  Interconnect mode:      global
  Area mode:              physical library
============================================================

                                Leakage      Internal                          Library 
   Gate    Instances   Area    Power (nW)   Power (nW)          Library         Domain 
---------------------------------------------------------------------------------------
AND2_X1          137  145.768    3472.879    321622.883 NangateOpenCellLibrary       0 
AND2_X2            9   11.970     414.539     16964.172 NangateOpenCellLibrary       0 
AND3_X1           31   41.230     884.515     55593.932 NangateOpenCellLibrary       0 
AND3_X2            3    4.788     163.984      4907.824 NangateOpenCellLibrary       0 
AND3_X4            1    2.926     105.568         0.000 NangateOpenCellLibrary       0 
AND4_X1           47   75.012    1309.823     13548.153 NangateOpenCellLibrary       0 
AOI211_X1         21   27.930     668.072     65896.603 NangateOpenCellLibrary       0 
AOI21_X1         177  188.328    4702.518    372436.344 NangateOpenCellLibrary       0 
AOI21_X2           1    1.862      52.846      5865.483 NangateOpenCellLibrary       0 
AOI221_X1        123  196.308    4293.539    448706.580 NangateOpenCellLibrary       0 
AOI222_X1         71  151.088    2810.120    218294.901 NangateOpenCellLibrary       0 
AOI22_X1         425  565.250   12461.974   1160018.443 NangateOpenCellLibrary       0 
AOI22_X2           2    4.788     207.334      9213.331 NangateOpenCellLibrary       0 
CLKBUF_X1          4    3.192      45.138      9117.270 NangateOpenCellLibrary       0 
DFFR_X1          133  707.560   11735.126   1598555.551 NangateOpenCellLibrary       0 
FA_X1            322 1370.432   24157.274   4095140.802 NangateOpenCellLibrary       0 
HA_X1            103  273.980    6260.669    795998.564 NangateOpenCellLibrary       0 
INV_X1           870  462.840   12690.571    980809.614 NangateOpenCellLibrary       0 
INV_X2             5    3.990     158.381     10022.164 NangateOpenCellLibrary       0 
INV_X4             1    1.330      74.417         0.000 NangateOpenCellLibrary       0 
MUX2_X1          532  990.584   19117.005   2537063.729 NangateOpenCellLibrary       0 
MUX2_X2            8   19.152     564.390     94327.720 NangateOpenCellLibrary       0 
NAND2_X1         628  501.144   11547.556    739843.847 NangateOpenCellLibrary       0 
NAND2_X2           2    2.660     112.437      2798.326 NangateOpenCellLibrary       0 
NAND2_X4           2    4.788      74.233      2408.985 NangateOpenCellLibrary       0 
NAND3_X1          47   50.008    1036.647     62420.384 NangateOpenCellLibrary       0 
NAND3_X2           1    1.862      24.219       194.392 NangateOpenCellLibrary       0 
NAND4_X1          37   49.210    1137.120     26303.906 NangateOpenCellLibrary       0 
NOR2_X1          431  343.938    9233.909    613097.990 NangateOpenCellLibrary       0 
NOR2_X2           11   14.630     441.304     14646.764 NangateOpenCellLibrary       0 
NOR2_X4            2    4.788     182.074      4651.367 NangateOpenCellLibrary       0 
NOR3_X1           28   29.792     749.815     41710.321 NangateOpenCellLibrary       0 
NOR4_X1           27   35.910     996.978      5322.349 NangateOpenCellLibrary       0 
OAI211_X1         19   25.270     877.773     50912.398 NangateOpenCellLibrary       0 
OAI21_X1         160  170.240    4832.055    336156.557 NangateOpenCellLibrary       0 
OAI21_X2           3    5.586     128.150     10682.243 NangateOpenCellLibrary       0 
OAI21_X4           2    6.916     237.194     14101.167 NangateOpenCellLibrary       0 
OAI221_X1         97  154.812    5591.890    334383.054 NangateOpenCellLibrary       0 
OAI222_X1         70  148.960    4449.493    248776.141 NangateOpenCellLibrary       0 
OAI22_X1         236  313.880    9558.990    578542.275 NangateOpenCellLibrary       0 
OAI22_X2           2    4.788     188.705     10272.305 NangateOpenCellLibrary       0 
OAI33_X1           6   11.172     309.556     22072.293 NangateOpenCellLibrary       0 
OR2_X1           105  111.720    2410.575    242528.688 NangateOpenCellLibrary       0 
OR3_X1            13   17.290     320.116     29930.025 NangateOpenCellLibrary       0 
OR4_X1            91  145.236    2580.539     22333.006 NangateOpenCellLibrary       0 
SDFFR_X1           7   46.550     756.541    114114.144 NangateOpenCellLibrary       0 
XNOR2_X1         219  349.524    7436.793   1250867.757 NangateOpenCellLibrary       0 
XNOR2_X2           1    2.660      69.709     11068.388 NangateOpenCellLibrary       0 
XOR2_X1          311  496.356   11180.771   1758703.623 NangateOpenCellLibrary       0 
XOR2_X2            5   11.970     358.954     60736.328 NangateOpenCellLibrary       0 
---------------------------------------------------------------------------------------
total           5589 8311.968  183174.780  19423683.086                                
                                           Leakage  Leakage   Internal   Internal 
     Type      Instances   Area   Area % Power (nW) Power %  Power (nW)   Power % 
----------------------------------------------------------------------------------
sequential           140  754.110    9.1  12491.667     6.8  1712669.695      8.8 
inverter             876  468.160    5.6  12923.369     7.1   990831.778      5.1 
buffer                 4    3.192    0.0     45.138     0.0     9117.270      0.0 
logic               4569 7086.506   85.3 157714.605    86.1 16711064.344     86.0 
physical_cells         0    0.000    0.0      0.000     0.0        0.000      0.0 
----------------------------------------------------------------------------------
total               5589 8311.968  100.0 183174.780   100.0 19423683.086    100.0 
