============================================================
  Generated by:           Genus(TM) Synthesis Solution 25.11-s095_1
  Generated on:           Mar 11 2026  02:17:46 am
  Module:                 sysarr_4_input_fp_adder
  Library domain:         timing_condition_tt_1p2v_25c
    Domain index:         0
    Technology library:   NangateOpenCellLibrary revision 1.0
  Operating conditions:   typical 
  Interconnect mode:      global
  Area mode:              physical library
============================================================

Timing
--------

Analysis view  Clock Period 
----------------------------
view_1p2_25   clock1 1389.0 


  Analysis    Cost   Critical        Violating 
    View     Group  Path Slack  TNS    Paths   
-----------------------------------------------
view_1p2_25  clock1       24.5  0.0          0 
            default   No paths  0.0          0 
-----------------------------------------------
Total                          -0.0          0 
                                               

Instance Count
--------------
Leaf Instance Count             1879 
Physical Instance count            0 
Sequential Instance Count        136 
Combinational Instance Count    1743 
Hierarchical Instance Count        0 

Area
----
Cell Area                          3024.420
Physical Cell Area                 0.000
Total Cell Area (Cell+Physical)    3024.420
Net Area                           2708.394
Total Area (Cell+Physical+Net)     5732.814

Power
-----
Leakage Power                      65549.152 nW
Dynamic Power                      6548427.208 nW
Total Power                        6613976.360 nW

Max Fanout                         136 (clk)
Min Fanout                         0 (nRST)
Average Fanout                     2.3
Terms to net ratio                 3.3298
Terms to instance ratio            3.7233
Runtime                            45.956579 seconds
Elapsed Runtime                    53 seconds
Genus peak memory usage            1665.64 
Innovus peak memory usage          no_value 
Hostname                           asicfab.ecn.purdue.edu
