============================================================
  Generated by:           Genus(TM) Synthesis Solution 25.11-s095_1
  Generated on:           Mar 10 2026  11:09:16 pm
  Operating conditions:   typical 
  Interconnect mode:      global
  Area mode:              physical library
============================================================

                         Leakage   Internal          Library 
 Gate  Instances  Area Power (nW) Power (nW) Library  Domain 
-------------------------------------------------------------
-------------------------------------------------------------
total          0 0.000      0.000      0.000                 
                                        Leakage  Leakage   Internal  Internal 
     Type      Instances  Area Area % Power (nW) Power %  Power (nW)  Power % 
------------------------------------------------------------------------------
sequential           100 0.000    0.0   7911.231    19.5  305613.319     25.5 
inverter               1 0.000    0.0     14.342     0.0       0.000      0.0 
logic               2991 0.000    0.0  32624.855    80.5  890662.796     74.5 
physical_cells         0 0.000    0.0      0.000     0.0       0.000      0.0 
------------------------------------------------------------------------------
total               3092 0.000    0.0  40550.428   100.0 1196276.114    100.0 
