============================================================
  Generated by:           Genus(TM) Synthesis Solution 25.11-s095_1
  Generated on:           Feb 24 2026  09:08:17 am
  Module:                 add_fp16
  Operating conditions:   PVT_1P2V_25C 
  Interconnect mode:      global
  Area mode:              physical library
============================================================


Path 1: MET (9 ps) Setup Check with Pin larger_mantissa_l_reg[11]/CLK->D
           View: view_1p2_25
          Group: clock1
     Startpoint: (R) fp2_in[14]
          Clock: (R) clock1
       Endpoint: (F) larger_mantissa_l_reg[11]/D
          Clock: (R) clock1

                     Capture       Launch     
        Clock Edge:+    1695            0     
        Drv Adjust:+       0           13     
       Src Latency:+       0            0     
       Net Latency:+       0 (I)        0 (I) 
           Arrival:=    1695           13     
                                              
             Setup:-     145                  
       Uncertainty:-       0                  
     Required Time:=    1550                  
      Launch Clock:-      13                  
       Input Delay:-       1                  
         Data Path:-    1527                  
             Slack:=       9                  

Exceptions/Constraints:
  input_delay              1              add_fp16.sdc_line_16_21_1   

#----------------------------------------------------------------------------------------------------
#        Timing Point         Flags   Arc   Edge   Cell     Fanout Load Trans Delay Arrival Instance 
#                                                                  (fF)  (ps)  (ps)   (ps)  Location 
#----------------------------------------------------------------------------------------------------
  fp2_in[14]                  -       -     R     (arrival)      6 38.8    27     0      14    (-,-) 
  fp2_in[14]                  -       -     -     (net)          -    -     -     -       -    (-,-) 
  g35876__5526/X              -       B->X  F     nand2_4x       1  6.0    16    26      40    (-,-) 
  n_22                        -       -     -     (net)          -    -     -     -       -    (-,-) 
  g35860/X                    -       A->X  R     inv_2x         1  9.4    26    24      64    (-,-) 
  n_50                        -       -     -     (net)          -    -     -     -       -    (-,-) 
  g35814__6161/X              -       B->X  F     nor2_4x        3 18.2    40    43     107    (-,-) 
  n_211                       -       -     -     (net)          -    -     -     -       -    (-,-) 
  g35715__7098/X              -       B->X  R     nor2_4x        1 11.1    41    43     150    (-,-) 
  n_212                       -       -     -     (net)          -    -     -     -       -    (-,-) 
  g35679__8246/X              -       A->X  F     aoi21_4x       1 11.0    37    33     183    (-,-) 
  n_258                       -       -     -     (net)          -    -     -     -       -    (-,-) 
  g35653__1881/X              -       A->X  R     oai21_4x       1 16.0    61    52     234    (-,-) 
  n_291                       -       -     -     (net)          -    -     -     -       -    (-,-) 
  g35647/X                    -       A->X  F     inv_6x         7 37.5    32    37     272    (-,-) 
  n_320                       -       -     -     (net)          -    -     -     -       -    (-,-) 
  g35628/X                    -       A->X  R     inv_1x         1  3.4    24    26     298    (-,-) 
  n_308                       -       -     -     (net)          -    -     -     -       -    (-,-) 
  g35616__7482/X              -       A->X  R     and2_2x        6 20.6    57    77     375    (-,-) 
  n_370                       -       -     -     (net)          -    -     -     -       -    (-,-) 
  g35601/X                    -       A->X  R     buf_2x         3 11.1    33    60     435    (-,-) 
  n_375                       -       -     -     (net)          -    -     -     -       -    (-,-) 
  g35526__1617/X              -       B0->X F     aoi22_2x       5 16.0    66    58     493    (-,-) 
  n_454                       -       -     -     (net)          -    -     -     -       -    (-,-) 
  g35466__7482/X              -       A->X  R     oai21_1x       1  3.6    61    57     550    (-,-) 
  n_424                       -       -     -     (net)          -    -     -     -       -    (-,-) 
  g35388__5107/X              -       C->X  R     ao21_1x        1  3.6    27    58     608    (-,-) 
  n_451                       -       -     -     (net)          -    -     -     -       -    (-,-) 
  g35371__8246/X              -       C->X  R     ao21_1x        2  6.9    40    57     665    (-,-) 
  n_494                       -       -     -     (net)          -    -     -     -       -    (-,-) 
  g35361/X                    -       A->X  F     inv_1x         2  6.9    28    34     699    (-,-) 
  n_557                       -       -     -     (net)          -    -     -     -       -    (-,-) 
  g35308__6131/X              -       A1->X R     oai22_1x       3  9.6   136    88     787    (-,-) 
  n_615                       -       -     -     (net)          -    -     -     -       -    (-,-) 
  g35288/X                    -       A->X  F     inv_1x         2  6.7    53    52     839    (-,-) 
  n_659                       -       -     -     (net)          -    -     -     -       -    (-,-) 
  g35228__8428/X              -       A->X  F     ao21_1x        2  6.6    37    82     921    (-,-) 
  n_747                       -       -     -     (net)          -    -     -     -       -    (-,-) 
  g35196__6783/X              -       C->X  F     ao21_1x        2  6.4    36    89    1011    (-,-) 
  n_761                       -       -     -     (net)          -    -     -     -       -    (-,-) 
  g35180__6161/X              -       A->X  R     nor3_1x        2  6.4   124    92    1103    (-,-) 
  n_794                       -       -     -     (net)          -    -     -     -       -    (-,-) 
  g35150__6131/X              -       C->X  F     oai21_1x       1  3.6    55    67    1170    (-,-) 
  n_817                       -       -     -     (net)          -    -     -     -       -    (-,-) 
  g35143__3680/X              -       C->X  R     aoi21_1x       1  3.7    65    63    1232    (-,-) 
  n_825                       -       -     -     (net)          -    -     -     -       -    (-,-) 
  g35137__6417/X              -       A->X  R     oa21_1x        4 12.5    66    87    1319    (-,-) 
  n_859                       -       -     -     (net)          -    -     -     -       -    (-,-) 
  g35131__5115/X              -       A->X  R     or2_2x        22 72.0   173   170    1489    (-,-) 
  n_933                       -       -     -     (net)          -    -     -     -       -    (-,-) 
  g35090__8246/X              -       A->X  F     oai21_1x       1  2.7    65    52    1541    (-,-) 
  n_922                       -       -     -     (net)          -    -     -     -       -    (-,-) 
  larger_mantissa_l_reg[11]/D <<<     -     F     dffrq_1x       1    -     -     0    1541    (-,-) 
#----------------------------------------------------------------------------------------------------

Capture clock path:
#------------------------------------------------------------------------------------------------------
#         Timing Point          Flags   Arc   Edge   Cell     Fanout Load Trans Delay Arrival Instance 
#                                                                    (fF)  (ps)  (ps)   (ps)  Location 
#------------------------------------------------------------------------------------------------------
  clk                           (i)     -     R     (arrival)     39  0.0     1     0    1695    (-,-) 
  clk                           -       -     -     (net)          -    -     -     -       -    (-,-) 
  clk                           -       -     -     (net)          -    -     -     -       -    (-,-) 
  larger_mantissa_l_reg[11]/CLK <<<     -     R     dffrq_1x      39    -     1     0    1695    (-,-) 
#------------------------------------------------------------------------------------------------------


