============================================================
  Generated by:           Genus(TM) Synthesis Solution 25.11-s095_1
  Generated on:           May 23 2026  03:57:13 pm
  Module:                 sysarr_32_input_fp_adder
  Operating conditions:   typical 
  Interconnect mode:      global
  Area mode:              physical library
============================================================


Path 1: MET (0 ps) Setup Check with Pin aligner_inst_aligned_mant_out_reg[18][26]/CK->D
           View: view_1p2_25
          Group: clock1
     Startpoint: (R) aligner_inst_max_l3_n1_r_reg[7]/CK
          Clock: (R) clock1
       Endpoint: (R) aligner_inst_aligned_mant_out_reg[18][26]/D
          Clock: (R) clock1

                     Capture       Launch     
        Clock Edge:+    1000            0     
       Src Latency:+       0            0     
       Net Latency:+       0 (I)        0 (I) 
           Arrival:=    1000            0     
                                              
             Setup:-      35                  
       Uncertainty:-       0                  
     Required Time:=     965                  
      Launch Clock:-       0                  
         Data Path:-     965                  
             Slack:=       0                  

Launch clock path:
#-----------------------------------------------------------------------------------------------------------
#           Timing Point             Flags   Arc   Edge   Cell     Fanout Load Trans Delay Arrival Instance 
#                                                                         (fF)  (ps)  (ps)   (ps)  Location 
#-----------------------------------------------------------------------------------------------------------
  clk                                (i)     -     R     (arrival)   1739  0.0     0     0       0    (-,-) 
  clk                                -       -     -     (net)          -    -     -     -       -    (-,-) 
  clk                                -       -     -     (net)          -    -     -     -       -    (-,-) 
  aligner_inst_max_l3_n1_r_reg[7]/CK <<<     -     R     DFFR_X1     1739    -     1     0       0    (-,-) 
#-----------------------------------------------------------------------------------------------------------

#---------------------------------------------------------------------------------------------------------------------
#                Timing Point                 Flags    Arc   Edge   Cell     Fanout Load Trans Delay Arrival Instance 
#                                                                                   (fF)  (ps)  (ps)   (ps)  Location 
#---------------------------------------------------------------------------------------------------------------------
  aligner_inst_max_l3_n1_r_reg[7]/CK          -       -      R     (arrival)   1739    -     1     0       0    (-,-) 
  aligner_inst_max_l3_n1_r_reg[7]/Q           -       CK->Q  R     DFFR_X1        1  1.9    10   100     100    (-,-) 
  n_700                                       -       -      -     (net)          -    -     -     -       -    (-,-) 
  g473331/ZN                                  -       A1->ZN F     NAND2_X1       1  3.2    10    16     117    (-,-) 
  n_1742                                      -       -      -     (net)          -    -     -     -       -    (-,-) 
  g472432/ZN                                  -       A1->ZN R     NAND2_X2       2  8.3    15    21     138    (-,-) 
  n_2625                                      -       -      -     (net)          -    -     -     -       -    (-,-) 
  g472428/ZN                                  -       A->ZN  F     INV_X1         2  6.8    10    17     155    (-,-) 
  n_2626                                      -       -      -     (net)          -    -     -     -       -    (-,-) 
  g472415/ZN                                  -       A3->ZN R     NAND3_X2       1  6.3    15    24     179    (-,-) 
  n_2637                                      -       -      -     (net)          -    -     -     -       -    (-,-) 
  g472406/ZN                                  -       A1->ZN F     NAND2_X4       4 13.8    10    19     198    (-,-) 
  n_2644                                      -       -      -     (net)          -    -     -     -       -    (-,-) 
  g472405/ZN                                  -       A->ZN  R     INV_X4         3  8.5     8    15     213    (-,-) 
  n_2643                                      -       -      -     (net)          -    -     -     -       -    (-,-) 
  g472397/ZN                                  -       A1->ZN F     NAND2_X2       1  6.0    10    15     228    (-,-) 
  n_2652                                      -       -      -     (net)          -    -     -     -       -    (-,-) 
  g472192/ZN                                  -       A1->ZN R     NAND2_X4       8 43.1    30    37     265    (-,-) 
  n_2682                                      -       -      -     (net)          -    -     -     -       -    (-,-) 
  g472079/ZN                                  -       A->ZN  F     INV_X4         5 14.8    10    15     280    (-,-) 
  n_756                                       -       -      -     (net)          -    -     -     -       -    (-,-) 
  g472078/ZN                                  -       A->ZN  R     INV_X4         5  9.0     9    15     295    (-,-) 
  n_757                                       -       -      -     (net)          -    -     -     -       -    (-,-) 
  g471692/ZN                                  -       A1->ZN F     NAND2_X1       1  1.9     7    13     308    (-,-) 
  n_2970                                      -       -      -     (net)          -    -     -     -       -    (-,-) 
  g471528/ZN                                  -       A1->ZN F     AND2_X2        6 13.6    11    35     343    (-,-) 
  n_3251                                      -       -      -     (net)          -    -     -     -       -    (-,-) 
  g470952/ZN                                  -       A2->ZN R     NAND2_X2       7 12.2    19    28     371    (-,-) 
  n_3786                                      -       -      -     (net)          -    -     -     -       -    (-,-) 
  g470840/ZN                                  -       A->ZN  F     INV_X1         2  3.6     8    13     384    (-,-) 
  n_3785                                      -       -      -     (net)          -    -     -     -       -    (-,-) 
  g470240/ZN                                  -       B1->ZN R     AOI22_X1       1  2.0    26    42     426    (-,-) 
  n_4379                                      -       -      -     (net)          -    -     -     -       -    (-,-) 
  g469503/ZN                                  -       A2->ZN F     NAND2_X1       1  1.7     8    17     443    (-,-) 
  n_5068                                      -       -      -     (net)          -    -     -     -       -    (-,-) 
  g469355/ZN                                  -       A1->ZN R     NOR2_X1        2  2.3    18    26     469    (-,-) 
  n_5368                                      -       -      -     (net)          -    -     -     -       -    (-,-) 
  g468694/Z                                   -       B->Z   R     MUX2_X1        2  3.8    13    44     514    (-,-) 
  n_5974                                      -       -      -     (net)          -    -     -     -       -    (-,-) 
  g468173/Z                                   -       B->Z   R     MUX2_X2        4  6.0    12    39     552    (-,-) 
  n_6479                                      -       -      -     (net)          -    -     -     -       -    (-,-) 
  g467827/ZN                                  -       A2->ZN R     AND2_X1        3  4.2    14    39     591    (-,-) 
  n_6860                                      -       -      -     (net)          -    -     -     -       -    (-,-) 
  g466511/ZN                                  -       A1->ZN R     OR2_X1         2  3.8    12    30     622    (-,-) 
  n_8122                                      -       -      -     (net)          -    -     -     -       -    (-,-) 
  g466169/ZN                                  -       A1->ZN F     NAND2_X1       2  3.4    10    17     639    (-,-) 
  n_8457                                      -       -      -     (net)          -    -     -     -       -    (-,-) 
  g465833/ZN                                  -       A1->ZN R     NOR2_X1        2  5.2    32    42     681    (-,-) 
  n_8816                                      -       -      -     (net)          -    -     -     -       -    (-,-) 
  g465373/ZN                                  -       A1->ZN F     NAND3_X2       3  6.4    18    30     710    (-,-) 
  n_9190                                      -       -      -     (net)          -    -     -     -       -    (-,-) 
  g465156/ZN                                  -       A1->ZN R     NOR2_X2        2  3.8    17    28     739    (-,-) 
  n_9380                                      -       -      -     (net)          -    -     -     -       -    (-,-) 
  g465089/ZN                                  -       A1->ZN F     NAND3_X1       2  5.2    19    31     769    (-,-) 
  n_9443                                      -       -      -     (net)          -    -     -     -       -    (-,-) 
  g464649/ZN                                  -       B2->ZN R     OAI21_X2       2  5.3    23    41     810    (-,-) 
  n_9828                                      -       -      -     (net)          -    -     -     -       -    (-,-) 
  g464349/ZN                                  -       A1->ZN F     NAND2_X2       3  6.3    12    20     830    (-,-) 
  n_10103                                     -       -      -     (net)          -    -     -     -       -    (-,-) 
  g463962/ZN                                  -       A1->ZN R     NOR2_X2        3  5.6    21    30     860    (-,-) 
  n_10447                                     -       -      -     (net)          -    -     -     -       -    (-,-) 
  g462368__5477/ZN                            -       A1->ZN F     NAND2_X1       1  3.2    11    20     880    (-,-) 
  n_11304                                     -       -      -     (net)          -    -     -     -       -    (-,-) 
  g462053__1881/ZN                            -       A1->ZN R     NAND2_X2       2  5.3    19    18     898    (-,-) 
  n_11539                                     -       -      -     (net)          -    -     -     -       -    (-,-) 
  g461874__5107/ZN                            -       A1->ZN F     NAND2_X2       2  6.1    11    19     917    (-,-) 
  n_11589                                     -       -      -     (net)          -    -     -     -       -    (-,-) 
  g461711/ZN                                  -       A->ZN  R     INV_X2         2  3.9     8    14     931    (-,-) 
  n_11636                                     -       -      -     (net)          -    -     -     -       -    (-,-) 
  g461688__2883/ZN                            -       A1->ZN F     NOR2_X1        1  1.9     8     8     939    (-,-) 
  n_11643                                     -       -      -     (net)          -    -     -     -       -    (-,-) 
  g461678__7482/ZN                            -       A2->ZN R     NOR2_X1        1  1.4    15    26     965    (-,-) 
  n_11649                                     -       -      -     (net)          -    -     -     -       -    (-,-) 
  aligner_inst_aligned_mant_out_reg[18][26]/D <<<     -      R     DFFR_X1        1    -     -     0     965    (-,-) 
#---------------------------------------------------------------------------------------------------------------------

Capture clock path:
#---------------------------------------------------------------------------------------------------------------------
#                Timing Point                  Flags   Arc   Edge   Cell     Fanout Load Trans Delay Arrival Instance 
#                                                                                   (fF)  (ps)  (ps)   (ps)  Location 
#---------------------------------------------------------------------------------------------------------------------
  clk                                          (i)     -     R     (arrival)   1739  0.0     0     0    1000    (-,-) 
  clk                                          -       -     -     (net)          -    -     -     -       -    (-,-) 
  clk                                          -       -     -     (net)          -    -     -     -       -    (-,-) 
  aligner_inst_aligned_mant_out_reg[18][26]/CK <<<     -     R     DFFR_X1     1739    -     1     0    1000    (-,-) 
#---------------------------------------------------------------------------------------------------------------------


