============================================================
  Generated by:           Genus(TM) Synthesis Solution 25.11-s095_1
  Generated on:           Jan 31 2026  11:07:22 pm
  Module:                 add_bf16
  Operating conditions:   PVT_1P2V_25C 
  Interconnect mode:      global
  Area mode:              physical library
============================================================

Timing
--------

Analysis view  Clock Period 
----------------------------
view_1p2_25   clock1 1802.0 


  Analysis    Cost   Critical        Violating 
    View     Group  Path Slack  TNS    Paths   
-----------------------------------------------
view_1p2_25  clock1        0.0  0.0          0 
            default   No paths  0.0          0 
-----------------------------------------------
Total                          -0.0          0 
                                               

Instance Count
--------------
Leaf Instance Count             679 
Physical Instance count           0 
Sequential Instance Count        30 
Combinational Instance Count    649 
Hierarchical Instance Count       0 

Area
----
Cell Area                          3423.795
Physical Cell Area                 0.000
Total Cell Area (Cell+Physical)    3423.795
Net Area                           2235.208
Total Area (Cell+Physical+Net)     5659.003

Power
-----
Leakage Power                      1792.463 nW
Dynamic Power                      1733722.319 nW
Total Power                        1735514.783 nW

Max Fanout                         30 (clk)
Min Fanout                         0 (nRST)
Average Fanout                     2.3
Terms to net ratio                 3.2225
Terms to instance ratio            3.4124
Runtime                            58.994335 seconds
Elapsed Runtime                    65 seconds
Genus peak memory usage            2075.34 
Innovus peak memory usage          no_value 
Hostname                           asicfab.ecn.purdue.edu
