============================================================
  Generated by:           Genus(TM) Synthesis Solution 25.11-s095_1
  Generated on:           Mar 10 2026  10:45:20 pm
  Module:                 sysarr_4_input_fp_adder
  Library domain:         timing_condition_tt_1p2v_25c
    Domain index:         0
    Technology library:   NangateOpenCellLibrary revision 1.0
  Operating conditions:   typical 
  Interconnect mode:      global
  Area mode:              physical library
============================================================

Timing
--------

Analysis view  Clock Period 
----------------------------
view_1p2_25   clock1 1031.0 


  Analysis    Cost   Critical        Violating 
    View     Group  Path Slack  TNS    Paths   
-----------------------------------------------
view_1p2_25  clock1      110.4  0.0          0 
            default   No paths  0.0          0 
-----------------------------------------------
Total                          -0.0          0 
                                               

Instance Count
--------------
Leaf Instance Count             4587 
Physical Instance count            0 
Sequential Instance Count        136 
Combinational Instance Count    4451 
Hierarchical Instance Count        2 

Area
----
Cell Area                          7831.813
Physical Cell Area                 0.000
Total Cell Area (Cell+Physical)    7831.813
Net Area                           25.916
Total Area (Cell+Physical+Net)     7857.729

Power
-----
Leakage Power                      60379.473 nW
Dynamic Power                      3111870.737 nW
Total Power                        3172250.210 nW

Max Fanout                         250 (n_5316)
Min Fanout                         0 (n_858)
Average Fanout                     1.9
Terms to net ratio                 3.0530
Terms to instance ratio            3.1421
Runtime                            49.941817 seconds
Elapsed Runtime                    57 seconds
Genus peak memory usage            1742.60 
Innovus peak memory usage          no_value 
Hostname                           asicfab.ecn.purdue.edu
