============================================================
  Generated by:           Genus(TM) Synthesis Solution 25.11-s095_1
  Generated on:           May 25 2026  03:54:46 am
  Operating conditions:   typical 
  Interconnect mode:      global
  Area mode:              physical library
============================================================

                                 Leakage      Internal                          Library 
   Gate    Instances    Area    Power (nW)   Power (nW)          Library         Domain 
----------------------------------------------------------------------------------------
AND2_X1         1022  1087.408   25926.578   1249246.648 NangateOpenCellLibrary       0 
AND2_X2           60    79.800    3124.627    188083.028 NangateOpenCellLibrary       0 
AND2_X4           28    67.032    2879.051    148295.778 NangateOpenCellLibrary       0 
AND3_X1           54    71.820    1554.946     75979.788 NangateOpenCellLibrary       0 
AND3_X2           13    20.748     828.673     38672.467 NangateOpenCellLibrary       0 
AND3_X4            6    17.556     813.892     23183.568 NangateOpenCellLibrary       0 
AND4_X1           29    46.284     845.115     18184.991 NangateOpenCellLibrary       0 
AND4_X2            4     7.448     278.345     10428.665 NangateOpenCellLibrary       0 
AOI211_X1          5     6.650     151.728      8561.779 NangateOpenCellLibrary       0 
AOI211_X2          2     4.788     143.290      7325.876 NangateOpenCellLibrary       0 
AOI211_X4          3     8.778     335.376     41296.942 NangateOpenCellLibrary       0 
AOI21_X1         744   791.616   18973.816   1039764.491 NangateOpenCellLibrary       0 
AOI21_X2         131   243.922    6898.494    363460.405 NangateOpenCellLibrary       0 
AOI21_X4          15    51.870    1506.531     96159.378 NangateOpenCellLibrary       0 
AOI221_X1         58    92.568    2123.702    138270.143 NangateOpenCellLibrary       0 
AOI221_X2          2     5.852     176.414      9379.504 NangateOpenCellLibrary       0 
AOI222_X1          6    12.768     266.837     10600.014 NangateOpenCellLibrary       0 
AOI22_X1         359   477.470   10657.609    398595.404 NangateOpenCellLibrary       0 
AOI22_X2          11    26.334     726.922     43437.772 NangateOpenCellLibrary       0 
BUF_X1             5     3.990     113.964      7189.314 NangateOpenCellLibrary       0 
BUF_X2             3     3.192     129.526     13085.787 NangateOpenCellLibrary       0 
BUF_X4             1     1.862      88.714      8970.513 NangateOpenCellLibrary       0 
CLKBUF_X1         36    28.728     394.028     35381.305 NangateOpenCellLibrary       0 
CLKBUF_X2          1     1.064      22.918       764.426 NangateOpenCellLibrary       0 
DFFR_X1         2051 10911.320  180811.931  19807425.526 NangateOpenCellLibrary       0 
DFFR_X2           19   111.188    2476.054    139957.190 NangateOpenCellLibrary       0 
DFF_X1           174   786.828   13719.889   1848336.744 NangateOpenCellLibrary       0 
FA_X1            302  1285.312   21781.188   1862095.404 NangateOpenCellLibrary       0 
HA_X1             99   263.340    5789.813    355673.870 NangateOpenCellLibrary       0 
INV_X1          3329  1771.028   48016.711   2053767.682 NangateOpenCellLibrary       0 
INV_X16            5    22.610    1090.485     73347.183 NangateOpenCellLibrary       0 
INV_X2           166   132.468    4651.610    219632.534 NangateOpenCellLibrary       0 
INV_X4            55    73.150    3097.527    115005.134 NangateOpenCellLibrary       0 
INV_X8            21    50.274    2439.633    116434.075 NangateOpenCellLibrary       0 
MUX2_X1          452   841.624   16385.973   1284418.903 NangateOpenCellLibrary       0 
MUX2_X2           10    23.940     695.308     58909.772 NangateOpenCellLibrary       0 
NAND2_X1        3201  2554.398   60808.808   2431680.028 NangateOpenCellLibrary       0 
NAND2_X2         384   510.720   17463.289    725917.706 NangateOpenCellLibrary       0 
NAND2_X4         128   306.432   13598.041    499022.422 NangateOpenCellLibrary       0 
NAND3_X1         250   266.000    6149.121    200129.749 NangateOpenCellLibrary       0 
NAND3_X2          16    29.792    1031.273     29133.774 NangateOpenCellLibrary       0 
NAND3_X4           2     6.916     426.255      6481.165 NangateOpenCellLibrary       0 
NAND4_X1          88   117.040    2208.685     39510.744 NangateOpenCellLibrary       0 
NAND4_X2           6    14.364     297.415     20428.748 NangateOpenCellLibrary       0 
NAND4_X4           4    19.152     275.883     11565.690 NangateOpenCellLibrary       0 
NOR2_X1         2408  1921.584   51172.481   1962587.714 NangateOpenCellLibrary       0 
NOR2_X2          203   269.990    8537.389    356295.104 NangateOpenCellLibrary       0 
NOR2_X4          135   323.190   11050.686    531780.304 NangateOpenCellLibrary       0 
NOR3_X1          137   145.768    3777.527    120170.681 NangateOpenCellLibrary       0 
NOR3_X2            7    13.034     359.301     21054.071 NangateOpenCellLibrary       0 
NOR4_X1           81   107.730    2772.708     30224.399 NangateOpenCellLibrary       0 
NOR4_X2            1     2.394      87.326         0.000 NangateOpenCellLibrary       0 
OAI211_X1        133   176.890    5901.807    220966.868 NangateOpenCellLibrary       0 
OAI211_X2          5    11.970     389.856     18310.044 NangateOpenCellLibrary       0 
OAI21_X1         991  1054.424   30035.453   1258138.836 NangateOpenCellLibrary       0 
OAI21_X2         144   268.128    8286.816    330840.395 NangateOpenCellLibrary       0 
OAI21_X4          25    86.450    2835.426    176075.360 NangateOpenCellLibrary       0 
OAI221_X1         36    57.456    1717.146     58326.730 NangateOpenCellLibrary       0 
OAI221_X2          1     2.926      81.108      1421.021 NangateOpenCellLibrary       0 
OAI222_X1         49   104.272    2683.477    125976.787 NangateOpenCellLibrary       0 
OAI222_X2          2     7.448     218.815     11870.281 NangateOpenCellLibrary       0 
OAI22_X1         633   841.890   27345.914    811074.929 NangateOpenCellLibrary       0 
OAI22_X2          25    59.850    1820.863     86562.793 NangateOpenCellLibrary       0 
OR2_X1           610   649.040   14588.330    961711.375 NangateOpenCellLibrary       0 
OR2_X2            26    34.580    1220.270     62586.654 NangateOpenCellLibrary       0 
OR2_X4             2     4.788     181.247     15179.061 NangateOpenCellLibrary       0 
OR3_X1            41    54.530    1061.475     38287.303 NangateOpenCellLibrary       0 
OR3_X2             7    11.172     354.990     18057.503 NangateOpenCellLibrary       0 
OR4_X1            99   158.004    2726.820     45935.761 NangateOpenCellLibrary       0 
OR4_X2             1     1.862      70.313      7023.966 NangateOpenCellLibrary       0 
SDFFRS_X1          3    23.142     377.716     38365.135 NangateOpenCellLibrary       0 
SDFFR_X1          45   299.250    4847.128    516398.433 NangateOpenCellLibrary       0 
SDFF_X1            1     6.118      98.517      8934.578 NangateOpenCellLibrary       0 
XNOR2_X1         648  1034.208   23853.316   1389553.648 NangateOpenCellLibrary       0 
XNOR2_X2          77   204.820    5565.270    439323.103 NangateOpenCellLibrary       0 
XOR2_X1          405   646.380   14233.193   1188948.099 NangateOpenCellLibrary       0 
XOR2_X2            5    11.970     365.111     29826.261 NangateOpenCellLibrary       0 
----------------------------------------------------------------------------------------
total          20346 31852.702  710793.786  46754999.226                                
                                            Leakage  Leakage   Internal   Internal 
     Type      Instances    Area   Area % Power (nW) Power %  Power (nW)   Power % 
-----------------------------------------------------------------------------------
sequential          2293 12137.846   38.1 202331.234    28.5 22359417.605     47.8 
inverter            3576  2049.530    6.4  59295.966     8.3  2578186.609      5.5 
buffer                46    38.836    0.1    749.150     0.1    65391.345      0.1 
logic              14431 17626.490   55.3 448417.436    63.1 21752003.668     46.5 
physical_cells         0     0.000    0.0      0.000     0.0        0.000      0.0 
-----------------------------------------------------------------------------------
total              20346 31852.702  100.0 710793.786   100.0 46754999.226    100.0 
