============================================================
  Generated by:           Genus(TM) Synthesis Solution 25.11-s095_1
  Generated on:           Mar 10 2026  09:02:08 pm
  Module:                 add_bf16_1C
  Library domain:         timing_condition_tt_1p2v_25c
    Domain index:         0
    Technology library:   NangateOpenCellLibrary revision 1.0
  Operating conditions:   typical 
  Interconnect mode:      global
  Area mode:              physical library
============================================================

Timing
--------

Analysis view  Clock Period 
----------------------------
view_1p2_25   clock1 1149.0 


  Analysis    Cost   Critical        Violating 
    View     Group  Path Slack  TNS    Paths   
-----------------------------------------------
view_1p2_25  clock1        0.7  0.0          0 
            default   No paths  0.0          0 
-----------------------------------------------
Total                          -0.0          0 
                                               

Instance Count
--------------
Leaf Instance Count             738 
Physical Instance count           0 
Sequential Instance Count        33 
Combinational Instance Count    705 
Hierarchical Instance Count       0 

Area
----
Cell Area                          949.354
Physical Cell Area                 0.000
Total Cell Area (Cell+Physical)    949.354
Net Area                           994.542
Total Area (Cell+Physical+Net)     1943.896

Power
-----
Leakage Power                      22901.933 nW
Dynamic Power                      1718185.807 nW
Total Power                        1741087.740 nW

Max Fanout                         33 (clk)
Min Fanout                         0 (nRST)
Average Fanout                     2.2
Terms to net ratio                 3.2581
Terms to instance ratio            3.4214
Runtime                            43.994461 seconds
Elapsed Runtime                    50 seconds
Genus peak memory usage            1654.75 
Innovus peak memory usage          no_value 
Hostname                           asicfab.ecn.purdue.edu
