============================================================
  Generated by:           Genus(TM) Synthesis Solution 25.11-s095_1
  Generated on:           Mar 10 2026  09:02:13 pm
  Module:                 add_bf16_1C
  Operating conditions:   typical 
  Interconnect mode:      global
  Area mode:              physical library
============================================================


Path 1: MET (1 ps) Late External Delay Assertion at pin bf_out[12]
           View: view_1p2_25
          Group: clock1
     Startpoint: (R) bf2_in_reg[7]/CK
          Clock: (R) clock1
       Endpoint: (R) bf_out[12]
          Clock: (R) clock1

                     Capture       Launch     
        Clock Edge:+    1149            0     
       Src Latency:+       0            0     
       Net Latency:+       0 (I)        0 (I) 
           Arrival:=    1149            0     
                                              
      Output Delay:-       1                  
       Uncertainty:-       0                  
     Required Time:=    1148                  
      Launch Clock:-       0                  
         Data Path:-    1148                  
             Slack:=       1                  

Exceptions/Constraints:
  output_delay              1              add_bf16_1C.sdc_line_21_36_1   

Launch clock path:
#-----------------------------------------------------------------------------------------
#  Timing Point    Flags   Arc   Edge   Cell     Fanout Load Trans Delay Arrival Instance 
#                                                       (fF)  (ps)  (ps)   (ps)  Location 
#-----------------------------------------------------------------------------------------
  clk              (i)     -     R     (arrival)     33  0.0     0     0       0    (-,-) 
  clk              -       -     -     (net)          -    -     -     -       -    (-,-) 
  clk              -       -     -     (net)          -    -     -     -       -    (-,-) 
  bf2_in_reg[7]/CK <<<     -     R     DFFR_X2       33    -     1     0       0    (-,-) 
#-----------------------------------------------------------------------------------------

#------------------------------------------------------------------------------------------
#  Timing Point    Flags    Arc   Edge   Cell     Fanout Load Trans Delay Arrival Instance 
#                                                        (fF)  (ps)  (ps)   (ps)  Location 
#------------------------------------------------------------------------------------------
  bf2_in_reg[7]/CK -       -      R     (arrival)     33    -     1     0       0    (-,-) 
  bf2_in_reg[7]/QN -       CK->QN F     DFFR_X2        4  9.2    21    98      98    (-,-) 
  bf2_in[7]        -       -      -     (net)          -    -     -     -       -    (-,-) 
  g36623/ZN        -       A->ZN  R     INV_X2         1  3.4    10    18     115    (-,-) 
  n_1              -       -      -     (net)          -    -     -     -       -    (-,-) 
  g36604__7410/ZN  -       A1->ZN F     NAND2_X2       3 10.7    14    21     136    (-,-) 
  n_49             -       -      -     (net)          -    -     -     -       -    (-,-) 
  g36592/ZN        -       A->ZN  R     INV_X2         2  5.3    10    18     154    (-,-) 
  n_59             -       -      -     (net)          -    -     -     -       -    (-,-) 
  g36487__9945/ZN  -       A1->ZN F     NAND2_X2       2  6.3    10    16     170    (-,-) 
  n_102            -       -      -     (net)          -    -     -     -       -    (-,-) 
  g36464/ZN        -       A->ZN  R     INV_X2         1  3.3     7    13     183    (-,-) 
  n_103            -       -      -     (net)          -    -     -     -       -    (-,-) 
  g36442__2883/ZN  -       C1->ZN F     OAI211_X2      2  4.9    16    21     204    (-,-) 
  n_153            -       -      -     (net)          -    -     -     -       -    (-,-) 
  g36430__2802/ZN  -       A1->ZN R     NAND2_X2       3  7.3    14    23     227    (-,-) 
  n_190            -       -      -     (net)          -    -     -     -       -    (-,-) 
  g36396__1705/ZN  -       B1->ZN F     OAI21_X1       1  1.8    10    15     242    (-,-) 
  n_191            -       -      -     (net)          -    -     -     -       -    (-,-) 
  g36381/ZN        -       A->ZN  R     INV_X1         1  3.6    11    18     260    (-,-) 
  n_197            -       -      -     (net)          -    -     -     -       -    (-,-) 
  g36352__7098/ZN  -       A2->ZN F     NAND4_X2       1  6.6    22    35     296    (-,-) 
  n_228            -       -      -     (net)          -    -     -     -       -    (-,-) 
  g36326__6260/ZN  -       A2->ZN R     NOR2_X4        4  7.2    16    34     329    (-,-) 
  n_318            -       -      -     (net)          -    -     -     -       -    (-,-) 
  g36319/ZN        -       A->ZN  F     INV_X1         7 14.3    16    27     356    (-,-) 
  n_326            -       -      -     (net)          -    -     -     -       -    (-,-) 
  g36274__5122/ZN  -       B2->ZN R     OAI22_X1       3  4.9    45    62     418    (-,-) 
  n_316            -       -      -     (net)          -    -     -     -       -    (-,-) 
  g36263__5107/ZN  -       A1->ZN R     OR2_X1         2  5.7    17    41     460    (-,-) 
  n_332            -       -      -     (net)          -    -     -     -       -    (-,-) 
  g36240__4733/ZN  -       A2->ZN F     NAND2_X2       5 11.4    15    25     484    (-,-) 
  n_378            -       -      -     (net)          -    -     -     -       -    (-,-) 
  g36221__1666/ZN  -       A2->ZN R     NAND2_X1       1  2.0    11    20     505    (-,-) 
  n_364            -       -      -     (net)          -    -     -     -       -    (-,-) 
  g36199__7098/ZN  -       A1->ZN R     AND2_X2        3  5.6    11    33     538    (-,-) 
  n_388            -       -      -     (net)          -    -     -     -       -    (-,-) 
  g36188__6783/ZN  -       A1->ZN F     NAND2_X1       2  3.5    13    17     555    (-,-) 
  n_391            -       -      -     (net)          -    -     -     -       -    (-,-) 
  g36180__2346/ZN  -       A1->ZN R     NAND2_X1       2  3.8    14    22     577    (-,-) 
  n_410            -       -      -     (net)          -    -     -     -       -    (-,-) 
  g36173__5115/ZN  -       A1->ZN F     NAND3_X1       1  1.8    15    19     596    (-,-) 
  n_415            -       -      -     (net)          -    -     -     -       -    (-,-) 
  g36171__1617/ZN  -       A1->ZN R     NAND2_X1       3  7.2    22    31     627    (-,-) 
  n_443            -       -      -     (net)          -    -     -     -       -    (-,-) 
  g36155__4733/ZN  -       B1->ZN F     OAI21_X2       2  3.5    12    17     644    (-,-) 
  n_452            -       -      -     (net)          -    -     -     -       -    (-,-) 
  g36153/ZN        -       A->ZN  R     INV_X1         2  5.2    15    23     667    (-,-) 
  n_470            -       -      -     (net)          -    -     -     -       -    (-,-) 
  g36137__5477/ZN  -       B1->ZN F     OAI21_X2       1  6.0    28    19     686    (-,-) 
  n_474            -       -      -     (net)          -    -     -     -       -    (-,-) 
  g36129__9945/ZN  -       A1->ZN R     NAND2_X4       8 16.4    16    29     715    (-,-) 
  n_519            -       -      -     (net)          -    -     -     -       -    (-,-) 
  g36119__8246/ZN  -       A1->ZN R     AND2_X2        3  9.9    16    41     756    (-,-) 
  n_501            -       -      -     (net)          -    -     -     -       -    (-,-) 
  g36110__6783/ZN  -       A1->ZN F     NAND2_X4       6 12.7    16    18     775    (-,-) 
  n_520            -       -      -     (net)          -    -     -     -       -    (-,-) 
  g36106/ZN        -       A->ZN  R     INV_X2         4 10.4    15    25     800    (-,-) 
  n_518            -       -      -     (net)          -    -     -     -       -    (-,-) 
  g36086__2802/ZN  -       B1->ZN F     AOI21_X2       3  6.4    15    19     819    (-,-) 
  n_558            -       -      -     (net)          -    -     -     -       -    (-,-) 
  g36078__7410/ZN  -       A1->ZN R     NOR2_X2        4  6.7    23    34     853    (-,-) 
  n_566            -       -      -     (net)          -    -     -     -       -    (-,-) 
  g36021__6260/ZN  -       A2->ZN R     AND2_X2        2  5.2    10    37     890    (-,-) 
  n_585            -       -      -     (net)          -    -     -     -       -    (-,-) 
  g36005__4733/ZN  -       A1->ZN F     NAND2_X2       3  7.1    10    17     907    (-,-) 
  n_621            -       -      -     (net)          -    -     -     -       -    (-,-) 
  g35985__8428/ZN  -       A1->ZN R     NOR2_X2        3  6.7    23    32     940    (-,-) 
  n_633            -       -      -     (net)          -    -     -     -       -    (-,-) 
  g35973__6161/ZN  -       A1->ZN R     OR2_X4         2  5.3     9    25     964    (-,-) 
  n_645            -       -      -     (net)          -    -     -     -       -    (-,-) 
  g35959__3680/ZN  -       B1->ZN F     AOI21_X2       2  4.8    15    15     980    (-,-) 
  n_664            -       -      -     (net)          -    -     -     -       -    (-,-) 
  g35953__5477/ZN  -       A1->ZN R     NOR2_X2        4  9.5    30    41    1021    (-,-) 
  n_673            -       -      -     (net)          -    -     -     -       -    (-,-) 
  g35942__9945/ZN  -       B1->ZN F     OAI21_X2       3  5.3    13    21    1042    (-,-) 
  n_678            -       -      -     (net)          -    -     -     -       -    (-,-) 
  g35936__5115/ZN  -       A1->ZN F     AND2_X2        1  4.1     6    30    1072    (-,-) 
  n_679            -       -      -     (net)          -    -     -     -       -    (-,-) 
  g35927__5122/ZN  -       A->ZN  F     XNOR2_X2       2  3.5    12    35    1107    (-,-) 
  n_695            -       -      -     (net)          -    -     -     -       -    (-,-) 
  g35925/ZN        -       A->ZN  R     INV_X1         1  1.9     8    15    1122    (-,-) 
  n_696            -       -      -     (net)          -    -     -     -       -    (-,-) 
  g35921__6260/ZN  -       A1->ZN F     NAND2_X1       1  1.8     7    12    1134    (-,-) 
  n_703            -       -      -     (net)          -    -     -     -       -    (-,-) 
  g35918__2398/ZN  -       A2->ZN R     NAND3_X1       1  0.3     9    14    1148    (-,-) 
  bf_out[12]       -       -      -     (net)          -    -     -     -       -    (-,-) 
  bf_out[12]       <<<     -      R     (port)         -    -     -     0    1148    (-,-) 
#------------------------------------------------------------------------------------------


