============================================================
  Generated by:           Genus(TM) Synthesis Solution 25.11-s095_1
  Generated on:           May 24 2026  07:22:52 am
  Operating conditions:   typical 
  Interconnect mode:      global
  Area mode:              physical library
============================================================

                                 Leakage      Internal                          Library 
   Gate    Instances    Area    Power (nW)   Power (nW)          Library         Domain 
----------------------------------------------------------------------------------------
AND2_X1         1158  1232.112   30657.221   1644491.328 NangateOpenCellLibrary       0 
AND2_X2           82   109.060    4186.808    221753.986 NangateOpenCellLibrary       0 
AND2_X4           24    57.456    2522.779    159986.866 NangateOpenCellLibrary       0 
AND3_X1           62    82.460    1804.616     72920.424 NangateOpenCellLibrary       0 
AND3_X2           10    15.960     644.050     34226.209 NangateOpenCellLibrary       0 
AND3_X4            5    14.630     535.801     26014.440 NangateOpenCellLibrary       0 
AND4_X1           30    47.880    1009.520     27453.913 NangateOpenCellLibrary       0 
AND4_X2            6    11.172     427.771     24229.242 NangateOpenCellLibrary       0 
AND4_X4            2     6.916     159.696         0.000 NangateOpenCellLibrary       0 
AOI211_X1          7     9.310     237.451      9629.448 NangateOpenCellLibrary       0 
AOI211_X2          1     2.394      79.383       275.104 NangateOpenCellLibrary       0 
AOI21_X1         690   734.160   17094.290    897959.934 NangateOpenCellLibrary       0 
AOI21_X2         201   374.262   11143.196    570374.481 NangateOpenCellLibrary       0 
AOI21_X4          43   148.694    4796.613    284210.320 NangateOpenCellLibrary       0 
AOI221_X1         45    71.820    1769.982     96695.785 NangateOpenCellLibrary       0 
AOI221_X2          1     2.926      62.073      5043.851 NangateOpenCellLibrary       0 
AOI221_X4          1     3.458     105.545     14959.400 NangateOpenCellLibrary       0 
AOI222_X1          8    17.024     348.866      9079.865 NangateOpenCellLibrary       0 
AOI222_X2          1     3.724     105.110      5797.743 NangateOpenCellLibrary       0 
AOI22_X1         319   424.270    9200.240    325780.691 NangateOpenCellLibrary       0 
AOI22_X2          24    57.456    1268.907     47179.730 NangateOpenCellLibrary       0 
AOI22_X4           1     4.522     130.448      2310.145 NangateOpenCellLibrary       0 
BUF_X1            12     9.576     257.576     20295.100 NangateOpenCellLibrary       0 
BUF_X2            46    48.944    1970.934    190423.714 NangateOpenCellLibrary       0 
BUF_X4             4     7.448     338.650     19114.484 NangateOpenCellLibrary       0 
CLKBUF_X1         18    14.364     197.074     17627.015 NangateOpenCellLibrary       0 
CLKBUF_X2          2     2.128      42.186      3818.038 NangateOpenCellLibrary       0 
DFFR_X1         1904 10129.280  167834.122  18085090.654 NangateOpenCellLibrary       0 
DFFR_X2            1     5.852     130.350      6690.363 NangateOpenCellLibrary       0 
DFF_X1           148   669.256   11668.944   1629694.403 NangateOpenCellLibrary       0 
FA_X1             54   229.824    4043.272    386957.551 NangateOpenCellLibrary       0 
HA_X1             63   167.580    3767.398    263282.174 NangateOpenCellLibrary       0 
INV_X1          4149  2207.268   59540.560   2643987.733 NangateOpenCellLibrary       0 
INV_X16            1     4.522     208.907     16741.437 NangateOpenCellLibrary       0 
INV_X2           391   312.018   11118.140    524560.816 NangateOpenCellLibrary       0 
INV_X4            78   103.740    4474.526    191166.705 NangateOpenCellLibrary       0 
INV_X8            18    43.092    1988.392     80805.018 NangateOpenCellLibrary       0 
MUX2_X1          451   839.762   16285.903   1231509.294 NangateOpenCellLibrary       0 
MUX2_X2            8    19.152     573.953     50053.623 NangateOpenCellLibrary       0 
NAND2_X1        4601  3671.598   92898.810   3613302.347 NangateOpenCellLibrary       0 
NAND2_X2         561   746.130   27271.054    936842.816 NangateOpenCellLibrary       0 
NAND2_X4         170   406.980   17377.241    598701.874 NangateOpenCellLibrary       0 
NAND3_X1         260   276.640    7041.103    223290.303 NangateOpenCellLibrary       0 
NAND3_X2          41    76.342    2251.117    101675.557 NangateOpenCellLibrary       0 
NAND3_X4          10    34.580     848.497     35805.694 NangateOpenCellLibrary       0 
NAND4_X1         102   135.660    2340.904     48208.227 NangateOpenCellLibrary       0 
NAND4_X2           4     9.576     300.526      9216.443 NangateOpenCellLibrary       0 
NAND4_X4           2     9.576     283.511     13673.811 NangateOpenCellLibrary       0 
NOR2_X1         2276  1816.248   48758.903   1857407.753 NangateOpenCellLibrary       0 
NOR2_X2          289   384.370   12168.302    462604.131 NangateOpenCellLibrary       0 
NOR2_X4          174   416.556   14543.371    661528.727 NangateOpenCellLibrary       0 
NOR3_X1           55    58.520    1536.461     37683.520 NangateOpenCellLibrary       0 
NOR3_X2            8    14.896     397.699     19729.368 NangateOpenCellLibrary       0 
NOR3_X4            1     3.724     120.355      1202.203 NangateOpenCellLibrary       0 
NOR4_X1           83   110.390    2810.363     25627.662 NangateOpenCellLibrary       0 
OAI211_X1         85   113.050    3156.391    115673.473 NangateOpenCellLibrary       0 
OAI211_X2         30    71.820    2870.174    123271.367 NangateOpenCellLibrary       0 
OAI21_X1        1187  1262.968   33682.359   1675136.894 NangateOpenCellLibrary       0 
OAI21_X2         165   307.230    9407.828    436382.372 NangateOpenCellLibrary       0 
OAI21_X4          32   110.656    3380.226    217497.290 NangateOpenCellLibrary       0 
OAI221_X1         51    81.396    2226.755     90504.141 NangateOpenCellLibrary       0 
OAI221_X2          8    23.408     882.852     41343.107 NangateOpenCellLibrary       0 
OAI222_X1         52   110.656    2764.863    122461.145 NangateOpenCellLibrary       0 
OAI222_X2          2     7.448     233.313     11636.284 NangateOpenCellLibrary       0 
OAI22_X1         487   647.710   20447.921    651313.152 NangateOpenCellLibrary       0 
OAI22_X2          14    33.516    1061.938     43027.485 NangateOpenCellLibrary       0 
OAI22_X4           3    13.566     409.392     20707.329 NangateOpenCellLibrary       0 
OR2_X1           643   684.152   15079.658   1029303.061 NangateOpenCellLibrary       0 
OR2_X2            19    25.270     874.820     61471.336 NangateOpenCellLibrary       0 
OR2_X4             5    11.970     476.848     24589.811 NangateOpenCellLibrary       0 
OR3_X1            43    57.190    1080.092     56680.294 NangateOpenCellLibrary       0 
OR3_X4             1     2.926     119.416     10556.160 NangateOpenCellLibrary       0 
OR4_X1            63   100.548    1737.068     20149.075 NangateOpenCellLibrary       0 
OR4_X2             1     1.862      71.815      5966.002 NangateOpenCellLibrary       0 
SDFFRS_X1          1     7.714     124.043     13398.639 NangateOpenCellLibrary       0 
SDFFR_X1          17   113.050    1816.400    196058.541 NangateOpenCellLibrary       0 
SDFFR_X2           8    55.328    1146.660    115552.053 NangateOpenCellLibrary       0 
XNOR2_X1         607   968.772   22311.442   1547596.637 NangateOpenCellLibrary       0 
XNOR2_X2         316   840.560   23094.183   1766175.932 NangateOpenCellLibrary       0 
XOR2_X1          577   920.892   20072.829   1724051.936 NangateOpenCellLibrary       0 
XOR2_X2           86   205.884    6093.896    510370.916 NangateOpenCellLibrary       0 
----------------------------------------------------------------------------------------
total          23209 33196.800  778302.653  49119565.898                                
                                            Leakage  Leakage   Internal   Internal 
     Type      Instances    Area   Area % Power (nW) Power %  Power (nW)   Power % 
-----------------------------------------------------------------------------------
sequential          2079 10980.480   33.1 182720.519    23.5 20046484.654     40.8 
inverter            4637  2670.640    8.0  77330.526     9.9  3457261.710      7.0 
buffer                82    82.460    0.2   2806.420     0.4   251278.350      0.5 
logic              16411 19463.220   58.6 515445.187    66.2 25364541.184     51.6 
physical_cells         0     0.000    0.0      0.000     0.0        0.000      0.0 
-----------------------------------------------------------------------------------
total              23209 33196.800  100.0 778302.653   100.0 49119565.898    100.0 
