============================================================
  Generated by:           Genus(TM) Synthesis Solution 25.11-s095_1
  Generated on:           May 24 2026  07:22:31 am
  Module:                 sysarr_32_input_fp_adder
  Library domain:         timing_condition_tt_1p2v_25c
    Domain index:         0
    Technology library:   NangateOpenCellLibrary revision 1.0
  Operating conditions:   typical 
  Interconnect mode:      global
  Area mode:              physical library
============================================================

Timing
--------

Analysis view  Clock Period 
----------------------------
view_1p2_25   clock1 1000.0 


  Analysis    Cost   Critical          Violating 
    View     Group  Path Slack   TNS     Paths   
-------------------------------------------------
view_1p2_25  clock1       -9.9 -344.2         83 
            default   No paths    0.0          0 
-------------------------------------------------
Total                          -344.2         83 
                                                 

Instance Count
--------------
Leaf Instance Count             23209 
Physical Instance count             0 
Sequential Instance Count        2079 
Combinational Instance Count    21130 
Hierarchical Instance Count         0 

Area
----
Cell Area                          33196.800
Physical Cell Area                 0.000
Total Cell Area (Cell+Physical)    33196.800
Net Area                           28144.764
Total Area (Cell+Physical+Net)     61341.564

Power
-----
Leakage Power                      778302.653 nW
Dynamic Power                      84743422.203 nW
Total Power                        85521724.856 nW

Max Fanout                         2079 (clk)
Min Fanout                         0 (n_13400)
Average Fanout                     2.0
Terms to net ratio                 3.1396
Terms to instance ratio            3.2536
Runtime                            47.010196 seconds
Elapsed Runtime                    50 seconds
Genus peak memory usage            1771.12 
Innovus peak memory usage          no_value 
Hostname                           asicfab.ecn.purdue.edu
