============================================================
  Generated by:           Genus(TM) Synthesis Solution 25.11-s095_1
  Generated on:           Feb 24 2026  01:01:28 pm
  Module:                 add_fp16
  Operating conditions:   PVT_1P2V_25C 
  Interconnect mode:      global
  Area mode:              physical library
============================================================


Path 1: MET (41 ps) Setup Check with Pin smaller_mantissa_l_reg[9]/CLK->D
           View: view_1p2_25
          Group: clock1
     Startpoint: (R) fp1_in[11]
          Clock: (R) clock1
       Endpoint: (F) smaller_mantissa_l_reg[9]/D
          Clock: (R) clock1

                     Capture       Launch     
        Clock Edge:+    1905            0     
        Drv Adjust:+       0            8     
       Src Latency:+       0            0     
       Net Latency:+       0 (I)        0 (I) 
           Arrival:=    1905            8     
                                              
             Setup:-     146                  
       Uncertainty:-       0                  
     Required Time:=    1758                  
      Launch Clock:-       8                  
       Input Delay:-       1                  
         Data Path:-    1708                  
             Slack:=      41                  

Exceptions/Constraints:
  input_delay              1              add_fp16.sdc_line_16_8_1   

#----------------------------------------------------------------------------------------------------
#        Timing Point         Flags   Arc   Edge   Cell     Fanout Load Trans Delay Arrival Instance 
#                                                                  (fF)  (ps)  (ps)   (ps)  Location 
#----------------------------------------------------------------------------------------------------
  fp1_in[11]                  -       -     R     (arrival)      4 24.3    18     0       9    (-,-) 
  fp1_in[11]                  -       -     -     (net)          -    -     -     -       -    (-,-) 
  g33836__1881/X              -       B->X  F     nand2_2x       1  9.4    31    35      44    (-,-) 
  n_28                        -       -     -     (net)          -    -     -     -       -    (-,-) 
  g33803__6260/X              -       C->X  R     oai21_4x       4 20.3    68    45      89    (-,-) 
  n_136                       -       -     -     (net)          -    -     -     -       -    (-,-) 
  g33688__9315/X              -       A->X  F     aoi21_2x       2  6.9    47    42     131    (-,-) 
  n_156                       -       -     -     (net)          -    -     -     -       -    (-,-) 
  g33671__2883/X              -       A->X  F     ao21_1x        2  9.4    45    88     219    (-,-) 
  n_198                       -       -     -     (net)          -    -     -     -       -    (-,-) 
  g33653__2398/X              -       A->X  R     aoi21_2x       2 14.0    95    71     290    (-,-) 
  n_247                       -       -     -     (net)          -    -     -     -       -    (-,-) 
  g33647__7098/X              -       A->X  F     oai21_4x       4 13.1    43    46     336    (-,-) 
  n_255                       -       -     -     (net)          -    -     -     -       -    (-,-) 
  g33644/X                    -       A->X  R     inv_1x         2  6.8    40    39     375    (-,-) 
  n_264                       -       -     -     (net)          -    -     -     -       -    (-,-) 
  g33643/X                    -       A->X  F     inv_1x         2  6.6    27    33     408    (-,-) 
  n_279                       -       -     -     (net)          -    -     -     -       -    (-,-) 
  g33623__7482/X              -       A->X  F     and2_2x       10 34.3    65    99     507    (-,-) 
  n_310                       -       -     -     (net)          -    -     -     -       -    (-,-) 
  g33570__1881/X              -       B0->X R     aoi22_1x       6 18.6   209   159     666    (-,-) 
  n_379                       -       -     -     (net)          -    -     -     -       -    (-,-) 
  g33504__2346/X              -       B0->X F     oai22_1x       1  3.4    74    84     750    (-,-) 
  n_378                       -       -     -     (net)          -    -     -     -       -    (-,-) 
  g33476__7482/X              -       A->X  R     nor2_1x        5 15.9   165   128     878    (-,-) 
  n_925                       -       -     -     (net)          -    -     -     -       -    (-,-) 
  g33424__6783/X              -       A1->X R     oa22_1x        1  3.3    32    85     962    (-,-) 
  n_504                       -       -     -     (net)          -    -     -     -       -    (-,-) 
  g33394__2346/X              -       A->X  F     nand2_1x       3  9.6    58    52    1014    (-,-) 
  n_653                       -       -     -     (net)          -    -     -     -       -    (-,-) 
  g33369__7098/X              -       A->X  R     nand2_1x       2  7.0    71    58    1073    (-,-) 
  n_746                       -       -     -     (net)          -    -     -     -       -    (-,-) 
  g33326__5115/X              -       A->X  R     oa21_1x        1  3.6    29    62    1135    (-,-) 
  n_747                       -       -     -     (net)          -    -     -     -       -    (-,-) 
  g33312__9945/X              -       C->X  R     ao21_1x        1  3.7    28    48    1183    (-,-) 
  n_777                       -       -     -     (net)          -    -     -     -       -    (-,-) 
  g33282__5122/X              -       A->X  R     ao21_1x        1  3.7    27    52    1236    (-,-) 
  n_830                       -       -     -     (net)          -    -     -     -       -    (-,-) 
  g33271__4733/X              -       C->X  R     oa21_1x        1  3.7    34    63    1298    (-,-) 
  n_853                       -       -     -     (net)          -    -     -     -       -    (-,-) 
  g33247__5122/X              -       A->X  F     oai21_1x       1  3.2    31    33    1331    (-,-) 
  n_861                       -       -     -     (net)          -    -     -     -       -    (-,-) 
  g33239__8428/X              -       A->X  R     nand3_1x       2  6.1    67    52    1383    (-,-) 
  n_884                       -       -     -     (net)          -    -     -     -       -    (-,-) 
  g33223__9945/X              -       A->X  R     or2_2x        19 61.7   149   156    1539    (-,-) 
  n_942                       -       -     -     (net)          -    -     -     -       -    (-,-) 
  g33174__7098/X              -       A->X  F     nor2_1x        1  3.6    60    67    1606    (-,-) 
  n_887                       -       -     -     (net)          -    -     -     -       -    (-,-) 
  g33160__7482/X              -       C->X  R     aoi21_1x       1  3.6    61    63    1669    (-,-) 
  n_919                       -       -     -     (net)          -    -     -     -       -    (-,-) 
  g33131__7482/X              -       C->X  F     oai21_1x       1  2.7    70    48    1717    (-,-) 
  n_954                       -       -     -     (net)          -    -     -     -       -    (-,-) 
  smaller_mantissa_l_reg[9]/D <<<     -     F     dffrq_1x       1    -     -     0    1717    (-,-) 
#----------------------------------------------------------------------------------------------------

Capture clock path:
#------------------------------------------------------------------------------------------------------
#         Timing Point          Flags   Arc   Edge   Cell     Fanout Load Trans Delay Arrival Instance 
#                                                                    (fF)  (ps)  (ps)   (ps)  Location 
#------------------------------------------------------------------------------------------------------
  clk                           (i)     -     R     (arrival)     39  0.0     1     0    1905    (-,-) 
  clk                           -       -     -     (net)          -    -     -     -       -    (-,-) 
  clk                           -       -     -     (net)          -    -     -     -       -    (-,-) 
  smaller_mantissa_l_reg[9]/CLK <<<     -     R     dffrq_1x      39    -     1     0    1905    (-,-) 
#------------------------------------------------------------------------------------------------------


