============================================================
  Generated by:           Genus(TM) Synthesis Solution 25.11-s095_1
  Generated on:           Feb 01 2026  12:00:44 am
  Module:                 add_bf16
  Operating conditions:   PVT_1P2V_25C 
  Interconnect mode:      global
  Area mode:              physical library
============================================================


Path 1: MET (2 ps) Late External Delay Assertion at pin bf_out[12]
           View: view_1p2_25
          Group: clock1
     Startpoint: (R) signs_differ_l_reg/CLK
          Clock: (R) clock1
       Endpoint: (R) bf_out[12]
          Clock: (R) clock1

                     Capture       Launch     
        Clock Edge:+    1869            0     
       Src Latency:+       0            0     
       Net Latency:+       0 (I)        0 (I) 
           Arrival:=    1869            0     
                                              
      Output Delay:-       1                  
       Uncertainty:-       0                  
     Required Time:=    1868                  
      Launch Clock:-       0                  
         Data Path:-    1866                  
             Slack:=       2                  

Exceptions/Constraints:
  output_delay              1              add_bf16.sdc_line_21_34_1   

Launch clock path:
#-----------------------------------------------------------------------------------------------
#     Timing Point       Flags   Arc   Edge   Cell     Fanout Load Trans Delay Arrival Instance 
#                                                             (fF)  (ps)  (ps)   (ps)  Location 
#-----------------------------------------------------------------------------------------------
  clk                    (i)     -     R     (arrival)     30  0.0     1     0       0    (-,-) 
  clk                    -       -     -     (net)          -    -     -     -       -    (-,-) 
  clk                    -       -     -     (net)          -    -     -     -       -    (-,-) 
  signs_differ_l_reg/CLK <<<     -     R     dffrq_1x      30    -     1     0       0    (-,-) 
#-----------------------------------------------------------------------------------------------

#------------------------------------------------------------------------------------------------
#     Timing Point       Flags    Arc   Edge   Cell     Fanout Load Trans Delay Arrival Instance 
#                                                              (fF)  (ps)  (ps)   (ps)  Location 
#------------------------------------------------------------------------------------------------
  signs_differ_l_reg/CLK -       -      R     (arrival)     30    -     1     0       0    (-,-) 
  signs_differ_l_reg/Q   -       CLK->Q R     dffrq_1x       1  6.1    48   176     176    (-,-) 
  signs_differ_l         -       -      -     (net)          -    -     -     -       -    (-,-) 
  g24351/X               -       A->X   R     buf_6x        10 40.6    40    68     243    (-,-) 
  n_401                  -       -      -     (net)          -    -     -     -       -    (-,-) 
  g24350/X               -       A->X   F     inv_4x         5 21.3    24    30     273    (-,-) 
  n_399                  -       -      -     (net)          -    -     -     -       -    (-,-) 
  g23998__2346/X         -       B0->X  F     ao22_2x        3 13.4    45   106     379    (-,-) 
  n_413                  -       -      -     (net)          -    -     -     -       -    (-,-) 
  g23983__6131/X         -       A->X   R     nor2_2x        1 10.0    65    54     432    (-,-) 
  n_414                  -       -      -     (net)          -    -     -     -       -    (-,-) 
  g23952__2398/X         -       C->X   F     aoi21_4x       3 19.5    51    50     482    (-,-) 
  n_449                  -       -      -     (net)          -    -     -     -       -    (-,-) 
  g23943__7482/X         -       A->X   R     nand3_4x       1 11.0    46    41     524    (-,-) 
  n_450                  -       -      -     (net)          -    -     -     -       -    (-,-) 
  g23938__2802/X         -       B->X   F     aoi21_4x       3 21.6    58    51     574    (-,-) 
  n_465                  -       -      -     (net)          -    -     -     -       -    (-,-) 
  g23937/X               -       A->X   R     inv_2x         2 11.9    40    40     614    (-,-) 
  n_474                  -       -      -     (net)          -    -     -     -       -    (-,-) 
  g23936/X               -       A->X   F     inv_2x         2  9.4    22    28     642    (-,-) 
  n_475                  -       -      -     (net)          -    -     -     -       -    (-,-) 
  g23930__9315/X         -       A->X   R     aoi21_2x       1 13.2    88    63     705    (-,-) 
  n_483                  -       -      -     (net)          -    -     -     -       -    (-,-) 
  g23920__1705/X         -       A->X   R     xnor2_4x       7 24.3    85   116     821    (-,-) 
  n_523                  -       -      -     (net)          -    -     -     -       -    (-,-) 
  g23877__9945/X         -       B->X   F     nor2_2x        3  9.0    50    62     883    (-,-) 
  n_526                  -       -      -     (net)          -    -     -     -       -    (-,-) 
  g23853__1881/X         -       B->X   F     and2_2x        5 15.7    39    87     970    (-,-) 
  n_548                  -       -      -     (net)          -    -     -     -       -    (-,-) 
  g23847__2398/X         -       A->X   F     and2_1x        2  6.4    31    63    1033    (-,-) 
  n_540                  -       -      -     (net)          -    -     -     -       -    (-,-) 
  g23818__6131/X         -       A->X   R     nand3_1x       1  3.2    49    38    1072    (-,-) 
  n_570                  -       -      -     (net)          -    -     -     -       -    (-,-) 
  g23800__1666/X         -       A->X   F     nand3_1x       2  6.2    62    57    1129    (-,-) 
  n_605                  -       -      -     (net)          -    -     -     -       -    (-,-) 
  g23792__6131/X         -       A->X   F     and3_1x        3 11.8    47    89    1218    (-,-) 
  n_616                  -       -      -     (net)          -    -     -     -       -    (-,-) 
  g23788__1705/X         -       A->X   F     and2_1x        2  8.6    37    71    1289    (-,-) 
  n_621                  -       -      -     (net)          -    -     -     -       -    (-,-) 
  g23781__6260/X         -       A->X   R     nand2_2x       2  8.6    52    39    1328    (-,-) 
  n_625                  -       -      -     (net)          -    -     -     -       -    (-,-) 
  g23777__7410/X         -       A->X   F     nor2_2x        2  6.6    39    41    1369    (-,-) 
  n_633                  -       -      -     (net)          -    -     -     -       -    (-,-) 
  g23767__9945/X         -       A->X   R     nand2_1x       2  8.6    73    59    1428    (-,-) 
  n_639                  -       -      -     (net)          -    -     -     -       -    (-,-) 
  g23759__1881/X         -       A->X   F     nor2_2x        2  6.7    56    47    1476    (-,-) 
  n_655                  -       -      -     (net)          -    -     -     -       -    (-,-) 
  g23748__5526/X         -       A->X   F     and2_2x        3 11.8    36    80    1556    (-,-) 
  n_664                  -       -      -     (net)          -    -     -     -       -    (-,-) 
  g23745__5477/X         -       A->X   F     and2_2x        2 13.1    35    76    1632    (-,-) 
  n_670                  -       -      -     (net)          -    -     -     -       -    (-,-) 
  g23737__9315/X         -       A->X   R     nand2_4x       4 21.2    56    44    1675    (-,-) 
  n_678                  -       -      -     (net)          -    -     -     -       -    (-,-) 
  g23733__1881/X         -       A->X   F     nor2_4x        3 13.8    37    44    1719    (-,-) 
  n_681                  -       -      -     (net)          -    -     -     -       -    (-,-) 
  g23732/X               -       A->X   R     inv_2x         2  8.5    29    29    1748    (-,-) 
  n_686                  -       -      -     (net)          -    -     -     -       -    (-,-) 
  g23727__6783/X         -       A->X   R     xnor2_1x       1  3.6    65    56    1804    (-,-) 
  n_691                  -       -      -     (net)          -    -     -     -       -    (-,-) 
  g23723/X               -       A->X   F     inv_1x         1  3.7    28    30    1834    (-,-) 
  n_694                  -       -      -     (net)          -    -     -     -       -    (-,-) 
  g23718__2398/X         -       A->X   R     oai21_1x       1  0.9    50    31    1866    (-,-) 
  bf_out[12]             -       -      -     (net)          -    -     -     -       -    (-,-) 
  bf_out[12]             <<<     -      R     (port)         -    -     -     0    1866    (-,-) 
#------------------------------------------------------------------------------------------------


