============================================================
  Generated by:           Genus(TM) Synthesis Solution 25.11-s095_1
  Generated on:           May 23 2026  12:43:46 am
  Operating conditions:   typical 
  Interconnect mode:      global
  Area mode:              physical library
============================================================

                                  Leakage      Internal                          Library 
   Gate    Instances    Area    Power (nW)    Power (nW)          Library         Domain 
-----------------------------------------------------------------------------------------
AND2_X1          731   777.784    18576.187    956443.640 NangateOpenCellLibrary       0 
AND2_X2          145   192.850     7775.278    568979.696 NangateOpenCellLibrary       0 
AND2_X4            4     9.576      417.639     26014.964 NangateOpenCellLibrary       0 
AND3_X1           40    53.200     1098.686     39941.747 NangateOpenCellLibrary       0 
AND3_X2            9    14.364      549.240     32531.198 NangateOpenCellLibrary       0 
AND3_X4            3     8.778      381.723     19879.722 NangateOpenCellLibrary       0 
AND4_X1           23    36.708      619.966     14233.287 NangateOpenCellLibrary       0 
AND4_X2            4     7.448      276.374     17170.583 NangateOpenCellLibrary       0 
AND4_X4            3    10.374      415.794     27554.113 NangateOpenCellLibrary       0 
AOI211_X1         17    22.610      521.687     20214.951 NangateOpenCellLibrary       0 
AOI21_X1         425   452.200    11771.301    613614.033 NangateOpenCellLibrary       0 
AOI21_X2         134   249.508     7424.784    453002.663 NangateOpenCellLibrary       0 
AOI21_X4          24    82.992     2466.879    181345.701 NangateOpenCellLibrary       0 
AOI221_X1         35    55.860     1472.326     56112.285 NangateOpenCellLibrary       0 
AOI222_X1         18    38.304      753.060     49350.170 NangateOpenCellLibrary       0 
AOI22_X1         407   541.310    11336.392    478510.994 NangateOpenCellLibrary       0 
AOI22_X2          47   112.518     3321.704    176795.790 NangateOpenCellLibrary       0 
AOI22_X4           5    22.610      748.240     40462.815 NangateOpenCellLibrary       0 
BUF_X1            44    35.112      953.970     83411.905 NangateOpenCellLibrary       0 
BUF_X2            21    22.344      929.415     69936.093 NangateOpenCellLibrary       0 
BUF_X4             3     5.586      261.904     13505.698 NangateOpenCellLibrary       0 
CLKBUF_X1        127   101.346     1437.585    220209.454 NangateOpenCellLibrary       0 
CLKBUF_X2          1     1.064       24.353      3850.003 NangateOpenCellLibrary       0 
DFFR_X1         1991 10592.120   175562.799  15796416.674 NangateOpenCellLibrary       0 
DFFR_X2            5    29.260      647.253     73255.930 NangateOpenCellLibrary       0 
DFF_X1           139   628.558    10942.528   1447270.171 NangateOpenCellLibrary       0 
FA_X1            115   489.440     8200.017    716776.774 NangateOpenCellLibrary       0 
HA_X1             79   210.140     4844.040    308019.689 NangateOpenCellLibrary       0 
INV_X1          5222  2778.104    73563.221   3705713.683 NangateOpenCellLibrary       0 
INV_X16            4    18.088      889.101     58690.199 NangateOpenCellLibrary       0 
INV_X2          1197   955.206    35893.360   1455100.842 NangateOpenCellLibrary       0 
INV_X4           226   300.580    13598.184    554570.397 NangateOpenCellLibrary       0 
INV_X8            14    33.516     1552.627     88607.898 NangateOpenCellLibrary       0 
MUX2_X1          604  1124.648    21869.098   1287686.197 NangateOpenCellLibrary       0 
MUX2_X2           25    59.850     1753.372    158513.604 NangateOpenCellLibrary       0 
NAND2_X1        9909  7907.382   194247.767   8932360.179 NangateOpenCellLibrary       0 
NAND2_X2         773  1028.090    36996.696   1753171.954 NangateOpenCellLibrary       0 
NAND2_X4          98   234.612     9446.312    444668.090 NangateOpenCellLibrary       0 
NAND3_X1         545   579.880    13144.470    646788.410 NangateOpenCellLibrary       0 
NAND3_X2          80   148.960     6616.066    255548.028 NangateOpenCellLibrary       0 
NAND3_X4           8    27.664      931.129     33329.737 NangateOpenCellLibrary       0 
NAND4_X1         128   170.240     3018.069     64783.945 NangateOpenCellLibrary       0 
NAND4_X2           3     7.182      141.182      5615.462 NangateOpenCellLibrary       0 
NAND4_X4           2     9.576      168.894     10178.410 NangateOpenCellLibrary       0 
NOR2_X1         2108  1682.184    45797.413   1687416.801 NangateOpenCellLibrary       0 
NOR2_X2          317   421.610    12947.839    708144.837 NangateOpenCellLibrary       0 
NOR2_X4           55   131.670     4720.360    220927.656 NangateOpenCellLibrary       0 
NOR3_X1          100   106.400     2701.100     75732.342 NangateOpenCellLibrary       0 
NOR3_X2           10    18.620      570.707     21916.796 NangateOpenCellLibrary       0 
NOR3_X4            1     3.724      102.716      4434.459 NangateOpenCellLibrary       0 
NOR4_X1           73    97.090     2477.714     16483.625 NangateOpenCellLibrary       0 
OAI211_X1        187   248.710     5724.810    212072.615 NangateOpenCellLibrary       0 
OAI211_X2          5    11.970      386.490     24447.230 NangateOpenCellLibrary       0 
OAI211_X4          1     4.522      151.009      9583.571 NangateOpenCellLibrary       0 
OAI21_X1        2151  2288.664    52182.350   3059523.643 NangateOpenCellLibrary       0 
OAI21_X2         407   757.834    22848.478   1304539.149 NangateOpenCellLibrary       0 
OAI21_X4          28    96.824     3316.420    198248.528 NangateOpenCellLibrary       0 
OAI221_X1        163   260.148     7892.764    282714.354 NangateOpenCellLibrary       0 
OAI221_X2          1     2.926       79.717      5181.117 NangateOpenCellLibrary       0 
OAI222_X1         35    74.480     1740.110     90101.926 NangateOpenCellLibrary       0 
OAI222_X2          1     3.724       83.895      4759.219 NangateOpenCellLibrary       0 
OAI22_X1         644   856.520    27081.314    870193.041 NangateOpenCellLibrary       0 
OAI22_X2          16    38.304     1003.544     62366.163 NangateOpenCellLibrary       0 
OAI22_X4           2     9.044      269.535     17404.342 NangateOpenCellLibrary       0 
OR2_X1           620   659.680    14572.984    844688.139 NangateOpenCellLibrary       0 
OR2_X2            67    89.110     3100.387    246174.080 NangateOpenCellLibrary       0 
OR2_X4            13    31.122     1179.389     99877.585 NangateOpenCellLibrary       0 
OR3_X1            52    69.160     1266.749     50542.597 NangateOpenCellLibrary       0 
OR3_X2             1     1.596       51.190      5337.339 NangateOpenCellLibrary       0 
OR4_X1            75   119.700     2108.719     29729.272 NangateOpenCellLibrary       0 
SDFFR_X1          38   252.700     4094.625    592367.636 NangateOpenCellLibrary       0 
XNOR2_X1        2198  3508.008    82243.787   5402862.184 NangateOpenCellLibrary       0 
XNOR2_X2        1292  3436.720    96383.402   6908899.470 NangateOpenCellLibrary       0 
XOR2_X1          530   845.880    18724.811   1342626.531 NangateOpenCellLibrary       0 
XOR2_X2          129   308.826     9050.358    754143.885 NangateOpenCellLibrary       0 
-----------------------------------------------------------------------------------------
total          34757 46625.012  1112415.360  67113577.912                                
                                            Leakage   Leakage   Internal   Internal 
     Type      Instances    Area   Area %  Power (nW) Power %  Power (nW)   Power % 
------------------------------------------------------------------------------------
sequential          2173 11502.638   24.7  191247.206    17.2 17909310.411     26.7 
inverter            6663  4085.494    8.8  125496.492    11.3  5862683.019      8.7 
buffer               196   165.452    0.4    3607.226     0.3   390913.153      0.6 
logic              25725 30871.428   66.2  792064.436    71.2 42950671.330     64.0 
physical_cells         0     0.000    0.0       0.000     0.0        0.000      0.0 
------------------------------------------------------------------------------------
total              34757 46625.012  100.0 1112415.360   100.0 67113577.912    100.0 
