============================================================
  Generated by:           Genus(TM) Synthesis Solution 25.11-s095_1
  Generated on:           May 25 2026  08:03:30 am
  Module:                 sysarr_32_input_fp_adder
  Library domain:         timing_condition_tt_1p2v_25c
    Domain index:         0
    Technology library:   NangateOpenCellLibrary revision 1.0
  Operating conditions:   typical 
  Interconnect mode:      global
  Area mode:              physical library
============================================================

# SETUP                 WNS       TNS    FEP 
# ---------------------------------------------
 View: ALL            -59.7  -24098.3    797 
    Group : in2out      N/A       N/A    N/A 
    Group : in2reg    -18.8    -173.2     12 
    Group : reg2out   916.3       0.0      0 
    Group : reg2reg   -59.7  -23925.1    785 

# ---------------------------------------------
# DRV                        WNS  TNS  FEP 
# -------------------------------------------
 View: ALL                                 
    Check: max_transition    N/A  N/A    0 
    Check: max_capacitance   N/A  N/A    0 
    Check: max_fanout        N/A  N/A    0 

# -------------------------------------------
