============================================================
  Generated by:           Genus(TM) Synthesis Solution 25.11-s095_1
  Generated on:           May 25 2026  08:03:40 am
  Module:                 sysarr_32_input_fp_adder
  Operating conditions:   typical 
  Interconnect mode:      global
  Area mode:              physical library
============================================================


Path 1: VIOLATED (-60 ps) Setup Check with Pin aligner_inst_aligned_mant_out_reg[14][26]/CK->D
           View: view_1p2_25
          Group: clock1
     Startpoint: (R) aligner_inst_max_l3_n1_r_reg[5]/CK
          Clock: (R) clock1
       Endpoint: (F) aligner_inst_aligned_mant_out_reg[14][26]/D
          Clock: (R) clock1

                     Capture       Launch     
        Clock Edge:+    1000            0     
       Src Latency:+       0            0     
       Net Latency:+       0 (I)        0 (I) 
           Arrival:=    1000            0     
                                              
             Setup:-      42                  
       Uncertainty:-       0                  
     Required Time:=     958                  
      Launch Clock:-       0                  
         Data Path:-    1018                  
             Slack:=     -60                  

Launch clock path:
#-----------------------------------------------------------------------------------------------------------
#           Timing Point             Flags   Arc   Edge   Cell     Fanout Load Trans Delay Arrival Instance 
#                                                                         (fF)  (ps)  (ps)   (ps)  Location 
#-----------------------------------------------------------------------------------------------------------
  clk                                (i)     -     R     (arrival)   1602  0.0     0     0       0    (-,-) 
  clk                                -       -     -     (net)          -    -     -     -       -    (-,-) 
  clk                                -       -     -     (net)          -    -     -     -       -    (-,-) 
  aligner_inst_max_l3_n1_r_reg[5]/CK <<<     -     R     DFFR_X1     1602    -     1     0       0    (-,-) 
#-----------------------------------------------------------------------------------------------------------

#---------------------------------------------------------------------------------------------------------------------
#                Timing Point                 Flags    Arc   Edge   Cell     Fanout Load Trans Delay Arrival Instance 
#                                                                                   (fF)  (ps)  (ps)   (ps)  Location 
#---------------------------------------------------------------------------------------------------------------------
  aligner_inst_max_l3_n1_r_reg[5]/CK          -       -      R     (arrival)   1602    -     1     0       0    (-,-) 
  aligner_inst_max_l3_n1_r_reg[5]/QN          -       CK->QN F     DFFR_X1        2  3.6    14    70      70    (-,-) 
  aligner_inst_max_l3_n1_r[5]                 -       -      -     (net)          -    -     -     -       -    (-,-) 
  g267688/ZN                                  -       A->ZN  R     INV_X1         2  5.3    15    24      94    (-,-) 
  n_12121                                     -       -      -     (net)          -    -     -     -       -    (-,-) 
  g267670/ZN                                  -       A1->ZN F     NAND2_X2       1  5.8    10    17     111    (-,-) 
  n_12131                                     -       -      -     (net)          -    -     -     -       -    (-,-) 
  g267653/ZN                                  -       A4->ZN R     NAND4_X4       2 13.5    19    28     140    (-,-) 
  n_12148                                     -       -      -     (net)          -    -     -     -       -    (-,-) 
  g267652/ZN                                  -       A->ZN  F     INV_X4         2  9.1     7    11     150    (-,-) 
  n_12149                                     -       -      -     (net)          -    -     -     -       -    (-,-) 
  g267645/ZN                                  -       A1->ZN R     NAND2_X4       4 14.2    14    18     168    (-,-) 
  n_12156                                     -       -      -     (net)          -    -     -     -       -    (-,-) 
  g267637/ZN                                  -       A1->ZN F     NAND3_X2       1  3.2    12    19     188    (-,-) 
  n_12164                                     -       -      -     (net)          -    -     -     -       -    (-,-) 
  g267634/ZN                                  -       A1->ZN R     NAND2_X2       1  6.3    13    20     207    (-,-) 
  n_12166                                     -       -      -     (net)          -    -     -     -       -    (-,-) 
  g267627/ZN                                  -       A1->ZN F     NAND2_X4       1  6.0     7    13     221    (-,-) 
  n_12174                                     -       -      -     (net)          -    -     -     -       -    (-,-) 
  g267622/ZN                                  -       A->ZN  R     INV_X4         1  6.3     7    12     233    (-,-) 
  n_12179                                     -       -      -     (net)          -    -     -     -       -    (-,-) 
  g267617/ZN                                  -       A1->ZN F     NAND2_X4       1 23.3    14    20     253    (-,-) 
  n_12184                                     -       -      -     (net)          -    -     -     -       -    (-,-) 
  g267613/ZN                                  -       A->ZN  R     INV_X16       13 74.5    14    24     277    (-,-) 
  n_12195                                     -       -      -     (net)          -    -     -     -       -    (-,-) 
  g267565/ZN                                  -       A->ZN  F     INV_X4         3  5.2     5     8     284    (-,-) 
  n_12192                                     -       -      -     (net)          -    -     -     -       -    (-,-) 
  g267564/ZN                                  -       A->ZN  R     INV_X1         2  3.7    11    16     300    (-,-) 
  n_12193                                     -       -      -     (net)          -    -     -     -       -    (-,-) 
  g267166/ZN                                  -       A1->ZN F     NAND2_X1       1  3.2    10    16     316    (-,-) 
  n_12284                                     -       -      -     (net)          -    -     -     -       -    (-,-) 
  g266802/ZN                                  -       A1->ZN R     NAND2_X2       3  7.4    14    20     336    (-,-) 
  n_10102                                     -       -      -     (net)          -    -     -     -       -    (-,-) 
  g266265/ZN                                  -       A2->ZN F     NAND2_X1       1  3.2    10    18     355    (-,-) 
  n_12997                                     -       -      -     (net)          -    -     -     -       -    (-,-) 
  g265915__5122/ZN                            -       A1->ZN R     NAND2_X2       2  5.8    12    18     373    (-,-) 
  n_13303                                     -       -      -     (net)          -    -     -     -       -    (-,-) 
  g265516__5107/ZN                            -       B1->ZN F     AOI21_X2       2  4.1    12    16     388    (-,-) 
  n_13585                                     -       -      -     (net)          -    -     -     -       -    (-,-) 
  g265223__5107/ZN                            -       B1->ZN R     OAI21_X1       1  4.3    30    41     429    (-,-) 
  n_13751                                     -       -      -     (net)          -    -     -     -       -    (-,-) 
  g265087__3680/ZN                            -       A->ZN  R     XNOR2_X2       4  8.9    31    49     479    (-,-) 
  n_14460                                     -       -      -     (net)          -    -     -     -       -    (-,-) 
  g265052/ZN                                  -       A->ZN  F     INV_X1         1  3.2    10    14     492    (-,-) 
  n_13872                                     -       -      -     (net)          -    -     -     -       -    (-,-) 
  g264820__4319/ZN                            -       B1->ZN R     AOI22_X2       2  3.9    26    43     536    (-,-) 
  n_14021                                     -       -      -     (net)          -    -     -     -       -    (-,-) 
  g264739__7410/ZN                            -       B1->ZN F     OAI22_X1       1  1.8    29    23     559    (-,-) 
  n_14083                                     -       -      -     (net)          -    -     -     -       -    (-,-) 
  g264725__5122/ZN                            -       A->ZN  R     AOI21_X1       1  2.0    24    49     608    (-,-) 
  n_14097                                     -       -      -     (net)          -    -     -     -       -    (-,-) 
  g264702__6161/ZN                            -       A3->ZN R     AND4_X2        1  7.5    16    64     672    (-,-) 
  n_14117                                     -       -      -     (net)          -    -     -     -       -    (-,-) 
  g264690__1617/ZN                            -       A3->ZN F     NAND3_X4       2  6.3    11    22     695    (-,-) 
  n_14128                                     -       -      -     (net)          -    -     -     -       -    (-,-) 
  g264689/ZN                                  -       A->ZN  R     INV_X2         1  3.4     8    14     708    (-,-) 
  n_14129                                     -       -      -     (net)          -    -     -     -       -    (-,-) 
  g264685__6783/ZN                            -       A1->ZN F     NAND2_X2       2  7.8    11    17     725    (-,-) 
  n_14400                                     -       -      -     (net)          -    -     -     -       -    (-,-) 
  g304180/ZN                                  -       A1->ZN R     NAND2_X4       1  6.5    13    15     740    (-,-) 
  n_664                                       -       -      -     (net)          -    -     -     -       -    (-,-) 
  g303770/ZN                                  -       A->ZN  F     OAI21_X4       3 12.6    15    23     763    (-,-) 
  n_1352                                      -       -      -     (net)          -    -     -     -       -    (-,-) 
  g302448/ZN                                  -       A1->ZN R     NOR2_X2        2  3.9    17    27     790    (-,-) 
  n_2596                                      -       -      -     (net)          -    -     -     -       -    (-,-) 
  g302334/ZN                                  -       A->ZN  F     INV_X1         1  3.2     7    12     802    (-,-) 
  n_2597                                      -       -      -     (net)          -    -     -     -       -    (-,-) 
  g302333/ZN                                  -       A->ZN  R     INV_X2         3  6.2    10    16     818    (-,-) 
  n_51                                        -       -      -     (net)          -    -     -     -       -    (-,-) 
  g301416/ZN                                  -       A1->ZN F     NAND3_X2       3  8.5    18    26     844    (-,-) 
  n_3714                                      -       -      -     (net)          -    -     -     -       -    (-,-) 
  g300216/ZN                                  -       B2->ZN R     AOI21_X4       3  8.6    24    37     881    (-,-) 
  n_4773                                      -       -      -     (net)          -    -     -     -       -    (-,-) 
  g300004/ZN                                  -       A1->ZN F     NAND2_X2       2  5.0    11    18     900    (-,-) 
  n_4939                                      -       -      -     (net)          -    -     -     -       -    (-,-) 
  g299838/ZN                                  -       A1->ZN F     AND2_X4       13 27.2    11    36     936    (-,-) 
  n_5074                                      -       -      -     (net)          -    -     -     -       -    (-,-) 
  g295359/ZN                                  -       A2->ZN R     NAND3_X1       1  3.4    16    23     959    (-,-) 
  n_8566                                      -       -      -     (net)          -    -     -     -       -    (-,-) 
  g295291/ZN                                  -       A1->ZN F     NAND2_X2       3  5.8    17    18     977    (-,-) 
  n_8629                                      -       -      -     (net)          -    -     -     -       -    (-,-) 
  g295197/ZN                                  -       A->ZN  F     XNOR2_X1       1  1.4    12    41    1018    (-,-) 
  n_8664                                      -       -      -     (net)          -    -     -     -       -    (-,-) 
  aligner_inst_aligned_mant_out_reg[14][26]/D <<<     -      F     DFFR_X1        1    -     -     0    1018    (-,-) 
#---------------------------------------------------------------------------------------------------------------------

Capture clock path:
#---------------------------------------------------------------------------------------------------------------------
#                Timing Point                  Flags   Arc   Edge   Cell     Fanout Load Trans Delay Arrival Instance 
#                                                                                   (fF)  (ps)  (ps)   (ps)  Location 
#---------------------------------------------------------------------------------------------------------------------
  clk                                          (i)     -     R     (arrival)   1602  0.0     0     0    1000    (-,-) 
  clk                                          -       -     -     (net)          -    -     -     -       -    (-,-) 
  clk                                          -       -     -     (net)          -    -     -     -       -    (-,-) 
  aligner_inst_aligned_mant_out_reg[14][26]/CK <<<     -     R     DFFR_X1     1602    -     1     0    1000    (-,-) 
#---------------------------------------------------------------------------------------------------------------------


