============================================================
  Generated by:           Genus(TM) Synthesis Solution 25.11-s095_1
  Generated on:           Mar 22 2026  11:48:09 pm
  Module:                 sysarr_MEISSA_top
  Operating conditions:   typical 
  Interconnect mode:      global
  Area mode:              physical library
============================================================

Timing
--------

Analysis view  Clock Period 
----------------------------
view_typical  clock1 1250.0 


  Analysis     Cost   Critical        Violating 
    View      Group  Path Slack  TNS    Paths   
------------------------------------------------
view_typical  clock1        0.0  0.0          0 
             default   No paths  0.0          0 
------------------------------------------------
Total                           -0.0          0 
                                                

Instance Count
--------------
Leaf Instance Count             689774 
Physical Instance count              0 
Sequential Instance Count        22132 
Combinational Instance Count    667642 
Hierarchical Instance Count        340 

Area
----
Cell Area                          854764.666
Physical Cell Area                 0.000
Total Cell Area (Cell+Physical)    854764.666
Net Area                           848691.737
Total Area (Cell+Physical+Net)     1703456.403

Max Fanout                         22148 (clk)
Min Fanout                         0 (u_mul_grid/row[10].column[0].bf16.u_mul_bf/start)
Average Fanout                     2.1
Terms to net ratio                 3.1152
Terms to instance ratio            3.1589
Runtime                            15388.103939999957 seconds
Elapsed Runtime                    15973 seconds
Genus peak memory usage            8656.11 
Innovus peak memory usage          no_value 
Hostname                           asicfab.ecn.purdue.edu
