============================================================
  Generated by:           Genus(TM) Synthesis Solution 25.11-s095_1
  Generated on:           Feb 24 2026  11:04:18 am
  Module:                 add_fp16
  Library domain:         timing_condition_tt_1p2v_25c
    Domain index:         0
    Technology libraries: MITLL90_STDLIB_8T.tt1p2v25c 1.0
                          MITLL90_IOPads_5_1_1.tt1p2v25c 1.0
  Operating conditions:   PVT_1P2V_25C 
  Interconnect mode:      global
  Area mode:              physical library
============================================================

Timing
--------

Analysis view  Clock Period 
----------------------------
view_1p2_25   clock1 1786.0 


  Analysis    Cost   Critical        Violating 
    View     Group  Path Slack  TNS    Paths   
-----------------------------------------------
view_1p2_25  clock1        0.3  0.0          0 
            default   No paths  0.0          0 
-----------------------------------------------
Total                          -0.0          0 
                                               

Instance Count
--------------
Leaf Instance Count             866 
Physical Instance count           0 
Sequential Instance Count        39 
Combinational Instance Count    827 
Hierarchical Instance Count       0 

Area
----
Cell Area                          4214.144
Physical Cell Area                 0.000
Total Cell Area (Cell+Physical)    4214.144
Net Area                           2765.060
Total Area (Cell+Physical+Net)     6979.204

Power
-----
Leakage Power                      2347.534 nW
Dynamic Power                      2872707.248 nW
Total Power                        2875054.782 nW

Max Fanout                         39 (clk)
Min Fanout                         0 (nRST)
Average Fanout                     2.2
Terms to net ratio                 3.1659
Terms to instance ratio            3.3268
Runtime                            58.993213 seconds
Elapsed Runtime                    67 seconds
Genus peak memory usage            2119.57 
Innovus peak memory usage          no_value 
Hostname                           asicfab.ecn.purdue.edu
