============================================================
  Generated by:           Genus(TM) Synthesis Solution 25.11-s095_1
  Generated on:           May 24 2026  02:36:08 pm
  Operating conditions:   typical 
  Interconnect mode:      global
  Area mode:              physical library
============================================================

                                 Leakage      Internal                          Library 
   Gate    Instances    Area    Power (nW)   Power (nW)          Library         Domain 
----------------------------------------------------------------------------------------
AND2_X1         1075  1143.800   28412.629   1537652.896 NangateOpenCellLibrary       0 
AND2_X2           79   105.070    4059.687    224374.716 NangateOpenCellLibrary       0 
AND2_X4           19    45.486    1986.869    117220.338 NangateOpenCellLibrary       0 
AND3_X1           61    81.130    1781.633     73302.094 NangateOpenCellLibrary       0 
AND3_X2           12    19.152     756.368     32224.792 NangateOpenCellLibrary       0 
AND3_X4            8    23.408     892.546     53480.493 NangateOpenCellLibrary       0 
AND4_X1           31    49.476    1053.346     29321.475 NangateOpenCellLibrary       0 
AND4_X2            6    11.172     410.237     22136.493 NangateOpenCellLibrary       0 
AND4_X4            2     6.916     199.354      3863.187 NangateOpenCellLibrary       0 
AOI211_X1         15    19.950     547.798     16725.679 NangateOpenCellLibrary       0 
AOI211_X2          1     2.394      84.282      1893.765 NangateOpenCellLibrary       0 
AOI21_X1         668   710.752   16980.083    868300.152 NangateOpenCellLibrary       0 
AOI21_X2         184   342.608   10102.494    550493.377 NangateOpenCellLibrary       0 
AOI21_X4          39   134.862    4438.822    236706.105 NangateOpenCellLibrary       0 
AOI221_X1         56    89.376    2236.230    119410.110 NangateOpenCellLibrary       0 
AOI221_X2          8    23.408     696.808     36589.019 NangateOpenCellLibrary       0 
AOI221_X4          1     3.458     105.823     14958.437 NangateOpenCellLibrary       0 
AOI222_X1         10    21.280     434.402     14874.305 NangateOpenCellLibrary       0 
AOI22_X1         358   476.140   10242.584    383587.698 NangateOpenCellLibrary       0 
AOI22_X2          29    69.426    1514.623     64737.344 NangateOpenCellLibrary       0 
AOI22_X4           1     4.522     130.448      2290.363 NangateOpenCellLibrary       0 
BUF_X1            17    13.566     373.574     30344.235 NangateOpenCellLibrary       0 
BUF_X2             8     8.512     343.131     30256.878 NangateOpenCellLibrary       0 
BUF_X4             2     3.724     166.706      8909.608 NangateOpenCellLibrary       0 
CLKBUF_X1         72    57.456     793.474    109872.050 NangateOpenCellLibrary       0 
CLKBUF_X2          2     2.128      48.670      4980.303 NangateOpenCellLibrary       0 
DFFR_X1         1886 10033.520  166246.604  17799369.268 NangateOpenCellLibrary       0 
DFFR_X2           15    87.780    1955.249    100341.544 NangateOpenCellLibrary       0 
DFF_X1           149   673.778   11748.125   1641198.617 NangateOpenCellLibrary       0 
FA_X1             98   417.088    7262.194    670154.688 NangateOpenCellLibrary       0 
HA_X1             63   167.580    3769.499    263732.193 NangateOpenCellLibrary       0 
INV_X1          3216  1710.912   46256.585   1973964.823 NangateOpenCellLibrary       0 
INV_X16            3    13.566     676.304     45151.029 NangateOpenCellLibrary       0 
INV_X2           251   200.298    7057.221    330271.298 NangateOpenCellLibrary       0 
INV_X4            76   101.080    4304.047    162274.723 NangateOpenCellLibrary       0 
INV_X8            12    28.728    1365.823     58361.706 NangateOpenCellLibrary       0 
MUX2_X1          459   854.658   16568.939   1257562.480 NangateOpenCellLibrary       0 
MUX2_X2           10    23.940     698.172     60249.563 NangateOpenCellLibrary       0 
NAND2_X1        4252  3393.096   83945.963   3339092.996 NangateOpenCellLibrary       0 
NAND2_X2         505   671.650   24155.259    855404.736 NangateOpenCellLibrary       0 
NAND2_X4         175   418.950   18056.484    634615.405 NangateOpenCellLibrary       0 
NAND3_X1         259   275.576    6955.640    229410.875 NangateOpenCellLibrary       0 
NAND3_X2          44    81.928    2378.949     98967.831 NangateOpenCellLibrary       0 
NAND3_X4          10    34.580     728.142     33856.199 NangateOpenCellLibrary       0 
NAND4_X1         110   146.300    2571.921     55635.321 NangateOpenCellLibrary       0 
NAND4_X4           3    14.364     371.261     23853.619 NangateOpenCellLibrary       0 
NOR2_X1         2261  1804.278   48441.275   1823707.719 NangateOpenCellLibrary       0 
NOR2_X2          233   309.890    9807.107    378482.652 NangateOpenCellLibrary       0 
NOR2_X4          171   409.374   14169.092    665590.258 NangateOpenCellLibrary       0 
NOR3_X1           57    60.648    1582.841     40682.298 NangateOpenCellLibrary       0 
NOR3_X2            4     7.448     209.485     11294.552 NangateOpenCellLibrary       0 
NOR3_X4            2     7.448     219.428      8899.400 NangateOpenCellLibrary       0 
NOR4_X1           83   110.390    2809.882     25799.306 NangateOpenCellLibrary       0 
OAI211_X1        114   151.620    4501.456    166037.147 NangateOpenCellLibrary       0 
OAI211_X2         19    45.486    1734.583     76581.412 NangateOpenCellLibrary       0 
OAI211_X4          1     4.522     208.021     10565.755 NangateOpenCellLibrary       0 
OAI21_X1         941  1001.224   26593.802   1314194.019 NangateOpenCellLibrary       0 
OAI21_X2         155   288.610    8672.272    407343.560 NangateOpenCellLibrary       0 
OAI21_X4          34   117.572    3755.107    221155.545 NangateOpenCellLibrary       0 
OAI221_X1         74   118.104    3413.965    140437.263 NangateOpenCellLibrary       0 
OAI221_X2          5    14.630     579.390     24826.950 NangateOpenCellLibrary       0 
OAI222_X1         56   119.168    2986.548    131405.180 NangateOpenCellLibrary       0 
OAI222_X2          1     3.724     116.355      5403.945 NangateOpenCellLibrary       0 
OAI22_X1         480   638.400   20214.252    639010.954 NangateOpenCellLibrary       0 
OAI22_X2          11    26.334     813.703     28063.859 NangateOpenCellLibrary       0 
OAI22_X4           2     9.044     273.907     12523.807 NangateOpenCellLibrary       0 
OAI33_X1           1     1.862      50.085      2984.754 NangateOpenCellLibrary       0 
OR2_X1           617   656.488   14512.438   1008281.192 NangateOpenCellLibrary       0 
OR2_X2            22    29.260    1035.357     65162.377 NangateOpenCellLibrary       0 
OR2_X4             4     9.576     372.169     27995.978 NangateOpenCellLibrary       0 
OR3_X1            42    55.860    1055.331     54394.476 NangateOpenCellLibrary       0 
OR3_X2             3     4.788     150.427     10931.443 NangateOpenCellLibrary       0 
OR3_X4             1     2.926     116.946     10643.987 NangateOpenCellLibrary       0 
OR4_X1            63   100.548    1737.264     20115.245 NangateOpenCellLibrary       0 
OR4_X2             1     1.862      71.828      5969.259 NangateOpenCellLibrary       0 
SDFFRS_X1          1     7.714     124.039     13382.391 NangateOpenCellLibrary       0 
SDFFR_X1          22   146.300    2345.578    268458.376 NangateOpenCellLibrary       0 
SDFFR_X2           6    41.496     861.381     88700.461 NangateOpenCellLibrary       0 
XNOR2_X1         786  1254.456   29489.557   1852127.583 NangateOpenCellLibrary       0 
XNOR2_X2         290   771.400   21201.362   1627055.801 NangateOpenCellLibrary       0 
XOR2_X1          586   935.256   20345.478   1743213.390 NangateOpenCellLibrary       0 
XOR2_X2           86   205.884    6155.379    517304.760 NangateOpenCellLibrary       0 
----------------------------------------------------------------------------------------
total          21595 32292.134  746592.092  47670701.885                                
                                            Leakage  Leakage   Internal   Internal 
     Type      Instances    Area   Area % Power (nW) Power %  Power (nW)   Power % 
-----------------------------------------------------------------------------------
sequential          2079 10990.588   34.0 183280.976    24.5 19911450.657     41.8 
inverter            3558  2054.584    6.4  59659.980     8.0  2570023.579      5.4 
buffer               101    85.386    0.3   1725.555     0.2   184363.074      0.4 
logic              15857 19161.576   59.3 501925.581    67.2 25004864.574     52.5 
physical_cells         0     0.000    0.0      0.000     0.0        0.000      0.0 
-----------------------------------------------------------------------------------
total              21595 32292.134  100.0 746592.092   100.0 47670701.885    100.0 
