============================================================
  Generated by:           Genus(TM) Synthesis Solution 25.11-s095_1
  Generated on:           Feb 12 2026  04:07:09 pm
  Operating conditions:   PVT_1P2V_25C 
  Interconnect mode:      global
  Area mode:              physical library
============================================================

                                 Leakage    Internal                               Library 
   Gate    Instances    Area   Power (nW)  Power (nW)            Library            Domain 
-------------------------------------------------------------------------------------------
addf_1x            1    17.843      8.853     9319.433 MITLL90_STDLIB_8T.tt1p2v25c       0 
addh_1x           15   157.440    112.452    82154.191 MITLL90_STDLIB_8T.tt1p2v25c       0 
and2_1x           76   319.078    260.512   123819.314 MITLL90_STDLIB_8T.tt1p2v25c       0 
and2_2x           20   104.960    110.133    60910.537 MITLL90_STDLIB_8T.tt1p2v25c       0 
and3_1x            8    50.381     33.149    12678.764 MITLL90_STDLIB_8T.tt1p2v25c       0 
and3_2x            5    36.736     26.806    10770.745 MITLL90_STDLIB_8T.tt1p2v25c       0 
ao21_1x           24   125.952     91.065    52784.907 MITLL90_STDLIB_8T.tt1p2v25c       0 
ao21_2x            4    25.190     21.746    11464.217 MITLL90_STDLIB_8T.tt1p2v25c       0 
ao22_1x           23   168.986     85.546    73424.454 MITLL90_STDLIB_8T.tt1p2v25c       0 
ao22_2x            2    16.794     12.072    10711.132 MITLL90_STDLIB_8T.tt1p2v25c       0 
aoi21_1x          54   226.714    108.338    65699.083 MITLL90_STDLIB_8T.tt1p2v25c       0 
aoi21_2x          18   132.250     64.334    43352.624 MITLL90_STDLIB_8T.tt1p2v25c       0 
aoi21_4x          19   259.251    146.390    76371.873 MITLL90_STDLIB_8T.tt1p2v25c       0 
aoi22_1x         101   530.048    190.366    94107.404 MITLL90_STDLIB_8T.tt1p2v25c       0 
aoi22_2x           8    83.968     31.154    20926.897 MITLL90_STDLIB_8T.tt1p2v25c       0 
aoi22_4x           1    18.893      4.647     5202.167 MITLL90_STDLIB_8T.tt1p2v25c       0 
buf_16x            1    22.042     35.271    21633.072 MITLL90_STDLIB_8T.tt1p2v25c       0 
buf_1x            68   214.118    190.059    99101.769 MITLL90_STDLIB_8T.tt1p2v25c       0 
buf_2x            53   222.515    275.671   146308.888 MITLL90_STDLIB_8T.tt1p2v25c       0 
buf_4x             4    25.190     36.053    26547.154 MITLL90_STDLIB_8T.tt1p2v25c       0 
buf_6x             8    75.571    108.750    65502.593 MITLL90_STDLIB_8T.tt1p2v25c       0 
buf_8x             1    11.546     17.009    15520.202 MITLL90_STDLIB_8T.tt1p2v25c       0 
dffrq_1x         145  2435.072    944.003  1501383.777 MITLL90_STDLIB_8T.tt1p2v25c       0 
inv_1x           495  1039.104    831.694   234371.505 MITLL90_STDLIB_8T.tt1p2v25c       0 
inv_2x           164   516.403    569.473   138846.954 MITLL90_STDLIB_8T.tt1p2v25c       0 
inv_4x            42   220.416    287.740    88945.351 MITLL90_STDLIB_8T.tt1p2v25c       0 
inv_6x             2    14.694     22.034     8312.815 MITLL90_STDLIB_8T.tt1p2v25c       0 
inv_8x             2    18.893     26.517     9658.333 MITLL90_STDLIB_8T.tt1p2v25c       0 
mux2_1x           15   110.208     56.704    57930.723 MITLL90_STDLIB_8T.tt1p2v25c       0 
muxi2_1x          45   283.392     94.738    78705.438 MITLL90_STDLIB_8T.tt1p2v25c       0 
nand2_1x         356  1120.973    512.527   214008.416 MITLL90_STDLIB_8T.tt1p2v25c       0 
nand2_2x         309  1621.632   1078.345   386299.022 MITLL90_STDLIB_8T.tt1p2v25c       0 
nand2_4x         122  1152.461    985.516   335880.360 MITLL90_STDLIB_8T.tt1p2v25c       0 
nand3_1x          69   289.690    106.574    42800.287 MITLL90_STDLIB_8T.tt1p2v25c       0 
nand3_2x          54   453.427    208.682    95045.805 MITLL90_STDLIB_8T.tt1p2v25c       0 
nand3_4x          22   323.277    209.635    57239.120 MITLL90_STDLIB_8T.tt1p2v25c       0 
nor2_1x          169   532.147    234.843    97080.968 MITLL90_STDLIB_8T.tt1p2v25c       0 
nor2_2x           40   209.920    117.482    54646.788 MITLL90_STDLIB_8T.tt1p2v25c       0 
nor2_4x           22   207.821    111.336    65942.277 MITLL90_STDLIB_8T.tt1p2v25c       0 
nor3_1x           30   125.952     32.295    21328.208 MITLL90_STDLIB_8T.tt1p2v25c       0 
nor3_2x            5    41.984     13.000     7798.993 MITLL90_STDLIB_8T.tt1p2v25c       0 
nor3_4x            2    29.389     14.082     8748.015 MITLL90_STDLIB_8T.tt1p2v25c       0 
oa21_1x           30   157.440    125.516    72989.647 MITLL90_STDLIB_8T.tt1p2v25c       0 
oa21_2x            4    25.190     23.170    13075.383 MITLL90_STDLIB_8T.tt1p2v25c       0 
oa22_1x            4    29.389     11.544     8270.678 MITLL90_STDLIB_8T.tt1p2v25c       0 
oa22_2x            1     8.397      5.600     5454.381 MITLL90_STDLIB_8T.tt1p2v25c       0 
oai21_1x         136   570.982    290.425   126872.825 MITLL90_STDLIB_8T.tt1p2v25c       0 
oai21_2x          39   286.541    115.877    75774.963 MITLL90_STDLIB_8T.tt1p2v25c       0 
oai21_4x          40   545.792    325.063   157978.199 MITLL90_STDLIB_8T.tt1p2v25c       0 
oai22_1x          88   461.824    175.729    83802.498 MITLL90_STDLIB_8T.tt1p2v25c       0 
oai22_2x           7    73.472     30.467    23537.034 MITLL90_STDLIB_8T.tt1p2v25c       0 
or2_1x            37   155.341    106.062    75343.675 MITLL90_STDLIB_8T.tt1p2v25c       0 
or2_2x             3    15.744     11.351    10318.497 MITLL90_STDLIB_8T.tt1p2v25c       0 
or3_1x            10    62.976     29.212    23782.411 MITLL90_STDLIB_8T.tt1p2v25c       0 
sdffrq_1x          3    62.976     26.200    45928.350 MITLL90_STDLIB_8T.tt1p2v25c       0 
xnor2_1x          54   396.749    201.931   115917.456 MITLL90_STDLIB_8T.tt1p2v25c       0 
xnor2_2x          12   125.952     73.289    29941.634 MITLL90_STDLIB_8T.tt1p2v25c       0 
xor2_1x           23   168.986     86.337    55374.227 MITLL90_STDLIB_8T.tt1p2v25c       0 
xor2_2x            6    62.976     34.624    21719.230 MITLL90_STDLIB_8T.tt1p2v25c       0 
-------------------------------------------------------------------------------------------
total           3121 16803.046  10099.993  5579365.663                                     
                                            Leakage  Leakage   Internal  Internal 
     Type      Instances    Area   Area % Power (nW) Power %  Power (nW)  Power % 
----------------------------------------------------------------------------------
sequential           148  2498.048   14.9    970.202     9.6 1547312.126     27.7 
inverter             705  1809.510   10.8   1737.458    17.2  480134.958      8.6 
buffer               135   570.982    3.4    662.812     6.6  374613.678      6.7 
logic               2133 11924.506   71.0   6729.521    66.6 3177304.900     56.9 
physical_cells         0     0.000    0.0      0.000     0.0       0.000      0.0 
----------------------------------------------------------------------------------
total               3121 16803.046  100.0  10099.993   100.0 5579365.663    100.0 
