============================================================
  Generated by:           Genus(TM) Synthesis Solution 25.11-s095_1
  Generated on:           May 24 2026  12:21:05 am
  Module:                 sysarr_32_input_fp_adder
  Library domain:         timing_condition_tt_1p2v_25c
    Domain index:         0
    Technology library:   NangateOpenCellLibrary revision 1.0
  Operating conditions:   typical 
  Interconnect mode:      global
  Area mode:              physical library
============================================================

Timing
--------

Analysis view  Clock Period 
----------------------------
view_1p2_25   clock1 1000.0 


  Analysis    Cost   Critical             Violating 
    View     Group  Path Slack    TNS       Paths   
----------------------------------------------------
view_1p2_25  clock1     -255.6 -147755.1        902 
            default   No paths       0.0          0 
----------------------------------------------------
Total                          -147755.1        902 
                                                    

Instance Count
--------------
Leaf Instance Count             30108 
Physical Instance count             0 
Sequential Instance Count        2332 
Combinational Instance Count    27776 
Hierarchical Instance Count        29 

Area
----
Cell Area                          57273.622
Physical Cell Area                 0.000
Total Cell Area (Cell+Physical)    57273.622
Net Area                           25.916
Total Area (Cell+Physical+Net)     57299.538

Power
-----
Leakage Power                      519856.534 nW
Dynamic Power                      25131394.972 nW
Total Power                        25651251.506 nW

Max Fanout                         2332 (clk)
Min Fanout                         0 (aligner_inst_n_6209)
Average Fanout                     1.8
Terms to net ratio                 2.7514
Terms to instance ratio            3.3866
Runtime                            50.294384 seconds
Elapsed Runtime                    53 seconds
Genus peak memory usage            1780.71 
Innovus peak memory usage          no_value 
Hostname                           asicfab.ecn.purdue.edu
