============================================================
  Generated by:           Genus(TM) Synthesis Solution 25.11-s095_1
  Generated on:           Mar 10 2026  11:13:51 pm
  Module:                 add_bf16_1C
  Operating conditions:   typical 
  Interconnect mode:      global
  Area mode:              physical library
============================================================


Path 1: MET (92 ps) Late External Delay Assertion at pin bf_out[13]
           View: view_1p2_25
          Group: clock1
     Startpoint: (R) bf2_in_reg[10]/clk
          Clock: (R) clock1
       Endpoint: (R) bf_out[13]
          Clock: (R) clock1

                     Capture       Launch     
        Clock Edge:+    1370            0     
       Src Latency:+       0            0     
       Net Latency:+       0 (I)        0 (I) 
           Arrival:=    1370            0     
                                              
      Output Delay:-       1                  
       Uncertainty:-       0                  
     Required Time:=    1369                  
      Launch Clock:-       0                  
         Data Path:-    1277                  
             Slack:=      92                  

Exceptions/Constraints:
  output_delay              1              add_bf16_1C.sdc_line_21_35_1   

Launch clock path:
#-------------------------------------------------------------------------------------------------
#   Timing Point     Flags   Arc   Edge      Cell        Fanout Load Trans Delay Arrival Instance 
#                                                               (fF)  (ps)  (ps)   (ps)  Location 
#-------------------------------------------------------------------------------------------------
  clk                (i,u)   -     R     (arrival)           33  0.0     0     0       0    (-,-) 
  clk                -       -     -     (net)                -    -     -     -       -    (-,-) 
  clk                -       -     -     (net)                -    -     -     -       -    (-,-) 
  bf2_in_reg[10]/clk <<<     -     R     unmapped_d_flop     33    -     1     0       0    (-,-) 
#-------------------------------------------------------------------------------------------------

#------------------------------------------------------------------------------------------------------
#   Timing Point     Flags    Arc    Edge       Cell         Fanout  Load Trans Delay Arrival Instance 
#                                                                    (fF)  (ps)  (ps)   (ps)  Location 
#------------------------------------------------------------------------------------------------------
  bf2_in_reg[10]/clk -       -       R     (arrival)             33     -     1     0       0    (-,-) 
  bf2_in_reg[10]/q   (u)     clk->q  F     unmapped_d_flop        8  25.6     0   130     130    (-,-) 
  bf2_in[10]         -       -       -     (net)                  -     -     -     -       -    (-,-) 
  g19035/z           (u)     in_1->z R     unmapped_complex2      4  14.4     0    24     154    (-,-) 
  n_7040             -       -       -     (net)                  -     -     -     -       -    (-,-) 
  g32672/z           (u)     in_0->z F     unmapped_nand2         2   6.4     0    19     173    (-,-) 
  n_11514            -       -       -     (net)                  -     -     -     -       -    (-,-) 
  g32567/z           (u)     in_1->z F     unmapped_or2           1   3.2     0    17     190    (-,-) 
  n_11518            -       -       -     (net)                  -     -     -     -       -    (-,-) 
  g32500/z           (u)     in_1->z R     unmapped_nand2         1   3.6     0    17     207    (-,-) 
  n_11522            -       -       -     (net)                  -     -     -     -       -    (-,-) 
  g32759/z           (u)     in_0->z R     unmapped_complex2      1   3.6     0    17     223    (-,-) 
  n_11524            -       -       -     (net)                  -     -     -     -       -    (-,-) 
  g32480/z           (u)     in_1->z R     unmapped_or2           2   7.2     0    19     242    (-,-) 
  n_7056             -       -       -     (net)                  -     -     -     -       -    (-,-) 
  g32763/z           (u)     in_0->z F     unmapped_complex2      1   3.2     0    17     259    (-,-) 
  n_10645            -       -       -     (net)                  -     -     -     -       -    (-,-) 
  g32469/z           (u)     in_1->z R     unmapped_complex2     31 111.6     0    54     312    (-,-) 
  n_6694             -       -       -     (net)                  -     -     -     -       -    (-,-) 
  g32423/z           (u)     in_0->z R     unmapped_or2           1   3.6     0    17     329    (-,-) 
  n_7596             -       -       -     (net)                  -     -     -     -       -    (-,-) 
  g32418/z           (u)     in_1->z F     unmapped_nand2         2   6.4     0    19     348    (-,-) 
  n_7060             -       -       -     (net)                  -     -     -     -       -    (-,-) 
  g32381/z           (u)     in_0->z R     unmapped_nand2         1   3.6     0    17     365    (-,-) 
  n_7329             -       -       -     (net)                  -     -     -     -       -    (-,-) 
  g32365/z           (u)     in_1->z F     unmapped_nand2        26  83.2     0    51     416    (-,-) 
  n_6702             -       -       -     (net)                  -     -     -     -       -    (-,-) 
  g32354/z           (u)     in_0->z F     unmapped_or2           4  12.8     0    24     440    (-,-) 
  n_6729             -       -       -     (net)                  -     -     -     -       -    (-,-) 
  g32326/z           (u)     in_0->z F     unmapped_or2           2   6.4     0    19     459    (-,-) 
  n_7001             -       -       -     (net)                  -     -     -     -       -    (-,-) 
  g32262/z           (u)     in_1->z F     unmapped_complex2      3   9.6     0    22     481    (-,-) 
  n_16925            -       -       -     (net)                  -     -     -     -       -    (-,-) 
  g32229/z           (u)     in_1->z R     unmapped_nand2         1   3.6     0    17     497    (-,-) 
  n_16929            -       -       -     (net)                  -     -     -     -       -    (-,-) 
  g32202/z           (u)     in_1->z R     unmapped_complex2      1   3.6     0    17     514    (-,-) 
  n_7443             -       -       -     (net)                  -     -     -     -       -    (-,-) 
  g32820/z           (u)     in_0->z R     unmapped_complex2      3  10.8     0    22     536    (-,-) 
  n_6737             -       -       -     (net)                  -     -     -     -       -    (-,-) 
  g32826/z           (u)     in_1->z F     unmapped_complex2      4  12.8     0    24     560    (-,-) 
  n_6738             -       -       -     (net)                  -     -     -     -       -    (-,-) 
  g32152/z           (u)     in_1->z R     unmapped_nand2         6  21.6     0    30     590    (-,-) 
  n_6748             -       -       -     (net)                  -     -     -     -       -    (-,-) 
  g32147/z           (u)     in_1->z F     unmapped_nand2         2   6.4     0    19     609    (-,-) 
  n_15360            -       -       -     (net)                  -     -     -     -       -    (-,-) 
  g32123/z           (u)     in_0->z F     unmapped_or2           1   3.2     0    17     626    (-,-) 
  n_15364            -       -       -     (net)                  -     -     -     -       -    (-,-) 
  g32109/z           (u)     in_0->z R     unmapped_nand2         1   3.6     0    17     642    (-,-) 
  n_15369            -       -       -     (net)                  -     -     -     -       -    (-,-) 
  g32099/z           (u)     in_1->z R     unmapped_or2           1   3.6     0    17     659    (-,-) 
  n_15371            -       -       -     (net)                  -     -     -     -       -    (-,-) 
  g32094/z           (u)     in_1->z R     unmapped_or2           3  10.8     0    22     681    (-,-) 
  n_6778             -       -       -     (net)                  -     -     -     -       -    (-,-) 
  g32973/z           (u)     in_0->z R     unmapped_or2           1   3.6     0    17     697    (-,-) 
  n_7198             -       -       -     (net)                  -     -     -     -       -    (-,-) 
  g32087/z           (u)     in_1->z F     unmapped_nand2         1   3.2     0    17     714    (-,-) 
  n_7200             -       -       -     (net)                  -     -     -     -       -    (-,-) 
  g32849/z           (u)     in_0->z F     unmapped_complex2      3   9.6     0    22     735    (-,-) 
  n_6786             -       -       -     (net)                  -     -     -     -       -    (-,-) 
  g32077/z           (u)     in_1->z R     unmapped_nand2         1   3.6     0    17     752    (-,-) 
  n_7206             -       -       -     (net)                  -     -     -     -       -    (-,-) 
  g32073/z           (u)     in_1->z F     unmapped_nand2         3   9.6     0    22     774    (-,-) 
  n_6787             -       -       -     (net)                  -     -     -     -       -    (-,-) 
  g32065/z           (u)     in_1->z F     unmapped_complex2      1   3.2     0    17     790    (-,-) 
  n_7211             -       -       -     (net)                  -     -     -     -       -    (-,-) 
  g32054/z           (u)     in_0->z R     unmapped_nand2         4  14.4     0    24     815    (-,-) 
  n_6793             -       -       -     (net)                  -     -     -     -       -    (-,-) 
  g32862/z           (u)     in_0->z F     unmapped_complex2      1   3.2     0    17     831    (-,-) 
  n_7218             -       -       -     (net)                  -     -     -     -       -    (-,-) 
  g32026/z           (u)     in_1->z R     unmapped_nand2         1   3.6     0    17     848    (-,-) 
  n_7062             -       -       -     (net)                  -     -     -     -       -    (-,-) 
  g32016/z           (u)     in_1->z F     unmapped_nand2        33 105.6     0    54     902    (-,-) 
  n_6802             -       -       -     (net)                  -     -     -     -       -    (-,-) 
  g32875/z           (u)     in_0->z R     unmapped_complex2      7  25.2     0    33     935    (-,-) 
  n_6807             -       -       -     (net)                  -     -     -     -       -    (-,-) 
  g31969/z           (u)     in_0->z R     unmapped_or2           1   3.6     0    17     952    (-,-) 
  n_7223             -       -       -     (net)                  -     -     -     -       -    (-,-) 
  g31928/z           (u)     in_0->z F     unmapped_nand2         2   6.4     0    19     971    (-,-) 
  n_6811             -       -       -     (net)                  -     -     -     -       -    (-,-) 
  g32901/z           (u)     in_0->z F     unmapped_complex2      6  19.2     0    30    1001    (-,-) 
  n_6812             -       -       -     (net)                  -     -     -     -       -    (-,-) 
  g31858/z           (u)     in_1->z R     unmapped_nand2         1   3.6     0    17    1017    (-,-) 
  n_18607            -       -       -     (net)                  -     -     -     -       -    (-,-) 
  g31839/z           (u)     in_1->z R     unmapped_or2           1   3.6     0    17    1034    (-,-) 
  n_18608            -       -       -     (net)                  -     -     -     -       -    (-,-) 
  g31820/z           (u)     in_1->z R     unmapped_or2           1   3.6     0    17    1050    (-,-) 
  n_18609            -       -       -     (net)                  -     -     -     -       -    (-,-) 
  g31798/z           (u)     in_0->z R     unmapped_or2           1   3.6     0    17    1067    (-,-) 
  n_18612            -       -       -     (net)                  -     -     -     -       -    (-,-) 
  g31772/z           (u)     in_1->z F     unmapped_nand2         3   9.6     0    22    1089    (-,-) 
  n_6826             -       -       -     (net)                  -     -     -     -       -    (-,-) 
  g31764/z           (u)     in_1->z R     unmapped_nand2         1   3.6     0    17    1105    (-,-) 
  n_12838            -       -       -     (net)                  -     -     -     -       -    (-,-) 
  g31748/z           (u)     in_0->z F     unmapped_nand2         4  12.8     0    24    1130    (-,-) 
  n_6879             -       -       -     (net)                  -     -     -     -       -    (-,-) 
  g31730/z           (u)     in_1->z R     unmapped_nand2         2   7.2     0    19    1149    (-,-) 
  n_12449            -       -       -     (net)                  -     -     -     -       -    (-,-) 
  g32946/z           (u)     in_0->z F     unmapped_complex2      2   6.4     0    19    1168    (-,-) 
  n_13330            -       -       -     (net)                  -     -     -     -       -    (-,-) 
  g31713/z           (u)     in_1->z R     unmapped_nand2         3  10.8     0    22    1190    (-,-) 
  n_6914             -       -       -     (net)                  -     -     -     -       -    (-,-) 
  g31703/z           (u)     in_1->z F     unmapped_nand2         3   9.6     0    22    1211    (-,-) 
  n_7283             -       -       -     (net)                  -     -     -     -       -    (-,-) 
  g31687/z           (u)     in_0->z R     unmapped_complex2      2   7.2     0    19    1230    (-,-) 
  n_6917             -       -       -     (net)                  -     -     -     -       -    (-,-) 
  g32959/z           (u)     in_0->z F     unmapped_complex2      1   3.2     0    17    1247    (-,-) 
  n_7477             -       -       -     (net)                  -     -     -     -       -    (-,-) 
  g31674/z           (u)     in_1->z R     unmapped_complex2      1   3.6     0    17    1264    (-,-) 
  n_7479             -       -       -     (net)                  -     -     -     -       -    (-,-) 
  g32964/z           (u)     in_0->z R     unmapped_complex2      1   0.3     0    14    1277    (-,-) 
  bf_out[13]         -       -       -     (net)                  -     -     -     -       -    (-,-) 
  bf_out[13]         <<<     -       R     (port)                 -     -     -     0    1277    (-,-) 
#------------------------------------------------------------------------------------------------------

(u) : Net has unmapped pin(s).


