============================================================
  Generated by:           Genus(TM) Synthesis Solution 25.11-s095_1
  Generated on:           Feb 24 2026  10:36:23 am
  Module:                 add_fp16
  Operating conditions:   PVT_1P2V_25C 
  Interconnect mode:      global
  Area mode:              physical library
============================================================


Path 1: MET (0 ps) Late External Delay Assertion at pin fp_out[8]
           View: view_1p2_25
          Group: clock1
     Startpoint: (R) larger_mantissa_l_reg[6]/CLK
          Clock: (R) clock1
       Endpoint: (R) fp_out[8]
          Clock: (R) clock1

                     Capture       Launch     
        Clock Edge:+    1754            0     
       Src Latency:+       0            0     
       Net Latency:+       0 (I)        0 (I) 
           Arrival:=    1754            0     
                                              
      Output Delay:-       1                  
       Uncertainty:-       0                  
     Required Time:=    1753                  
      Launch Clock:-       0                  
         Data Path:-    1753                  
             Slack:=       0                  

Exceptions/Constraints:
  output_delay              1              add_fp16.sdc_line_17_41_1   

Launch clock path:
#-----------------------------------------------------------------------------------------------------
#        Timing Point          Flags   Arc   Edge   Cell     Fanout Load Trans Delay Arrival Instance 
#                                                                   (fF)  (ps)  (ps)   (ps)  Location 
#-----------------------------------------------------------------------------------------------------
  clk                          (i)     -     R     (arrival)     39  0.0     1     0       0    (-,-) 
  clk                          -       -     -     (net)          -    -     -     -       -    (-,-) 
  clk                          -       -     -     (net)          -    -     -     -       -    (-,-) 
  larger_mantissa_l_reg[6]/CLK <<<     -     R     dffrq_1x      39    -     1     0       0    (-,-) 
#-----------------------------------------------------------------------------------------------------

#------------------------------------------------------------------------------------------------------
#        Timing Point          Flags    Arc   Edge   Cell     Fanout Load Trans Delay Arrival Instance 
#                                                                    (fF)  (ps)  (ps)   (ps)  Location 
#------------------------------------------------------------------------------------------------------
  larger_mantissa_l_reg[6]/CLK -       -      R     (arrival)     39    -     1     0       0    (-,-) 
  larger_mantissa_l_reg[6]/Q   -       CLK->Q R     dffrq_1x       4 12.1    72   196     196    (-,-) 
  larger_mantissa_l[6]         -       -      -     (net)          -    -     -     -       -    (-,-) 
  g33154/X                     -       A->X   F     inv_1x         1  5.3    33    37     233    (-,-) 
  n_7                          -       -      -     (net)          -    -     -     -       -    (-,-) 
  g33143__1666/X               -       A->X   R     nand2_2x       2 11.0    55    43     276    (-,-) 
  n_72                         -       -      -     (net)          -    -     -     -       -    (-,-) 
  g33115/X                     -       A->X   F     inv_2x         2  8.2    25    29     305    (-,-) 
  n_116                        -       -      -     (net)          -    -     -     -       -    (-,-) 
  g32992__2802/X               -       B->X   R     nor2_1x        2  6.2    75    60     365    (-,-) 
  n_206                        -       -      -     (net)          -    -     -     -       -    (-,-) 
  g32958__2398/X               -       B->X   F     nand2_1x       1  3.3    32    45     410    (-,-) 
  n_232                        -       -      -     (net)          -    -     -     -       -    (-,-) 
  g32934__1617/X               -       A->X   R     nand2_1x       1  5.1    49    42     452    (-,-) 
  n_262                        -       -      -     (net)          -    -     -     -       -    (-,-) 
  g32912__5122/X               -       C->X   F     aoi21_2x       2  9.3    54    57     509    (-,-) 
  n_303                        -       -      -     (net)          -    -     -     -       -    (-,-) 
  g32862__9315/X               -       A->X   R     oai21_1x       1  5.3    72    65     574    (-,-) 
  n_319                        -       -      -     (net)          -    -     -     -       -    (-,-) 
  g32843__5477/X               -       A->X   F     nand2_2x       2  8.2    48    41     615    (-,-) 
  n_364                        -       -      -     (net)          -    -     -     -       -    (-,-) 
  g32795__6260/X               -       A->X   R     nand2_1x       1  7.7    67    58     673    (-,-) 
  n_365                        -       -      -     (net)          -    -     -     -       -    (-,-) 
  g32743__6260/X               -       A->X   R     xor2_2x        1 10.9    77   102     775    (-,-) 
  n_402                        -       -      -     (net)          -    -     -     -       -    (-,-) 
  g32699__5115/X               -       B0->X  F     oai22_4x       4 24.9    58    71     846    (-,-) 
  n_496                        -       -      -     (net)          -    -     -     -       -    (-,-) 
  g32676__7482/X               -       A->X   R     nand2_4x      10 32.9    72    63     909    (-,-) 
  n_535                        -       -      -     (net)          -    -     -     -       -    (-,-) 
  g32664/X                     -       A->X   F     inv_1x         3  9.9    43    50     959    (-,-) 
  n_551                        -       -      -     (net)          -    -     -     -       -    (-,-) 
  g32627__7410/X               -       A1->X  R     aoi22_1x       1  3.6    70    55    1013    (-,-) 
  n_550                        -       -      -     (net)          -    -     -     -       -    (-,-) 
  g32586__5115/X               -       C->X   F     oai21_1x       1  3.6    39    54    1067    (-,-) 
  n_601                        -       -      -     (net)          -    -     -     -       -    (-,-) 
  g32548__5115/X               -       C->X   R     aoi21_1x       1  3.3    72    57    1124    (-,-) 
  n_651                        -       -      -     (net)          -    -     -     -       -    (-,-) 
  g32526__5107/X               -       A->X   F     nand2_1x       3 11.4    68    70    1194    (-,-) 
  n_771                        -       -      -     (net)          -    -     -     -       -    (-,-) 
  g32469__9315/X               -       B->X   R     nand2_1x       2  8.4    75    70    1264    (-,-) 
  n_732                        -       -      -     (net)          -    -     -     -       -    (-,-) 
  g32446__4319/X               -       B->X   F     nor2_2x        3 11.4    54    64    1328    (-,-) 
  n_787                        -       -      -     (net)          -    -     -     -       -    (-,-) 
  g32438__1881/X               -       A->X   R     nand2_1x       2  8.7    72    64    1392    (-,-) 
  n_792                        -       -      -     (net)          -    -     -     -       -    (-,-) 
  g32417__5526/X               -       A->X   F     nor2_2x        2  8.9    44    53    1445    (-,-) 
  n_796                        -       -      -     (net)          -    -     -     -       -    (-,-) 
  g32366__2346/CO              -       A->CO  F     addh_1x        1  5.7    35    80    1524    (-,-) 
  n_807                        -       -      -     (net)          -    -     -     -       -    (-,-) 
  g32310__7482/CO              -       A->CO  F     addh_1x        1  5.7    35    77    1602    (-,-) 
  n_847                        -       -      -     (net)          -    -     -     -       -    (-,-) 
  g32293__6783/S               -       A->S   R     addh_1x        1  3.3    29   108    1710    (-,-) 
  n_897                        -       -      -     (net)          -    -     -     -       -    (-,-) 
  g32292__4319/X               -       B->X   R     and2_1x        1  0.9    19    44    1753    (-,-) 
  fp_out[8]                    -       -      -     (net)          -    -     -     -       -    (-,-) 
  fp_out[8]                    <<<     -      R     (port)         -    -     -     0    1753    (-,-) 
#------------------------------------------------------------------------------------------------------


