============================================================
  Generated by:           Genus(TM) Synthesis Solution 25.11-s095_1
  Generated on:           May 23 2026  06:47:14 pm
  Module:                 sysarr_32_input_fp_adder
  Operating conditions:   typical 
  Interconnect mode:      global
  Area mode:              physical library
============================================================

Timing
--------

Analysis view  Clock Period 
----------------------------
view_1p2_25   clock1 1000.0 


  Analysis    Cost   Critical        Violating 
    View     Group  Path Slack  TNS    Paths   
-----------------------------------------------
view_1p2_25  clock1        0.0  0.0          0 
            default   No paths  0.0          0 
-----------------------------------------------
Total                          -0.0          0 
                                               

Instance Count
--------------
Leaf Instance Count             18477 
Physical Instance count             0 
Sequential Instance Count        2980 
Combinational Instance Count    15497 
Hierarchical Instance Count         0 

Area
----
Cell Area                          33140.408
Physical Cell Area                 0.000
Total Cell Area (Cell+Physical)    33140.408
Net Area                           23283.963
Total Area (Cell+Physical+Net)     56424.371

Power
-----
Leakage Power                      689318.729 nW
Dynamic Power                      69941529.803 nW
Total Power                        70630848.532 nW

Max Fanout                         2980 (clk)
Min Fanout                         0 (adder_tree_inst_s1_g3_r[2])
Average Fanout                     2.1
Terms to net ratio                 3.3740
Terms to instance ratio            3.5740
Runtime                            49.984393 seconds
Elapsed Runtime                    52 seconds
Genus peak memory usage            1766.09 
Innovus peak memory usage          no_value 
Hostname                           asicfab.ecn.purdue.edu
