============================================================
  Generated by:           Genus(TM) Synthesis Solution 25.11-s095_1
  Generated on:           Mar 10 2026  02:47:19 pm
  Module:                 mul_bf
  Operating conditions:   typical 
  Interconnect mode:      global
  Area mode:              physical library
============================================================


Path 1: MET (197 ps) Setup Check with Pin result_reg[22]/clk->d
           View: view_1p2_25
          Group: clock1
     Startpoint: (F) b[5]
          Clock: (R) clock1
       Endpoint: (R) result_reg[22]/d
          Clock: (R) clock1

                     Capture       Launch     
        Clock Edge:+    1333            0     
        Drv Adjust:+       0            0     
       Src Latency:+       0            0     
       Net Latency:+       0 (I)        0 (I) 
           Arrival:=    1333            0     
                                              
             Setup:-      38                  
       Uncertainty:-       0                  
     Required Time:=    1295                  
      Launch Clock:-       0                  
       Input Delay:-       1                  
         Data Path:-    1097                  
             Slack:=     197                  

Exceptions/Constraints:
  input_delay              1              mul_bf.sdc_line_20_28_1   

#--------------------------------------------------------------------------------------------------------------------------
#              Timing Point               Flags    Arc    Edge       Cell         Fanout Load Trans Delay Arrival Instance 
#                                                                                        (fF)  (ps)  (ps)   (ps)  Location 
#--------------------------------------------------------------------------------------------------------------------------
  b[5]                                    (u)     -       F     (arrival)             11 35.2     0     0       1    (-,-) 
  b[5]                                    -       -       -     (net)                  -    -     -     -       -    (-,-) 
  g4861/z                                 (u)     in_1->z R     unmapped_nand2         3 10.8     0    22      23    (-,-) 
  wallaca_n_15                            -       -       -     (net)                  -    -     -     -       -    (-,-) 
  g4941/z                                 (u)     in_1->z F     unmapped_complex2      1  3.2     0    17      39    (-,-) 
  n_3348                                  -       -       -     (net)                  -    -     -     -       -    (-,-) 
  g4748/z                                 (u)     in_1->z R     unmapped_nand2         3 10.8     0    22      61    (-,-) 
  wallaca_genblk1[0].genblk1[5].fa_00_n_3 -       -       -     (net)                  -    -     -     -       -    (-,-) 
  g4681/z                                 (u)     in_0->z R     unmapped_or2           1  3.6     0    17      77    (-,-) 
  n_3320                                  -       -       -     (net)                  -    -     -     -       -    (-,-) 
  g4682/z                                 (u)     in_1->z F     unmapped_nand2         3  9.6     0    22      99    (-,-) 
  wallaca_stage1_sums[0][5]               -       -       -     (net)                  -    -     -     -       -    (-,-) 
  g4984/z                                 (u)     in_1->z F     unmapped_complex2      1  3.2     0    17     116    (-,-) 
  n_3292                                  -       -       -     (net)                  -    -     -     -       -    (-,-) 
  g4589/z                                 (u)     in_1->z R     unmapped_nand2         3 10.8     0    22     137    (-,-) 
  wallaca_genblk2[5].fa_s2_l1_n_3         -       -       -     (net)                  -    -     -     -       -    (-,-) 
  g4553/z                                 (u)     in_0->z R     unmapped_complex2      1  3.6     0    17     154    (-,-) 
  n_3272                                  -       -       -     (net)                  -    -     -     -       -    (-,-) 
  g4554/z                                 (u)     in_1->z F     unmapped_nand2         3  9.6     0    22     175    (-,-) 
  wallaca_stage2_level1_sums[5]           -       -       -     (net)                  -    -     -     -       -    (-,-) 
  g5019/z                                 (u)     in_1->z F     unmapped_complex2      1  3.2     0    17     192    (-,-) 
  n_3249                                  -       -       -     (net)                  -    -     -     -       -    (-,-) 
  g4497/z                                 (u)     in_1->z R     unmapped_nand2         3 10.8     0    22     214    (-,-) 
  wallaca_genblk4[5].fa_s3_l1_n_3         -       -       -     (net)                  -    -     -     -       -    (-,-) 
  g4454/z                                 (u)     in_0->z R     unmapped_or2           1  3.6     0    17     230    (-,-) 
  n_3227                                  -       -       -     (net)                  -    -     -     -       -    (-,-) 
  g4455/z                                 (u)     in_1->z F     unmapped_nand2         3  9.6     0    22     252    (-,-) 
  wallaca_stage3_sums[5]                  -       -       -     (net)                  -    -     -     -       -    (-,-) 
  g4441/z                                 (u)     in_0->z F     unmapped_or2           1  3.2     0    17     268    (-,-) 
  n_3221                                  -       -       -     (net)                  -    -     -     -       -    (-,-) 
  g4442/z                                 (u)     in_1->z R     unmapped_nand2         3 10.8     0    22     290    (-,-) 
  wallaca_stage4_sums[5]                  -       -       -     (net)                  -    -     -     -       -    (-,-) 
  g5045/z                                 (u)     in_0->z F     unmapped_complex2      3  9.6     0    22     312    (-,-) 
  n_2166                                  -       -       -     (net)                  -    -     -     -       -    (-,-) 
  g4353/z                                 (u)     in_1->z R     unmapped_nand2         1  3.6     0    17     328    (-,-) 
  n_2341                                  -       -       -     (net)                  -    -     -     -       -    (-,-) 
  g4339/z                                 (u)     in_0->z F     unmapped_nand2         3  9.6     0    22     350    (-,-) 
  n_2167                                  -       -       -     (net)                  -    -     -     -       -    (-,-) 
  g4315/z                                 (u)     in_1->z R     unmapped_nand2         1  3.6     0    17     366    (-,-) 
  n_2310                                  -       -       -     (net)                  -    -     -     -       -    (-,-) 
  g4305/z                                 (u)     in_0->z F     unmapped_nand2         4 12.8     0    24     391    (-,-) 
  n_2168                                  -       -       -     (net)                  -    -     -     -       -    (-,-) 
  g4294/z                                 (u)     in_0->z R     unmapped_complex2      1  3.6     0    17     408    (-,-) 
  n_2916                                  -       -       -     (net)                  -    -     -     -       -    (-,-) 
  g5052/z                                 (u)     in_0->z F     unmapped_complex2      3  9.6     0    22     429    (-,-) 
  n_2170                                  -       -       -     (net)                  -    -     -     -       -    (-,-) 
  g4282/z                                 (u)     in_1->z F     unmapped_complex2      1  3.2     0    17     446    (-,-) 
  n_2324                                  -       -       -     (net)                  -    -     -     -       -    (-,-) 
  g4278/z                                 (u)     in_0->z R     unmapped_nand2         3 10.8     0    22     467    (-,-) 
  n_2171                                  -       -       -     (net)                  -    -     -     -       -    (-,-) 
  g4274/z                                 (u)     in_1->z F     unmapped_nand2         2  6.4     0    19     486    (-,-) 
  n_2318                                  -       -       -     (net)                  -    -     -     -       -    (-,-) 
  g4272/z                                 (u)     in_0->z R     unmapped_complex2      1  3.6     0    17     503    (-,-) 
  n_3130                                  -       -       -     (net)                  -    -     -     -       -    (-,-) 
  g5053/z                                 (u)     in_0->z F     unmapped_nand2         1  3.2     0    17     520    (-,-) 
  n_2319                                  -       -       -     (net)                  -    -     -     -       -    (-,-) 
  g4265/z                                 (u)     in_1->z R     unmapped_nand2         2  7.2     0    19     539    (-,-) 
  n_2175                                  -       -       -     (net)                  -    -     -     -       -    (-,-) 
  g4907/z                                 (u)     in_0->z R     unmapped_complex2      1  3.6     0    17     555    (-,-) 
  n_2561                                  -       -       -     (net)                  -    -     -     -       -    (-,-) 
  g4243/z                                 (u)     in_1->z R     unmapped_complex2      1  3.6     0    17     572    (-,-) 
  n_2325                                  -       -       -     (net)                  -    -     -     -       -    (-,-) 
  g4239/z                                 (u)     in_0->z F     unmapped_complex2      1  3.2     0    17     588    (-,-) 
  n_2453                                  -       -       -     (net)                  -    -     -     -       -    (-,-) 
  g4238/z                                 (u)     in_1->z R     unmapped_nand2         3 10.8     0    22     610    (-,-) 
  n_2187                                  -       -       -     (net)                  -    -     -     -       -    (-,-) 
  g5057/z                                 (u)     in_0->z R     unmapped_complex2      1  3.6     0    17     627    (-,-) 
  n_2321                                  -       -       -     (net)                  -    -     -     -       -    (-,-) 
  g4233/z                                 (u)     in_0->z F     unmapped_nand2         3  9.6     0    22     648    (-,-) 
  n_2188                                  -       -       -     (net)                  -    -     -     -       -    (-,-) 
  g4229/z                                 (u)     in_1->z R     unmapped_nand2         1  3.6     0    17     665    (-,-) 
  n_2311                                  -       -       -     (net)                  -    -     -     -       -    (-,-) 
  g4227/z                                 (u)     in_0->z F     unmapped_nand2         3  9.6     0    22     686    (-,-) 
  n_2189                                  -       -       -     (net)                  -    -     -     -       -    (-,-) 
  g4224/z                                 (u)     in_1->z R     unmapped_nand2         1  3.6     0    17     703    (-,-) 
  n_2308                                  -       -       -     (net)                  -    -     -     -       -    (-,-) 
  g4217/z                                 (u)     in_0->z F     unmapped_nand2         3  9.6     0    22     725    (-,-) 
  n_2190                                  -       -       -     (net)                  -    -     -     -       -    (-,-) 
  g4216/z                                 (u)     in_0->z R     unmapped_nand2         1  3.6     0    17     741    (-,-) 
  n_2309                                  -       -       -     (net)                  -    -     -     -       -    (-,-) 
  g4212/z                                 (u)     in_0->z F     unmapped_nand2         3  9.6     0    22     763    (-,-) 
  n_2193                                  -       -       -     (net)                  -    -     -     -       -    (-,-) 
  g4209/z                                 (u)     in_1->z R     unmapped_nand2         1  3.6     0    17     780    (-,-) 
  n_2312                                  -       -       -     (net)                  -    -     -     -       -    (-,-) 
  g4205/z                                 (u)     in_0->z F     unmapped_nand2         3  9.6     0    22     801    (-,-) 
  n_2194                                  -       -       -     (net)                  -    -     -     -       -    (-,-) 
  g4202/z                                 (u)     in_0->z R     unmapped_nand2         1  3.6     0    17     818    (-,-) 
  n_2313                                  -       -       -     (net)                  -    -     -     -       -    (-,-) 
  g4198/z                                 (u)     in_0->z F     unmapped_nand2         3  9.6     0    22     839    (-,-) 
  n_2197                                  -       -       -     (net)                  -    -     -     -       -    (-,-) 
  g4193/z                                 (u)     in_1->z R     unmapped_nand2         1  3.6     0    17     856    (-,-) 
  n_3137                                  -       -       -     (net)                  -    -     -     -       -    (-,-) 
  g4194/z                                 (u)     in_1->z F     unmapped_nand2         3  9.6     0    22     878    (-,-) 
  n_2206                                  -       -       -     (net)                  -    -     -     -       -    (-,-) 
  g5063/z                                 (u)     in_0->z R     unmapped_complex2      1  3.6     0    17     894    (-,-) 
  n_2330                                  -       -       -     (net)                  -    -     -     -       -    (-,-) 
  g4184/z                                 (u)     in_1->z F     unmapped_nand2         2  6.4     0    19     913    (-,-) 
  n_2216                                  -       -       -     (net)                  -    -     -     -       -    (-,-) 
  g4181/z                                 (u)     in_1->z R     unmapped_nand2         2  7.2     0    19     932    (-,-) 
  n_524                                   -       -       -     (net)                  -    -     -     -       -    (-,-) 
  g4180/z                                 (u)     in_0->z F     unmapped_complex2      9 28.8     0    36     969    (-,-) 
  n_2221                                  -       -       -     (net)                  -    -     -     -       -    (-,-) 
  g4175/z                                 (u)     in_0->z F     unmapped_or2          10 32.0     0    38    1006    (-,-) 
  n_2225                                  -       -       -     (net)                  -    -     -     -       -    (-,-) 
  g4167/z                                 (u)     in_1->z F     unmapped_or2          14 44.8     0    42    1048    (-,-) 
  n_2244                                  -       -       -     (net)                  -    -     -     -       -    (-,-) 
  g5066/z                                 (u)     in_0->z F     unmapped_complex2      1  3.2     0    17    1065    (-,-) 
  n_2472                                  -       -       -     (net)                  -    -     -     -       -    (-,-) 
  g4122/z                                 (u)     in_1->z R     unmapped_complex2      1  3.6     0    17    1081    (-,-) 
  n_2474                                  -       -       -     (net)                  -    -     -     -       -    (-,-) 
  g5081/z                                 (u)     in_0->z R     unmapped_complex2      1  3.6     0    17    1098    (-,-) 
  n_2280                                  -       -       -     (net)                  -    -     -     -       -    (-,-) 
  result_reg[22]/d                        <<<     -       R     unmapped_d_flop        1    -     -     0    1098    (-,-) 
#--------------------------------------------------------------------------------------------------------------------------

(u) : Net has unmapped pin(s).

Capture clock path:
#-------------------------------------------------------------------------------------------------
#   Timing Point     Flags   Arc   Edge      Cell        Fanout Load Trans Delay Arrival Instance 
#                                                               (fF)  (ps)  (ps)   (ps)  Location 
#-------------------------------------------------------------------------------------------------
  clk                (i,u)   -     R     (arrival)           25  0.0     0     0    1333    (-,-) 
  clk                -       -     -     (net)                -    -     -     -       -    (-,-) 
  clk                -       -     -     (net)                -    -     -     -       -    (-,-) 
  result_reg[22]/clk <<<     -     R     unmapped_d_flop     25    -     1     0    1333    (-,-) 
#-------------------------------------------------------------------------------------------------


