============================================================
  Generated by:           Genus(TM) Synthesis Solution 25.11-s095_1
  Generated on:           Mar 10 2026  12:17:01 pm
  Operating conditions:   typical 
  Interconnect mode:      global
  Area mode:              physical library
============================================================

                               Leakage    Internal                         Library 
   Gate    Instances   Area  Power (nW)  Power (nW)         Library         Domain 
-----------------------------------------------------------------------------------
AND2_X1           18  19.152    459.003   14157.656 NangateOpenCellLibrary       0 
AND2_X2            1   1.330     50.353     946.802 NangateOpenCellLibrary       0 
AND3_X1            2   2.660     50.111    1870.938 NangateOpenCellLibrary       0 
AND4_X1            1   1.596     24.264     409.631 NangateOpenCellLibrary       0 
AOI21_X1          19  20.216    579.612   15347.971 NangateOpenCellLibrary       0 
AOI21_X2           3   5.586    168.053    6292.804 NangateOpenCellLibrary       0 
AOI22_X1           7   9.310    243.619    5368.933 NangateOpenCellLibrary       0 
DFFR_X1           25 133.000   2202.224  307423.289 NangateOpenCellLibrary       0 
FA_X1             10  42.560    820.782   25656.320 NangateOpenCellLibrary       0 
HA_X1              9  23.940    540.663   11636.586 NangateOpenCellLibrary       0 
INV_X1            72  38.304   1065.258   22267.748 NangateOpenCellLibrary       0 
INV_X2             1   0.798     32.957     358.131 NangateOpenCellLibrary       0 
MUX2_X1            3   5.586    107.203    5057.956 NangateOpenCellLibrary       0 
NAND2_X1         103  82.194   2018.792   46058.665 NangateOpenCellLibrary       0 
NAND2_X2          11  14.630    379.401    5826.581 NangateOpenCellLibrary       0 
NAND2_X4           4   9.576    278.293    4168.730 NangateOpenCellLibrary       0 
NAND3_X1          10  10.640    119.607    3942.039 NangateOpenCellLibrary       0 
NAND4_X1           6   7.980    137.177    2671.565 NangateOpenCellLibrary       0 
NOR2_X1           46  36.708    986.046   20126.903 NangateOpenCellLibrary       0 
NOR2_X2            3   3.990    125.389    1672.300 NangateOpenCellLibrary       0 
NOR3_X1            3   3.192     76.989    1006.750 NangateOpenCellLibrary       0 
NOR4_X1            6   7.980    195.609    1285.262 NangateOpenCellLibrary       0 
OAI211_X1          5   6.650    125.804    5574.717 NangateOpenCellLibrary       0 
OAI21_X1          31  32.984    851.523   31620.382 NangateOpenCellLibrary       0 
OAI21_X2           2   3.724    130.963    2218.040 NangateOpenCellLibrary       0 
OAI221_X1          1   1.596     51.789    2447.498 NangateOpenCellLibrary       0 
OAI22_X1          17  22.610    661.483   26259.896 NangateOpenCellLibrary       0 
OR2_X1            17  18.088    395.464   15415.691 NangateOpenCellLibrary       0 
OR2_X4             2   4.788    178.265   14368.961 NangateOpenCellLibrary       0 
OR3_X2             1   1.596     49.590     285.355 NangateOpenCellLibrary       0 
OR4_X1             1   1.596     27.927     454.059 NangateOpenCellLibrary       0 
XNOR2_X1          70 111.720   2568.336   92043.329 NangateOpenCellLibrary       0 
XNOR2_X2           6  15.960    403.730   11702.700 NangateOpenCellLibrary       0 
XOR2_X1           16  25.536    574.030   33984.618 NangateOpenCellLibrary       0 
XOR2_X2            3   7.182    251.599    4348.455 NangateOpenCellLibrary       0 
-----------------------------------------------------------------------------------
total            535 734.958  16931.908  744277.260                                
                                          Leakage  Leakage  Internal  Internal 
     Type      Instances   Area  Area % Power (nW) Power % Power (nW)  Power % 
-------------------------------------------------------------------------------
sequential            25 133.000   18.1   2202.224    13.0 307423.289     41.3 
inverter              73  39.102    5.3   1098.215     6.5  22625.878      3.0 
logic                437 562.856   76.6  13631.469    80.5 414228.092     55.7 
physical_cells         0   0.000    0.0      0.000     0.0      0.000      0.0 
-------------------------------------------------------------------------------
total                535 734.958  100.0  16931.908   100.0 744277.260    100.0 
