============================================================
  Generated by:           Genus(TM) Synthesis Solution 25.11-s095_1
  Generated on:           Feb 01 2026  01:23:20 am
  Module:                 add_bf16
  Operating conditions:   PVT_1P2V_25C 
  Interconnect mode:      global
  Area mode:              physical library
============================================================


Path 1: MET (0 ps) Late External Delay Assertion at pin bf_out[10]
           View: view_1p2_25
          Group: clock1
     Startpoint: (R) smaller_mantissa_l_reg[0]/CLK
          Clock: (R) clock1
       Endpoint: (F) bf_out[10]
          Clock: (R) clock1

                     Capture       Launch     
        Clock Edge:+    1961            0     
       Src Latency:+       0            0     
       Net Latency:+       0 (I)        0 (I) 
           Arrival:=    1961            0     
                                              
      Output Delay:-       1                  
       Uncertainty:-       0                  
     Required Time:=    1960                  
      Launch Clock:-       0                  
         Data Path:-    1960                  
             Slack:=       0                  

Exceptions/Constraints:
  output_delay              1              add_bf16.sdc_line_21_36_1   

Launch clock path:
#------------------------------------------------------------------------------------------------------
#         Timing Point          Flags   Arc   Edge   Cell     Fanout Load Trans Delay Arrival Instance 
#                                                                    (fF)  (ps)  (ps)   (ps)  Location 
#------------------------------------------------------------------------------------------------------
  clk                           (i)     -     R     (arrival)     30  0.0     1     0       0    (-,-) 
  clk                           -       -     -     (net)          -    -     -     -       -    (-,-) 
  clk                           -       -     -     (net)          -    -     -     -       -    (-,-) 
  smaller_mantissa_l_reg[0]/CLK <<<     -     R     dffrq_1x      30    -     1     0       0    (-,-) 
#------------------------------------------------------------------------------------------------------

#-------------------------------------------------------------------------------------------------------
#         Timing Point          Flags    Arc   Edge   Cell     Fanout Load Trans Delay Arrival Instance 
#                                                                     (fF)  (ps)  (ps)   (ps)  Location 
#-------------------------------------------------------------------------------------------------------
  smaller_mantissa_l_reg[0]/CLK -       -      R     (arrival)     30    -     1     0       0    (-,-) 
  smaller_mantissa_l_reg[0]/Q   -       CLK->Q R     dffrq_1x       8 23.0   118   228     228    (-,-) 
  smaller_mantissa_l[0]         -       -      -     (net)          -    -     -     -       -    (-,-) 
  g25841__6131/X                -       A->X   F     nor2_1x        2  8.9    74    89     318    (-,-) 
  n_361                         -       -      -     (net)          -    -     -     -       -    (-,-) 
  g25768__2398/X                -       B->X   R     aoi21_2x       2  9.0    74    67     385    (-,-) 
  n_432                         -       -      -     (net)          -    -     -     -       -    (-,-) 
  g25762__7410/X                -       B0->X  F     oai22_2x       2  8.3    47    61     446    (-,-) 
  n_435                         -       -      -     (net)          -    -     -     -       -    (-,-) 
  g25758__2883/X                -       A->X   R     oai21_2x       2 13.1    98    69     515    (-,-) 
  n_438                         -       -      -     (net)          -    -     -     -       -    (-,-) 
  g25753__4733/X                -       A->X   F     oai21_4x       2 14.2    45    48     563    (-,-) 
  n_441                         -       -      -     (net)          -    -     -     -       -    (-,-) 
  g25746__8246/X                -       A->X   R     oai21_4x       2  9.4    47    43     606    (-,-) 
  n_445                         -       -      -     (net)          -    -     -     -       -    (-,-) 
  g25733__4319/X                -       A->X   F     oai21_2x       2 12.0    50    46     652    (-,-) 
  n_464                         -       -      -     (net)          -    -     -     -       -    (-,-) 
  g25723__2346/X                -       A->X   R     oai21_2x       2  8.2    79    55     707    (-,-) 
  n_472                         -       -      -     (net)          -    -     -     -       -    (-,-) 
  g3/X                          -       A->X   F     nand2_2x       1  7.8    39    42     748    (-,-) 
  n_707                         -       -      -     (net)          -    -     -     -       -    (-,-) 
  g26267/X                      -       A->X   F     xor2_2x        4 12.1    56   103     851    (-,-) 
  n_708                         -       -      -     (net)          -    -     -     -       -    (-,-) 
  g25698__2802/X                -       A->X   R     nand2_1x       4 14.4   111    89     940    (-,-) 
  n_525                         -       -      -     (net)          -    -     -     -       -    (-,-) 
  g25694__6260/X                -       A->X   F     nor2_2x        6 19.1    75    89    1028    (-,-) 
  n_546                         -       -      -     (net)          -    -     -     -       -    (-,-) 
  g25667__8428/X                -       A->X   R     aoi21_1x       1  3.6    65    58    1086    (-,-) 
  n_521                         -       -      -     (net)          -    -     -     -       -    (-,-) 
  g25656__9945/X                -       C->X   F     oai21_1x       2  6.4    50    64    1150    (-,-) 
  n_544                         -       -      -     (net)          -    -     -     -       -    (-,-) 
  g25635__5122/X                -       A->X   F     and3_1x        3  9.2    40    79    1229    (-,-) 
  n_579                         -       -      -     (net)          -    -     -     -       -    (-,-) 
  g25621__9945/X                -       B->X   F     and2_1x        3  9.6    39    75    1304    (-,-) 
  n_590                         -       -      -     (net)          -    -     -     -       -    (-,-) 
  g25618__7098/X                -       A->X   F     and2_1x        3  9.9    42    72    1376    (-,-) 
  n_595                         -       -      -     (net)          -    -     -     -       -    (-,-) 
  g25611__8428/X                -       A->X   F     and2_1x        3  9.9    40    73    1448    (-,-) 
  n_605                         -       -      -     (net)          -    -     -     -       -    (-,-) 
  g25607__5477/X                -       A->X   F     and2_1x        4 12.8    48    79    1527    (-,-) 
  n_621                         -       -      -     (net)          -    -     -     -       -    (-,-) 
  g25603__9315/X                -       A->X   F     and2_1x        3  9.9    40    74    1602    (-,-) 
  n_627                         -       -      -     (net)          -    -     -     -       -    (-,-) 
  g25597__5122/X                -       A->X   F     and2_1x        3  9.8    39    72    1674    (-,-) 
  n_635                         -       -      -     (net)          -    -     -     -       -    (-,-) 
  g25593__4319/X                -       A->X   F     and2_1x        3  9.9    41    72    1745    (-,-) 
  n_643                         -       -      -     (net)          -    -     -     -       -    (-,-) 
  g25589__2346/X                -       A->X   F     and2_1x        3  9.6    39    72    1817    (-,-) 
  n_650                         -       -      -     (net)          -    -     -     -       -    (-,-) 
  g25569__5115/X                -       A->X   F     and2_1x        2  6.7    31    64    1881    (-,-) 
  n_661                         -       -      -     (net)          -    -     -     -       -    (-,-) 
  g25555__3680/X                -       A->X   R     oai21_1x       1  3.7    69    49    1930    (-,-) 
  n_662                         -       -      -     (net)          -    -     -     -       -    (-,-) 
  g25547__6260/X                -       A->X   F     oai21_1x       1  0.9    37    29    1960    (-,-) 
  bf_out[10]                    -       -      -     (net)          -    -     -     -       -    (-,-) 
  bf_out[10]                    <<<     -      F     (port)         -    -     -     0    1960    (-,-) 
#-------------------------------------------------------------------------------------------------------


