============================================================
  Generated by:           Genus(TM) Synthesis Solution 25.11-s095_1
  Generated on:           Jan 26 2026  06:45:16 pm
  Module:                 mul_fp16
  Operating conditions:   PVT_1P2V_25C 
  Interconnect mode:      global
  Area mode:              physical library
============================================================


Path 1: VIOLATED (-127 ps) Setup Check with Pin result_reg[12]/CLK->D
           View: view_1p2_25
          Group: clock1
     Startpoint: (R) b_latched_reg[6]/CLK
          Clock: (R) clock1
       Endpoint: (F) result_reg[12]/D
          Clock: (R) clock1

                     Capture       Launch     
        Clock Edge:+    1667            0     
       Src Latency:+       0            0     
       Net Latency:+       0 (I)        0 (I) 
           Arrival:=    1667            0     
                                              
             Setup:-     143                  
       Uncertainty:-       0                  
     Required Time:=    1523                  
      Launch Clock:-       0                  
         Data Path:-    1650                  
             Slack:=    -127                  

Launch clock path:
#---------------------------------------------------------------------------------------------
#    Timing Point      Flags   Arc   Edge   Cell     Fanout Load Trans Delay Arrival Instance 
#                                                           (fF)  (ps)  (ps)   (ps)  Location 
#---------------------------------------------------------------------------------------------
  clk                  (i)     -     R     (arrival)     50  0.0     1     0       0    (-,-) 
  clk                  -       -     -     (net)          -    -     -     -       -    (-,-) 
  clk                  -       -     -     (net)          -    -     -     -       -    (-,-) 
  b_latched_reg[6]/CLK <<<     -     R     dffrq_1x      50    -     1     0       0    (-,-) 
#---------------------------------------------------------------------------------------------

#-------------------------------------------------------------------------------------------------
#      Timing Point       Flags    Arc   Edge   Cell     Fanout Load Trans Delay Arrival Instance 
#                                                               (fF)  (ps)  (ps)   (ps)  Location 
#-------------------------------------------------------------------------------------------------
  b_latched_reg[6]/CLK    -       -      R     (arrival)     50    -     1     0       0    (-,-) 
  b_latched_reg[6]/Q      -       CLK->Q R     dffrq_1x       2 11.8    71   195     195    (-,-) 
  b_latched[6]            -       -      -     (net)          -    -     -     -       -    (-,-) 
  g23689/X                -       A->X   F     inv_2x         5 19.0    41    48     243    (-,-) 
  n_4832                  -       -      -     (net)          -    -     -     -       -    (-,-) 
  mul_core_g19668__5477/X -       A->X   R     nor2_1x        1  5.3    66    57     300    (-,-) 
  mul_core_n_12868        -       -      -     (net)          -    -     -     -       -    (-,-) 
  g35/X                   -       A->X   F     nand2_2x       3 13.9    47    51     351    (-,-) 
  n_7058                  -       -      -     (net)          -    -     -     -       -    (-,-) 
  g27378/X                -       A->X   R     inv_2x         1  6.2    28    27     378    (-,-) 
  n_9176                  -       -      -     (net)          -    -     -     -       -    (-,-) 
  g27377/X                -       A->X   F     oai21_2x       1  9.8    44    36     414    (-,-) 
  n_9179                  -       -      -     (net)          -    -     -     -       -    (-,-) 
  g26701/X                -       A->X   R     nand2_4x       2 15.7    44    40     455    (-,-) 
  n_8419                  -       -      -     (net)          -    -     -     -       -    (-,-) 
  g26700/X                -       B->X   F     nand2_2x       1  9.0    39    42     497    (-,-) 
  n_8420                  -       -      -     (net)          -    -     -     -       -    (-,-) 
  g23414/X                -       B->X   R     nand2_4x       2 15.7    42    42     539    (-,-) 
  n_4427                  -       -      -     (net)          -    -     -     -       -    (-,-) 
  fopt24354/X             -       A->X   F     inv_4x         4 17.9    23    28     567    (-,-) 
  n_5639                  -       -      -     (net)          -    -     -     -       -    (-,-) 
  g23613/X                -       A->X   R     nand2_2x       1  9.8    46    37     604    (-,-) 
  n_4711                  -       -      -     (net)          -    -     -     -       -    (-,-) 
  g26454/X                -       A->X   F     nand2_4x       2 12.8    28    33     637    (-,-) 
  n_8102                  -       -      -     (net)          -    -     -     -       -    (-,-) 
  g26455/X                -       A->X   R     nand2_4x       1  9.8    30    29     666    (-,-) 
  n_8104                  -       -      -     (net)          -    -     -     -       -    (-,-) 
  g90/X                   -       A->X   F     nand2_4x       4 17.9    33    34     700    (-,-) 
  n_7988                  -       -      -     (net)          -    -     -     -       -    (-,-) 
  g26354/X                -       A->X   R     nand2_2x       1  3.7    28    27     727    (-,-) 
  n_7990                  -       -      -     (net)          -    -     -     -       -    (-,-) 
  g25140/X                -       C->X   R     oa21_2x        3 12.1    40    81     808    (-,-) 
  n_6486                  -       -      -     (net)          -    -     -     -       -    (-,-) 
  g25952/X                -       A->X   F     oai21_2x       1  6.0    38    33     841    (-,-) 
  n_7507                  -       -      -     (net)          -    -     -     -       -    (-,-) 
  fopt20699/X             -       A->X   R     inv_2x         3 16.5    45    42     882    (-,-) 
  n_985                   -       -      -     (net)          -    -     -     -       -    (-,-) 
  fopt20062/X             -       A->X   F     inv_2x         1  5.4    19    23     905    (-,-) 
  n_310                   -       -      -     (net)          -    -     -     -       -    (-,-) 
  g23272/X                -       A->X   R     nor2_2x        2 11.0    65    50     956    (-,-) 
  n_4269                  -       -      -     (net)          -    -     -     -       -    (-,-) 
  g23274/X                -       A->X   F     inv_2x         1  9.8    30    34     990    (-,-) 
  n_4271                  -       -      -     (net)          -    -     -     -       -    (-,-) 
  g23273/X                -       A->X   R     nand2_4x       3 22.1    51    43    1032    (-,-) 
  n_4272                  -       -      -     (net)          -    -     -     -       -    (-,-) 
  g25669/X                -       A->X   F     nand3_4x       2  9.8    35    38    1071    (-,-) 
  n_7144                  -       -      -     (net)          -    -     -     -       -    (-,-) 
  g25792/X                -       B->X   R     nand2_2x       2 10.1    48    45    1115    (-,-) 
  n_7322                  -       -      -     (net)          -    -     -     -       -    (-,-) 
  g26141/X                -       A->X   F     nand3_2x       1  9.0    47    48    1163    (-,-) 
  n_7730                  -       -      -     (net)          -    -     -     -       -    (-,-) 
  g26140/X                -       B->X   R     nand2_4x       1 16.0    44    45    1208    (-,-) 
  n_7731                  -       -      -     (net)          -    -     -     -       -    (-,-) 
  g71/X                   -       A->X   F     inv_6x         3 37.2    27    33    1241    (-,-) 
  n_7732                  -       -      -     (net)          -    -     -     -       -    (-,-) 
  g26139/X                -       A->X   R     inv_8x         7 43.1    31    31    1272    (-,-) 
  n_7733                  -       -      -     (net)          -    -     -     -       -    (-,-) 
  g27382/X                -       A->X   F     nand2_4x       2 14.6    30    31    1302    (-,-) 
  n_9180                  -       -      -     (net)          -    -     -     -       -    (-,-) 
  g27381/X                -       A->X   R     nand3_2x       1  9.2    56    43    1345    (-,-) 
  n_9184                  -       -      -     (net)          -    -     -     -       -    (-,-) 
  g27324/X                -       B->X   F     nand2_4x       2 12.5    27    41    1386    (-,-) 
  n_9125                  -       -      -     (net)          -    -     -     -       -    (-,-) 
  g27485/X                -       A->X   R     nand3_4x       1 10.9    42    34    1420    (-,-) 
  n_9297                  -       -      -     (net)          -    -     -     -       -    (-,-) 
  fopt27484/X             -       A->X   F     inv_4x         4 19.0    23    29    1448    (-,-) 
  n_9298                  -       -      -     (net)          -    -     -     -       -    (-,-) 
  g27487/X                -       B->X   R     nand2_4x       2 16.7    42    38    1486    (-,-) 
  n_9302                  -       -      -     (net)          -    -     -     -       -    (-,-) 
  g26196/X                -       A->X   F     oai21_4x       1  9.8    29    32    1518    (-,-) 
  n_7793                  -       -      -     (net)          -    -     -     -       -    (-,-) 
  g13/X                   -       A->X   R     nand2_4x       5 16.7    42    37    1555    (-,-) 
  n_7943                  -       -      -     (net)          -    -     -     -       -    (-,-) 
  g237/X                  -       A->X   R     or2_1x         1  3.2    25    55    1610    (-,-) 
  n_3298                  -       -      -     (net)          -    -     -     -       -    (-,-) 
  g233/X                  -       B->X   F     nand3_1x       1  2.7    34    39    1650    (-,-) 
  n_3302                  -       -      -     (net)          -    -     -     -       -    (-,-) 
  result_reg[12]/D        <<<     -      F     dffrq_1x       1    -     -     0    1650    (-,-) 
#-------------------------------------------------------------------------------------------------

Capture clock path:
#-------------------------------------------------------------------------------------------
#   Timing Point     Flags   Arc   Edge   Cell     Fanout Load Trans Delay Arrival Instance 
#                                                         (fF)  (ps)  (ps)   (ps)  Location 
#-------------------------------------------------------------------------------------------
  clk                (i)     -     R     (arrival)     50  0.0     1     0    1667    (-,-) 
  clk                -       -     -     (net)          -    -     -     -       -    (-,-) 
  clk                -       -     -     (net)          -    -     -     -       -    (-,-) 
  result_reg[12]/CLK <<<     -     R     dffrq_1x      50    -     1     0    1667    (-,-) 
#-------------------------------------------------------------------------------------------


