============================================================
  Generated by:           Genus(TM) Synthesis Solution 25.11-s095_1
  Generated on:           Mar 10 2026  11:41:59 pm
  Module:                 add_fp16
  Operating conditions:   typical 
  Interconnect mode:      global
  Area mode:              physical library
============================================================


Path 1: MET (32 ps) Setup Check with Pin fp_out_reg[0]/clk->d
           View: view_1p2_25
          Group: clock1
     Startpoint: (R) signs_differ_l_reg/clk
          Clock: (R) clock1
       Endpoint: (R) fp_out_reg[0]/d
          Clock: (R) clock1

                     Capture       Launch     
        Clock Edge:+    1333            0     
       Src Latency:+       0            0     
       Net Latency:+       0 (I)        0 (I) 
           Arrival:=    1333            0     
                                              
             Setup:-      38                  
       Uncertainty:-       0                  
     Required Time:=    1295                  
      Launch Clock:-       0                  
         Data Path:-    1264                  
             Slack:=      32                  

Launch clock path:
#-----------------------------------------------------------------------------------------------------
#     Timing Point       Flags   Arc   Edge      Cell        Fanout Load Trans Delay Arrival Instance 
#                                                                   (fF)  (ps)  (ps)   (ps)  Location 
#-----------------------------------------------------------------------------------------------------
  clk                    (i,u)   -     R     (arrival)          100  0.0     0     0       0    (-,-) 
  clk                    -       -     -     (net)                -    -     -     -       -    (-,-) 
  clk                    -       -     -     (net)                -    -     -     -       -    (-,-) 
  signs_differ_l_reg/clk <<<     -     R     unmapped_d_flop    100    -     1     0       0    (-,-) 
#-----------------------------------------------------------------------------------------------------

#-----------------------------------------------------------------------------------------------------------------
#         Timing Point          Flags    Arc    Edge       Cell         Fanout  Load Trans Delay Arrival Instance 
#                                                                               (fF)  (ps)  (ps)   (ps)  Location 
#-----------------------------------------------------------------------------------------------------------------
  signs_differ_l_reg/clk        -       -       R     (arrival)            100     -     1     0       0    (-,-) 
  signs_differ_l_reg/q          (u)     clk->q  F     unmapped_d_flop       97 310.4     0   164     164    (-,-) 
  signs_differ_l                -       -       -     (net)                  -     -     -     -       -    (-,-) 
  g10290/z                      (u)     in_0->z R     unmapped_complex2      3  10.8     0    22     186    (-,-) 
  n_12381                       -       -       -     (net)                  -     -     -     -       -    (-,-) 
  g10551/z                      (u)     in_0->z R     unmapped_or2           1   3.6     0    17     203    (-,-) 
  n_12570                       -       -       -     (net)                  -     -     -     -       -    (-,-) 
  g10552/z                      (u)     in_1->z F     unmapped_nand2        23  73.6     0    49     252    (-,-) 
  n_2343                        -       -       -     (net)                  -     -     -     -       -    (-,-) 
  mux_mantissa_sum_238_9_g701/z (u)     in_1->z F     unmapped_or2           3   9.6     0    22     273    (-,-) 
  mux_mantissa_sum_238_9_n_96   -       -       -     (net)                  -     -     -     -       -    (-,-) 
  mux_mantissa_sum_238_9_g623/z (u)     in_1->z R     unmapped_nand2         1   3.6     0    17     290    (-,-) 
  mux_mantissa_sum_238_9_n_170  -       -       -     (net)                  -     -     -     -       -    (-,-) 
  g22023/z                      (u)     in_0->z R     unmapped_or2           1   3.6     0    17     306    (-,-) 
  mux_mantissa_sum_238_9_n_172  -       -       -     (net)                  -     -     -     -       -    (-,-) 
  mux_mantissa_sum_238_9_g565/z (u)     in_1->z F     unmapped_complex2      6  19.2     0    30     336    (-,-) 
  mux_mantissa_sum_238_9_n_230  -       -       -     (net)                  -     -     -     -       -    (-,-) 
  mux_mantissa_sum_238_9_g417/z (u)     in_0->z R     unmapped_complex2      1   3.6     0    17     353    (-,-) 
  mux_mantissa_sum_238_9_n_241  -       -       -     (net)                  -     -     -     -       -    (-,-) 
  mux_mantissa_sum_238_9_g535/z (u)     in_0->z F     unmapped_complex2     10  32.0     0    38     391    (-,-) 
  mux_mantissa_sum_238_9_n_272  -       -       -     (net)                  -     -     -     -       -    (-,-) 
  mux_mantissa_sum_238_9_g523/z (u)     in_0->z R     unmapped_complex2      1   3.6     0    17     407    (-,-) 
  mux_mantissa_sum_238_9_n_293  -       -       -     (net)                  -     -     -     -       -    (-,-) 
  mux_mantissa_sum_238_9_g512/z (u)     in_0->z F     unmapped_complex2     12  38.4     0    40     447    (-,-) 
  mux_mantissa_sum_238_9_n_307  -       -       -     (net)                  -     -     -     -       -    (-,-) 
  mux_mantissa_sum_238_9_g434/z (u)     in_0->z R     unmapped_complex2      1   3.6     0    17     464    (-,-) 
  mux_mantissa_sum_238_9_n_316  -       -       -     (net)                  -     -     -     -       -    (-,-) 
  mux_mantissa_sum_238_9_g469/z (u)     in_0->z F     unmapped_complex2      2   6.4     0    19     483    (-,-) 
  mux_mantissa_sum_238_9_n_383  -       -       -     (net)                  -     -     -     -       -    (-,-) 
  mux_mantissa_sum_238_9_g441/z (u)     in_0->z F     unmapped_or2           1   3.2     0    17     500    (-,-) 
  mux_mantissa_sum_238_9_n_404  -       -       -     (net)                  -     -     -     -       -    (-,-) 
  mux_mantissa_sum_238_9_g442/z (u)     in_1->z R     unmapped_nand2        11  39.6     0    39     538    (-,-) 
  mantissa_sum[20]              -       -       -     (net)                  -     -     -     -       -    (-,-) 
  g12950/z                      (u)     in_0->z R     unmapped_or2           1   3.6     0    17     555    (-,-) 
  n_12448                       -       -       -     (net)                  -     -     -     -       -    (-,-) 
  g12902/z                      (u)     in_0->z R     unmapped_or2           1   3.6     0    17     572    (-,-) 
  n_12451                       -       -       -     (net)                  -     -     -     -       -    (-,-) 
  g12896/z                      (u)     in_1->z R     unmapped_or2           3  10.8     0    22     593    (-,-) 
  n_12242                       -       -       -     (net)                  -     -     -     -       -    (-,-) 
  g12794/z                      (u)     in_1->z R     unmapped_or2           3  10.8     0    22     615    (-,-) 
  n_12246                       -       -       -     (net)                  -     -     -     -       -    (-,-) 
  g12767/z                      (u)     in_1->z R     unmapped_or2           3  10.8     0    22     636    (-,-) 
  n_12250                       -       -       -     (net)                  -     -     -     -       -    (-,-) 
  g12727/z                      (u)     in_1->z R     unmapped_or2           3  10.8     0    22     658    (-,-) 
  n_12254                       -       -       -     (net)                  -     -     -     -       -    (-,-) 
  g12619/z                      (u)     in_1->z R     unmapped_or2           3  10.8     0    22     680    (-,-) 
  n_12258                       -       -       -     (net)                  -     -     -     -       -    (-,-) 
  g12524/z                      (u)     in_1->z R     unmapped_or2           3  10.8     0    22     701    (-,-) 
  n_12262                       -       -       -     (net)                  -     -     -     -       -    (-,-) 
  g12416/z                      (u)     in_1->z R     unmapped_or2           3  10.8     0    22     723    (-,-) 
  n_12266                       -       -       -     (net)                  -     -     -     -       -    (-,-) 
  g12399/z                      (u)     in_1->z R     unmapped_or2           3  10.8     0    22     744    (-,-) 
  n_12270                       -       -       -     (net)                  -     -     -     -       -    (-,-) 
  g12325/z                      (u)     in_1->z R     unmapped_or2           3  10.8     0    22     766    (-,-) 
  n_12274                       -       -       -     (net)                  -     -     -     -       -    (-,-) 
  g12291/z                      (u)     in_1->z R     unmapped_or2           1   3.6     0    17     783    (-,-) 
  n_12435                       -       -       -     (net)                  -     -     -     -       -    (-,-) 
  g12257/z                      (u)     in_0->z F     unmapped_complex2      2   6.4     0    19     802    (-,-) 
  n_2451                        -       -       -     (net)                  -     -     -     -       -    (-,-) 
  g12232/z                      (u)     in_0->z R     unmapped_complex2     25  18.0     0    39     840    (-,-) 
  n_2008                        -       -       -     (net)                  -     -     -     -       -    (-,-) 
  g12214/z                      (u)     in_0->z R     unmapped_complex2      1   3.6     0    17     857    (-,-) 
  n_12496                       -       -       -     (net)                  -     -     -     -       -    (-,-) 
  g12190/z                      (u)     in_0->z F     unmapped_complex2      5  16.0     0    28     885    (-,-) 
  round_this[2]                 -       -       -     (net)                  -     -     -     -       -    (-,-) 
  g12167/z                      (u)     in_1->z R     unmapped_nand2         1   3.6     0    17     901    (-,-) 
  n_12517                       -       -       -     (net)                  -     -     -     -       -    (-,-) 
  g12164/z                      (u)     in_0->z F     unmapped_complex2      1   3.2     0    17     918    (-,-) 
  n_12434                       -       -       -     (net)                  -     -     -     -       -    (-,-) 
  g12962/z                      (u)     in_0->z F     unmapped_and2          4  12.8     0    24     942    (-,-) 
  n_2535                        -       -       -     (net)                  -     -     -     -       -    (-,-) 
  inc_ADD_TC_OP51/g1/z          (u)     in_1->z R     unmapped_nand2         3  10.8     0    22     964    (-,-) 
  inc_ADD_TC_OP51/n_49          -       -       -     (net)                  -     -     -     -       -    (-,-) 
  inc_ADD_TC_OP51/g247/z        (u)     in_0->z R     unmapped_complex2      3  10.8     0    22     986    (-,-) 
  inc_ADD_TC_OP51/n_51          -       -       -     (net)                  -     -     -     -       -    (-,-) 
  inc_ADD_TC_OP51/g233/z        (u)     in_0->z R     unmapped_complex2      3  10.8     0    22    1007    (-,-) 
  inc_ADD_TC_OP51/n_101         -       -       -     (net)                  -     -     -     -       -    (-,-) 
  inc_ADD_TC_OP51/g144/z        (u)     in_0->z R     unmapped_complex2      6  21.6     0    30    1037    (-,-) 
  inc_ADD_TC_OP51/n_68          -       -       -     (net)                  -     -     -     -       -    (-,-) 
  inc_ADD_TC_OP51/g225/z        (u)     in_1->z R     unmapped_or2           9  32.4     0    36    1074    (-,-) 
  inc_ADD_TC_OP51/n_81          -       -       -     (net)                  -     -     -     -       -    (-,-) 
  inc_ADD_TC_OP51/g207/z        (u)     in_1->z R     unmapped_or2           3  10.8     0    22    1095    (-,-) 
  inc_ADD_TC_OP51/n_113         -       -       -     (net)                  -     -     -     -       -    (-,-) 
  inc_ADD_TC_OP51/g136/z        (u)     in_1->z R     unmapped_or2           9  32.4     0    36    1132    (-,-) 
  inc_ADD_TC_OP51/n_92          -       -       -     (net)                  -     -     -     -       -    (-,-) 
  inc_ADD_TC_OP51/g253/z        (u)     in_1->z F     unmapped_nor2          1   3.2     0    17    1148    (-,-) 
  n_2565                        -       -       -     (net)                  -     -     -     -       -    (-,-) 
  g21376/z                      (u)     in_1->z F     unmapped_or2           1   3.2     0    17    1165    (-,-) 
  n_17116                       -       -       -     (net)                  -     -     -     -       -    (-,-) 
  g20364/z                      (u)     in_0->z F     unmapped_or2           1   3.2     0    17    1182    (-,-) 
  n_17117                       -       -       -     (net)                  -     -     -     -       -    (-,-) 
  g20339/z                      (u)     in_0->z F     unmapped_complex2     23  73.6     0    49    1230    (-,-) 
  n_14811                       -       -       -     (net)                  -     -     -     -       -    (-,-) 
  g20314/z                      (u)     in_1->z F     unmapped_complex2      1   3.2     0    17    1247    (-,-) 
  n_17146                       -       -       -     (net)                  -     -     -     -       -    (-,-) 
  g20288/z                      (u)     in_0->z R     unmapped_nand2         1   3.6     0    17    1264    (-,-) 
  n_2735                        -       -       -     (net)                  -     -     -     -       -    (-,-) 
  fp_out_reg[0]/d               <<<     -       R     unmapped_d_flop        1     -     -     0    1264    (-,-) 
#-----------------------------------------------------------------------------------------------------------------

(u) : Net has unmapped pin(s).

Capture clock path:
#------------------------------------------------------------------------------------------------
#   Timing Point    Flags   Arc   Edge      Cell        Fanout Load Trans Delay Arrival Instance 
#                                                              (fF)  (ps)  (ps)   (ps)  Location 
#------------------------------------------------------------------------------------------------
  clk               (i,u)   -     R     (arrival)          100  0.0     0     0    1333    (-,-) 
  clk               -       -     -     (net)                -    -     -     -       -    (-,-) 
  clk               -       -     -     (net)                -    -     -     -       -    (-,-) 
  fp_out_reg[0]/clk <<<     -     R     unmapped_d_flop    100    -     1     0    1333    (-,-) 
#------------------------------------------------------------------------------------------------


