============================================================
  Generated by:           Genus(TM) Synthesis Solution 25.11-s095_1
  Generated on:           Jun 12 2026  03:58:00 am
  Module:                 sysarr_32_input_fp_adder
  Library domain:         timing_condition_tt_1p2v_25c
    Domain index:         0
    Technology library:   NangateOpenCellLibrary revision 1.0
  Operating conditions:   typical 
  Interconnect mode:      global
  Area mode:              physical library
============================================================

Timing
--------

Analysis view  Clock Period 
----------------------------
view_1p2_25   clock1 1250.0 


  Analysis    Cost   Critical        Violating 
    View     Group  Path Slack  TNS    Paths   
-----------------------------------------------
view_1p2_25  clock1       -0.9 -0.9          1 
            default   No paths  0.0          0 
-----------------------------------------------
Total                          -0.9          1 
                                               

Instance Count
--------------
Leaf Instance Count             15752 
Physical Instance count             0 
Sequential Instance Count        1679 
Combinational Instance Count    14073 
Hierarchical Instance Count         0 

Area
----
Cell Area                          26069.064
Physical Cell Area                 0.000
Total Cell Area (Cell+Physical)    26069.064
Net Area                           20473.920
Total Area (Cell+Physical+Net)     46542.984

Power
-----
Leakage Power                      556911.168 nW
Dynamic Power                      44606964.997 nW
Total Power                        45163876.165 nW

Max Fanout                         1679 (clk)
Min Fanout                         0 (n_2341)
Average Fanout                     2.0
Terms to net ratio                 3.1641
Terms to instance ratio            3.5082
Runtime                            46.33874 seconds
Elapsed Runtime                    50 seconds
Genus peak memory usage            1751.62 
Innovus peak memory usage          no_value 
Hostname                           asicfab.ecn.purdue.edu
