============================================================
  Generated by:           Genus(TM) Synthesis Solution 25.11-s095_1
  Generated on:           Jun 12 2026  03:58:07 am
  Module:                 sysarr_32_input_fp_adder
  Operating conditions:   typical 
  Interconnect mode:      global
  Area mode:              physical library
============================================================


Path 1: VIOLATED (-1 ps) Setup Check with Pin aligner_inst_aligned_mant_out_reg[26][18]/CK->D
           View: view_1p2_25
          Group: clock1
     Startpoint: (R) aligner_inst_max_l3_n1_r_reg[5]/CK
          Clock: (R) clock1
       Endpoint: (F) aligner_inst_aligned_mant_out_reg[26][18]/D
          Clock: (R) clock1

                     Capture       Launch     
        Clock Edge:+    1250            0     
       Src Latency:+       0            0     
       Net Latency:+       0 (I)        0 (I) 
           Arrival:=    1250            0     
                                              
             Setup:-      41                  
       Uncertainty:-       0                  
     Required Time:=    1209                  
      Launch Clock:-       0                  
         Data Path:-    1210                  
             Slack:=      -1                  

Launch clock path:
#-----------------------------------------------------------------------------------------------------------
#           Timing Point             Flags   Arc   Edge   Cell     Fanout Load Trans Delay Arrival Instance 
#                                                                         (fF)  (ps)  (ps)   (ps)  Location 
#-----------------------------------------------------------------------------------------------------------
  clk                                (i)     -     R     (arrival)   1679  0.0     0     0       0    (-,-) 
  clk                                -       -     -     (net)          -    -     -     -       -    (-,-) 
  clk                                -       -     -     (net)          -    -     -     -       -    (-,-) 
  aligner_inst_max_l3_n1_r_reg[5]/CK <<<     -     R     DFFR_X1     1679    -     1     0       0    (-,-) 
#-----------------------------------------------------------------------------------------------------------

#---------------------------------------------------------------------------------------------------------------------
#                Timing Point                 Flags    Arc   Edge   Cell     Fanout Load Trans Delay Arrival Instance 
#                                                                                   (fF)  (ps)  (ps)   (ps)  Location 
#---------------------------------------------------------------------------------------------------------------------
  aligner_inst_max_l3_n1_r_reg[5]/CK          -       -      R     (arrival)   1679    -     1     0       0    (-,-) 
  aligner_inst_max_l3_n1_r_reg[5]/QN          -       CK->QN R     DFFR_X1        2  5.5    18    76      76    (-,-) 
  aligner_inst_max_l3_n1_r[5]                 -       -      -     (net)          -    -     -     -       -    (-,-) 
  g282802/ZN                                  -       A->ZN  F     INV_X2         2 10.1     9    16      92    (-,-) 
  n_8214                                      -       -      -     (net)          -    -     -     -       -    (-,-) 
  g282798/ZN                                  -       A2->ZN R     NAND2_X2       1  3.4    10    17     109    (-,-) 
  n_10135                                     -       -      -     (net)          -    -     -     -       -    (-,-) 
  g282788/ZN                                  -       A1->ZN F     NAND2_X2       2  3.5     7    13     122    (-,-) 
  n_10147                                     -       -      -     (net)          -    -     -     -       -    (-,-) 
  g282785/ZN                                  -       A->ZN  R     INV_X1         1  3.9    12    17     139    (-,-) 
  n_10148                                     -       -      -     (net)          -    -     -     -       -    (-,-) 
  g282775/ZN                                  -       A3->ZN F     NAND3_X2       1  6.5    15    26     165    (-,-) 
  n_10158                                     -       -      -     (net)          -    -     -     -       -    (-,-) 
  g282774/ZN                                  -       A1->ZN R     NAND3_X4       1  6.3    12    19     184    (-,-) 
  n_10159                                     -       -      -     (net)          -    -     -     -       -    (-,-) 
  g282773/ZN                                  -       A1->ZN F     NAND2_X4       8 21.8    14    22     206    (-,-) 
  n_10167                                     -       -      -     (net)          -    -     -     -       -    (-,-) 
  g282763/ZN                                  -       A1->ZN R     NAND2_X2       1  6.5    13    21     227    (-,-) 
  n_10168                                     -       -      -     (net)          -    -     -     -       -    (-,-) 
  g282754/ZN                                  -       A->ZN  F     OAI21_X4       4 18.0    15    26     252    (-,-) 
  n_10177                                     -       -      -     (net)          -    -     -     -       -    (-,-) 
  g282703/ZN                                  -       A->ZN  R     INV_X4         2 13.9    11    20     273    (-,-) 
  n_10190                                     -       -      -     (net)          -    -     -     -       -    (-,-) 
  g282702/ZN                                  -       A->ZN  F     INV_X8         7 26.7     6    12     285    (-,-) 
  n_8226                                      -       -      -     (net)          -    -     -     -       -    (-,-) 
  g282679/ZN                                  -       A->ZN  R     INV_X4         5 12.1    10    15     300    (-,-) 
  n_10193                                     -       -      -     (net)          -    -     -     -       -    (-,-) 
  g282357/ZN                                  -       A1->ZN F     NAND2_X1       1  3.2     9    16     316    (-,-) 
  n_10231                                     -       -      -     (net)          -    -     -     -       -    (-,-) 
  g281980/ZN                                  -       A1->ZN R     NAND2_X2       3  7.7    14    20     336    (-,-) 
  n_10601                                     -       -      -     (net)          -    -     -     -       -    (-,-) 
  g281561/ZN                                  -       A1->ZN F     NAND2_X2       1  3.2     8    14     350    (-,-) 
  n_10874                                     -       -      -     (net)          -    -     -     -       -    (-,-) 
  g281203__2398/ZN                            -       A1->ZN R     NAND2_X2       3 10.4    17    23     373    (-,-) 
  n_11150                                     -       -      -     (net)          -    -     -     -       -    (-,-) 
  g280966__3680/ZN                            -       B1->ZN F     AOI21_X4       2  5.3    13    16     388    (-,-) 
  n_11325                                     -       -      -     (net)          -    -     -     -       -    (-,-) 
  g280790__1617/ZN                            -       A->ZN  R     XNOR2_X1       7 13.2    72    87     476    (-,-) 
  n_12393                                     -       -      -     (net)          -    -     -     -       -    (-,-) 
  g280554__2398/ZN                            -       B1->ZN F     AOI21_X1       1  1.8    20    21     497    (-,-) 
  n_11568                                     -       -      -     (net)          -    -     -     -       -    (-,-) 
  g280424__4733/ZN                            -       A2->ZN R     NAND2_X1       1  2.0    12    23     520    (-,-) 
  n_11680                                     -       -      -     (net)          -    -     -     -       -    (-,-) 
  g280240__1705/ZN                            -       A2->ZN F     NAND2_X1       1  1.8    10    14     534    (-,-) 
  n_11806                                     -       -      -     (net)          -    -     -     -       -    (-,-) 
  g280229__2398/ZN                            -       A1->ZN R     NAND2_X1       1  3.8    14    20     554    (-,-) 
  n_11811                                     -       -      -     (net)          -    -     -     -       -    (-,-) 
  g280198__4319/ZN                            -       A2->ZN F     NAND2_X2       2  4.8     8    17     571    (-,-) 
  n_11854                                     -       -      -     (net)          -    -     -     -       -    (-,-) 
  g280154__9945/ZN                            -       A1->ZN R     AOI22_X2       1  2.0    22    27     598    (-,-) 
  n_11892                                     -       -      -     (net)          -    -     -     -       -    (-,-) 
  g280132__8428/ZN                            -       A2->ZN F     NAND2_X1       1  3.5    11    21     619    (-,-) 
  n_11914                                     -       -      -     (net)          -    -     -     -       -    (-,-) 
  g280125__7410/ZN                            -       A2->ZN R     NOR2_X2        1  3.8    16    30     649    (-,-) 
  n_11921                                     -       -      -     (net)          -    -     -     -       -    (-,-) 
  g280119__6161/ZN                            -       A2->ZN F     NAND2_X2       1  5.9    10    19     668    (-,-) 
  n_11927                                     -       -      -     (net)          -    -     -     -       -    (-,-) 
  g280118__4733/ZN                            -       A1->ZN R     NOR2_X4        2 13.9    24    33     700    (-,-) 
  n_11928                                     -       -      -     (net)          -    -     -     -       -    (-,-) 
  g280117/ZN                                  -       A->ZN  F     INV_X8        19 56.5    12    21     721    (-,-) 
  n_12115                                     -       -      -     (net)          -    -     -     -       -    (-,-) 
  g362233/ZN                                  -       A1->ZN R     NAND2_X1       1  2.0    10    17     738    (-,-) 
  n_1510                                      -       -      -     (net)          -    -     -     -       -    (-,-) 
  g361900/ZN                                  -       A->ZN  F     OAI21_X1       1  1.9    10    19     756    (-,-) 
  n_1831                                      -       -      -     (net)          -    -     -     -       -    (-,-) 
  g361458/ZN                                  -       A2->ZN F     AND2_X2        3  6.7     8    33     790    (-,-) 
  n_2417                                      -       -      -     (net)          -    -     -     -       -    (-,-) 
  g363953/ZN                                  -       A1->ZN F     AND2_X2        2  6.3     7    29     819    (-,-) 
  n_10                                        -       -      -     (net)          -    -     -     -       -    (-,-) 
  g360314/ZN                                  -       A->ZN  R     OAI21_X2       1  3.6    19    19     838    (-,-) 
  n_3223                                      -       -      -     (net)          -    -     -     -       -    (-,-) 
  g359321/ZN                                  -       B2->ZN F     OAI21_X2       2  4.7    11    21     859    (-,-) 
  n_4495                                      -       -      -     (net)          -    -     -     -       -    (-,-) 
  g359152/ZN                                  -       A1->ZN R     NOR2_X2        2  8.9    28    38     898    (-,-) 
  n_4632                                      -       -      -     (net)          -    -     -     -       -    (-,-) 
  g358998/ZN                                  -       A1->ZN F     NOR2_X4        2  5.4     9    10     908    (-,-) 
  n_4761                                      -       -      -     (net)          -    -     -     -       -    (-,-) 
  g358836/ZN                                  -       A1->ZN R     NOR2_X2        1  3.6    16    24     931    (-,-) 
  n_4828                                      -       -      -     (net)          -    -     -     -       -    (-,-) 
  g358469/ZN                                  -       A1->ZN F     NOR2_X2        2  4.6    10    11     943    (-,-) 
  n_5161                                      -       -      -     (net)          -    -     -     -       -    (-,-) 
  g358333/ZN                                  -       A1->ZN R     NOR2_X2        3  7.1    24    33     976    (-,-) 
  n_5273                                      -       -      -     (net)          -    -     -     -       -    (-,-) 
  g357653/ZN                                  -       A1->ZN F     NAND2_X2       2  7.6    13    22     998    (-,-) 
  n_5819                                      -       -      -     (net)          -    -     -     -       -    (-,-) 
  g357355/ZN                                  -       B1->ZN R     AOI21_X4       3  7.2    23    28    1026    (-,-) 
  n_5995                                      -       -      -     (net)          -    -     -     -       -    (-,-) 
  g356889/ZN                                  -       B1->ZN F     OAI21_X2       2  4.7    16    19    1046    (-,-) 
  n_6316                                      -       -      -     (net)          -    -     -     -       -    (-,-) 
  g356529/ZN                                  -       B1->ZN R     AOI21_X2       2  5.3    26    34    1079    (-,-) 
  n_6577                                      -       -      -     (net)          -    -     -     -       -    (-,-) 
  g356121/ZN                                  -       B1->ZN F     OAI21_X2       2  4.9    14    20    1100    (-,-) 
  n_6869                                      -       -      -     (net)          -    -     -     -       -    (-,-) 
  g355957/ZN                                  -       A1->ZN R     NAND2_X2       2  5.9    13    20    1120    (-,-) 
  n_6963                                      -       -      -     (net)          -    -     -     -       -    (-,-) 
  g355794/ZN                                  -       A1->ZN R     AND2_X4        2  5.8     8    30    1150    (-,-) 
  n_7083                                      -       -      -     (net)          -    -     -     -       -    (-,-) 
  g355614/ZN                                  -       A1->ZN F     NAND2_X2       1  2.5     8    11    1161    (-,-) 
  n_7150                                      -       -      -     (net)          -    -     -     -       -    (-,-) 
  g363838/Z                                   -       A->Z   F     XOR2_X1        1  1.4    11    49    1210    (-,-) 
  n_126                                       -       -      -     (net)          -    -     -     -       -    (-,-) 
  aligner_inst_aligned_mant_out_reg[26][18]/D <<<     -      F     DFFR_X1        1    -     -     0    1210    (-,-) 
#---------------------------------------------------------------------------------------------------------------------

Capture clock path:
#---------------------------------------------------------------------------------------------------------------------
#                Timing Point                  Flags   Arc   Edge   Cell     Fanout Load Trans Delay Arrival Instance 
#                                                                                   (fF)  (ps)  (ps)   (ps)  Location 
#---------------------------------------------------------------------------------------------------------------------
  clk                                          (i)     -     R     (arrival)   1679  0.0     0     0    1250    (-,-) 
  clk                                          -       -     -     (net)          -    -     -     -       -    (-,-) 
  clk                                          -       -     -     (net)          -    -     -     -       -    (-,-) 
  aligner_inst_aligned_mant_out_reg[26][18]/CK <<<     -     R     DFFR_X1     1679    -     1     0    1250    (-,-) 
#---------------------------------------------------------------------------------------------------------------------


