============================================================
  Generated by:           Genus(TM) Synthesis Solution 21.17-s066_1
  Generated on:           Jan 26 2026  07:45:58 pm
  Module:                 sysarr_MAC_fp16_2c
  Library domain:         timing_condition_tt_1p2v_25c
    Domain index:         0
    Technology libraries: MITLL90_STDLIB_8T.tt1p2v25c 1.0
                          MITLL90_IOPads_5_1_1.tt1p2v25c 1.0
  Operating conditions:   PVT_1P2V_25C 
  Interconnect mode:      global
  Area mode:              physical library
============================================================

# SETUP                  WNS      TNS    FEP 
# ---------------------------------------------
 View: ALL            -555.7  -7403.8     15 
    Group : in2out       N/A      N/A    N/A 
    Group : in2reg     993.2      0.0      0 
    Group : reg2out   1055.4      0.0      0 
    Group : reg2reg   -555.7  -7403.8     15 

 View: view_1p2_25    -555.7  -7403.8     15 
    Group : in2out       N/A      N/A    N/A 
    Group : in2reg     993.2      0.0      0 
    Group : reg2out   1055.4      0.0      0 
    Group : reg2reg   -555.7  -7403.8     15 

# ---------------------------------------------
# DRV                        WNS  TNS  FEP 
# -------------------------------------------
 View: ALL                                 
    Check: max_transition    N/A  N/A    0 
    Check: max_capacitance   N/A  N/A    0 
    Check: max_fanout        N/A  N/A    0 

 View: view_1p2_25                         
    Check: max_transition    N/A  N/A    0 
    Check: max_capacitance   N/A  N/A    0 
    Check: max_fanout        N/A  N/A    0 

# -------------------------------------------
