============================================================
  Generated by:           Genus(TM) Synthesis Solution 25.11-s095_1
  Generated on:           Mar 11 2026  03:11:45 am
  Module:                 sysarr_4_input_fp_adder
  Operating conditions:   typical 
  Interconnect mode:      global
  Area mode:              physical library
============================================================


Path 1: MET (0 ps) Setup Check with Pin st1_sum_vec_reg[1]/CK->D
           View: view_1p2_25
          Group: clock1
     Startpoint: (R) add_c[25]
          Clock: (R) clock1
       Endpoint: (F) st1_sum_vec_reg[1]/D
          Clock: (R) clock1

                     Capture       Launch     
        Clock Edge:+    1492            0     
        Drv Adjust:+       0            0     
       Src Latency:+       0            0     
       Net Latency:+       0 (I)        0 (I) 
           Arrival:=    1492            0     
                                              
             Setup:-      39                  
       Uncertainty:-       0                  
     Required Time:=    1454                  
      Launch Clock:-       0                  
       Input Delay:-       1                  
         Data Path:-    1453                  
             Slack:=       0                  

Exceptions/Constraints:
  input_delay              1              sysarr_4_input_fp_ad_line_21_71_1   

#----------------------------------------------------------------------------------------------
#    Timing Point      Flags    Arc   Edge   Cell     Fanout Load Trans Delay Arrival Instance 
#                                                            (fF)  (ps)  (ps)   (ps)  Location 
#----------------------------------------------------------------------------------------------
  add_c[25]            -       -      R     (arrival)      6 10.4     0     0       1    (-,-) 
  add_c[25]            -       -      -     (net)          -    -     -     -       -    (-,-) 
  g69622/ZN            -       A->ZN  F     INV_X1         1  3.2     4     6       8    (-,-) 
  n_9                  -       -      -     (net)          -    -     -     -       -    (-,-) 
  g69532/ZN            -       B1->ZN R     AOI22_X2       1  1.9    21    36      43    (-,-) 
  n_99                 -       -      -     (net)          -    -     -     -       -    (-,-) 
  g69494/ZN            -       A1->ZN F     NAND2_X1       1  3.2    11    20      63    (-,-) 
  n_133                -       -      -     (net)          -    -     -     -       -    (-,-) 
  g69480/ZN            -       A1->ZN R     NAND2_X2       1  3.4    10    16      78    (-,-) 
  n_148                -       -      -     (net)          -    -     -     -       -    (-,-) 
  g69468/ZN            -       A1->ZN F     NAND2_X2       1  3.2     9    13      91    (-,-) 
  n_163                -       -      -     (net)          -    -     -     -       -    (-,-) 
  g69457/ZN            -       A1->ZN R     NAND2_X2       1  3.4    10    15     106    (-,-) 
  n_173                -       -      -     (net)          -    -     -     -       -    (-,-) 
  g69451/ZN            -       A1->ZN F     NAND2_X2       1  3.2     7    13     119    (-,-) 
  n_176                -       -      -     (net)          -    -     -     -       -    (-,-) 
  g69447/ZN            -       A1->ZN R     NAND2_X2       1  3.4    10    14     132    (-,-) 
  n_179                -       -      -     (net)          -    -     -     -       -    (-,-) 
  g69443/ZN            -       A1->ZN F     NAND2_X2       1  6.0    12    16     148    (-,-) 
  n_182                -       -      -     (net)          -    -     -     -       -    (-,-) 
  g69439__6161/ZN      -       A1->ZN R     NAND2_X4      11 22.4    18    25     174    (-,-) 
  n_189                -       -      -     (net)          -    -     -     -       -    (-,-) 
  g69637/Z             -       S->Z   F     MUX2_X1        3  6.9    16    72     246    (-,-) 
  n_1686               -       -      -     (net)          -    -     -     -       -    (-,-) 
  g69352__3680/CO      -       A->CO  F     HA_X1          1  1.7     6    31     277    (-,-) 
  n_269                -       -      -     (net)          -    -     -     -       -    (-,-) 
  g69343__5107/ZN      -       B1->ZN R     AOI21_X1       2  4.1    33    37     314    (-,-) 
  n_280                -       -      -     (net)          -    -     -     -       -    (-,-) 
  g69342__2398/ZN      -       B1->ZN F     OAI21_X1       1  1.9    13    19     333    (-,-) 
  n_281                -       -      -     (net)          -    -     -     -       -    (-,-) 
  g69341__5477/ZN      -       A1->ZN R     NAND3_X1       1  1.9    12    18     352    (-,-) 
  n_282                -       -      -     (net)          -    -     -     -       -    (-,-) 
  g69340__6417/ZN      -       A1->ZN F     NAND2_X1       1  3.0    10    17     368    (-,-) 
  n_283                -       -      -     (net)          -    -     -     -       -    (-,-) 
  g69339__7410/ZN      -       B1->ZN R     AOI21_X2       3 10.4    38    44     413    (-,-) 
  n_284                -       -      -     (net)          -    -     -     -       -    (-,-) 
  g69337__1666/ZN      -       A1->ZN F     NAND2_X1       3  5.2    18    29     442    (-,-) 
  n_287                -       -      -     (net)          -    -     -     -       -    (-,-) 
  g69333__2883/ZN      -       A1->ZN R     NAND2_X1       1  6.5    20    31     472    (-,-) 
  n_290                -       -      -     (net)          -    -     -     -       -    (-,-) 
  g69332__9945/ZN      -       A->ZN  F     OAI21_X4      24 44.0    28    42     514    (-,-) 
  n_292                -       -      -     (net)          -    -     -     -       -    (-,-) 
  g69330/ZN            -       A->ZN  R     INV_X4        29 54.8    34    52     566    (-,-) 
  n_291                -       -      -     (net)          -    -     -     -       -    (-,-) 
  g69324__6131/ZN      -       A1->ZN F     NAND2_X1       2  3.5    15    23     590    (-,-) 
  n_305                -       -      -     (net)          -    -     -     -       -    (-,-) 
  g69299__1666/ZN      -       A1->ZN R     NAND2_X1       3  6.7    21    30     619    (-,-) 
  n_331                -       -      -     (net)          -    -     -     -       -    (-,-) 
  g69281/ZN            -       A->ZN  F     INV_X1         4  6.4    10    18     638    (-,-) 
  n_330                -       -      -     (net)          -    -     -     -       -    (-,-) 
  g69139__1705/ZN      -       A1->ZN R     OAI22_X1       1  2.0    31    29     667    (-,-) 
  n_444                -       -      -     (net)          -    -     -     -       -    (-,-) 
  g69060__5526/ZN      -       A->ZN  F     OAI21_X1       7 11.3    27    46     713    (-,-) 
  n_552                -       -      -     (net)          -    -     -     -       -    (-,-) 
  g68972__6161/ZN      -       A1->ZN R     NOR2_X1        1  3.5    25    41     753    (-,-) 
  n_627                -       -      -     (net)          -    -     -     -       -    (-,-) 
  g68819__5122/CO      -       A->CO  R     HA_X1          1  1.9    10    36     789    (-,-) 
  n_783                -       -      -     (net)          -    -     -     -       -    (-,-) 
  g68812__1617/ZN      -       A->ZN  F     AOI21_X1       2  4.1    14    16     805    (-,-) 
  n_805                -       -      -     (net)          -    -     -     -       -    (-,-) 
  g68807/ZN            -       A->ZN  R     INV_X1         1  2.0     9    16     821    (-,-) 
  n_806                -       -      -     (net)          -    -     -     -       -    (-,-) 
  g68763__2346/ZN      -       A1->ZN F     AOI22_X1       2  4.2    17    19     840    (-,-) 
  n_856                -       -      -     (net)          -    -     -     -       -    (-,-) 
  g68668__4319/ZN      -       A1->ZN R     AOI22_X1       2  4.4    37    48     888    (-,-) 
  n_947                -       -      -     (net)          -    -     -     -       -    (-,-) 
  g68601__8428/ZN      -       C1->ZN F     AOI211_X1      1  1.7    14    21     909    (-,-) 
  n_1007               -       -      -     (net)          -    -     -     -       -    (-,-) 
  g68585__7482/ZN      -       A1->ZN R     NOR2_X1        2  3.8    25    36     945    (-,-) 
  n_1030               -       -      -     (net)          -    -     -     -       -    (-,-) 
  g68582/ZN            -       A->ZN  F     INV_X1         2  2.2     8    11     955    (-,-) 
  n_1031               -       -      -     (net)          -    -     -     -       -    (-,-) 
  g68564__5107/ZN      -       A2->ZN F     OR3_X1        11 18.6    31   110    1066    (-,-) 
  n_1056               -       -      -     (net)          -    -     -     -       -    (-,-) 
  g68556/ZN            -       A->ZN  R     INV_X1         3  5.6    19    33    1099    (-,-) 
  n_1055               -       -      -     (net)          -    -     -     -       -    (-,-) 
  g68545__8246/ZN      -       A1->ZN F     NAND2_X1       5  8.1    30    30    1129    (-,-) 
  n_1075               -       -      -     (net)          -    -     -     -       -    (-,-) 
  g68537/ZN            -       A->ZN  R     INV_X1         3  5.5    18    32    1161    (-,-) 
  n_1074               -       -      -     (net)          -    -     -     -       -    (-,-) 
  g68519__9315/ZN      -       A1->ZN F     NAND2_X1       2  3.5    22    20    1180    (-,-) 
  n_1106               -       -      -     (net)          -    -     -     -       -    (-,-) 
  g68484__5115/ZN      -       A->ZN  R     AOI221_X1      1  2.0    44    78    1258    (-,-) 
  n_1129               -       -      -     (net)          -    -     -     -       -    (-,-) 
  g68434__2346/ZN      -       B->ZN  F     AOI211_X1      1  2.4    18    22    1281    (-,-) 
  n_1182               -       -      -     (net)          -    -     -     -       -    (-,-) 
  g68396__5115/ZN      -       A->ZN  F     XNOR2_X1       1  3.0    34    45    1325    (-,-) 
  n_1229               -       -      -     (net)          -    -     -     -       -    (-,-) 
  g68226__8428/S       -       CI->S  R     FA_X1          1  2.0    12   121    1446    (-,-) 
  n_1363               -       -      -     (net)          -    -     -     -       -    (-,-) 
  g68220/ZN            -       A->ZN  F     INV_X1         1  1.4     4     7    1454    (-,-) 
  n_1371               -       -      -     (net)          -    -     -     -       -    (-,-) 
  st1_sum_vec_reg[1]/D <<<     -      F     DFFR_X1        1    -     -     0    1454    (-,-) 
#----------------------------------------------------------------------------------------------

Capture clock path:
#----------------------------------------------------------------------------------------------
#     Timing Point      Flags   Arc   Edge   Cell     Fanout Load Trans Delay Arrival Instance 
#                                                            (fF)  (ps)  (ps)   (ps)  Location 
#----------------------------------------------------------------------------------------------
  clk                   (i)     -     R     (arrival)    136  0.0     0     0    1492    (-,-) 
  clk                   -       -     -     (net)          -    -     -     -       -    (-,-) 
  clk                   -       -     -     (net)          -    -     -     -       -    (-,-) 
  st1_sum_vec_reg[1]/CK <<<     -     R     DFFR_X1      136    -     1     0    1492    (-,-) 
#----------------------------------------------------------------------------------------------


