============================================================
  Generated by:           Genus(TM) Synthesis Solution 25.11-s095_1
  Generated on:           May 25 2026  07:19:37 am
  Module:                 sysarr_32_input_fp_adder
  Operating conditions:   typical 
  Interconnect mode:      global
  Area mode:              physical library
============================================================

Timing
--------

Analysis view  Clock Period 
----------------------------
view_1p2_25   clock1 1000.0 


  Analysis    Cost   Critical        Violating 
    View     Group  Path Slack  TNS    Paths   
-----------------------------------------------
view_1p2_25  clock1        0.0  0.0          0 
            default   No paths  0.0          0 
-----------------------------------------------
Total                          -0.0          0 
                                               

Instance Count
--------------
Leaf Instance Count             21193 
Physical Instance count             0 
Sequential Instance Count        2216 
Combinational Instance Count    18977 
Hierarchical Instance Count         0 

Area
----
Cell Area                          32642.988
Physical Cell Area                 0.000
Total Cell Area (Cell+Physical)    32642.988
Net Area                           26319.814
Total Area (Cell+Physical+Net)     58962.802

Power
-----
Leakage Power                      744512.001 nW
Dynamic Power                      79172648.489 nW
Total Power                        79917160.489 nW

Max Fanout                         2216 (clk)
Min Fanout                         0 (adder_tree_inst_s0_g0_r[28])
Average Fanout                     2.0
Terms to net ratio                 3.1755
Terms to instance ratio            3.3607
Runtime                            49.071974 seconds
Elapsed Runtime                    53 seconds
Genus peak memory usage            1765.27 
Innovus peak memory usage          no_value 
Hostname                           asicfab.ecn.purdue.edu
