============================================================
  Generated by:           Genus(TM) Synthesis Solution 25.11-s095_1
  Generated on:           Mar 10 2026  10:38:08 pm
  Operating conditions:   typical 
  Interconnect mode:      global
  Area mode:              physical library
============================================================

                                Leakage    Internal                          Library 
   Gate    Instances   Area   Power (nW)  Power (nW)          Library         Domain 
-------------------------------------------------------------------------------------
AND2_X1           55   58.520   1380.497    43259.567 NangateOpenCellLibrary       0 
AND2_X2            8   10.640    389.592     9012.476 NangateOpenCellLibrary       0 
AND2_X4            3    7.182    342.976    11485.853 NangateOpenCellLibrary       0 
AND3_X1            6    7.980    180.233     6590.169 NangateOpenCellLibrary       0 
AND3_X2            3    4.788    147.966     1794.502 NangateOpenCellLibrary       0 
AND4_X1            8   12.768    203.429     3059.679 NangateOpenCellLibrary       0 
AND4_X2            3    5.586    153.549      910.298 NangateOpenCellLibrary       0 
AND4_X4            1    3.458    114.422     2312.745 NangateOpenCellLibrary       0 
AOI211_X1          6    7.980    185.189    10501.959 NangateOpenCellLibrary       0 
AOI21_X1          79   84.056   2150.071    85292.942 NangateOpenCellLibrary       0 
AOI21_X2           7   13.034    405.691    11313.558 NangateOpenCellLibrary       0 
AOI221_X1         12   19.152    437.704    21683.487 NangateOpenCellLibrary       0 
AOI222_X1         10   21.280    365.166    22041.770 NangateOpenCellLibrary       0 
AOI22_X1         108  143.640   3120.927    81310.276 NangateOpenCellLibrary       0 
AOI22_X2           9   21.546    607.845    15107.702 NangateOpenCellLibrary       0 
BUF_X1             6    4.788    131.755    12044.048 NangateOpenCellLibrary       0 
CLKBUF_X1          4    3.192     46.856     5061.855 NangateOpenCellLibrary       0 
DFFR_X1           58  308.560   5082.347   400884.654 NangateOpenCellLibrary       0 
DFF_X1            32  144.704   2527.286   255560.470 NangateOpenCellLibrary       0 
HA_X1              5   13.300    286.714    18369.001 NangateOpenCellLibrary       0 
INV_X1           343  182.476   4857.248   129972.160 NangateOpenCellLibrary       0 
INV_X2            15   11.970    447.263     9410.692 NangateOpenCellLibrary       0 
INV_X4            10   13.300    596.420    12243.893 NangateOpenCellLibrary       0 
INV_X8             2    4.788    221.443     6539.024 NangateOpenCellLibrary       0 
MUX2_X1           36   67.032   1283.282    61672.477 NangateOpenCellLibrary       0 
MUX2_X2            1    2.394     67.203     4292.862 NangateOpenCellLibrary       0 
NAND2_X1         334  266.532   5857.921   130073.611 NangateOpenCellLibrary       0 
NAND2_X2          21   27.930    710.963    18619.743 NangateOpenCellLibrary       0 
NAND2_X4          11   26.334    902.514    21022.172 NangateOpenCellLibrary       0 
NAND3_X1          38   40.432   1080.045    32824.687 NangateOpenCellLibrary       0 
NAND3_X2           5    9.310    185.308     2274.522 NangateOpenCellLibrary       0 
NAND3_X4           1    3.458    203.486     2537.205 NangateOpenCellLibrary       0 
NAND4_X1          19   25.270    623.758    15453.161 NangateOpenCellLibrary       0 
NAND4_X2           1    2.394     25.085        0.000 NangateOpenCellLibrary       0 
NAND4_X4           1    4.788     88.561     2971.217 NangateOpenCellLibrary       0 
NOR2_X1          149  118.902   3200.313    97523.220 NangateOpenCellLibrary       0 
NOR2_X2            4    5.320    176.624     3810.584 NangateOpenCellLibrary       0 
NOR2_X4            4    9.576    380.683     4980.172 NangateOpenCellLibrary       0 
NOR3_X1            9    9.576    235.175     9903.396 NangateOpenCellLibrary       0 
NOR3_X4            1    3.724    134.162        0.000 NangateOpenCellLibrary       0 
NOR4_X1           19   25.270    632.464    11888.543 NangateOpenCellLibrary       0 
OAI211_X1         31   41.230   1084.141    37639.063 NangateOpenCellLibrary       0 
OAI211_X2          1    2.394     69.627     2938.623 NangateOpenCellLibrary       0 
OAI21_X1         100  106.400   3061.985   102236.672 NangateOpenCellLibrary       0 
OAI21_X2          14   26.068    922.959    30571.472 NangateOpenCellLibrary       0 
OAI21_X4           4   13.832    484.214    17084.228 NangateOpenCellLibrary       0 
OAI221_X1         60   95.760   3328.272    72823.757 NangateOpenCellLibrary       0 
OAI222_X1         32   68.096   2035.279    33272.109 NangateOpenCellLibrary       0 
OAI22_X1          83  110.390   3597.137    53399.894 NangateOpenCellLibrary       0 
OR2_X1            23   24.472    532.333    18924.897 NangateOpenCellLibrary       0 
OR2_X2             2    2.660     93.464     2205.351 NangateOpenCellLibrary       0 
OR3_X1             3    3.990     70.110     1008.723 NangateOpenCellLibrary       0 
OR4_X1             3    4.788     92.248      257.323 NangateOpenCellLibrary       0 
SDFFR_X1          10   66.500   1085.680    77731.346 NangateOpenCellLibrary       0 
XNOR2_X1          21   33.516    771.376    38605.618 NangateOpenCellLibrary       0 
XNOR2_X2          10   26.600    756.159    31150.229 NangateOpenCellLibrary       0 
XOR2_X1           12   19.152    422.387    26179.455 NangateOpenCellLibrary       0 
-------------------------------------------------------------------------------------
total           1856 2402.778  58577.505  2141639.115                                
                                           Leakage  Leakage   Internal  Internal 
     Type      Instances   Area   Area % Power (nW) Power %  Power (nW)  Power % 
---------------------------------------------------------------------------------
sequential           100  519.764   21.6   8695.313    14.8  734176.470     34.3 
inverter             370  212.534    8.8   6122.375    10.5  158165.769      7.4 
buffer                10    7.980    0.3    178.610     0.3   17105.903      0.8 
logic               1376 1662.500   69.2  43581.207    74.4 1232190.973     57.5 
physical_cells         0    0.000    0.0      0.000     0.0       0.000      0.0 
---------------------------------------------------------------------------------
total               1856 2402.778  100.0  58577.505   100.0 2141639.115    100.0 
