============================================================
  Generated by:           Genus(TM) Synthesis Solution 25.11-s095_1
  Generated on:           Feb 13 2026  05:40:15 pm
  Module:                 sysarr_4_input_fp_adder
  Operating conditions:   typical 
  Interconnect mode:      global
  Area mode:              physical library
============================================================


Path 1: MET (56 ps) Setup Check with Pin st2_lzd_reg[0]/CK->D
           View: view_1p2_25
          Group: clock1
     Startpoint: (R) st1_c_op_reg/CK
          Clock: (R) clock1
       Endpoint: (F) st2_lzd_reg[0]/D
          Clock: (R) clock1

                     Capture       Launch     
        Clock Edge:+    1667            0     
       Src Latency:+       0            0     
       Net Latency:+       0 (I)        0 (I) 
           Arrival:=    1667            0     
                                              
             Setup:-      41                  
       Uncertainty:-       0                  
     Required Time:=    1625                  
      Launch Clock:-       0                  
         Data Path:-    1570                  
             Slack:=      56                  

Launch clock path:
#----------------------------------------------------------------------------------------
#  Timing Point   Flags   Arc   Edge   Cell     Fanout Load Trans Delay Arrival Instance 
#                                                      (fF)  (ps)  (ps)   (ps)  Location 
#----------------------------------------------------------------------------------------
  clk             (i)     -     R     (arrival)    117  0.0     0     0       0    (-,-) 
  clk             -       -     -     (net)          -    -     -     -       -    (-,-) 
  clk             -       -     -     (net)          -    -     -     -       -    (-,-) 
  st1_c_op_reg/CK <<<     -     R     DFFR_X1      117    -     1     0       0    (-,-) 
#----------------------------------------------------------------------------------------

#------------------------------------------------------------------------------------------------------------------
#              Timing Point                Flags    Arc   Edge   Cell     Fanout Load Trans Delay Arrival Instance 
#                                                                                (fF)  (ps)  (ps)   (ps)  Location 
#------------------------------------------------------------------------------------------------------------------
  st1_c_op_reg/CK                          -       -      R     (arrival)    117    -     1     0       0    (-,-) 
  st1_c_op_reg/Q                           -       CK->Q  R     DFFR_X1        8 14.4    36   129     129    (-,-) 
  st1_c_op                                 -       -      -     (net)          -    -     -     -       -    (-,-) 
  g32201__3680/ZN                          -       A->ZN  F     OAI21_X1       2  4.1    15    31     160    (-,-) 
  n_758                                    -       -      -     (net)          -    -     -     -       -    (-,-) 
  g32194__2398/Z                           -       A->Z   F     XOR2_X1        1  3.4    14    56     216    (-,-) 
  n_763                                    -       -      -     (net)          -    -     -     -       -    (-,-) 
  g32183__6161/S                           -       A->S   F     HA_X1          1  3.7    15    56     272    (-,-) 
  sum1[2]                                  -       -      -     (net)          -    -     -     -       -    (-,-) 
  csa_tree_add_193_41_groupi_g975__9945/CO -       B->CO  F     FA_X1          1  3.0    15    81     353    (-,-) 
  csa_tree_add_193_41_groupi_n_47          -       -      -     (net)          -    -     -     -       -    (-,-) 
  csa_tree_add_193_41_groupi_g959__1705/CO -       CI->CO F     FA_X1          1  3.0    15    72     425    (-,-) 
  csa_tree_add_193_41_groupi_n_71          -       -      -     (net)          -    -     -     -       -    (-,-) 
  csa_tree_add_193_41_groupi_g951__8428/S  -       CI->S  F     FA_X1          1  3.7    17    93     518    (-,-) 
  csa_tree_add_193_41_groupi_n_80          -       -      -     (net)          -    -     -     -       -    (-,-) 
  csa_tree_add_193_41_groupi_g944__6417/CO -       B->CO  F     FA_X1          2  4.4    17    86     604    (-,-) 
  csa_tree_add_193_41_groupi_n_89          -       -      -     (net)          -    -     -     -       -    (-,-) 
  csa_tree_add_193_41_groupi_g943/ZN       -       A->ZN  R     INV_X1         1  2.0     9    17     621    (-,-) 
  csa_tree_add_193_41_groupi_n_90          -       -      -     (net)          -    -     -     -       -    (-,-) 
  csa_tree_add_193_41_groupi_g942__7410/ZN -       B1->ZN F     OAI21_X1       2  4.4    16    19     640    (-,-) 
  csa_tree_add_193_41_groupi_n_91          -       -      -     (net)          -    -     -     -       -    (-,-) 
  csa_tree_add_193_41_groupi_g940/ZN       -       A->ZN  R     INV_X1         1  2.0     9    17     657    (-,-) 
  csa_tree_add_193_41_groupi_n_93          -       -      -     (net)          -    -     -     -       -    (-,-) 
  csa_tree_add_193_41_groupi_g939__2346/ZN -       B1->ZN F     OAI21_X1       1  3.0    14    16     674    (-,-) 
  csa_tree_add_193_41_groupi_n_94          -       -      -     (net)          -    -     -     -       -    (-,-) 
  csa_tree_add_193_41_groupi_g937__9945/CO -       CI->CO F     FA_X1          2  4.2    17    75     749    (-,-) 
  csa_tree_add_193_41_groupi_n_97          -       -      -     (net)          -    -     -     -       -    (-,-) 
  csa_tree_add_193_41_groupi_g936/ZN       -       A->ZN  R     INV_X1         1  2.0     9    17     766    (-,-) 
  csa_tree_add_193_41_groupi_n_98          -       -      -     (net)          -    -     -     -       -    (-,-) 
  csa_tree_add_193_41_groupi_g935__9315/ZN -       B1->ZN F     OAI21_X1       2  4.2    16    19     785    (-,-) 
  csa_tree_add_193_41_groupi_n_99          -       -      -     (net)          -    -     -     -       -    (-,-) 
  csa_tree_add_193_41_groupi_g933/ZN       -       A->ZN  R     INV_X1         1  2.0     9    17     801    (-,-) 
  csa_tree_add_193_41_groupi_n_101         -       -      -     (net)          -    -     -     -       -    (-,-) 
  csa_tree_add_193_41_groupi_g931__7482/ZN -       B1->ZN F     OAI21_X1       1  3.0    14    16     818    (-,-) 
  csa_tree_add_193_41_groupi_n_103         -       -      -     (net)          -    -     -     -       -    (-,-) 
  csa_tree_add_193_41_groupi_g930__5115/CO -       CI->CO F     FA_X1          2  4.2    17    75     893    (-,-) 
  csa_tree_add_193_41_groupi_n_105         -       -      -     (net)          -    -     -     -       -    (-,-) 
  csa_tree_add_193_41_groupi_g929/ZN       -       A->ZN  R     INV_X1         1  2.0     9    17     910    (-,-) 
  csa_tree_add_193_41_groupi_n_106         -       -      -     (net)          -    -     -     -       -    (-,-) 
  csa_tree_add_193_41_groupi_g927__6131/ZN -       B1->ZN F     OAI21_X1       2  4.2    16    19     929    (-,-) 
  csa_tree_add_193_41_groupi_n_108         -       -      -     (net)          -    -     -     -       -    (-,-) 
  csa_tree_add_193_41_groupi_g926/ZN       -       A->ZN  R     INV_X1         1  2.0     9    17     946    (-,-) 
  csa_tree_add_193_41_groupi_n_109         -       -      -     (net)          -    -     -     -       -    (-,-) 
  csa_tree_add_193_41_groupi_g924__8246/ZN -       B1->ZN F     OAI21_X1       2  4.2    16    19     964    (-,-) 
  csa_tree_add_193_41_groupi_n_111         -       -      -     (net)          -    -     -     -       -    (-,-) 
  csa_tree_add_193_41_groupi_g923/ZN       -       A->ZN  R     INV_X1         1  2.0     9    17     981    (-,-) 
  csa_tree_add_193_41_groupi_n_112         -       -      -     (net)          -    -     -     -       -    (-,-) 
  csa_tree_add_193_41_groupi_g921__1705/ZN -       B1->ZN F     OAI21_X1       1  3.0    14    16     997    (-,-) 
  csa_tree_add_193_41_groupi_n_114         -       -      -     (net)          -    -     -     -       -    (-,-) 
  csa_tree_add_193_41_groupi_g920__2802/CO -       CI->CO F     FA_X1          1  3.0    15    72    1069    (-,-) 
  csa_tree_add_193_41_groupi_n_115         -       -      -     (net)          -    -     -     -       -    (-,-) 
  csa_tree_add_193_41_groupi_g919__1617/CO -       CI->CO F     FA_X1          1  3.0    15    72    1141    (-,-) 
  csa_tree_add_193_41_groupi_n_117         -       -      -     (net)          -    -     -     -       -    (-,-) 
  csa_tree_add_193_41_groupi_g918__3680/CO -       CI->CO F     FA_X1          2  3.5    16    74    1215    (-,-) 
  csa_tree_add_193_41_groupi_n_119         -       -      -     (net)          -    -     -     -       -    (-,-) 
  csa_tree_add_193_41_groupi_g917/ZN       -       A->ZN  R     INV_X1        17 34.4    81    95    1310    (-,-) 
  n_861                                    -       -      -     (net)          -    -     -     -       -    (-,-) 
  g18584__5477/Z                           -       S->Z   F     MUX2_X1        3  4.9    14    72    1382    (-,-) 
  n_64                                     -       -      -     (net)          -    -     -     -       -    (-,-) 
  g18532__6260/ZN                          -       A->ZN  R     AOI21_X1       1  2.0    23    43    1424    (-,-) 
  n_96                                     -       -      -     (net)          -    -     -     -       -    (-,-) 
  g18519__9315/ZN                          -       B1->ZN F     OAI21_X1       1  1.7    10    17    1442    (-,-) 
  n_113                                    -       -      -     (net)          -    -     -     -       -    (-,-) 
  g18510__6131/ZN                          -       B1->ZN R     AOI21_X1       1  2.0    23    28    1470    (-,-) 
  n_119                                    -       -      -     (net)          -    -     -     -       -    (-,-) 
  g18507__5122/ZN                          -       B1->ZN F     OAI21_X1       1  1.7    10    17    1487    (-,-) 
  n_123                                    -       -      -     (net)          -    -     -     -       -    (-,-) 
  g18503__1617/ZN                          -       B1->ZN R     AOI21_X1       1  2.0    23    28    1515    (-,-) 
  n_127                                    -       -      -     (net)          -    -     -     -       -    (-,-) 
  g18502__3680/ZN                          -       B1->ZN F     OAI21_X1       1  1.7    10    17    1532    (-,-) 
  n_128                                    -       -      -     (net)          -    -     -     -       -    (-,-) 
  g18500__5526/ZN                          -       B1->ZN R     AOI21_X1       1  2.0    23    28    1560    (-,-) 
  n_131                                    -       -      -     (net)          -    -     -     -       -    (-,-) 
  g18499__8428/ZN                          -       A1->ZN F     NOR2_X1        1  1.4    11    10    1570    (-,-) 
  n_132                                    -       -      -     (net)          -    -     -     -       -    (-,-) 
  st2_lzd_reg[0]/D                         <<<     -      F     DFFR_X1        1    -     -     0    1570    (-,-) 
#------------------------------------------------------------------------------------------------------------------

Capture clock path:
#------------------------------------------------------------------------------------------
#   Timing Point    Flags   Arc   Edge   Cell     Fanout Load Trans Delay Arrival Instance 
#                                                        (fF)  (ps)  (ps)   (ps)  Location 
#------------------------------------------------------------------------------------------
  clk               (i)     -     R     (arrival)    117  0.0     0     0    1667    (-,-) 
  clk               -       -     -     (net)          -    -     -     -       -    (-,-) 
  clk               -       -     -     (net)          -    -     -     -       -    (-,-) 
  st2_lzd_reg[0]/CK <<<     -     R     DFFR_X1      117    -     1     0    1667    (-,-) 
#------------------------------------------------------------------------------------------


