============================================================
  Generated by:           Genus(TM) Synthesis Solution 25.11-s095_1
  Generated on:           Mar 10 2026  10:26:21 pm
  Module:                 sysarr_4_input_fp_adder
  Operating conditions:   typical 
  Interconnect mode:      global
  Area mode:              physical library
============================================================


Path 1: MET (22 ps) Setup Check with Pin add_out_reg[21]/clk->d
           View: view_1p2_25
          Group: clock1
     Startpoint: (R) st2_sum_mag_reg[11]/clk
          Clock: (R) clock1
       Endpoint: (R) add_out_reg[21]/d
          Clock: (R) clock1

                     Capture       Launch     
        Clock Edge:+    1020            0     
       Src Latency:+       0            0     
       Net Latency:+       0 (I)        0 (I) 
           Arrival:=    1020            0     
                                              
             Setup:-      38                  
       Uncertainty:-       0                  
     Required Time:=     982                  
      Launch Clock:-       0                  
         Data Path:-     960                  
             Slack:=      22                  

Launch clock path:
#------------------------------------------------------------------------------------------------------
#      Timing Point       Flags   Arc   Edge      Cell        Fanout Load Trans Delay Arrival Instance 
#                                                                    (fF)  (ps)  (ps)   (ps)  Location 
#------------------------------------------------------------------------------------------------------
  clk                     (i,u)   -     R     (arrival)          136  0.0     0     0       0    (-,-) 
  clk                     -       -     -     (net)                -    -     -     -       -    (-,-) 
  clk                     -       -     -     (net)                -    -     -     -       -    (-,-) 
  st2_sum_mag_reg[11]/clk <<<     -     R     unmapped_d_flop    136    -     1     0       0    (-,-) 
#------------------------------------------------------------------------------------------------------

#----------------------------------------------------------------------------------------------------------
#      Timing Point       Flags    Arc    Edge       Cell         Fanout Load Trans Delay Arrival Instance 
#                                                                        (fF)  (ps)  (ps)   (ps)  Location 
#----------------------------------------------------------------------------------------------------------
  st2_sum_mag_reg[11]/clk -       -       R     (arrival)            136    -     1     0       0    (-,-) 
  st2_sum_mag_reg[11]/q   (u)     clk->q  F     unmapped_d_flop       16 51.2     0   139     139    (-,-) 
  st2_sum_mag[11]         -       -       -     (net)                  -    -     -     -       -    (-,-) 
  g30320/z                (u)     in_1->z F     unmapped_or2           1  3.2     0    17     155    (-,-) 
  n_21210                 -       -       -     (net)                  -    -     -     -       -    (-,-) 
  g30201/z                (u)     in_1->z F     unmapped_or2           1  3.2     0    17     172    (-,-) 
  n_17841                 -       -       -     (net)                  -    -     -     -       -    (-,-) 
  g30173/z                (u)     in_0->z F     unmapped_or2           1  3.2     0    17     188    (-,-) 
  n_21216                 -       -       -     (net)                  -    -     -     -       -    (-,-) 
  g30054/z                (u)     in_1->z F     unmapped_or2          17 54.4     0    45     233    (-,-) 
  n_4087                  -       -       -     (net)                  -    -     -     -       -    (-,-) 
  g30427/z                (u)     in_0->z F     unmapped_complex2      1  3.2     0    17     250    (-,-) 
  n_28224                 -       -       -     (net)                  -    -     -     -       -    (-,-) 
  g29929/z                (u)     in_1->z R     unmapped_complex2      1  3.6     0    17     266    (-,-) 
  n_28537                 -       -       -     (net)                  -    -     -     -       -    (-,-) 
  g30432/z                (u)     in_0->z R     unmapped_complex2      1  3.6     0    17     283    (-,-) 
  n_28539                 -       -       -     (net)                  -    -     -     -       -    (-,-) 
  g29872/z                (u)     in_1->z R     unmapped_or2           1  3.6     0    17     299    (-,-) 
  n_28533                 -       -       -     (net)                  -    -     -     -       -    (-,-) 
  g30441/z                (u)     in_0->z R     unmapped_complex2     16 57.6     0    44     343    (-,-) 
  n_4078                  -       -       -     (net)                  -    -     -     -       -    (-,-) 
  g29843/z                (u)     in_1->z R     unmapped_complex2      3 10.8     0    22     365    (-,-) 
  n_21276                 -       -       -     (net)                  -    -     -     -       -    (-,-) 
  g29808/z                (u)     in_0->z F     unmapped_nand2         1  3.2     0    17     382    (-,-) 
  n_28125                 -       -       -     (net)                  -    -     -     -       -    (-,-) 
  g29779/z                (u)     in_1->z F     unmapped_or2           1  3.2     0    17     398    (-,-) 
  n_28127                 -       -       -     (net)                  -    -     -     -       -    (-,-) 
  g29776/z                (u)     in_1->z F     unmapped_or2           9 28.8     0    36     434    (-,-) 
  n_4114                  -       -       -     (net)                  -    -     -     -       -    (-,-) 
  g29556/z                (u)     in_0->z R     unmapped_complex2      1  3.6     0    17     451    (-,-) 
  n_21426                 -       -       -     (net)                  -    -     -     -       -    (-,-) 
  g29472/z                (u)     in_1->z F     unmapped_nand2         1  3.2     0    17     468    (-,-) 
  n_20941                 -       -       -     (net)                  -    -     -     -       -    (-,-) 
  g30553/z                (u)     in_0->z R     unmapped_complex2      7 25.2     0    33     500    (-,-) 
  n_4124                  -       -       -     (net)                  -    -     -     -       -    (-,-) 
  g29263/z                (u)     in_1->z R     unmapped_complex2      1  3.6     0    17     517    (-,-) 
  n_21300                 -       -       -     (net)                  -    -     -     -       -    (-,-) 
  g30558/z                (u)     in_0->z F     unmapped_complex2     11 35.2     0    39     556    (-,-) 
  n_4126                  -       -       -     (net)                  -    -     -     -       -    (-,-) 
  g31072/z                (u)     in_1->z R     unmapped_complex2      3 10.8     0    22     577    (-,-) 
  n_19268                 -       -       -     (net)                  -    -     -     -       -    (-,-) 
  g28607/z                (u)     in_0->z F     unmapped_nand2         2  6.4     0    19     596    (-,-) 
  n_19276                 -       -       -     (net)                  -    -     -     -       -    (-,-) 
  g28506/z                (u)     in_0->z R     unmapped_complex2      1  3.6     0    17     613    (-,-) 
  n_20933                 -       -       -     (net)                  -    -     -     -       -    (-,-) 
  g28432/z                (u)     in_0->z F     unmapped_nand2         3  9.6     0    22     635    (-,-) 
  n_19287                 -       -       -     (net)                  -    -     -     -       -    (-,-) 
  g30725/z                (u)     in_0->z F     unmapped_complex2      2  6.4     0    19     654    (-,-) 
  n_19290                 -       -       -     (net)                  -    -     -     -       -    (-,-) 
  g28242/z                (u)     in_1->z R     unmapped_complex2      1  3.6     0    17     670    (-,-) 
  n_20934                 -       -       -     (net)                  -    -     -     -       -    (-,-) 
  g28216/z                (u)     in_0->z F     unmapped_nand2         3  9.6     0    22     692    (-,-) 
  n_19305                 -       -       -     (net)                  -    -     -     -       -    (-,-) 
  g28202/z                (u)     in_0->z F     unmapped_complex2      1  3.2     0    17     709    (-,-) 
  n_20935                 -       -       -     (net)                  -    -     -     -       -    (-,-) 
  g28180/z                (u)     in_1->z R     unmapped_nand2         4 14.4     0    24     733    (-,-) 
  n_17232                 -       -       -     (net)                  -    -     -     -       -    (-,-) 
  g30782/z                (u)     in_0->z F     unmapped_complex2      1  3.2     0    17     750    (-,-) 
  n_27867                 -       -       -     (net)                  -    -     -     -       -    (-,-) 
  g28143/z                (u)     in_1->z R     unmapped_nand2         3 10.8     0    22     771    (-,-) 
  n_19446                 -       -       -     (net)                  -    -     -     -       -    (-,-) 
  g28048/z                (u)     in_1->z F     unmapped_nand2         5 16.0     0    28     799    (-,-) 
  n_19454                 -       -       -     (net)                  -    -     -     -       -    (-,-) 
  g27936/z                (u)     in_0->z F     unmapped_or2          18 57.6     0    45     844    (-,-) 
  n_7201                  -       -       -     (net)                  -    -     -     -       -    (-,-) 
  g27684/z                (u)     in_1->z F     unmapped_complex2      1  3.2     0    17     861    (-,-) 
  n_22893                 -       -       -     (net)                  -    -     -     -       -    (-,-) 
  g27503/z                (u)     in_1->z R     unmapped_nand2         1  3.6     0    17     877    (-,-) 
  n_27892                 -       -       -     (net)                  -    -     -     -       -    (-,-) 
  g26874/z                (u)     in_0->z R     unmapped_or2           1  3.6     0    17     894    (-,-) 
  n_27895                 -       -       -     (net)                  -    -     -     -       -    (-,-) 
  g30959/z                (u)     in_0->z R     unmapped_complex2      1  3.6     0    17     911    (-,-) 
  n_27898                 -       -       -     (net)                  -    -     -     -       -    (-,-) 
  g26686/z                (u)     in_0->z R     unmapped_or2           1  3.6     0    17     927    (-,-) 
  n_27389                 -       -       -     (net)                  -    -     -     -       -    (-,-) 
  g25143/z                (u)     in_0->z R     unmapped_or2           1  3.6     0    17     944    (-,-) 
  n_27391                 -       -       -     (net)                  -    -     -     -       -    (-,-) 
  g25144/z                (u)     in_0->z R     unmapped_or2           1  3.6     0    17     960    (-,-) 
  n_1513                  -       -       -     (net)                  -    -     -     -       -    (-,-) 
  add_out_reg[21]/d       <<<     -       R     unmapped_d_flop        1    -     -     0     960    (-,-) 
#----------------------------------------------------------------------------------------------------------

(u) : Net has unmapped pin(s).

Capture clock path:
#--------------------------------------------------------------------------------------------------
#    Timing Point     Flags   Arc   Edge      Cell        Fanout Load Trans Delay Arrival Instance 
#                                                                (fF)  (ps)  (ps)   (ps)  Location 
#--------------------------------------------------------------------------------------------------
  clk                 (i,u)   -     R     (arrival)          136  0.0     0     0    1020    (-,-) 
  clk                 -       -     -     (net)                -    -     -     -       -    (-,-) 
  clk                 -       -     -     (net)                -    -     -     -       -    (-,-) 
  add_out_reg[21]/clk <<<     -     R     unmapped_d_flop    136    -     1     0    1020    (-,-) 
#--------------------------------------------------------------------------------------------------


