============================================================
  Generated by:           Genus(TM) Synthesis Solution 25.11-s095_1
  Generated on:           Mar 10 2026  08:41:45 pm
  Module:                 add_bf16_1C
  Operating conditions:   typical 
  Interconnect mode:      global
  Area mode:              physical library
============================================================


Path 1: MET (1 ps) Late External Delay Assertion at pin bf_out[13]
           View: view_1p2_25
          Group: clock1
     Startpoint: (R) bf2_in_reg[8]/CK
          Clock: (R) clock1
       Endpoint: (R) bf_out[13]
          Clock: (R) clock1

                     Capture       Launch     
        Clock Edge:+    1124            0     
       Src Latency:+       0            0     
       Net Latency:+       0 (I)        0 (I) 
           Arrival:=    1124            0     
                                              
      Output Delay:-       1                  
       Uncertainty:-       0                  
     Required Time:=    1122                  
      Launch Clock:-       0                  
         Data Path:-    1122                  
             Slack:=       1                  

Exceptions/Constraints:
  output_delay              1              add_bf16_1C.sdc_line_21_35_1   

Launch clock path:
#-----------------------------------------------------------------------------------------
#  Timing Point    Flags   Arc   Edge   Cell     Fanout Load Trans Delay Arrival Instance 
#                                                       (fF)  (ps)  (ps)   (ps)  Location 
#-----------------------------------------------------------------------------------------
  clk              (i)     -     R     (arrival)     33  0.0     0     0       0    (-,-) 
  clk              -       -     -     (net)          -    -     -     -       -    (-,-) 
  clk              -       -     -     (net)          -    -     -     -       -    (-,-) 
  bf2_in_reg[8]/CK <<<     -     R     DFFR_X1       33    -     1     0       0    (-,-) 
#-----------------------------------------------------------------------------------------

#------------------------------------------------------------------------------------------
#  Timing Point    Flags    Arc   Edge   Cell     Fanout Load Trans Delay Arrival Instance 
#                                                        (fF)  (ps)  (ps)   (ps)  Location 
#------------------------------------------------------------------------------------------
  bf2_in_reg[8]/CK -       -      R     (arrival)     33    -     1     0       0    (-,-) 
  bf2_in_reg[8]/QN -       CK->QN R     DFFR_X1        5 16.6    42   104     104    (-,-) 
  bf2_in[8]        -       -      -     (net)          -    -     -     -       -    (-,-) 
  g52799/ZN        -       A->ZN  F     INV_X4         3  5.4    10     9     113    (-,-) 
  n_81             -       -      -     (net)          -    -     -     -       -    (-,-) 
  g52735__5477/ZN  -       A1->ZN R     NAND2_X2       2  8.4    16    21     135    (-,-) 
  n_63             -       -      -     (net)          -    -     -     -       -    (-,-) 
  g52610__6783/ZN  -       A1->ZN F     NAND2_X1       1  1.8     8    15     150    (-,-) 
  n_74             -       -      -     (net)          -    -     -     -       -    (-,-) 
  g52603__3680/ZN  -       A1->ZN R     NAND2_X1       2  4.3    15    21     170    (-,-) 
  n_134            -       -      -     (net)          -    -     -     -       -    (-,-) 
  g52590__9315/ZN  -       A1->ZN F     NAND2_X1       1  3.4    10    19     189    (-,-) 
  n_135            -       -      -     (net)          -    -     -     -       -    (-,-) 
  g52550__7410/ZN  -       A2->ZN R     NAND2_X2       3  9.5    16    25     214    (-,-) 
  n_189            -       -      -     (net)          -    -     -     -       -    (-,-) 
  g52547__2802/ZN  -       A1->ZN F     NAND2_X2       1  5.9    10    18     232    (-,-) 
  n_187            -       -      -     (net)          -    -     -     -       -    (-,-) 
  g52544__2346/ZN  -       A2->ZN R     NAND2_X4      13 38.4    27    37     269    (-,-) 
  n_249            -       -      -     (net)          -    -     -     -       -    (-,-) 
  g52543/ZN        -       A->ZN  F     INV_X8        14 33.0    10    16     285    (-,-) 
  n_411            -       -      -     (net)          -    -     -     -       -    (-,-) 
  g52502__6161/ZN  -       B1->ZN R     AOI21_X1       1  1.9    22    28     313    (-,-) 
  n_235            -       -      -     (net)          -    -     -     -       -    (-,-) 
  g52463__9945/ZN  -       B1->ZN F     AOI21_X1       1  1.9    10    18     330    (-,-) 
  n_271            -       -      -     (net)          -    -     -     -       -    (-,-) 
  g52451__6131/ZN  -       A2->ZN F     AND2_X2        2  5.1     7    32     362    (-,-) 
  n_293            -       -      -     (net)          -    -     -     -       -    (-,-) 
  g52443__5526/ZN  -       A1->ZN F     AND2_X2        2  5.1     7    28     390    (-,-) 
  n_299            -       -      -     (net)          -    -     -     -       -    (-,-) 
  g52441__5107/ZN  -       A1->ZN F     AND2_X4        8 13.6     8    29     419    (-,-) 
  n_322            -       -      -     (net)          -    -     -     -       -    (-,-) 
  g52439/ZN        -       A->ZN  R     INV_X1         2  3.9    12    18     437    (-,-) 
  n_328            -       -      -     (net)          -    -     -     -       -    (-,-) 
  g52416__2802/ZN  -       B1->ZN F     OAI21_X1       1  3.2    12    18     454    (-,-) 
  n_329            -       -      -     (net)          -    -     -     -       -    (-,-) 
  g52409__5107/ZN  -       A->ZN  R     AOI21_X2       4  7.4    31    50     505    (-,-) 
  n_361            -       -      -     (net)          -    -     -     -       -    (-,-) 
  g52384__2802/ZN  -       A1->ZN F     NAND2_X1       3  4.6    16    26     530    (-,-) 
  n_381            -       -      -     (net)          -    -     -     -       -    (-,-) 
  g52360__9315/ZN  -       A1->ZN F     AND2_X1        1  1.9     6    32     563    (-,-) 
  n_382            -       -      -     (net)          -    -     -     -       -    (-,-) 
  g52311__5477/ZN  -       A1->ZN F     AND2_X2        2  4.7     7    27     590    (-,-) 
  n_431            -       -      -     (net)          -    -     -     -       -    (-,-) 
  g52299__6131/ZN  -       A1->ZN R     NOR2_X2        3  5.7    21    28     618    (-,-) 
  n_446            -       -      -     (net)          -    -     -     -       -    (-,-) 
  g52284__8428/ZN  -       A1->ZN F     NAND2_X1       2  3.4    11    20     638    (-,-) 
  n_466            -       -      -     (net)          -    -     -     -       -    (-,-) 
  g52256__5122/ZN  -       C1->ZN R     AOI211_X1      1  2.0    39    41     679    (-,-) 
  n_481            -       -      -     (net)          -    -     -     -       -    (-,-) 
  g52235__1881/ZN  -       A1->ZN F     NOR2_X1        1  3.4    12    16     695    (-,-) 
  n_509            -       -      -     (net)          -    -     -     -       -    (-,-) 
  g52210__5107/ZN  -       A2->ZN R     NAND3_X2       3  9.4    19    28     722    (-,-) 
  n_546            -       -      -     (net)          -    -     -     -       -    (-,-) 
  g52200__5115/ZN  -       A1->ZN F     NAND3_X1       1  3.2    19    25     748    (-,-) 
  n_540            -       -      -     (net)          -    -     -     -       -    (-,-) 
  g52192__2802/ZN  -       A->ZN  R     OAI21_X2       2  6.9    27    29     777    (-,-) 
  n_554            -       -      -     (net)          -    -     -     -       -    (-,-) 
  g52187/ZN        -       A->ZN  F     INV_X2         7 12.4    12    19     796    (-,-) 
  n_576            -       -      -     (net)          -    -     -     -       -    (-,-) 
  g52159__2802/ZN  -       B1->ZN R     OAI21_X1       2  5.5    36    47     843    (-,-) 
  n_607            -       -      -     (net)          -    -     -     -       -    (-,-) 
  g52133__6131/ZN  -       A3->ZN F     NAND4_X1       1  1.7    18    35     878    (-,-) 
  n_609            -       -      -     (net)          -    -     -     -       -    (-,-) 
  g52116__2883/ZN  -       A1->ZN R     NOR2_X1        1  2.0    17    29     907    (-,-) 
  n_641            -       -      -     (net)          -    -     -     -       -    (-,-) 
  g52058__2398/ZN  -       B1->ZN F     OAI21_X1       2  3.5    13    21     928    (-,-) 
  n_678            -       -      -     (net)          -    -     -     -       -    (-,-) 
  g52052__9945/ZN  -       A1->ZN R     NAND2_X1       2  3.0    12    20     947    (-,-) 
  n_699            -       -      -     (net)          -    -     -     -       -    (-,-) 
  g52040__1705/ZN  -       A1->ZN F     NAND2_X1       2  3.5    10    18     965    (-,-) 
  n_717            -       -      -     (net)          -    -     -     -       -    (-,-) 
  g52033__7410/ZN  -       A1->ZN R     NAND2_X1       2  3.9    14    21     985    (-,-) 
  n_734            -       -      -     (net)          -    -     -     -       -    (-,-) 
  g52023__8246/ZN  -       A1->ZN F     NOR2_X1        1  3.5     8    13     998    (-,-) 
  n_740            -       -      -     (net)          -    -     -     -       -    (-,-) 
  g52012__5107/ZN  -       A2->ZN R     NOR2_X2        1  3.6    16    28    1026    (-,-) 
  n_754            -       -      -     (net)          -    -     -     -       -    (-,-) 
  g52002__9315/ZN  -       A2->ZN F     NAND3_X2       2  4.9    13    25    1051    (-,-) 
  n_772            -       -      -     (net)          -    -     -     -       -    (-,-) 
  g52000/ZN        -       A->ZN  R     INV_X1         1  3.4    11    19    1070    (-,-) 
  n_773            -       -      -     (net)          -    -     -     -       -    (-,-) 
  g51996__7098/ZN  -       A1->ZN F     NAND2_X2       2  3.5     7    13    1084    (-,-) 
  n_780            -       -      -     (net)          -    -     -     -       -    (-,-) 
  g51995/ZN        -       A->ZN  R     INV_X1         1  1.9     7    12    1096    (-,-) 
  n_781            -       -      -     (net)          -    -     -     -       -    (-,-) 
  g51988__5526/ZN  -       A1->ZN F     NAND2_X1       1  1.8     8    12    1108    (-,-) 
  n_792            -       -      -     (net)          -    -     -     -       -    (-,-) 
  g51981__2398/ZN  -       A2->ZN R     NAND3_X1       1  0.3    12    14    1122    (-,-) 
  bf_out[13]       -       -      -     (net)          -    -     -     -       -    (-,-) 
  bf_out[13]       <<<     -      R     (port)         -    -     -     0    1122    (-,-) 
#------------------------------------------------------------------------------------------


