============================================================
  Generated by:           Genus(TM) Synthesis Solution 25.11-s095_1
  Generated on:           Mar 10 2026  04:06:20 pm
  Operating conditions:   typical 
  Interconnect mode:      global
  Area mode:              physical library
============================================================

                               Leakage    Internal                         Library 
   Gate    Instances   Area  Power (nW)  Power (nW)         Library         Domain 
-----------------------------------------------------------------------------------
AND2_X1           11  11.704    282.881    5353.847 NangateOpenCellLibrary       0 
AND2_X2            1   1.330     50.353     638.361 NangateOpenCellLibrary       0 
AND3_X2            1   1.596     76.001    1522.081 NangateOpenCellLibrary       0 
AND4_X1            2   3.192     48.627     866.695 NangateOpenCellLibrary       0 
AOI211_X1          1   1.330     34.177     666.947 NangateOpenCellLibrary       0 
AOI21_X1          20  21.280    577.240   12145.019 NangateOpenCellLibrary       0 
AOI221_X1          2   3.192     94.490    1350.652 NangateOpenCellLibrary       0 
AOI22_X1           3   3.990     96.045    2034.728 NangateOpenCellLibrary       0 
DFFR_X1           25 133.000   2202.546  198397.362 NangateOpenCellLibrary       0 
FA_X1             15  63.840   1168.909   30053.737 NangateOpenCellLibrary       0 
HA_X1             14  37.240    903.314   22490.032 NangateOpenCellLibrary       0 
INV_X1            71  37.772   1052.914   18839.620 NangateOpenCellLibrary       0 
MUX2_X1            3   5.586    108.843    2991.577 NangateOpenCellLibrary       0 
NAND2_X1          84  67.032   1564.246   19936.688 NangateOpenCellLibrary       0 
NAND2_X2           2   2.660     69.573     749.912 NangateOpenCellLibrary       0 
NAND2_X4           1   2.394     69.573     716.227 NangateOpenCellLibrary       0 
NAND3_X1           5   5.320     97.539    2410.286 NangateOpenCellLibrary       0 
NAND4_X1           4   5.320     72.507     625.044 NangateOpenCellLibrary       0 
NOR2_X1           38  30.324    789.652   13384.762 NangateOpenCellLibrary       0 
NOR3_X1            2   2.128     64.847     250.676 NangateOpenCellLibrary       0 
NOR4_X1            6   7.980    204.063     647.542 NangateOpenCellLibrary       0 
OAI211_X1          1   1.330     23.587     385.333 NangateOpenCellLibrary       0 
OAI21_X1          33  35.112    874.684   21395.972 NangateOpenCellLibrary       0 
OAI221_X1          1   1.596     60.994    1220.734 NangateOpenCellLibrary       0 
OAI22_X1          14  18.620    556.625   18427.795 NangateOpenCellLibrary       0 
OR2_X1            12  12.768    282.487    4196.445 NangateOpenCellLibrary       0 
OR2_X2             4   5.320    193.090    4664.058 NangateOpenCellLibrary       0 
OR4_X1             3   4.788     80.447    1047.984 NangateOpenCellLibrary       0 
OR4_X2             1   1.862     54.355     351.885 NangateOpenCellLibrary       0 
XNOR2_X1          31  49.476   1125.727   32021.021 NangateOpenCellLibrary       0 
XOR2_X1           12  19.152    436.486   16511.267 NangateOpenCellLibrary       0 
-----------------------------------------------------------------------------------
total            423 598.234  13316.825  436294.290                                
                                          Leakage  Leakage  Internal  Internal 
     Type      Instances   Area  Area % Power (nW) Power % Power (nW)  Power % 
-------------------------------------------------------------------------------
sequential            25 133.000   22.2   2202.546    16.5 198397.362     45.5 
inverter              71  37.772    6.3   1052.914     7.9  18839.620      4.3 
logic                327 427.462   71.5  10061.365    75.6 219057.308     50.2 
physical_cells         0   0.000    0.0      0.000     0.0      0.000      0.0 
-------------------------------------------------------------------------------
total                423 598.234  100.0  13316.825   100.0 436294.290    100.0 
