============================================================
  Generated by:           Genus(TM) Synthesis Solution 25.11-s095_1
  Generated on:           Mar 10 2026  11:13:29 pm
  Operating conditions:   typical 
  Interconnect mode:      global
  Area mode:              physical library
============================================================

                                Leakage    Internal                          Library 
   Gate    Instances   Area   Power (nW)  Power (nW)          Library         Domain 
-------------------------------------------------------------------------------------
AND2_X1           62   65.968   1567.788    52999.253 NangateOpenCellLibrary       0 
AND2_X2            2    2.660     86.641     1878.176 NangateOpenCellLibrary       0 
AND2_X4            1    2.394    108.124     2630.523 NangateOpenCellLibrary       0 
AND3_X1            7    9.310    186.906     4874.765 NangateOpenCellLibrary       0 
AND3_X2            2    3.192    125.544     2743.506 NangateOpenCellLibrary       0 
AND4_X1            8   12.768    253.895     9903.666 NangateOpenCellLibrary       0 
AND4_X2            1    1.862     58.155      105.177 NangateOpenCellLibrary       0 
AND4_X4            1    3.458     90.602      691.558 NangateOpenCellLibrary       0 
AOI211_X1         15   19.950    520.968    24765.730 NangateOpenCellLibrary       0 
AOI21_X1         130  138.320   3416.550   167339.559 NangateOpenCellLibrary       0 
AOI21_X2           2    3.724     70.534     6422.102 NangateOpenCellLibrary       0 
AOI21_X4           4   13.832    475.996     8616.025 NangateOpenCellLibrary       0 
AOI221_X1         32   51.072   1299.249    31910.643 NangateOpenCellLibrary       0 
AOI222_X1         12   25.536    488.414     8150.065 NangateOpenCellLibrary       0 
AOI22_X1         125  166.250   3796.536    99231.585 NangateOpenCellLibrary       0 
AOI22_X2           2    4.788    119.607     4221.924 NangateOpenCellLibrary       0 
BUF_X1             3    2.394     67.684     3410.050 NangateOpenCellLibrary       0 
BUF_X2             1    1.064     43.202     2050.961 NangateOpenCellLibrary       0 
CLKBUF_X1         19   15.162    217.080    26331.429 NangateOpenCellLibrary       0 
CLKBUF_X2         19   20.216    446.028    33112.983 NangateOpenCellLibrary       0 
DFFR_X1           54  287.280   4735.391   344568.264 NangateOpenCellLibrary       0 
DFFR_X2            1    5.852    135.718     6034.987 NangateOpenCellLibrary       0 
DFF_X1            32  144.704   2527.939   227791.506 NangateOpenCellLibrary       0 
HA_X1              4   10.640    246.062     9711.532 NangateOpenCellLibrary       0 
INV_X1           380  202.160   5486.817   158341.545 NangateOpenCellLibrary       0 
INV_X16            3   13.566    702.081    12010.804 NangateOpenCellLibrary       0 
INV_X2             9    7.182    267.874     7584.136 NangateOpenCellLibrary       0 
INV_X4             5    6.650    287.955     4322.139 NangateOpenCellLibrary       0 
INV_X8             2    4.788    220.661     7258.892 NangateOpenCellLibrary       0 
MUX2_X1           63  117.306   2278.648   109819.753 NangateOpenCellLibrary       0 
NAND2_X1         317  252.966   5375.297   141354.703 NangateOpenCellLibrary       0 
NAND2_X2           8   10.640    328.254     5463.105 NangateOpenCellLibrary       0 
NAND2_X4          12   28.728   1453.640    25534.518 NangateOpenCellLibrary       0 
NAND3_X1          42   44.688    951.542    31498.684 NangateOpenCellLibrary       0 
NAND3_X2           3    5.586     87.043     1346.003 NangateOpenCellLibrary       0 
NAND3_X4           1    3.458     76.027     1113.442 NangateOpenCellLibrary       0 
NAND4_X1          22   29.260    438.612    13063.769 NangateOpenCellLibrary       0 
NAND4_X2           3    7.182    106.275      223.196 NangateOpenCellLibrary       0 
NOR2_X1          219  174.762   4567.878   153097.364 NangateOpenCellLibrary       0 
NOR2_X2           13   17.290    613.681     9467.919 NangateOpenCellLibrary       0 
NOR2_X4            6   14.364    544.887     8157.233 NangateOpenCellLibrary       0 
NOR3_X1           21   22.344    611.162    17914.887 NangateOpenCellLibrary       0 
NOR3_X2            1    1.862     59.965      618.927 NangateOpenCellLibrary       0 
NOR4_X1           30   39.900   1040.754    20053.884 NangateOpenCellLibrary       0 
OAI211_X1         22   29.260    631.501    25193.107 NangateOpenCellLibrary       0 
OAI21_X1         134  142.576   4056.269   145721.190 NangateOpenCellLibrary       0 
OAI21_X2           9   16.758    545.739    18209.965 NangateOpenCellLibrary       0 
OAI21_X4           3   10.374    340.857     9981.276 NangateOpenCellLibrary       0 
OAI221_X1         55   87.780   3033.130    55768.406 NangateOpenCellLibrary       0 
OAI222_X1         48  102.144   3109.963    39131.853 NangateOpenCellLibrary       0 
OAI22_X1         102  135.660   3602.035   118923.447 NangateOpenCellLibrary       0 
OR2_X1            72   76.608   1660.354    83190.735 NangateOpenCellLibrary       0 
OR2_X2             3    3.990    146.001     5543.771 NangateOpenCellLibrary       0 
OR3_X1             5    6.650    121.603     4610.603 NangateOpenCellLibrary       0 
OR4_X1             8   12.768    222.056     2575.119 NangateOpenCellLibrary       0 
OR4_X2             1    1.862     55.788       74.380 NangateOpenCellLibrary       0 
SDFFR_X1          13   86.450   1386.731    89126.267 NangateOpenCellLibrary       0 
XNOR2_X1         123  196.308   4473.118   210958.639 NangateOpenCellLibrary       0 
XNOR2_X2          17   45.220   1227.889    61696.100 NangateOpenCellLibrary       0 
XOR2_X1           62   98.952   2077.898   127175.032 NangateOpenCellLibrary       0 
XOR2_X2            2    4.788    128.644     6077.998 NangateOpenCellLibrary       0 
-------------------------------------------------------------------------------------
total           2378 3075.226  73403.245  2811698.758                                
                                           Leakage  Leakage   Internal  Internal 
     Type      Instances   Area   Area % Power (nW) Power %  Power (nW)  Power % 
---------------------------------------------------------------------------------
sequential           100  524.286   17.0   8785.780    12.0  667521.023     23.7 
inverter             399  234.346    7.6   6965.389     9.5  189517.515      6.7 
buffer                42   38.836    1.3    773.994     1.1   64905.423      2.3 
logic               1837 2277.758   74.1  56878.082    77.5 1889754.797     67.2 
physical_cells         0    0.000    0.0      0.000     0.0       0.000      0.0 
---------------------------------------------------------------------------------
total               2378 3075.226  100.0  73403.245   100.0 2811698.758    100.0 
