============================================================
  Generated by:           Genus(TM) Synthesis Solution 21.17-s066_1
  Generated on:           Apr 19 2026  03:27:00 am
  Module:                 sysarr_MEISSA_top
  Operating conditions:   typical 
  Interconnect mode:      global
  Area mode:              physical library
============================================================

                                    Leakage      Internal                              Library 
   Gate    Instances     Area     Power (nW)    Power (nW)            Library           Domain 
-----------------------------------------------------------------------------------------------
AND2_X1         3250    3458.000    78401.327    3153070.639    NangateOpenCellLibrary       0 
AND2_X2          399     530.670    20605.192    1102603.184    NangateOpenCellLibrary       0 
AND2_X4          165     395.010    16924.516    1106491.127    NangateOpenCellLibrary       0 
AND3_X1          155     206.150     4889.922     184766.574    NangateOpenCellLibrary       0 
AND3_X2           51      81.396     3096.696     132121.112    NangateOpenCellLibrary       0 
AND3_X4           47     137.522     5929.486     282557.285    NangateOpenCellLibrary       0 
AND4_X1          155     247.380     4231.452     137857.896    NangateOpenCellLibrary       0 
AND4_X2           18      33.516      889.979      20590.978    NangateOpenCellLibrary       0 
AND4_X4           42     145.236     6025.923     293878.812    NangateOpenCellLibrary       0 
AOI211_X1         83     110.390     2981.503     115475.181    NangateOpenCellLibrary       0 
AOI211_X2          3       7.182      226.149       5404.669    NangateOpenCellLibrary       0 
AOI21_X1        1899    2020.536    45254.225    2116516.568    NangateOpenCellLibrary       0 
AOI21_X2         364     677.768    18891.843     851333.182    NangateOpenCellLibrary       0 
AOI21_X4          74     255.892     8044.877     394707.273    NangateOpenCellLibrary       0 
AOI221_X1        535     853.860    22085.118     884175.733    NangateOpenCellLibrary       0 
AOI221_X2         27      79.002     2242.249      91214.508    NangateOpenCellLibrary       0 
AOI221_X4          1       3.458      113.954      10804.285    NangateOpenCellLibrary       0 
AOI222_X1        415     883.120    15726.570     913936.758    NangateOpenCellLibrary       0 
AOI222_X2          1       3.724       64.318       5353.793    NangateOpenCellLibrary       0 
AOI22_X1        2473    3289.090    56555.170    3615177.346    NangateOpenCellLibrary       0 
AOI22_X2          98     234.612     5182.332     215548.760    NangateOpenCellLibrary       0 
AOI22_X4           6      27.132      608.212      37461.911    NangateOpenCellLibrary       0 
BUF_X1           414     330.372     8965.685     613964.778    NangateOpenCellLibrary       0 
BUF_X2           118     125.552     5033.243     310073.121    NangateOpenCellLibrary       0 
BUF_X4            42      78.204     3610.551     253355.326    NangateOpenCellLibrary       0 
BUF_X8             3      10.374      533.598      29264.960    NangateOpenCellLibrary       0 
CLKBUF_X1        311     248.178     3460.099     398538.850    NangateOpenCellLibrary       0 
CLKBUF_X2         42      44.688      940.649      89573.052    NangateOpenCellLibrary       0 
CLKBUF_X3          3       3.990       85.974       8547.517    NangateOpenCellLibrary       0 
DFFR_X1         4767   25360.440   419538.561   44249647.740    NangateOpenCellLibrary       0 
DFFR_X2            8      46.816     1039.955     117404.212    NangateOpenCellLibrary       0 
DFFS_X1            2      10.640      175.097      12090.867    NangateOpenCellLibrary       0 
FA_X1           1667    7094.752   111454.121    7019621.606    NangateOpenCellLibrary       0 
HA_X1           2946    7836.360   160705.239    8357278.895    NangateOpenCellLibrary       0 
INV_X1         12140    6458.480   169103.436    6853295.067    NangateOpenCellLibrary       0 
INV_X16           11      49.742     2442.616     112158.476    NangateOpenCellLibrary       0 
INV_X2          1963    1566.474    57350.602    2296521.174    NangateOpenCellLibrary       0 
INV_X4           880    1170.400    52897.178    1932248.095    NangateOpenCellLibrary       0 
INV_X8           191     457.254    23482.049     798490.055    NangateOpenCellLibrary       0 
MUX2_X1         1663    3096.506    57930.036    4263689.061    NangateOpenCellLibrary       0 
MUX2_X2           15      35.910     1067.842      81210.640    NangateOpenCellLibrary       0 
NAND2_X1       15669   12503.862   273686.532   10097172.260    NangateOpenCellLibrary       0 
NAND2_X2        2745    3650.850   108557.000    4011244.010    NangateOpenCellLibrary       0 
NAND2_X4        1341    3210.354   117336.049    4155942.242    NangateOpenCellLibrary       0 
NAND3_X1         765     813.960    18901.390     676333.481    NangateOpenCellLibrary       0 
NAND3_X2         554    1031.548    33909.128    1094065.623    NangateOpenCellLibrary       0 
NAND3_X4         176     608.608    23470.300     537337.027    NangateOpenCellLibrary       0 
NAND4_X1         660     877.800    12522.898     338051.193    NangateOpenCellLibrary       0 
NAND4_X2          78     186.732     8039.665     245409.424    NangateOpenCellLibrary       0 
NAND4_X4         161     770.868    30767.960     914337.324    NangateOpenCellLibrary       0 
NOR2_X1         4566    3643.668   100503.521    2992301.391    NangateOpenCellLibrary       0 
NOR2_X2          903    1200.990    38893.219    1298115.084    NangateOpenCellLibrary       0 
NOR2_X4          411     983.934    36139.359    1201833.862    NangateOpenCellLibrary       0 
NOR3_X1          256     272.384     7293.877     177611.081    NangateOpenCellLibrary       0 
NOR3_X2           31      57.722     1821.986      28255.328    NangateOpenCellLibrary       0 
NOR3_X4            1       3.724      101.158       4341.872    NangateOpenCellLibrary       0 
NOR4_X1          999    1328.670    31301.572     921955.094    NangateOpenCellLibrary       0 
NOR4_X2            3       7.182      196.873       5202.203    NangateOpenCellLibrary       0 
OAI211_X1        385     512.050    12290.675     558006.958    NangateOpenCellLibrary       0 
OAI211_X2         31      74.214     2477.660      98149.380    NangateOpenCellLibrary       0 
OAI211_X4          1       4.522      191.678       8259.906    NangateOpenCellLibrary       0 
OAI21_X1        1896    2017.344    61154.534    2252606.790    NangateOpenCellLibrary       0 
OAI21_X2         544    1012.928    35826.986    1458502.007    NangateOpenCellLibrary       0 
OAI21_X4         207     715.806    24361.681    1034128.341    NangateOpenCellLibrary       0 
OAI221_X1       1065    1699.740    54013.096    1993405.080    NangateOpenCellLibrary       0 
OAI221_X2         21      61.446     1402.205      92800.055    NangateOpenCellLibrary       0 
OAI221_X4          1       3.458      152.121      10676.740    NangateOpenCellLibrary       0 
OAI222_X1        226     480.928    14005.888     405654.614    NangateOpenCellLibrary       0 
OAI222_X2         12      44.688     1669.884      16876.216    NangateOpenCellLibrary       0 
OAI22_X1        2208    2936.640    99076.785    2589841.694    NangateOpenCellLibrary       0 
OAI22_X2         104     248.976     9269.371     185211.770    NangateOpenCellLibrary       0 
OAI22_X4           4      18.088      567.765      20046.172    NangateOpenCellLibrary       0 
OAI33_X1          48      89.376     2871.049      63780.689    NangateOpenCellLibrary       0 
OR2_X1          1648    1753.472    39294.195    2405335.802    NangateOpenCellLibrary       0 
OR2_X2           140     186.200     6521.005     378461.466    NangateOpenCellLibrary       0 
OR2_X4            36      86.184     3342.305     257192.853    NangateOpenCellLibrary       0 
OR3_X1            68      90.440     1670.439      64870.451    NangateOpenCellLibrary       0 
OR3_X2             2       3.192      110.266       8512.997    NangateOpenCellLibrary       0 
OR4_X1           321     512.316     8833.821     250263.485    NangateOpenCellLibrary       0 
OR4_X2             1       1.862       53.156       5179.898    NangateOpenCellLibrary       0 
SDFFR_X1        1296    8618.400   140027.899   11394448.910    NangateOpenCellLibrary       0 
XNOR2_X1        4881    7790.076   180163.968    8882783.277    NangateOpenCellLibrary       0 
XNOR2_X2         171     454.860    12796.827     706926.672    NangateOpenCellLibrary       0 
XOR2_X1         2063    3292.548    69113.721    4106235.213    NangateOpenCellLibrary       0 
XOR2_X2           65     155.610     4723.165     315184.149    NangateOpenCellLibrary       0 
-----------------------------------------------------------------------------------------------
total          84211  131723.998  3028212.177  161730871.150                           


                                             Leakage   Leakage    Internal   Internal 
     Type      Instances    Area    Area %  Power (nW) Power %   Power (nW)   Power % 
--------------------------------------------------------------------------------------
sequential          6073  34036.296   25.8  560781.512    18.5  55773591.728     34.5 
inverter           15185   9702.350    7.4  305275.880    10.1  11992712.867      7.4 
buffer               933    841.358    0.6   22629.799     0.7   1703317.603      1.1 
logic_abstract         8      0.000    0.0       0.000     0.0         0.000      0.0 
logic              62020  87143.994   66.2 2139524.985    70.7  92261248.952     57.0 
physical_cells         0      0.000    0.0       0.000     0.0         0.000      0.0 
--------------------------------------------------------------------------------------
total              84219 131723.998  100.0 3028212.177   100.0 161730871.150    100.0 

