============================================================
  Generated by:           Genus(TM) Synthesis Solution 25.11-s095_1
  Generated on:           Mar 10 2026  02:54:26 pm
  Module:                 add_fp16
  Operating conditions:   typical 
  Interconnect mode:      global
  Area mode:              physical library
============================================================


Path 1: MET (22 ps) Setup Check with Pin smaller_mantissa_l_reg[24]/CK->D
           View: view_1p2_25
          Group: clock1
     Startpoint: (R) fp2_in[24]
          Clock: (R) clock1
       Endpoint: (R) smaller_mantissa_l_reg[24]/D
          Clock: (R) clock1

                     Capture       Launch     
        Clock Edge:+    1124            0     
        Drv Adjust:+       0            0     
       Src Latency:+       0            0     
       Net Latency:+       0 (I)        0 (I) 
           Arrival:=    1124            0     
                                              
             Setup:-      37                  
       Uncertainty:-       0                  
     Required Time:=    1086                  
      Launch Clock:-       0                  
       Input Delay:-       1                  
         Data Path:-    1064                  
             Slack:=      22                  

Exceptions/Constraints:
  input_delay              1              add_fp16.sdc_line_16_43_1   

#------------------------------------------------------------------------------------------------------
#        Timing Point          Flags    Arc   Edge   Cell     Fanout Load Trans Delay Arrival Instance 
#                                                                    (fF)  (ps)  (ps)   (ps)  Location 
#------------------------------------------------------------------------------------------------------
  fp2_in[24]                   -       -      R     (arrival)      6 18.5     0     0       1    (-,-) 
  fp2_in[24]                   -       -      -     (net)          -    -     -     -       -    (-,-) 
  g33753/ZN                    -       A->ZN  F     INV_X4         2  6.2     3     5       6    (-,-) 
  n_6                          -       -      -     (net)          -    -     -     -       -    (-,-) 
  g33685/ZN                    -       A2->ZN R     NAND2_X2       1  6.3    13    17      23    (-,-) 
  n_18                         -       -      -     (net)          -    -     -     -       -    (-,-) 
  g33646/ZN                    -       A1->ZN F     NAND2_X4       3 11.4     9    16      40    (-,-) 
  n_80                         -       -      -     (net)          -    -     -     -       -    (-,-) 
  g33601/ZN                    -       B1->ZN R     AOI21_X2       2  5.3    26    31      71    (-,-) 
  n_114                        -       -      -     (net)          -    -     -     -       -    (-,-) 
  g33592/ZN                    -       A1->ZN F     AOI22_X2       1  3.4    13    18      89    (-,-) 
  n_120                        -       -      -     (net)          -    -     -     -       -    (-,-) 
  g33582/CO                    -       A->CO  F     HA_X1          2  5.4    10    36     125    (-,-) 
  n_131                        -       -      -     (net)          -    -     -     -       -    (-,-) 
  g33576/ZN                    -       B2->ZN R     OAI21_X2       2  3.8    19    33     158    (-,-) 
  n_136                        -       -      -     (net)          -    -     -     -       -    (-,-) 
  g33574/ZN                    -       A1->ZN F     NAND2_X1       2  4.9    13    23     182    (-,-) 
  n_138                        -       -      -     (net)          -    -     -     -       -    (-,-) 
  g33573/ZN                    -       A1->ZN R     NAND2_X2       2  8.5    15    23     205    (-,-) 
  n_139                        -       -      -     (net)          -    -     -     -       -    (-,-) 
  g33571/ZN                    -       B1->ZN F     AOI21_X4       1  5.9    17    15     220    (-,-) 
  n_141                        -       -      -     (net)          -    -     -     -       -    (-,-) 
  g33570/ZN                    -       B1->ZN R     OAI21_X4       5 17.1    30    43     263    (-,-) 
  n_143                        -       -      -     (net)          -    -     -     -       -    (-,-) 
  g33569/ZN                    -       A->ZN  F     INV_X4         5 10.6     9    13     276    (-,-) 
  n_1                          -       -      -     (net)          -    -     -     -       -    (-,-) 
  g33567/ZN                    -       A->ZN  R     INV_X1         5 10.5    26    34     310    (-,-) 
  n_0                          -       -      -     (net)          -    -     -     -       -    (-,-) 
  g33521/ZN                    -       B1->ZN F     AOI21_X2       2  7.6    14    24     334    (-,-) 
  n_158                        -       -      -     (net)          -    -     -     -       -    (-,-) 
  g33481__6131/ZN              -       A1->ZN R     NAND2_X1       1  6.5    20    29     362    (-,-) 
  n_170                        -       -      -     (net)          -    -     -     -       -    (-,-) 
  g33445__8246/ZN              -       A->ZN  F     OAI21_X4      21 39.4    24    40     402    (-,-) 
  n_235                        -       -      -     (net)          -    -     -     -       -    (-,-) 
  g33438/ZN                    -       A->ZN  R     INV_X2        16 28.3    35    51     453    (-,-) 
  n_234                        -       -      -     (net)          -    -     -     -       -    (-,-) 
  g33335__9315/Z               -       S->Z   F     MUX2_X1        2  3.6    12    67     520    (-,-) 
  n_335                        -       -      -     (net)          -    -     -     -       -    (-,-) 
  g33308__2346/ZN              -       B1->ZN R     AOI22_X1       2  3.8    34    53     573    (-,-) 
  n_363                        -       -      -     (net)          -    -     -     -       -    (-,-) 
  g33301/ZN                    -       A->ZN  F     INV_X1         1  1.8     9    10     583    (-,-) 
  n_364                        -       -      -     (net)          -    -     -     -       -    (-,-) 
  g33267__6161/ZN              -       A1->ZN R     AOI22_X1       2  3.9    35    42     626    (-,-) 
  n_407                        -       -      -     (net)          -    -     -     -       -    (-,-) 
  g33232__2398/ZN              -       A1->ZN F     NOR2_X1        3  5.2    13    20     645    (-,-) 
  n_436                        -       -      -     (net)          -    -     -     -       -    (-,-) 
  g33218__7482/ZN              -       A1->ZN R     NAND2_X1       2  3.1    18    20     665    (-,-) 
  n_450                        -       -      -     (net)          -    -     -     -       -    (-,-) 
  g33214/ZN                    -       A->ZN  F     INV_X1         1  1.7     6     9     674    (-,-) 
  n_451                        -       -      -     (net)          -    -     -     -       -    (-,-) 
  g33204__5526/ZN              -       A1->ZN R     NOR3_X1        1  1.2    24    28     702    (-,-) 
  n_462                        -       -      -     (net)          -    -     -     -       -    (-,-) 
  g33200__5107/ZN              -       A1->ZN R     OR2_X1         1  1.9     8    28     730    (-,-) 
  n_466                        -       -      -     (net)          -    -     -     -       -    (-,-) 
  g33193__2346/ZN              -       B1->ZN F     AOI21_X1       1  1.8    12    13     744    (-,-) 
  n_472                        -       -      -     (net)          -    -     -     -       -    (-,-) 
  g33190__9315/ZN              -       A1->ZN R     OAI22_X1       1  1.9    31    30     774    (-,-) 
  n_475                        -       -      -     (net)          -    -     -     -       -    (-,-) 
  g33186__5115/ZN              -       B1->ZN F     AOI21_X1       1  1.8    12    19     792    (-,-) 
  n_479                        -       -      -     (net)          -    -     -     -       -    (-,-) 
  g33185/ZN                    -       A->ZN  R     INV_X1         1  1.9     8    15     807    (-,-) 
  n_480                        -       -      -     (net)          -    -     -     -       -    (-,-) 
  g33180__5122/ZN              -       B1->ZN F     AOI21_X1       1  1.2    10    12     819    (-,-) 
  n_485                        -       -      -     (net)          -    -     -     -       -    (-,-) 
  g33177__1617/ZN              -       A2->ZN F     AND2_X1        4 12.2    16    48     867    (-,-) 
  n_488                        -       -      -     (net)          -    -     -     -       -    (-,-) 
  g33176__3680/ZN              -       A1->ZN R     NOR2_X2        7 17.2    48    61     928    (-,-) 
  n_490                        -       -      -     (net)          -    -     -     -       -    (-,-) 
  g33174/ZN                    -       A->ZN  F     INV_X4        43 66.9    25    42     970    (-,-) 
  n_489                        -       -      -     (net)          -    -     -     -       -    (-,-) 
  g33168__6260/ZN              -       A1->ZN F     OR3_X1         1  1.8    13    72    1042    (-,-) 
  n_496                        -       -      -     (net)          -    -     -     -       -    (-,-) 
  g33133__5107/ZN              -       A->ZN  R     OAI211_X1      1  1.4    24    23    1065    (-,-) 
  n_528                        -       -      -     (net)          -    -     -     -       -    (-,-) 
  smaller_mantissa_l_reg[24]/D <<<     -      R     DFFR_X1        1    -     -     0    1065    (-,-) 
#------------------------------------------------------------------------------------------------------

Capture clock path:
#------------------------------------------------------------------------------------------------------
#         Timing Point          Flags   Arc   Edge   Cell     Fanout Load Trans Delay Arrival Instance 
#                                                                    (fF)  (ps)  (ps)   (ps)  Location 
#------------------------------------------------------------------------------------------------------
  clk                           (i)     -     R     (arrival)     68  0.0     0     0    1124    (-,-) 
  clk                           -       -     -     (net)          -    -     -     -       -    (-,-) 
  clk                           -       -     -     (net)          -    -     -     -       -    (-,-) 
  smaller_mantissa_l_reg[24]/CK <<<     -     R     DFFR_X1       68    -     1     0    1124    (-,-) 
#------------------------------------------------------------------------------------------------------


