============================================================
  Generated by:           Genus(TM) Synthesis Solution 25.11-s095_1
  Generated on:           Jan 31 2026  07:16:26 pm
  Module:                 add_bf16
  Operating conditions:   PVT_1P2V_25C 
  Interconnect mode:      global
  Area mode:              physical library
============================================================

# SETUP               WNS   TNS    FEP 
# ---------------------------------------
 View: ALL            0.8   0.0      0 
    Group : in2out    5.7   0.0      0 
    Group : in2reg    1.1   0.0      0 
    Group : reg2out   0.8   0.0      0 
    Group : reg2reg   N/A   N/A    N/A 

 View: view_1p2_25    0.8  -0.0      0 
    Group : in2out    5.7   0.0      0 
    Group : in2reg    1.1   0.0      0 
    Group : reg2out   0.8   0.0      0 
    Group : reg2reg   N/A   N/A    N/A 

# ---------------------------------------
# DRV                        WNS  TNS  FEP 
# -------------------------------------------
 View: ALL                                 
    Check: max_transition    N/A  N/A    0 
    Check: max_capacitance   N/A  N/A    0 
    Check: max_fanout        N/A  N/A    0 

 View: view_1p2_25                         
    Check: max_transition    N/A  N/A    0 
    Check: max_capacitance   N/A  N/A    0 
    Check: max_fanout        N/A  N/A    0 

# -------------------------------------------
