============================================================
  Generated by:           Genus(TM) Synthesis Solution 25.11-s095_1
  Generated on:           Feb 01 2026  01:55:53 am
  Operating conditions:   PVT_1P2V_25C 
  Interconnect mode:      global
  Area mode:              physical library
============================================================

                                Leakage    Internal                              Library 
   Gate    Instances   Area   Power (nW)  Power (nW)           Library            Domain 
-----------------------------------------------------------------------------------------
addh_1x           10  104.960     71.870   22109.877 MITLL90_STDLIB_8T.tt1p2v25c       0 
and2_1x           18   75.571     59.849   18818.647 MITLL90_STDLIB_8T.tt1p2v25c       0 
and2_2x            4   20.992     21.654    5362.785 MITLL90_STDLIB_8T.tt1p2v25c       0 
and3_1x           10   62.976     34.661    6768.115 MITLL90_STDLIB_8T.tt1p2v25c       0 
and3_2x            2   14.694     10.537    4084.584 MITLL90_STDLIB_8T.tt1p2v25c       0 
ao21_1x           15   78.720     62.418   34914.643 MITLL90_STDLIB_8T.tt1p2v25c       0 
ao21_2x            1    6.298      6.087    4149.732 MITLL90_STDLIB_8T.tt1p2v25c       0 
ao22_1x            8   58.778     30.402    7627.564 MITLL90_STDLIB_8T.tt1p2v25c       0 
aoi21_1x          33  138.547     61.229   26215.441 MITLL90_STDLIB_8T.tt1p2v25c       0 
aoi21_2x           3   22.042     13.983    5840.122 MITLL90_STDLIB_8T.tt1p2v25c       0 
aoi21_4x           1   13.645      9.354    4471.128 MITLL90_STDLIB_8T.tt1p2v25c       0 
aoi22_1x          38  199.424     70.283   33060.936 MITLL90_STDLIB_8T.tt1p2v25c       0 
aoi22_2x           7   73.472     34.216   14519.358 MITLL90_STDLIB_8T.tt1p2v25c       0 
buf_1x            30   94.464     83.674   32427.752 MITLL90_STDLIB_8T.tt1p2v25c       0 
buf_2x             4   16.794     21.497    8922.503 MITLL90_STDLIB_8T.tt1p2v25c       0 
dffrq_1x          10  167.936     69.352   81728.669 MITLL90_STDLIB_8T.tt1p2v25c       0 
inv_1x           131  274.995    233.292   40687.356 MITLL90_STDLIB_8T.tt1p2v25c       0 
inv_2x            12   37.786     43.586    7936.267 MITLL90_STDLIB_8T.tt1p2v25c       0 
inv_4x             4   20.992     28.711    6592.095 MITLL90_STDLIB_8T.tt1p2v25c       0 
mux2_1x            6   44.083     22.491    8186.216 MITLL90_STDLIB_8T.tt1p2v25c       0 
muxi2_1x           4   25.190      8.614    2899.380 MITLL90_STDLIB_8T.tt1p2v25c       0 
nand2_1x          68  214.118     78.762   19583.553 MITLL90_STDLIB_8T.tt1p2v25c       0 
nand2_2x          16   83.968     41.579   10046.364 MITLL90_STDLIB_8T.tt1p2v25c       0 
nand2_4x           2   18.893     10.324    1207.965 MITLL90_STDLIB_8T.tt1p2v25c       0 
nand3_1x          23   96.563     21.045    8194.122 MITLL90_STDLIB_8T.tt1p2v25c       0 
nand3_2x           4   33.587     15.649    4618.723 MITLL90_STDLIB_8T.tt1p2v25c       0 
nor2_1x           46  144.845     60.569   18288.559 MITLL90_STDLIB_8T.tt1p2v25c       0 
nor2_2x            5   26.240     11.986    2236.220 MITLL90_STDLIB_8T.tt1p2v25c       0 
nor2_4x            1    9.446      5.605    3484.863 MITLL90_STDLIB_8T.tt1p2v25c       0 
nor3_1x           21   88.166     17.051    6488.719 MITLL90_STDLIB_8T.tt1p2v25c       0 
nor3_2x            1    8.397      3.355      35.757 MITLL90_STDLIB_8T.tt1p2v25c       0 
oa21_1x           10   52.480     39.386   10798.928 MITLL90_STDLIB_8T.tt1p2v25c       0 
oa21_2x            1    6.298      5.606    3289.767 MITLL90_STDLIB_8T.tt1p2v25c       0 
oa22_1x            2   14.694      7.309    5073.630 MITLL90_STDLIB_8T.tt1p2v25c       0 
oa22_2x            1    8.397      5.649    2644.556 MITLL90_STDLIB_8T.tt1p2v25c       0 
oai21_1x          51  214.118    143.798   51373.037 MITLL90_STDLIB_8T.tt1p2v25c       0 
oai21_2x           7   51.430     30.064    9880.942 MITLL90_STDLIB_8T.tt1p2v25c       0 
oai21_4x           2   27.290     19.072    6441.430 MITLL90_STDLIB_8T.tt1p2v25c       0 
oai22_1x          22  115.456     53.643   16982.221 MITLL90_STDLIB_8T.tt1p2v25c       0 
oai22_4x           1   18.893      8.904    5619.052 MITLL90_STDLIB_8T.tt1p2v25c       0 
or2_1x            12   50.381     30.178   13729.124 MITLL90_STDLIB_8T.tt1p2v25c       0 
sdffrq_1x         20  419.840    162.504  186163.216 MITLL90_STDLIB_8T.tt1p2v25c       0 
xnor2_1x          26  191.027     93.240   34834.836 MITLL90_STDLIB_8T.tt1p2v25c       0 
xnor2_2x           3   31.488     15.964    6513.371 MITLL90_STDLIB_8T.tt1p2v25c       0 
xnor2_4x           2   33.587     20.472    5368.470 MITLL90_STDLIB_8T.tt1p2v25c       0 
xor2_1x            6   44.083     23.025   15578.056 MITLL90_STDLIB_8T.tt1p2v25c       0 
xor2_2x            5   52.480     28.316   16499.357 MITLL90_STDLIB_8T.tt1p2v25c       0 
-----------------------------------------------------------------------------------------
total            709 3608.525   1950.814  842298.008                                     
                                           Leakage  Leakage  Internal  Internal 
     Type      Instances   Area   Area % Power (nW) Power % Power (nW)  Power % 
--------------------------------------------------------------------------------
sequential            30  587.776   16.3    231.856    11.9 267891.885     31.8 
inverter             147  333.773    9.2    305.590    15.7  55215.718      6.6 
buffer                34  111.258    3.1    105.170     5.4  41350.256      4.9 
logic                498 2575.718   71.4   1308.198    67.1 477840.150     56.7 
physical_cells         0    0.000    0.0      0.000     0.0      0.000      0.0 
--------------------------------------------------------------------------------
total                709 3608.525  100.0   1950.814   100.0 842298.008    100.0 
