============================================================
  Generated by:           Genus(TM) Synthesis Solution 25.11-s095_1
  Generated on:           Feb 01 2026  01:55:44 am
  Module:                 add_bf16
  Operating conditions:   PVT_1P2V_25C 
  Interconnect mode:      global
  Area mode:              physical library
============================================================


Path 1: MET (10 ps) Late External Delay Assertion at pin bf_out[14]
           View: view_1p2_25
          Group: clock1
     Startpoint: (R) signs_differ_l_reg/CLK
          Clock: (R) clock1
       Endpoint: (F) bf_out[14]
          Clock: (R) clock1

                     Capture       Launch     
        Clock Edge:+    2000            0     
       Src Latency:+       0            0     
       Net Latency:+       0 (I)        0 (I) 
           Arrival:=    2000            0     
                                              
      Output Delay:-       1                  
       Uncertainty:-       0                  
     Required Time:=    1999                  
      Launch Clock:-       0                  
         Data Path:-    1989                  
             Slack:=      10                  

Exceptions/Constraints:
  output_delay              1              add_bf16.sdc_line_21_32_1   

Launch clock path:
#-----------------------------------------------------------------------------------------------
#     Timing Point       Flags   Arc   Edge   Cell     Fanout Load Trans Delay Arrival Instance 
#                                                             (fF)  (ps)  (ps)   (ps)  Location 
#-----------------------------------------------------------------------------------------------
  clk                    (i)     -     R     (arrival)     30  0.0     1     0       0    (-,-) 
  clk                    -       -     -     (net)          -    -     -     -       -    (-,-) 
  clk                    -       -     -     (net)          -    -     -     -       -    (-,-) 
  signs_differ_l_reg/CLK <<<     -     R     dffrq_1x      30    -     1     0       0    (-,-) 
#-----------------------------------------------------------------------------------------------

#------------------------------------------------------------------------------------------------
#     Timing Point       Flags    Arc   Edge   Cell     Fanout Load Trans Delay Arrival Instance 
#                                                              (fF)  (ps)  (ps)   (ps)  Location 
#------------------------------------------------------------------------------------------------
  signs_differ_l_reg/CLK -       -      R     (arrival)     30    -     1     0       0    (-,-) 
  signs_differ_l_reg/Q   -       CLK->Q R     dffrq_1x       2 11.8    71   195     195    (-,-) 
  signs_differ_l         -       -      -     (net)          -    -     -     -       -    (-,-) 
  g23870/X               -       A->X   F     inv_2x         2 11.6    33    38     233    (-,-) 
  n_63                   -       -      -     (net)          -    -     -     -       -    (-,-) 
  g23869/X               -       A->X   R     inv_2x         2  9.0    28    29     262    (-,-) 
  n_81                   -       -      -     (net)          -    -     -     -       -    (-,-) 
  g23868/X               -       A->X   F     inv_1x         2 11.2    37    39     301    (-,-) 
  n_417                  -       -      -     (net)          -    -     -     -       -    (-,-) 
  g23495__6131/X         -       A0->X  R     aoi22_2x       3  8.5    74    58     359    (-,-) 
  n_438                  -       -      -     (net)          -    -     -     -       -    (-,-) 
  g23484__2398/X         -       A->X   F     nor2_1x        1  6.1    57    62     421    (-,-) 
  n_440                  -       -      -     (net)          -    -     -     -       -    (-,-) 
  g23459__6161/X         -       B->X   R     oai21_2x       1  6.1    67    53     474    (-,-) 
  n_452                  -       -      -     (net)          -    -     -     -       -    (-,-) 
  g23455/X               -       A->X   F     inv_2x         2  9.4    30    34     507    (-,-) 
  n_454                  -       -      -     (net)          -    -     -     -       -    (-,-) 
  g23451__1881/X         -       A->X   R     oai21_2x       2  6.0    68    43     550    (-,-) 
  n_459                  -       -      -     (net)          -    -     -     -       -    (-,-) 
  g23441__5122/X         -       A->X   R     ao21_2x        2 11.5    38    79     630    (-,-) 
  n_467                  -       -      -     (net)          -    -     -     -       -    (-,-) 
  g23437__5526/X         -       A->X   F     aoi21_2x       2  9.4    53    39     669    (-,-) 
  n_471                  -       -      -     (net)          -    -     -     -       -    (-,-) 
  g23428__7410/X         -       A->X   R     oai21_2x       2  9.4    84    59     728    (-,-) 
  n_476                  -       -      -     (net)          -    -     -     -       -    (-,-) 
  g23407/X               -       A->X   F     inv_2x         2  8.8    34    35     763    (-,-) 
  n_480                  -       -      -     (net)          -    -     -     -       -    (-,-) 
  g23404__7482/X         -       A->X   R     xnor2_1x       2  6.9    91    74     837    (-,-) 
  n_490                  -       -      -     (net)          -    -     -     -       -    (-,-) 
  g23403/X               -       A->X   R     buf_2x         2 16.6    46    77     914    (-,-) 
  n_495                  -       -      -     (net)          -    -     -     -       -    (-,-) 
  g23402/X               -       A->X   F     inv_2x         1 11.0    26    31     945    (-,-) 
  n_496                  -       -      -     (net)          -    -     -     -       -    (-,-) 
  g23398__5477/X         -       A0->X  R     oai22_4x       4 27.9   116    72    1017    (-,-) 
  n_513                  -       -      -     (net)          -    -     -     -       -    (-,-) 
  g23395__2346/X         -       A->X   F     nor2_4x        4 14.0    65    58    1075    (-,-) 
  n_519                  -       -      -     (net)          -    -     -     -       -    (-,-) 
  g23387__7098/X         -       A->X   R     nand2_1x       2  8.4    72    66    1141    (-,-) 
  n_534                  -       -      -     (net)          -    -     -     -       -    (-,-) 
  g23358__2346/X         -       A->X   R     xnor2_1x       3 11.3   132    98    1239    (-,-) 
  n_579                  -       -      -     (net)          -    -     -     -       -    (-,-) 
  g23336__8428/X         -       A->X   F     nand2_2x       3 12.2    62    61    1300    (-,-) 
  n_582                  -       -      -     (net)          -    -     -     -       -    (-,-) 
  g23322__7482/X         -       A->X   R     aoi21_2x       2  6.8    62    53    1353    (-,-) 
  n_592                  -       -      -     (net)          -    -     -     -       -    (-,-) 
  g23313/X               -       A->X   F     inv_1x         1  6.2    32    38    1390    (-,-) 
  n_593                  -       -      -     (net)          -    -     -     -       -    (-,-) 
  g23308__1617/X         -       A->X   R     oai21_2x       3 11.2    90    59    1450    (-,-) 
  n_608                  -       -      -     (net)          -    -     -     -       -    (-,-) 
  g23303__4319/X         -       A->X   F     nand2_2x       3  9.7    46    48    1498    (-,-) 
  n_612                  -       -      -     (net)          -    -     -     -       -    (-,-) 
  g23293__7410/X         -       A->X   R     nor2_1x        2  8.9   102    80    1577    (-,-) 
  n_621                  -       -      -     (net)          -    -     -     -       -    (-,-) 
  g23280__5122/S         -       A->S   F     addh_1x        2  6.7    39   123    1700    (-,-) 
  n_635                  -       -      -     (net)          -    -     -     -       -    (-,-) 
  g23279/X               -       A->X   R     inv_1x         1  5.9    36    35    1735    (-,-) 
  n_636                  -       -      -     (net)          -    -     -     -       -    (-,-) 
  g23272__2398/X         -       A1->X  F     aoi22_2x       3  9.3    71    45    1780    (-,-) 
  n_664                  -       -      -     (net)          -    -     -     -       -    (-,-) 
  g23266__5115/X         -       A->X   R     nor2_1x        2  6.2    78    69    1850    (-,-) 
  n_674                  -       -      -     (net)          -    -     -     -       -    (-,-) 
  g23258__2802/X         -       A->X   F     nor2_1x        1  3.7    73    52    1902    (-,-) 
  n_675                  -       -      -     (net)          -    -     -     -       -    (-,-) 
  g23246__6260/X         -       A->X   R     oai21_1x       1  3.2    60    56    1958    (-,-) 
  n_686                  -       -      -     (net)          -    -     -     -       -    (-,-) 
  g23242__2398/X         -       A->X   F     nand3_1x       1  0.9    36    32    1989    (-,-) 
  bf_out[14]             -       -      -     (net)          -    -     -     -       -    (-,-) 
  bf_out[14]             <<<     -      F     (port)         -    -     -     0    1989    (-,-) 
#------------------------------------------------------------------------------------------------


