============================================================
  Generated by:           Genus(TM) Synthesis Solution 25.11-s095_1
  Generated on:           Feb 01 2026  01:58:58 am
  Operating conditions:   PVT_1P2V_25C 
  Interconnect mode:      global
  Area mode:              physical library
============================================================

                                Leakage    Internal                              Library 
   Gate    Instances   Area   Power (nW)  Power (nW)           Library            Domain 
-----------------------------------------------------------------------------------------
addf_1x            2   35.686     17.678   15831.639 MITLL90_STDLIB_8T.tt1p2v25c       0 
addh_1x           10  104.960     71.872   22100.143 MITLL90_STDLIB_8T.tt1p2v25c       0 
and2_1x           21   88.166     72.188   19867.280 MITLL90_STDLIB_8T.tt1p2v25c       0 
and2_2x            1    5.248      4.913     319.721 MITLL90_STDLIB_8T.tt1p2v25c       0 
and3_1x           11   69.274     37.967    9249.342 MITLL90_STDLIB_8T.tt1p2v25c       0 
and3_2x            1    7.347      5.019      60.438 MITLL90_STDLIB_8T.tt1p2v25c       0 
ao21_1x           16   83.968     64.431   34972.588 MITLL90_STDLIB_8T.tt1p2v25c       0 
ao21_2x            1    6.298      6.087    4150.152 MITLL90_STDLIB_8T.tt1p2v25c       0 
ao22_1x            8   58.778     30.402    7712.440 MITLL90_STDLIB_8T.tt1p2v25c       0 
aoi21_1x          32  134.349     60.787   27138.358 MITLL90_STDLIB_8T.tt1p2v25c       0 
aoi21_2x           3   22.042     13.531    5802.766 MITLL90_STDLIB_8T.tt1p2v25c       0 
aoi22_1x          40  209.920     75.331   35508.761 MITLL90_STDLIB_8T.tt1p2v25c       0 
aoi22_2x           5   52.480     23.867    9792.503 MITLL90_STDLIB_8T.tt1p2v25c       0 
buf_1x             6   18.893     16.811    8053.015 MITLL90_STDLIB_8T.tt1p2v25c       0 
buf_2x             1    4.198      5.292    3600.920 MITLL90_STDLIB_8T.tt1p2v25c       0 
dffrq_1x          10  167.936     69.352   81724.053 MITLL90_STDLIB_8T.tt1p2v25c       0 
inv_1x           102  214.118    181.148   33596.223 MITLL90_STDLIB_8T.tt1p2v25c       0 
inv_2x            10   31.488     36.407    4955.101 MITLL90_STDLIB_8T.tt1p2v25c       0 
inv_4x             3   15.744     21.970    3750.233 MITLL90_STDLIB_8T.tt1p2v25c       0 
mux2_1x            6   44.083     22.491    8585.552 MITLL90_STDLIB_8T.tt1p2v25c       0 
muxi2_1x           5   31.488     11.054    4110.876 MITLL90_STDLIB_8T.tt1p2v25c       0 
nand2_1x          69  217.267     81.410   21447.706 MITLL90_STDLIB_8T.tt1p2v25c       0 
nand2_2x          15   78.720     37.647    7331.412 MITLL90_STDLIB_8T.tt1p2v25c       0 
nand2_4x           1    9.446      5.162     604.681 MITLL90_STDLIB_8T.tt1p2v25c       0 
nand3_1x          24  100.762     21.572    8287.710 MITLL90_STDLIB_8T.tt1p2v25c       0 
nand3_2x           4   33.587     15.597    4660.318 MITLL90_STDLIB_8T.tt1p2v25c       0 
nor2_1x           45  141.696     59.137   18181.299 MITLL90_STDLIB_8T.tt1p2v25c       0 
nor2_2x            6   31.488     14.793    3835.869 MITLL90_STDLIB_8T.tt1p2v25c       0 
nor3_1x           21   88.166     17.060    6462.194 MITLL90_STDLIB_8T.tt1p2v25c       0 
nor3_2x            1    8.397      3.355      35.757 MITLL90_STDLIB_8T.tt1p2v25c       0 
oa21_1x           10   52.480     39.383   10802.859 MITLL90_STDLIB_8T.tt1p2v25c       0 
oa21_2x            2   12.595     11.917    7367.805 MITLL90_STDLIB_8T.tt1p2v25c       0 
oa22_1x            3   22.042     11.271    6890.397 MITLL90_STDLIB_8T.tt1p2v25c       0 
oai21_1x          51  214.118    142.991   52072.619 MITLL90_STDLIB_8T.tt1p2v25c       0 
oai21_2x           6   44.083     25.489    8856.317 MITLL90_STDLIB_8T.tt1p2v25c       0 
oai21_4x           1   13.645     10.263    1784.025 MITLL90_STDLIB_8T.tt1p2v25c       0 
oai22_1x          22  115.456     53.656   17152.607 MITLL90_STDLIB_8T.tt1p2v25c       0 
or2_1x            13   54.579     32.317   13746.104 MITLL90_STDLIB_8T.tt1p2v25c       0 
sdffrq_1x         20  419.840    162.504  187609.991 MITLL90_STDLIB_8T.tt1p2v25c       0 
xnor2_1x          21  154.291     77.795   27513.335 MITLL90_STDLIB_8T.tt1p2v25c       0 
xnor2_2x           2   20.992     10.598    3614.663 MITLL90_STDLIB_8T.tt1p2v25c       0 
xnor2_4x           3   50.381     30.654   11095.194 MITLL90_STDLIB_8T.tt1p2v25c       0 
xor2_1x           10   73.472     38.397   25039.657 MITLL90_STDLIB_8T.tt1p2v25c       0 
xor2_2x            3   31.488     16.947   10016.480 MITLL90_STDLIB_8T.tt1p2v25c       0 
-----------------------------------------------------------------------------------------
total            647 3395.456   1768.509  795291.104                                     
                                           Leakage  Leakage  Internal  Internal 
     Type      Instances   Area   Area % Power (nW) Power % Power (nW)  Power % 
--------------------------------------------------------------------------------
sequential            30  587.776   17.3    231.856    13.1 269334.043     33.9 
inverter             115  261.350    7.7    239.526    13.5  42301.558      5.3 
buffer                 7   23.091    0.7     22.103     1.2  11653.935      1.5 
logic                495 2523.238   74.3   1275.024    72.1 472001.568     59.3 
physical_cells         0    0.000    0.0      0.000     0.0      0.000      0.0 
--------------------------------------------------------------------------------
total                647 3395.456  100.0   1768.509   100.0 795291.104    100.0 
