============================================================
  Generated by:           Genus(TM) Synthesis Solution 25.11-s095_1
  Generated on:           May 26 2026  02:08:48 pm
  Operating conditions:   typical 
  Interconnect mode:      global
  Area mode:              physical library
============================================================

                                 Leakage      Internal                          Library 
   Gate    Instances    Area    Power (nW)   Power (nW)          Library         Domain 
----------------------------------------------------------------------------------------
AND2_X1          610   649.040   15333.085    643298.659 NangateOpenCellLibrary       0 
AND2_X2           40    53.200    2111.577    145617.354 NangateOpenCellLibrary       0 
AND2_X4           24    57.456    2450.766    147672.437 NangateOpenCellLibrary       0 
AND3_X1           55    73.150    1547.951     65657.005 NangateOpenCellLibrary       0 
AND3_X2           16    25.536     920.846     46188.167 NangateOpenCellLibrary       0 
AND3_X4            6    17.556     655.214     15913.188 NangateOpenCellLibrary       0 
AND4_X1           26    41.496     799.938     19824.521 NangateOpenCellLibrary       0 
AND4_X2            4     7.448     282.923     17779.917 NangateOpenCellLibrary       0 
AND4_X4            2     6.916     277.988      9464.406 NangateOpenCellLibrary       0 
AOI211_X1         14    18.620     464.037     19964.060 NangateOpenCellLibrary       0 
AOI211_X2          2     4.788     114.851      6944.977 NangateOpenCellLibrary       0 
AOI211_X4          1     2.926     106.373     13870.437 NangateOpenCellLibrary       0 
AOI21_X1         501   533.064   12905.408    739449.109 NangateOpenCellLibrary       0 
AOI21_X2          61   113.582    3714.047    155081.410 NangateOpenCellLibrary       0 
AOI21_X4          19    65.702    2237.667    112973.302 NangateOpenCellLibrary       0 
AOI221_X1         62    98.952    2361.464    140853.914 NangateOpenCellLibrary       0 
AOI221_X2          3     8.778     259.091     10112.452 NangateOpenCellLibrary       0 
AOI222_X1         16    34.048     723.618     22489.856 NangateOpenCellLibrary       0 
AOI222_X2          1     3.724     105.062      5887.542 NangateOpenCellLibrary       0 
AOI22_X1         306   406.980    8388.864    375884.577 NangateOpenCellLibrary       0 
AOI22_X2          12    28.728     731.985     31579.291 NangateOpenCellLibrary       0 
AOI22_X4           2     9.044     300.123     10946.155 NangateOpenCellLibrary       0 
BUF_X1             3     2.394      67.440      3813.095 NangateOpenCellLibrary       0 
BUF_X2             3     3.192     116.434         0.000 NangateOpenCellLibrary       0 
BUF_X8             2     6.916     350.914     36110.179 NangateOpenCellLibrary       0 
CLKBUF_X1          5     3.990      58.101      7337.291 NangateOpenCellLibrary       0 
DFFR_X1         1631  8676.920  143364.484  16586296.748 NangateOpenCellLibrary       0 
DFFR_X2            8    46.816    1042.800     53442.787 NangateOpenCellLibrary       0 
DFFS_X1            1     5.320      87.552     13379.425 NangateOpenCellLibrary       0 
DFF_X1           146   660.212   11512.875   1596369.290 NangateOpenCellLibrary       0 
DFF_X2             1     5.054     115.029     18533.193 NangateOpenCellLibrary       0 
FA_X1            530  2255.680   31982.532   2893477.921 NangateOpenCellLibrary       0 
HA_X1            104   276.640    6248.611    390883.563 NangateOpenCellLibrary       0 
INV_X1          2615  1391.180   36488.301   1530400.883 NangateOpenCellLibrary       0 
INV_X16            8    36.176    1827.703    117363.846 NangateOpenCellLibrary       0 
INV_X2           162   129.276    4595.106    202162.299 NangateOpenCellLibrary       0 
INV_X4            35    46.550    2095.648     83248.783 NangateOpenCellLibrary       0 
INV_X8            12    28.728    1369.652     86768.876 NangateOpenCellLibrary       0 
MUX2_X1          545  1014.790   19736.915   1540558.497 NangateOpenCellLibrary       0 
MUX2_X2            9    21.546     626.111     57749.451 NangateOpenCellLibrary       0 
NAND2_X1        3057  2439.486   63389.160   2330336.175 NangateOpenCellLibrary       0 
NAND2_X2         277   368.410   12185.980    486782.174 NangateOpenCellLibrary       0 
NAND2_X4          64   153.216    5483.513    175910.582 NangateOpenCellLibrary       0 
NAND3_X1         195   207.480    5759.017    156770.949 NangateOpenCellLibrary       0 
NAND3_X2          19    35.378    1379.016     55197.259 NangateOpenCellLibrary       0 
NAND3_X4           4    13.832     299.144      6928.950 NangateOpenCellLibrary       0 
NAND4_X1          94   125.020    2156.776     48782.279 NangateOpenCellLibrary       0 
NAND4_X2           3     7.182     156.727      4264.064 NangateOpenCellLibrary       0 
NAND4_X4           3    14.364     118.705         0.000 NangateOpenCellLibrary       0 
NOR2_X1         1561  1245.678   34720.679    987174.570 NangateOpenCellLibrary       0 
NOR2_X2          184   244.720    7808.421    296852.653 NangateOpenCellLibrary       0 
NOR2_X4           50   119.700    4455.188    112626.016 NangateOpenCellLibrary       0 
NOR3_X1          131   139.384    3773.266     85417.071 NangateOpenCellLibrary       0 
NOR3_X2           11    20.482     616.991     24474.629 NangateOpenCellLibrary       0 
NOR3_X4            1     3.724     162.206         0.000 NangateOpenCellLibrary       0 
NOR4_X1           82   109.060    2800.628     30013.656 NangateOpenCellLibrary       0 
NOR4_X2            1     2.394      74.531      2824.611 NangateOpenCellLibrary       0 
OAI211_X1        114   151.620    4145.429    133005.599 NangateOpenCellLibrary       0 
OAI211_X2          5    11.970     274.701     21966.130 NangateOpenCellLibrary       0 
OAI21_X1         791   841.624   22323.200    976004.403 NangateOpenCellLibrary       0 
OAI21_X2         117   217.854    6476.261    292470.591 NangateOpenCellLibrary       0 
OAI21_X4          17    58.786    1998.854    118332.272 NangateOpenCellLibrary       0 
OAI221_X1         58    92.568    2879.663    106563.882 NangateOpenCellLibrary       0 
OAI221_X2          1     2.926      74.253      5518.707 NangateOpenCellLibrary       0 
OAI222_X1         51   108.528    2873.564    112106.168 NangateOpenCellLibrary       0 
OAI222_X2          2     7.448     182.820      9071.433 NangateOpenCellLibrary       0 
OAI222_X4          1     3.724     132.404      6007.149 NangateOpenCellLibrary       0 
OAI22_X1         462   614.460   19693.991    559273.811 NangateOpenCellLibrary       0 
OAI22_X2          23    55.062    1697.279     79952.431 NangateOpenCellLibrary       0 
OAI33_X1           1     1.862      49.993       692.123 NangateOpenCellLibrary       0 
OR2_X1           640   680.960   14700.697    934876.923 NangateOpenCellLibrary       0 
OR2_X2            22    29.260    1016.551     69921.392 NangateOpenCellLibrary       0 
OR2_X4             2     4.788     185.843     17283.621 NangateOpenCellLibrary       0 
OR3_X1            25    33.250     668.798     24484.617 NangateOpenCellLibrary       0 
OR3_X2             3     4.788     164.280      8977.536 NangateOpenCellLibrary       0 
OR4_X1            77   122.892    2109.814     28316.421 NangateOpenCellLibrary       0 
SDFFR_X1          67   445.550    7175.269   1011958.413 NangateOpenCellLibrary       0 
SDFF_X1            1     6.118      98.784     13832.409 NangateOpenCellLibrary       0 
XNOR2_X1         814  1299.144   32366.721   1749221.457 NangateOpenCellLibrary       0 
XNOR2_X2         110   292.600    8142.848    616786.972 NangateOpenCellLibrary       0 
XOR2_X1          276   440.496   10088.243    684329.154 NangateOpenCellLibrary       0 
XOR2_X2           10    23.940     696.112     60907.386 NangateOpenCellLibrary       0 
----------------------------------------------------------------------------------------
total          17030 27673.842  604035.402  40421565.507                                
                                            Leakage  Leakage   Internal   Internal 
     Type      Instances    Area   Area % Power (nW) Power %  Power (nW)   Power % 
-----------------------------------------------------------------------------------
sequential          1855  9845.990   35.6 163396.791    27.1 19293812.266     47.7 
inverter            2832  1631.910    5.9  46376.410     7.7  2019944.687      5.0 
buffer                13    16.492    0.1    592.888     0.1    47260.566      0.1 
logic              12330 16179.450   58.5 393669.312    65.2 19060547.988     47.2 
physical_cells         0     0.000    0.0      0.000     0.0        0.000      0.0 
-----------------------------------------------------------------------------------
total              17030 27673.842  100.0 604035.402   100.0 40421565.507    100.0 
