============================================================
  Generated by:           Genus(TM) Synthesis Solution 25.11-s095_1
  Generated on:           Mar 10 2026  03:26:53 pm
  Operating conditions:   typical 
  Interconnect mode:      global
  Area mode:              physical library
============================================================

                               Leakage    Internal                         Library 
   Gate    Instances   Area  Power (nW)  Power (nW)         Library         Domain 
-----------------------------------------------------------------------------------
AND2_X1           11  11.704    275.513    5201.174 NangateOpenCellLibrary       0 
AND2_X2            1   1.330     52.926    2967.392 NangateOpenCellLibrary       0 
AND2_X4            2   4.788    201.413    2633.043 NangateOpenCellLibrary       0 
AND3_X1            2   2.660     45.594      34.482 NangateOpenCellLibrary       0 
AND3_X2            1   1.596     75.859     847.649 NangateOpenCellLibrary       0 
AND4_X1            3   4.788     81.582    1814.422 NangateOpenCellLibrary       0 
AOI211_X1          1   1.330     32.046     645.091 NangateOpenCellLibrary       0 
AOI21_X1          26  27.664    699.554   14017.173 NangateOpenCellLibrary       0 
AOI21_X2           3   5.586    154.092    3569.842 NangateOpenCellLibrary       0 
AOI22_X1           8  10.640    253.010    8130.689 NangateOpenCellLibrary       0 
DFFR_X1           25 133.000   2203.853  209820.464 NangateOpenCellLibrary       0 
FA_X1              7  29.792    510.911   20156.801 NangateOpenCellLibrary       0 
HA_X1             17  45.220   1033.115   18863.142 NangateOpenCellLibrary       0 
INV_X1           103  54.796   1510.961   32820.224 NangateOpenCellLibrary       0 
INV_X2            10   7.980    317.598    4277.280 NangateOpenCellLibrary       0 
INV_X4             1   1.330     65.915     494.874 NangateOpenCellLibrary       0 
MUX2_X1            1   1.862     35.147     568.423 NangateOpenCellLibrary       0 
NAND2_X1          77  61.446   1523.303   25099.903 NangateOpenCellLibrary       0 
NAND2_X2          21  27.930    722.222   10100.953 NangateOpenCellLibrary       0 
NAND2_X4           6  14.364    417.439    4638.364 NangateOpenCellLibrary       0 
NAND3_X1           5   5.320     49.966     657.800 NangateOpenCellLibrary       0 
NAND4_X1           5   6.650     77.331     779.382 NangateOpenCellLibrary       0 
NOR2_X1           35  27.930    733.720    8631.257 NangateOpenCellLibrary       0 
NOR2_X2            5   6.650    207.378    2492.564 NangateOpenCellLibrary       0 
NOR2_X4            1   2.394     90.703     579.897 NangateOpenCellLibrary       0 
NOR4_X1            7   9.310    239.259    1142.212 NangateOpenCellLibrary       0 
OAI211_X1          2   2.660    112.080    1601.389 NangateOpenCellLibrary       0 
OAI21_X1          20  21.280    640.711   14858.240 NangateOpenCellLibrary       0 
OAI21_X2           2   3.724    129.224    1503.618 NangateOpenCellLibrary       0 
OAI22_X1          14  18.620    493.874   17949.028 NangateOpenCellLibrary       0 
OAI22_X2           1   2.394     78.022    3004.604 NangateOpenCellLibrary       0 
OR2_X1            10  10.640    239.183    3520.836 NangateOpenCellLibrary       0 
OR3_X1             1   1.330     24.415     293.464 NangateOpenCellLibrary       0 
OR4_X1             1   1.596     26.733     218.270 NangateOpenCellLibrary       0 
XNOR2_X1          33  52.668   1201.574   41208.195 NangateOpenCellLibrary       0 
XNOR2_X2          11  29.260    814.185   21101.416 NangateOpenCellLibrary       0 
XOR2_X1           11  17.556    389.810   17135.435 NangateOpenCellLibrary       0 
-----------------------------------------------------------------------------------
total            490 669.788  15760.225  503378.990                                
                                          Leakage  Leakage  Internal  Internal 
     Type      Instances   Area  Area % Power (nW) Power % Power (nW)  Power % 
-------------------------------------------------------------------------------
sequential            25 133.000   19.9   2203.853    14.0 209820.464     41.7 
inverter             114  64.106    9.6   1894.473    12.0  37592.377      7.5 
logic                351 472.682   70.6  11661.899    74.0 255966.149     50.8 
physical_cells         0   0.000    0.0      0.000     0.0      0.000      0.0 
-------------------------------------------------------------------------------
total                490 669.788  100.0  15760.225   100.0 503378.990    100.0 
