============================================================
  Generated by:           Genus(TM) Synthesis Solution 25.11-s095_1
  Generated on:           Mar 10 2026  01:20:08 pm
  Module:                 mul_bf
  Operating conditions:   typical 
  Interconnect mode:      global
  Area mode:              physical library
============================================================


Path 1: MET (21 ps) Setup Check with Pin result_reg[14]/CK->D
           View: view_1p2_25
          Group: clock1
     Startpoint: (R) b[2]
          Clock: (R) clock1
       Endpoint: (F) result_reg[14]/D
          Clock: (R) clock1

                     Capture       Launch     
        Clock Edge:+    1149            0     
        Drv Adjust:+       0            0     
       Src Latency:+       0            0     
       Net Latency:+       0 (I)        0 (I) 
           Arrival:=    1149            0     
                                              
             Setup:-      40                  
       Uncertainty:-       0                  
     Required Time:=    1110                  
      Launch Clock:-       0                  
       Input Delay:-       1                  
         Data Path:-    1088                  
             Slack:=      21                  

Exceptions/Constraints:
  input_delay              1              mul_bf.sdc_line_20_31_1   

#------------------------------------------------------------------------------------------
#  Timing Point    Flags    Arc   Edge   Cell     Fanout Load Trans Delay Arrival Instance 
#                                                        (fF)  (ps)  (ps)   (ps)  Location 
#------------------------------------------------------------------------------------------
  b[2]             -       -      R     (arrival)      9 24.6     0     0       1    (-,-) 
  b[2]             -       -      -     (net)          -    -     -     -       -    (-,-) 
  g19010__3680/ZN  -       A2->ZN F     NAND2_X2       3  6.0     9    13      14    (-,-) 
  n_55             -       -      -     (net)          -    -     -     -       -    (-,-) 
  g18927__1617/ZN  -       B->ZN  F     XNOR2_X1       1  2.4    11    40      54    (-,-) 
  n_86             -       -      -     (net)          -    -     -     -       -    (-,-) 
  g18830__6783/ZN  -       A->ZN  F     XNOR2_X1       2  4.1    14    44      98    (-,-) 
  n_193            -       -      -     (net)          -    -     -     -       -    (-,-) 
  g18746__5526/ZN  -       A->ZN  F     XNOR2_X1       1  2.4    13    41     139    (-,-) 
  n_249            -       -      -     (net)          -    -     -     -       -    (-,-) 
  g18712__7482/ZN  -       A->ZN  F     XNOR2_X1       3  5.4    16    47     186    (-,-) 
  n_339            -       -      -     (net)          -    -     -     -       -    (-,-) 
  g18681__1666/ZN  -       A1->ZN F     OR2_X1         3  5.2    13    55     241    (-,-) 
  n_376            -       -      -     (net)          -    -     -     -       -    (-,-) 
  g18650__3680/ZN  -       A->ZN  F     XNOR2_X1       2  4.2    16    45     286    (-,-) 
  n_414            -       -      -     (net)          -    -     -     -       -    (-,-) 
  g18639__6417/ZN  -       A1->ZN R     NAND2_X1       2  3.8    14    24     310    (-,-) 
  n_416            -       -      -     (net)          -    -     -     -       -    (-,-) 
  g18619__3680/ZN  -       B1->ZN F     AOI21_X1       2  2.7    12    18     327    (-,-) 
  n_440            -       -      -     (net)          -    -     -     -       -    (-,-) 
  g18608__5477/ZN  -       B1->ZN R     OAI21_X1       2  4.9    33    44     372    (-,-) 
  n_459            -       -      -     (net)          -    -     -     -       -    (-,-) 
  g18606__1666/ZN  -       A1->ZN F     NAND3_X1       1  1.8    15    24     396    (-,-) 
  n_460            -       -      -     (net)          -    -     -     -       -    (-,-) 
  g18605__2346/ZN  -       A1->ZN R     NAND2_X1       2  3.9    14    23     419    (-,-) 
  n_461            -       -      -     (net)          -    -     -     -       -    (-,-) 
  g18602__9945/ZN  -       A1->ZN F     OAI22_X1       2  5.4    18    26     445    (-,-) 
  n_464            -       -      -     (net)          -    -     -     -       -    (-,-) 
  g18599__4733/ZN  -       B1->ZN R     OAI21_X2       3  6.3    25    38     483    (-,-) 
  n_466            -       -      -     (net)          -    -     -     -       -    (-,-) 
  g18595__1881/ZN  -       C1->ZN F     AOI211_X1      1  1.7    14    19     502    (-,-) 
  n_467            -       -      -     (net)          -    -     -     -       -    (-,-) 
  g18593__5122/ZN  -       A1->ZN R     NOR2_X1        2  4.3    28    39     541    (-,-) 
  n_470            -       -      -     (net)          -    -     -     -       -    (-,-) 
  g18591__1705/ZN  -       A1->ZN F     NAND2_X1       5  7.9    20    33     574    (-,-) 
  n_507            -       -      -     (net)          -    -     -     -       -    (-,-) 
  g18587__6783/ZN  -       A1->ZN F     OR2_X1         2  2.9    10    52     626    (-,-) 
  n_474            -       -      -     (net)          -    -     -     -       -    (-,-) 
  g18584__6260/ZN  -       A1->ZN F     AND2_X1        1  2.4     7    31     656    (-,-) 
  n_477            -       -      -     (net)          -    -     -     -       -    (-,-) 
  g18578__5477/ZN  -       A->ZN  F     XNOR2_X1       3  4.6    18    42     699    (-,-) 
  n_492            -       -      -     (net)          -    -     -     -       -    (-,-) 
  g18576__2883/ZN  -       A1->ZN R     NOR2_X1        1  2.0    17    29     728    (-,-) 
  n_484            -       -      -     (net)          -    -     -     -       -    (-,-) 
  g18569__4733/ZN  -       A2->ZN F     NAND2_X1       1  1.1    10    14     742    (-,-) 
  n_488            -       -      -     (net)          -    -     -     -       -    (-,-) 
  g18566__1881/ZN  -       A1->ZN F     OR2_X1         1  1.1     8    43     785    (-,-) 
  n_489            -       -      -     (net)          -    -     -     -       -    (-,-) 
  g18559__1705/ZN  -       A1->ZN F     OR3_X1         1  1.1    12    63     848    (-,-) 
  n_497            -       -      -     (net)          -    -     -     -       -    (-,-) 
  g18555__6783/ZN  -       A1->ZN F     OR2_X1         1  1.2     9    45     892    (-,-) 
  n_504            -       -      -     (net)          -    -     -     -       -    (-,-) 
  g18551__4319/ZN  -       A2->ZN F     OR2_X1         3  4.0    12    55     947    (-,-) 
  n_511            -       -      -     (net)          -    -     -     -       -    (-,-) 
  g18548__2398/ZN  -       A2->ZN R     NAND3_X1      14 26.2    68    79    1026    (-,-) 
  n_545            -       -      -     (net)          -    -     -     -       -    (-,-) 
  g18546/ZN        -       A->ZN  F     INV_X1         1  1.9    15    10    1036    (-,-) 
  n_516            -       -      -     (net)          -    -     -     -       -    (-,-) 
  g18518__6260/ZN  -       B1->ZN R     AOI22_X1       1  2.0    26    45    1080    (-,-) 
  n_556            -       -      -     (net)          -    -     -     -       -    (-,-) 
  g18517/ZN        -       A->ZN  F     INV_X1         1  1.4     7     8    1089    (-,-) 
  n_559            -       -      -     (net)          -    -     -     -       -    (-,-) 
  result_reg[14]/D <<<     -      F     DFFR_X1        1    -     -     0    1089    (-,-) 
#------------------------------------------------------------------------------------------

Capture clock path:
#------------------------------------------------------------------------------------------
#   Timing Point    Flags   Arc   Edge   Cell     Fanout Load Trans Delay Arrival Instance 
#                                                        (fF)  (ps)  (ps)   (ps)  Location 
#------------------------------------------------------------------------------------------
  clk               (i)     -     R     (arrival)     25  0.0     0     0    1149    (-,-) 
  clk               -       -     -     (net)          -    -     -     -       -    (-,-) 
  clk               -       -     -     (net)          -    -     -     -       -    (-,-) 
  result_reg[14]/CK <<<     -     R     DFFR_X1       25    -     1     0    1149    (-,-) 
#------------------------------------------------------------------------------------------


