============================================================
  Generated by:           Genus(TM) Synthesis Solution 25.11-s095_1
  Generated on:           Mar 11 2026  03:02:50 am
  Module:                 sysarr_4_input_fp_adder
  Operating conditions:   typical 
  Interconnect mode:      global
  Area mode:              physical library
============================================================

Timing
--------

Analysis view  Clock Period 
----------------------------
view_1p2_25   clock1 1235.0 


  Analysis    Cost   Critical        Violating 
    View     Group  Path Slack  TNS    Paths   
-----------------------------------------------
view_1p2_25  clock1        0.1  0.0          0 
            default   No paths  0.0          0 
-----------------------------------------------
Total                          -0.0          0 
                                               

Instance Count
--------------
Leaf Instance Count             1932 
Physical Instance count            0 
Sequential Instance Count        136 
Combinational Instance Count    1796 
Hierarchical Instance Count        0 

Area
----
Cell Area                          3093.846
Physical Cell Area                 0.000
Total Cell Area (Cell+Physical)    3093.846
Net Area                           2803.792
Total Area (Cell+Physical+Net)     5897.638

Power
-----
Leakage Power                      67858.799 nW
Dynamic Power                      7473541.384 nW
Total Power                        7541400.183 nW

Max Fanout                         136 (clk)
Min Fanout                         0 (st1_carry_vec[24])
Average Fanout                     2.3
Terms to net ratio                 3.3180
Terms to instance ratio            3.7371
Runtime                            42.967875 seconds
Elapsed Runtime                    49 seconds
Genus peak memory usage            1696.64 
Innovus peak memory usage          no_value 
Hostname                           asicfab.ecn.purdue.edu
