============================================================
  Generated by:           Genus(TM) Synthesis Solution 25.11-s095_1
  Generated on:           Mar 10 2026  09:35:10 pm
  Operating conditions:   typical 
  Interconnect mode:      global
  Area mode:              physical library
============================================================

                                Leakage    Internal                          Library 
   Gate    Instances   Area   Power (nW)  Power (nW)          Library         Domain 
-------------------------------------------------------------------------------------
AND2_X1           59   62.776   1493.358    51365.827 NangateOpenCellLibrary       0 
AND2_X2            1    1.330     51.347       20.738 NangateOpenCellLibrary       0 
AND3_X1           10   13.300    265.658     5794.065 NangateOpenCellLibrary       0 
AND3_X2            2    3.192    109.628     1312.620 NangateOpenCellLibrary       0 
AND4_X1           14   22.344    389.476     9615.258 NangateOpenCellLibrary       0 
AOI211_X1         13   17.290    422.093    18664.057 NangateOpenCellLibrary       0 
AOI21_X1         125  133.000   3331.307   137648.312 NangateOpenCellLibrary       0 
AOI21_X2           1    1.862     50.764     1480.773 NangateOpenCellLibrary       0 
AOI221_X1         69  110.124   2909.226    64778.762 NangateOpenCellLibrary       0 
AOI222_X1         34   72.352   1464.211    26767.399 NangateOpenCellLibrary       0 
AOI22_X1         123  163.590   3846.007    94249.672 NangateOpenCellLibrary       0 
DFFR_X1           62  329.840   5453.441   338634.339 NangateOpenCellLibrary       0 
DFF_X1            32  144.704   2528.555   196504.424 NangateOpenCellLibrary       0 
FA_X1              4   17.024    331.190    12671.385 NangateOpenCellLibrary       0 
HA_X1              9   23.940    542.588    20432.366 NangateOpenCellLibrary       0 
INV_X1           280  148.960   4188.252   103447.966 NangateOpenCellLibrary       0 
INV_X2             5    3.990    135.571     3611.102 NangateOpenCellLibrary       0 
INV_X4             1    1.330     64.612     2304.671 NangateOpenCellLibrary       0 
INV_X8             2    4.788    229.653     3867.327 NangateOpenCellLibrary       0 
MUX2_X1           68  126.616   2448.823    99351.848 NangateOpenCellLibrary       0 
MUX2_X2            1    2.394     69.761     2416.975 NangateOpenCellLibrary       0 
NAND2_X1         253  201.894   4556.529   116993.742 NangateOpenCellLibrary       0 
NAND2_X2           3    3.990    118.002     3261.513 NangateOpenCellLibrary       0 
NAND2_X4           2    4.788    166.377     4777.929 NangateOpenCellLibrary       0 
NAND3_X1          47   50.008    973.169    26319.335 NangateOpenCellLibrary       0 
NAND3_X2           2    3.724    157.757     5039.356 NangateOpenCellLibrary       0 
NAND4_X1          31   41.230    791.327    16458.384 NangateOpenCellLibrary       0 
NOR2_X1          164  130.872   3502.281    81876.697 NangateOpenCellLibrary       0 
NOR2_X2           12   15.960    592.498     4886.354 NangateOpenCellLibrary       0 
NOR3_X1            8    8.512    205.674     5730.879 NangateOpenCellLibrary       0 
NOR3_X2            1    1.862     59.063       16.518 NangateOpenCellLibrary       0 
NOR4_X1           33   43.890   1176.082    18108.510 NangateOpenCellLibrary       0 
OAI211_X1         25   33.250    852.962    28314.315 NangateOpenCellLibrary       0 
OAI21_X1         110  117.040   3241.747   105863.293 NangateOpenCellLibrary       0 
OAI221_X1         50   79.800   2469.166    49249.618 NangateOpenCellLibrary       0 
OAI222_X1         34   72.352   2171.589    23437.482 NangateOpenCellLibrary       0 
OAI22_X1          80  106.400   2903.811    81243.503 NangateOpenCellLibrary       0 
OR2_X1            61   64.904   1427.665    62379.798 NangateOpenCellLibrary       0 
OR2_X2             1    1.330     52.053     1787.889 NangateOpenCellLibrary       0 
OR3_X1             6    7.980    142.174     5532.864 NangateOpenCellLibrary       0 
OR4_X1            12   19.152    344.702     2386.714 NangateOpenCellLibrary       0 
OR4_X2             1    1.862     55.060     1155.335 NangateOpenCellLibrary       0 
SDFFR_X1           6   39.900    642.268    32484.362 NangateOpenCellLibrary       0 
XNOR2_X1          61   97.356   2253.735    91989.028 NangateOpenCellLibrary       0 
XNOR2_X2           5   13.300    389.011    15470.705 NangateOpenCellLibrary       0 
XOR2_X1           34   54.264   1126.238    57383.950 NangateOpenCellLibrary       0 
XOR2_X2            3    7.182    199.033     8191.865 NangateOpenCellLibrary       0 
-------------------------------------------------------------------------------------
total           1960 2627.548  60895.494  2045279.823                                
                                           Leakage  Leakage   Internal  Internal 
     Type      Instances   Area   Area % Power (nW) Power %  Power (nW)  Power % 
---------------------------------------------------------------------------------
sequential           100  514.444   19.6   8624.265    14.2  567623.124     27.8 
inverter             288  159.068    6.1   4618.087     7.6  113231.066      5.5 
logic               1572 1954.036   74.4  47653.142    78.3 1364425.633     66.7 
physical_cells         0    0.000    0.0      0.000     0.0       0.000      0.0 
---------------------------------------------------------------------------------
total               1960 2627.548  100.0  60895.494   100.0 2045279.823    100.0 
