============================================================
  Generated by:           Genus(TM) Synthesis Solution 25.11-s095_1
  Generated on:           Mar 10 2026  11:51:04 am
  Operating conditions:   typical 
  Interconnect mode:      global
  Area mode:              physical library
============================================================

                               Leakage    Internal                         Library 
   Gate    Instances   Area  Power (nW)  Power (nW)         Library         Domain 
-----------------------------------------------------------------------------------
AND2_X1           18  19.152    468.720   15277.247 NangateOpenCellLibrary       0 
AND2_X2            1   1.330     50.353     909.600 NangateOpenCellLibrary       0 
AND3_X1            4   5.320     99.073    1567.534 NangateOpenCellLibrary       0 
AND4_X1            1   1.596     27.001    1003.420 NangateOpenCellLibrary       0 
AOI21_X1          18  19.152    549.036   12487.115 NangateOpenCellLibrary       0 
AOI21_X2           2   3.724    128.996    4814.347 NangateOpenCellLibrary       0 
AOI22_X1           7   9.310    243.458    5183.360 NangateOpenCellLibrary       0 
DFFR_X1           25 133.000   2202.261  306220.088 NangateOpenCellLibrary       0 
FA_X1              5  21.280    397.902   15394.423 NangateOpenCellLibrary       0 
HA_X1              9  23.940    552.073   11687.820 NangateOpenCellLibrary       0 
INV_X1            91  48.412   1348.496   28424.430 NangateOpenCellLibrary       0 
INV_X2             1   0.798     32.957     354.421 NangateOpenCellLibrary       0 
INV_X4             1   1.330     65.915     684.016 NangateOpenCellLibrary       0 
MUX2_X1            3   5.586    109.303    4951.795 NangateOpenCellLibrary       0 
NAND2_X1         122  97.356   2387.258   54890.668 NangateOpenCellLibrary       0 
NAND2_X2          12  15.960    398.631    6526.730 NangateOpenCellLibrary       0 
NAND2_X4           5  11.970    347.866    5336.032 NangateOpenCellLibrary       0 
NAND3_X1          13  13.832    230.242    6798.428 NangateOpenCellLibrary       0 
NAND4_X1           6   7.980    136.728    2863.155 NangateOpenCellLibrary       0 
NAND4_X2           1   2.394     36.254     487.328 NangateOpenCellLibrary       0 
NOR2_X1           46  36.708    984.961   19201.843 NangateOpenCellLibrary       0 
NOR2_X2            1   1.330     48.936     261.608 NangateOpenCellLibrary       0 
NOR3_X1            3   3.192     76.981     999.793 NangateOpenCellLibrary       0 
NOR4_X1            6   7.980    195.609    1312.529 NangateOpenCellLibrary       0 
OAI211_X1          4   5.320     93.260    4815.775 NangateOpenCellLibrary       0 
OAI21_X1          33  35.112    947.738   31777.668 NangateOpenCellLibrary       0 
OAI221_X1          1   1.596     51.737    2523.865 NangateOpenCellLibrary       0 
OAI22_X1          19  25.270    732.721   28082.629 NangateOpenCellLibrary       0 
OR2_X1            18  19.152    413.648   15408.396 NangateOpenCellLibrary       0 
OR2_X4             2   4.788    178.306   12710.896 NangateOpenCellLibrary       0 
OR3_X1             1   1.330     25.008     355.835 NangateOpenCellLibrary       0 
XNOR2_X1          73 116.508   2660.553  100399.934 NangateOpenCellLibrary       0 
XNOR2_X2           6  15.960    422.675   11684.647 NangateOpenCellLibrary       0 
XOR2_X1           12  19.152    425.527   25167.850 NangateOpenCellLibrary       0 
-----------------------------------------------------------------------------------
total            570 736.820  17070.184  740565.223                                
                                          Leakage  Leakage  Internal  Internal 
     Type      Instances   Area  Area % Power (nW) Power % Power (nW)  Power % 
-------------------------------------------------------------------------------
sequential            25 133.000   18.1   2202.261    12.9 306220.088     41.3 
inverter              93  50.540    6.9   1447.368     8.5  29462.867      4.0 
logic                452 553.280   75.1  13420.554    78.6 404882.269     54.7 
physical_cells         0   0.000    0.0      0.000     0.0      0.000      0.0 
-------------------------------------------------------------------------------
total                570 736.820  100.0  17070.184   100.0 740565.223    100.0 
