============================================================
  Generated by:           Genus(TM) Synthesis Solution 25.11-s095_1
  Generated on:           Mar 10 2026  11:05:48 pm
  Module:                 add_fp16
  Operating conditions:   typical 
  Interconnect mode:      global
  Area mode:              physical library
============================================================


Path 1: MET (0 ps) Setup Check with Pin fp_out_reg[0]/CK->D
           View: view_1p2_25
          Group: clock1
     Startpoint: (R) signs_differ_l_reg/CK
          Clock: (R) clock1
       Endpoint: (F) fp_out_reg[0]/D
          Clock: (R) clock1

                     Capture       Launch     
        Clock Edge:+    1408            0     
       Src Latency:+       0            0     
       Net Latency:+       0 (I)        0 (I) 
           Arrival:=    1408            0     
                                              
             Setup:-      43                  
       Uncertainty:-       0                  
     Required Time:=    1366                  
      Launch Clock:-       0                  
         Data Path:-    1366                  
             Slack:=       0                  

Launch clock path:
#----------------------------------------------------------------------------------------------
#     Timing Point      Flags   Arc   Edge   Cell     Fanout Load Trans Delay Arrival Instance 
#                                                            (fF)  (ps)  (ps)   (ps)  Location 
#----------------------------------------------------------------------------------------------
  clk                   (i)     -     R     (arrival)    100  0.0     0     0       0    (-,-) 
  clk                   -       -     -     (net)          -    -     -     -       -    (-,-) 
  clk                   -       -     -     (net)          -    -     -     -       -    (-,-) 
  signs_differ_l_reg/CK <<<     -     R     DFFR_X2      100    -     1     0       0    (-,-) 
#----------------------------------------------------------------------------------------------

#-------------------------------------------------------------------------------------------------------------
#            Timing Point             Flags    Arc   Edge   Cell     Fanout Load Trans Delay Arrival Instance 
#                                                                           (fF)  (ps)  (ps)   (ps)  Location 
#-------------------------------------------------------------------------------------------------------------
  signs_differ_l_reg/CK               -       -      R     (arrival)    100    -     1     0       0    (-,-) 
  signs_differ_l_reg/QN               -       CK->QN F     DFFR_X2        5 17.3    26   108     108    (-,-) 
  csa_tree_eq_266_33_spec2_groupi_n_0 -       -      -     (net)          -    -     -     -       -    (-,-) 
  g36629/ZN                           -       A->ZN  R     INV_X8        33 66.2    23    39     146    (-,-) 
  n_852                               -       -      -     (net)          -    -     -     -       -    (-,-) 
  g36537__8428/ZN                     -       A1->ZN F     NAND2_X1       1  2.4    11    18     164    (-,-) 
  n_902                               -       -      -     (net)          -    -     -     -       -    (-,-) 
  g36453__7482/ZN                     -       A->ZN  F     XNOR2_X1       3  3.7    13    42     207    (-,-) 
  n_981                               -       -      -     (net)          -    -     -     -       -    (-,-) 
  g41069/ZN                           -       A1->ZN F     OR2_X2         3  6.6    11    48     255    (-,-) 
  n_1953                              -       -      -     (net)          -    -     -     -       -    (-,-) 
  g36239__2398/ZN                     -       B2->ZN R     AOI21_X2       1  1.9    18    28     282    (-,-) 
  n_1121                              -       -      -     (net)          -    -     -     -       -    (-,-) 
  g36226__4733/ZN                     -       A1->ZN F     NAND2_X1       4  8.9    19    31     314    (-,-) 
  n_1138                              -       -      -     (net)          -    -     -     -       -    (-,-) 
  g36215__1617/ZN                     -       A1->ZN R     NAND2_X1       1  3.8    14    25     338    (-,-) 
  n_1146                              -       -      -     (net)          -    -     -     -       -    (-,-) 
  g36209__8428/ZN                     -       A2->ZN F     NAND2_X2       5 10.2    14    22     361    (-,-) 
  n_1153                              -       -      -     (net)          -    -     -     -       -    (-,-) 
  g36188__7098/ZN                     -       A1->ZN R     NAND3_X1       1  3.3    15    22     383    (-,-) 
  n_1169                              -       -      -     (net)          -    -     -     -       -    (-,-) 
  g36177__3680/ZN                     -       A1->ZN F     NAND3_X2       5  9.0    19    29     412    (-,-) 
  n_1180                              -       -      -     (net)          -    -     -     -       -    (-,-) 
  g36153__4733/ZN                     -       B1->ZN R     AOI21_X1       2  4.4    34    44     456    (-,-) 
  n_1197                              -       -      -     (net)          -    -     -     -       -    (-,-) 
  g41068/Z                            -       A->Z   R     XOR2_X1        6 10.9    64    98     554    (-,-) 
  n_1952                              -       -      -     (net)          -    -     -     -       -    (-,-) 
  g41076/ZN                           -       A3->ZN F     NAND4_X1       1  3.0    25    45     599    (-,-) 
  n_1960                              -       -      -     (net)          -    -     -     -       -    (-,-) 
  g36045__3680/ZN                     -       A1->ZN R     NOR2_X2        1  3.3    17    30     629    (-,-) 
  n_1234                              -       -      -     (net)          -    -     -     -       -    (-,-) 
  g36029__2883/ZN                     -       A1->ZN F     NAND3_X2       3  4.9    14    23     652    (-,-) 
  n_1252                              -       -      -     (net)          -    -     -     -       -    (-,-) 
  g36016__6131/ZN                     -       A1->ZN R     NOR2_X2        3  6.3    22    33     685    (-,-) 
  n_1269                              -       -      -     (net)          -    -     -     -       -    (-,-) 
  g35979__5122/ZN                     -       A1->ZN F     NAND2_X2       2  7.6    12    22     707    (-,-) 
  n_1308                              -       -      -     (net)          -    -     -     -       -    (-,-) 
  g35966__4319/ZN                     -       A1->ZN R     NOR2_X4        3  4.8    14    22     729    (-,-) 
  n_1330                              -       -      -     (net)          -    -     -     -       -    (-,-) 
  g35898__9945/ZN                     -       A1->ZN F     NAND2_X1       3  5.6    14    23     752    (-,-) 
  n_863                               -       -      -     (net)          -    -     -     -       -    (-,-) 
  g35856__5122/ZN                     -       A1->ZN R     NOR2_X2        2  5.3    20    30     782    (-,-) 
  n_1429                              -       -      -     (net)          -    -     -     -       -    (-,-) 
  g35824__5122/ZN                     -       A1->ZN F     NAND2_X2       3  9.2    13    23     805    (-,-) 
  n_1462                              -       -      -     (net)          -    -     -     -       -    (-,-) 
  g35787__5526/ZN                     -       B1->ZN R     OAI21_X4       2  8.1    20    30     835    (-,-) 
  n_1603                              -       -      -     (net)          -    -     -     -       -    (-,-) 
  g35776__2883/ZN                     -       A1->ZN F     NAND2_X4       7 22.3    15    25     860    (-,-) 
  n_1500                              -       -      -     (net)          -    -     -     -       -    (-,-) 
  g35772/ZN                           -       A->ZN  R     INV_X8        19 33.7    13    23     883    (-,-) 
  n_1499                              -       -      -     (net)          -    -     -     -       -    (-,-) 
  g35769__5115/ZN                     -       A1->ZN F     NAND2_X1       1  1.8    15    14     897    (-,-) 
  n_1503                              -       -      -     (net)          -    -     -     -       -    (-,-) 
  g35753__2398/ZN                     -       A1->ZN R     NAND2_X1       4  8.4    26    34     931    (-,-) 
  round_this[2]                       -       -      -     (net)          -    -     -     -       -    (-,-) 
  g35724__5107/ZN                     -       B1->ZN F     AOI21_X1       1  3.0    12    22     952    (-,-) 
  n_1525                              -       -      -     (net)          -    -     -     -       -    (-,-) 
  g35723__2398/ZN                     -       A1->ZN R     NOR2_X2        3  6.2    22    32     984    (-,-) 
  n_1574                              -       -      -     (net)          -    -     -     -       -    (-,-) 
  g40841/ZN                           -       A3->ZN R     AND3_X2        1  3.3    10    44    1028    (-,-) 
  n_2                                 -       -      -     (net)          -    -     -     -       -    (-,-) 
  g40584/ZN                           -       A1->ZN F     NAND3_X2       2  5.3    14    21    1050    (-,-) 
  n_237                               -       -      -     (net)          -    -     -     -       -    (-,-) 
  g40246__7482/ZN                     -       B1->ZN R     AOI21_X2       2  3.8    23    29    1079    (-,-) 
  n_526                               -       -      -     (net)          -    -     -     -       -    (-,-) 
  g40169__9945/ZN                     -       A1->ZN F     NAND2_X1       2  4.7    14    24    1102    (-,-) 
  n_609                               -       -      -     (net)          -    -     -     -       -    (-,-) 
  g40113__6783/ZN                     -       A1->ZN R     NOR2_X2        3  5.8    21    32    1134    (-,-) 
  n_657                               -       -      -     (net)          -    -     -     -       -    (-,-) 
  g40091__6131/ZN                     -       A1->ZN R     AND2_X2        3  7.2    13    39    1173    (-,-) 
  n_676                               -       -      -     (net)          -    -     -     -       -    (-,-) 
  g40074__5107/ZN                     -       A1->ZN F     NAND2_X2       3  6.4    10    17    1190    (-,-) 
  n_692                               -       -      -     (net)          -    -     -     -       -    (-,-) 
  g40063__9945/ZN                     -       A1->ZN R     NOR2_X2        2  3.8    16    25    1215    (-,-) 
  n_701                               -       -      -     (net)          -    -     -     -       -    (-,-) 
  g40050__5122/ZN                     -       A1->ZN F     NAND2_X1       3  6.5    15    26    1241    (-,-) 
  n_714                               -       -      -     (net)          -    -     -     -       -    (-,-) 
  g40025__9315/ZN                     -       B1->ZN R     AOI21_X2       2  3.8    22    30    1271    (-,-) 
  n_736                               -       -      -     (net)          -    -     -     -       -    (-,-) 
  g41097/ZN                           -       A1->ZN R     OR3_X2        23 43.1    52    76    1347    (-,-) 
  n_1981                              -       -      -     (net)          -    -     -     -       -    (-,-) 
  g39901__6783/ZN                     -       B1->ZN F     OAI21_X1       1  1.4    16    19    1366    (-,-) 
  n_808                               -       -      -     (net)          -    -     -     -       -    (-,-) 
  fp_out_reg[0]/D                     <<<     -      F     DFF_X1         1    -     -     0    1366    (-,-) 
#-------------------------------------------------------------------------------------------------------------

Capture clock path:
#-----------------------------------------------------------------------------------------
#  Timing Point    Flags   Arc   Edge   Cell     Fanout Load Trans Delay Arrival Instance 
#                                                       (fF)  (ps)  (ps)   (ps)  Location 
#-----------------------------------------------------------------------------------------
  clk              (i)     -     R     (arrival)    100  0.0     0     0    1408    (-,-) 
  clk              -       -     -     (net)          -    -     -     -       -    (-,-) 
  clk              -       -     -     (net)          -    -     -     -       -    (-,-) 
  fp_out_reg[0]/CK <<<     -     R     DFF_X1       100    -     1     0    1408    (-,-) 
#-----------------------------------------------------------------------------------------


