============================================================
  Generated by:           Genus(TM) Synthesis Solution 25.11-s095_1
  Generated on:           Mar 10 2026  10:32:36 pm
  Operating conditions:   typical 
  Interconnect mode:      global
  Area mode:              physical library
============================================================

                                Leakage    Internal                          Library 
   Gate    Instances   Area   Power (nW)  Power (nW)          Library         Domain 
-------------------------------------------------------------------------------------
AND2_X1           47   50.008   1179.631    59119.958 NangateOpenCellLibrary       0 
AND2_X2            3    3.990    157.336     8437.996 NangateOpenCellLibrary       0 
AND2_X4            3    7.182    289.434     4173.670 NangateOpenCellLibrary       0 
AND3_X1            6    7.980    161.935    10277.649 NangateOpenCellLibrary       0 
AND3_X2            1    1.596     55.890     1566.379 NangateOpenCellLibrary       0 
AND3_X4            1    2.926     88.445        0.000 NangateOpenCellLibrary       0 
AND4_X1            6    9.576    163.253     6479.315 NangateOpenCellLibrary       0 
AOI21_X1          76   80.864   2031.178   113787.262 NangateOpenCellLibrary       0 
AOI21_X2           8   14.896    452.746    19300.725 NangateOpenCellLibrary       0 
AOI21_X4           3   10.374    369.631     9351.725 NangateOpenCellLibrary       0 
AOI221_X1          5    7.980    179.142     7118.945 NangateOpenCellLibrary       0 
AOI222_X1         18   38.304    712.291    31675.311 NangateOpenCellLibrary       0 
AOI22_X1         149  198.170   4679.907   164999.412 NangateOpenCellLibrary       0 
AOI22_X2           1    2.394     65.224     1129.289 NangateOpenCellLibrary       0 
BUF_X2             1    1.064     43.238     2561.544 NangateOpenCellLibrary       0 
DFFR_X1          125  665.000  11025.667  1570450.140 NangateOpenCellLibrary       0 
DFFR_X2            2   11.704    260.718    37932.439 NangateOpenCellLibrary       0 
FA_X1             29  123.424   2208.062   202298.788 NangateOpenCellLibrary       0 
HA_X1             49  130.340   2914.570   236142.906 NangateOpenCellLibrary       0 
INV_X1           265  140.980   3836.366   174504.254 NangateOpenCellLibrary       0 
INV_X2            13   10.374    369.809     8135.914 NangateOpenCellLibrary       0 
INV_X4            15   19.950    861.706    23587.998 NangateOpenCellLibrary       0 
INV_X8             2    4.788    231.074     5214.577 NangateOpenCellLibrary       0 
MUX2_X1          271  504.602   9855.016   755568.797 NangateOpenCellLibrary       0 
MUX2_X2            2    4.788    131.229    10344.473 NangateOpenCellLibrary       0 
NAND2_X1         187  149.226   3210.626   147334.571 NangateOpenCellLibrary       0 
NAND2_X2          18   23.940    550.872    14631.369 NangateOpenCellLibrary       0 
NAND2_X4           3    7.182    310.227     7372.262 NangateOpenCellLibrary       0 
NAND3_X1          13   13.832    162.690     5105.850 NangateOpenCellLibrary       0 
NAND3_X2           2    3.724     91.867     3644.968 NangateOpenCellLibrary       0 
NAND3_X4           1    3.458     72.419     1104.142 NangateOpenCellLibrary       0 
NAND4_X1          29   38.570    959.038    37188.142 NangateOpenCellLibrary       0 
NAND4_X2           2    4.788     89.962     6492.272 NangateOpenCellLibrary       0 
NOR2_X1          129  102.942   2756.828   109857.338 NangateOpenCellLibrary       0 
NOR2_X2           11   14.630    542.496     8310.794 NangateOpenCellLibrary       0 
NOR2_X4            5   11.970    411.190    11983.224 NangateOpenCellLibrary       0 
NOR3_X1           10   10.640    311.939     6574.137 NangateOpenCellLibrary       0 
NOR3_X2            1    1.862     55.499     2269.660 NangateOpenCellLibrary       0 
NOR4_X1           28   37.240    925.014     6930.963 NangateOpenCellLibrary       0 
OAI211_X1          6    7.980    226.450    10465.271 NangateOpenCellLibrary       0 
OAI21_X1          63   67.032   1996.645    83644.469 NangateOpenCellLibrary       0 
OAI21_X2          13   24.206    724.255    21506.056 NangateOpenCellLibrary       0 
OAI21_X4           5   17.290    615.162    13735.492 NangateOpenCellLibrary       0 
OAI221_X1         29   46.284   1665.090    52146.294 NangateOpenCellLibrary       0 
OAI222_X1         24   51.072   1626.739    40269.500 NangateOpenCellLibrary       0 
OAI22_X1         146  194.180   6077.988   170765.179 NangateOpenCellLibrary       0 
OAI22_X2           1    2.394     58.528     1910.640 NangateOpenCellLibrary       0 
OAI33_X1           1    1.862     49.902     1424.532 NangateOpenCellLibrary       0 
OR2_X1            33   35.112    764.489    59972.712 NangateOpenCellLibrary       0 
OR3_X1             2    2.660     48.584     3461.688 NangateOpenCellLibrary       0 
OR4_X1             4    6.384    106.934     1220.441 NangateOpenCellLibrary       0 
SDFFR_X1           9   59.850    971.989   148068.848 NangateOpenCellLibrary       0 
XNOR2_X1          97  154.812   3681.098   249441.717 NangateOpenCellLibrary       0 
XNOR2_X2           3    7.980    221.348    15912.540 NangateOpenCellLibrary       0 
XOR2_X1           74  118.104   2667.321   198092.242 NangateOpenCellLibrary       0 
XOR2_X2            1    2.394     73.517     5876.787 NangateOpenCellLibrary       0 
-------------------------------------------------------------------------------------
total           2051 3276.854  74350.206  4910873.567                                
                                           Leakage  Leakage   Internal  Internal 
     Type      Instances   Area   Area % Power (nW) Power %  Power (nW)  Power % 
---------------------------------------------------------------------------------
sequential           136  736.554   22.5  12258.374    16.5 1756451.427     35.8 
inverter             295  176.092    5.4   5298.956     7.1  211442.743      4.3 
buffer                 1    1.064    0.0     43.238     0.1    2561.544      0.1 
logic               1619 2363.144   72.1  56749.637    76.3 2940417.853     59.9 
physical_cells         0    0.000    0.0      0.000     0.0       0.000      0.0 
---------------------------------------------------------------------------------
total               2051 3276.854  100.0  74350.206   100.0 4910873.567    100.0 
