============================================================
  Generated by:           Genus(TM) Synthesis Solution 25.11-s095_1
  Generated on:           Mar 10 2026  11:22:18 pm
  Module:                 add_bf16_1C
  Operating conditions:   typical 
  Interconnect mode:      global
  Area mode:              physical library
============================================================


Path 1: MET (109 ps) Late External Delay Assertion at pin bf_out[11]
           View: view_1p2_25
          Group: clock1
     Startpoint: (R) bf2_in_reg[7]/clk
          Clock: (R) clock1
       Endpoint: (R) bf_out[11]
          Clock: (R) clock1

                     Capture       Launch     
        Clock Edge:+    1389            0     
       Src Latency:+       0            0     
       Net Latency:+       0 (I)        0 (I) 
           Arrival:=    1389            0     
                                              
      Output Delay:-       1                  
       Uncertainty:-       0                  
     Required Time:=    1388                  
      Launch Clock:-       0                  
         Data Path:-    1279                  
             Slack:=     109                  

Exceptions/Constraints:
  output_delay              1              add_bf16_1C.sdc_line_21_37_1   

Launch clock path:
#------------------------------------------------------------------------------------------------
#   Timing Point    Flags   Arc   Edge      Cell        Fanout Load Trans Delay Arrival Instance 
#                                                              (fF)  (ps)  (ps)   (ps)  Location 
#------------------------------------------------------------------------------------------------
  clk               (i,u)   -     R     (arrival)           33  0.0     0     0       0    (-,-) 
  clk               -       -     -     (net)                -    -     -     -       -    (-,-) 
  clk               -       -     -     (net)                -    -     -     -       -    (-,-) 
  bf2_in_reg[7]/clk <<<     -     R     unmapped_d_flop     33    -     1     0       0    (-,-) 
#------------------------------------------------------------------------------------------------

#-----------------------------------------------------------------------------------------------------
#   Timing Point    Flags    Arc    Edge       Cell         Fanout  Load Trans Delay Arrival Instance 
#                                                                   (fF)  (ps)  (ps)   (ps)  Location 
#-----------------------------------------------------------------------------------------------------
  bf2_in_reg[7]/clk -       -       R     (arrival)             33     -     1     0       0    (-,-) 
  bf2_in_reg[7]/q   (u)     clk->q  F     unmapped_d_flop       11  35.2     0   134     134    (-,-) 
  bf2_in[7]         -       -       -     (net)                  -     -     -     -       -    (-,-) 
  g18371/z          (u)     in_1->z R     unmapped_complex2      2   7.2     0    19     153    (-,-) 
  n_7998            -       -       -     (net)                  -     -     -     -       -    (-,-) 
  g18311/z          (u)     in_1->z F     unmapped_nand2         1   3.2     0    17     169    (-,-) 
  n_6310            -       -       -     (net)                  -     -     -     -       -    (-,-) 
  g18184/z          (u)     in_0->z R     unmapped_nand2         2   7.2     0    19     188    (-,-) 
  n_6418            -       -       -     (net)                  -     -     -     -       -    (-,-) 
  g18109/z          (u)     in_0->z F     unmapped_nand2         2   6.4     0    19     208    (-,-) 
  n_4926            -       -       -     (net)                  -     -     -     -       -    (-,-) 
  g10358/z          (u)     in_1->z R     unmapped_nand2         3  10.8     0    22     229    (-,-) 
  n_6322            -       -       -     (net)                  -     -     -     -       -    (-,-) 
  g18090/z          (u)     in_0->z F     unmapped_complex2      2   6.4     0    19     248    (-,-) 
  n_13415           -       -       -     (net)                  -     -     -     -       -    (-,-) 
  g18411/z          (u)     in_1->z R     unmapped_complex2      1   3.6     0    17     265    (-,-) 
  n_8110            -       -       -     (net)                  -     -     -     -       -    (-,-) 
  g18058/z          (u)     in_0->z F     unmapped_nand2        38 121.6     0    56     321    (-,-) 
  n_8111            -       -       -     (net)                  -     -     -     -       -    (-,-) 
  g18425/z          (u)     in_0->z F     unmapped_complex2      1   3.2     0    17     337    (-,-) 
  n_9856            -       -       -     (net)                  -     -     -     -       -    (-,-) 
  g18009/z          (u)     in_1->z F     unmapped_complex2      1   3.2     0    17     354    (-,-) 
  n_10222           -       -       -     (net)                  -     -     -     -       -    (-,-) 
  g17978/z          (u)     in_1->z F     unmapped_complex2      1   3.2     0    17     370    (-,-) 
  n_10224           -       -       -     (net)                  -     -     -     -       -    (-,-) 
  g17934/z          (u)     in_1->z R     unmapped_nand2         1   3.6     0    17     387    (-,-) 
  n_6812            -       -       -     (net)                  -     -     -     -       -    (-,-) 
  g17897/z          (u)     in_0->z F     unmapped_complex2      2   6.4     0    19     406    (-,-) 
  n_4968            -       -       -     (net)                  -     -     -     -       -    (-,-) 
  g18444/z          (u)     in_0->z F     unmapped_complex2      6  19.2     0    30     436    (-,-) 
  n_1227            -       -       -     (net)                  -     -     -     -       -    (-,-) 
  g17876/z          (u)     in_1->z F     unmapped_or2           6  19.2     0    30     466    (-,-) 
  n_6094            -       -       -     (net)                  -     -     -     -       -    (-,-) 
  g17848/z          (u)     in_0->z F     unmapped_complex2      2   6.4     0    19     485    (-,-) 
  n_1316            -       -       -     (net)                  -     -     -     -       -    (-,-) 
  g18461/z          (u)     in_0->z F     unmapped_complex2      1   3.2     0    17     502    (-,-) 
  n_6788            -       -       -     (net)                  -     -     -     -       -    (-,-) 
  g17822/z          (u)     in_1->z R     unmapped_nand2         1   3.6     0    17     519    (-,-) 
  n_6792            -       -       -     (net)                  -     -     -     -       -    (-,-) 
  g17784/z          (u)     in_1->z R     unmapped_or2           1   3.6     0    17     535    (-,-) 
  n_6794            -       -       -     (net)                  -     -     -     -       -    (-,-) 
  g17774/z          (u)     in_1->z R     unmapped_or2           3  10.8     0    22     557    (-,-) 
  n_836             -       -       -     (net)                  -     -     -     -       -    (-,-) 
  g17760/z          (u)     in_0->z R     unmapped_or2           3  10.8     0    22     578    (-,-) 
  n_5017            -       -       -     (net)                  -     -     -     -       -    (-,-) 
  g18481/z          (u)     in_0->z R     unmapped_complex2      2   7.2     0    19     598    (-,-) 
  n_5365            -       -       -     (net)                  -     -     -     -       -    (-,-) 
  g18483/z          (u)     in_1->z F     unmapped_complex2      1   3.2     0    17     614    (-,-) 
  n_12825           -       -       -     (net)                  -     -     -     -       -    (-,-) 
  g17721/z          (u)     in_0->z R     unmapped_nand2         3  10.8     0    22     636    (-,-) 
  n_5442            -       -       -     (net)                  -     -     -     -       -    (-,-) 
  g18487/z          (u)     in_0->z R     unmapped_complex2      2   7.2     0    19     655    (-,-) 
  n_6611            -       -       -     (net)                  -     -     -     -       -    (-,-) 
  g18489/z          (u)     in_1->z F     unmapped_complex2      2   6.4     0    19     674    (-,-) 
  n_5456            -       -       -     (net)                  -     -     -     -       -    (-,-) 
  g17701/z          (u)     in_1->z R     unmapped_nand2         1   3.6     0    17     690    (-,-) 
  n_6626            -       -       -     (net)                  -     -     -     -       -    (-,-) 
  g17697/z          (u)     in_0->z F     unmapped_complex2      3   9.6     0    22     712    (-,-) 
  n_5470            -       -       -     (net)                  -     -     -     -       -    (-,-) 
  g17682/z          (u)     in_1->z R     unmapped_nand2         1   3.6     0    17     729    (-,-) 
  n_6632            -       -       -     (net)                  -     -     -     -       -    (-,-) 
  g17675/z          (u)     in_1->z F     unmapped_nand2         3   9.6     0    22     750    (-,-) 
  n_5484            -       -       -     (net)                  -     -     -     -       -    (-,-) 
  g17649/z          (u)     in_1->z R     unmapped_nand2         1   3.6     0    17     767    (-,-) 
  n_6637            -       -       -     (net)                  -     -     -     -       -    (-,-) 
  g17642/z          (u)     in_0->z F     unmapped_nand2         1   3.2     0    17     784    (-,-) 
  n_5498            -       -       -     (net)                  -     -     -     -       -    (-,-) 
  g18508/z          (u)     in_0->z R     unmapped_complex2      1   3.6     0    17     800    (-,-) 
  n_7006            -       -       -     (net)                  -     -     -     -       -    (-,-) 
  g17587/z          (u)     in_0->z F     unmapped_nand2         2   6.4     0    19     819    (-,-) 
  n_5918            -       -       -     (net)                  -     -     -     -       -    (-,-) 
  g17583/z          (u)     in_1->z F     unmapped_or2           1   3.2     0    17     836    (-,-) 
  n_13617           -       -       -     (net)                  -     -     -     -       -    (-,-) 
  g17584/z          (u)     in_1->z R     unmapped_nand2         8  28.8     0    35     871    (-,-) 
  mantissa_sum[7]   -       -       -     (net)                  -     -     -     -       -    (-,-) 
  g9831/z           (u)     in_0->z R     unmapped_or2           2   7.2     0    19     890    (-,-) 
  n_6236            -       -       -     (net)                  -     -     -     -       -    (-,-) 
  g17549/z          (u)     in_0->z R     unmapped_complex2      1   3.6     0    17     907    (-,-) 
  n_6385            -       -       -     (net)                  -     -     -     -       -    (-,-) 
  g17525/z          (u)     in_0->z F     unmapped_complex2      4  12.8     0    24     931    (-,-) 
  n_5088            -       -       -     (net)                  -     -     -     -       -    (-,-) 
  g17523/z          (u)     in_0->z R     unmapped_nand2         2   7.2     0    19     950    (-,-) 
  n_6062            -       -       -     (net)                  -     -     -     -       -    (-,-) 
  g17479/z          (u)     in_1->z F     unmapped_nand2         1   3.2     0    17     967    (-,-) 
  n_7037            -       -       -     (net)                  -     -     -     -       -    (-,-) 
  g17427/z          (u)     in_1->z R     unmapped_nand2         4  14.4     0    24     991    (-,-) 
  n_6069            -       -       -     (net)                  -     -     -     -       -    (-,-) 
  g17400/z          (u)     in_0->z F     unmapped_nand2         1   3.2     0    17    1008    (-,-) 
  n_10397           -       -       -     (net)                  -     -     -     -       -    (-,-) 
  g18569/z          (u)     in_0->z F     unmapped_complex2      2   6.4     0    19    1027    (-,-) 
  n_10410           -       -       -     (net)                  -     -     -     -       -    (-,-) 
  g17352/z          (u)     in_1->z R     unmapped_nand2         1   3.6     0    17    1044    (-,-) 
  n_11259           -       -       -     (net)                  -     -     -     -       -    (-,-) 
  g18395/z          (u)     in_0->z R     unmapped_complex2      1   3.6     0    17    1060    (-,-) 
  n_11262           -       -       -     (net)                  -     -     -     -       -    (-,-) 
  g18609/z          (u)     in_1->z R     unmapped_complex2      1   3.6     0    17    1077    (-,-) 
  n_11258           -       -       -     (net)                  -     -     -     -       -    (-,-) 
  g18584/z          (u)     in_1->z R     unmapped_complex2      3  10.8     0    22    1098    (-,-) 
  n_6179            -       -       -     (net)                  -     -     -     -       -    (-,-) 
  g18588/z          (u)     in_0->z F     unmapped_complex2      1   3.2     0    17    1115    (-,-) 
  n_6323            -       -       -     (net)                  -     -     -     -       -    (-,-) 
  g17319/z          (u)     in_0->z R     unmapped_nand2         4  14.4     0    24    1140    (-,-) 
  n_5125            -       -       -     (net)                  -     -     -     -       -    (-,-) 
  g17315/z          (u)     in_0->z F     unmapped_nand2         2   6.4     0    19    1159    (-,-) 
  n_5148            -       -       -     (net)                  -     -     -     -       -    (-,-) 
  g18592/z          (u)     in_0->z F     unmapped_complex2      3   9.6     0    22    1180    (-,-) 
  n_6181            -       -       -     (net)                  -     -     -     -       -    (-,-) 
  g17302/z          (u)     in_0->z R     unmapped_nand2         1   3.6     0    17    1197    (-,-) 
  n_6324            -       -       -     (net)                  -     -     -     -       -    (-,-) 
  g17290/z          (u)     in_0->z F     unmapped_nand2         1   3.2     0    17    1213    (-,-) 
  n_5155            -       -       -     (net)                  -     -     -     -       -    (-,-) 
  g17287/z          (u)     in_0->z R     unmapped_nand2         2   7.2     0    19    1232    (-,-) 
  n_5162            -       -       -     (net)                  -     -     -     -       -    (-,-) 
  g18599/z          (u)     in_0->z F     unmapped_complex2      1   3.2     0    17    1249    (-,-) 
  n_7018            -       -       -     (net)                  -     -     -     -       -    (-,-) 
  g17277/z          (u)     in_1->z R     unmapped_complex2      1   3.6     0    17    1266    (-,-) 
  n_7019            -       -       -     (net)                  -     -     -     -       -    (-,-) 
  g18603/z          (u)     in_0->z R     unmapped_complex2      1   0.3     0    14    1279    (-,-) 
  bf_out[11]        -       -       -     (net)                  -     -     -     -       -    (-,-) 
  bf_out[11]        <<<     -       R     (port)                 -     -     -     0    1279    (-,-) 
#-----------------------------------------------------------------------------------------------------

(u) : Net has unmapped pin(s).


