============================================================
  Generated by:           Genus(TM) Synthesis Solution 25.11-s095_1
  Generated on:           Mar 11 2026  01:11:01 am
  Module:                 sysarr_4_input_fp_adder
  Operating conditions:   typical 
  Interconnect mode:      global
  Area mode:              physical library
============================================================

Timing
--------

Analysis view  Clock Period 
----------------------------
view_1p2_25   clock1 1124.0 


  Analysis    Cost   Critical        Violating 
    View     Group  Path Slack  TNS    Paths   
-----------------------------------------------
view_1p2_25  clock1        0.0  0.0          0 
            default   No paths  0.0          0 
-----------------------------------------------
Total                          -0.0          0 
                                               

Instance Count
--------------
Leaf Instance Count             2089 
Physical Instance count            0 
Sequential Instance Count        136 
Combinational Instance Count    1953 
Hierarchical Instance Count        0 

Area
----
Cell Area                          3191.734
Physical Cell Area                 0.000
Total Cell Area (Cell+Physical)    3191.734
Net Area                           3050.844
Total Area (Cell+Physical+Net)     6242.578

Power
-----
Leakage Power                      72788.240 nW
Dynamic Power                      8167322.650 nW
Total Power                        8240110.890 nW

Max Fanout                         136 (clk)
Min Fanout                         0 (st1_carry_vec[24])
Average Fanout                     2.3
Terms to net ratio                 3.3624
Terms to instance ratio            3.7487
Runtime                            47.952252 seconds
Elapsed Runtime                    54 seconds
Genus peak memory usage            1696.89 
Innovus peak memory usage          no_value 
Hostname                           asicfab.ecn.purdue.edu
