============================================================
  Generated by:           Genus(TM) Synthesis Solution 25.11-s095_1
  Generated on:           May 24 2026  11:57:06 pm
  Module:                 sysarr_32_input_fp_adder
  Operating conditions:   typical 
  Interconnect mode:      global
  Area mode:              physical library
============================================================


Path 1: VIOLATED (-256 ps) Setup Check with Pin aligner_inst_aligned_mant_out_reg[24][4]/clk->d
           View: view_1p2_25
          Group: clock1
     Startpoint: (R) aligner_inst_max_l3_n1_r_reg[1]/clk
          Clock: (R) clock1
       Endpoint: (R) aligner_inst_aligned_mant_out_reg[24][4]/d
          Clock: (R) clock1

                     Capture       Launch     
        Clock Edge:+    1000            0     
       Src Latency:+       0            0     
       Net Latency:+       0 (I)        0 (I) 
           Arrival:=    1000            0     
                                              
             Setup:-      38                  
       Uncertainty:-       0                  
     Required Time:=     962                  
      Launch Clock:-       0                  
         Data Path:-    1218                  
             Slack:=    -256                  

Launch clock path:
#------------------------------------------------------------------------------------------------------------------
#            Timing Point             Flags   Arc   Edge      Cell        Fanout Load Trans Delay Arrival Instance 
#                                                                                (fF)  (ps)  (ps)   (ps)  Location 
#------------------------------------------------------------------------------------------------------------------
  clk                                 (i,u)   -     R     (arrival)         1816  0.0     0     0       0    (-,-) 
  clk                                 -       -     -     (net)                -    -     -     -       -    (-,-) 
  clk                                 -       -     -     (net)                -    -     -     -       -    (-,-) 
  aligner_inst_max_l3_n1_r_reg[1]/clk <<<     -     R     unmapped_d_flop   1816    -     1     0       0    (-,-) 
#------------------------------------------------------------------------------------------------------------------

#------------------------------------------------------------------------------------------------------------------------------
#               Timing Point                 Flags    Arc    Edge       Cell         Fanout  Load Trans Delay Arrival Instance 
#                                                                                            (fF)  (ps)  (ps)   (ps)  Location 
#------------------------------------------------------------------------------------------------------------------------------
  aligner_inst_max_l3_n1_r_reg[1]/clk        -       -       R     (arrival)           1816     -     1     0       0    (-,-) 
  aligner_inst_max_l3_n1_r_reg[1]/q          (u)     clk->q  R     unmapped_d_flop        3  10.8     0   116     116    (-,-) 
  aligner_inst_max_l3_n1_r[1]                -       -       -     (net)                  -     -     -     -       -    (-,-) 
  g134146/z                                  (u)     in_1->z R     unmapped_complex2      1   3.6     0    17     133    (-,-) 
  n_95690                                    -       -       -     (net)                  -     -     -     -       -    (-,-) 
  g183625/z                                  (u)     in_1->z F     unmapped_nand2         1   3.2     0    17     150    (-,-) 
  n_77830                                    -       -       -     (net)                  -     -     -     -       -    (-,-) 
  g183405/z                                  (u)     in_1->z F     unmapped_complex2      2   6.4     0    19     169    (-,-) 
  n_97071                                    -       -       -     (net)                  -     -     -     -       -    (-,-) 
  g183313/z                                  (u)     in_0->z R     unmapped_complex2      1   3.6     0    17     185    (-,-) 
  n_95663                                    -       -       -     (net)                  -     -     -     -       -    (-,-) 
  g184721/z                                  (u)     in_0->z F     unmapped_complex2      1   3.2     0    17     202    (-,-) 
  n_130645                                   -       -       -     (net)                  -     -     -     -       -    (-,-) 
  g184732/z                                  (u)     in_1->z R     unmapped_complex2      1   3.6     0    17     218    (-,-) 
  n_130648                                   -       -       -     (net)                  -     -     -     -       -    (-,-) 
  g182632/z                                  (u)     in_1->z R     unmapped_or2           1   3.6     0    17     235    (-,-) 
  n_130650                                   -       -       -     (net)                  -     -     -     -       -    (-,-) 
  g182607/z                                  (u)     in_1->z F     unmapped_nand2        14  44.8     0    42     277    (-,-) 
  n_23575                                    -       -       -     (net)                  -     -     -     -       -    (-,-) 
  g182543/z                                  (u)     in_1->z R     unmapped_nand2         1   3.6     0    17     294    (-,-) 
  n_97623                                    -       -       -     (net)                  -     -     -     -       -    (-,-) 
  g182499/z                                  (u)     in_1->z F     unmapped_nand2        91 291.2     0    69     362    (-,-) 
  aligner_inst_max_l4_n0_c[0]                -       -       -     (net)                  -     -     -     -       -    (-,-) 
  g182151/z                                  (u)     in_1->z F     unmapped_complex2      6  19.2     0    30     392    (-,-) 
  n_85613                                    -       -       -     (net)                  -     -     -     -       -    (-,-) 
  g181643/z                                  (u)     in_1->z F     unmapped_complex2      1   3.2     0    17     409    (-,-) 
  n_98762                                    -       -       -     (net)                  -     -     -     -       -    (-,-) 
  g181082/z                                  (u)     in_0->z R     unmapped_nand2         3  10.8     0    22     430    (-,-) 
  n_85621                                    -       -       -     (net)                  -     -     -     -       -    (-,-) 
  g134718/z                                  (u)     in_1->z F     unmapped_nand2         1   3.2     0    17     447    (-,-) 
  n_95976                                    -       -       -     (net)                  -     -     -     -       -    (-,-) 
  g179175/z                                  (u)     in_0->z R     unmapped_nand2         3  10.8     0    22     469    (-,-) 
  n_85624                                    -       -       -     (net)                  -     -     -     -       -    (-,-) 
  g178549/z                                  (u)     in_1->z F     unmapped_nand2         1   3.2     0    17     485    (-,-) 
  n_95978                                    -       -       -     (net)                  -     -     -     -       -    (-,-) 
  g178197/z                                  (u)     in_0->z R     unmapped_nand2         3  10.8     0    22     507    (-,-) 
  n_85647                                    -       -       -     (net)                  -     -     -     -       -    (-,-) 
  g177341/z                                  (u)     in_1->z F     unmapped_nand2         1   3.2     0    17     523    (-,-) 
  n_95983                                    -       -       -     (net)                  -     -     -     -       -    (-,-) 
  g177017/z                                  (u)     in_0->z R     unmapped_nand2         3  10.8     0    22     545    (-,-) 
  n_85656                                    -       -       -     (net)                  -     -     -     -       -    (-,-) 
  g176746/z                                  (u)     in_0->z R     unmapped_complex2      1   3.6     0    17     562    (-,-) 
  n_94325                                    -       -       -     (net)                  -     -     -     -       -    (-,-) 
  g185736/z                                  (u)     in_0->z F     unmapped_complex2      1   3.2     0    17     578    (-,-) 
  n_98780                                    -       -       -     (net)                  -     -     -     -       -    (-,-) 
  g176485/z                                  (u)     in_0->z R     unmapped_nand2         1   3.6     0    17     595    (-,-) 
  n_95981                                    -       -       -     (net)                  -     -     -     -       -    (-,-) 
  g176349/z                                  (u)     in_0->z F     unmapped_nand2         2   6.4     0    19     614    (-,-) 
  n_85696                                    -       -       -     (net)                  -     -     -     -       -    (-,-) 
  g175572/z                                  (u)     in_0->z F     unmapped_complex2      8  25.6     0    35     649    (-,-) 
  n_35103                                    -       -       -     (net)                  -     -     -     -       -    (-,-) 
  g175139/z                                  (u)     in_0->z R     unmapped_nand2         2   7.2     0    19     668    (-,-) 
  n_23874                                    -       -       -     (net)                  -     -     -     -       -    (-,-) 
  g186076/z                                  (u)     in_0->z R     unmapped_complex2      1   3.6     0    17     685    (-,-) 
  n_98789                                    -       -       -     (net)                  -     -     -     -       -    (-,-) 
  g174030/z                                  (u)     in_0->z F     unmapped_nand2         2   6.4     0    19     704    (-,-) 
  aligner_inst_n_7344                        -       -       -     (net)                  -     -     -     -       -    (-,-) 
  g164102/z                                  (u)     in_1->z R     unmapped_complex2      1   3.6     0    17     720    (-,-) 
  n_135883                                   -       -       -     (net)                  -     -     -     -       -    (-,-) 
  g173382/z                                  (u)     in_0->z F     unmapped_complex2      1   3.2     0    17     737    (-,-) 
  n_126786                                   -       -       -     (net)                  -     -     -     -       -    (-,-) 
  g173201/z                                  (u)     in_0->z F     unmapped_or2           1   3.2     0    17     754    (-,-) 
  n_126793                                   -       -       -     (net)                  -     -     -     -       -    (-,-) 
  g173006/z                                  (u)     in_0->z F     unmapped_or2           1   3.2     0    17     770    (-,-) 
  n_126797                                   -       -       -     (net)                  -     -     -     -       -    (-,-) 
  g172898/z                                  (u)     in_0->z F     unmapped_or2           1   3.2     0    17     787    (-,-) 
  n_126799                                   -       -       -     (net)                  -     -     -     -       -    (-,-) 
  g172815/z                                  (u)     in_0->z F     unmapped_or2           4  12.8     0    24     811    (-,-) 
  n_78093                                    -       -       -     (net)                  -     -     -     -       -    (-,-) 
  g172638/z                                  (u)     in_1->z F     unmapped_or2           2   6.4     0    19     830    (-,-) 
  n_97251                                    -       -       -     (net)                  -     -     -     -       -    (-,-) 
  g172567/z                                  (u)     in_1->z F     unmapped_or2           1   3.2     0    17     847    (-,-) 
  n_131316                                   -       -       -     (net)                  -     -     -     -       -    (-,-) 
  g186619/z                                  (u)     in_0->z F     unmapped_complex2      1   3.2     0    17     864    (-,-) 
  n_131320                                   -       -       -     (net)                  -     -     -     -       -    (-,-) 
  g172194/z                                  (u)     in_0->z R     unmapped_nand2         6  21.6     0    30     894    (-,-) 
  n_127652                                   -       -       -     (net)                  -     -     -     -       -    (-,-) 
  g186697/z                                  (u)     in_0->z F     unmapped_complex2      3   9.6     0    22     915    (-,-) 
  n_80200                                    -       -       -     (net)                  -     -     -     -       -    (-,-) 
  g171922/z                                  (u)     in_1->z R     unmapped_nand2         6  21.6     0    30     945    (-,-) 
  n_80496                                    -       -       -     (net)                  -     -     -     -       -    (-,-) 
  g171667/z                                  (u)     in_0->z F     unmapped_nand2         1   3.2     0    17     962    (-,-) 
  n_81109                                    -       -       -     (net)                  -     -     -     -       -    (-,-) 
  g186835/z                                  (u)     in_0->z F     unmapped_complex2      3   9.6     0    22     984    (-,-) 
  n_97182                                    -       -       -     (net)                  -     -     -     -       -    (-,-) 
  g186855/z                                  (u)     in_1->z F     unmapped_complex2      2   6.4     0    19    1003    (-,-) 
  n_84418                                    -       -       -     (net)                  -     -     -     -       -    (-,-) 
  g171089/z                                  (u)     in_1->z F     unmapped_complex2      1   3.2     0    17    1019    (-,-) 
  n_97203                                    -       -       -     (net)                  -     -     -     -       -    (-,-) 
  g170821/z                                  (u)     in_0->z F     unmapped_complex2      4  12.8     0    24    1044    (-,-) 
  n_85020                                    -       -       -     (net)                  -     -     -     -       -    (-,-) 
  g170195/z                                  (u)     in_1->z F     unmapped_or2           3   9.6     0    22    1065    (-,-) 
  n_93434                                    -       -       -     (net)                  -     -     -     -       -    (-,-) 
  g169989/z                                  (u)     in_0->z F     unmapped_or2           6  19.2     0    30    1096    (-,-) 
  n_36564                                    -       -       -     (net)                  -     -     -     -       -    (-,-) 
  g169674/z                                  (u)     in_1->z R     unmapped_nand2        26  93.6     0    51    1146    (-,-) 
  n_36563                                    -       -       -     (net)                  -     -     -     -       -    (-,-) 
  g168476/z                                  (u)     in_0->z R     unmapped_or2           1   3.6     0    17    1163    (-,-) 
  n_99030                                    -       -       -     (net)                  -     -     -     -       -    (-,-) 
  g168100/z                                  (u)     in_1->z F     unmapped_nand2         3   9.6     0    22    1184    (-,-) 
  n_96056                                    -       -       -     (net)                  -     -     -     -       -    (-,-) 
  g167888/z                                  (u)     in_1->z F     unmapped_or2           1   3.2     0    17    1201    (-,-) 
  n_120435                                   -       -       -     (net)                  -     -     -     -       -    (-,-) 
  g187613/z                                  (u)     in_0->z R     unmapped_complex2      1   3.6     0    17    1218    (-,-) 
  aligner_inst_final_shifted_mant_c[24][4]   -       -       -     (net)                  -     -     -     -       -    (-,-) 
  aligner_inst_aligned_mant_out_reg[24][4]/d <<<     -       R     unmapped_d_flop        1     -     -     0    1218    (-,-) 
#------------------------------------------------------------------------------------------------------------------------------

(u) : Net has unmapped pin(s).

Capture clock path:
#---------------------------------------------------------------------------------------------------------------------------
#                Timing Point                  Flags   Arc   Edge      Cell        Fanout Load Trans Delay Arrival Instance 
#                                                                                         (fF)  (ps)  (ps)   (ps)  Location 
#---------------------------------------------------------------------------------------------------------------------------
  clk                                          (i,u)   -     R     (arrival)         1816  0.0     0     0    1000    (-,-) 
  clk                                          -       -     -     (net)                -    -     -     -       -    (-,-) 
  clk                                          -       -     -     (net)                -    -     -     -       -    (-,-) 
  aligner_inst_aligned_mant_out_reg[24][4]/clk <<<     -     R     unmapped_d_flop   1816    -     1     0    1000    (-,-) 
#---------------------------------------------------------------------------------------------------------------------------


