============================================================
  Generated by:           Genus(TM) Synthesis Solution 25.11-s095_1
  Generated on:           May 24 2026  04:24:25 pm
  Operating conditions:   typical 
  Interconnect mode:      global
  Area mode:              physical library
============================================================

                                 Leakage      Internal                          Library 
   Gate    Instances    Area    Power (nW)   Power (nW)          Library         Domain 
----------------------------------------------------------------------------------------
AND2_X1          898   955.472   23438.728   1148212.286 NangateOpenCellLibrary       0 
AND2_X2           49    65.170    2625.816    184282.411 NangateOpenCellLibrary       0 
AND2_X4            6    14.364     631.774     52907.203 NangateOpenCellLibrary       0 
AND3_X1           81   107.730    2328.447     71478.882 NangateOpenCellLibrary       0 
AND3_X2           12    19.152     722.318     31998.728 NangateOpenCellLibrary       0 
AND3_X4            1     2.926     152.416     10558.690 NangateOpenCellLibrary       0 
AND4_X1           35    55.860     941.132     17529.567 NangateOpenCellLibrary       0 
AND4_X2            2     3.724     147.153     12462.113 NangateOpenCellLibrary       0 
AOI211_X1         20    26.600     662.422     36185.168 NangateOpenCellLibrary       0 
AOI211_X2          1     2.394      62.130      2538.931 NangateOpenCellLibrary       0 
AOI21_X1         486   517.104   12950.318    731360.537 NangateOpenCellLibrary       0 
AOI21_X2          88   163.856    4826.125    299547.502 NangateOpenCellLibrary       0 
AOI21_X4          25    86.450    2606.385    194395.737 NangateOpenCellLibrary       0 
AOI221_X1         25    39.900     964.577     56945.794 NangateOpenCellLibrary       0 
AOI221_X2          2     5.852     152.288      9630.660 NangateOpenCellLibrary       0 
AOI221_X4          1     3.458     105.585     14965.674 NangateOpenCellLibrary       0 
AOI222_X1         15    31.920     660.511     37389.141 NangateOpenCellLibrary       0 
AOI222_X2          1     3.724     118.118      3886.582 NangateOpenCellLibrary       0 
AOI22_X1         403   535.990   10686.145    436735.157 NangateOpenCellLibrary       0 
AOI22_X2           8    19.152     367.516     15075.731 NangateOpenCellLibrary       0 
AOI22_X4           1     4.522      98.132     10103.168 NangateOpenCellLibrary       0 
BUF_X1             1     0.798      21.438      2438.549 NangateOpenCellLibrary       0 
BUF_X2             5     5.320     210.166     20894.598 NangateOpenCellLibrary       0 
BUF_X4             3     5.586     266.925     17900.952 NangateOpenCellLibrary       0 
CLKBUF_X1          5     3.990      57.813      7363.376 NangateOpenCellLibrary       0 
DFFR_X1         2439 12975.480  215068.850  19455772.201 NangateOpenCellLibrary       0 
DFFR_X2            1     5.852     130.350     19421.955 NangateOpenCellLibrary       0 
DFF_X1           152   687.344   11979.905   1500981.788 NangateOpenCellLibrary       0 
FA_X1             79   336.224    5830.637    469991.338 NangateOpenCellLibrary       0 
HA_X1             88   234.080    5398.984    310827.523 NangateOpenCellLibrary       0 
INV_X1          2900  1542.800   42061.098   1693714.415 NangateOpenCellLibrary       0 
INV_X16            3    13.566     689.920     43516.850 NangateOpenCellLibrary       0 
INV_X2           167   133.266    4754.111    228225.179 NangateOpenCellLibrary       0 
INV_X4            31    41.230    1749.484     97349.538 NangateOpenCellLibrary       0 
INV_X8             6    14.364     703.275     44022.053 NangateOpenCellLibrary       0 
MUX2_X1          538  1001.756   19445.429   1208649.682 NangateOpenCellLibrary       0 
MUX2_X2           26    62.244    1794.410    157312.966 NangateOpenCellLibrary       0 
NAND2_X1        3847  3069.906   74028.924   2701169.356 NangateOpenCellLibrary       0 
NAND2_X2         291   387.030   13265.906    517430.548 NangateOpenCellLibrary       0 
NAND2_X4          47   112.518    4476.497    188904.833 NangateOpenCellLibrary       0 
NAND3_X1         236   251.104    6190.216    195988.366 NangateOpenCellLibrary       0 
NAND3_X2          51    94.962    4698.744    133738.588 NangateOpenCellLibrary       0 
NAND3_X4           5    17.290     400.624     22147.708 NangateOpenCellLibrary       0 
NAND4_X1         117   155.610    2527.759     42239.939 NangateOpenCellLibrary       0 
NAND4_X2           4     9.576     147.757      6251.853 NangateOpenCellLibrary       0 
NOR2_X1         1931  1540.938   41023.890   1603343.215 NangateOpenCellLibrary       0 
NOR2_X2          242   321.860    9862.303    486224.160 NangateOpenCellLibrary       0 
NOR2_X4           37    88.578    2996.529    142201.299 NangateOpenCellLibrary       0 
NOR3_X1           86    91.504    2247.396     69184.024 NangateOpenCellLibrary       0 
NOR3_X2            7    13.034     421.765      9497.470 NangateOpenCellLibrary       0 
NOR3_X4            4    14.896     444.469     20219.993 NangateOpenCellLibrary       0 
NOR4_X1          102   135.660    3463.355     29556.009 NangateOpenCellLibrary       0 
OAI211_X1        193   256.690    8536.666    253922.798 NangateOpenCellLibrary       0 
OAI211_X2          3     7.182     225.770     10563.826 NangateOpenCellLibrary       0 
OAI21_X1        1100  1170.400   31258.286   1413317.034 NangateOpenCellLibrary       0 
OAI21_X2         105   195.510    6588.573    300308.226 NangateOpenCellLibrary       0 
OAI21_X4          21    72.618    2437.043    150305.353 NangateOpenCellLibrary       0 
OAI221_X1        139   221.844    6705.867    229423.263 NangateOpenCellLibrary       0 
OAI222_X1         59   125.552    3173.021    126220.893 NangateOpenCellLibrary       0 
OAI22_X1         594   790.020   25117.780    770114.098 NangateOpenCellLibrary       0 
OAI22_X2          14    33.516    1127.575     51823.015 NangateOpenCellLibrary       0 
OAI22_X4           2     9.044     252.785     19457.109 NangateOpenCellLibrary       0 
OAI33_X1           4     7.448     174.883     11809.977 NangateOpenCellLibrary       0 
OR2_X1           756   804.384   17998.292   1050119.054 NangateOpenCellLibrary       0 
OR2_X2            26    34.580    1188.369     77705.705 NangateOpenCellLibrary       0 
OR2_X4             3     7.182     290.115     26831.150 NangateOpenCellLibrary       0 
OR3_X1            68    90.440    1696.405     53893.314 NangateOpenCellLibrary       0 
OR3_X2             2     3.192      98.126      6877.391 NangateOpenCellLibrary       0 
OR4_X1            57    90.972    1610.569     17525.053 NangateOpenCellLibrary       0 
OR4_X2             1     1.862      71.819      5966.427 NangateOpenCellLibrary       0 
SDFFRS_X1          4    30.856     500.203     43597.541 NangateOpenCellLibrary       0 
SDFFR_X1          53   352.450    5690.649    734530.329 NangateOpenCellLibrary       0 
SDFFR_X2           1     6.916     144.084     22344.827 NangateOpenCellLibrary       0 
XNOR2_X1         815  1300.740   30682.676   1825276.468 NangateOpenCellLibrary       0 
XNOR2_X2         242   643.720   17816.227   1304226.585 NangateOpenCellLibrary       0 
XOR2_X1          693  1106.028   24382.680   1817138.538 NangateOpenCellLibrary       0 
XOR2_X2           71   169.974    4883.380    376360.648 NangateOpenCellLibrary       0 
----------------------------------------------------------------------------------------
total          20637 33566.806  734258.810  45524328.608                                
                                            Leakage  Leakage   Internal   Internal 
     Type      Instances    Area   Area % Power (nW) Power %  Power (nW)   Power % 
-----------------------------------------------------------------------------------
sequential          2650 14058.898   41.9 233514.042    31.8 21776648.640     47.8 
inverter            3107  1745.226    5.2  49957.888     6.8  2106828.036      4.6 
buffer                14    15.694    0.0    556.343     0.1    48597.475      0.1 
logic              14866 17746.988   52.9 450230.537    61.3 21592254.457     47.4 
physical_cells         0     0.000    0.0      0.000     0.0        0.000      0.0 
-----------------------------------------------------------------------------------
total              20637 33566.806  100.0 734258.810   100.0 45524328.608    100.0 
