============================================================
  Generated by:           Genus(TM) Synthesis Solution 25.11-s095_1
  Generated on:           May 24 2026  04:24:06 pm
  Module:                 sysarr_32_input_fp_adder
  Operating conditions:   typical 
  Interconnect mode:      global
  Area mode:              physical library
============================================================

Timing
--------

Analysis view  Clock Period 
----------------------------
view_1p2_25   clock1 1000.0 


  Analysis    Cost   Critical        Violating 
    View     Group  Path Slack  TNS    Paths   
-----------------------------------------------
view_1p2_25  clock1        0.0  0.0          0 
            default   No paths  0.0          0 
-----------------------------------------------
Total                          -0.0          0 
                                               

Instance Count
--------------
Leaf Instance Count             20637 
Physical Instance count             0 
Sequential Instance Count        2650 
Combinational Instance Count    17987 
Hierarchical Instance Count         0 

Area
----
Cell Area                          33566.806
Physical Cell Area                 0.000
Total Cell Area (Cell+Physical)    33566.806
Net Area                           25729.730
Total Area (Cell+Physical+Net)     59296.536

Power
-----
Leakage Power                      734258.810 nW
Dynamic Power                      74489310.125 nW
Total Power                        75223568.936 nW

Max Fanout                         2650 (clk)
Min Fanout                         0 (adder_tree_inst_s0_g8_r[2])
Average Fanout                     2.1
Terms to net ratio                 3.3038
Terms to instance ratio            3.4490
Runtime                            50.976322 seconds
Elapsed Runtime                    55 seconds
Genus peak memory usage            1774.04 
Innovus peak memory usage          no_value 
Hostname                           asicfab.ecn.purdue.edu
