============================================================
  Generated by:           Genus(TM) Synthesis Solution 25.11-s095_1
  Generated on:           May 25 2026  02:07:34 am
  Module:                 sysarr_32_input_fp_adder
  Operating conditions:   typical 
  Interconnect mode:      global
  Area mode:              physical library
============================================================

Timing
--------

Analysis view  Clock Period 
----------------------------
view_1p2_25   clock1 1000.0 


  Analysis    Cost   Critical        Violating 
    View     Group  Path Slack  TNS    Paths   
-----------------------------------------------
view_1p2_25  clock1        0.0  0.0          0 
            default   No paths  0.0          0 
-----------------------------------------------
Total                          -0.0          0 
                                               

Instance Count
--------------
Leaf Instance Count             20627 
Physical Instance count             0 
Sequential Instance Count        2156 
Combinational Instance Count    18471 
Hierarchical Instance Count         0 

Area
----
Cell Area                          32157.272
Physical Cell Area                 0.000
Total Cell Area (Cell+Physical)    32157.272
Net Area                           25761.606
Total Area (Cell+Physical+Net)     57918.878

Power
-----
Leakage Power                      732974.452 nW
Dynamic Power                      77326677.025 nW
Total Power                        78059651.478 nW

Max Fanout                         2156 (clk)
Min Fanout                         0 (adder_tree_inst_s0_g0_r[28])
Average Fanout                     2.0
Terms to net ratio                 3.1769
Terms to instance ratio            3.3765
Runtime                            50.048517 seconds
Elapsed Runtime                    54 seconds
Genus peak memory usage            1764.62 
Innovus peak memory usage          no_value 
Hostname                           asicfab.ecn.purdue.edu
