============================================================
  Generated by:           Genus(TM) Synthesis Solution 25.11-s095_1
  Generated on:           Jan 31 2026  11:58:29 pm
  Module:                 add_bf16
  Library domain:         timing_condition_tt_1p2v_25c
    Domain index:         0
    Technology libraries: MITLL90_STDLIB_8T.tt1p2v25c 1.0
                          MITLL90_IOPads_5_1_1.tt1p2v25c 1.0
  Operating conditions:   PVT_1P2V_25C 
  Interconnect mode:      global
  Area mode:              physical library
============================================================

Timing
--------

Analysis view  Clock Period 
----------------------------
view_1p2_25   clock1 1869.0 


  Analysis    Cost   Critical        Violating 
    View     Group  Path Slack  TNS    Paths   
-----------------------------------------------
view_1p2_25  clock1       76.7  0.0          0 
            default   No paths  0.0          0 
-----------------------------------------------
Total                          -0.0          0 
                                               

Instance Count
--------------
Leaf Instance Count             1080 
Physical Instance count            0 
Sequential Instance Count         30 
Combinational Instance Count    1050 
Hierarchical Instance Count        0 

Area
----
Cell Area                          8677.337
Physical Cell Area                 0.000
Total Cell Area (Cell+Physical)    8677.337
Net Area                           37.162
Total Area (Cell+Physical+Net)     8714.499

Power
-----
Leakage Power                      1212.444 nW
Dynamic Power                      306590.995 nW
Total Power                        307803.440 nW

Max Fanout                         46 (n_931)
Min Fanout                         0 (n_248)
Average Fanout                     1.9
Terms to net ratio                 2.7455
Terms to instance ratio            3.1370
Runtime                            58.987498 seconds
Elapsed Runtime                    65 seconds
Genus peak memory usage            2214.68 
Innovus peak memory usage          no_value 
Hostname                           asicfab.ecn.purdue.edu
