============================================================
  Generated by:           Genus(TM) Synthesis Solution 25.11-s095_1
  Generated on:           Jan 31 2026  11:58:36 pm
  Module:                 add_bf16
  Operating conditions:   PVT_1P2V_25C 
  Interconnect mode:      global
  Area mode:              physical library
============================================================


Path 1: MET (77 ps) Late External Delay Assertion at pin bf_out[14]
           View: view_1p2_25
          Group: clock1
     Startpoint: (R) signs_differ_l_reg/clk
          Clock: (R) clock1
       Endpoint: (R) bf_out[14]
          Clock: (R) clock1

                     Capture       Launch     
        Clock Edge:+    1869            0     
       Src Latency:+       0            0     
       Net Latency:+       0 (I)        0 (I) 
           Arrival:=    1869            0     
                                              
      Output Delay:-       1                  
       Uncertainty:-       0                  
     Required Time:=    1868                  
      Launch Clock:-       0                  
         Data Path:-    1791                  
             Slack:=      77                  

Exceptions/Constraints:
  output_delay              1              add_bf16.sdc_line_21_32_1   

Launch clock path:
#-----------------------------------------------------------------------------------------------------
#     Timing Point       Flags   Arc   Edge      Cell        Fanout Load Trans Delay Arrival Instance 
#                                                                   (fF)  (ps)  (ps)   (ps)  Location 
#-----------------------------------------------------------------------------------------------------
  clk                    (i,u)   -     R     (arrival)           30  0.0   100     0      58    (-,-) 
  clk                    -       -     -     (net)                -    -     -     -       -    (-,-) 
  clk                    -       -     -     (net)                -    -     -     -       -    (-,-) 
  signs_differ_l_reg/clk <<<     -     R     unmapped_d_flop     30    -     1     0      58    (-,-) 
#-----------------------------------------------------------------------------------------------------

#----------------------------------------------------------------------------------------------------------
#     Timing Point       Flags    Arc    Edge       Cell         Fanout  Load Trans Delay Arrival Instance 
#                                                                        (fF)  (ps)  (ps)   (ps)  Location 
#----------------------------------------------------------------------------------------------------------
  signs_differ_l_reg/clk -       -       R     (arrival)             30     -     1     0       0    (-,-) 
  signs_differ_l_reg/q   (u)     clk->q  R     unmapped_d_flop       24 132.0     0   287     287    (-,-) 
  signs_differ_l         -       -       -     (net)                  -     -     -     -       -    (-,-) 
  g11404/z               (u)     in_0->z R     unmapped_complex2      1   5.5     0    32     320    (-,-) 
  n_8220                 -       -       -     (net)                  -     -     -     -       -    (-,-) 
  g11405/z               (u)     in_1->z F     unmapped_nand2         3  16.5     0    49     368    (-,-) 
  n_3415                 -       -       -     (net)                  -     -     -     -       -    (-,-) 
  g11373/z               (u)     in_0->z R     unmapped_complex2      1   5.5     0    32     401    (-,-) 
  n_8206                 -       -       -     (net)                  -     -     -     -       -    (-,-) 
  g11374/z               (u)     in_1->z F     unmapped_nand2         3  16.5     0    49     450    (-,-) 
  n_3440                 -       -       -     (net)                  -     -     -     -       -    (-,-) 
  g11517/z               (u)     in_1->z R     unmapped_complex2      2  11.0     0    41     490    (-,-) 
  n_4841                 -       -       -     (net)                  -     -     -     -       -    (-,-) 
  g11521/z               (u)     in_1->z F     unmapped_complex2      1   5.5     0    32     523    (-,-) 
  n_6938                 -       -       -     (net)                  -     -     -     -       -    (-,-) 
  g11524/z               (u)     in_1->z R     unmapped_complex2      2  11.0     0    41     563    (-,-) 
  n_4837                 -       -       -     (net)                  -     -     -     -       -    (-,-) 
  g11527/z               (u)     in_1->z F     unmapped_complex2      1   5.5     0    32     596    (-,-) 
  n_7150                 -       -       -     (net)                  -     -     -     -       -    (-,-) 
  g11106/z               (u)     in_1->z R     unmapped_nand2         3  16.5     0    49     645    (-,-) 
  n_6603                 -       -       -     (net)                  -     -     -     -       -    (-,-) 
  g8975/z                (u)     in_1->z F     unmapped_nand2         1   5.5     0    32     677    (-,-) 
  n_6604                 -       -       -     (net)                  -     -     -     -       -    (-,-) 
  g11031/z               (u)     in_0->z R     unmapped_nand2         2  11.0     0    41     718    (-,-) 
  n_6589                 -       -       -     (net)                  -     -     -     -       -    (-,-) 
  g11549/z               (u)     in_0->z F     unmapped_complex2      2  11.0     0    41     758    (-,-) 
  n_4702                 -       -       -     (net)                  -     -     -     -       -    (-,-) 
  g10929/z               (u)     in_0->z R     unmapped_nand2         1   5.5     0    32     791    (-,-) 
  n_4844                 -       -       -     (net)                  -     -     -     -       -    (-,-) 
  g11567/z               (u)     in_0->z F     unmapped_complex2      2  11.0     0    41     832    (-,-) 
  n_3515                 -       -       -     (net)                  -     -     -     -       -    (-,-) 
  g10886/z               (u)     in_1->z F     unmapped_or2           1   5.5     0    32     864    (-,-) 
  n_8159                 -       -       -     (net)                  -     -     -     -       -    (-,-) 
  g10887/z               (u)     in_1->z R     unmapped_nand2         7  38.5     0    74     937    (-,-) 
  mantissa_sum[9]        -       -       -     (net)                  -     -     -     -       -    (-,-) 
  g10835/z               (u)     in_0->z R     unmapped_or2           5  27.5     0    64    1001    (-,-) 
  n_4497                 -       -       -     (net)                  -     -     -     -       -    (-,-) 
  g10787/z               (u)     in_1->z R     unmapped_or2           3  16.5     0    49    1050    (-,-) 
  n_4664                 -       -       -     (net)                  -     -     -     -       -    (-,-) 
  g10736/z               (u)     in_0->z R     unmapped_complex2      1   5.5     0    32    1082    (-,-) 
  n_4959                 -       -       -     (net)                  -     -     -     -       -    (-,-) 
  g10677/z               (u)     in_0->z F     unmapped_complex2      1   5.5     0    32    1115    (-,-) 
  n_4961                 -       -       -     (net)                  -     -     -     -       -    (-,-) 
  g11644/z               (u)     in_0->z F     unmapped_complex2      3  16.5     0    49    1164    (-,-) 
  n_1212                 -       -       -     (net)                  -     -     -     -       -    (-,-) 
  g10586/z               (u)     in_1->z R     unmapped_complex2      2  11.0     0    41    1204    (-,-) 
  n_4964                 -       -       -     (net)                  -     -     -     -       -    (-,-) 
  g11660/z               (u)     in_0->z R     unmapped_complex2      5  27.5     0    64    1268    (-,-) 
  n_4115                 -       -       -     (net)                  -     -     -     -       -    (-,-) 
  g10570/z               (u)     in_0->z R     unmapped_or2           5  27.5     0    64    1332    (-,-) 
  n_4117                 -       -       -     (net)                  -     -     -     -       -    (-,-) 
  g10538/z               (u)     in_1->z R     unmapped_or2           5  27.5     0    64    1395    (-,-) 
  n_4119                 -       -       -     (net)                  -     -     -     -       -    (-,-) 
  g10520/z               (u)     in_1->z R     unmapped_or2           5  27.5     0    64    1459    (-,-) 
  n_4121                 -       -       -     (net)                  -     -     -     -       -    (-,-) 
  g10494/z               (u)     in_1->z R     unmapped_or2           4  22.0     0    57    1516    (-,-) 
  n_4123                 -       -       -     (net)                  -     -     -     -       -    (-,-) 
  g11688/z               (u)     in_0->z R     unmapped_complex2      2  11.0     0    41    1557    (-,-) 
  n_4979                 -       -       -     (net)                  -     -     -     -       -    (-,-) 
  g10475/z               (u)     in_1->z R     unmapped_complex2      5  27.5     0    64    1620    (-,-) 
  n_4125                 -       -       -     (net)                  -     -     -     -       -    (-,-) 
  g10469/z               (u)     in_0->z R     unmapped_or2           3  16.5     0    49    1669    (-,-) 
  n_4127                 -       -       -     (net)                  -     -     -     -       -    (-,-) 
  g10458/z               (u)     in_0->z F     unmapped_nand2         1   5.5     0    32    1702    (-,-) 
  n_8128                 -       -       -     (net)                  -     -     -     -       -    (-,-) 
  g10459/z               (u)     in_1->z R     unmapped_nand2         1   5.5     0    32    1734    (-,-) 
  n_4811                 -       -       -     (net)                  -     -     -     -       -    (-,-) 
  g10451/z               (u)     in_0->z F     unmapped_complex2      1   5.5     0    32    1766    (-,-) 
  n_4985                 -       -       -     (net)                  -     -     -     -       -    (-,-) 
  g10450/z               (u)     in_0->z R     unmapped_complex2      1   0.9     0    25    1791    (-,-) 
  bf_out[14]             -       -       -     (net)                  -     -     -     -       -    (-,-) 
  bf_out[14]             <<<     -       R     (port)                 -     -     -     0    1791    (-,-) 
#----------------------------------------------------------------------------------------------------------

(u) : Net has unmapped pin(s).


