============================================================
  Generated by:           Genus(TM) Synthesis Solution 25.11-s095_1
  Generated on:           May 25 2026  09:50:41 am
  Operating conditions:   typical 
  Interconnect mode:      global
  Area mode:              physical library
============================================================

                                 Leakage      Internal                          Library 
   Gate    Instances    Area    Power (nW)   Power (nW)          Library         Domain 
----------------------------------------------------------------------------------------
AND2_X1         1150  1223.600   30438.896   1643801.219 NangateOpenCellLibrary       0 
AND2_X2           84   111.720    4312.541    221384.193 NangateOpenCellLibrary       0 
AND2_X4           31    74.214    3232.460    186985.952 NangateOpenCellLibrary       0 
AND3_X1           56    74.480    1625.095     63102.457 NangateOpenCellLibrary       0 
AND3_X2           16    25.536    1024.091     52801.005 NangateOpenCellLibrary       0 
AND3_X4            3     8.778     277.410     12978.073 NangateOpenCellLibrary       0 
AND4_X1           30    47.880    1009.461     27571.264 NangateOpenCellLibrary       0 
AND4_X2            6    11.172     427.730     24211.202 NangateOpenCellLibrary       0 
AND4_X4            2     6.916     159.693         0.000 NangateOpenCellLibrary       0 
AOI211_X1          8    10.640     277.509      9746.271 NangateOpenCellLibrary       0 
AOI21_X1         675   718.200   16766.066    888816.575 NangateOpenCellLibrary       0 
AOI21_X2         226   420.812   12475.569    611358.007 NangateOpenCellLibrary       0 
AOI21_X4          36   124.488    3946.302    246852.797 NangateOpenCellLibrary       0 
AOI221_X1         42    67.032    1633.290     89947.576 NangateOpenCellLibrary       0 
AOI221_X2          4    11.704     286.865     19728.054 NangateOpenCellLibrary       0 
AOI221_X4          1     3.458     105.548     14927.714 NangateOpenCellLibrary       0 
AOI222_X1          8    17.024     348.242      9069.037 NangateOpenCellLibrary       0 
AOI222_X2          1     3.724     105.110      5852.698 NangateOpenCellLibrary       0 
AOI22_X1         323   429.590    9305.646    333950.995 NangateOpenCellLibrary       0 
AOI22_X2          23    55.062    1212.019     42484.160 NangateOpenCellLibrary       0 
BUF_X1             9     7.182     191.631     16004.178 NangateOpenCellLibrary       0 
BUF_X2            38    40.432    1621.016    146019.665 NangateOpenCellLibrary       0 
BUF_X4             1     1.862      86.122      1756.299 NangateOpenCellLibrary       0 
CLKBUF_X1         19    15.162     208.029     13189.869 NangateOpenCellLibrary       0 
CLKBUF_X2          2     2.128      47.826      3736.836 NangateOpenCellLibrary       0 
CLKBUF_X3          1     1.330      24.595         0.000 NangateOpenCellLibrary       0 
DFFR_X1         1901 10113.320  167569.321  18030349.136 NangateOpenCellLibrary       0 
DFFR_X2            1     5.852     130.350      6685.085 NangateOpenCellLibrary       0 
DFF_X1           149   673.778   11747.746   1642667.636 NangateOpenCellLibrary       0 
FA_X1             57   242.592    4275.681    408852.072 NangateOpenCellLibrary       0 
HA_X1             63   167.580    3767.519    264232.962 NangateOpenCellLibrary       0 
INV_X1          4077  2168.964   58473.813   2569446.788 NangateOpenCellLibrary       0 
INV_X16            3    13.566     713.073     43815.463 NangateOpenCellLibrary       0 
INV_X2           355   283.290   10116.663    465179.142 NangateOpenCellLibrary       0 
INV_X4            66    87.780    3751.306    142836.106 NangateOpenCellLibrary       0 
INV_X8            16    38.304    1780.096    101003.728 NangateOpenCellLibrary       0 
MUX2_X1          441   821.142   15915.011   1212304.079 NangateOpenCellLibrary       0 
MUX2_X2           11    26.334     791.114     65269.800 NangateOpenCellLibrary       0 
NAND2_X1        4573  3649.254   92186.802   3602508.730 NangateOpenCellLibrary       0 
NAND2_X2         607   807.310   29479.666   1012975.194 NangateOpenCellLibrary       0 
NAND2_X4         156   373.464   16090.577    537645.247 NangateOpenCellLibrary       0 
NAND3_X1         252   268.128    6913.930    217665.428 NangateOpenCellLibrary       0 
NAND3_X2          44    81.928    2354.418    107236.195 NangateOpenCellLibrary       0 
NAND3_X4          11    38.038     972.002     39343.146 NangateOpenCellLibrary       0 
NAND4_X1         106   140.980    2496.048     53227.288 NangateOpenCellLibrary       0 
NAND4_X2           1     2.394      34.931        92.114 NangateOpenCellLibrary       0 
NAND4_X4           3    14.364     383.240     23382.216 NangateOpenCellLibrary       0 
NOR2_X1         2282  1821.036   48894.491   1876685.564 NangateOpenCellLibrary       0 
NOR2_X2          311   413.630   13006.794    498447.868 NangateOpenCellLibrary       0 
NOR2_X4          174   416.556   14618.988    640797.044 NangateOpenCellLibrary       0 
NOR3_X1           56    59.584    1556.284     40691.287 NangateOpenCellLibrary       0 
NOR3_X2            6    11.172     302.989     13345.348 NangateOpenCellLibrary       0 
NOR3_X4            2     7.448     219.444      8748.670 NangateOpenCellLibrary       0 
NOR4_X1           83   110.390    2810.313     25637.852 NangateOpenCellLibrary       0 
OAI211_X1         90   119.700    3437.192    128233.268 NangateOpenCellLibrary       0 
OAI211_X2         23    55.062    2143.583     92447.229 NangateOpenCellLibrary       0 
OAI21_X1        1172  1247.008   33120.541   1645220.527 NangateOpenCellLibrary       0 
OAI21_X2         181   337.022   10396.544    476300.796 NangateOpenCellLibrary       0 
OAI21_X4          32   110.656    3477.552    220940.847 NangateOpenCellLibrary       0 
OAI221_X1         53    84.588    2343.624     97077.818 NangateOpenCellLibrary       0 
OAI221_X2          5    14.630     557.231     24543.526 NangateOpenCellLibrary       0 
OAI222_X1         53   112.784    2811.213    124307.577 NangateOpenCellLibrary       0 
OAI222_X2          2     7.448     233.391     11600.156 NangateOpenCellLibrary       0 
OAI22_X1         485   645.050   20380.078    652894.617 NangateOpenCellLibrary       0 
OAI22_X2          15    35.910    1154.831     34863.608 NangateOpenCellLibrary       0 
OAI22_X4           1     4.522     141.782      9055.882 NangateOpenCellLibrary       0 
OR2_X1           642   683.088   15054.634   1027999.549 NangateOpenCellLibrary       0 
OR2_X2            27    35.910    1238.904     70840.147 NangateOpenCellLibrary       0 
OR2_X4             3     7.182     296.062     10381.376 NangateOpenCellLibrary       0 
OR3_X1            42    55.860    1055.611     54779.709 NangateOpenCellLibrary       0 
OR3_X2             2     3.192      99.546      5717.901 NangateOpenCellLibrary       0 
OR3_X4             1     2.926     119.311     10556.160 NangateOpenCellLibrary       0 
OR4_X1            63   100.548    1737.207     20140.392 NangateOpenCellLibrary       0 
OR4_X2             1     1.862      71.819      5970.535 NangateOpenCellLibrary       0 
SDFFRS_X1          1     7.714     124.041     13387.491 NangateOpenCellLibrary       0 
SDFFR_X1          14    93.100    1498.334    177682.308 NangateOpenCellLibrary       0 
SDFFR_X2          13    89.908    1862.727    182967.543 NangateOpenCellLibrary       0 
XNOR2_X1         596   951.216   21913.214   1533422.331 NangateOpenCellLibrary       0 
XNOR2_X2         319   848.540   23273.021   1769610.467 NangateOpenCellLibrary       0 
XOR2_X1          597   952.812   20813.573   1783648.307 NangateOpenCellLibrary       0 
XOR2_X2           71   169.974    4971.859    426016.157 NangateOpenCellLibrary       0 
----------------------------------------------------------------------------------------
total          23106 33150.516  776828.797  48947953.511                                
                                            Leakage  Leakage   Internal   Internal 
     Type      Instances    Area   Area % Power (nW) Power %  Power (nW)   Power % 
-----------------------------------------------------------------------------------
sequential          2079 10983.672   33.1 182932.519    23.5 20053739.200     41.0 
inverter            4517  2591.904    7.8  74834.950     9.6  3322281.227      6.8 
buffer                70    68.096    0.2   2179.219     0.3   180706.848      0.4 
logic              16440 19506.844   58.8 516882.109    66.5 25391226.236     51.9 
physical_cells         0     0.000    0.0      0.000     0.0        0.000      0.0 
-----------------------------------------------------------------------------------
total              23106 33150.516  100.0 776828.797   100.0 48947953.511    100.0 
