============================================================
  Generated by:           Genus(TM) Synthesis Solution 25.11-s095_1
  Generated on:           Mar 10 2026  02:10:04 pm
  Module:                 mul_bf
  Operating conditions:   typical 
  Interconnect mode:      global
  Area mode:              physical library
============================================================


Path 1: MET (187 ps) Setup Check with Pin result_reg[22]/clk->d
           View: view_1p2_25
          Group: clock1
     Startpoint: (R) b[4]
          Clock: (R) clock1
       Endpoint: (R) result_reg[22]/d
          Clock: (R) clock1

                     Capture       Launch     
        Clock Edge:+    1250            0     
        Drv Adjust:+       0            0     
       Src Latency:+       0            0     
       Net Latency:+       0 (I)        0 (I) 
           Arrival:=    1250            0     
                                              
             Setup:-      38                  
       Uncertainty:-       0                  
     Required Time:=    1212                  
      Launch Clock:-       0                  
       Input Delay:-       1                  
         Data Path:-    1024                  
             Slack:=     187                  

Exceptions/Constraints:
  input_delay              1              mul_bf.sdc_line_20_29_1   

#--------------------------------------------------------------------------------------------------------------------------
#              Timing Point               Flags    Arc    Edge       Cell         Fanout Load Trans Delay Arrival Instance 
#                                                                                        (fF)  (ps)  (ps)   (ps)  Location 
#--------------------------------------------------------------------------------------------------------------------------
  b[4]                                    (u)     -       R     (arrival)             11 39.6     0     0       1    (-,-) 
  b[4]                                    -       -       -     (net)                  -    -     -     -       -    (-,-) 
  g5116/z                                 (u)     in_1->z F     unmapped_nand2         3  9.6     0    22      23    (-,-) 
  wallaca_n_16                            -       -       -     (net)                  -    -     -     -       -    (-,-) 
  g5034/z                                 (u)     in_1->z F     unmapped_complex2      1  3.2     0    17      39    (-,-) 
  n_3607                                  -       -       -     (net)                  -    -     -     -       -    (-,-) 
  g5035/z                                 (u)     in_1->z R     unmapped_nand2         3 10.8     0    22      61    (-,-) 
  wallaca_genblk1[0].genblk1[5].fa_00_n_3 -       -       -     (net)                  -    -     -     -       -    (-,-) 
  g4983/z                                 (u)     in_0->z R     unmapped_or2           1  3.6     0    17      77    (-,-) 
  n_3593                                  -       -       -     (net)                  -    -     -     -       -    (-,-) 
  g4984/z                                 (u)     in_1->z F     unmapped_nand2         3  9.6     0    22      99    (-,-) 
  wallaca_stage1_sums[0][5]               -       -       -     (net)                  -    -     -     -       -    (-,-) 
  g5301/z                                 (u)     in_1->z F     unmapped_complex2      1  3.2     0    17     116    (-,-) 
  n_3559                                  -       -       -     (net)                  -    -     -     -       -    (-,-) 
  g4874/z                                 (u)     in_1->z R     unmapped_nand2         3 10.8     0    22     137    (-,-) 
  wallaca_genblk2[5].fa_s2_l1_n_3         -       -       -     (net)                  -    -     -     -       -    (-,-) 
  g4861/z                                 (u)     in_0->z R     unmapped_complex2      1  3.6     0    17     154    (-,-) 
  n_3551                                  -       -       -     (net)                  -    -     -     -       -    (-,-) 
  g4862/z                                 (u)     in_1->z F     unmapped_nand2         3  9.6     0    22     175    (-,-) 
  wallaca_stage2_level1_sums[5]           -       -       -     (net)                  -    -     -     -       -    (-,-) 
  g5350/z                                 (u)     in_1->z F     unmapped_complex2      1  3.2     0    17     192    (-,-) 
  n_3506                                  -       -       -     (net)                  -    -     -     -       -    (-,-) 
  g4764/z                                 (u)     in_1->z R     unmapped_nand2         3 10.8     0    22     214    (-,-) 
  wallaca_genblk4[5].fa_s3_l1_n_3         -       -       -     (net)                  -    -     -     -       -    (-,-) 
  g4726/z                                 (u)     in_0->z R     unmapped_or2           1  3.6     0    17     230    (-,-) 
  n_3488                                  -       -       -     (net)                  -    -     -     -       -    (-,-) 
  g4727/z                                 (u)     in_1->z F     unmapped_nand2         3  9.6     0    22     252    (-,-) 
  wallaca_stage3_sums[5]                  -       -       -     (net)                  -    -     -     -       -    (-,-) 
  g4718/z                                 (u)     in_0->z F     unmapped_or2           1  3.2     0    17     268    (-,-) 
  n_3484                                  -       -       -     (net)                  -    -     -     -       -    (-,-) 
  g4719/z                                 (u)     in_1->z R     unmapped_nand2         3 10.8     0    22     290    (-,-) 
  wallaca_stage4_sums[5]                  -       -       -     (net)                  -    -     -     -       -    (-,-) 
  g5377/z                                 (u)     in_0->z F     unmapped_complex2      3  9.6     0    22     312    (-,-) 
  n_2160                                  -       -       -     (net)                  -    -     -     -       -    (-,-) 
  g4628/z                                 (u)     in_1->z R     unmapped_nand2         1  3.6     0    17     328    (-,-) 
  n_2335                                  -       -       -     (net)                  -    -     -     -       -    (-,-) 
  g4613/z                                 (u)     in_0->z F     unmapped_nand2         3  9.6     0    22     350    (-,-) 
  n_2161                                  -       -       -     (net)                  -    -     -     -       -    (-,-) 
  g4599/z                                 (u)     in_1->z R     unmapped_nand2         1  3.6     0    17     366    (-,-) 
  n_2304                                  -       -       -     (net)                  -    -     -     -       -    (-,-) 
  g4583/z                                 (u)     in_0->z F     unmapped_nand2         3  9.6     0    22     388    (-,-) 
  n_2162                                  -       -       -     (net)                  -    -     -     -       -    (-,-) 
  g5384/z                                 (u)     in_0->z F     unmapped_complex2      1  3.2     0    17     405    (-,-) 
  n_2310                                  -       -       -     (net)                  -    -     -     -       -    (-,-) 
  g4545/z                                 (u)     in_0->z R     unmapped_nand2         3 10.8     0    22     426    (-,-) 
  n_2163                                  -       -       -     (net)                  -    -     -     -       -    (-,-) 
  g4530/z                                 (u)     in_1->z F     unmapped_nand2         1  3.2     0    17     443    (-,-) 
  n_2322                                  -       -       -     (net)                  -    -     -     -       -    (-,-) 
  g4518/z                                 (u)     in_0->z R     unmapped_nand2         3 10.8     0    22     464    (-,-) 
  n_2164                                  -       -       -     (net)                  -    -     -     -       -    (-,-) 
  g4512/z                                 (u)     in_1->z F     unmapped_nand2         1  3.2     0    17     481    (-,-) 
  n_2318                                  -       -       -     (net)                  -    -     -     -       -    (-,-) 
  g4510/z                                 (u)     in_0->z R     unmapped_nand2         3 10.8     0    22     503    (-,-) 
  n_2165                                  -       -       -     (net)                  -    -     -     -       -    (-,-) 
  g4506/z                                 (u)     in_1->z F     unmapped_nand2         1  3.2     0    17     519    (-,-) 
  n_2312                                  -       -       -     (net)                  -    -     -     -       -    (-,-) 
  g4505/z                                 (u)     in_0->z R     unmapped_nand2         3 10.8     0    22     541    (-,-) 
  n_2166                                  -       -       -     (net)                  -    -     -     -       -    (-,-) 
  g4501/z                                 (u)     in_0->z F     unmapped_nand2         5 16.0     0    28     568    (-,-) 
  n_2316                                  -       -       -     (net)                  -    -     -     -       -    (-,-) 
  g4492/z                                 (u)     in_0->z R     unmapped_complex2      1  3.6     0    17     585    (-,-) 
  n_2801                                  -       -       -     (net)                  -    -     -     -       -    (-,-) 
  g4490/z                                 (u)     in_1->z F     unmapped_nand2         1  3.2     0    17     602    (-,-) 
  n_2802                                  -       -       -     (net)                  -    -     -     -       -    (-,-) 
  g4482/z                                 (u)     in_1->z R     unmapped_nand2         1  3.6     0    17     618    (-,-) 
  n_2838                                  -       -       -     (net)                  -    -     -     -       -    (-,-) 
  g4477/z                                 (u)     in_0->z F     unmapped_complex2      1  3.2     0    17     635    (-,-) 
  n_2839                                  -       -       -     (net)                  -    -     -     -       -    (-,-) 
  g5391/z                                 (u)     in_0->z R     unmapped_complex2      3 10.8     0    22     656    (-,-) 
  n_2840                                  -       -       -     (net)                  -    -     -     -       -    (-,-) 
  g3827/z                                 (u)     in_1->z R     unmapped_or2           2  7.2     0    19     676    (-,-) 
  n_2841                                  -       -       -     (net)                  -    -     -     -       -    (-,-) 
  g4452/z                                 (u)     in_0->z F     unmapped_nand2         3  9.6     0    22     697    (-,-) 
  n_2182                                  -       -       -     (net)                  -    -     -     -       -    (-,-) 
  g4449/z                                 (u)     in_1->z R     unmapped_nand2         1  3.6     0    17     714    (-,-) 
  n_2305                                  -       -       -     (net)                  -    -     -     -       -    (-,-) 
  g4442/z                                 (u)     in_0->z F     unmapped_nand2         3  9.6     0    22     735    (-,-) 
  n_2183                                  -       -       -     (net)                  -    -     -     -       -    (-,-) 
  g4427/z                                 (u)     in_1->z R     unmapped_nand2         1  3.6     0    17     752    (-,-) 
  n_2302                                  -       -       -     (net)                  -    -     -     -       -    (-,-) 
  g4426/z                                 (u)     in_0->z F     unmapped_nand2         2  6.4     0    19     771    (-,-) 
  n_2184                                  -       -       -     (net)                  -    -     -     -       -    (-,-) 
  g4420/z                                 (u)     in_1->z R     unmapped_nand2         1  3.6     0    17     788    (-,-) 
  n_3394                                  -       -       -     (net)                  -    -     -     -       -    (-,-) 
  g4421/z                                 (u)     in_1->z F     unmapped_nand2         3  9.6     0    22     809    (-,-) 
  n_2208                                  -       -       -     (net)                  -    -     -     -       -    (-,-) 
  g5401/z                                 (u)     in_0->z R     unmapped_complex2      1  3.6     0    17     826    (-,-) 
  n_2735                                  -       -       -     (net)                  -    -     -     -       -    (-,-) 
  g5403/z                                 (u)     in_1->z R     unmapped_complex2      1  3.6     0    17     842    (-,-) 
  n_2736                                  -       -       -     (net)                  -    -     -     -       -    (-,-) 
  g5405/z                                 (u)     in_1->z R     unmapped_complex2      2  7.2     0    19     862    (-,-) 
  n_2453                                  -       -       -     (net)                  -    -     -     -       -    (-,-) 
  g4397/z                                 (u)     in_1->z F     unmapped_nand2         1  3.2     0    17     878    (-,-) 
  n_3383                                  -       -       -     (net)                  -    -     -     -       -    (-,-) 
  g4391/z                                 (u)     in_0->z F     unmapped_or2           2  6.4     0    19     897    (-,-) 
  n_2573                                  -       -       -     (net)                  -    -     -     -       -    (-,-) 
  g4388/z                                 (u)     in_1->z R     unmapped_nand2         9 32.4     0    36     934    (-,-) 
  n_2219                                  -       -       -     (net)                  -    -     -     -       -    (-,-) 
  g5408/z                                 (u)     in_0->z F     unmapped_complex2     14 44.8     0    42     976    (-,-) 
  n_2238                                  -       -       -     (net)                  -    -     -     -       -    (-,-) 
  g4366/z                                 (u)     in_1->z F     unmapped_complex2      1  3.2     0    17     992    (-,-) 
  n_2466                                  -       -       -     (net)                  -    -     -     -       -    (-,-) 
  g5423/z                                 (u)     in_0->z R     unmapped_complex2      1  3.6     0    17    1009    (-,-) 
  n_2468                                  -       -       -     (net)                  -    -     -     -       -    (-,-) 
  g4322/z                                 (u)     in_1->z R     unmapped_complex2      1  3.6     0    17    1025    (-,-) 
  n_2274                                  -       -       -     (net)                  -    -     -     -       -    (-,-) 
  result_reg[22]/d                        <<<     -       R     unmapped_d_flop        1    -     -     0    1025    (-,-) 
#--------------------------------------------------------------------------------------------------------------------------

(u) : Net has unmapped pin(s).

Capture clock path:
#-------------------------------------------------------------------------------------------------
#   Timing Point     Flags   Arc   Edge      Cell        Fanout Load Trans Delay Arrival Instance 
#                                                               (fF)  (ps)  (ps)   (ps)  Location 
#-------------------------------------------------------------------------------------------------
  clk                (i,u)   -     R     (arrival)           25  0.0     0     0    1250    (-,-) 
  clk                -       -     -     (net)                -    -     -     -       -    (-,-) 
  clk                -       -     -     (net)                -    -     -     -       -    (-,-) 
  result_reg[22]/clk <<<     -     R     unmapped_d_flop     25    -     1     0    1250    (-,-) 
#-------------------------------------------------------------------------------------------------


