============================================================
  Generated by:           Genus(TM) Synthesis Solution 25.11-s095_1
  Generated on:           May 23 2026  08:18:14 pm
  Module:                 sysarr_32_input_fp_adder
  Operating conditions:   typical 
  Interconnect mode:      global
  Area mode:              physical library
============================================================

Timing
--------

Analysis view  Clock Period 
----------------------------
view_1p2_25   clock1 1000.0 


  Analysis    Cost   Critical        Violating 
    View     Group  Path Slack  TNS    Paths   
-----------------------------------------------
view_1p2_25  clock1        0.0  0.0          0 
            default   No paths  0.0          0 
-----------------------------------------------
Total                          -0.0          0 
                                               

Instance Count
--------------
Leaf Instance Count             18824 
Physical Instance count             0 
Sequential Instance Count        2069 
Combinational Instance Count    16755 
Hierarchical Instance Count         0 

Area
----
Cell Area                          30087.792
Physical Cell Area                 0.000
Total Cell Area (Cell+Physical)    30087.792
Net Area                           23836.149
Total Area (Cell+Physical+Net)     53923.941

Power
-----
Leakage Power                      671797.984 nW
Dynamic Power                      73616654.176 nW
Total Power                        74288452.160 nW

Max Fanout                         2069 (clk)
Min Fanout                         0 (adder_tree_inst_s1_g0_r[29])
Average Fanout                     2.0
Terms to net ratio                 3.2055
Terms to instance ratio            3.4344
Runtime                            49.194399 seconds
Elapsed Runtime                    53 seconds
Genus peak memory usage            1764.62 
Innovus peak memory usage          no_value 
Hostname                           asicfab.ecn.purdue.edu
