============================================================
  Generated by:           Genus(TM) Synthesis Solution 25.11-s095_1
  Generated on:           Mar 11 2026  06:34:15 am
  Operating conditions:   typical 
  Interconnect mode:      global
  Area mode:              physical library
============================================================

                                Leakage    Internal                          Library 
   Gate    Instances   Area   Power (nW)  Power (nW)          Library         Domain 
-------------------------------------------------------------------------------------
AND2_X1           51   54.264   1277.026    57503.637 NangateOpenCellLibrary       0 
AND2_X4            1    2.394    110.945     4495.094 NangateOpenCellLibrary       0 
AND3_X1            2    2.660     53.299     1822.254 NangateOpenCellLibrary       0 
AND4_X1            4    6.384     89.491       41.978 NangateOpenCellLibrary       0 
AOI211_X1          7    9.310    241.008     8523.187 NangateOpenCellLibrary       0 
AOI21_X1          42   44.688   1114.924    46320.285 NangateOpenCellLibrary       0 
AOI221_X1         14   22.344    500.757    15214.309 NangateOpenCellLibrary       0 
AOI222_X1         10   21.280    380.943    14403.304 NangateOpenCellLibrary       0 
AOI22_X1         172  228.760   5396.348   147447.010 NangateOpenCellLibrary       0 
AOI22_X4           1    4.522    140.077     2179.210 NangateOpenCellLibrary       0 
DFFR_X1          108  574.560   9525.002   891625.120 NangateOpenCellLibrary       0 
FA_X1             32  136.192   2439.893   140702.025 NangateOpenCellLibrary       0 
HA_X1             61  162.260   3673.058   181561.948 NangateOpenCellLibrary       0 
INV_X1           230  122.360   3328.668   105108.398 NangateOpenCellLibrary       0 
INV_X2             1    0.798     28.856      582.294 NangateOpenCellLibrary       0 
INV_X4             1    1.330     57.114      957.453 NangateOpenCellLibrary       0 
INV_X8             2    4.788    233.849     5475.823 NangateOpenCellLibrary       0 
MUX2_X1          234  435.708   8438.899   424760.303 NangateOpenCellLibrary       0 
MUX2_X2            3    7.182    204.217     9083.333 NangateOpenCellLibrary       0 
NAND2_X1         180  143.640   3635.491   107861.204 NangateOpenCellLibrary       0 
NAND3_X1          10   10.640    142.831     4716.726 NangateOpenCellLibrary       0 
NAND4_X1          11   14.630    169.006     1510.915 NangateOpenCellLibrary       0 
NOR2_X1           95   75.810   2049.087    49554.129 NangateOpenCellLibrary       0 
NOR3_X1            9    9.576    268.185     2228.496 NangateOpenCellLibrary       0 
NOR4_X1           32   42.560   1065.667     5742.763 NangateOpenCellLibrary       0 
OAI211_X1          8   10.640    242.108    11377.970 NangateOpenCellLibrary       0 
OAI21_X1          64   68.096   1650.708    61281.331 NangateOpenCellLibrary       0 
OAI21_X4           1    3.458    130.435     5045.410 NangateOpenCellLibrary       0 
OAI221_X1         23   36.708   1344.363    29144.276 NangateOpenCellLibrary       0 
OAI222_X1         20   42.560   1185.203    31028.459 NangateOpenCellLibrary       0 
OAI22_X1          71   94.430   2844.080    71297.605 NangateOpenCellLibrary       0 
OAI33_X1           2    3.724     67.559     4081.503 NangateOpenCellLibrary       0 
OR2_X1            46   48.944   1073.297    58651.224 NangateOpenCellLibrary       0 
OR3_X1             6    7.980    147.774     6726.507 NangateOpenCellLibrary       0 
OR4_X1             6    9.576    165.530     1003.645 NangateOpenCellLibrary       0 
SDFFR_X1          28  186.200   3024.697   295916.525 NangateOpenCellLibrary       0 
XNOR2_X1          79  126.084   2902.909   130770.163 NangateOpenCellLibrary       0 
XOR2_X1           77  122.892   2774.031   137355.322 NangateOpenCellLibrary       0 
XOR2_X2            3    7.182    198.848    11612.967 NangateOpenCellLibrary       0 
-------------------------------------------------------------------------------------
total           1747 2907.114  62316.185  3084714.108                                
                                           Leakage  Leakage   Internal  Internal 
     Type      Instances   Area   Area % Power (nW) Power %  Power (nW)  Power % 
---------------------------------------------------------------------------------
sequential           136  760.760   26.2  12549.699    20.1 1187541.646     38.5 
inverter             234  129.276    4.4   3648.487     5.9  112123.968      3.6 
logic               1377 2017.078   69.4  46117.999    74.0 1785048.494     57.9 
physical_cells         0    0.000    0.0      0.000     0.0       0.000      0.0 
---------------------------------------------------------------------------------
total               1747 2907.114  100.0  62316.185   100.0 3084714.108    100.0 
