============================================================
  Generated by:           Genus(TM) Synthesis Solution 25.11-s095_1
  Generated on:           Mar 10 2026  10:15:50 am
  Operating conditions:   typical 
  Interconnect mode:      global
  Area mode:              physical library
============================================================

                               Leakage    Internal                         Library 
   Gate    Instances   Area  Power (nW)  Power (nW)         Library         Domain 
-----------------------------------------------------------------------------------
AND2_X1           13  13.832    336.116    9797.003 NangateOpenCellLibrary       0 
AND2_X2            2   2.660    100.413    4973.269 NangateOpenCellLibrary       0 
AND4_X1            2   3.192     52.561    1235.140 NangateOpenCellLibrary       0 
AOI21_X1          19  20.216    573.089   15001.273 NangateOpenCellLibrary       0 
AOI21_X2           3   5.586    145.903    3973.657 NangateOpenCellLibrary       0 
AOI22_X1           6   7.980    220.642    4543.645 NangateOpenCellLibrary       0 
BUF_X1             1   0.798     19.553     223.740 NangateOpenCellLibrary       0 
BUF_X2             1   1.064     42.298    1225.427 NangateOpenCellLibrary       0 
DFFR_X1           25 133.000   2202.241  315907.985 NangateOpenCellLibrary       0 
FA_X1              5  21.280    396.533   15880.313 NangateOpenCellLibrary       0 
HA_X1              9  23.940    552.073   12057.213 NangateOpenCellLibrary       0 
INV_X1            92  48.944   1361.490   29143.483 NangateOpenCellLibrary       0 
INV_X2             1   0.798     23.012     429.967 NangateOpenCellLibrary       0 
INV_X4             2   2.660    131.829    1401.483 NangateOpenCellLibrary       0 
MUX2_X1            3   5.586    109.371    5164.395 NangateOpenCellLibrary       0 
NAND2_X1         112  89.376   2212.678   50976.709 NangateOpenCellLibrary       0 
NAND2_X2           8  10.640    344.972    5429.924 NangateOpenCellLibrary       0 
NAND2_X4          18  43.092   1224.833   19652.436 NangateOpenCellLibrary       0 
NAND3_X1          11  11.704    180.477    4494.915 NangateOpenCellLibrary       0 
NAND4_X1           5   6.650    119.019    2329.985 NangateOpenCellLibrary       0 
NOR2_X1           50  39.900   1068.568   20231.111 NangateOpenCellLibrary       0 
NOR2_X2            4   5.320    185.029    2002.217 NangateOpenCellLibrary       0 
NOR3_X1            4   4.256    100.322    1521.196 NangateOpenCellLibrary       0 
NOR4_X1            6   7.980    195.609    1353.590 NangateOpenCellLibrary       0 
OAI211_X1          4   5.320     93.029    4913.589 NangateOpenCellLibrary       0 
OAI21_X1          30  31.920    848.838   30606.366 NangateOpenCellLibrary       0 
OAI21_X2           1   1.862     51.523    1578.049 NangateOpenCellLibrary       0 
OAI221_X1          1   1.596     51.736    2620.252 NangateOpenCellLibrary       0 
OAI22_X1          19  25.270    728.351   29385.877 NangateOpenCellLibrary       0 
OR2_X1            13  13.832    301.409   11206.751 NangateOpenCellLibrary       0 
OR2_X2             1   1.330     46.240    2596.106 NangateOpenCellLibrary       0 
OR3_X2             2   3.192     97.180    8545.187 NangateOpenCellLibrary       0 
XNOR2_X1          66 105.336   2400.091  100054.743 NangateOpenCellLibrary       0 
XNOR2_X2          15  39.900   1015.396   30419.102 NangateOpenCellLibrary       0 
XOR2_X1           16  25.536    576.435   28546.263 NangateOpenCellLibrary       0 
-----------------------------------------------------------------------------------
total            570 765.548  18108.860  779422.360                                
                                          Leakage  Leakage  Internal  Internal 
     Type      Instances   Area  Area % Power (nW) Power % Power (nW)  Power % 
-------------------------------------------------------------------------------
sequential            25 133.000   17.4   2202.241    12.2 315907.985     40.5 
inverter              95  52.402    6.8   1516.331     8.4  30974.933      4.0 
buffer                 2   1.862    0.2     61.851     0.3   1449.166      0.2 
logic                448 578.284   75.5  14328.437    79.1 431090.275     55.3 
physical_cells         0   0.000    0.0      0.000     0.0      0.000      0.0 
-------------------------------------------------------------------------------
total                570 765.548  100.0  18108.860   100.0 779422.360    100.0 
