============================================================
  Generated by:           Genus(TM) Synthesis Solution 25.11-s095_1
  Generated on:           Mar 10 2026  11:35:31 pm
  Operating conditions:   typical 
  Interconnect mode:      global
  Area mode:              physical library
============================================================

                                Leakage    Internal                          Library 
   Gate    Instances   Area   Power (nW)  Power (nW)          Library         Domain 
-------------------------------------------------------------------------------------
AND2_X1           35   37.240    923.223    50572.233 NangateOpenCellLibrary       0 
AND2_X2            9   11.970    437.373    15133.463 NangateOpenCellLibrary       0 
AND2_X4            2    4.788    183.907     4737.685 NangateOpenCellLibrary       0 
AND3_X1            5    6.650    125.079     5032.829 NangateOpenCellLibrary       0 
AND3_X2            2    3.192    108.631     7375.234 NangateOpenCellLibrary       0 
AND4_X1            7   11.172    183.349     5464.256 NangateOpenCellLibrary       0 
AOI211_X1          1    1.330     34.774     2213.089 NangateOpenCellLibrary       0 
AOI21_X1          65   69.160   1636.191   100684.568 NangateOpenCellLibrary       0 
AOI21_X2           8   14.896    417.673    23044.836 NangateOpenCellLibrary       0 
AOI21_X4           6   20.748    674.588    24104.363 NangateOpenCellLibrary       0 
AOI221_X1         23   36.708    837.219    40663.503 NangateOpenCellLibrary       0 
AOI222_X1         22   46.816    822.866    43432.179 NangateOpenCellLibrary       0 
AOI22_X1         185  246.050   5609.568   221485.224 NangateOpenCellLibrary       0 
AOI22_X2           5   11.970    339.581    13645.767 NangateOpenCellLibrary       0 
AOI22_X4           1    4.522    130.448     2152.688 NangateOpenCellLibrary       0 
BUF_X2             1    1.064     43.640     3471.109 NangateOpenCellLibrary       0 
CLKBUF_X1          1    0.798     10.769     1350.223 NangateOpenCellLibrary       0 
DFFR_X1          130  691.600  11466.759  1606344.313 NangateOpenCellLibrary       0 
FA_X1             20   85.120   1520.386   132845.262 NangateOpenCellLibrary       0 
HA_X1             61  162.260   3714.819   286347.305 NangateOpenCellLibrary       0 
INV_X1           316  168.112   4503.001   220702.154 NangateOpenCellLibrary       0 
INV_X2            28   22.344    839.701    27514.212 NangateOpenCellLibrary       0 
INV_X4            13   17.290    778.004    20820.412 NangateOpenCellLibrary       0 
INV_X8             6   14.364    720.564    15524.609 NangateOpenCellLibrary       0 
MUX2_X1          153  284.886   5584.025   448106.470 NangateOpenCellLibrary       0 
MUX2_X2            2    4.788    139.623    10233.309 NangateOpenCellLibrary       0 
NAND2_X1         241  192.318   4368.384   194064.656 NangateOpenCellLibrary       0 
NAND2_X2          25   33.250    964.624    28256.093 NangateOpenCellLibrary       0 
NAND2_X4          15   35.910   1208.361    37073.563 NangateOpenCellLibrary       0 
NAND3_X1          14   14.896    276.123    14155.762 NangateOpenCellLibrary       0 
NAND3_X2          10   18.620    560.745    13221.465 NangateOpenCellLibrary       0 
NAND3_X4           1    3.458     42.921        0.000 NangateOpenCellLibrary       0 
NAND4_X1          14   18.620    267.638     4430.904 NangateOpenCellLibrary       0 
NAND4_X2           1    2.394     19.521        0.000 NangateOpenCellLibrary       0 
NOR2_X1          166  132.468   3512.352   156399.244 NangateOpenCellLibrary       0 
NOR2_X2           10   13.300    446.610     9925.765 NangateOpenCellLibrary       0 
NOR2_X4            4    9.576    351.805    11498.628 NangateOpenCellLibrary       0 
NOR3_X1           10   10.640    292.599     7215.206 NangateOpenCellLibrary       0 
NOR4_X1           26   34.580    858.843     5867.818 NangateOpenCellLibrary       0 
OAI211_X1         15   19.950    709.423    27497.720 NangateOpenCellLibrary       0 
OAI211_X2          1    2.394     73.140     4876.774 NangateOpenCellLibrary       0 
OAI211_X4          1    4.522    202.700     6350.173 NangateOpenCellLibrary       0 
OAI21_X1         108  114.912   3337.125   160919.507 NangateOpenCellLibrary       0 
OAI21_X2          12   22.344    668.547    27448.683 NangateOpenCellLibrary       0 
OAI21_X4           8   27.664    899.785    30821.510 NangateOpenCellLibrary       0 
OAI221_X1         30   47.880   1640.378    56846.778 NangateOpenCellLibrary       0 
OAI222_X1         19   40.432   1182.711    40908.127 NangateOpenCellLibrary       0 
OAI22_X1          96  127.680   3878.507   140203.094 NangateOpenCellLibrary       0 
OAI22_X2           1    2.394     68.052     1088.064 NangateOpenCellLibrary       0 
OAI33_X1           1    1.862     36.770     2632.187 NangateOpenCellLibrary       0 
OR2_X1            39   41.496    894.546    59592.951 NangateOpenCellLibrary       0 
OR2_X2             6    7.980    258.718    13519.416 NangateOpenCellLibrary       0 
OR2_X4             1    2.394     90.727     5462.084 NangateOpenCellLibrary       0 
OR3_X1             6    7.980    146.982     9932.468 NangateOpenCellLibrary       0 
OR4_X1             4    6.384    106.934     1170.650 NangateOpenCellLibrary       0 
SDFFR_X1           6   39.900    648.423    96534.227 NangateOpenCellLibrary       0 
XNOR2_X1         112  178.752   4146.311   297588.531 NangateOpenCellLibrary       0 
XNOR2_X2           1    2.660     74.536     5282.523 NangateOpenCellLibrary       0 
XOR2_X1           40   63.840   1425.449   103951.140 NangateOpenCellLibrary       0 
XOR2_X2            4    9.576    297.194    19763.894 NangateOpenCellLibrary       0 
-------------------------------------------------------------------------------------
total           2155 3272.864  75743.244  4927500.899                                
                                           Leakage  Leakage   Internal  Internal 
     Type      Instances   Area   Area % Power (nW) Power %  Power (nW)  Power % 
---------------------------------------------------------------------------------
sequential           136  731.500   22.4  12115.182    16.0 1702878.539     34.6 
inverter             363  222.110    6.8   6841.270     9.0  284561.387      5.8 
buffer                 2    1.862    0.1     54.409     0.1    4821.332      0.1 
logic               1654 2317.392   70.8  56732.382    74.9 2935239.641     59.6 
physical_cells         0    0.000    0.0      0.000     0.0       0.000      0.0 
---------------------------------------------------------------------------------
total               2155 3272.864  100.0  75743.244   100.0 4927500.899    100.0 
