============================================================
  Generated by:           Genus(TM) Synthesis Solution 25.11-s095_1
  Generated on:           May 23 2026  01:21:10 pm
  Module:                 sysarr_32_input_fp_adder
  Library domain:         timing_condition_tt_1p2v_25c
    Domain index:         0
    Technology library:   NangateOpenCellLibrary revision 1.0
  Operating conditions:   typical 
  Interconnect mode:      global
  Area mode:              physical library
============================================================

Timing
--------

Analysis view  Clock Period 
----------------------------
view_1p2_25   clock1 1000.0 


  Analysis    Cost   Critical           Violating 
    View     Group  Path Slack   TNS      Paths   
--------------------------------------------------
view_1p2_25  clock1      -19.0 -1593.0        189 
            default   No paths     0.0          0 
--------------------------------------------------
Total                          -1593.0        189 
                                                  

Instance Count
--------------
Leaf Instance Count             25093 
Physical Instance count             0 
Sequential Instance Count        2079 
Combinational Instance Count    23014 
Hierarchical Instance Count         0 

Area
----
Cell Area                          37442.160
Physical Cell Area                 0.000
Total Cell Area (Cell+Physical)    37442.160
Net Area                           30716.394
Total Area (Cell+Physical+Net)     68158.554

Power
-----
Leakage Power                      865120.620 nW
Dynamic Power                      97365463.087 nW
Total Power                        98230583.706 nW

Max Fanout                         2079 (clk)
Min Fanout                         0 (n_13164)
Average Fanout                     1.9
Terms to net ratio                 3.0627
Terms to instance ratio            3.2621
Runtime                            49.969241 seconds
Elapsed Runtime                    54 seconds
Genus peak memory usage            1779.05 
Innovus peak memory usage          no_value 
Hostname                           asicfab.ecn.purdue.edu
