============================================================
  Generated by:           Genus(TM) Synthesis Solution 25.11-s095_1
  Generated on:           Feb 24 2026  02:26:33 pm
  Module:                 add_fp16
  Library domain:         timing_condition_tt_1p2v_25c
    Domain index:         0
    Technology libraries: MITLL90_STDLIB_8T.tt1p2v25c 1.0
                          MITLL90_IOPads_5_1_1.tt1p2v25c 1.0
  Operating conditions:   PVT_1P2V_25C 
  Interconnect mode:      global
  Area mode:              physical library
============================================================

Timing
--------

Analysis view  Clock Period 
----------------------------
view_1p2_25   clock1 1980.0 


  Analysis    Cost   Critical        Violating 
    View     Group  Path Slack  TNS    Paths   
-----------------------------------------------
view_1p2_25  clock1       32.6  0.0          0 
            default   No paths  0.0          0 
-----------------------------------------------
Total                          -0.0          0 
                                               

Instance Count
--------------
Leaf Instance Count             1018 
Physical Instance count            0 
Sequential Instance Count         39 
Combinational Instance Count     979 
Hierarchical Instance Count        0 

Area
----
Cell Area                          4934.170
Physical Cell Area                 0.000
Total Cell Area (Cell+Physical)    4934.170
Net Area                           3289.194
Total Area (Cell+Physical+Net)     8223.364

Power
-----
Leakage Power                      2691.925 nW
Dynamic Power                      3205743.940 nW
Total Power                        3208435.865 nW

Max Fanout                         39 (clk)
Min Fanout                         0 (nRST)
Average Fanout                     2.2
Terms to net ratio                 3.2192
Terms to instance ratio            3.3615
Runtime                            68.989112 seconds
Elapsed Runtime                    77 seconds
Genus peak memory usage            2323.23 
Innovus peak memory usage          no_value 
Hostname                           asicfab.ecn.purdue.edu
