============================================================
  Generated by:           Genus(TM) Synthesis Solution 25.11-s095_1
  Generated on:           Mar 10 2026  11:06:45 pm
  Module:                 sysarr_4_input_fp_adder
  Operating conditions:   typical 
  Interconnect mode:      global
  Area mode:              physical library
============================================================

Timing
--------

Analysis view  Clock Period 
----------------------------
view_1p2_25   clock1 1042.0 


  Analysis    Cost   Critical        Violating 
    View     Group  Path Slack  TNS    Paths   
-----------------------------------------------
view_1p2_25  clock1        0.0  0.0          0 
            default   No paths  0.0          0 
-----------------------------------------------
Total                          -0.0          0 
                                               

Instance Count
--------------
Leaf Instance Count             2118 
Physical Instance count            0 
Sequential Instance Count        136 
Combinational Instance Count    1982 
Hierarchical Instance Count        0 

Area
----
Cell Area                          3301.060
Physical Cell Area                 0.000
Total Cell Area (Cell+Physical)    3301.060
Net Area                           3127.886
Total Area (Cell+Physical+Net)     6428.946

Power
-----
Leakage Power                      76880.907 nW
Dynamic Power                      9106500.213 nW
Total Power                        9183381.120 nW

Max Fanout                         136 (clk)
Min Fanout                         0 (st1_carry_vec[24])
Average Fanout                     2.4
Terms to net ratio                 3.4037
Terms to instance ratio            3.7894
Runtime                            44.950818 seconds
Elapsed Runtime                    51 seconds
Genus peak memory usage            1694.07 
Innovus peak memory usage          no_value 
Hostname                           asicfab.ecn.purdue.edu
