============================================================
  Generated by:           Genus(TM) Synthesis Solution 25.11-s095_1
  Generated on:           Mar 11 2026  03:23:28 am
  Module:                 sysarr_4_input_fp_adder
  Operating conditions:   typical 
  Interconnect mode:      global
  Area mode:              physical library
============================================================

Timing
--------

Analysis view  Clock Period 
----------------------------
view_1p2_25   clock1 1266.0 


  Analysis    Cost   Critical        Violating 
    View     Group  Path Slack  TNS    Paths   
-----------------------------------------------
view_1p2_25  clock1        0.3  0.0          0 
            default   No paths  0.0          0 
-----------------------------------------------
Total                          -0.0          0 
                                               

Instance Count
--------------
Leaf Instance Count             1826 
Physical Instance count            0 
Sequential Instance Count        136 
Combinational Instance Count    1690 
Hierarchical Instance Count        0 

Area
----
Cell Area                          2973.348
Physical Cell Area                 0.000
Total Cell Area (Cell+Physical)    2973.348
Net Area                           2681.710
Total Area (Cell+Physical+Net)     5655.058

Power
-----
Leakage Power                      64928.763 nW
Dynamic Power                      7030308.847 nW
Total Power                        7095237.610 nW

Max Fanout                         136 (clk)
Min Fanout                         0 (st1_carry_vec[2])
Average Fanout                     2.3
Terms to net ratio                 3.3731
Terms to instance ratio            3.7924
Runtime                            45.966042 seconds
Elapsed Runtime                    51 seconds
Genus peak memory usage            1687.56 
Innovus peak memory usage          no_value 
Hostname                           asicfab.ecn.purdue.edu
