============================================================
  Generated by:           Genus(TM) Synthesis Solution 25.11-s095_1
  Generated on:           May 24 2026  12:39:53 am
  Module:                 sysarr_32_input_fp_adder
  Operating conditions:   typical 
  Interconnect mode:      global
  Area mode:              physical library
============================================================

Timing
--------

Analysis view  Clock Period 
----------------------------
view_1p2_25   clock1 1000.0 


  Analysis    Cost   Critical        Violating 
    View     Group  Path Slack  TNS    Paths   
-----------------------------------------------
view_1p2_25  clock1        0.0  0.0          0 
            default   No paths  0.0          0 
-----------------------------------------------
Total                          -0.0          0 
                                               

Instance Count
--------------
Leaf Instance Count             19540 
Physical Instance count             0 
Sequential Instance Count        2903 
Combinational Instance Count    16637 
Hierarchical Instance Count         0 

Area
----
Cell Area                          33801.418
Physical Cell Area                 0.000
Total Cell Area (Cell+Physical)    33801.418
Net Area                           24675.923
Total Area (Cell+Physical+Net)     58477.341

Power
-----
Leakage Power                      719823.130 nW
Dynamic Power                      74442967.118 nW
Total Power                        75162790.248 nW

Max Fanout                         2903 (clk)
Min Fanout                         0 (adder_tree_inst_s1_g2_r[1])
Average Fanout                     2.1
Terms to net ratio                 3.3507
Terms to instance ratio            3.5444
Runtime                            50.979157 seconds
Elapsed Runtime                    54 seconds
Genus peak memory usage            1768.44 
Innovus peak memory usage          no_value 
Hostname                           asicfab.ecn.purdue.edu
