============================================================
  Generated by:           Genus(TM) Synthesis Solution 25.11-s095_1
  Generated on:           May 23 2026  12:18:56 am
  Module:                 sysarr_32_input_fp_adder
  Operating conditions:   typical 
  Interconnect mode:      global
  Area mode:              physical library
============================================================


Path 1: VIOLATED (-6 ps) Setup Check with Pin abs_sum_reg[0]/clk->d
           View: view_1p2_25
          Group: clock1
     Startpoint: (R) aligner_inst_aligned_mant_out_reg[22][5]/clk
          Clock: (R) clock1
       Endpoint: (R) abs_sum_reg[0]/d
          Clock: (R) clock1

                     Capture       Launch     
        Clock Edge:+    1000            0     
       Src Latency:+       0            0     
       Net Latency:+       0 (I)        0 (I) 
           Arrival:=    1000            0     
                                              
             Setup:-      38                  
       Uncertainty:-       0                  
     Required Time:=     962                  
      Launch Clock:-       0                  
         Data Path:-     968                  
             Slack:=      -6                  

Launch clock path:
#---------------------------------------------------------------------------------------------------------------------------
#                Timing Point                  Flags   Arc   Edge      Cell        Fanout Load Trans Delay Arrival Instance 
#                                                                                         (fF)  (ps)  (ps)   (ps)  Location 
#---------------------------------------------------------------------------------------------------------------------------
  clk                                          (i,u)   -     R     (arrival)         2173  0.0     0     0       0    (-,-) 
  clk                                          -       -     -     (net)                -    -     -     -       -    (-,-) 
  clk                                          -       -     -     (net)                -    -     -     -       -    (-,-) 
  aligner_inst_aligned_mant_out_reg[22][5]/clk <<<     -     R     unmapped_d_flop   2173    -     1     0       0    (-,-) 
#---------------------------------------------------------------------------------------------------------------------------

#--------------------------------------------------------------------------------------------------------------------------------
#                Timing Point                  Flags    Arc    Edge       Cell         Fanout  Load Trans Delay Arrival Instance 
#                                                                                              (fF)  (ps)  (ps)   (ps)  Location 
#--------------------------------------------------------------------------------------------------------------------------------
  aligner_inst_aligned_mant_out_reg[22][5]/clk -       -       R     (arrival)           2173     -     1     0       0    (-,-) 
  aligner_inst_aligned_mant_out_reg[22][5]/q   (u)     clk->q  R     unmapped_d_flop       15  54.0     0   138     138    (-,-) 
  w_aligned_mants[22][5]                       -       -       -     (net)                  -     -     -     -       -    (-,-) 
  csa_tree_ADD_TC_OP_30/g25021/z               (u)     in_0->z F     unmapped_complex2      1   3.2     0    17     154    (-,-) 
  csa_tree_ADD_TC_OP_30/n_20092                -       -       -     (net)                  -     -     -     -       -    (-,-) 
  csa_tree_ADD_TC_OP_30/g25022/z               (u)     in_1->z R     unmapped_nand2         2   7.2     0    19     173    (-,-) 
  csa_tree_ADD_TC_OP_30/n_6701                 -       -       -     (net)                  -     -     -     -       -    (-,-) 
  csa_tree_ADD_TC_OP_30/g23800/z               (u)     in_0->z F     unmapped_complex2      1   3.2     0    17     190    (-,-) 
  csa_tree_ADD_TC_OP_30/n_19486                -       -       -     (net)                  -     -     -     -       -    (-,-) 
  csa_tree_ADD_TC_OP_30/g23801/z               (u)     in_1->z R     unmapped_nand2         4  14.4     0    24     214    (-,-) 
  csa_tree_ADD_TC_OP_30/n_6702                 -       -       -     (net)                  -     -     -     -       -    (-,-) 
  csa_tree_ADD_TC_OP_30/g13800/z               (u)     in_0->z R     unmapped_or2           1   3.6     0    17     231    (-,-) 
  csa_tree_ADD_TC_OP_30/n_11151                -       -       -     (net)                  -     -     -     -       -    (-,-) 
  csa_tree_ADD_TC_OP_30/g22536/z               (u)     in_0->z F     unmapped_nand2         1   3.2     0    17     248    (-,-) 
  csa_tree_ADD_TC_OP_30/n_11987                -       -       -     (net)                  -     -     -     -       -    (-,-) 
  csa_tree_ADD_TC_OP_30/g21534/z               (u)     in_0->z R     unmapped_nand2         4  14.4     0    24     272    (-,-) 
  csa_tree_ADD_TC_OP_30/n_6776                 -       -       -     (net)                  -     -     -     -       -    (-,-) 
  csa_tree_ADD_TC_OP_30/g13796/z               (u)     in_1->z R     unmapped_or2           1   3.6     0    17     289    (-,-) 
  csa_tree_ADD_TC_OP_30/n_11149                -       -       -     (net)                  -     -     -     -       -    (-,-) 
  csa_tree_ADD_TC_OP_30/g20335/z               (u)     in_0->z F     unmapped_nand2         1   3.2     0    17     305    (-,-) 
  csa_tree_ADD_TC_OP_30/n_11993                -       -       -     (net)                  -     -     -     -       -    (-,-) 
  csa_tree_ADD_TC_OP_30/g19954/z               (u)     in_0->z R     unmapped_nand2         4  14.4     0    24     330    (-,-) 
  csa_tree_ADD_TC_OP_30/n_7064                 -       -       -     (net)                  -     -     -     -       -    (-,-) 
  csa_tree_ADD_TC_OP_30/g13798/z               (u)     in_1->z R     unmapped_or2           1   3.6     0    17     346    (-,-) 
  csa_tree_ADD_TC_OP_30/n_11150                -       -       -     (net)                  -     -     -     -       -    (-,-) 
  csa_tree_ADD_TC_OP_30/g19540/z               (u)     in_0->z F     unmapped_nand2         1   3.2     0    17     363    (-,-) 
  csa_tree_ADD_TC_OP_30/n_11999                -       -       -     (net)                  -     -     -     -       -    (-,-) 
  csa_tree_ADD_TC_OP_30/g19317/z               (u)     in_0->z R     unmapped_nand2         3  10.8     0    22     385    (-,-) 
  csa_tree_ADD_TC_OP_30/n_7164                 -       -       -     (net)                  -     -     -     -       -    (-,-) 
  csa_tree_ADD_TC_OP_30/g19028/z               (u)     in_0->z R     unmapped_complex2      1   3.6     0    17     401    (-,-) 
  csa_tree_ADD_TC_OP_30/n_17450                -       -       -     (net)                  -     -     -     -       -    (-,-) 
  csa_tree_ADD_TC_OP_30/g19029/z               (u)     in_1->z F     unmapped_nand2         2   6.4     0    19     420    (-,-) 
  csa_tree_ADD_TC_OP_30/n_10976                -       -       -     (net)                  -     -     -     -       -    (-,-) 
  csa_tree_ADD_TC_OP_30/g18887/z               (u)     in_0->z F     unmapped_complex2      1   3.2     0    17     437    (-,-) 
  csa_tree_ADD_TC_OP_30/n_17388                -       -       -     (net)                  -     -     -     -       -    (-,-) 
  csa_tree_ADD_TC_OP_30/g18888/z               (u)     in_1->z R     unmapped_nand2         4  14.4     0    24     461    (-,-) 
  csa_tree_ADD_TC_OP_30/n_7190                 -       -       -     (net)                  -     -     -     -       -    (-,-) 
  csa_tree_ADD_TC_OP_30/g13780/z               (u)     in_1->z R     unmapped_or2           1   3.6     0    17     478    (-,-) 
  csa_tree_ADD_TC_OP_30/n_11141                -       -       -     (net)                  -     -     -     -       -    (-,-) 
  csa_tree_ADD_TC_OP_30/g18607/z               (u)     in_0->z F     unmapped_nand2         1   3.2     0    17     495    (-,-) 
  csa_tree_ADD_TC_OP_30/n_11969                -       -       -     (net)                  -     -     -     -       -    (-,-) 
  csa_tree_ADD_TC_OP_30/g18565/z               (u)     in_0->z R     unmapped_nand2         3  10.8     0    22     516    (-,-) 
  csa_tree_ADD_TC_OP_30/n_7350                 -       -       -     (net)                  -     -     -     -       -    (-,-) 
  csa_tree_ADD_TC_OP_30/g18483/z               (u)     in_0->z F     unmapped_complex2      1   3.2     0    17     533    (-,-) 
  csa_tree_ADD_TC_OP_30/n_17222                -       -       -     (net)                  -     -     -     -       -    (-,-) 
  csa_tree_ADD_TC_OP_30/g18484/z               (u)     in_1->z R     unmapped_nand2         2   7.2     0    19     552    (-,-) 
  csa_tree_ADD_TC_OP_30/n_7351                 -       -       -     (net)                  -     -     -     -       -    (-,-) 
  csa_tree_ADD_TC_OP_30/g18398/z               (u)     in_0->z F     unmapped_complex2      1   3.2     0    17     568    (-,-) 
  csa_tree_ADD_TC_OP_30/n_17180                -       -       -     (net)                  -     -     -     -       -    (-,-) 
  csa_tree_ADD_TC_OP_30/g18399/z               (u)     in_1->z R     unmapped_nand2         4  14.4     0    24     593    (-,-) 
  csa_tree_ADD_TC_OP_30/n_7352                 -       -       -     (net)                  -     -     -     -       -    (-,-) 
  csa_tree_ADD_TC_OP_30/g13778/z               (u)     in_0->z R     unmapped_or2           1   3.6     0    17     610    (-,-) 
  csa_tree_ADD_TC_OP_30/n_11140                -       -       -     (net)                  -     -     -     -       -    (-,-) 
  csa_tree_ADD_TC_OP_30/g18243/z               (u)     in_0->z F     unmapped_nand2         1   3.2     0    17     626    (-,-) 
  csa_tree_ADD_TC_OP_30/n_11975                -       -       -     (net)                  -     -     -     -       -    (-,-) 
  csa_tree_ADD_TC_OP_30/g18156/z               (u)     in_0->z R     unmapped_nand2         5  18.0     0    28     654    (-,-) 
  n_27081                                      -       -       -     (net)                  -     -     -     -       -    (-,-) 
  final_adder_ADD_TC_OP_30/g938/z              (u)     in_0->z R     unmapped_or2           4  14.4     0    24     678    (-,-) 
  final_adder_ADD_TC_OP_30/n_136               -       -       -     (net)                  -     -     -     -       -    (-,-) 
  final_adder_ADD_TC_OP_30/g904/z              (u)     in_0->z F     unmapped_nand2         2   6.4     0    19     697    (-,-) 
  final_adder_ADD_TC_OP_30/n_218               -       -       -     (net)                  -     -     -     -       -    (-,-) 
  final_adder_ADD_TC_OP_30/g804/z              (u)     in_1->z F     unmapped_complex2      1   3.2     0    17     714    (-,-) 
  final_adder_ADD_TC_OP_30/n_221               -       -       -     (net)                  -     -     -     -       -    (-,-) 
  final_adder_ADD_TC_OP_30/g766/z              (u)     in_0->z R     unmapped_complex2      5  18.0     0    28     742    (-,-) 
  final_adder_ADD_TC_OP_30/n_285               -       -       -     (net)                  -     -     -     -       -    (-,-) 
  final_adder_ADD_TC_OP_30/g758/z              (u)     in_0->z F     unmapped_complex2      1   3.2     0    17     758    (-,-) 
  final_adder_ADD_TC_OP_30/n_298               -       -       -     (net)                  -     -     -     -       -    (-,-) 
  final_adder_ADD_TC_OP_30/g734/z              (u)     in_0->z R     unmapped_complex2      1   3.6     0    17     775    (-,-) 
  final_adder_ADD_TC_OP_30/n_350               -       -       -     (net)                  -     -     -     -       -    (-,-) 
  final_adder_ADD_TC_OP_30/g694/z              (u)     in_1->z R     unmapped_complex2     18  64.8     0    45     820    (-,-) 
  final_adder_ADD_TC_OP_30/n_388               -       -       -     (net)                  -     -     -     -       -    (-,-) 
  final_adder_ADD_TC_OP_30/g577/z              (u)     in_0->z F     unmapped_complex2      1   3.2     0    17     837    (-,-) 
  final_adder_ADD_TC_OP_30/n_439               -       -       -     (net)                  -     -     -     -       -    (-,-) 
  final_adder_ADD_TC_OP_30/g946/z              (u)     in_0->z F     unmapped_complex2      5  16.0     0    28     864    (-,-) 
  w_tree_sum_raw[32]                           -       -       -     (net)                  -     -     -     -       -    (-,-) 
  g59711/z                                     (u)     in_0->z F     unmapped_or2          33 105.6     0    54     919    (-,-) 
  n_27130                                      -       -       -     (net)                  -     -     -     -       -    (-,-) 
  g59636/z                                     (u)     in_1->z F     unmapped_complex2      1   3.2     0    17     935    (-,-) 
  n_154056                                     -       -       -     (net)                  -     -     -     -       -    (-,-) 
  g59568/z                                     (u)     in_1->z R     unmapped_nand2         1   3.6     0    17     952    (-,-) 
  n_154058                                     -       -       -     (net)                  -     -     -     -       -    (-,-) 
  g59496/z                                     (u)     in_1->z R     unmapped_or2           1   3.6     0    17     968    (-,-) 
  n_74130                                      -       -       -     (net)                  -     -     -     -       -    (-,-) 
  abs_sum_reg[0]/d                             <<<     -       R     unmapped_d_flop        1     -     -     0     968    (-,-) 
#--------------------------------------------------------------------------------------------------------------------------------

(u) : Net has unmapped pin(s).

Capture clock path:
#-------------------------------------------------------------------------------------------------
#   Timing Point     Flags   Arc   Edge      Cell        Fanout Load Trans Delay Arrival Instance 
#                                                               (fF)  (ps)  (ps)   (ps)  Location 
#-------------------------------------------------------------------------------------------------
  clk                (i,u)   -     R     (arrival)         2173  0.0     0     0    1000    (-,-) 
  clk                -       -     -     (net)                -    -     -     -       -    (-,-) 
  clk                -       -     -     (net)                -    -     -     -       -    (-,-) 
  abs_sum_reg[0]/clk <<<     -     R     unmapped_d_flop   2173    -     1     0    1000    (-,-) 
#-------------------------------------------------------------------------------------------------


