============================================================
  Generated by:           Genus(TM) Synthesis Solution 25.11-s095_1
  Generated on:           Mar 10 2026  11:06:14 am
  Module:                 add_fp16
  Operating conditions:   typical 
  Interconnect mode:      global
  Area mode:              physical library
============================================================

Timing
--------

Analysis view  Clock Period 
----------------------------
view_1p2_25   clock1 1031.0 


  Analysis    Cost   Critical        Violating 
    View     Group  Path Slack  TNS    Paths   
-----------------------------------------------
view_1p2_25  clock1        0.0  0.0          0 
            default   No paths  0.0          0 
-----------------------------------------------
Total                          -0.0          0 
                                               

Instance Count
--------------
Leaf Instance Count             1890 
Physical Instance count            0 
Sequential Instance Count         68 
Combinational Instance Count    1822 
Hierarchical Instance Count        0 

Area
----
Cell Area                          2350.110
Physical Cell Area                 0.000
Total Cell Area (Cell+Physical)    2350.110
Net Area                           2665.969
Total Area (Cell+Physical+Net)     5016.079

Power
-----
Leakage Power                      58942.110 nW
Dynamic Power                      4731342.536 nW
Total Power                        4790284.646 nW

Max Fanout                         68 (clk)
Min Fanout                         0 (n_608)
Average Fanout                     2.4
Terms to net ratio                 3.3676
Terms to instance ratio            3.5582
Runtime                            67.970754 seconds
Elapsed Runtime                    76 seconds
Genus peak memory usage            2353.57 
Innovus peak memory usage          no_value 
Hostname                           asicfab.ecn.purdue.edu
