============================================================
  Generated by:           Genus(TM) Synthesis Solution 25.11-s095_1
  Generated on:           Mar 10 2026  10:37:58 pm
  Module:                 add_fp16
  Library domain:         timing_condition_tt_1p2v_25c
    Domain index:         0
    Technology library:   NangateOpenCellLibrary revision 1.0
  Operating conditions:   typical 
  Interconnect mode:      global
  Area mode:              physical library
============================================================

Timing
--------

Analysis view  Clock Period 
----------------------------
view_1p2_25   clock1 1205.0 


  Analysis    Cost   Critical        Violating 
    View     Group  Path Slack  TNS    Paths   
-----------------------------------------------
view_1p2_25  clock1       20.0  0.0          0 
            default   No paths  0.0          0 
-----------------------------------------------
Total                          -0.0          0 
                                               

Instance Count
--------------
Leaf Instance Count             1856 
Physical Instance count            0 
Sequential Instance Count        100 
Combinational Instance Count    1756 
Hierarchical Instance Count        0 

Area
----
Cell Area                          2402.778
Physical Cell Area                 0.000
Total Cell Area (Cell+Physical)    2402.778
Net Area                           2613.203
Total Area (Cell+Physical+Net)     5015.981

Power
-----
Leakage Power                      58577.505 nW
Dynamic Power                      4116219.589 nW
Total Power                        4174797.094 nW

Max Fanout                         100 (clk)
Min Fanout                         0 (n_824)
Average Fanout                     2.4
Terms to net ratio                 3.3900
Terms to instance ratio            3.5873
Runtime                            43.957396 seconds
Elapsed Runtime                    51 seconds
Genus peak memory usage            1672.88 
Innovus peak memory usage          no_value 
Hostname                           asicfab.ecn.purdue.edu
