============================================================
  Generated by:           Genus(TM) Synthesis Solution 25.11-s095_1
  Generated on:           Mar 10 2026  02:54:57 pm
  Module:                 mul_bf
  Library domain:         timing_condition_tt_1p2v_25c
    Domain index:         0
    Technology library:   NangateOpenCellLibrary revision 1.0
  Operating conditions:   typical 
  Interconnect mode:      global
  Area mode:              physical library
============================================================

Timing
--------

Analysis view  Clock Period 
----------------------------
view_1p2_25   clock1 1351.0 


  Analysis    Cost   Critical        Violating 
    View     Group  Path Slack  TNS    Paths   
-----------------------------------------------
view_1p2_25  clock1      213.0  0.0          0 
            default   No paths  0.0          0 
-----------------------------------------------
Total                          -0.0          0 
                                               

Instance Count
--------------
Leaf Instance Count             788 
Physical Instance count           0 
Sequential Instance Count        25 
Combinational Instance Count    763 
Hierarchical Instance Count       0 

Area
----
Cell Area                          1354.188
Physical Cell Area                 0.000
Total Cell Area (Cell+Physical)    1354.188
Net Area                           21.866
Total Area (Cell+Physical+Net)     1376.054

Power
-----
Leakage Power                      11338.965 nW
Dynamic Power                      269343.463 nW
Total Power                        280682.428 nW

Max Fanout                         25 (clk)
Min Fanout                         0 (nRST)
Average Fanout                     1.9
Terms to net ratio                 2.9928
Terms to instance ratio            3.1561
Runtime                            43.986534 seconds
Elapsed Runtime                    51 seconds
Genus peak memory usage            1716.66 
Innovus peak memory usage          no_value 
Hostname                           asicfab.ecn.purdue.edu
