============================================================
  Generated by:           Genus(TM) Synthesis Solution 25.11-s095_1
  Generated on:           Jun 12 2026  03:45:31 am
  Module:                 sysarr_32_input_fp_adder
  Library domain:         timing_condition_tt_1p2v_25c
    Domain index:         0
    Technology library:   NangateOpenCellLibrary revision 1.0
  Operating conditions:   typical 
  Interconnect mode:      global
  Area mode:              physical library
============================================================

Timing
--------

Analysis view  Clock Period 
----------------------------
view_1p2_25   clock1 1250.0 


  Analysis    Cost   Critical        Violating 
    View     Group  Path Slack  TNS    Paths   
-----------------------------------------------
view_1p2_25  clock1       31.6  0.0          0 
            default   No paths  0.0          0 
-----------------------------------------------
Total                          -0.0          0 
                                               

Instance Count
--------------
Leaf Instance Count             28473 
Physical Instance count             0 
Sequential Instance Count        1679 
Combinational Instance Count    26794 
Hierarchical Instance Count         7 

Area
----
Cell Area                          52060.118
Physical Cell Area                 0.000
Total Cell Area (Cell+Physical)    52060.118
Net Area                           25.916
Total Area (Cell+Physical+Net)     52086.034

Power
-----
Leakage Power                      450935.930 nW
Dynamic Power                      17333961.343 nW
Total Power                        17784897.273 nW

Max Fanout                         1679 (clk)
Min Fanout                         0 (nRST)
Average Fanout                     1.8
Terms to net ratio                 2.6590
Terms to instance ratio            3.2940
Runtime                            45.511294 seconds
Elapsed Runtime                    50 seconds
Genus peak memory usage            1762.82 
Innovus peak memory usage          no_value 
Hostname                           asicfab.ecn.purdue.edu
