============================================================
  Generated by:           Genus(TM) Synthesis Solution 25.11-s095_1
  Generated on:           Jan 31 2026  10:16:55 pm
  Module:                 add_bf16
  Operating conditions:   PVT_1P2V_25C 
  Interconnect mode:      global
  Area mode:              physical library
============================================================


Path 1: MET (0 ps) Late External Delay Assertion at pin bf_out[14]
           View: view_1p2_25
          Group: clock1
     Startpoint: (R) larger_mantissa_l_reg[2]/CLK
          Clock: (R) clock1
       Endpoint: (F) bf_out[14]
          Clock: (R) clock1

                     Capture       Launch     
        Clock Edge:+    1754            0     
       Src Latency:+       0            0     
       Net Latency:+       0 (I)        0 (I) 
           Arrival:=    1754            0     
                                              
      Output Delay:-       1                  
       Uncertainty:-       0                  
     Required Time:=    1753                  
      Launch Clock:-       0                  
         Data Path:-    1753                  
             Slack:=       0                  

Exceptions/Constraints:
  output_delay              1              add_bf16.sdc_line_21_32_1   

Launch clock path:
#-----------------------------------------------------------------------------------------------------
#        Timing Point          Flags   Arc   Edge   Cell     Fanout Load Trans Delay Arrival Instance 
#                                                                   (fF)  (ps)  (ps)   (ps)  Location 
#-----------------------------------------------------------------------------------------------------
  clk                          (i)     -     R     (arrival)     30  0.0     1     0       0    (-,-) 
  clk                          -       -     -     (net)          -    -     -     -       -    (-,-) 
  clk                          -       -     -     (net)          -    -     -     -       -    (-,-) 
  larger_mantissa_l_reg[2]/CLK <<<     -     R     sdffrq_1x     30    -     1     0       0    (-,-) 
#-----------------------------------------------------------------------------------------------------

#------------------------------------------------------------------------------------------------------
#        Timing Point          Flags    Arc   Edge   Cell     Fanout Load Trans Delay Arrival Instance 
#                                                                    (fF)  (ps)  (ps)   (ps)  Location 
#------------------------------------------------------------------------------------------------------
  larger_mantissa_l_reg[2]/CLK -       -      R     (arrival)     30    -     1     0       0    (-,-) 
  larger_mantissa_l_reg[2]/Q   -       CLK->Q R     sdffrq_1x      2  8.5    68   185     185    (-,-) 
  larger_mantissa_l[2]         -       -      -     (net)          -    -     -     -       -    (-,-) 
  g23588/X                     -       A->X   F     inv_1x         2  8.7    39    46     230    (-,-) 
  n_403                        -       -      -     (net)          -    -     -     -       -    (-,-) 
  g23562__1705/X               -       B->X   R     nand2_1x       1  5.2    50    47     277    (-,-) 
  n_413                        -       -      -     (net)          -    -     -     -       -    (-,-) 
  g23543__7410/X               -       B->X   F     nand2_2x       2  9.2    37    44     322    (-,-) 
  n_439                        -       -      -     (net)          -    -     -     -       -    (-,-) 
  g23521__5115/X               -       A0->X  R     aoi22_2x       2  9.4    78    60     382    (-,-) 
  n_451                        -       -      -     (net)          -    -     -     -       -    (-,-) 
  g23512__1705/X               -       A->X   F     oai21_2x       2  8.5    42    47     428    (-,-) 
  n_462                        -       -      -     (net)          -    -     -     -       -    (-,-) 
  g23508__6783/X               -       A->X   R     nand2_2x       2  9.0    58    42     470    (-,-) 
  n_467                        -       -      -     (net)          -    -     -     -       -    (-,-) 
  g23504__5107/X               -       A->X   F     nand3_1x       1  5.3    73    55     525    (-,-) 
  n_468                        -       -      -     (net)          -    -     -     -       -    (-,-) 
  g23498__2346/X               -       A->X   R     nand2_2x       1  7.7    47    46     571    (-,-) 
  n_472                        -       -      -     (net)          -    -     -     -       -    (-,-) 
  g23489__6131/X               -       A->X   R     xor2_2x        8 24.6   142   137     708    (-,-) 
  n_552                        -       -      -     (net)          -    -     -     -       -    (-,-) 
  g23479__2802/X               -       A->X   F     nor2_1x        4 11.8   101   110     819    (-,-) 
  n_553                        -       -      -     (net)          -    -     -     -       -    (-,-) 
  g23469__5477/X               -       A->X   R     nand2_1x       1  3.2    53    49     867    (-,-) 
  n_503                        -       -      -     (net)          -    -     -     -       -    (-,-) 
  g23459__5122/X               -       B->X   F     nand2_1x       1  3.2    37    39     907    (-,-) 
  n_516                        -       -      -     (net)          -    -     -     -       -    (-,-) 
  g23446__5526/X               -       B->X   R     nand2_1x       2  8.7    73    61     968    (-,-) 
  n_531                        -       -      -     (net)          -    -     -     -       -    (-,-) 
  g23422__9945/X               -       A->X   R     xnor2_1x       3 11.7   136   100    1068    (-,-) 
  n_574                        -       -      -     (net)          -    -     -     -       -    (-,-) 
  g23366__2346/X               -       A->X   F     aoi21_1x       2  6.5    66    69    1136    (-,-) 
  n_592                        -       -      -     (net)          -    -     -     -       -    (-,-) 
  g23364/X                     -       A->X   R     inv_1x         1  3.3    34    31    1168    (-,-) 
  n_593                        -       -      -     (net)          -    -     -     -       -    (-,-) 
  g23359__2398/X               -       A->X   F     nand2_1x       2  6.2    46    40    1208    (-,-) 
  n_616                        -       -      -     (net)          -    -     -     -       -    (-,-) 
  g23346__2883/X               -       A->X   R     nand2_1x       2  8.5    71    61    1269    (-,-) 
  n_620                        -       -      -     (net)          -    -     -     -       -    (-,-) 
  g23341__7482/X               -       A->X   F     nand2_2x       3 11.1    43    47    1316    (-,-) 
  n_630                        -       -      -     (net)          -    -     -     -       -    (-,-) 
  g23326__2802/X               -       A->X   R     nor2_2x        2  6.6    54    43    1359    (-,-) 
  n_633                        -       -      -     (net)          -    -     -     -       -    (-,-) 
  g23305__6417/X               -       A->X   R     and2_1x        2  6.5    38    64    1423    (-,-) 
  n_653                        -       -      -     (net)          -    -     -     -       -    (-,-) 
  g23302/X                     -       A->X   F     inv_1x         2  6.2    25    31    1454    (-,-) 
  n_649                        -       -      -     (net)          -    -     -     -       -    (-,-) 
  g23290__7098/X               -       A->X   R     nand2_1x       1  3.2    46    32    1486    (-,-) 
  n_664                        -       -      -     (net)          -    -     -     -       -    (-,-) 
  g23284__5526/X               -       B->X   F     nand2_1x       2  6.9    45    52    1537    (-,-) 
  n_683                        -       -      -     (net)          -    -     -     -       -    (-,-) 
  g23278__6161/X               -       A->X   F     ao21_1x        2  8.6    42    86    1623    (-,-) 
  n_714                        -       -      -     (net)          -    -     -     -       -    (-,-) 
  g23276__6783/X               -       A->X   R     nand2_2x       2  8.9    45    42    1664    (-,-) 
  n_717                        -       -      -     (net)          -    -     -     -       -    (-,-) 
  g23270__6260/X               -       A->X   R     xnor2_1x       1  3.7    62    60    1725    (-,-) 
  n_721                        -       -      -     (net)          -    -     -     -       -    (-,-) 
  g23269__2398/X               -       A->X   F     oai21_1x       1  0.9    49    28    1753    (-,-) 
  bf_out[14]                   -       -      -     (net)          -    -     -     -       -    (-,-) 
  bf_out[14]                   <<<     -      F     (port)         -    -     -     0    1753    (-,-) 
#------------------------------------------------------------------------------------------------------


