============================================================
  Generated by:           Genus(TM) Synthesis Solution 25.11-s095_1
  Generated on:           Mar 22 2026  09:38:50 pm
  Module:                 sysarr_STANDARD
  Operating conditions:   typical 
  Interconnect mode:      global
  Area mode:              physical library
============================================================

                         Instance                                        Module                 Cell-Count   Cell-Area   Net-Area    Total-Area 
------------------------------------------------------------------------------------------------------------------------------------------------
sysarr_STANDARD                                           NA                                        862306 1081964.842 1058357.130  2140321.972 
  u_mac_grid                                              mac_grid_MAC_LATENCY2                     860092 1078144.018 1053959.845  2132103.863 
    mac_row_gen[10].mac_col_gen[0].mac_inst_gen_2c.adder  add_fp16_nolatch_MANT_W23_EXP_W8_160        2768    3069.640    3314.343     6383.983 
    mac_row_gen[10].mac_col_gen[10].mac_inst_gen_2c.adder add_fp16_nolatch_MANT_W23_EXP_W8_170        2737    2931.586    3290.026     6221.612 
    mac_row_gen[10].mac_col_gen[11].mac_inst_gen_2c.adder add_fp16_nolatch_MANT_W23_EXP_W8_171        2543    2765.070    3082.076     5847.146 
    mac_row_gen[10].mac_col_gen[12].mac_inst_gen_2c.adder add_fp16_nolatch_MANT_W23_EXP_W8_172        2849    3055.010    3403.989     6458.999 
    mac_row_gen[10].mac_col_gen[13].mac_inst_gen_2c.adder add_fp16_nolatch_MANT_W23_EXP_W8_173        2681    2936.108    3215.123     6151.231 
    mac_row_gen[10].mac_col_gen[14].mac_inst_gen_2c.adder add_fp16_nolatch_MANT_W23_EXP_W8_174        2591    2812.418    3124.480     5936.898 
    mac_row_gen[10].mac_col_gen[15].mac_inst_gen_2c.adder add_fp16_nolatch_MANT_W23_EXP_W8_175        2737    2947.280    3302.673     6249.953 
    mac_row_gen[10].mac_col_gen[1].mac_inst_gen_2c.adder  add_fp16_nolatch_MANT_W23_EXP_W8_161        2549    2831.570    3056.493     5888.063 
    mac_row_gen[10].mac_col_gen[2].mac_inst_gen_2c.adder  add_fp16_nolatch_MANT_W23_EXP_W8_162        2789    3000.746    3330.167     6330.913 
    mac_row_gen[10].mac_col_gen[3].mac_inst_gen_2c.adder  add_fp16_nolatch_MANT_W23_EXP_W8_163        2663    2953.132    3186.300     6139.432 
    mac_row_gen[10].mac_col_gen[4].mac_inst_gen_2c.adder  add_fp16_nolatch_MANT_W23_EXP_W8_164        2623    2876.258    3183.871     6060.129 
    mac_row_gen[10].mac_col_gen[5].mac_inst_gen_2c.adder  add_fp16_nolatch_MANT_W23_EXP_W8_165        2715    3013.780    3216.972     6230.752 
    mac_row_gen[10].mac_col_gen[6].mac_inst_gen_2c.adder  add_fp16_nolatch_MANT_W23_EXP_W8_166        2652    2869.342    3169.916     6039.258 
    mac_row_gen[10].mac_col_gen[7].mac_inst_gen_2c.adder  add_fp16_nolatch_MANT_W23_EXP_W8_167        2855    3100.230    3398.175     6498.405 
    mac_row_gen[10].mac_col_gen[8].mac_inst_gen_2c.adder  add_fp16_nolatch_MANT_W23_EXP_W8_168        2918    3117.786    3484.748     6602.534 
    mac_row_gen[10].mac_col_gen[9].mac_inst_gen_2c.adder  add_fp16_nolatch_MANT_W23_EXP_W8_169        2920    3143.854    3478.456     6622.310 
    mac_row_gen[11].mac_col_gen[0].mac_inst_gen_2c.adder  add_fp16_nolatch_MANT_W23_EXP_W8_176        2888    3110.870    3460.410     6571.280 
    mac_row_gen[11].mac_col_gen[10].mac_inst_gen_2c.adder add_fp16_nolatch_MANT_W23_EXP_W8_186        2775    3045.966    3326.719     6372.685 
    mac_row_gen[11].mac_col_gen[11].mac_inst_gen_2c.adder add_fp16_nolatch_MANT_W23_EXP_W8_187        2761    2999.150    3313.056     6312.206 
    mac_row_gen[11].mac_col_gen[12].mac_inst_gen_2c.adder add_fp16_nolatch_MANT_W23_EXP_W8_188        2724    2931.320    3259.749     6191.069 
    mac_row_gen[11].mac_col_gen[13].mac_inst_gen_2c.adder add_fp16_nolatch_MANT_W23_EXP_W8_189        2725    2977.072    3267.724     6244.796 
    mac_row_gen[11].mac_col_gen[14].mac_inst_gen_2c.adder add_fp16_nolatch_MANT_W23_EXP_W8_190        2672    2885.302    3231.508     6116.810 
    mac_row_gen[11].mac_col_gen[15].mac_inst_gen_2c.adder add_fp16_nolatch_MANT_W23_EXP_W8_191        2781    2944.886    3316.212     6261.098 
    mac_row_gen[11].mac_col_gen[1].mac_inst_gen_2c.adder  add_fp16_nolatch_MANT_W23_EXP_W8_177        2598    2853.914    3108.407     5962.321 
    mac_row_gen[11].mac_col_gen[2].mac_inst_gen_2c.adder  add_fp16_nolatch_MANT_W23_EXP_W8_178        2806    2986.648    3359.717     6346.365 
    mac_row_gen[11].mac_col_gen[3].mac_inst_gen_2c.adder  add_fp16_nolatch_MANT_W23_EXP_W8_179        2685    2944.620    3209.641     6154.261 
    mac_row_gen[11].mac_col_gen[4].mac_inst_gen_2c.adder  add_fp16_nolatch_MANT_W23_EXP_W8_180        2713    2910.572    3244.943     6155.515 
    mac_row_gen[11].mac_col_gen[5].mac_inst_gen_2c.adder  add_fp16_nolatch_MANT_W23_EXP_W8_181        2732    2944.088    3228.767     6172.855 
    mac_row_gen[11].mac_col_gen[6].mac_inst_gen_2c.adder  add_fp16_nolatch_MANT_W23_EXP_W8_182        2727    2977.072    3275.262     6252.334 
    mac_row_gen[11].mac_col_gen[7].mac_inst_gen_2c.adder  add_fp16_nolatch_MANT_W23_EXP_W8_183        2939    3196.522    3482.422     6678.944 
    mac_row_gen[11].mac_col_gen[8].mac_inst_gen_2c.adder  add_fp16_nolatch_MANT_W23_EXP_W8_184        2821    3020.962    3375.000     6395.962 
    mac_row_gen[11].mac_col_gen[9].mac_inst_gen_2c.adder  add_fp16_nolatch_MANT_W23_EXP_W8_185        2931    3147.578    3484.208     6631.786 
    mac_row_gen[12].mac_col_gen[0].mac_inst_gen_2c.adder  add_fp16_nolatch_MANT_W23_EXP_W8_192        2811    3016.440    3346.364     6362.804 
    mac_row_gen[12].mac_col_gen[10].mac_inst_gen_2c.adder add_fp16_nolatch_MANT_W23_EXP_W8_202        2697    2940.098    3252.502     6192.600 
    mac_row_gen[12].mac_col_gen[11].mac_inst_gen_2c.adder add_fp16_nolatch_MANT_W23_EXP_W8_203        2775    3027.346    3329.523     6356.869 
    mac_row_gen[12].mac_col_gen[12].mac_inst_gen_2c.adder add_fp16_nolatch_MANT_W23_EXP_W8_204        2780    2972.550    3322.068     6294.618 
    mac_row_gen[12].mac_col_gen[13].mac_inst_gen_2c.adder add_fp16_nolatch_MANT_W23_EXP_W8_205        2621    2868.278    3151.123     6019.401 
    mac_row_gen[12].mac_col_gen[14].mac_inst_gen_2c.adder add_fp16_nolatch_MANT_W23_EXP_W8_206        2800    3034.794    3353.300     6388.094 
    mac_row_gen[12].mac_col_gen[15].mac_inst_gen_2c.adder add_fp16_nolatch_MANT_W23_EXP_W8_207        2763    2996.490    3330.416     6326.906 
    mac_row_gen[12].mac_col_gen[1].mac_inst_gen_2c.adder  add_fp16_nolatch_MANT_W23_EXP_W8_193        2633    2840.614    3107.577     5948.191 
    mac_row_gen[12].mac_col_gen[2].mac_inst_gen_2c.adder  add_fp16_nolatch_MANT_W23_EXP_W8_194        2616    2860.032    3155.338     6015.370 
    mac_row_gen[12].mac_col_gen[3].mac_inst_gen_2c.adder  add_fp16_nolatch_MANT_W23_EXP_W8_195        2595    2826.782    3115.053     5941.835 
    mac_row_gen[12].mac_col_gen[4].mac_inst_gen_2c.adder  add_fp16_nolatch_MANT_W23_EXP_W8_196        2750    2953.664    3316.752     6270.416 
    mac_row_gen[12].mac_col_gen[5].mac_inst_gen_2c.adder  add_fp16_nolatch_MANT_W23_EXP_W8_197        2772    3043.040    3292.726     6335.766 
    mac_row_gen[12].mac_col_gen[6].mac_inst_gen_2c.adder  add_fp16_nolatch_MANT_W23_EXP_W8_198        2698    2911.636    3233.647     6145.283 
    mac_row_gen[12].mac_col_gen[7].mac_inst_gen_2c.adder  add_fp16_nolatch_MANT_W23_EXP_W8_199        2797    3017.238    3338.598     6355.836 
    mac_row_gen[12].mac_col_gen[8].mac_inst_gen_2c.adder  add_fp16_nolatch_MANT_W23_EXP_W8_200        2802    3054.744    3352.116     6406.860 
    mac_row_gen[12].mac_col_gen[9].mac_inst_gen_2c.adder  add_fp16_nolatch_MANT_W23_EXP_W8_201        2818    3066.182    3382.829     6449.011 
    mac_row_gen[13].mac_col_gen[10].mac_inst_gen_2c.adder add_fp16_nolatch_MANT_W23_EXP_W8_218        2649    2849.658    3201.833     6051.491 
    mac_row_gen[13].mac_col_gen[11].mac_inst_gen_2c.adder add_fp16_nolatch_MANT_W23_EXP_W8_219        2769    3034.528    3304.147     6338.675 
    mac_row_gen[13].mac_col_gen[12].mac_inst_gen_2c.adder add_fp16_nolatch_MANT_W23_EXP_W8_220        2779    3007.928    3319.285     6327.213 
    mac_row_gen[13].mac_col_gen[13].mac_inst_gen_2c.adder add_fp16_nolatch_MANT_W23_EXP_W8_221        2713    2970.688    3248.536     6219.224 
    mac_row_gen[13].mac_col_gen[14].mac_inst_gen_2c.adder add_fp16_nolatch_MANT_W23_EXP_W8_222        2705    2933.980    3232.172     6166.152 
    mac_row_gen[13].mac_col_gen[15].mac_inst_gen_2c.adder add_fp16_nolatch_MANT_W23_EXP_W8_223        2802    3114.062    3358.844     6472.906 
    mac_row_gen[13].mac_col_gen[5].mac_inst_gen_2c.adder  add_fp16_nolatch_MANT_W23_EXP_W8_213        2693    2950.206    3234.270     6184.476 
    mac_row_gen[13].mac_col_gen[6].mac_inst_gen_2c.adder  add_fp16_nolatch_MANT_W23_EXP_W8_214        2753    2997.554    3297.460     6295.014 
    mac_row_gen[13].mac_col_gen[7].mac_inst_gen_2c.adder  add_fp16_nolatch_MANT_W23_EXP_W8_215        2884    3051.286    3427.600     6478.886 
    mac_row_gen[13].mac_col_gen[8].mac_inst_gen_2c.adder  add_fp16_nolatch_MANT_W23_EXP_W8_216        2901    3094.644    3442.531     6537.175 
    mac_row_gen[13].mac_col_gen[9].mac_inst_gen_2c.adder  add_fp16_nolatch_MANT_W23_EXP_W8_217        3048    3223.122    3624.336     6847.458 
    mac_row_gen[14].mac_col_gen[0].mac_inst_gen_2c.adder  add_fp16_nolatch_MANT_W23_EXP_W8_224        2756    2993.830    3301.053     6294.883 
    mac_row_gen[14].mac_col_gen[10].mac_inst_gen_2c.adder add_fp16_nolatch_MANT_W23_EXP_W8_234        2812    3039.848    3379.610     6419.458 
    mac_row_gen[14].mac_col_gen[11].mac_inst_gen_2c.adder add_fp16_nolatch_MANT_W23_EXP_W8_235        2780    3117.254    3304.728     6421.982 
    mac_row_gen[14].mac_col_gen[12].mac_inst_gen_2c.adder add_fp16_nolatch_MANT_W23_EXP_W8_236        2822    3082.408    3345.824     6428.232 
    mac_row_gen[14].mac_col_gen[13].mac_inst_gen_2c.adder add_fp16_nolatch_MANT_W23_EXP_W8_237        2651    2939.832    3186.446     6126.278 
    mac_row_gen[14].mac_col_gen[14].mac_inst_gen_2c.adder add_fp16_nolatch_MANT_W23_EXP_W8_238        2607    2850.988    3118.520     5969.508 
    mac_row_gen[14].mac_col_gen[15].mac_inst_gen_2c.adder add_fp16_nolatch_MANT_W23_EXP_W8_239        3013    3359.314    3622.468     6981.782 
    mac_row_gen[14].mac_col_gen[1].mac_inst_gen_2c.adder  add_fp16_nolatch_MANT_W23_EXP_W8_225        2814    3042.774    3366.175     6408.949 
    mac_row_gen[14].mac_col_gen[2].mac_inst_gen_2c.adder  add_fp16_nolatch_MANT_W23_EXP_W8_226        2778    3019.100    3317.707     6336.807 
    mac_row_gen[14].mac_col_gen[3].mac_inst_gen_2c.adder  add_fp16_nolatch_MANT_W23_EXP_W8_227        2732    3014.844    3237.447     6252.291 
    mac_row_gen[14].mac_col_gen[4].mac_inst_gen_2c.adder  add_fp16_nolatch_MANT_W23_EXP_W8_228        2876    3076.290    3424.693     6500.983 
    mac_row_gen[14].mac_col_gen[5].mac_inst_gen_2c.adder  add_fp16_nolatch_MANT_W23_EXP_W8_229        2770    2964.570    3317.520     6282.090 
    mac_row_gen[14].mac_col_gen[6].mac_inst_gen_2c.adder  add_fp16_nolatch_MANT_W23_EXP_W8_230        2879    3095.176    3439.354     6534.530 
    mac_row_gen[14].mac_col_gen[7].mac_inst_gen_2c.adder  add_fp16_nolatch_MANT_W23_EXP_W8_231        2830    2970.688    3367.296     6337.984 
    mac_row_gen[14].mac_col_gen[8].mac_inst_gen_2c.adder  add_fp16_nolatch_MANT_W23_EXP_W8_232        2870    3123.638    3430.071     6553.709 
    mac_row_gen[14].mac_col_gen[9].mac_inst_gen_2c.adder  add_fp16_nolatch_MANT_W23_EXP_W8_233        2993    3166.996    3554.148     6721.144 
    mac_row_gen[15].mac_col_gen[10].mac_inst_gen_2c.adder add_fp16_nolatch_MANT_W23_EXP_W8_250        2826    3081.610    3343.249     6424.859 
    mac_row_gen[15].mac_col_gen[12].mac_inst_gen_2c.adder add_fp16_nolatch_MANT_W23_EXP_W8_252        2492    2665.054    2988.650     5653.704 
    mac_row_gen[15].mac_col_gen[14].mac_inst_gen_2c.adder add_fp16_nolatch_MANT_W23_EXP_W8_254        2678    2943.024    3167.694     6110.718 
    mac_row_gen[15].mac_col_gen[9].mac_inst_gen_2c.adder  add_fp16_nolatch_MANT_W23_EXP_W8_249        2608    2816.674    3113.371     5930.045 
    mac_row_gen[1].mac_col_gen[0].mac_inst_gen_2c.adder   add_fp16_nolatch_MANT_W23_EXP_W8_255        1982    2142.896    2373.232     4516.128 
    mac_row_gen[1].mac_col_gen[10].mac_inst_gen_2c.adder  add_fp16_nolatch_MANT_W23_EXP_W8_26         1899    2031.708    2256.735     4288.443 
    mac_row_gen[1].mac_col_gen[11].mac_inst_gen_2c.adder  add_fp16_nolatch_MANT_W23_EXP_W8_27         1924    2067.086    2287.635     4354.721 
    mac_row_gen[1].mac_col_gen[12].mac_inst_gen_2c.adder  add_fp16_nolatch_MANT_W23_EXP_W8_28         1902    2045.274    2305.701     4350.975 
    mac_row_gen[1].mac_col_gen[13].mac_inst_gen_2c.adder  add_fp16_nolatch_MANT_W23_EXP_W8_29         1927    2095.016    2299.887     4394.903 
    mac_row_gen[1].mac_col_gen[14].mac_inst_gen_2c.adder  add_fp16_nolatch_MANT_W23_EXP_W8_30         1853    2033.836    2234.453     4268.289 
    mac_row_gen[1].mac_col_gen[15].mac_inst_gen_2c.adder  add_fp16_nolatch_MANT_W23_EXP_W8_31         2026    2141.832    2405.295     4547.127 
    mac_row_gen[1].mac_col_gen[1].mac_inst_gen_2c.adder   add_fp16_nolatch_MANT_W23_EXP_W8_17         1848    2000.586    2220.935     4221.521 
    mac_row_gen[1].mac_col_gen[2].mac_inst_gen_2c.adder   add_fp16_nolatch_MANT_W23_EXP_W8_18         1982    2111.508    2382.680     4494.188 
    mac_row_gen[1].mac_col_gen[3].mac_inst_gen_2c.adder   add_fp16_nolatch_MANT_W23_EXP_W8_19         1991    2091.558    2365.507     4457.065 
    mac_row_gen[1].mac_col_gen[4].mac_inst_gen_2c.adder   add_fp16_nolatch_MANT_W23_EXP_W8_20         1892    2028.516    2239.167     4267.683 
    mac_row_gen[1].mac_col_gen[5].mac_inst_gen_2c.adder   add_fp16_nolatch_MANT_W23_EXP_W8_21         1939    2147.152    2324.224     4471.376 
    mac_row_gen[1].mac_col_gen[6].mac_inst_gen_2c.adder   add_fp16_nolatch_MANT_W23_EXP_W8_22         1942    2127.202    2338.075     4465.277 
    mac_row_gen[1].mac_col_gen[7].mac_inst_gen_2c.adder   add_fp16_nolatch_MANT_W23_EXP_W8_23         1877    2049.530    2258.604     4308.134 
    mac_row_gen[1].mac_col_gen[8].mac_inst_gen_2c.adder   add_fp16_nolatch_MANT_W23_EXP_W8_24         1862    2015.482    2239.022     4254.504 
    mac_row_gen[1].mac_col_gen[9].mac_inst_gen_2c.adder   add_fp16_nolatch_MANT_W23_EXP_W8_25         1999    2151.408    2384.259     4535.667 
    mac_row_gen[2].mac_col_gen[0].mac_inst_gen_2c.adder   add_fp16_nolatch_MANT_W23_EXP_W8_32         2714    2973.348    3279.685     6253.033 
    mac_row_gen[2].mac_col_gen[10].mac_inst_gen_2c.adder  add_fp16_nolatch_MANT_W23_EXP_W8_42         2651    2923.074    3186.093     6109.167 
    mac_row_gen[2].mac_col_gen[11].mac_inst_gen_2c.adder  add_fp16_nolatch_MANT_W23_EXP_W8_43         2739    2958.984    3286.164     6245.148 
    mac_row_gen[2].mac_col_gen[12].mac_inst_gen_2c.adder  add_fp16_nolatch_MANT_W23_EXP_W8_44         2730    2930.522    3296.235     6226.757 
    mac_row_gen[2].mac_col_gen[13].mac_inst_gen_2c.adder  add_fp16_nolatch_MANT_W23_EXP_W8_45         2698    2909.242    3273.040     6182.282 
    mac_row_gen[2].mac_col_gen[14].mac_inst_gen_2c.adder  add_fp16_nolatch_MANT_W23_EXP_W8_46         2690    2919.350    3227.936     6147.286 
    mac_row_gen[2].mac_col_gen[15].mac_inst_gen_2c.adder  add_fp16_nolatch_MANT_W23_EXP_W8_47         2669    2919.616    3204.990     6124.606 
    mac_row_gen[2].mac_col_gen[1].mac_inst_gen_2c.adder   add_fp16_nolatch_MANT_W23_EXP_W8_33         2489    2732.086    3015.397     5747.483 
    mac_row_gen[2].mac_col_gen[2].mac_inst_gen_2c.adder   add_fp16_nolatch_MANT_W23_EXP_W8_34         2759    2937.172    3320.490     6257.662 
    mac_row_gen[2].mac_col_gen[3].mac_inst_gen_2c.adder   add_fp16_nolatch_MANT_W23_EXP_W8_35         2647    2854.180    3167.030     6021.210 
    mac_row_gen[2].mac_col_gen[4].mac_inst_gen_2c.adder   add_fp16_nolatch_MANT_W23_EXP_W8_36         2640    2812.418    3165.701     5978.119 
    mac_row_gen[2].mac_col_gen[5].mac_inst_gen_2c.adder   add_fp16_nolatch_MANT_W23_EXP_W8_37         2647    2866.416    3182.459     6048.875 
    mac_row_gen[2].mac_col_gen[6].mac_inst_gen_2c.adder   add_fp16_nolatch_MANT_W23_EXP_W8_38         2771    2968.560    3308.092     6276.652 
    mac_row_gen[2].mac_col_gen[7].mac_inst_gen_2c.adder   add_fp16_nolatch_MANT_W23_EXP_W8_39         2824    3112.200    3346.676     6458.876 
    mac_row_gen[2].mac_col_gen[8].mac_inst_gen_2c.adder   add_fp16_nolatch_MANT_W23_EXP_W8_40         2686    2918.552    3240.479     6159.031 
    mac_row_gen[2].mac_col_gen[9].mac_inst_gen_2c.adder   add_fp16_nolatch_MANT_W23_EXP_W8_41         2702    2965.102    3265.668     6230.770 
    mac_row_gen[4].mac_col_gen[0].mac_inst_gen_2c.adder   add_fp16_nolatch_MANT_W23_EXP_W8_64         2672    2929.990    3241.309     6171.299 
    mac_row_gen[4].mac_col_gen[10].mac_inst_gen_2c.adder  add_fp16_nolatch_MANT_W23_EXP_W8_74         2741    2959.516    3286.600     6246.116 
    mac_row_gen[4].mac_col_gen[11].mac_inst_gen_2c.adder  add_fp16_nolatch_MANT_W23_EXP_W8_75         2785    3002.608    3342.356     6344.964 
    mac_row_gen[4].mac_col_gen[12].mac_inst_gen_2c.adder  add_fp16_nolatch_MANT_W23_EXP_W8_76         2750    2964.304    3310.460     6274.764 
    mac_row_gen[4].mac_col_gen[13].mac_inst_gen_2c.adder  add_fp16_nolatch_MANT_W23_EXP_W8_77         2827    3057.404    3392.547     6449.951 
    mac_row_gen[4].mac_col_gen[14].mac_inst_gen_2c.adder  add_fp16_nolatch_MANT_W23_EXP_W8_78         2646    2850.190    3156.792     6006.982 
    mac_row_gen[4].mac_col_gen[15].mac_inst_gen_2c.adder  add_fp16_nolatch_MANT_W23_EXP_W8_79         2753    2969.624    3301.032     6270.656 
    mac_row_gen[4].mac_col_gen[1].mac_inst_gen_2c.adder   add_fp16_nolatch_MANT_W23_EXP_W8_65         2722    2934.778    3262.885     6197.663 
    mac_row_gen[4].mac_col_gen[2].mac_inst_gen_2c.adder   add_fp16_nolatch_MANT_W23_EXP_W8_66         2701    2971.752    3269.966     6241.718 
    mac_row_gen[4].mac_col_gen[3].mac_inst_gen_2c.adder   add_fp16_nolatch_MANT_W23_EXP_W8_67         2610    2863.224    3142.630     6005.854 
    mac_row_gen[4].mac_col_gen[4].mac_inst_gen_2c.adder   add_fp16_nolatch_MANT_W23_EXP_W8_68         2752    2973.082    3270.589     6243.671 
    mac_row_gen[4].mac_col_gen[5].mac_inst_gen_2c.adder   add_fp16_nolatch_MANT_W23_EXP_W8_69         2619    2884.770    3144.789     6029.559 
    mac_row_gen[4].mac_col_gen[6].mac_inst_gen_2c.adder   add_fp16_nolatch_MANT_W23_EXP_W8_70         2725    2959.250    3266.934     6226.184 
    mac_row_gen[4].mac_col_gen[7].mac_inst_gen_2c.adder   add_fp16_nolatch_MANT_W23_EXP_W8_71         2820    3134.544    3343.872     6478.416 
    mac_row_gen[4].mac_col_gen[8].mac_inst_gen_2c.adder   add_fp16_nolatch_MANT_W23_EXP_W8_72         2685    2939.566    3221.893     6161.459 
    mac_row_gen[4].mac_col_gen[9].mac_inst_gen_2c.adder   add_fp16_nolatch_MANT_W23_EXP_W8_73         2685    2956.856    3234.934     6191.790 
    mac_row_gen[5].mac_col_gen[0].mac_inst_gen_2c.adder   add_fp16_nolatch_MANT_W23_EXP_W8_80         2715    2956.058    3252.087     6208.145 
    mac_row_gen[5].mac_col_gen[10].mac_inst_gen_2c.adder  add_fp16_nolatch_MANT_W23_EXP_W8_90         2769    2968.560    3326.636     6295.196 
    mac_row_gen[5].mac_col_gen[11].mac_inst_gen_2c.adder  add_fp16_nolatch_MANT_W23_EXP_W8_91         2712    2905.252    3287.576     6192.828 
    mac_row_gen[5].mac_col_gen[12].mac_inst_gen_2c.adder  add_fp16_nolatch_MANT_W23_EXP_W8_92         2748    2943.290    3303.296     6246.586 
    mac_row_gen[5].mac_col_gen[13].mac_inst_gen_2c.adder  add_fp16_nolatch_MANT_W23_EXP_W8_93         2776    3018.568    3346.509     6365.077 
    mac_row_gen[5].mac_col_gen[14].mac_inst_gen_2c.adder  add_fp16_nolatch_MANT_W23_EXP_W8_94         2705    2877.588    3262.574     6140.162 
    mac_row_gen[5].mac_col_gen[15].mac_inst_gen_2c.adder  add_fp16_nolatch_MANT_W23_EXP_W8_95         2664    2870.938    3200.151     6071.089 
    mac_row_gen[5].mac_col_gen[1].mac_inst_gen_2c.adder   add_fp16_nolatch_MANT_W23_EXP_W8_81         2608    2825.452    3150.832     5976.284 
    mac_row_gen[5].mac_col_gen[2].mac_inst_gen_2c.adder   add_fp16_nolatch_MANT_W23_EXP_W8_82         2542    2756.824    3081.599     5838.423 
    mac_row_gen[5].mac_col_gen[3].mac_inst_gen_2c.adder   add_fp16_nolatch_MANT_W23_EXP_W8_83         2784    3073.098    3296.194     6369.292 
    mac_row_gen[5].mac_col_gen[4].mac_inst_gen_2c.adder   add_fp16_nolatch_MANT_W23_EXP_W8_84         2491    2674.630    3024.908     5699.538 
    mac_row_gen[5].mac_col_gen[5].mac_inst_gen_2c.adder   add_fp16_nolatch_MANT_W23_EXP_W8_85         2865    3096.772    3428.431     6525.203 
    mac_row_gen[5].mac_col_gen[6].mac_inst_gen_2c.adder   add_fp16_nolatch_MANT_W23_EXP_W8_86         2784    3052.350    3294.968     6347.318 
    mac_row_gen[5].mac_col_gen[7].mac_inst_gen_2c.adder   add_fp16_nolatch_MANT_W23_EXP_W8_87         2645    2904.188    3185.138     6089.326 
    mac_row_gen[5].mac_col_gen[8].mac_inst_gen_2c.adder   add_fp16_nolatch_MANT_W23_EXP_W8_88         2616    2849.924    3165.244     6015.168 
    mac_row_gen[5].mac_col_gen[9].mac_inst_gen_2c.adder   add_fp16_nolatch_MANT_W23_EXP_W8_89         2704    2936.108    3256.240     6192.348 
    mac_row_gen[6].mac_col_gen[0].mac_inst_gen_2c.adder   add_fp16_nolatch_MANT_W23_EXP_W8_96         2695    2922.276    3266.270     6188.546 
    mac_row_gen[6].mac_col_gen[11].mac_inst_gen_2c.adder  add_fp16_nolatch_MANT_W23_EXP_W8_107        2673    2875.194    3246.522     6121.716 
    mac_row_gen[6].mac_col_gen[13].mac_inst_gen_2c.adder  add_fp16_nolatch_MANT_W23_EXP_W8_109        2783    2997.288    3342.709     6339.997 
    mac_row_gen[6].mac_col_gen[1].mac_inst_gen_2c.adder   add_fp16_nolatch_MANT_W23_EXP_W8_97         2695    2991.968    3221.291     6213.259 
    mac_row_gen[6].mac_col_gen[2].mac_inst_gen_2c.adder   add_fp16_nolatch_MANT_W23_EXP_W8_98         2604    2779.168    3154.300     5933.468 
    mac_row_gen[6].mac_col_gen[3].mac_inst_gen_2c.adder   add_fp16_nolatch_MANT_W23_EXP_W8_99         2649    2858.968    3171.827     6030.795 
    mac_row_gen[6].mac_col_gen[4].mac_inst_gen_2c.adder   add_fp16_nolatch_MANT_W23_EXP_W8_100        2544    2774.380    3057.178     5831.558 
    mac_row_gen[6].mac_col_gen[6].mac_inst_gen_2c.adder   add_fp16_nolatch_MANT_W23_EXP_W8_102        2815    3045.434    3359.135     6404.569 
    mac_row_gen[6].mac_col_gen[9].mac_inst_gen_2c.adder   add_fp16_nolatch_MANT_W23_EXP_W8_105        2895    3157.952    3427.060     6585.012 
    mac_row_gen[7].mac_col_gen[0].mac_inst_gen_2c.adder   add_fp16_nolatch_MANT_W23_EXP_W8_112        2691    2897.006    3250.799     6147.805 
    mac_row_gen[7].mac_col_gen[11].mac_inst_gen_2c.adder  add_fp16_nolatch_MANT_W23_EXP_W8_123        2672    2881.046    3237.821     6118.867 
    mac_row_gen[7].mac_col_gen[12].mac_inst_gen_2c.adder  add_fp16_nolatch_MANT_W23_EXP_W8_124        2659    2878.918    3206.796     6085.714 
    mac_row_gen[7].mac_col_gen[13].mac_inst_gen_2c.adder  add_fp16_nolatch_MANT_W23_EXP_W8_125        2721    2930.788    3250.239     6181.027 
    mac_row_gen[7].mac_col_gen[14].mac_inst_gen_2c.adder  add_fp16_nolatch_MANT_W23_EXP_W8_126        2817    3104.486    3390.367     6494.853 
    mac_row_gen[7].mac_col_gen[15].mac_inst_gen_2c.adder  add_fp16_nolatch_MANT_W23_EXP_W8_127        2661    2904.454    3187.858     6092.312 
    mac_row_gen[7].mac_col_gen[2].mac_inst_gen_2c.adder   add_fp16_nolatch_MANT_W23_EXP_W8_114        2661    2860.564    3220.979     6081.543 
    mac_row_gen[7].mac_col_gen[4].mac_inst_gen_2c.adder   add_fp16_nolatch_MANT_W23_EXP_W8_116        2668    2901.262    3215.622     6116.884 
    mac_row_gen[7].mac_col_gen[7].mac_inst_gen_2c.adder   add_fp16_nolatch_MANT_W23_EXP_W8_119        2780    3016.174    3312.661     6328.835 
    mac_row_gen[7].mac_col_gen[9].mac_inst_gen_2c.adder   add_fp16_nolatch_MANT_W23_EXP_W8_121        2925    3112.998    3471.084     6584.082 
    mac_row_gen[8].mac_col_gen[0].mac_inst_gen_2c.adder   add_fp16_nolatch_MANT_W23_EXP_W8_128        2801    3008.726    3350.538     6359.264 
    mac_row_gen[8].mac_col_gen[10].mac_inst_gen_2c.adder  add_fp16_nolatch_MANT_W23_EXP_W8_138        2746    3005.002    3298.519     6303.521 
    mac_row_gen[8].mac_col_gen[11].mac_inst_gen_2c.adder  add_fp16_nolatch_MANT_W23_EXP_W8_139        2855    3048.626    3434.557     6483.183 
    mac_row_gen[8].mac_col_gen[12].mac_inst_gen_2c.adder  add_fp16_nolatch_MANT_W23_EXP_W8_140        2820    3075.226    3385.259     6460.485 
    mac_row_gen[8].mac_col_gen[13].mac_inst_gen_2c.adder  add_fp16_nolatch_MANT_W23_EXP_W8_141        2767    2983.456    3323.812     6307.268 
    mac_row_gen[8].mac_col_gen[14].mac_inst_gen_2c.adder  add_fp16_nolatch_MANT_W23_EXP_W8_142        2684    2899.666    3226.233     6125.899 
    mac_row_gen[8].mac_col_gen[15].mac_inst_gen_2c.adder  add_fp16_nolatch_MANT_W23_EXP_W8_143        2656    2938.768    3195.645     6134.413 
    mac_row_gen[8].mac_col_gen[1].mac_inst_gen_2c.adder   add_fp16_nolatch_MANT_W23_EXP_W8_129        2743    2967.496    3277.940     6245.436 
    mac_row_gen[8].mac_col_gen[2].mac_inst_gen_2c.adder   add_fp16_nolatch_MANT_W23_EXP_W8_130        2706    2955.260    3274.389     6229.649 
    mac_row_gen[8].mac_col_gen[3].mac_inst_gen_2c.adder   add_fp16_nolatch_MANT_W23_EXP_W8_131        2673    2918.818    3190.454     6109.272 
    mac_row_gen[8].mac_col_gen[4].mac_inst_gen_2c.adder   add_fp16_nolatch_MANT_W23_EXP_W8_132        2676    2918.286    3211.427     6129.713 
    mac_row_gen[8].mac_col_gen[5].mac_inst_gen_2c.adder   add_fp16_nolatch_MANT_W23_EXP_W8_133        2795    3049.424    3315.693     6365.117 
    mac_row_gen[8].mac_col_gen[6].mac_inst_gen_2c.adder   add_fp16_nolatch_MANT_W23_EXP_W8_134        2647    2866.682    3171.806     6038.488 
    mac_row_gen[8].mac_col_gen[7].mac_inst_gen_2c.adder   add_fp16_nolatch_MANT_W23_EXP_W8_135        2764    3042.508    3310.335     6352.843 
    mac_row_gen[8].mac_col_gen[8].mac_inst_gen_2c.adder   add_fp16_nolatch_MANT_W23_EXP_W8_136        2858    3119.914    3402.204     6522.118 
    mac_row_gen[8].mac_col_gen[9].mac_inst_gen_2c.adder   add_fp16_nolatch_MANT_W23_EXP_W8_137        2902    3141.726    3447.307     6589.033 
    mac_row_gen[9].mac_col_gen[0].mac_inst_gen_2c.adder   add_fp16_nolatch_MANT_W23_EXP_W8_144        2735    2999.682    3295.114     6294.796 
    mac_row_gen[9].mac_col_gen[10].mac_inst_gen_2c.adder  add_fp16_nolatch_MANT_W23_EXP_W8_154        2868    3127.362    3420.208     6547.570 
    mac_row_gen[9].mac_col_gen[11].mac_inst_gen_2c.adder  add_fp16_nolatch_MANT_W23_EXP_W8_155        2793    2987.180    3387.501     6374.681 
    mac_row_gen[9].mac_col_gen[12].mac_inst_gen_2c.adder  add_fp16_nolatch_MANT_W23_EXP_W8_156        2921    3199.714    3471.375     6671.089 
    mac_row_gen[9].mac_col_gen[13].mac_inst_gen_2c.adder  add_fp16_nolatch_MANT_W23_EXP_W8_157        2793    3040.380    3350.019     6390.399 
    mac_row_gen[9].mac_col_gen[14].mac_inst_gen_2c.adder  add_fp16_nolatch_MANT_W23_EXP_W8_158        2677    2893.548    3237.530     6131.078 
    mac_row_gen[9].mac_col_gen[15].mac_inst_gen_2c.adder  add_fp16_nolatch_MANT_W23_EXP_W8_159        2767    3045.700    3286.704     6332.404 
    mac_row_gen[9].mac_col_gen[1].mac_inst_gen_2c.adder   add_fp16_nolatch_MANT_W23_EXP_W8_145        2667    2886.100    3193.901     6080.001 
    mac_row_gen[9].mac_col_gen[2].mac_inst_gen_2c.adder   add_fp16_nolatch_MANT_W23_EXP_W8_146        2673    2919.882    3204.263     6124.145 
    mac_row_gen[9].mac_col_gen[3].mac_inst_gen_2c.adder   add_fp16_nolatch_MANT_W23_EXP_W8_147        2505    2796.458    3019.675     5816.133 
    mac_row_gen[9].mac_col_gen[4].mac_inst_gen_2c.adder   add_fp16_nolatch_MANT_W23_EXP_W8_148        2749    2993.032    3294.615     6287.647 
    mac_row_gen[9].mac_col_gen[5].mac_inst_gen_2c.adder   add_fp16_nolatch_MANT_W23_EXP_W8_149        2697    2957.654    3209.911     6167.565 
    mac_row_gen[9].mac_col_gen[6].mac_inst_gen_2c.adder   add_fp16_nolatch_MANT_W23_EXP_W8_150        2747    2987.446    3272.126     6259.572 
    mac_row_gen[9].mac_col_gen[7].mac_inst_gen_2c.adder   add_fp16_nolatch_MANT_W23_EXP_W8_151        2894    3117.254    3443.590     6560.844 
    mac_row_gen[9].mac_col_gen[8].mac_inst_gen_2c.adder   add_fp16_nolatch_MANT_W23_EXP_W8_152        2906    3137.204    3446.996     6584.200 
    mac_row_gen[9].mac_col_gen[9].mac_inst_gen_2c.adder   add_fp16_nolatch_MANT_W23_EXP_W8_153        2929    3196.522    3482.983     6679.505 
