============================================================
  Generated by:           Genus(TM) Synthesis Solution 25.11-s095_1
  Generated on:           Mar 10 2026  11:17:19 pm
  Operating conditions:   typical 
  Interconnect mode:      global
  Area mode:              physical library
============================================================

                               Leakage    Internal                         Library 
   Gate    Instances   Area  Power (nW)  Power (nW)         Library         Domain 
-----------------------------------------------------------------------------------
AND2_X1           20  21.280    523.665   19636.200 NangateOpenCellLibrary       0 
AND2_X2            1   1.330     48.368    2940.073 NangateOpenCellLibrary       0 
AND3_X1            3   3.990     74.339    1326.643 NangateOpenCellLibrary       0 
AND3_X2            1   1.596     55.150    3502.340 NangateOpenCellLibrary       0 
AND4_X1            3   4.788     81.074    1064.843 NangateOpenCellLibrary       0 
AOI211_X1          6   7.980    242.636    3434.546 NangateOpenCellLibrary       0 
AOI21_X1          25  26.600    628.320   27943.777 NangateOpenCellLibrary       0 
AOI21_X2           1   1.862     72.181    2077.033 NangateOpenCellLibrary       0 
AOI221_X1          3   4.788    102.952    2024.341 NangateOpenCellLibrary       0 
AOI222_X1          2   4.256     70.679    2650.330 NangateOpenCellLibrary       0 
AOI22_X1          27  35.910    784.174   21151.327 NangateOpenCellLibrary       0 
DFFR_X1            5  26.600    441.251   24805.999 NangateOpenCellLibrary       0 
HA_X1              9  23.940    554.614   28639.253 NangateOpenCellLibrary       0 
INV_X1           116  61.712   1667.931   48312.305 NangateOpenCellLibrary       0 
INV_X2             2   1.596     60.434    2242.477 NangateOpenCellLibrary       0 
INV_X4             1   1.330     55.886    1997.420 NangateOpenCellLibrary       0 
MUX2_X1           27  50.274    980.531   37003.802 NangateOpenCellLibrary       0 
NAND2_X1         113  90.174   2076.545   59958.212 NangateOpenCellLibrary       0 
NAND2_X2           7   9.310    302.327    6405.440 NangateOpenCellLibrary       0 
NAND2_X4           4   9.576    373.921    8715.985 NangateOpenCellLibrary       0 
NAND3_X1          21  22.344    429.660   11360.968 NangateOpenCellLibrary       0 
NAND3_X2           2   3.724     87.773    2740.494 NangateOpenCellLibrary       0 
NAND4_X1           8  10.640    192.187    1784.510 NangateOpenCellLibrary       0 
NOR2_X1           38  30.324    810.826   22889.527 NangateOpenCellLibrary       0 
NOR2_X2            6   7.980    277.198    4943.780 NangateOpenCellLibrary       0 
NOR2_X4            1   2.394     96.141     311.865 NangateOpenCellLibrary       0 
NOR3_X1            7   7.448    211.219    2738.734 NangateOpenCellLibrary       0 
NOR3_X4            1   3.724    113.991    1972.575 NangateOpenCellLibrary       0 
NOR4_X1            8  10.640    273.504    3354.236 NangateOpenCellLibrary       0 
OAI211_X1         13  17.290    570.369   13178.296 NangateOpenCellLibrary       0 
OAI21_X1          39  41.496   1127.216   34229.075 NangateOpenCellLibrary       0 
OAI21_X2           5   9.310    312.366   10042.608 NangateOpenCellLibrary       0 
OAI221_X1          6   9.576    252.422   10139.996 NangateOpenCellLibrary       0 
OAI222_X1          1   2.128     69.344     423.938 NangateOpenCellLibrary       0 
OAI22_X1          22  29.260    858.804   20236.551 NangateOpenCellLibrary       0 
OAI33_X1           2   3.724    130.127     267.407 NangateOpenCellLibrary       0 
OR2_X1            13  13.832    299.881   10924.914 NangateOpenCellLibrary       0 
OR3_X1             2   2.660     51.923     949.790 NangateOpenCellLibrary       0 
OR4_X1             2   3.192     60.878     372.633 NangateOpenCellLibrary       0 
SDFFR_X1          28 186.200   3037.197  161050.334 NangateOpenCellLibrary       0 
XNOR2_X1          14  22.344    499.582   23828.981 NangateOpenCellLibrary       0 
XNOR2_X2           5  13.300    326.108   23987.264 NangateOpenCellLibrary       0 
XOR2_X1            6   9.576    220.227    8660.157 NangateOpenCellLibrary       0 
-----------------------------------------------------------------------------------
total            626 851.998  19505.919  676220.977                                
                                          Leakage  Leakage  Internal  Internal 
     Type      Instances   Area  Area % Power (nW) Power % Power (nW)  Power % 
-------------------------------------------------------------------------------
sequential            33 212.800   25.0   3478.448    17.8 185856.333     27.5 
inverter             119  64.638    7.6   1784.251     9.1  52552.202      7.8 
logic                474 574.560   67.4  14243.220    73.0 437812.442     64.7 
physical_cells         0   0.000    0.0      0.000     0.0      0.000      0.0 
-------------------------------------------------------------------------------
total                626 851.998  100.0  19505.919   100.0 676220.977    100.0 
