============================================================
  Generated by:           Genus(TM) Synthesis Solution 25.11-s095_1
  Generated on:           Mar 10 2026  11:17:15 pm
  Module:                 add_bf16_1C
  Operating conditions:   typical 
  Interconnect mode:      global
  Area mode:              physical library
============================================================


Path 1: MET (1 ps) Late External Delay Assertion at pin bf_out[14]
           View: view_1p2_25
          Group: clock1
     Startpoint: (R) bf1_in_reg[10]/CK
          Clock: (R) clock1
       Endpoint: (R) bf_out[14]
          Clock: (R) clock1

                     Capture       Launch     
        Clock Edge:+    1370            0     
       Src Latency:+       0            0     
       Net Latency:+       0 (I)        0 (I) 
           Arrival:=    1370            0     
                                              
      Output Delay:-       1                  
       Uncertainty:-       0                  
     Required Time:=    1369                  
      Launch Clock:-       0                  
         Data Path:-    1368                  
             Slack:=       1                  

Exceptions/Constraints:
  output_delay              1              add_bf16_1C.sdc_line_21_34_1   

Launch clock path:
#------------------------------------------------------------------------------------------
#   Timing Point    Flags   Arc   Edge   Cell     Fanout Load Trans Delay Arrival Instance 
#                                                        (fF)  (ps)  (ps)   (ps)  Location 
#------------------------------------------------------------------------------------------
  clk               (i)     -     R     (arrival)     33  0.0     0     0       0    (-,-) 
  clk               -       -     -     (net)          -    -     -     -       -    (-,-) 
  clk               -       -     -     (net)          -    -     -     -       -    (-,-) 
  bf1_in_reg[10]/CK <<<     -     R     SDFFR_X1      33    -     1     0       0    (-,-) 
#------------------------------------------------------------------------------------------

#-------------------------------------------------------------------------------------------
#   Timing Point    Flags    Arc   Edge   Cell     Fanout Load Trans Delay Arrival Instance 
#                                                         (fF)  (ps)  (ps)   (ps)  Location 
#-------------------------------------------------------------------------------------------
  bf1_in_reg[10]/CK -       -      R     (arrival)     33    -     1     0       0    (-,-) 
  bf1_in_reg[10]/QN -       CK->QN R     SDFFR_X1       1  2.0    10    99      99    (-,-) 
  n_0               -       -      -     (net)          -    -     -     -       -    (-,-) 
  g45126__1617/ZN   -       A2->ZN F     NAND2_X1       4  6.2    16    24     122    (-,-) 
  n_71              -       -      -     (net)          -    -     -     -       -    (-,-) 
  g45100__2398/ZN   -       A1->ZN R     NAND2_X1       3  5.7    18    28     150    (-,-) 
  n_87              -       -      -     (net)          -    -     -     -       -    (-,-) 
  g44996__1705/ZN   -       A1->ZN F     NAND2_X1       1  1.2     8    14     164    (-,-) 
  n_109             -       -      -     (net)          -    -     -     -       -    (-,-) 
  g45212/ZN         -       A2->ZN F     AND2_X1        1  1.8     6    31     194    (-,-) 
  n_728             -       -      -     (net)          -    -     -     -       -    (-,-) 
  g44966__1617/ZN   -       A2->ZN R     NAND2_X1       3  7.0    21    28     223    (-,-) 
  n_147             -       -      -     (net)          -    -     -     -       -    (-,-) 
  g44953__7410/ZN   -       A1->ZN F     NAND3_X2       4  6.8    16    27     250    (-,-) 
  n_168             -       -      -     (net)          -    -     -     -       -    (-,-) 
  g44945/ZN         -       A->ZN  R     INV_X1         1  3.4    11    21     271    (-,-) 
  n_171             -       -      -     (net)          -    -     -     -       -    (-,-) 
  g44933__6131/ZN   -       B1->ZN F     OAI21_X2       1  4.1    11    15     286    (-,-) 
  n_174             -       -      -     (net)          -    -     -     -       -    (-,-) 
  g44897__3680/ZN   -       A->ZN  F     XNOR2_X2       2  7.8    17    41     327    (-,-) 
  n_187             -       -      -     (net)          -    -     -     -       -    (-,-) 
  g45225/ZN         -       A3->ZN R     NOR3_X4        1  3.4    22    48     376    (-,-) 
  n_740             -       -      -     (net)          -    -     -     -       -    (-,-) 
  g45224/ZN         -       A1->ZN F     NAND2_X2       5  9.7    15    24     400    (-,-) 
  n_741             -       -      -     (net)          -    -     -     -       -    (-,-) 
  g44861__5477/ZN   -       A1->ZN R     NOR2_X2        2  5.3    20    31     430    (-,-) 
  n_210             -       -      -     (net)          -    -     -     -       -    (-,-) 
  g44858/ZN         -       A->ZN  F     INV_X1         1  5.9    10    17     448    (-,-) 
  n_211             -       -      -     (net)          -    -     -     -       -    (-,-) 
  g44844__6131/ZN   -       A1->ZN R     NOR2_X4        6 11.1    21    29     477    (-,-) 
  n_282             -       -      -     (net)          -    -     -     -       -    (-,-) 
  g44838/ZN         -       A->ZN  F     INV_X1         1  1.8     7    10     486    (-,-) 
  n_242             -       -      -     (net)          -    -     -     -       -    (-,-) 
  g44824__7098/ZN   -       A1->ZN R     OAI22_X1       1  2.0    31    28     514    (-,-) 
  n_275             -       -      -     (net)          -    -     -     -       -    (-,-) 
  g44805__1666/ZN   -       A1->ZN F     AOI22_X1       1  3.2    19    24     538    (-,-) 
  n_300             -       -      -     (net)          -    -     -     -       -    (-,-) 
  g44800__6161/ZN   -       A1->ZN R     NAND2_X2       5  9.2    16    27     564    (-,-) 
  n_357             -       -      -     (net)          -    -     -     -       -    (-,-) 
  g44769__7410/ZN   -       A->ZN  R     XNOR2_X1       2  7.0    43    53     617    (-,-) 
  n_345             -       -      -     (net)          -    -     -     -       -    (-,-) 
  g44753/ZN         -       A->ZN  F     INV_X1         1  1.8    11    10     628    (-,-) 
  n_346             -       -      -     (net)          -    -     -     -       -    (-,-) 
  g44746__2802/ZN   -       A1->ZN R     OAI22_X1       2  3.7    40    38     666    (-,-) 
  n_381             -       -      -     (net)          -    -     -     -       -    (-,-) 
  g44736__5477/ZN   -       B1->ZN F     AOI21_X1       1  1.8    14    20     686    (-,-) 
  n_382             -       -      -     (net)          -    -     -     -       -    (-,-) 
  g44733/ZN         -       A->ZN  R     INV_X1         2  3.8    12    21     707    (-,-) 
  n_391             -       -      -     (net)          -    -     -     -       -    (-,-) 
  g44729__9945/ZN   -       A1->ZN F     AOI22_X1       2  4.1    16    20     727    (-,-) 
  n_393             -       -      -     (net)          -    -     -     -       -    (-,-) 
  g44723__6161/ZN   -       B1->ZN R     AOI21_X1       2  5.3    38    47     774    (-,-) 
  n_399             -       -      -     (net)          -    -     -     -       -    (-,-) 
  g44720__6131/ZN   -       B1->ZN F     OAI21_X2       3  9.4    18    29     804    (-,-) 
  n_403             -       -      -     (net)          -    -     -     -       -    (-,-) 
  g44718__8246/ZN   -       A1->ZN R     NAND2_X4      10 20.9    21    28     831    (-,-) 
  n_425             -       -      -     (net)          -    -     -     -       -    (-,-) 
  g45205/Z          -       S->Z   F     MUX2_X1        1  4.1    13    66     898    (-,-) 
  n_722             -       -      -     (net)          -    -     -     -       -    (-,-) 
  g44691__9315/ZN   -       A->ZN  R     XNOR2_X2       5  9.1    32    43     941    (-,-) 
  n_498             -       -      -     (net)          -    -     -     -       -    (-,-) 
  g44688/ZN         -       A->ZN  F     INV_X1         7 11.8    18    29     970    (-,-) 
  n_508             -       -      -     (net)          -    -     -     -       -    (-,-) 
  g44619__6783/ZN   -       B2->ZN R     AOI222_X1      2  3.8    62   103    1073    (-,-) 
  n_516             -       -      -     (net)          -    -     -     -       -    (-,-) 
  g44613/ZN         -       A->ZN  F     INV_X1         1  1.8    14    10    1083    (-,-) 
  n_517             -       -      -     (net)          -    -     -     -       -    (-,-) 
  g44596__7098/ZN   -       A2->ZN R     NAND2_X1       1  3.6    16    24    1107    (-,-) 
  n_540             -       -      -     (net)          -    -     -     -       -    (-,-) 
  g44579__8428/ZN   -       A2->ZN F     NOR2_X2        4  6.8    14    15    1121    (-,-) 
  n_563             -       -      -     (net)          -    -     -     -       -    (-,-) 
  g44555__6161/ZN   -       A1->ZN R     NAND4_X1       1  1.9    15    21    1142    (-,-) 
  n_564             -       -      -     (net)          -    -     -     -       -    (-,-) 
  g44543__3680/ZN   -       A1->ZN F     NAND2_X1       3  5.3    13    23    1165    (-,-) 
  n_620             -       -      -     (net)          -    -     -     -       -    (-,-) 
  g44499__8246/ZN   -       A2->ZN R     NAND2_X1       1  3.5    14    23    1188    (-,-) 
  n_621             -       -      -     (net)          -    -     -     -       -    (-,-) 
  g44496__5526/ZN   -       A->ZN  F     OAI21_X2       2  5.1    17    21    1209    (-,-) 
  n_643             -       -      -     (net)          -    -     -     -       -    (-,-) 
  g44493__6417/ZN   -       A1->ZN R     NAND2_X1       2  3.8    14    24    1233    (-,-) 
  n_646             -       -      -     (net)          -    -     -     -       -    (-,-) 
  g44490__2883/ZN   -       A2->ZN F     NAND2_X1       2  5.0    14    22    1255    (-,-) 
  n_649             -       -      -     (net)          -    -     -     -       -    (-,-) 
  g44489__6161/ZN   -       A->ZN  R     OAI21_X2       2  5.9    25    26    1281    (-,-) 
  n_653             -       -      -     (net)          -    -     -     -       -    (-,-) 
  g44482__1881/ZN   -       A->ZN  F     OAI21_X2       3  5.1    15    24    1305    (-,-) 
  n_668             -       -      -     (net)          -    -     -     -       -    (-,-) 
  g44475__3680/ZN   -       C1->ZN R     AOI211_X1      1  2.0    39    42    1346    (-,-) 
  n_673             -       -      -     (net)          -    -     -     -       -    (-,-) 
  g44473/ZN         -       A->ZN  F     INV_X1         1  1.8    10    10    1357    (-,-) 
  n_679             -       -      -     (net)          -    -     -     -       -    (-,-) 
  g44467__5107/ZN   -       A1->ZN R     NAND2_X1       1  0.3     8    11    1368    (-,-) 
  bf_out[14]        -       -      -     (net)          -    -     -     -       -    (-,-) 
  bf_out[14]        <<<     -      R     (port)         -    -     -     0    1368    (-,-) 
#-------------------------------------------------------------------------------------------


