============================================================
  Generated by:           Genus(TM) Synthesis Solution 25.11-s095_1
  Generated on:           Mar 10 2026  11:56:01 am
  Module:                 add_fp16
  Library domain:         timing_condition_tt_1p2v_25c
    Domain index:         0
    Technology library:   NangateOpenCellLibrary revision 1.0
  Operating conditions:   typical 
  Interconnect mode:      global
  Area mode:              physical library
============================================================

Timing
--------

Analysis view  Clock Period 
----------------------------
view_1p2_25   clock1 1053.0 


  Analysis    Cost   Critical        Violating 
    View     Group  Path Slack  TNS    Paths   
-----------------------------------------------
view_1p2_25  clock1       20.8  0.0          0 
            default   No paths  0.0          0 
-----------------------------------------------
Total                          -0.0          0 
                                               

Instance Count
--------------
Leaf Instance Count             2032 
Physical Instance count            0 
Sequential Instance Count         68 
Combinational Instance Count    1964 
Hierarchical Instance Count        0 

Area
----
Cell Area                          2482.046
Physical Cell Area                 0.000
Total Cell Area (Cell+Physical)    2482.046
Net Area                           2761.347
Total Area (Cell+Physical+Net)     5243.393

Power
-----
Leakage Power                      63258.452 nW
Dynamic Power                      5124290.354 nW
Total Power                        5187548.806 nW

Max Fanout                         68 (clk)
Min Fanout                         0 (n_624)
Average Fanout                     2.2
Terms to net ratio                 3.2430
Terms to instance ratio            3.4218
Runtime                            71.967194 seconds
Elapsed Runtime                    81 seconds
Genus peak memory usage            2384.12 
Innovus peak memory usage          no_value 
Hostname                           asicfab.ecn.purdue.edu
