============================================================
  Generated by:           Genus(TM) Synthesis Solution 25.11-s095_1
  Generated on:           May 25 2026  06:25:01 am
  Operating conditions:   typical 
  Interconnect mode:      global
  Area mode:              physical library
============================================================

                                 Leakage      Internal                          Library 
   Gate    Instances    Area    Power (nW)   Power (nW)          Library         Domain 
----------------------------------------------------------------------------------------
AND2_X1         1076  1144.864   28405.701   1542355.355 NangateOpenCellLibrary       0 
AND2_X2           71    94.430    3622.178    190718.966 NangateOpenCellLibrary       0 
AND2_X4           22    52.668    2276.774    133613.688 NangateOpenCellLibrary       0 
AND3_X1           57    75.810    1637.447     65440.722 NangateOpenCellLibrary       0 
AND3_X2           14    22.344     890.000     37861.506 NangateOpenCellLibrary       0 
AND3_X4            5    14.630     528.262     30218.342 NangateOpenCellLibrary       0 
AND4_X1           29    46.284     986.700     23228.541 NangateOpenCellLibrary       0 
AND4_X2            7    13.034     474.838     27976.361 NangateOpenCellLibrary       0 
AND4_X4            3    10.374     332.628     14791.943 NangateOpenCellLibrary       0 
AOI211_X1         15    19.950     505.217     16091.598 NangateOpenCellLibrary       0 
AOI211_X2          1     2.394      84.286      1908.731 NangateOpenCellLibrary       0 
AOI211_X4          1     2.926     120.624      7530.844 NangateOpenCellLibrary       0 
AOI21_X1         678   721.392   17269.644    881397.445 NangateOpenCellLibrary       0 
AOI21_X2         163   303.506    8932.916    487134.939 NangateOpenCellLibrary       0 
AOI21_X4          42   145.236    4681.463    275095.230 NangateOpenCellLibrary       0 
AOI221_X1         54    86.184    2163.520    114336.035 NangateOpenCellLibrary       0 
AOI221_X2          9    26.334     762.209     43084.105 NangateOpenCellLibrary       0 
AOI221_X4          1     3.458     105.625     14961.180 NangateOpenCellLibrary       0 
AOI222_X1         10    21.280     434.427     14861.963 NangateOpenCellLibrary       0 
AOI22_X1         364   484.120   10418.512    397171.489 NangateOpenCellLibrary       0 
AOI22_X2          27    64.638    1547.012     60972.392 NangateOpenCellLibrary       0 
AOI22_X4           2     9.044     216.155      4852.775 NangateOpenCellLibrary       0 
BUF_X1            25    19.950     537.799     43652.928 NangateOpenCellLibrary       0 
BUF_X2            15    15.960     642.996     52414.663 NangateOpenCellLibrary       0 
BUF_X4             4     7.448     341.324     26713.813 NangateOpenCellLibrary       0 
CLKBUF_X1         77    61.446     858.872    109964.478 NangateOpenCellLibrary       0 
CLKBUF_X2          2     2.128      45.835      4620.940 NangateOpenCellLibrary       0 
DFFR_X1         1877  9985.640  165452.927  17759928.910 NangateOpenCellLibrary       0 
DFFR_X2           24   140.448    3128.399    160505.088 NangateOpenCellLibrary       0 
DFF_X1           149   673.778   11748.016   1642000.801 NangateOpenCellLibrary       0 
FA_X1            102   434.112    7571.475    690657.713 NangateOpenCellLibrary       0 
HA_X1             63   167.580    3768.022    263923.095 NangateOpenCellLibrary       0 
INV_X1          3144  1672.608   45183.523   1937889.442 NangateOpenCellLibrary       0 
INV_X16            2     9.044     465.588     30572.149 NangateOpenCellLibrary       0 
INV_X2           236   188.328    6703.780    307005.186 NangateOpenCellLibrary       0 
INV_X4            66    87.780    3746.429    140104.172 NangateOpenCellLibrary       0 
INV_X8            20    47.880    2229.934    109525.553 NangateOpenCellLibrary       0 
MUX2_X1          453   843.486   16345.414   1236881.192 NangateOpenCellLibrary       0 
MUX2_X2           11    26.334     778.388     66582.279 NangateOpenCellLibrary       0 
NAND2_X1        4245  3387.510   83795.376   3323885.692 NangateOpenCellLibrary       0 
NAND2_X2         509   676.970   24625.158    866766.534 NangateOpenCellLibrary       0 
NAND2_X4         170   406.980   17125.076    604518.815 NangateOpenCellLibrary       0 
NAND3_X1         253   269.192    6689.536    223036.190 NangateOpenCellLibrary       0 
NAND3_X2          48    89.376    2653.848    116632.087 NangateOpenCellLibrary       0 
NAND3_X4          13    44.954    1015.831     42525.098 NangateOpenCellLibrary       0 
NAND4_X1         110   146.300    2623.758     55727.494 NangateOpenCellLibrary       0 
NAND4_X2           1     2.394      82.412      4680.490 NangateOpenCellLibrary       0 
NAND4_X4           4    19.152     660.215     29786.375 NangateOpenCellLibrary       0 
NOR2_X1         2271  1812.258   48632.435   1835758.716 NangateOpenCellLibrary       0 
NOR2_X2          232   308.560    9770.922    391583.680 NangateOpenCellLibrary       0 
NOR2_X4          163   390.222   13575.681    618461.822 NangateOpenCellLibrary       0 
NOR3_X1           58    61.712    1609.400     41330.512 NangateOpenCellLibrary       0 
NOR3_X2            7    13.034     361.333     17394.467 NangateOpenCellLibrary       0 
NOR3_X4            3    11.172     318.499     16251.321 NangateOpenCellLibrary       0 
NOR4_X1           83   110.390    2810.339     25663.694 NangateOpenCellLibrary       0 
OAI211_X1        119   158.270    4683.023    173915.938 NangateOpenCellLibrary       0 
OAI211_X2         21    50.274    1986.372     87768.097 NangateOpenCellLibrary       0 
OAI21_X1         906   963.984   25496.610   1276965.168 NangateOpenCellLibrary       0 
OAI21_X2         161   299.782    9127.011    418610.330 NangateOpenCellLibrary       0 
OAI21_X4          35   121.030    3755.589    226279.762 NangateOpenCellLibrary       0 
OAI221_X1         75   119.700    3476.212    141351.236 NangateOpenCellLibrary       0 
OAI221_X2          6    17.556     676.286     29934.353 NangateOpenCellLibrary       0 
OAI222_X1         56   119.168    2990.667    131828.992 NangateOpenCellLibrary       0 
OAI22_X1         490   651.700   20622.295    653730.129 NangateOpenCellLibrary       0 
OAI22_X2          11    26.334     892.250     20521.992 NangateOpenCellLibrary       0 
OAI22_X4           2     9.044     273.907     12523.807 NangateOpenCellLibrary       0 
OAI33_X1           1     1.862      48.693      2999.008 NangateOpenCellLibrary       0 
OR2_X1           605   643.720   14243.107    994330.863 NangateOpenCellLibrary       0 
OR2_X2            26    34.580    1206.529     84868.253 NangateOpenCellLibrary       0 
OR2_X4             7    16.758     661.523     50544.921 NangateOpenCellLibrary       0 
OR3_X1            42    55.860    1053.166     54031.325 NangateOpenCellLibrary       0 
OR3_X2             2     3.192     108.596      9404.108 NangateOpenCellLibrary       0 
OR3_X4             1     2.926     118.656     10625.111 NangateOpenCellLibrary       0 
OR4_X1            64   102.144    1773.935     21212.823 NangateOpenCellLibrary       0 
OR4_X2             1     1.862      71.828      5960.585 NangateOpenCellLibrary       0 
SDFFRS_X1          1     7.714     124.039     13382.267 NangateOpenCellLibrary       0 
SDFFR_X1          21   139.650    2243.653    258422.033 NangateOpenCellLibrary       0 
SDFFR_X2           7    48.412    1000.419    101557.918 NangateOpenCellLibrary       0 
XNOR2_X1         831  1326.276   31157.387   1978161.877 NangateOpenCellLibrary       0 
XNOR2_X2         268   712.880   19563.960   1516505.071 NangateOpenCellLibrary       0 
XOR2_X1          594   948.024   20638.110   1761795.685 NangateOpenCellLibrary       0 
XOR2_X2           77   184.338    5428.627    468363.819 NangateOpenCellLibrary       0 
----------------------------------------------------------------------------------------
total          21521 32266.066  745717.131  47688145.008                                
                                            Leakage  Leakage   Internal   Internal 
     Type      Instances    Area   Area % Power (nW) Power %  Power (nW)   Power % 
-----------------------------------------------------------------------------------
sequential          2079 10995.642   34.1 183697.452    24.6 19935797.017     41.8 
inverter            3468  2005.640    6.2  58329.254     7.8  2525096.502      5.3 
buffer               123   106.932    0.3   2426.826     0.3   237366.822      0.5 
logic              15851 19157.852   59.4 501263.599    67.2 24989884.667     52.4 
physical_cells         0     0.000    0.0      0.000     0.0        0.000      0.0 
-----------------------------------------------------------------------------------
total              21521 32266.066  100.0 745717.131   100.0 47688145.008    100.0 
