============================================================
  Generated by:           Genus(TM) Synthesis Solution 25.11-s095_1
  Generated on:           May 25 2026  06:24:49 am
  Module:                 sysarr_32_input_fp_adder
  Operating conditions:   typical 
  Interconnect mode:      global
  Area mode:              physical library
============================================================


Path 1: MET (0 ps) Setup Check with Pin abs_sum_reg[23]/CK->D
           View: view_1p2_25
          Group: clock1
     Startpoint: (R) adder_tree_inst_s0_g15_r_reg[15]/CK
          Clock: (R) clock1
       Endpoint: (F) abs_sum_reg[23]/D
          Clock: (R) clock1

                     Capture       Launch     
        Clock Edge:+    1000            0     
       Src Latency:+       0            0     
       Net Latency:+       0 (I)        0 (I) 
           Arrival:=    1000            0     
                                              
             Setup:-      40                  
       Uncertainty:-       0                  
     Required Time:=     960                  
      Launch Clock:-       0                  
         Data Path:-     960                  
             Slack:=       0                  

Launch clock path:
#------------------------------------------------------------------------------------------------------------
#            Timing Point             Flags   Arc   Edge   Cell     Fanout Load Trans Delay Arrival Instance 
#                                                                          (fF)  (ps)  (ps)   (ps)  Location 
#------------------------------------------------------------------------------------------------------------
  clk                                 (i)     -     R     (arrival)   2079  0.0     0     0       0    (-,-) 
  clk                                 -       -     -     (net)          -    -     -     -       -    (-,-) 
  clk                                 -       -     -     (net)          -    -     -     -       -    (-,-) 
  adder_tree_inst_s0_g15_r_reg[15]/CK <<<     -     R     DFFR_X1     2079    -     1     0       0    (-,-) 
#------------------------------------------------------------------------------------------------------------

#---------------------------------------------------------------------------------------------------------------------------
#                   Timing Point                    Flags    Arc   Edge   Cell     Fanout Load Trans Delay Arrival Instance 
#                                                                                         (fF)  (ps)  (ps)   (ps)  Location 
#---------------------------------------------------------------------------------------------------------------------------
  adder_tree_inst_s0_g15_r_reg[15]/CK               -       -      R     (arrival)   2079    -     1     0       0    (-,-) 
  adder_tree_inst_s0_g15_r_reg[15]/QN               -       CK->QN F     DFFR_X1        2  3.5    14    69      69    (-,-) 
  csa_tree_adder_tree_inst_add_125_50_n_565         -       -      -     (net)          -    -     -     -       -    (-,-) 
  g208187/ZN                                        -       A->ZN  R     INV_X1         3  5.7    16    25      94    (-,-) 
  adder_tree_inst_s0_g15_r[15]                      -       -      -     (net)          -    -     -     -       -    (-,-) 
  csa_tree_adder_tree_inst_add_125_50_g30077/ZN     -       A2->ZN F     NAND2_X1       1  1.8     8    16     110    (-,-) 
  csa_tree_adder_tree_inst_add_125_50_n_1096        -       -      -     (net)          -    -     -     -       -    (-,-) 
  csa_tree_adder_tree_inst_add_125_50_g29819/ZN     -       A1->ZN R     NAND2_X1       1  4.3    15    20     130    (-,-) 
  csa_tree_adder_tree_inst_add_125_50_n_1346        -       -      -     (net)          -    -     -     -       -    (-,-) 
  csa_tree_adder_tree_inst_add_125_50_g30994/ZN     -       A->ZN  R     XNOR2_X2       2  6.1    25    42     172    (-,-) 
  csa_tree_adder_tree_inst_add_125_50_n_239         -       -      -     (net)          -    -     -     -       -    (-,-) 
  csa_tree_adder_tree_inst_add_125_50_g405220/ZN    -       A->ZN  R     XNOR2_X2       1  4.3    21    42     214    (-,-) 
  n_16171                                           -       -      -     (net)          -    -     -     -       -    (-,-) 
  csa_tree_adder_tree_inst_add_125_50_g405219/ZN    -       A->ZN  R     XNOR2_X2       2  4.4    21    41     256    (-,-) 
  n_16173                                           -       -      -     (net)          -    -     -     -       -    (-,-) 
  csa_tree_adder_tree_inst_add_125_50_g405222/ZN    -       A->ZN  R     XNOR2_X1       1  4.3    31    48     304    (-,-) 
  n_16175                                           -       -      -     (net)          -    -     -     -       -    (-,-) 
  csa_tree_adder_tree_inst_add_125_50_g28283/ZN     -       A->ZN  R     XNOR2_X2       3  6.2    25    46     350    (-,-) 
  csa_tree_adder_tree_inst_add_125_50_n_2419        -       -      -     (net)          -    -     -     -       -    (-,-) 
  csa_tree_adder_tree_inst_add_125_50_g31016/Z      -       A->Z   R     XOR2_X1        1  2.9    27    56     406    (-,-) 
  csa_tree_adder_tree_inst_add_125_50_n_220         -       -      -     (net)          -    -     -     -       -    (-,-) 
  csa_tree_adder_tree_inst_add_125_50_g405745/ZN    -       B->ZN  R     XNOR2_X1       1  3.1    25    47     452    (-,-) 
  n_16774                                           -       -      -     (net)          -    -     -     -       -    (-,-) 
  csa_tree_adder_tree_inst_add_125_50_g405742/S     -       CI->S  F     FA_X1          4  8.8    23   109     562    (-,-) 
  n_16776                                           -       -      -     (net)          -    -     -     -       -    (-,-) 
  fopt405746/Z                                      -       A->Z   F     BUF_X4         5  9.1     6    33     594    (-,-) 
  n_16777                                           -       -      -     (net)          -    -     -     -       -    (-,-) 
  final_adder_adder_tree_inst_add_125_50_g2137/ZN   -       A1->ZN R     NAND2_X1       2  3.9    18    19     613    (-,-) 
  final_adder_adder_tree_inst_add_125_50_n_95       -       -      -     (net)          -    -     -     -       -    (-,-) 
  final_adder_adder_tree_inst_add_125_50_g2118/ZN   -       A->ZN  F     INV_X1         1  6.1    10    17     630    (-,-) 
  final_adder_adder_tree_inst_add_125_50_n_96       -       -      -     (net)          -    -     -     -       -    (-,-) 
  final_adder_adder_tree_inst_add_125_50_g2045/ZN   -       A->ZN  R     AOI21_X4       1  7.2    22    40     670    (-,-) 
  final_adder_adder_tree_inst_add_125_50_n_170      -       -      -     (net)          -    -     -     -       -    (-,-) 
  final_adder_adder_tree_inst_add_125_50_g404706/ZN -       A2->ZN F     NAND3_X4       3  9.3    13    26     696    (-,-) 
  n_15656                                           -       -      -     (net)          -    -     -     -       -    (-,-) 
  final_adder_adder_tree_inst_add_125_50_g404709/ZN -       B1->ZN R     AOI21_X1       2  4.6    35    42     738    (-,-) 
  n_15658                                           -       -      -     (net)          -    -     -     -       -    (-,-) 
  final_adder_adder_tree_inst_add_125_50_g404708/ZN -       A1->ZN F     NOR2_X2        2  3.5    15    11     750    (-,-) 
  n_15659                                           -       -      -     (net)          -    -     -     -       -    (-,-) 
  final_adder_adder_tree_inst_add_125_50_g1992/ZN   -       A1->ZN R     NAND2_X1       1  1.9    10    18     768    (-,-) 
  final_adder_adder_tree_inst_add_125_50_n_218      -       -      -     (net)          -    -     -     -       -    (-,-) 
  final_adder_adder_tree_inst_add_125_50_g1979/ZN   -       A1->ZN F     NAND2_X1       2  4.1    11    18     786    (-,-) 
  final_adder_adder_tree_inst_add_125_50_n_228      -       -      -     (net)          -    -     -     -       -    (-,-) 
  final_adder_adder_tree_inst_add_125_50_g1971/ZN   -       A1->ZN R     NAND2_X1       1  1.9    10    16     802    (-,-) 
  final_adder_adder_tree_inst_add_125_50_n_236      -       -      -     (net)          -    -     -     -       -    (-,-) 
  final_adder_adder_tree_inst_add_125_50_g1962/ZN   -       A1->ZN F     NAND2_X1       1  2.4     9    14     816    (-,-) 
  final_adder_adder_tree_inst_add_125_50_n_244      -       -      -     (net)          -    -     -     -       -    (-,-) 
  final_adder_adder_tree_inst_add_125_50_g1957/ZN   -       A->ZN  R     XNOR2_X1       1  2.2    21    30     846    (-,-) 
  n_13962                                           -       -      -     (net)          -    -     -     -       -    (-,-) 
  g211282__4319/Z                                   -       S->Z   F     MUX2_X1        1  3.2    12    64     910    (-,-) 
  n_13246                                           -       -      -     (net)          -    -     -     -       -    (-,-) 
  g211248__6417/ZN                                  -       A->ZN  R     AOI21_X2       1  1.9    18    36     946    (-,-) 
  n_13279                                           -       -      -     (net)          -    -     -     -       -    (-,-) 
  g211201__1666/ZN                                  -       A1->ZN F     NAND2_X1       1  1.4     8    14     960    (-,-) 
  n_13325                                           -       -      -     (net)          -    -     -     -       -    (-,-) 
  abs_sum_reg[23]/D                                 <<<     -      F     DFF_X1         1    -     -     0     960    (-,-) 
#---------------------------------------------------------------------------------------------------------------------------

Capture clock path:
#-------------------------------------------------------------------------------------------
#   Timing Point     Flags   Arc   Edge   Cell     Fanout Load Trans Delay Arrival Instance 
#                                                         (fF)  (ps)  (ps)   (ps)  Location 
#-------------------------------------------------------------------------------------------
  clk                (i)     -     R     (arrival)   2079  0.0     0     0    1000    (-,-) 
  clk                -       -     -     (net)          -    -     -     -       -    (-,-) 
  clk                -       -     -     (net)          -    -     -     -       -    (-,-) 
  abs_sum_reg[23]/CK <<<     -     R     DFF_X1      2079    -     1     0    1000    (-,-) 
#-------------------------------------------------------------------------------------------


