============================================================
  Generated by:           Genus(TM) Synthesis Solution 25.11-s095_1
  Generated on:           Feb 24 2026  11:02:02 am
  Module:                 add_fp16
  Operating conditions:   PVT_1P2V_25C 
  Interconnect mode:      global
  Area mode:              physical library
============================================================


Path 1: MET (92 ps) Setup Check with Pin sub_has_added_sticky_l_reg/clk->d
           View: view_1p2_25
          Group: clock1
     Startpoint: (R) fp2_in[14]
          Clock: (R) clock1
       Endpoint: (R) sub_has_added_sticky_l_reg/d
          Clock: (R) clock1

                     Capture       Launch     
        Clock Edge:+    1786            0     
        Drv Adjust:+       0            9     
       Src Latency:+       0            0     
       Net Latency:+       0 (I)        0 (I) 
           Arrival:=    1786            9     
                                              
             Setup:-     125                  
       Uncertainty:-       0                  
     Required Time:=    1661                  
      Launch Clock:-       9                  
       Input Delay:-       1                  
         Data Path:-    1560                  
             Slack:=      92                  

Exceptions/Constraints:
  input_delay              1              add_fp16.sdc_line_16_21_1   

#----------------------------------------------------------------------------------------------------------------
#        Timing Point          Flags    Arc    Edge       Cell         Fanout  Load Trans Delay Arrival Instance 
#                                                                              (fF)  (ps)  (ps)   (ps)  Location 
#----------------------------------------------------------------------------------------------------------------
  fp2_in[14]                   (u)     -       R     (arrival)              5  27.5    20     0      10    (-,-) 
  fp2_in[14]                   -       -       -     (net)                  -     -     -     -       -    (-,-) 
  g16469/z                     (u)     in_1->z R     unmapped_or2           3  16.5     0    49      59    (-,-) 
  n_7852                       -       -       -     (net)                  -     -     -     -       -    (-,-) 
  g16470/z                     (u)     in_1->z F     unmapped_nand2         4  22.0     0    57     116    (-,-) 
  n_7842                       -       -       -     (net)                  -     -     -     -       -    (-,-) 
  g16373/z                     (u)     in_1->z R     unmapped_nand2         1   5.5     0    32     148    (-,-) 
  n_11509                      -       -       -     (net)                  -     -     -     -       -    (-,-) 
  g16553/z                     (u)     in_0->z R     unmapped_complex2      1   5.5     0    32     180    (-,-) 
  n_11511                      -       -       -     (net)                  -     -     -     -       -    (-,-) 
  g16286/z                     (u)     in_1->z R     unmapped_or2           1   5.5     0    32     213    (-,-) 
  n_11514                      -       -       -     (net)                  -     -     -     -       -    (-,-) 
  g16567/z                     (u)     in_1->z F     unmapped_complex2      1   5.5     0    32     245    (-,-) 
  n_8478                       -       -       -     (net)                  -     -     -     -       -    (-,-) 
  g16233/z                     (u)     in_1->z F     unmapped_complex2     33 181.5     0   122     367    (-,-) 
  n_7851                       -       -       -     (net)                  -     -     -     -       -    (-,-) 
  g16169/z                     (u)     in_1->z R     unmapped_nand2         2  11.0     0    41     408    (-,-) 
  n_7868                       -       -       -     (net)                  -     -     -     -       -    (-,-) 
  g16582/z                     (u)     in_0->z R     unmapped_complex2      1   5.5     0    32     440    (-,-) 
  n_8483                       -       -       -     (net)                  -     -     -     -       -    (-,-) 
  g16099/z                     (u)     in_0->z F     unmapped_nand2         2  11.0     0    41     481    (-,-) 
  n_7869                       -       -       -     (net)                  -     -     -     -       -    (-,-) 
  g16049/z                     (u)     in_0->z R     unmapped_complex2      1   5.5     0    32     513    (-,-) 
  n_13060                      -       -       -     (net)                  -     -     -     -       -    (-,-) 
  g16051/z                     (u)     in_0->z F     unmapped_nand2        10  55.0     0    84     597    (-,-) 
  n_7870                       -       -       -     (net)                  -     -     -     -       -    (-,-) 
  g15995/z                     (u)     in_0->z F     unmapped_or2           6  33.0     0    69     665    (-,-) 
  n_7873                       -       -       -     (net)                  -     -     -     -       -    (-,-) 
  g16542/z                     (u)     in_1->z R     unmapped_nand2         1   5.5     0    32     698    (-,-) 
  n_10466                      -       -       -     (net)                  -     -     -     -       -    (-,-) 
  g15918/z                     (u)     in_0->z R     unmapped_or2           1   5.5     0    32     730    (-,-) 
  n_8496                       -       -       -     (net)                  -     -     -     -       -    (-,-) 
  g15862/z                     (u)     in_1->z F     unmapped_nand2         3  16.5     0    49     779    (-,-) 
  n_7882                       -       -       -     (net)                  -     -     -     -       -    (-,-) 
  g16619/z                     (u)     in_0->z R     unmapped_complex2      9  49.5     0    81     860    (-,-) 
  n_7883                       -       -       -     (net)                  -     -     -     -       -    (-,-) 
  g15827/z                     (u)     in_1->z R     unmapped_or2           3  16.5     0    49     909    (-,-) 
  n_7918                       -       -       -     (net)                  -     -     -     -       -    (-,-) 
  g15763/z                     (u)     in_0->z R     unmapped_complex2      1   5.5     0    32     941    (-,-) 
  n_8285                       -       -       -     (net)                  -     -     -     -       -    (-,-) 
  g16657/z                     (u)     in_0->z F     unmapped_complex2      1   5.5     0    32     974    (-,-) 
  n_8508                       -       -       -     (net)                  -     -     -     -       -    (-,-) 
  g15708/z                     (u)     in_1->z F     unmapped_complex2      4  22.0     0    57    1031    (-,-) 
  n_7927                       -       -       -     (net)                  -     -     -     -       -    (-,-) 
  g15641/z                     (u)     in_0->z R     unmapped_complex2      1   5.5     0    32    1063    (-,-) 
  n_8266                       -       -       -     (net)                  -     -     -     -       -    (-,-) 
  g15616/z                     (u)     in_0->z F     unmapped_complex2      1   5.5     0    32    1095    (-,-) 
  n_8517                       -       -       -     (net)                  -     -     -     -       -    (-,-) 
  g15565/z                     (u)     in_1->z R     unmapped_nand2         1   5.5     0    32    1128    (-,-) 
  n_7928                       -       -       -     (net)                  -     -     -     -       -    (-,-) 
  g15526/z                     (u)     in_1->z F     unmapped_nand2         2  11.0     0    41    1168    (-,-) 
  n_8526                       -       -       -     (net)                  -     -     -     -       -    (-,-) 
  g15511/z                     (u)     in_0->z R     unmapped_complex2      1   5.5     0    32    1201    (-,-) 
  n_8275                       -       -       -     (net)                  -     -     -     -       -    (-,-) 
  g14742/z                     (u)     in_0->z F     unmapped_complex2      1   5.5     0    32    1233    (-,-) 
  n_12556                      -       -       -     (net)                  -     -     -     -       -    (-,-) 
  g16744/z                     (u)     in_0->z R     unmapped_complex2      1   5.5     0    32    1266    (-,-) 
  n_12558                      -       -       -     (net)                  -     -     -     -       -    (-,-) 
  g15453/z                     (u)     in_1->z R     unmapped_complex2      1   5.5     0    32    1298    (-,-) 
  n_12560                      -       -       -     (net)                  -     -     -     -       -    (-,-) 
  g15434/z                     (u)     in_1->z F     unmapped_nand2         4  22.0     0    57    1355    (-,-) 
  n_7945                       -       -       -     (net)                  -     -     -     -       -    (-,-) 
  g15425/z                     (u)     in_0->z F     unmapped_or2          23 126.5     0   109    1464    (-,-) 
  n_7947                       -       -       -     (net)                  -     -     -     -       -    (-,-) 
  g15365/z                     (u)     in_1->z F     unmapped_or2           2  11.0     0    41    1505    (-,-) 
  n_8155                       -       -       -     (net)                  -     -     -     -       -    (-,-) 
  g15344/z                     (u)     in_0->z F     unmapped_or2           1   5.5     0    32    1537    (-,-) 
  n_8585                       -       -       -     (net)                  -     -     -     -       -    (-,-) 
  g15314/z                     (u)     in_0->z R     unmapped_nand2         1   5.5     0    32    1569    (-,-) 
  n_8123                       -       -       -     (net)                  -     -     -     -       -    (-,-) 
  sub_has_added_sticky_l_reg/d <<<     -       R     unmapped_d_flop        1     -     -     0    1569    (-,-) 
#----------------------------------------------------------------------------------------------------------------

(u) : Net has unmapped pin(s).

Capture clock path:
#-------------------------------------------------------------------------------------------------------------
#         Timing Point           Flags   Arc   Edge      Cell        Fanout Load Trans Delay Arrival Instance 
#                                                                           (fF)  (ps)  (ps)   (ps)  Location 
#-------------------------------------------------------------------------------------------------------------
  clk                            (i,u)   -     R     (arrival)           39  0.0   129     0    1861    (-,-) 
  clk                            -       -     -     (net)                -    -     -     -       -    (-,-) 
  clk                            -       -     -     (net)                -    -     -     -       -    (-,-) 
  sub_has_added_sticky_l_reg/clk <<<     -     R     unmapped_d_flop     39    -     1     0    1861    (-,-) 
#-------------------------------------------------------------------------------------------------------------


