============================================================
  Generated by:           Genus(TM) Synthesis Solution 25.11-s095_1
  Generated on:           May 24 2026  06:17:55 am
  Operating conditions:   typical 
  Interconnect mode:      global
  Area mode:              physical library
============================================================

                         Leakage   Internal          Library 
 Gate  Instances  Area Power (nW) Power (nW) Library  Domain 
-------------------------------------------------------------
-------------------------------------------------------------
total          0 0.000      0.000      0.000                 
                                        Leakage  Leakage   Internal   Internal 
     Type      Instances  Area Area % Power (nW) Power %  Power (nW)   Power % 
-------------------------------------------------------------------------------
sequential          2980 0.000    0.0 235754.672    41.1 11739254.342     45.6 
inverter               5 0.000    0.0     71.711     0.0      996.748      0.0 
logic              27720 0.000    0.0 337354.227    58.9 13976802.830     54.3 
physical_cells         0 0.000    0.0      0.000     0.0        0.000      0.0 
-------------------------------------------------------------------------------
total              30705 0.000    0.0 573180.609   100.0 25717053.920    100.0 
