============================================================
  Generated by:           Genus(TM) Synthesis Solution 25.11-s095_1
  Generated on:           May 25 2026  09:36:19 am
  Module:                 sysarr_32_input_fp_adder
  Library domain:         timing_condition_tt_1p2v_25c
    Domain index:         0
    Technology library:   NangateOpenCellLibrary revision 1.0
  Operating conditions:   typical 
  Interconnect mode:      global
  Area mode:              physical library
============================================================

Timing
--------

Analysis view  Clock Period 
----------------------------
view_1p2_25   clock1 1000.0 


  Analysis    Cost   Critical            Violating 
    View     Group  Path Slack    TNS      Paths   
---------------------------------------------------
view_1p2_25  clock1     -160.9 -89402.9        903 
            default   No paths      0.0          0 
---------------------------------------------------
Total                          -89402.9        903 
                                                   

Instance Count
--------------
Leaf Instance Count             29721 
Physical Instance count             0 
Sequential Instance Count        2079 
Combinational Instance Count    27642 
Hierarchical Instance Count        23 

Area
----
Cell Area                          55654.016
Physical Cell Area                 0.000
Total Cell Area (Cell+Physical)    55654.016
Net Area                           25.916
Total Area (Cell+Physical+Net)     55679.932

Power
-----
Leakage Power                      513724.919 nW
Dynamic Power                      25064701.225 nW
Total Power                        25578426.144 nW

Max Fanout                         2079 (clk)
Min Fanout                         0 (nRST)
Average Fanout                     1.9
Terms to net ratio                 3.0236
Terms to instance ratio            3.3493
Runtime                            49.364146 seconds
Elapsed Runtime                    53 seconds
Genus peak memory usage            1776.73 
Innovus peak memory usage          no_value 
Hostname                           asicfab.ecn.purdue.edu
