============================================================
  Generated by:           Genus(TM) Synthesis Solution 25.11-s095_1
  Generated on:           Mar 10 2026  02:17:16 pm
  Module:                 mul_bf
  Library domain:         timing_condition_tt_1p2v_25c
    Domain index:         0
    Technology library:   NangateOpenCellLibrary revision 1.0
  Operating conditions:   typical 
  Interconnect mode:      global
  Area mode:              physical library
============================================================

Timing
--------

Analysis view  Clock Period 
----------------------------
view_1p2_25   clock1 1266.0 


  Analysis    Cost   Critical        Violating 
    View     Group  Path Slack  TNS    Paths   
-----------------------------------------------
view_1p2_25  clock1      194.3  0.0          0 
            default   No paths  0.0          0 
-----------------------------------------------
Total                          -0.0          0 
                                               

Instance Count
--------------
Leaf Instance Count             806 
Physical Instance count           0 
Sequential Instance Count        25 
Combinational Instance Count    781 
Hierarchical Instance Count       0 

Area
----
Cell Area                          1382.882
Physical Cell Area                 0.000
Total Cell Area (Cell+Physical)    1382.882
Net Area                           21.866
Total Area (Cell+Physical+Net)     1404.748

Power
-----
Leakage Power                      11586.521 nW
Dynamic Power                      296164.285 nW
Total Power                        307750.807 nW

Max Fanout                         25 (clk)
Min Fanout                         0 (nRST)
Average Fanout                     1.9
Terms to net ratio                 2.9929
Terms to instance ratio            3.1526
Runtime                            42.985802 seconds
Elapsed Runtime                    51 seconds
Genus peak memory usage            1744.21 
Innovus peak memory usage          no_value 
Hostname                           asicfab.ecn.purdue.edu
