============================================================
  Generated by:           Genus(TM) Synthesis Solution 25.11-s095_1
  Generated on:           Mar 10 2026  09:42:51 pm
  Operating conditions:   typical 
  Interconnect mode:      global
  Area mode:              physical library
============================================================

                                Leakage    Internal                          Library 
   Gate    Instances   Area   Power (nW)  Power (nW)          Library         Domain 
-------------------------------------------------------------------------------------
AND2_X1           46   48.944   1194.151    44614.668 NangateOpenCellLibrary       0 
AND2_X2            2    2.660    101.149      847.796 NangateOpenCellLibrary       0 
AND3_X1           14   18.620    376.662     8523.142 NangateOpenCellLibrary       0 
AND4_X1           13   20.748    348.683     4026.871 NangateOpenCellLibrary       0 
AOI211_X1         22   29.260    746.274    37376.336 NangateOpenCellLibrary       0 
AOI21_X1         155  164.920   4085.987   180249.852 NangateOpenCellLibrary       0 
AOI21_X2           1    1.862     59.306      907.433 NangateOpenCellLibrary       0 
AOI21_X4           1    3.458    108.049     1901.437 NangateOpenCellLibrary       0 
AOI221_X1         60   95.760   2580.566    67431.492 NangateOpenCellLibrary       0 
AOI222_X1         40   85.120   1752.347    26259.105 NangateOpenCellLibrary       0 
AOI22_X1         100  133.000   3098.682    73603.402 NangateOpenCellLibrary       0 
AOI22_X2           1    2.394     93.188     2595.310 NangateOpenCellLibrary       0 
BUF_X1            14   11.172    304.929    21195.031 NangateOpenCellLibrary       0 
CLKBUF_X1          8    6.384     89.999     7876.122 NangateOpenCellLibrary       0 
CLKBUF_X2          5    5.320    115.695     8501.190 NangateOpenCellLibrary       0 
DFFR_X1           63  335.160   5547.294   356181.105 NangateOpenCellLibrary       0 
DFFR_X2            1    5.852    135.452     6020.616 NangateOpenCellLibrary       0 
DFF_X1            31  140.182   2449.360   192883.372 NangateOpenCellLibrary       0 
HA_X1              8   21.280    494.568    19221.066 NangateOpenCellLibrary       0 
INV_X1           411  218.652   5900.157   153967.011 NangateOpenCellLibrary       0 
INV_X2            10    7.980    303.197     6910.813 NangateOpenCellLibrary       0 
INV_X4             8   10.640    459.303     6574.090 NangateOpenCellLibrary       0 
INV_X8             2    4.788    233.468     7848.414 NangateOpenCellLibrary       0 
MUX2_X1           57  106.134   2052.340    89392.017 NangateOpenCellLibrary       0 
NAND2_X1         262  209.076   4499.179   114068.614 NangateOpenCellLibrary       0 
NAND2_X2          16   21.280    759.788    14358.477 NangateOpenCellLibrary       0 
NAND2_X4           3    7.182    264.089     5398.552 NangateOpenCellLibrary       0 
NAND3_X1          18   19.152    383.336     9275.732 NangateOpenCellLibrary       0 
NAND3_X2           3    5.586    209.656     4214.397 NangateOpenCellLibrary       0 
NAND4_X1          25   33.250    576.482    13347.930 NangateOpenCellLibrary       0 
NAND4_X2           1    2.394     45.841      740.776 NangateOpenCellLibrary       0 
NOR2_X1          240  191.520   5025.129   146504.416 NangateOpenCellLibrary       0 
NOR2_X2           15   19.950    719.931     8099.301 NangateOpenCellLibrary       0 
NOR2_X4            1    2.394     80.059     1326.307 NangateOpenCellLibrary       0 
NOR3_X1           10   10.640    259.419     8731.379 NangateOpenCellLibrary       0 
NOR4_X1           28   37.240   1026.947    10883.116 NangateOpenCellLibrary       0 
OAI211_X1         31   41.230    985.331    32156.632 NangateOpenCellLibrary       0 
OAI211_X2          1    2.394     47.387     3274.553 NangateOpenCellLibrary       0 
OAI21_X1         119  126.616   3622.839   110875.565 NangateOpenCellLibrary       0 
OAI21_X2          13   24.206    783.835    23706.230 NangateOpenCellLibrary       0 
OAI21_X4           7   24.206    910.817    22374.881 NangateOpenCellLibrary       0 
OAI221_X1         37   59.052   1812.491    41878.433 NangateOpenCellLibrary       0 
OAI222_X1         36   76.608   2256.610    29472.684 NangateOpenCellLibrary       0 
OAI22_X1          89  118.370   3091.325    94358.755 NangateOpenCellLibrary       0 
OAI22_X2           4    9.576    324.518     6538.103 NangateOpenCellLibrary       0 
OAI22_X4           2    9.044    314.536     7447.601 NangateOpenCellLibrary       0 
OR2_X1            69   73.416   1598.018    79567.385 NangateOpenCellLibrary       0 
OR2_X2             4    5.320    205.529     7109.516 NangateOpenCellLibrary       0 
OR3_X1             8   10.640    198.644     4071.387 NangateOpenCellLibrary       0 
OR4_X1             8   12.768    221.753     1145.209 NangateOpenCellLibrary       0 
SDFFR_X1           5   33.250    528.883    29395.635 NangateOpenCellLibrary       0 
XNOR2_X1         105  167.580   3827.925   174339.219 NangateOpenCellLibrary       0 
XNOR2_X2          10   26.600    745.593    32434.268 NangateOpenCellLibrary       0 
XOR2_X1           78  124.488   2584.675   148622.095 NangateOpenCellLibrary       0 
XOR2_X2            1    2.394     83.249     3191.989 NangateOpenCellLibrary       0 
-------------------------------------------------------------------------------------
total           2322 2987.712  70624.623  2513816.828                                
                                           Leakage  Leakage   Internal  Internal 
     Type      Instances   Area   Area % Power (nW) Power %  Power (nW)  Power % 
---------------------------------------------------------------------------------
sequential           100  514.444   17.2   8660.989    12.3  584480.728     23.3 
inverter             431  242.060    8.1   6896.125     9.8  175300.328      7.0 
buffer                27   22.876    0.8    510.623     0.7   37572.343      1.5 
logic               1764 2208.332   73.9  54556.885    77.2 1716463.429     68.3 
physical_cells         0    0.000    0.0      0.000     0.0       0.000      0.0 
---------------------------------------------------------------------------------
total               2322 2987.712  100.0  70624.623   100.0 2513816.828    100.0 
