Command: report datapath reports/syn_generic/area.datapath.rpt
Warning: '-sort' is not specified. By default, 'report datapath' orders the components based on instance name
============================================================
  Generated by:           Genus(TM) Synthesis Solution 25.11-s095_1
  Generated on:           Mar 10 2026  10:30:23 pm
  Module:                 add_fp16
  Library domain:         timing_condition_tt_1p2v_25c
    Domain index:         0
    Technology library:   NangateOpenCellLibrary revision 1.0
  Operating conditions:   typical 
  Interconnect mode:      global
  Area mode:              physical library
============================================================



Inferred components

                            Operator Signedness          Architecture                    Inputs    Outputs        CellArea LogicLevels 
=======================================================================================================================================
add_fp16
csa_tree_eq_266_33_spec0_groupi module:csa_tree_eq_266_33_spec0_group_54 
 equation: assign TMPDP_0 = 2'sb00 - (($signed(in_0) + $signed(in_1)) << 1); assign out_0 = (TMPDP_0 == 0); 
                       csa_and_adder        n/a             very_fast                     25x25          1          309.26          10 

Related RTL operators:
csa_mux_mux_man                  mux        n/a             very_fast                   2x28x28         28                           1 
tissa_sum_238_9                                                                                                                        
_a                                                                                                                                     
      eq_266_33                   ==   unsigned             very_fast                      26x1          1                           3 
=======================================================================================================================================
add_fp16
csa_tree_eq_266_33_spec1_groupi module:csa_tree_eq_266_33_spec1_group_52 
 equation: assign TMPDP_1 = 2'sb00 - (($signed(in_0) + $signed(in_1)) << 2); assign out_0 = (TMPDP_1 == 0); 
                       csa_and_adder        n/a             very_fast                     24x24          1          296.50          10 

Related RTL operators:
csa_mux_mux_man                  mux        n/a             very_fast                   2x28x28         28                           1 
tissa_sum_238_9                                                                                                                        
_a                                                                                                                                     
      eq_266_33                   ==   unsigned             very_fast                      26x1          1                           3 
=======================================================================================================================================
add_fp16
csa_tree_eq_266_33_spec24_groupi module:csa_tree_eq_266_33_spec24_group_6 
 equation: assign TMPDP_2 = 2'sb00 - ($signed(in_0) + $signed(in_1)); assign out_0 = (TMPDP_2 == 0); 
                       csa_and_adder        n/a             very_fast                     26x26          1          322.01          10 

Related RTL operators:
csa_mux_mux_man                  mux        n/a             very_fast                   2x28x28         28                           1 
tissa_sum_238_9                                                                                                                        
_a                                                                                                                                     
      eq_266_33                   ==   unsigned             very_fast                      26x1          1                           3 
=======================================================================================================================================
add_fp16
csa_tree_eq_266_33_spec2_groupi module:csa_tree_eq_266_33_spec2_group_50 
 equation: assign TMPDP_3 = 2'sb00 - (($signed(in_0) + $signed(in_1)) << 3); assign out_0 = (TMPDP_3 == 0); 
                       csa_and_adder        n/a             very_fast                     23x23          1          283.75          10 

Related RTL operators:
csa_mux_mux_man                  mux        n/a             very_fast                   2x28x28         28                           1 
tissa_sum_238_9                                                                                                                        
_a                                                                                                                                     
      eq_266_33                   ==   unsigned             very_fast                      26x1          1                           3 
=======================================================================================================================================
add_fp16
csa_tree_eq_266_33_spec3_groupi module:csa_tree_eq_266_33_spec3_group_48 
 equation: assign TMPDP_4 = 2'sb00 - (($signed(in_0) + $signed(in_1)) << 4); assign out_0 = (TMPDP_4 == 0); 
                       csa_and_adder        n/a             very_fast                     22x22          1          271.00          10 

Related RTL operators:
csa_mux_mux_man                  mux        n/a             very_fast                   2x28x28         28                           1 
tissa_sum_238_9                                                                                                                        
_a                                                                                                                                     
      eq_266_33                   ==   unsigned             very_fast                      26x1          1                           3 
=======================================================================================================================================
add_fp16
csa_tree_eq_266_33_spec4_groupi module:csa_tree_eq_266_33_spec4_group_46 
 equation: assign TMPDP_5 = 2'sb00 - (($signed(in_0) + $signed(in_1)) << 5); assign out_0 = (TMPDP_5 == 0); 
                       csa_and_adder        n/a             very_fast                     21x21          1          258.24          10 

Related RTL operators:
csa_mux_mux_man                  mux        n/a             very_fast                   2x28x28         28                           1 
tissa_sum_238_9                                                                                                                        
_a                                                                                                                                     
      eq_266_33                   ==   unsigned             very_fast                      26x1          1                           3 
=======================================================================================================================================
add_fp16
csa_tree_eq_345_31_groupi module:csa_tree_eq_345_31_group_2 
 equation: assign TMPDP_6 = 2'sb00 - ($signed(in_0) + $signed(in_1)); assign out_0 = (TMPDP_6 == 0); 
                       csa_and_adder        n/a             very_fast                     27x27          1          334.76          10 

Related RTL operators:
      eq_345_31                   ==   unsigned             very_fast                      27x1          1                           3 
=======================================================================================================================================
add_fp16
inc_ADD_TC_OP51 module:increment_unsigned_1829 
                           increment   unsigned             very_fast                      23x1         24          180.13          10 
=======================================================================================================================================
Type              CellArea  Percentage
--------------------------------------
datapath modules   2255.65       31.32
external muxes        0.00        0.00
others             4945.70       68.68
--------------------------------------
total              7201.35      100.00
