============================================================
  Generated by:           Genus(TM) Synthesis Solution 25.11-s095_1
  Generated on:           Jun 12 2026  10:46:19 pm
  Module:                 sysarr_32_input_fp_adder
  Operating conditions:   typical 
  Interconnect mode:      global
  Area mode:              physical library
============================================================


Path 1: VIOLATED (-150 ps) Setup Check with Pin aligner_inst_aligned_mant_out_reg[31][1]/clk->d
           View: view_1p2_25
          Group: clock1
     Startpoint: (R) aligner_inst_max_l3_n1_r_reg[7]/clk
          Clock: (R) clock1
       Endpoint: (R) aligner_inst_aligned_mant_out_reg[31][1]/d
          Clock: (R) clock1

                     Capture       Launch     
        Clock Edge:+    1064            0     
       Src Latency:+       0            0     
       Net Latency:+       0 (I)        0 (I) 
           Arrival:=    1064            0     
                                              
             Setup:-      38                  
       Uncertainty:-       0                  
     Required Time:=    1026                  
      Launch Clock:-       0                  
         Data Path:-    1176                  
             Slack:=    -150                  

Launch clock path:
#------------------------------------------------------------------------------------------------------------------
#            Timing Point             Flags   Arc   Edge      Cell        Fanout Load Trans Delay Arrival Instance 
#                                                                                (fF)  (ps)  (ps)   (ps)  Location 
#------------------------------------------------------------------------------------------------------------------
  clk                                 (i,u)   -     R     (arrival)         1679  0.0     0     0       0    (-,-) 
  clk                                 -       -     -     (net)                -    -     -     -       -    (-,-) 
  clk                                 -       -     -     (net)                -    -     -     -       -    (-,-) 
  aligner_inst_max_l3_n1_r_reg[7]/clk <<<     -     R     unmapped_d_flop   1679    -     1     0       0    (-,-) 
#------------------------------------------------------------------------------------------------------------------

#------------------------------------------------------------------------------------------------------------------------------
#               Timing Point                 Flags    Arc    Edge       Cell         Fanout  Load Trans Delay Arrival Instance 
#                                                                                            (fF)  (ps)  (ps)   (ps)  Location 
#------------------------------------------------------------------------------------------------------------------------------
  aligner_inst_max_l3_n1_r_reg[7]/clk        -       -       R     (arrival)           1679     -     1     0       0    (-,-) 
  aligner_inst_max_l3_n1_r_reg[7]/q          (u)     clk->q  R     unmapped_d_flop        3  10.8     0   116     116    (-,-) 
  aligner_inst_max_l3_n1_r[7]                -       -       -     (net)                  -     -     -     -       -    (-,-) 
  g189850/z                                  (u)     in_1->z F     unmapped_complex2      3   9.6     0    22     138    (-,-) 
  n_105908                                   -       -       -     (net)                  -     -     -     -       -    (-,-) 
  g240779/z                                  (u)     in_0->z R     unmapped_nand2         1   3.6     0    17     154    (-,-) 
  n_139404                                   -       -       -     (net)                  -     -     -     -       -    (-,-) 
  g240675/z                                  (u)     in_1->z R     unmapped_or2           1   3.6     0    17     171    (-,-) 
  n_139405                                   -       -       -     (net)                  -     -     -     -       -    (-,-) 
  g240323/z                                  (u)     in_1->z R     unmapped_or2           1   3.6     0    17     188    (-,-) 
  n_139403                                   -       -       -     (net)                  -     -     -     -       -    (-,-) 
  g241947/z                                  (u)     in_0->z R     unmapped_complex2      1   3.6     0    17     204    (-,-) 
  n_139413                                   -       -       -     (net)                  -     -     -     -       -    (-,-) 
  g239917/z                                  (u)     in_1->z F     unmapped_complex2      1   3.2     0    17     221    (-,-) 
  n_99764                                    -       -       -     (net)                  -     -     -     -       -    (-,-) 
  g239885/z                                  (u)     in_1->z F     unmapped_complex2     14  44.8     0    42     263    (-,-) 
  n_99765                                    -       -       -     (net)                  -     -     -     -       -    (-,-) 
  g239832/z                                  (u)     in_1->z F     unmapped_complex2      1   3.2     0    17     279    (-,-) 
  n_109098                                   -       -       -     (net)                  -     -     -     -       -    (-,-) 
  g239801/z                                  (u)     in_1->z R     unmapped_nand2        98 352.8     0    70     349    (-,-) 
  n_99774                                    -       -       -     (net)                  -     -     -     -       -    (-,-) 
  g144654/z                                  (u)     in_1->z R     unmapped_complex2      3  10.8     0    22     371    (-,-) 
  n_99834                                    -       -       -     (net)                  -     -     -     -       -    (-,-) 
  g238591/z                                  (u)     in_0->z R     unmapped_complex2      1   3.6     0    17     388    (-,-) 
  n_113174                                   -       -       -     (net)                  -     -     -     -       -    (-,-) 
  g238080/z                                  (u)     in_0->z F     unmapped_nand2         3   9.6     0    22     409    (-,-) 
  n_99835                                    -       -       -     (net)                  -     -     -     -       -    (-,-) 
  g191361/z                                  (u)     in_1->z R     unmapped_nand2         1   3.6     0    17     426    (-,-) 
  n_106663                                   -       -       -     (net)                  -     -     -     -       -    (-,-) 
  g236392/z                                  (u)     in_0->z F     unmapped_nand2         3   9.6     0    22     447    (-,-) 
  n_99836                                    -       -       -     (net)                  -     -     -     -       -    (-,-) 
  g235712/z                                  (u)     in_1->z R     unmapped_nand2         1   3.6     0    17     464    (-,-) 
  n_106665                                   -       -       -     (net)                  -     -     -     -       -    (-,-) 
  g235424/z                                  (u)     in_0->z F     unmapped_nand2         3   9.6     0    22     486    (-,-) 
  n_99837                                    -       -       -     (net)                  -     -     -     -       -    (-,-) 
  g242566/z                                  (u)     in_0->z R     unmapped_complex2      1   3.6     0    17     502    (-,-) 
  n_149248                                   -       -       -     (net)                  -     -     -     -       -    (-,-) 
  g234476/z                                  (u)     in_1->z F     unmapped_nand2         3   9.6     0    22     524    (-,-) 
  n_99838                                    -       -       -     (net)                  -     -     -     -       -    (-,-) 
  g234237/z                                  (u)     in_0->z F     unmapped_or2           1   3.2     0    17     540    (-,-) 
  n_99843                                    -       -       -     (net)                  -     -     -     -       -    (-,-) 
  g234100/z                                  (u)     in_1->z R     unmapped_nand2         1   3.6     0    17     557    (-,-) 
  n_99846                                    -       -       -     (net)                  -     -     -     -       -    (-,-) 
  g233830/z                                  (u)     in_1->z R     unmapped_complex2      3  10.8     0    22     579    (-,-) 
  n_99847                                    -       -       -     (net)                  -     -     -     -       -    (-,-) 
  g233647/z                                  (u)     in_1->z R     unmapped_or2           7  25.2     0    33     611    (-,-) 
  n_99848                                    -       -       -     (net)                  -     -     -     -       -    (-,-) 
  g242971/z                                  (u)     in_0->z R     unmapped_complex2      1   3.6     0    17     628    (-,-) 
  n_113184                                   -       -       -     (net)                  -     -     -     -       -    (-,-) 
  g232777/z                                  (u)     in_1->z F     unmapped_nand2         2   6.4     0    19     647    (-,-) 
  n_99857                                    -       -       -     (net)                  -     -     -     -       -    (-,-) 
  g189866/z                                  (u)     in_1->z R     unmapped_nand2         1   3.6     0    17     664    (-,-) 
  n_105916                                   -       -       -     (net)                  -     -     -     -       -    (-,-) 
  g231418/z                                  (u)     in_1->z F     unmapped_nand2         1   3.2     0    17     680    (-,-) 
  n_136954                                   -       -       -     (net)                  -     -     -     -       -    (-,-) 
  g243663/z                                  (u)     in_1->z F     unmapped_complex2      1   3.2     0    17     697    (-,-) 
  n_136959                                   -       -       -     (net)                  -     -     -     -       -    (-,-) 
  g243726/z                                  (u)     in_1->z F     unmapped_complex2      1   3.2     0    17     713    (-,-) 
  n_136969                                   -       -       -     (net)                  -     -     -     -       -    (-,-) 
  g230566/z                                  (u)     in_0->z F     unmapped_or2           1   3.2     0    17     730    (-,-) 
  n_142770                                   -       -       -     (net)                  -     -     -     -       -    (-,-) 
  g230320/z                                  (u)     in_0->z F     unmapped_or2           1   3.2     0    17     746    (-,-) 
  n_142773                                   -       -       -     (net)                  -     -     -     -       -    (-,-) 
  g230218/z                                  (u)     in_1->z F     unmapped_or2           1   3.2     0    17     763    (-,-) 
  n_136982                                   -       -       -     (net)                  -     -     -     -       -    (-,-) 
  g230134/z                                  (u)     in_0->z F     unmapped_or2          60 192.0     0    62     825    (-,-) 
  n_100650                                   -       -       -     (net)                  -     -     -     -       -    (-,-) 
  g229985/z                                  (u)     in_1->z R     unmapped_complex2      1   3.6     0    17     842    (-,-) 
  n_149224                                   -       -       -     (net)                  -     -     -     -       -    (-,-) 
  g229986/z                                  (u)     in_1->z F     unmapped_nand2         3   9.6     0    22     863    (-,-) 
  n_101375                                   -       -       -     (net)                  -     -     -     -       -    (-,-) 
  g229657/z                                  (u)     in_1->z R     unmapped_nand2         3  10.8     0    22     885    (-,-) 
  n_101416                                   -       -       -     (net)                  -     -     -     -       -    (-,-) 
  g229592/z                                  (u)     in_0->z R     unmapped_complex2      1   3.6     0    17     902    (-,-) 
  n_137899                                   -       -       -     (net)                  -     -     -     -       -    (-,-) 
  g229367/z                                  (u)     in_1->z R     unmapped_or2           1   3.6     0    17     918    (-,-) 
  n_137903                                   -       -       -     (net)                  -     -     -     -       -    (-,-) 
  g229200/z                                  (u)     in_1->z R     unmapped_or2           1   3.6     0    17     935    (-,-) 
  n_137905                                   -       -       -     (net)                  -     -     -     -       -    (-,-) 
  g228948/z                                  (u)     in_1->z R     unmapped_or2           5  18.0     0    28     962    (-,-) 
  n_101423                                   -       -       -     (net)                  -     -     -     -       -    (-,-) 
  g228778/z                                  (u)     in_1->z R     unmapped_or2           6  21.6     0    30     992    (-,-) 
  n_101436                                   -       -       -     (net)                  -     -     -     -       -    (-,-) 
  g228547/z                                  (u)     in_1->z R     unmapped_or2           5  18.0     0    28    1020    (-,-) 
  n_101437                                   -       -       -     (net)                  -     -     -     -       -    (-,-) 
  g228491/z                                  (u)     in_1->z R     unmapped_or2          28 100.8     0    52    1072    (-,-) 
  n_103887                                   -       -       -     (net)                  -     -     -     -       -    (-,-) 
  g227529/z                                  (u)     in_0->z F     unmapped_nand2         2   6.4     0    19    1091    (-,-) 
  n_101438                                   -       -       -     (net)                  -     -     -     -       -    (-,-) 
  g226776/z                                  (u)     in_1->z F     unmapped_complex2     27  86.4     0    51    1142    (-,-) 
  n_103888                                   -       -       -     (net)                  -     -     -     -       -    (-,-) 
  g244751/z                                  (u)     in_0->z F     unmapped_complex2      1   3.2     0    17    1159    (-,-) 
  n_108247                                   -       -       -     (net)                  -     -     -     -       -    (-,-) 
  g225445/z                                  (u)     in_1->z R     unmapped_complex2      1   3.6     0    17    1176    (-,-) 
  n_103964                                   -       -       -     (net)                  -     -     -     -       -    (-,-) 
  aligner_inst_aligned_mant_out_reg[31][1]/d <<<     -       R     unmapped_d_flop        1     -     -     0    1176    (-,-) 
#------------------------------------------------------------------------------------------------------------------------------

(u) : Net has unmapped pin(s).

Capture clock path:
#---------------------------------------------------------------------------------------------------------------------------
#                Timing Point                  Flags   Arc   Edge      Cell        Fanout Load Trans Delay Arrival Instance 
#                                                                                         (fF)  (ps)  (ps)   (ps)  Location 
#---------------------------------------------------------------------------------------------------------------------------
  clk                                          (i,u)   -     R     (arrival)         1679  0.0     0     0    1064    (-,-) 
  clk                                          -       -     -     (net)                -    -     -     -       -    (-,-) 
  clk                                          -       -     -     (net)                -    -     -     -       -    (-,-) 
  aligner_inst_aligned_mant_out_reg[31][1]/clk <<<     -     R     unmapped_d_flop   1679    -     1     0    1064    (-,-) 
#---------------------------------------------------------------------------------------------------------------------------


