============================================================
  Generated by:           Genus(TM) Synthesis Solution 25.11-s095_1
  Generated on:           Mar 10 2026  01:26:03 pm
  Module:                 mul_bf
  Library domain:         timing_condition_tt_1p2v_25c
    Domain index:         0
    Technology library:   NangateOpenCellLibrary revision 1.0
  Operating conditions:   typical 
  Interconnect mode:      global
  Area mode:              physical library
============================================================

Timing
--------

Analysis view  Clock Period 
----------------------------
view_1p2_25   clock1 1163.0 


  Analysis    Cost   Critical        Violating 
    View     Group  Path Slack  TNS    Paths   
-----------------------------------------------
view_1p2_25  clock1      203.1  0.0          0 
            default   No paths  0.0          0 
-----------------------------------------------
Total                          -0.0          0 
                                               

Instance Count
--------------
Leaf Instance Count             837 
Physical Instance count           0 
Sequential Instance Count        25 
Combinational Instance Count    812 
Hierarchical Instance Count       0 

Area
----
Cell Area                          1432.299
Physical Cell Area                 0.000
Total Cell Area (Cell+Physical)    1432.299
Net Area                           21.866
Total Area (Cell+Physical+Net)     1454.165

Power
-----
Leakage Power                      11680.496 nW
Dynamic Power                      313108.942 nW
Total Power                        324789.438 nW

Max Fanout                         25 (clk)
Min Fanout                         0 (nRST)
Average Fanout                     1.9
Terms to net ratio                 2.9932
Terms to instance ratio            3.1470
Runtime                            44.984597 seconds
Elapsed Runtime                    51 seconds
Genus peak memory usage            1721.76 
Innovus peak memory usage          no_value 
Hostname                           asicfab.ecn.purdue.edu
