============================================================
  Generated by:           Genus(TM) Synthesis Solution 25.11-s095_1
  Generated on:           May 26 2026  05:27:40 pm
  Module:                 sysarr_32_input_fp_adder
  Operating conditions:   typical 
  Interconnect mode:      global
  Area mode:              physical library
============================================================


Path 1: MET (0 ps) Setup Check with Pin abs_sum_reg[31]/CK->D
           View: view_1p2_25
          Group: clock1
     Startpoint: (R) adder_tree_inst_s0_g7_r_reg[16]/CK
          Clock: (R) clock1
       Endpoint: (R) abs_sum_reg[31]/D
          Clock: (R) clock1

                     Capture       Launch     
        Clock Edge:+    1000            0     
       Src Latency:+       0            0     
       Net Latency:+       0 (I)        0 (I) 
           Arrival:=    1000            0     
                                              
             Setup:-      32                  
       Uncertainty:-       0                  
     Required Time:=     968                  
      Launch Clock:-       0                  
         Data Path:-     968                  
             Slack:=       0                  

Launch clock path:
#-----------------------------------------------------------------------------------------------------------
#           Timing Point             Flags   Arc   Edge   Cell     Fanout Load Trans Delay Arrival Instance 
#                                                                         (fF)  (ps)  (ps)   (ps)  Location 
#-----------------------------------------------------------------------------------------------------------
  clk                                (i)     -     R     (arrival)   1855  0.0     0     0       0    (-,-) 
  clk                                -       -     -     (net)          -    -     -     -       -    (-,-) 
  clk                                -       -     -     (net)          -    -     -     -       -    (-,-) 
  adder_tree_inst_s0_g7_r_reg[16]/CK <<<     -     R     DFFR_X1     1855    -     1     0       0    (-,-) 
#-----------------------------------------------------------------------------------------------------------

#---------------------------------------------------------------------------------------------------------------
#             Timing Point              Flags    Arc   Edge   Cell     Fanout Load Trans Delay Arrival Instance 
#                                                                             (fF)  (ps)  (ps)   (ps)  Location 
#---------------------------------------------------------------------------------------------------------------
  adder_tree_inst_s0_g7_r_reg[16]/CK    -       -      R     (arrival)   1855    -     1     0       0    (-,-) 
  adder_tree_inst_s0_g7_r_reg[16]/QN    -       CK->QN F     DFFR_X1        1  1.8    12    65      65    (-,-) 
  n_11920                               -       -      -     (net)          -    -     -     -       -    (-,-) 
  g223540/ZN                            -       A->ZN  R     INV_X1         4  7.6    20    29      93    (-,-) 
  adder_tree_inst_s0_g7_r[16]           -       -      -     (net)          -    -     -     -       -    (-,-) 
  WALLACE_CSA_DUMMY_OP_groupi_g12204/ZN -       A->ZN  F     INV_X1         1  1.8     7    10     103    (-,-) 
  WALLACE_CSA_DUMMY_OP_groupi_n_96      -       -      -     (net)          -    -     -     -       -    (-,-) 
  WALLACE_CSA_DUMMY_OP_groupi_g11957/ZN -       A1->ZN R     NAND2_X1       1  2.0    10    14     117    (-,-) 
  WALLACE_CSA_DUMMY_OP_groupi_n_315     -       -      -     (net)          -    -     -     -       -    (-,-) 
  WALLACE_CSA_DUMMY_OP_groupi_g11862/ZN -       A2->ZN F     NAND2_X1       1  2.5     8    16     132    (-,-) 
  WALLACE_CSA_DUMMY_OP_groupi_n_399     -       -      -     (net)          -    -     -     -       -    (-,-) 
  WALLACE_CSA_DUMMY_OP_groupi_g12296/Z  -       A->Z   F     XOR2_X1        3  6.1    16    58     190    (-,-) 
  WALLACE_CSA_DUMMY_OP_groupi_n_3       -       -      -     (net)          -    -     -     -       -    (-,-) 
  WALLACE_CSA_DUMMY_OP_groupi_g11547/ZN -       B1->ZN R     OAI21_X1       1  1.9    19    30     220    (-,-) 
  WALLACE_CSA_DUMMY_OP_groupi_n_681     -       -      -     (net)          -    -     -     -       -    (-,-) 
  WALLACE_CSA_DUMMY_OP_groupi_g11469/ZN -       A1->ZN F     NAND2_X1       2  4.2    12    22     242    (-,-) 
  WALLACE_CSA_DUMMY_OP_groupi_n_744     -       -      -     (net)          -    -     -     -       -    (-,-) 
  WALLACE_CSA_DUMMY_OP_groupi_g12255/Z  -       A->Z   F     XOR2_X1        1  3.0    13    54     296    (-,-) 
  WALLACE_CSA_DUMMY_OP_groupi_n_43      -       -      -     (net)          -    -     -     -       -    (-,-) 
  WALLACE_CSA_DUMMY_OP_groupi_g11233/S  -       CI->S  R     FA_X1          2  3.8    16   117     412    (-,-) 
  WALLACE_CSA_DUMMY_OP_groupi_n_963     -       -      -     (net)          -    -     -     -       -    (-,-) 
  WALLACE_CSA_DUMMY_OP_groupi_g11224/ZN -       A1->ZN F     NOR2_X1        3  5.1     9    16     428    (-,-) 
  WALLACE_CSA_DUMMY_OP_groupi_n_975     -       -      -     (net)          -    -     -     -       -    (-,-) 
  WALLACE_CSA_DUMMY_OP_groupi_g11103/ZN -       B1->ZN R     OAI21_X1       2  3.7    28    37     465    (-,-) 
  WALLACE_CSA_DUMMY_OP_groupi_n_1111    -       -      -     (net)          -    -     -     -       -    (-,-) 
  WALLACE_CSA_DUMMY_OP_groupi_g11081/ZN -       B1->ZN F     AOI21_X1       2  3.5    14    23     489    (-,-) 
  WALLACE_CSA_DUMMY_OP_groupi_n_1126    -       -      -     (net)          -    -     -     -       -    (-,-) 
  WALLACE_CSA_DUMMY_OP_groupi_g11064/ZN -       B1->ZN R     OAI21_X1       3  5.6    36    48     537    (-,-) 
  WALLACE_CSA_DUMMY_OP_groupi_n_1144    -       -      -     (net)          -    -     -     -       -    (-,-) 
  WALLACE_CSA_DUMMY_OP_groupi_g11051/ZN -       B1->ZN F     AOI21_X1       2  3.5    16    25     562    (-,-) 
  WALLACE_CSA_DUMMY_OP_groupi_n_1156    -       -      -     (net)          -    -     -     -       -    (-,-) 
  WALLACE_CSA_DUMMY_OP_groupi_g11042/ZN -       B1->ZN R     OAI21_X1       3  5.7    37    50     612    (-,-) 
  WALLACE_CSA_DUMMY_OP_groupi_n_1166    -       -      -     (net)          -    -     -     -       -    (-,-) 
  WALLACE_CSA_DUMMY_OP_groupi_g11041/ZN -       A->ZN  F     INV_X1         3  6.6    14    22     634    (-,-) 
  WALLACE_CSA_DUMMY_OP_groupi_n_1165    -       -      -     (net)          -    -     -     -       -    (-,-) 
  WALLACE_CSA_DUMMY_OP_groupi_g11017/ZN -       A2->ZN R     NAND2_X2       4  9.6    16    27     661    (-,-) 
  WALLACE_CSA_DUMMY_OP_groupi_n_1192    -       -      -     (net)          -    -     -     -       -    (-,-) 
  WALLACE_CSA_DUMMY_OP_groupi_g11001/ZN -       B1->ZN F     AOI21_X1       1  4.1    15    22     683    (-,-) 
  WALLACE_CSA_DUMMY_OP_groupi_n_1204    -       -      -     (net)          -    -     -     -       -    (-,-) 
  WALLACE_CSA_DUMMY_OP_groupi_g10986/ZN -       A->ZN  F     XNOR2_X2       8 13.5    20    50     733    (-,-) 
  n_12224                               -       -      -     (net)          -    -     -     -       -    (-,-) 
  SUB_UNS_OP_g868/ZN                    -       A1->ZN F     OR2_X1         2  2.3    10    51     784    (-,-) 
  SUB_UNS_OP_n_22                       -       -      -     (net)          -    -     -     -       -    (-,-) 
  SUB_UNS_OP_g851/ZN                    -       A2->ZN F     OR3_X1         1  1.9    14    77     861    (-,-) 
  SUB_UNS_OP_n_39                       -       -      -     (net)          -    -     -     -       -    (-,-) 
  SUB_UNS_OP_g810/ZN                    -       A2->ZN R     NOR2_X1        1  2.5    19    34     895    (-,-) 
  SUB_UNS_OP_n_82                       -       -      -     (net)          -    -     -     -       -    (-,-) 
  SUB_UNS_OP_g791/ZN                    -       A->ZN  R     XNOR2_X1       1  1.9    20    41     936    (-,-) 
  n_12164                               -       -      -     (net)          -    -     -     -       -    (-,-) 
  g227401__5115/ZN                      -       A1->ZN F     NAND2_X1       1  1.8    15    16     952    (-,-) 
  n_11751                               -       -      -     (net)          -    -     -     -       -    (-,-) 
  g227263__5115/ZN                      -       A1->ZN R     NAND2_X1       1  1.4     9    16     968    (-,-) 
  n_11859                               -       -      -     (net)          -    -     -     -       -    (-,-) 
  abs_sum_reg[31]/D                     <<<     -      R     DFF_X1         1    -     -     0     968    (-,-) 
#---------------------------------------------------------------------------------------------------------------

Capture clock path:
#-------------------------------------------------------------------------------------------
#   Timing Point     Flags   Arc   Edge   Cell     Fanout Load Trans Delay Arrival Instance 
#                                                         (fF)  (ps)  (ps)   (ps)  Location 
#-------------------------------------------------------------------------------------------
  clk                (i)     -     R     (arrival)   1855  0.0     0     0    1000    (-,-) 
  clk                -       -     -     (net)          -    -     -     -       -    (-,-) 
  clk                -       -     -     (net)          -    -     -     -       -    (-,-) 
  abs_sum_reg[31]/CK <<<     -     R     DFF_X1      1855    -     1     0    1000    (-,-) 
#-------------------------------------------------------------------------------------------


