###############################################################
#  Generated by:      Cadence Innovus 23.14-s088_1
#  OS:                Linux x86_64(Host ID asicfab.ecn.purdue.edu)
#  Generated on:      Mon Nov 10 13:10:47 2025
#  Design:            wtm_bf16
#  Command:           report_timing -max_paths 1   -nworst 1 -path_type full_clock -net > [file join [get_db flow_report_directory] [get_db flow_report_name] setup.worst.rpt]
###############################################################
Path 1: MET (983.547 ps) Setup Check with Pin Error_reg[1]/CLK->D
               View: view_1p2_25
              Group: clock1
         Startpoint: (R) A_reg[11]/CLK
              Clock: (R) clock1
           Endpoint: (F) Error_reg[1]/D
              Clock: (R) clock1

                        Capture       Launch
         Clock Edge:+  1666.660        0.000
        Src Latency:+     0.000        0.000
        Net Latency:+     0.000 (I)    0.000 (I)
            Arrival:=  1666.660        0.000

              Setup:-   142.613
        Uncertainty:-     0.100
        Cppr Adjust:+     0.000
      Required Time:=  1523.947
       Launch Clock:=     0.000
          Data Path:+   540.400
              Slack:=   983.547
     Timing Path:

#------------------------------------------------------------------------------------------------------------------------
# Timing Point    Flags  Arc     Edge  Cell       Fanout   Load    Trans     Delay   Arrival  Instance           Instance  
#                                                          (ff)     (ps)      (ps)      (ps)                     Location  
#------------------------------------------------------------------------------------------------------------------------
  clk             -      clk     R     (arrival)      35  0.000    1.000     0.000    -0.000  -                         -  
  clk             -      -       R     (net)          35  0.000        -         -         -  -                         -  
  A_reg[11]/Q     -      CLK->Q  R     dffrq_1x        2  4.662    1.000   172.200   172.200  A_reg[11]     (46.15,45.12)  
  A[11]           -      -       R     (net)           2  4.662        -         -         -  -                         -  
  g1030__2883/X   -      B->X    R     and2_1x         1  2.333   43.200    52.900   225.100  g1030__2883   (50.25,47.68)  
  n_13            -      -       R     (net)           1  2.333        -         -         -  -                         -  
  g1021__7098/X   -      A->X    F     nand3_1x        1  2.503   20.300    31.700   256.800  g1021__7098   (52.30,47.68)  
  n_21            -      -       F     (net)           1  2.503        -         -         -  -                         -  
  g1015__3680/X   -      A->X    R     nor3_1x         2  6.171   33.000    89.200   346.000  g1015__3680   (52.30,52.80)  
  n_29            -      -       R     (net)           2  6.171        -         -         -  -                         -  
  g1010__6260/X   -      S->X    R     muxi2_1x        2  5.558  119.800   150.600   496.600  g1010__6260   (54.76,57.92)  
  n_32            -      -       R     (net)           2  5.558        -         -         -  -                         -  
  g1008__5107/X   -      A->X    F     aoi21_1x        1  1.847  148.100    43.800   540.400  g1008__5107   (55.58,60.48)  
  n_34            -      -       F     (net)           1  1.847        -         -         -  -                         -  
  Error_reg[1]/D  -      D       F     dffrq_1x        1  1.847   50.500     0.000   540.400  Error_reg[1]  (51.89,63.04)  
#------------------------------------------------------------------------------------------------------------------------
     Other End Path:

#--------------------------------------------------------------------------------------------------------------------
# Timing Point      Flags  Arc  Edge  Cell       Fanout   Load  Trans   Delay    Arrival  Instance           Instance  
#                                                         (ff)   (ps)    (ps)       (ps)                     Location  
#--------------------------------------------------------------------------------------------------------------------
  clk               -      clk  R     (arrival)      35  0.000  1.000   0.000   1666.660  -                         -  
  clk               -      -    R     (net)          35  0.000      -       -          -  -                         -  
  Error_reg[1]/CLK  -      CLK  R     dffrq_1x       35  0.000  1.000   0.000   1666.660  Error_reg[1]  (51.89,63.04)  
#--------------------------------------------------------------------------------------------------------------------

