============================================================
  Generated by:           Genus(TM) Synthesis Solution 25.11-s095_1
  Generated on:           May 24 2026  03:02:49 pm
  Operating conditions:   typical 
  Interconnect mode:      global
  Area mode:              physical library
============================================================

                                 Leakage      Internal                          Library 
   Gate    Instances    Area    Power (nW)   Power (nW)          Library         Domain 
----------------------------------------------------------------------------------------
AND2_X1          602   640.528   15318.002    755194.071 NangateOpenCellLibrary       0 
AND2_X2           72    95.760    3944.149    288294.332 NangateOpenCellLibrary       0 
AND2_X4            6    14.364     601.853     38860.690 NangateOpenCellLibrary       0 
AND3_X1           42    55.860    1168.591     41013.066 NangateOpenCellLibrary       0 
AND3_X2           17    27.132    1108.040     63521.815 NangateOpenCellLibrary       0 
AND3_X4            1     2.926      77.027         0.000 NangateOpenCellLibrary       0 
AND4_X1           31    49.476     804.388     14886.767 NangateOpenCellLibrary       0 
AND4_X2            4     7.448     216.738     11468.976 NangateOpenCellLibrary       0 
AND4_X4            2     6.916     164.555         0.000 NangateOpenCellLibrary       0 
AOI211_X1         22    29.260     680.750     30087.214 NangateOpenCellLibrary       0 
AOI21_X1         373   396.872   10387.925    520881.182 NangateOpenCellLibrary       0 
AOI21_X2         119   221.578    6478.401    409831.721 NangateOpenCellLibrary       0 
AOI21_X4          13    44.954    1278.783    102295.360 NangateOpenCellLibrary       0 
AOI221_X1         28    44.688    1142.775     49760.558 NangateOpenCellLibrary       0 
AOI222_X1         18    38.304     733.991     51808.360 NangateOpenCellLibrary       0 
AOI22_X1         364   484.120    9589.160    405896.367 NangateOpenCellLibrary       0 
AOI22_X2          12    28.728     596.863     38644.147 NangateOpenCellLibrary       0 
AOI22_X4           1     4.522     125.286      7884.302 NangateOpenCellLibrary       0 
BUF_X1            16    12.768     356.960     21442.104 NangateOpenCellLibrary       0 
BUF_X2            31    32.984    1347.060    122764.836 NangateOpenCellLibrary       0 
BUF_X4             1     1.862      86.122      8644.315 NangateOpenCellLibrary       0 
BUF_X8             1     3.458     171.571     17966.073 NangateOpenCellLibrary       0 
CLKBUF_X1         24    19.152     286.691     25358.373 NangateOpenCellLibrary       0 
DFFR_X1         1871  9953.720  164993.956  14556855.774 NangateOpenCellLibrary       0 
DFFR_X2            2    11.704     260.700     38838.690 NangateOpenCellLibrary       0 
DFF_X1           139   628.558   10945.084   1447422.008 NangateOpenCellLibrary       0 
FA_X1             24   102.144    1749.503    167829.251 NangateOpenCellLibrary       0 
HA_X1             59   156.940    3641.020    228155.342 NangateOpenCellLibrary       0 
INV_X1          4597  2445.604   64867.813   2857758.737 NangateOpenCellLibrary       0 
INV_X16            3    13.566     684.112     43977.253 NangateOpenCellLibrary       0 
INV_X2           426   339.948   12426.827    589725.751 NangateOpenCellLibrary       0 
INV_X4            44    58.520    2512.651    149607.669 NangateOpenCellLibrary       0 
INV_X8            10    23.940    1174.578     61832.330 NangateOpenCellLibrary       0 
MUX2_X1          578  1076.236   20914.829   1239215.016 NangateOpenCellLibrary       0 
MUX2_X2           28    67.032    1957.140    168915.557 NangateOpenCellLibrary       0 
NAND2_X1        4554  3634.092   86533.688   3740812.006 NangateOpenCellLibrary       0 
NAND2_X2         572   760.760   27797.215   1230780.595 NangateOpenCellLibrary       0 
NAND2_X4         116   277.704   11320.887    521206.329 NangateOpenCellLibrary       0 
NAND3_X1         288   306.432    6755.761    266461.065 NangateOpenCellLibrary       0 
NAND3_X2          85   158.270    7220.233    261978.673 NangateOpenCellLibrary       0 
NAND3_X4           6    20.748     982.368     37538.740 NangateOpenCellLibrary       0 
NAND4_X1         116   154.280    3059.816     77736.532 NangateOpenCellLibrary       0 
NAND4_X2           2     4.788      42.982      1913.125 NangateOpenCellLibrary       0 
NAND4_X4           1     4.788      69.155      4270.396 NangateOpenCellLibrary       0 
NOR2_X1         1671  1333.458   36282.249   1307323.131 NangateOpenCellLibrary       0 
NOR2_X2          296   393.680   12109.034    628521.454 NangateOpenCellLibrary       0 
NOR2_X4           46   110.124    3798.204    185951.882 NangateOpenCellLibrary       0 
NOR3_X1           98   104.272    2648.014     67494.945 NangateOpenCellLibrary       0 
NOR3_X2           14    26.068     816.099     29459.938 NangateOpenCellLibrary       0 
NOR3_X4            2     7.448     214.180     12106.351 NangateOpenCellLibrary       0 
NOR4_X1           74    98.420    2520.109     16306.741 NangateOpenCellLibrary       0 
OAI211_X1        175   232.750    5592.352    207109.414 NangateOpenCellLibrary       0 
OAI211_X2          3     7.182     212.164     13297.103 NangateOpenCellLibrary       0 
OAI21_X1        1141  1214.024   29189.179   1510987.967 NangateOpenCellLibrary       0 
OAI21_X2         265   493.430   15075.074    842812.859 NangateOpenCellLibrary       0 
OAI21_X4          29   100.282    3662.658    201624.106 NangateOpenCellLibrary       0 
OAI221_X1        157   250.572    7636.599    266102.685 NangateOpenCellLibrary       0 
OAI221_X2          1     2.926     101.478      4379.923 NangateOpenCellLibrary       0 
OAI222_X1         37    78.736    1763.990     95265.823 NangateOpenCellLibrary       0 
OAI222_X2          1     3.724      82.986      5088.508 NangateOpenCellLibrary       0 
OAI22_X1         599   796.670   25445.241    788924.985 NangateOpenCellLibrary       0 
OAI22_X2          13    31.122    1094.186     40416.923 NangateOpenCellLibrary       0 
OAI22_X4           1     4.522     129.769      9412.993 NangateOpenCellLibrary       0 
OAI33_X1           3     5.586     113.852      9783.883 NangateOpenCellLibrary       0 
OR2_X1           604   642.656   14198.600    839550.555 NangateOpenCellLibrary       0 
OR2_X2            32    42.560    1503.433     97419.858 NangateOpenCellLibrary       0 
OR2_X4             8    19.152     726.538     58817.194 NangateOpenCellLibrary       0 
OR3_X1            48    63.840    1166.165     52901.180 NangateOpenCellLibrary       0 
OR4_X1            73   116.508    2047.373     26561.198 NangateOpenCellLibrary       0 
SDFFR_X1         160  1064.000   17198.272   2026586.431 NangateOpenCellLibrary       0 
SDFFR_X2           1     6.916     144.006     22274.384 NangateOpenCellLibrary       0 
XNOR2_X1         708  1129.968   26635.622   1667858.078 NangateOpenCellLibrary       0 
XNOR2_X2         770  2048.200   57706.692   4167994.124 NangateOpenCellLibrary       0 
XOR2_X1          240   383.040    8312.242    620601.374 NangateOpenCellLibrary       0 
XOR2_X2          110   263.340    7235.634    683052.670 NangateOpenCellLibrary       0 
----------------------------------------------------------------------------------------
total          22701 33538.610  771937.993  47225324.123                                
                                            Leakage  Leakage   Internal   Internal 
     Type      Instances    Area   Area % Power (nW) Power %  Power (nW)   Power % 
-----------------------------------------------------------------------------------
sequential          2173 11664.898   34.8 193542.018    25.1 18091977.286     38.3 
inverter            5080  2881.578    8.6  81665.980    10.6  3702901.740      7.8 
buffer                73    70.224    0.2   2248.405     0.3   196175.700      0.4 
logic              15375 18921.910   56.4 494481.590    64.1 25234269.397     53.4 
physical_cells         0     0.000    0.0      0.000     0.0        0.000      0.0 
-----------------------------------------------------------------------------------
total              22701 33538.610  100.0 771937.993   100.0 47225324.123    100.0 
