============================================================
  Generated by:           Genus(TM) Synthesis Solution 25.11-s095_1
  Generated on:           Mar 10 2026  01:51:22 pm
  Module:                 mul_bf
  Operating conditions:   typical 
  Interconnect mode:      global
  Area mode:              physical library
============================================================


Path 1: MET (0 ps) Setup Check with Pin result_reg[14]/CK->D
           View: view_1p2_25
          Group: clock1
     Startpoint: (F) b[3]
          Clock: (R) clock1
       Endpoint: (F) result_reg[14]/D
          Clock: (R) clock1

                     Capture       Launch     
        Clock Edge:+    1205            0     
        Drv Adjust:+       0            0     
       Src Latency:+       0            0     
       Net Latency:+       0 (I)        0 (I) 
           Arrival:=    1205            0     
                                              
             Setup:-      40                  
       Uncertainty:-       0                  
     Required Time:=    1165                  
      Launch Clock:-       0                  
       Input Delay:-       1                  
         Data Path:-    1164                  
             Slack:=       0                  

Exceptions/Constraints:
  input_delay              1              mul_bf.sdc_line_20_30_1   

#------------------------------------------------------------------------------------------
#  Timing Point    Flags    Arc   Edge   Cell     Fanout Load Trans Delay Arrival Instance 
#                                                        (fF)  (ps)  (ps)   (ps)  Location 
#------------------------------------------------------------------------------------------
  b[3]             -       -      F     (arrival)     11 19.3     0     0       1    (-,-) 
  b[3]             -       -      -     (net)          -    -     -     -       -    (-,-) 
  g16965__3680/ZN  -       A2->ZN R     NAND2_X1       2  5.5    18    22      23    (-,-) 
  n_44             -       -      -     (net)          -    -     -     -       -    (-,-) 
  g17027/Z         -       A->Z   R     XOR2_X1        3  7.3    48    77     100    (-,-) 
  n_559            -       -      -     (net)          -    -     -     -       -    (-,-) 
  g16757__2346/ZN  -       A->ZN  R     XNOR2_X1       1  2.9    24    51     151    (-,-) 
  n_179            -       -      -     (net)          -    -     -     -       -    (-,-) 
  g16712__6783/ZN  -       B->ZN  R     XNOR2_X1       2  5.3    35    51     202    (-,-) 
  n_290            -       -      -     (net)          -    -     -     -       -    (-,-) 
  g16662__6260/ZN  -       A->ZN  R     XNOR2_X1       2  3.0    25    49     251    (-,-) 
  n_314            -       -      -     (net)          -    -     -     -       -    (-,-) 
  g16631__5526/ZN  -       A1->ZN R     OR2_X1         2  3.7    12    33     284    (-,-) 
  n_363            -       -      -     (net)          -    -     -     -       -    (-,-) 
  g16611__5122/ZN  -       B1->ZN F     AOI21_X1       1  1.8     9    15     298    (-,-) 
  n_365            -       -      -     (net)          -    -     -     -       -    (-,-) 
  g16597__6161/ZN  -       A->ZN  R     AOI21_X1       3  6.5    44    64     362    (-,-) 
  n_398            -       -      -     (net)          -    -     -     -       -    (-,-) 
  g16586__3680/ZN  -       A2->ZN F     NOR2_X1        1  1.8    12    15     377    (-,-) 
  n_397            -       -      -     (net)          -    -     -     -       -    (-,-) 
  g16556__7482/ZN  -       A->ZN  R     AOI21_X1       2  3.9    32    52     429    (-,-) 
  n_436            -       -      -     (net)          -    -     -     -       -    (-,-) 
  g16553__1881/ZN  -       B1->ZN F     OAI21_X1       2  4.2    16    26     455    (-,-) 
  n_438            -       -      -     (net)          -    -     -     -       -    (-,-) 
  g16551__7098/ZN  -       A->ZN  R     OAI21_X1       1  1.9    20    24     479    (-,-) 
  n_439            -       -      -     (net)          -    -     -     -       -    (-,-) 
  g16550__5122/ZN  -       A1->ZN F     NAND2_X1       2  4.1    12    22     500    (-,-) 
  n_440            -       -      -     (net)          -    -     -     -       -    (-,-) 
  g16548/ZN        -       A->ZN  R     INV_X1         1  2.0     8    15     515    (-,-) 
  n_441            -       -      -     (net)          -    -     -     -       -    (-,-) 
  g16547__2802/ZN  -       B1->ZN F     OAI21_X1       2  5.4    17    21     536    (-,-) 
  n_442            -       -      -     (net)          -    -     -     -       -    (-,-) 
  g16545__1617/ZN  -       A1->ZN R     OAI22_X2       3  6.2    37    38     575    (-,-) 
  n_445            -       -      -     (net)          -    -     -     -       -    (-,-) 
  g16542__6783/ZN  -       A1->ZN F     OAI22_X1       4  8.1    23    41     615    (-,-) 
  n_451            -       -      -     (net)          -    -     -     -       -    (-,-) 
  g16534__5477/CO  -       CI->CO F     FA_X1          2  4.4    17    80     695    (-,-) 
  n_453            -       -      -     (net)          -    -     -     -       -    (-,-) 
  g16532__6417/ZN  -       A1->ZN R     NAND2_X1       2  3.6    14    23     718    (-,-) 
  n_455            -       -      -     (net)          -    -     -     -       -    (-,-) 
  g16531__1666/ZN  -       A1->ZN F     NAND2_X1       2  4.0    11    20     738    (-,-) 
  n_456            -       -      -     (net)          -    -     -     -       -    (-,-) 
  g16523__9315/ZN  -       A->ZN  F     XNOR2_X1       3  4.0    14    43     781    (-,-) 
  n_468            -       -      -     (net)          -    -     -     -       -    (-,-) 
  g16520__7482/ZN  -       A1->ZN F     OR3_X1         1  1.1    12    65     846    (-,-) 
  n_463            -       -      -     (net)          -    -     -     -       -    (-,-) 
  g16517__5122/ZN  -       A1->ZN F     OR2_X1         1  1.1     8    44     890    (-,-) 
  n_466            -       -      -     (net)          -    -     -     -       -    (-,-) 
  g16506__5526/ZN  -       A2->ZN F     OR4_X1         1  1.9    18   102     992    (-,-) 
  n_481            -       -      -     (net)          -    -     -     -       -    (-,-) 
  g16505__5107/ZN  -       A2->ZN R     NOR2_X1        3  5.8    34    53    1045    (-,-) 
  n_486            -       -      -     (net)          -    -     -     -       -    (-,-) 
  g16502__5477/ZN  -       A1->ZN R     OR4_X2        14 26.2    33    59    1104    (-,-) 
  n_518            -       -      -     (net)          -    -     -     -       -    (-,-) 
  g16500/ZN        -       A->ZN  F     INV_X1         1  1.9     9    10    1114    (-,-) 
  n_489            -       -      -     (net)          -    -     -     -       -    (-,-) 
  g16470__1617/ZN  -       B1->ZN R     AOI22_X1       1  2.0    26    42    1156    (-,-) 
  n_522            -       -      -     (net)          -    -     -     -       -    (-,-) 
  g16469/ZN        -       A->ZN  F     INV_X1         1  1.4     7     8    1165    (-,-) 
  n_532            -       -      -     (net)          -    -     -     -       -    (-,-) 
  result_reg[14]/D <<<     -      F     DFFR_X1        1    -     -     0    1165    (-,-) 
#------------------------------------------------------------------------------------------

Capture clock path:
#------------------------------------------------------------------------------------------
#   Timing Point    Flags   Arc   Edge   Cell     Fanout Load Trans Delay Arrival Instance 
#                                                        (fF)  (ps)  (ps)   (ps)  Location 
#------------------------------------------------------------------------------------------
  clk               (i)     -     R     (arrival)     25  0.0     0     0    1205    (-,-) 
  clk               -       -     -     (net)          -    -     -     -       -    (-,-) 
  clk               -       -     -     (net)          -    -     -     -       -    (-,-) 
  result_reg[14]/CK <<<     -     R     DFFR_X1       25    -     1     0    1205    (-,-) 
#------------------------------------------------------------------------------------------


