============================================================
  Generated by:           Genus(TM) Synthesis Solution 25.11-s095_1
  Generated on:           May 22 2026  11:52:36 pm
  Module:                 sysarr_32_input_fp_adder
  Operating conditions:   typical 
  Interconnect mode:      global
  Area mode:              physical library
============================================================


Path 1: MET (0 ps) Setup Check with Pin abs_sum_reg[26]/CK->D
           View: view_1p2_25
          Group: clock1
     Startpoint: (R) aligner_inst_aligned_mant_out_reg[9][10]/CK
          Clock: (R) clock1
       Endpoint: (F) abs_sum_reg[26]/D
          Clock: (R) clock1

                     Capture       Launch     
        Clock Edge:+    1000            0     
       Src Latency:+       0            0     
       Net Latency:+       0 (I)        0 (I) 
           Arrival:=    1000            0     
                                              
             Setup:-      40                  
       Uncertainty:-       0                  
     Required Time:=     959                  
      Launch Clock:-       0                  
         Data Path:-     959                  
             Slack:=       0                  

Launch clock path:
#--------------------------------------------------------------------------------------------------------------------
#                Timing Point                 Flags   Arc   Edge   Cell     Fanout Load Trans Delay Arrival Instance 
#                                                                                  (fF)  (ps)  (ps)   (ps)  Location 
#--------------------------------------------------------------------------------------------------------------------
  clk                                         (i)     -     R     (arrival)   1602  0.0     0     0       0    (-,-) 
  clk                                         -       -     -     (net)          -    -     -     -       -    (-,-) 
  clk                                         -       -     -     (net)          -    -     -     -       -    (-,-) 
  aligner_inst_aligned_mant_out_reg[9][10]/CK <<<     -     R     DFFR_X1     1602    -     1     0       0    (-,-) 
#--------------------------------------------------------------------------------------------------------------------

#---------------------------------------------------------------------------------------------------------------------
#                Timing Point                 Flags    Arc   Edge   Cell     Fanout Load Trans Delay Arrival Instance 
#                                                                                   (fF)  (ps)  (ps)   (ps)  Location 
#---------------------------------------------------------------------------------------------------------------------
  aligner_inst_aligned_mant_out_reg[9][10]/CK -       -      R     (arrival)   1602    -     1     0       0    (-,-) 
  aligner_inst_aligned_mant_out_reg[9][10]/QN -       CK->QN F     DFFR_X1        3  5.2    16    73      73    (-,-) 
  WALLACE_CSA_DUMMY_OP_groupi_n_1178          -       -      -     (net)          -    -     -     -       -    (-,-) 
  g1090/ZN                                    -       A->ZN  R     INV_X1         2  3.9    12    22      95    (-,-) 
  n_17817                                     -       -      -     (net)          -    -     -     -       -    (-,-) 
  WALLACE_CSA_DUMMY_OP_groupi_g51915/ZN       -       A2->ZN F     NAND2_X1       1  1.8     9    14     110    (-,-) 
  WALLACE_CSA_DUMMY_OP_groupi_n_3032          -       -      -     (net)          -    -     -     -       -    (-,-) 
  WALLACE_CSA_DUMMY_OP_groupi_g420101/ZN      -       A1->ZN R     NAND2_X1       1  4.3    15    21     130    (-,-) 
  n_15398                                     -       -      -     (net)          -    -     -     -       -    (-,-) 
  g437137/ZN                                  -       A->ZN  R     XNOR2_X2       3  8.8    31    45     175    (-,-) 
  n_34439                                     -       -      -     (net)          -    -     -     -       -    (-,-) 
  g427837/ZN                                  -       A1->ZN F     NOR2_X1        1  3.0    10    14     190    (-,-) 
  n_24626                                     -       -      -     (net)          -    -     -     -       -    (-,-) 
  g432914/ZN                                  -       B1->ZN R     OAI21_X2       3  5.7    24    33     223    (-,-) 
  n_30107                                     -       -      -     (net)          -    -     -     -       -    (-,-) 
  g432913/ZN                                  -       A->ZN  F     OAI21_X1       1  1.8    12    22     245    (-,-) 
  n_30113                                     -       -      -     (net)          -    -     -     -       -    (-,-) 
  g435492/ZN                                  -       A1->ZN R     NAND2_X1       2  7.7    23    31     276    (-,-) 
  n_32125                                     -       -      -     (net)          -    -     -     -       -    (-,-) 
  g435491/ZN                                  -       A->ZN  R     XNOR2_X2       2  3.8    20    41     317    (-,-) 
  n_32771                                     -       -      -     (net)          -    -     -     -       -    (-,-) 
  WALLACE_CSA_DUMMY_OP_groupi_g46780/ZN       -       A->ZN  F     INV_X1         1  1.8     6     9     326    (-,-) 
  WALLACE_CSA_DUMMY_OP_groupi_n_6687          -       -      -     (net)          -    -     -     -       -    (-,-) 
  WALLACE_CSA_DUMMY_OP_groupi_g46611/ZN       -       A1->ZN R     NAND2_X1       1  3.4    13    18     344    (-,-) 
  WALLACE_CSA_DUMMY_OP_groupi_n_6810          -       -      -     (net)          -    -     -     -       -    (-,-) 
  g668/ZN                                     -       A1->ZN F     NAND2_X2       4  6.8    10    18     362    (-,-) 
  n_19830                                     -       -      -     (net)          -    -     -     -       -    (-,-) 
  g421809/ZN                                  -       A->ZN  R     INV_X1         1  1.9     8    14     376    (-,-) 
  n_17125                                     -       -      -     (net)          -    -     -     -       -    (-,-) 
  g421808/ZN                                  -       A1->ZN F     NAND2_X1       1  1.8     7    12     388    (-,-) 
  n_17127                                     -       -      -     (net)          -    -     -     -       -    (-,-) 
  g421807/ZN                                  -       A2->ZN R     NAND2_X1       1  3.4    13    20     408    (-,-) 
  n_17128                                     -       -      -     (net)          -    -     -     -       -    (-,-) 
  g428404/ZN                                  -       A1->ZN F     NAND2_X2       3  5.2     9    16     424    (-,-) 
  n_25275                                     -       -      -     (net)          -    -     -     -       -    (-,-) 
  g428408/ZN                                  -       A->ZN  R     INV_X1         1  3.8    11    18     442    (-,-) 
  n_25279                                     -       -      -     (net)          -    -     -     -       -    (-,-) 
  g428406/ZN                                  -       A2->ZN F     NAND2_X2       1  3.4     8    14     456    (-,-) 
  n_25280                                     -       -      -     (net)          -    -     -     -       -    (-,-) 
  g428399/ZN                                  -       A2->ZN R     NAND2_X2       4  8.9    16    23     479    (-,-) 
  n_16448                                     -       -      -     (net)          -    -     -     -       -    (-,-) 
  g428410/ZN                                  -       A->ZN  F     INV_X2         2  3.5     6     9     488    (-,-) 
  n_25282                                     -       -      -     (net)          -    -     -     -       -    (-,-) 
  g428409/ZN                                  -       A2->ZN R     NAND2_X1       2  4.8    16    23     511    (-,-) 
  n_25285                                     -       -      -     (net)          -    -     -     -       -    (-,-) 
  g426675/ZN                                  -       A2->ZN F     NAND3_X2       2  6.3    16    27     538    (-,-) 
  n_23347                                     -       -      -     (net)          -    -     -     -       -    (-,-) 
  g428570/ZN                                  -       A1->ZN R     NAND2_X2       1  3.4    10    18     556    (-,-) 
  n_25472                                     -       -      -     (net)          -    -     -     -       -    (-,-) 
  g428569/ZN                                  -       A1->ZN F     NAND2_X2       1  6.0     9    16     572    (-,-) 
  n_25475                                     -       -      -     (net)          -    -     -     -       -    (-,-) 
  g428568/ZN                                  -       A1->ZN R     NAND2_X4       2 10.7    12    17     589    (-,-) 
  n_25477                                     -       -      -     (net)          -    -     -     -       -    (-,-) 
  g428574/ZN                                  -       A2->ZN F     NOR2_X4        2  4.7     6    10     598    (-,-) 
  n_25479                                     -       -      -     (net)          -    -     -     -       -    (-,-) 
  fopt420771/ZN                               -       A->ZN  R     INV_X1         2  4.9    14    19     618    (-,-) 
  n_16086                                     -       -      -     (net)          -    -     -     -       -    (-,-) 
  g436514/ZN                                  -       A1->ZN R     AND2_X1        2  3.8    13    38     656    (-,-) 
  n_33814                                     -       -      -     (net)          -    -     -     -       -    (-,-) 
  g426337/ZN                                  -       A->ZN  F     INV_X1         2  3.5     7    11     667    (-,-) 
  n_23002                                     -       -      -     (net)          -    -     -     -       -    (-,-) 
  g427568/ZN                                  -       A2->ZN R     NAND2_X1       1  2.0    10    16     683    (-,-) 
  n_24324                                     -       -      -     (net)          -    -     -     -       -    (-,-) 
  g434595/ZN                                  -       A->ZN  F     OAI21_X1       1  1.8    10    18     702    (-,-) 
  n_31851                                     -       -      -     (net)          -    -     -     -       -    (-,-) 
  g434594/ZN                                  -       A->ZN  R     INV_X1         1  3.5    11    18     719    (-,-) 
  n_31852                                     -       -      -     (net)          -    -     -     -       -    (-,-) 
  g434593/ZN                                  -       A->ZN  F     OAI21_X2       3  9.3    14    25     744    (-,-) 
  n_31855                                     -       -      -     (net)          -    -     -     -       -    (-,-) 
  g428578/ZN                                  -       A->ZN  R     INV_X4         2  6.7     8    15     760    (-,-) 
  n_25488                                     -       -      -     (net)          -    -     -     -       -    (-,-) 
  g428586/ZN                                  -       A1->ZN F     NAND2_X2       1  5.9     9    15     775    (-,-) 
  n_25491                                     -       -      -     (net)          -    -     -     -       -    (-,-) 
  dec_sub_152_43_g420170/ZN                   -       A1->ZN R     NOR2_X4        3  8.4    17    25     800    (-,-) 
  n_15467                                     -       -      -     (net)          -    -     -     -       -    (-,-) 
  g425636/ZN                                  -       A1->ZN F     NAND3_X2       1  6.0    14    25     825    (-,-) 
  n_22273                                     -       -      -     (net)          -    -     -     -       -    (-,-) 
  g425635/ZN                                  -       A->ZN  R     INV_X4         2  8.5     9    17     841    (-,-) 
  n_22274                                     -       -      -     (net)          -    -     -     -       -    (-,-) 
  dec_sub_152_43_g420175/ZN                   -       A->ZN  F     INV_X4         3 13.5     6    10     852    (-,-) 
  n_15472                                     -       -      -     (net)          -    -     -     -       -    (-,-) 
  dec_sub_152_43_g2349/ZN                     -       A->ZN  R     INV_X4         3  7.2     7    12     863    (-,-) 
  dec_sub_152_43_n_89                         -       -      -     (net)          -    -     -     -       -    (-,-) 
  dec_sub_152_43_g2335/ZN                     -       A1->ZN F     NAND2_X1       1  1.7     8    12     875    (-,-) 
  dec_sub_152_43_n_100                        -       -      -     (net)          -    -     -     -       -    (-,-) 
  g428619/ZN                                  -       A1->ZN R     NOR2_X1        2  3.9    26    34     909    (-,-) 
  n_25522                                     -       -      -     (net)          -    -     -     -       -    (-,-) 
  g428613/ZN                                  -       B1->ZN F     OAI21_X1       1  1.8    11    18     927    (-,-) 
  n_25526                                     -       -      -     (net)          -    -     -     -       -    (-,-) 
  g428612/ZN                                  -       A1->ZN R     NAND2_X1       1  1.9    10    16     943    (-,-) 
  n_25527                                     -       -      -     (net)          -    -     -     -       -    (-,-) 
  g200173__2883/ZN                            -       A1->ZN F     NAND3_X1       1  1.4    10    17     959    (-,-) 
  n_13322                                     -       -      -     (net)          -    -     -     -       -    (-,-) 
  abs_sum_reg[26]/D                           <<<     -      F     DFF_X1         1    -     -     0     959    (-,-) 
#---------------------------------------------------------------------------------------------------------------------

Capture clock path:
#-------------------------------------------------------------------------------------------
#   Timing Point     Flags   Arc   Edge   Cell     Fanout Load Trans Delay Arrival Instance 
#                                                         (fF)  (ps)  (ps)   (ps)  Location 
#-------------------------------------------------------------------------------------------
  clk                (i)     -     R     (arrival)   1602  0.0     0     0    1000    (-,-) 
  clk                -       -     -     (net)          -    -     -     -       -    (-,-) 
  clk                -       -     -     (net)          -    -     -     -       -    (-,-) 
  abs_sum_reg[26]/CK <<<     -     R     DFF_X1      1602    -     1     0    1000    (-,-) 
#-------------------------------------------------------------------------------------------


