============================================================
  Generated by:           Genus(TM) Synthesis Solution 25.11-s095_1
  Generated on:           Mar 10 2026  01:58:36 pm
  Module:                 mul_bf
  Operating conditions:   typical 
  Interconnect mode:      global
  Area mode:              physical library
============================================================

Timing
--------

Analysis view  Clock Period 
----------------------------
view_1p2_25   clock1 1220.0 


  Analysis    Cost   Critical        Violating 
    View     Group  Path Slack  TNS    Paths   
-----------------------------------------------
view_1p2_25  clock1        0.1  0.0          0 
            default   No paths  0.0          0 
-----------------------------------------------
Total                          -0.0          0 
                                               

Instance Count
--------------
Leaf Instance Count             536 
Physical Instance count           0 
Sequential Instance Count        25 
Combinational Instance Count    511 
Hierarchical Instance Count       0 

Area
----
Cell Area                          704.368
Physical Cell Area                 0.000
Total Cell Area (Cell+Physical)    704.368
Net Area                           685.192
Total Area (Cell+Physical+Net)     1389.560

Power
-----
Leakage Power                      16816.808 nW
Dynamic Power                      1077425.306 nW
Total Power                        1094242.114 nW

Max Fanout                         25 (clk)
Min Fanout                         0 (nRST)
Average Fanout                     2.0
Terms to net ratio                 2.9436
Terms to instance ratio            3.2127
Runtime                            44.997756 seconds
Elapsed Runtime                    51 seconds
Genus peak memory usage            1706.00 
Innovus peak memory usage          no_value 
Hostname                           asicfab.ecn.purdue.edu
