============================================================
  Generated by:           Genus(TM) Synthesis Solution 25.11-s095_1
  Generated on:           Feb 24 2026  03:19:54 pm
  Operating conditions:   PVT_1P2V_25C 
  Interconnect mode:      global
  Area mode:              physical library
============================================================

                                Leakage    Internal                               Library 
   Gate    Instances   Area   Power (nW)  Power (nW)            Library            Domain 
------------------------------------------------------------------------------------------
addh_1x           13  136.448     90.840    39964.919 MITLL90_STDLIB_8T.tt1p2v25c       0 
and2_1x           29  121.754     98.564    46964.240 MITLL90_STDLIB_8T.tt1p2v25c       0 
and2_2x            5   26.240     27.850     9836.803 MITLL90_STDLIB_8T.tt1p2v25c       0 
and3_1x           13   81.869     45.131    19742.431 MITLL90_STDLIB_8T.tt1p2v25c       0 
ao21_1x           14   73.472     49.882    22743.715 MITLL90_STDLIB_8T.tt1p2v25c       0 
ao22_1x           10   73.472     41.069    23676.474 MITLL90_STDLIB_8T.tt1p2v25c       0 
ao22_2x            2   16.794     11.685     6993.550 MITLL90_STDLIB_8T.tt1p2v25c       0 
aoi21_1x          53  222.515    105.386    55159.854 MITLL90_STDLIB_8T.tt1p2v25c       0 
aoi21_2x           5   36.736     19.045    10256.388 MITLL90_STDLIB_8T.tt1p2v25c       0 
aoi21_4x           2   27.290     15.231     9251.576 MITLL90_STDLIB_8T.tt1p2v25c       0 
aoi22_1x          92  482.816    181.379   100075.634 MITLL90_STDLIB_8T.tt1p2v25c       0 
aoi22_2x           1   10.496      3.938     2360.357 MITLL90_STDLIB_8T.tt1p2v25c       0 
aoi22_4x           1   18.893      8.741     1528.171 MITLL90_STDLIB_8T.tt1p2v25c       0 
buf_1x            38  119.654    104.266    50567.483 MITLL90_STDLIB_8T.tt1p2v25c       0 
buf_2x             4   16.794     21.987    10411.570 MITLL90_STDLIB_8T.tt1p2v25c       0 
dffrq_1x          33  554.189    225.593   280979.994 MITLL90_STDLIB_8T.tt1p2v25c       0 
inv_1x           173  363.162    306.024    65199.032 MITLL90_STDLIB_8T.tt1p2v25c       0 
inv_2x            31   97.613    109.313    26704.013 MITLL90_STDLIB_8T.tt1p2v25c       0 
inv_4x             1    5.248      5.908     1450.375 MITLL90_STDLIB_8T.tt1p2v25c       0 
mux2_1x            7   51.430     27.151    14552.177 MITLL90_STDLIB_8T.tt1p2v25c       0 
mux2_2x            1    8.397      5.454     4750.171 MITLL90_STDLIB_8T.tt1p2v25c       0 
muxi2_1x           8   50.381     15.835     7210.058 MITLL90_STDLIB_8T.tt1p2v25c       0 
nand2_1x          86  270.797    113.184    40510.584 MITLL90_STDLIB_8T.tt1p2v25c       0 
nand2_2x          18   94.464     52.045    17443.870 MITLL90_STDLIB_8T.tt1p2v25c       0 
nand2_4x           2   18.893     17.549     4802.308 MITLL90_STDLIB_8T.tt1p2v25c       0 
nand3_1x          36  151.142     50.482    22867.841 MITLL90_STDLIB_8T.tt1p2v25c       0 
nand3_2x           3   25.190     14.744     4322.482 MITLL90_STDLIB_8T.tt1p2v25c       0 
nand3_4x           1   14.694      4.249     3074.295 MITLL90_STDLIB_8T.tt1p2v25c       0 
nor2_1x           49  154.291     64.912    23734.426 MITLL90_STDLIB_8T.tt1p2v25c       0 
nor2_2x            9   47.232     22.607     5871.999 MITLL90_STDLIB_8T.tt1p2v25c       0 
nor3_1x           24  100.762     26.406    14288.819 MITLL90_STDLIB_8T.tt1p2v25c       0 
oa21_1x           23  120.704     96.048    48623.445 MITLL90_STDLIB_8T.tt1p2v25c       0 
oa21_2x            4   25.190     24.091    12204.232 MITLL90_STDLIB_8T.tt1p2v25c       0 
oa22_1x            9   66.125     33.658    21207.665 MITLL90_STDLIB_8T.tt1p2v25c       0 
oai21_1x          88  369.459    203.738    80323.068 MITLL90_STDLIB_8T.tt1p2v25c       0 
oai21_2x           6   44.083     26.379     7598.808 MITLL90_STDLIB_8T.tt1p2v25c       0 
oai21_4x           3   40.934     24.411    12905.521 MITLL90_STDLIB_8T.tt1p2v25c       0 
oai22_1x          40  209.920     86.323    41778.845 MITLL90_STDLIB_8T.tt1p2v25c       0 
oai22_2x           1   10.496      4.578     3007.006 MITLL90_STDLIB_8T.tt1p2v25c       0 
oai22_4x           1   18.893      9.304     5873.040 MITLL90_STDLIB_8T.tt1p2v25c       0 
or2_1x            25  104.960     64.326    24766.365 MITLL90_STDLIB_8T.tt1p2v25c       0 
or2_2x             3   15.744     12.780     6018.269 MITLL90_STDLIB_8T.tt1p2v25c       0 
or3_1x             5   31.488      8.837     1559.910 MITLL90_STDLIB_8T.tt1p2v25c       0 
sdffrq_1x          6  125.952     52.844    54742.616 MITLL90_STDLIB_8T.tt1p2v25c       0 
xnor2_1x           7   51.430     23.364     9817.116 MITLL90_STDLIB_8T.tt1p2v25c       0 
xnor2_2x           1   10.496      5.267     1651.753 MITLL90_STDLIB_8T.tt1p2v25c       0 
xnor2_4x           3   50.381     31.630    13025.834 MITLL90_STDLIB_8T.tt1p2v25c       0 
xor2_1x            4   29.389     15.240     9292.075 MITLL90_STDLIB_8T.tt1p2v25c       0 
xor2_2x            7   73.472     39.572    22893.199 MITLL90_STDLIB_8T.tt1p2v25c       0 
------------------------------------------------------------------------------------------
total           1000 4872.243   2648.844  1324584.375                                     
                                           Leakage  Leakage   Internal  Internal 
     Type      Instances   Area   Area % Power (nW) Power %  Power (nW)  Power % 
---------------------------------------------------------------------------------
sequential            39  680.141   14.0    278.437    10.5  335722.610     25.3 
inverter             205  466.022    9.6    421.245    15.9   93353.420      7.0 
buffer                42  136.448    2.8    126.253     4.8   60979.053      4.6 
logic                714 3589.632   73.7   1822.909    68.8  834529.292     63.0 
physical_cells         0    0.000    0.0      0.000     0.0       0.000      0.0 
---------------------------------------------------------------------------------
total               1000 4872.243  100.0   2648.844   100.0 1324584.375    100.0 
