============================================================
  Generated by:           Genus(TM) Synthesis Solution 25.11-s095_1
  Generated on:           May 24 2026  10:17:45 pm
  Module:                 sysarr_32_input_fp_adder
  Operating conditions:   typical 
  Interconnect mode:      global
  Area mode:              physical library
============================================================

Timing
--------

Analysis view  Clock Period 
----------------------------
view_1p2_25   clock1 1000.0 


  Analysis    Cost   Critical        Violating 
    View     Group  Path Slack  TNS    Paths   
-----------------------------------------------
view_1p2_25  clock1        0.0  0.0          0 
            default   No paths  0.0          0 
-----------------------------------------------
Total                          -0.0          0 
                                               

Instance Count
--------------
Leaf Instance Count             15932 
Physical Instance count             0 
Sequential Instance Count        2387 
Combinational Instance Count    13545 
Hierarchical Instance Count         0 

Area
----
Cell Area                          29481.312
Physical Cell Area                 0.000
Total Cell Area (Cell+Physical)    29481.312
Net Area                           20959.697
Total Area (Cell+Physical+Net)     50441.009

Power
-----
Leakage Power                      616626.282 nW
Dynamic Power                      65428090.086 nW
Total Power                        66044716.368 nW

Max Fanout                         2387 (clk)
Min Fanout                         0 (adder_tree_inst_s1_g3_r[30])
Average Fanout                     2.1
Terms to net ratio                 3.3318
Terms to instance ratio            3.6656
Runtime                            50.164057 seconds
Elapsed Runtime                    54 seconds
Genus peak memory usage            1747.13 
Innovus peak memory usage          no_value 
Hostname                           asicfab.ecn.purdue.edu
