============================================================
  Generated by:           Genus(TM) Synthesis Solution 25.11-s095_1
  Generated on:           Jun 12 2026  03:20:28 am
  Operating conditions:   typical 
  Interconnect mode:      global
  Area mode:              physical library
============================================================

                                 Leakage      Internal                          Library 
   Gate    Instances    Area    Power (nW)   Power (nW)          Library         Domain 
----------------------------------------------------------------------------------------
AND2_X1          582   619.248   14691.105    556209.691 NangateOpenCellLibrary       0 
AND2_X2           17    22.610     884.259     54127.011 NangateOpenCellLibrary       0 
AND2_X4           11    26.334    1143.772     19808.360 NangateOpenCellLibrary       0 
AND3_X1           48    63.840    1506.027     56858.236 NangateOpenCellLibrary       0 
AND3_X2            9    14.364     520.189     21407.963 NangateOpenCellLibrary       0 
AND3_X4            2     5.852     215.734      8914.501 NangateOpenCellLibrary       0 
AND4_X1           22    35.112     649.386     14162.309 NangateOpenCellLibrary       0 
AND4_X2            2     3.724     137.809      4781.220 NangateOpenCellLibrary       0 
AOI211_X1          8    10.640     257.348     11076.188 NangateOpenCellLibrary       0 
AOI211_X2          1     2.394      67.897      4316.372 NangateOpenCellLibrary       0 
AOI21_X1         538   572.432   14648.621    641913.730 NangateOpenCellLibrary       0 
AOI21_X2          57   106.134    3103.590    161529.219 NangateOpenCellLibrary       0 
AOI21_X4           6    20.748     708.048     23457.819 NangateOpenCellLibrary       0 
AOI221_X1         73   116.508    2793.209    138357.592 NangateOpenCellLibrary       0 
AOI221_X2          6    17.556     523.368     17288.969 NangateOpenCellLibrary       0 
AOI222_X1         35    74.480    1434.575     67073.374 NangateOpenCellLibrary       0 
AOI222_X2          1     3.724      86.305      5009.462 NangateOpenCellLibrary       0 
AOI22_X1         313   416.290    9217.979    298432.597 NangateOpenCellLibrary       0 
AOI22_X2          16    38.304    1215.163     43283.439 NangateOpenCellLibrary       0 
AOI22_X4           1     4.522     157.551      4522.907 NangateOpenCellLibrary       0 
BUF_X1             1     0.798      23.036       760.624 NangateOpenCellLibrary       0 
BUF_X2             4     4.256     172.173     15333.368 NangateOpenCellLibrary       0 
CLKBUF_X1          5     3.990      58.871      5830.496 NangateOpenCellLibrary       0 
CLKBUF_X2          1     1.064      22.918      3217.127 NangateOpenCellLibrary       0 
DFFRS_X1           5    31.920     523.210     55350.139 NangateOpenCellLibrary       0 
DFFR_X1         1358  7224.560  119348.557  10950312.043 NangateOpenCellLibrary       0 
DFF_X1           148   669.256   11664.282   1372415.323 NangateOpenCellLibrary       0 
FA_X1            780  3319.680   47716.949   3583331.805 NangateOpenCellLibrary       0 
HA_X1             84   223.440    5053.887    260247.521 NangateOpenCellLibrary       0 
INV_X1          2096  1115.072   29888.047   1027596.081 NangateOpenCellLibrary       0 
INV_X16            4    18.088     919.708     49884.869 NangateOpenCellLibrary       0 
INV_X2            75    59.850    2152.368     75335.284 NangateOpenCellLibrary       0 
INV_X4            30    39.900    1866.482     65140.526 NangateOpenCellLibrary       0 
INV_X8            14    33.516    1689.620     69776.271 NangateOpenCellLibrary       0 
MUX2_X1          569  1059.478   20542.274   1379492.812 NangateOpenCellLibrary       0 
MUX2_X2            6    14.364     417.608     32530.145 NangateOpenCellLibrary       0 
NAND2_X1        1879  1499.442   36848.210   1121641.712 NangateOpenCellLibrary       0 
NAND2_X2          96   127.680    4314.833    140587.678 NangateOpenCellLibrary       0 
NAND2_X4          31    74.214    1960.947     29339.056 NangateOpenCellLibrary       0 
NAND3_X1         253   269.192    7502.142    177441.218 NangateOpenCellLibrary       0 
NAND3_X2           8    14.896     387.367     15734.163 NangateOpenCellLibrary       0 
NAND3_X4           2     6.916     178.972      6442.894 NangateOpenCellLibrary       0 
NAND4_X1          86   114.380    2065.920     29727.146 NangateOpenCellLibrary       0 
NAND4_X2           2     4.788      55.563      4151.354 NangateOpenCellLibrary       0 
NAND4_X4           1     4.788      81.126         0.000 NangateOpenCellLibrary       0 
NOR2_X1         1189   948.822   26366.815    625686.707 NangateOpenCellLibrary       0 
NOR2_X2           78   103.740    3327.710     90491.509 NangateOpenCellLibrary       0 
NOR2_X4           21    50.274    2001.247     32679.894 NangateOpenCellLibrary       0 
NOR3_X1           86    91.504    2423.944     49754.560 NangateOpenCellLibrary       0 
NOR3_X2           20    37.240    1093.240     45298.270 NangateOpenCellLibrary       0 
NOR3_X4            3    11.172     321.258     14895.713 NangateOpenCellLibrary       0 
NOR4_X1          118   156.940    4077.706     37628.096 NangateOpenCellLibrary       0 
OAI211_X1        112   148.960    3468.379    101726.803 NangateOpenCellLibrary       0 
OAI211_X2          2     4.788     165.921      3653.587 NangateOpenCellLibrary       0 
OAI21_X1         711   756.504   21171.388    717876.356 NangateOpenCellLibrary       0 
OAI21_X2          53    98.686    3085.539    127945.829 NangateOpenCellLibrary       0 
OAI21_X4           7    24.206     902.424     35269.439 NangateOpenCellLibrary       0 
OAI221_X1         99   158.004    4883.985    143331.720 NangateOpenCellLibrary       0 
OAI222_X1         36    76.608    2053.642     67587.604 NangateOpenCellLibrary       0 
OAI22_X1         492   654.360   20794.873    483529.390 NangateOpenCellLibrary       0 
OAI22_X2          12    28.728     881.965     33859.613 NangateOpenCellLibrary       0 
OAI22_X4           1     4.522     132.548      3018.504 NangateOpenCellLibrary       0 
OAI33_X1           1     1.862      34.372      2140.476 NangateOpenCellLibrary       0 
OR2_X1           426   453.264    9734.033    503156.571 NangateOpenCellLibrary       0 
OR2_X2             7     9.310     327.795     18930.822 NangateOpenCellLibrary       0 
OR2_X4             2     4.788     185.441      1547.174 NangateOpenCellLibrary       0 
OR3_X1            56    74.480    1466.020     54697.130 NangateOpenCellLibrary       0 
OR3_X2             1     1.596      58.985      4301.824 NangateOpenCellLibrary       0 
OR4_X1            65   103.740    1813.559     23016.570 NangateOpenCellLibrary       0 
OR4_X2             1     1.862      73.503      2192.376 NangateOpenCellLibrary       0 
SDFFRS_X1         21   161.994    2610.922    239610.880 NangateOpenCellLibrary       0 
SDFFR_X1         145   964.250   15411.753   1688490.943 NangateOpenCellLibrary       0 
SDFFR_X2           1     6.916     141.074     14241.012 NangateOpenCellLibrary       0 
SDFF_X1            1     6.118      98.649     10196.194 NangateOpenCellLibrary       0 
XNOR2_X1         601   959.196   23684.485   1083222.668 NangateOpenCellLibrary       0 
XNOR2_X2          63   167.580    4607.986    307898.471 NangateOpenCellLibrary       0 
XOR2_X1          182   290.472    6133.106    378311.504 NangateOpenCellLibrary       0 
XOR2_X2           17    40.698    1221.351     90074.507 NangateOpenCellLibrary       0 
----------------------------------------------------------------------------------------
total          13916 24713.528  514172.623  29660413.332                                
                                            Leakage  Leakage   Internal   Internal 
     Type      Instances    Area   Area % Power (nW) Power %  Power (nW)   Power % 
-----------------------------------------------------------------------------------
sequential          1679  9065.014   36.7 149798.446    29.1 14330616.534     48.3 
inverter            2219  1266.426    5.1  36516.224     7.1  1287733.031      4.3 
buffer                11    10.108    0.0    276.998     0.1    25141.616      0.1 
logic              10007 14371.980   58.2 327580.955    63.7 14016922.151     47.3 
physical_cells         0     0.000    0.0      0.000     0.0        0.000      0.0 
-----------------------------------------------------------------------------------
total              13916 24713.528  100.0 514172.623   100.0 29660413.332    100.0 
