============================================================
  Generated by:           Genus(TM) Synthesis Solution 25.11-s095_1
  Generated on:           Mar 10 2026  10:12:44 pm
  Module:                 add_fp16
  Operating conditions:   typical 
  Interconnect mode:      global
  Area mode:              physical library
============================================================


Path 1: MET (22 ps) Setup Check with Pin smaller_mantissa_l_reg[9]/CK->D
           View: view_1p2_25
          Group: clock1
     Startpoint: (F) fp1_in[23]
          Clock: (R) clock1
       Endpoint: (R) smaller_mantissa_l_reg[9]/D
          Clock: (R) clock1

                     Capture       Launch     
        Clock Edge:+    1515            0     
        Drv Adjust:+       0            0     
       Src Latency:+       0            0     
       Net Latency:+       0 (I)        0 (I) 
           Arrival:=    1515            0     
                                              
             Setup:-      41                  
       Uncertainty:-       0                  
     Required Time:=    1474                  
      Launch Clock:-       0                  
       Input Delay:-       1                  
         Data Path:-    1451                  
             Slack:=      22                  

Exceptions/Constraints:
  input_delay              1              add_fp16.sdc_line_20_12_1   

#-----------------------------------------------------------------------------------------------------
#        Timing Point         Flags    Arc   Edge   Cell     Fanout Load Trans Delay Arrival Instance 
#                                                                   (fF)  (ps)  (ps)   (ps)  Location 
#-----------------------------------------------------------------------------------------------------
  fp1_in[23]                  -       -      F     (arrival)      4  8.4     0     0       1    (-,-) 
  fp1_in[23]                  -       -      -     (net)          -    -     -     -       -    (-,-) 
  g40673/ZN                   -       A->ZN  R     INV_X2         2  5.5     9    11      12    (-,-) 
  n_24                        -       -      -     (net)          -    -     -     -       -    (-,-) 
  g40560/ZN                   -       A->ZN  F     OAI211_X2      1  3.2    14    26      38    (-,-) 
  n_134                       -       -      -     (net)          -    -     -     -       -    (-,-) 
  g40485/ZN                   -       B2->ZN R     AOI21_X2       1  3.4    21    33      72    (-,-) 
  n_205                       -       -      -     (net)          -    -     -     -       -    (-,-) 
  g40468/ZN                   -       B1->ZN F     OAI21_X2       1  1.8    14    15      86    (-,-) 
  n_222                       -       -      -     (net)          -    -     -     -       -    (-,-) 
  g40457/ZN                   -       A1->ZN R     NAND2_X1       1  3.4    13    21     107    (-,-) 
  n_230                       -       -      -     (net)          -    -     -     -       -    (-,-) 
  g40449/ZN                   -       A1->ZN F     NAND2_X2       1  6.0    10    17     124    (-,-) 
  n_238                       -       -      -     (net)          -    -     -     -       -    (-,-) 
  g40445/ZN                   -       A1->ZN R     NAND2_X4       2  8.5    11    16     140    (-,-) 
  n_243                       -       -      -     (net)          -    -     -     -       -    (-,-) 
  g40440/ZN                   -       A1->ZN F     NAND2_X1       1  5.9    15    22     163    (-,-) 
  n_246                       -       -      -     (net)          -    -     -     -       -    (-,-) 
  g40432/ZN                   -       A2->ZN R     NAND2_X4      10 23.1    19    30     192    (-,-) 
  n_255                       -       -      -     (net)          -    -     -     -       -    (-,-) 
  g40430/ZN                   -       A->ZN  F     INV_X4         4 14.5     8    14     206    (-,-) 
  n_7                         -       -      -     (net)          -    -     -     -       -    (-,-) 
  g40395/ZN                   -       A->ZN  R     INV_X4         6 15.9    12    18     224    (-,-) 
  n_8                         -       -      -     (net)          -    -     -     -       -    (-,-) 
  g40361/Z                    -       S->Z   F     MUX2_X1        3  4.4    13    65     289    (-,-) 
  n_292                       -       -      -     (net)          -    -     -     -       -    (-,-) 
  g40312__1705/ZN             -       A2->ZN R     NOR4_X1        1  1.3    38    61     351    (-,-) 
  n_335                       -       -      -     (net)          -    -     -     -       -    (-,-) 
  g40299__8428/ZN             -       A2->ZN R     AND2_X1        4 11.7    30    64     415    (-,-) 
  n_346                       -       -      -     (net)          -    -     -     -       -    (-,-) 
  g40289__2398/ZN             -       A1->ZN F     NOR2_X4       23 38.5    18    26     441    (-,-) 
  n_355                       -       -      -     (net)          -    -     -     -       -    (-,-) 
  g40280__9315/ZN             -       A1->ZN R     AOI22_X1       4  5.1    40    52     493    (-,-) 
  n_362                       -       -      -     (net)          -    -     -     -       -    (-,-) 
  g40239__5122/Z              -       A->Z   R     MUX2_X1        2  2.3    12    46     540    (-,-) 
  n_403                       -       -      -     (net)          -    -     -     -       -    (-,-) 
  g40205__1705/Z              -       A->Z   R     MUX2_X1        2  3.9    14    43     583    (-,-) 
  n_438                       -       -      -     (net)          -    -     -     -       -    (-,-) 
  g40199/ZN                   -       A->ZN  F     INV_X1         1  1.2     5     7     590    (-,-) 
  n_439                       -       -      -     (net)          -    -     -     -       -    (-,-) 
  g40163__5526/Z              -       A->Z   F     MUX2_X1        2  3.5    12    61     651    (-,-) 
  n_480                       -       -      -     (net)          -    -     -     -       -    (-,-) 
  g40020__6131/ZN             -       B2->ZN R     AOI221_X1      1  1.9    43    80     731    (-,-) 
  n_617                       -       -      -     (net)          -    -     -     -       -    (-,-) 
  g40006__4319/ZN             -       A->ZN  F     OAI221_X1      3  5.1    29    52     783    (-,-) 
  n_639                       -       -      -     (net)          -    -     -     -       -    (-,-) 
  g39991__4733/ZN             -       A1->ZN R     NAND2_X1       2  3.0    17    26     809    (-,-) 
  n_650                       -       -      -     (net)          -    -     -     -       -    (-,-) 
  g39981__1705/ZN             -       A1->ZN R     OR2_X1         1  2.0     8    27     836    (-,-) 
  n_658                       -       -      -     (net)          -    -     -     -       -    (-,-) 
  g39971__6260/ZN             -       A1->ZN F     AOI22_X1       1  1.8    17    14     850    (-,-) 
  n_667                       -       -      -     (net)          -    -     -     -       -    (-,-) 
  g39963__1666/ZN             -       A->ZN  R     AOI21_X1       1  1.9    25    44     894    (-,-) 
  n_674                       -       -      -     (net)          -    -     -     -       -    (-,-) 
  g39957__6161/ZN             -       A->ZN  F     AOI21_X1       1  1.8    22    17     910    (-,-) 
  n_680                       -       -      -     (net)          -    -     -     -       -    (-,-) 
  g39953__5115/ZN             -       A->ZN  R     AOI21_X1       1  1.9    25    46     956    (-,-) 
  n_684                       -       -      -     (net)          -    -     -     -       -    (-,-) 
  g39948__5122/ZN             -       A->ZN  F     AOI21_X1       1  1.8    11    17     973    (-,-) 
  n_689                       -       -      -     (net)          -    -     -     -       -    (-,-) 
  g39945__1617/ZN             -       A->ZN  R     AOI21_X1       1  2.0    25    42    1014    (-,-) 
  n_691                       -       -      -     (net)          -    -     -     -       -    (-,-) 
  g39939__8428/ZN             -       B1->ZN F     OAI21_X1       1  1.8    13    18    1032    (-,-) 
  n_697                       -       -      -     (net)          -    -     -     -       -    (-,-) 
  g39935__2398/ZN             -       A->ZN  R     OAI221_X1      1  1.9    36    24    1056    (-,-) 
  n_700                       -       -      -     (net)          -    -     -     -       -    (-,-) 
  g39917__6161/ZN             -       B1->ZN F     AOI21_X1       1  1.8    13    20    1076    (-,-) 
  n_711                       -       -      -     (net)          -    -     -     -       -    (-,-) 
  g39867__2883/ZN             -       A->ZN  R     AOI221_X1      1  2.0    44    74    1150    (-,-) 
  n_736                       -       -      -     (net)          -    -     -     -       -    (-,-) 
  g39866__9945/ZN             -       B1->ZN F     OAI21_X1       1  1.8    15    20    1171    (-,-) 
  n_737                       -       -      -     (net)          -    -     -     -       -    (-,-) 
  g39865__9315/ZN             -       A->ZN  R     OAI221_X1      1  1.9    36    25    1196    (-,-) 
  n_738                       -       -      -     (net)          -    -     -     -       -    (-,-) 
  g39864__6161/ZN             -       C1->ZN F     AOI221_X1      3  5.0    24    31    1227    (-,-) 
  n_740                       -       -      -     (net)          -    -     -     -       -    (-,-) 
  g39863/ZN                   -       A->ZN  R     INV_X1         2  3.9    14    25    1252    (-,-) 
  n_739                       -       -      -     (net)          -    -     -     -       -    (-,-) 
  g39860__7482/ZN             -       A1->ZN R     OR2_X2        28 51.3    62    82    1334    (-,-) 
  n_744                       -       -      -     (net)          -    -     -     -       -    (-,-) 
  g39859/ZN                   -       A->ZN  F     INV_X2        19 31.9    28    44    1378    (-,-) 
  n_743                       -       -      -     (net)          -    -     -     -       -    (-,-) 
  g39812__4319/ZN             -       B1->ZN R     AOI221_X1      1  1.4    39    74    1452    (-,-) 
  n_788                       -       -      -     (net)          -    -     -     -       -    (-,-) 
  smaller_mantissa_l_reg[9]/D <<<     -      R     DFFR_X1        1    -     -     0    1452    (-,-) 
#-----------------------------------------------------------------------------------------------------

Capture clock path:
#-----------------------------------------------------------------------------------------------------
#        Timing Point          Flags   Arc   Edge   Cell     Fanout Load Trans Delay Arrival Instance 
#                                                                   (fF)  (ps)  (ps)   (ps)  Location 
#-----------------------------------------------------------------------------------------------------
  clk                          (i)     -     R     (arrival)    100  0.0     0     0    1515    (-,-) 
  clk                          -       -     -     (net)          -    -     -     -       -    (-,-) 
  clk                          -       -     -     (net)          -    -     -     -       -    (-,-) 
  smaller_mantissa_l_reg[9]/CK <<<     -     R     DFFR_X1      100    -     1     0    1515    (-,-) 
#-----------------------------------------------------------------------------------------------------


