============================================================
  Generated by:           Genus(TM) Synthesis Solution 25.11-s095_1
  Generated on:           Mar 11 2026  06:55:27 am
  Module:                 sysarr_4_input_fp_adder
  Operating conditions:   typical 
  Interconnect mode:      global
  Area mode:              physical library
============================================================


Path 1: MET (31 ps) Setup Check with Pin st1_sum_vec_reg[16]/CK->D
           View: view_1p2_25
          Group: clock1
     Startpoint: (R) add_d[25]
          Clock: (R) clock1
       Endpoint: (F) st1_sum_vec_reg[16]/D
          Clock: (R) clock1

                     Capture       Launch     
        Clock Edge:+    1370            0     
        Drv Adjust:+       0            0     
       Src Latency:+       0            0     
       Net Latency:+       0 (I)        0 (I) 
           Arrival:=    1370            0     
                                              
             Setup:-      39                  
       Uncertainty:-       0                  
     Required Time:=    1331                  
      Launch Clock:-       0                  
       Input Delay:-       1                  
         Data Path:-    1299                  
             Slack:=      31                  

Exceptions/Constraints:
  input_delay              1              sysarr_4_input_fp_ad_line_21_103_1   

#-----------------------------------------------------------------------------------------------
#     Timing Point      Flags    Arc   Edge   Cell     Fanout Load Trans Delay Arrival Instance 
#                                                             (fF)  (ps)  (ps)   (ps)  Location 
#-----------------------------------------------------------------------------------------------
  add_d[25]             -       -      R     (arrival)      6 12.0     0     0       1    (-,-) 
  add_d[25]             -       -      -     (net)          -    -     -     -       -    (-,-) 
  g66798/ZN             -       A->ZN  F     INV_X2         1  1.9     2     4       5    (-,-) 
  n_24                  -       -      -     (net)          -    -     -     -       -    (-,-) 
  g66714/ZN             -       B1->ZN R     AOI22_X1       1  1.9    25    39      44    (-,-) 
  n_104                 -       -      -     (net)          -    -     -     -       -    (-,-) 
  g66639__8428/ZN       -       A1->ZN F     NAND2_X1       1  1.8    10    17      60    (-,-) 
  n_184                 -       -      -     (net)          -    -     -     -       -    (-,-) 
  g66628__2346/ZN       -       A1->ZN R     NAND2_X1       1  3.4    13    19      80    (-,-) 
  n_193                 -       -      -     (net)          -    -     -     -       -    (-,-) 
  g66619__5115/ZN       -       B1->ZN F     AOI21_X2       1  3.0    11    15      94    (-,-) 
  n_201                 -       -      -     (net)          -    -     -     -       -    (-,-) 
  g66612__5122/ZN       -       B1->ZN R     OAI21_X2       1  3.4    18    28     122    (-,-) 
  n_206                 -       -      -     (net)          -    -     -     -       -    (-,-) 
  g66604__3680/ZN       -       B1->ZN F     AOI21_X2       2  4.8    11    19     140    (-,-) 
  n_211                 -       -      -     (net)          -    -     -     -       -    (-,-) 
  g66602/ZN             -       A->ZN  R     INV_X2         4  9.6    14    22     162    (-,-) 
  n_13                  -       -      -     (net)          -    -     -     -       -    (-,-) 
  g66560__4319/ZN       -       A1->ZN F     NOR2_X1        1  3.5     7    13     174    (-,-) 
  n_213                 -       -      -     (net)          -    -     -     -       -    (-,-) 
  g66553__1666/ZN       -       A2->ZN R     NOR2_X2        3  7.2    24    37     212    (-,-) 
  n_222                 -       -      -     (net)          -    -     -     -       -    (-,-) 
  g66514__5115/ZN       -       A1->ZN F     NAND2_X1       2  4.9    14    25     236    (-,-) 
  n_263                 -       -      -     (net)          -    -     -     -       -    (-,-) 
  g66505__5122/ZN       -       A->ZN  R     OAI21_X2       3 14.4    44    36     272    (-,-) 
  n_273                 -       -      -     (net)          -    -     -     -       -    (-,-) 
  g66472__7098/ZN       -       A2->ZN F     NOR2_X4        2  6.1    12    14     286    (-,-) 
  n_307                 -       -      -     (net)          -    -     -     -       -    (-,-) 
  g66433__6131/ZN       -       B1->ZN R     AOI21_X2       3  5.0    25    31     318    (-,-) 
  n_341                 -       -      -     (net)          -    -     -     -       -    (-,-) 
  g66431__8246/ZN       -       B1->ZN F     OAI21_X1       2  2.8    12    21     338    (-,-) 
  n_343                 -       -      -     (net)          -    -     -     -       -    (-,-) 
  g66429__1705/ZN       -       B1->ZN R     AOI21_X1       2  4.5    35    42     380    (-,-) 
  n_345                 -       -      -     (net)          -    -     -     -       -    (-,-) 
  g66427__1617/ZN       -       B1->ZN F     AOI21_X2       1  3.0    12    18     398    (-,-) 
  n_347                 -       -      -     (net)          -    -     -     -       -    (-,-) 
  g66426__3680/ZN       -       B1->ZN R     OAI21_X2       3  5.6    24    34     432    (-,-) 
  n_348                 -       -      -     (net)          -    -     -     -       -    (-,-) 
  g66425__6783/ZN       -       A1->ZN R     OR2_X2         2  3.8     8    27     459    (-,-) 
  n_349                 -       -      -     (net)          -    -     -     -       -    (-,-) 
  g66422__8428/ZN       -       A1->ZN F     NAND2_X1       2  7.7    17    25     484    (-,-) 
  n_352                 -       -      -     (net)          -    -     -     -       -    (-,-) 
  g66419__6260/ZN       -       A1->ZN R     NAND2_X4       7 28.5    22    32     516    (-,-) 
  n_356                 -       -      -     (net)          -    -     -     -       -    (-,-) 
  g66362/ZN             -       A->ZN  F     INV_X8         9 28.2     9    14     531    (-,-) 
  n_357                 -       -      -     (net)          -    -     -     -       -    (-,-) 
  g66417/ZN             -       A->ZN  R     INV_X4        20 41.4    26    34     565    (-,-) 
  n_15                  -       -      -     (net)          -    -     -     -       -    (-,-) 
  g66349__4733/ZN       -       A1->ZN F     NOR2_X2       22 37.1    23    37     602    (-,-) 
  n_374                 -       -      -     (net)          -    -     -     -       -    (-,-) 
  g66212__6417/ZN       -       C1->ZN R     AOI222_X1      1  2.0    49    92     694    (-,-) 
  n_462                 -       -      -     (net)          -    -     -     -       -    (-,-) 
  g66139__1881/ZN       -       A->ZN  F     OAI21_X1       2  2.9    17    30     724    (-,-) 
  n_572                 -       -      -     (net)          -    -     -     -       -    (-,-) 
  g66008__7410/Z        -       A->Z   F     MUX2_X1        2  2.9    11    64     788    (-,-) 
  n_708                 -       -      -     (net)          -    -     -     -       -    (-,-) 
  g65886__9945/Z        -       A->Z   F     MUX2_X1        2  2.3    11    60     849    (-,-) 
  n_823                 -       -      -     (net)          -    -     -     -       -    (-,-) 
  g65751__6161/Z        -       B->Z   F     MUX2_X1        2  3.5    12    64     912    (-,-) 
  n_955                 -       -      -     (net)          -    -     -     -       -    (-,-) 
  g65651__9315/ZN       -       B2->ZN R     AOI22_X1       1  2.5    28    51     963    (-,-) 
  n_1051                -       -      -     (net)          -    -     -     -       -    (-,-) 
  g65599__6417/ZN       -       A->ZN  R     XNOR2_X1       1  2.5    24    45    1009    (-,-) 
  n_1102                -       -      -     (net)          -    -     -     -       -    (-,-) 
  g65545__1617/ZN       -       A->ZN  R     XNOR2_X1       2  4.9    34    50    1059    (-,-) 
  n_1165                -       -      -     (net)          -    -     -     -       -    (-,-) 
  g65499__7410/ZN       -       A->ZN  R     XNOR2_X1       2  5.0    34    53    1112    (-,-) 
  n_1206                -       -      -     (net)          -    -     -     -       -    (-,-) 
  g65497/ZN             -       A->ZN  F     INV_X1         1  1.2     8     8    1120    (-,-) 
  n_1207                -       -      -     (net)          -    -     -     -       -    (-,-) 
  g65484__5122/Z        -       B->Z   F     MUX2_X1        1  3.0    12    61    1181    (-,-) 
  n_1227                -       -      -     (net)          -    -     -     -       -    (-,-) 
  g65416__8428/S        -       CI->S  R     FA_X1          1  2.0    12   112    1293    (-,-) 
  n_1281                -       -      -     (net)          -    -     -     -       -    (-,-) 
  g65408/ZN             -       A->ZN  F     INV_X1         1  1.4     4     7    1300    (-,-) 
  n_1293                -       -      -     (net)          -    -     -     -       -    (-,-) 
  st1_sum_vec_reg[16]/D <<<     -      F     DFFR_X1        1    -     -     0    1300    (-,-) 
#-----------------------------------------------------------------------------------------------

Capture clock path:
#-----------------------------------------------------------------------------------------------
#     Timing Point       Flags   Arc   Edge   Cell     Fanout Load Trans Delay Arrival Instance 
#                                                             (fF)  (ps)  (ps)   (ps)  Location 
#-----------------------------------------------------------------------------------------------
  clk                    (i)     -     R     (arrival)    136  0.0     0     0    1370    (-,-) 
  clk                    -       -     -     (net)          -    -     -     -       -    (-,-) 
  clk                    -       -     -     (net)          -    -     -     -       -    (-,-) 
  st1_sum_vec_reg[16]/CK <<<     -     R     DFFR_X1      136    -     1     0    1370    (-,-) 
#-----------------------------------------------------------------------------------------------


