============================================================
  Generated by:           Genus(TM) Synthesis Solution 25.11-s095_1
  Generated on:           Jun 13 2026  05:19:05 am
  Operating conditions:   typical 
  Interconnect mode:      global
  Area mode:              physical library
============================================================

                                 Leakage      Internal                          Library 
   Gate    Instances    Area    Power (nW)   Power (nW)          Library         Domain 
----------------------------------------------------------------------------------------
AND2_X1          612   651.168   15447.580    588340.277 NangateOpenCellLibrary       0 
AND2_X2           33    43.890    1791.914     98016.000 NangateOpenCellLibrary       0 
AND2_X4            6    14.364     629.019     32859.344 NangateOpenCellLibrary       0 
AND3_X1           60    79.800    1896.352     73498.801 NangateOpenCellLibrary       0 
AND3_X2            6     9.576     341.043     11099.210 NangateOpenCellLibrary       0 
AND3_X4            2     5.852     197.583         0.000 NangateOpenCellLibrary       0 
AND4_X1           25    39.900     860.119     22593.092 NangateOpenCellLibrary       0 
AND4_X2            5     9.310     368.518     10818.121 NangateOpenCellLibrary       0 
AND4_X4            1     3.458      83.639         0.000 NangateOpenCellLibrary       0 
AOI211_X1         14    18.620     500.089     17918.559 NangateOpenCellLibrary       0 
AOI211_X2          2     4.788     141.955      6404.823 NangateOpenCellLibrary       0 
AOI21_X1         571   607.544   15636.664    639873.206 NangateOpenCellLibrary       0 
AOI21_X2          70   130.340    3894.205    185664.973 NangateOpenCellLibrary       0 
AOI21_X4           5    17.290     623.039     17994.490 NangateOpenCellLibrary       0 
AOI221_X1         75   119.700    2870.154    136377.971 NangateOpenCellLibrary       0 
AOI221_X2          2     5.852     177.225      4626.792 NangateOpenCellLibrary       0 
AOI222_X1         23    48.944     889.194     40334.594 NangateOpenCellLibrary       0 
AOI22_X1         310   412.300    8978.410    296806.314 NangateOpenCellLibrary       0 
AOI22_X2           3     7.182     154.496      5980.341 NangateOpenCellLibrary       0 
BUF_X1             2     1.596      40.722       410.086 NangateOpenCellLibrary       0 
BUF_X2             2     2.128      91.151      3923.270 NangateOpenCellLibrary       0 
BUF_X4             1     1.862      87.681      7398.847 NangateOpenCellLibrary       0 
CLKBUF_X1          1     0.798      10.557      1527.637 NangateOpenCellLibrary       0 
DFFR_X1         1385  7368.200  121708.554  10933202.544 NangateOpenCellLibrary       0 
DFF_X1           148   669.256   11664.191   1337962.986 NangateOpenCellLibrary       0 
FA_X1            783  3332.448   47795.063   3467904.688 NangateOpenCellLibrary       0 
HA_X1             91   242.060    5541.876    294017.365 NangateOpenCellLibrary       0 
INV_X1          2023  1076.236   28990.197    945297.680 NangateOpenCellLibrary       0 
INV_X16            5    22.610    1136.940     61777.400 NangateOpenCellLibrary       0 
INV_X2            71    56.658    2021.518     77177.211 NangateOpenCellLibrary       0 
INV_X4            18    23.940    1123.867     31293.354 NangateOpenCellLibrary       0 
INV_X8            12    28.728    1359.402     67231.198 NangateOpenCellLibrary       0 
MUX2_X1          587  1092.994   21207.751   1383326.279 NangateOpenCellLibrary       0 
MUX2_X2            2     4.788     142.262      9962.341 NangateOpenCellLibrary       0 
NAND2_X1        1788  1426.824   34213.568    988628.820 NangateOpenCellLibrary       0 
NAND2_X2         108   143.640    4563.063    137492.027 NangateOpenCellLibrary       0 
NAND2_X4          23    55.062    1633.717     36492.883 NangateOpenCellLibrary       0 
NAND3_X1         225   239.400    6673.351    161511.949 NangateOpenCellLibrary       0 
NAND3_X2           5     9.310     204.260     10487.805 NangateOpenCellLibrary       0 
NAND4_X1         100   133.000    2626.584     47782.724 NangateOpenCellLibrary       0 
NAND4_X2           2     4.788     178.646      7063.549 NangateOpenCellLibrary       0 
NOR2_X1         1193   952.014   26580.026    587430.805 NangateOpenCellLibrary       0 
NOR2_X2           66    87.780    2805.840     77609.170 NangateOpenCellLibrary       0 
NOR2_X4           17    40.698    1555.261     28557.634 NangateOpenCellLibrary       0 
NOR3_X1           95   101.080    2705.151     54557.797 NangateOpenCellLibrary       0 
NOR3_X2           15    27.930     837.375     30486.994 NangateOpenCellLibrary       0 
NOR3_X4            2     7.448     178.890      7742.851 NangateOpenCellLibrary       0 
NOR4_X1          109   144.970    3648.277     39766.407 NangateOpenCellLibrary       0 
NOR4_X2            1     2.394      72.442      2568.218 NangateOpenCellLibrary       0 
NOR4_X4            1     4.788     109.280      5549.161 NangateOpenCellLibrary       0 
OAI211_X1         86   114.380    2736.380     81274.302 NangateOpenCellLibrary       0 
OAI211_X2          4     9.576     191.892     14491.016 NangateOpenCellLibrary       0 
OAI21_X1         690   734.160   20468.583    668246.047 NangateOpenCellLibrary       0 
OAI21_X2          45    83.790    2519.919     96237.952 NangateOpenCellLibrary       0 
OAI21_X4          10    34.580    1200.762     57944.165 NangateOpenCellLibrary       0 
OAI221_X1        109   173.964    5274.626    153257.830 NangateOpenCellLibrary       0 
OAI222_X1         48   102.144    2652.265     84909.567 NangateOpenCellLibrary       0 
OAI222_X2          1     3.724      94.752      2157.729 NangateOpenCellLibrary       0 
OAI22_X1         495   658.350   20609.728    495980.837 NangateOpenCellLibrary       0 
OAI22_X2           6    14.364     386.965     17832.744 NangateOpenCellLibrary       0 
OAI33_X1           2     3.724      69.939      4251.833 NangateOpenCellLibrary       0 
OR2_X1           436   463.904    9948.502    508624.810 NangateOpenCellLibrary       0 
OR2_X2            10    13.300     459.803     16368.345 NangateOpenCellLibrary       0 
OR3_X1            35    46.550     886.054     35770.328 NangateOpenCellLibrary       0 
OR3_X2             3     4.788     155.831      6462.520 NangateOpenCellLibrary       0 
OR3_X4             1     2.926     122.808      5937.770 NangateOpenCellLibrary       0 
OR4_X1            64   102.144    1769.253     18395.619 NangateOpenCellLibrary       0 
SDFFRS_X1         13   100.282    1625.100    146888.009 NangateOpenCellLibrary       0 
SDFFR_X1         132   877.800   14024.366   1442628.927 NangateOpenCellLibrary       0 
SDFF_X1            1     6.118      98.832     10211.195 NangateOpenCellLibrary       0 
XNOR2_X1         616   983.136   24200.233   1112872.115 NangateOpenCellLibrary       0 
XNOR2_X2          78   207.480    5658.484    366783.032 NangateOpenCellLibrary       0 
XOR2_X1          215   343.140    7523.992    421709.984 NangateOpenCellLibrary       0 
XOR2_X2           13    31.122     913.448     68865.140 NangateOpenCellLibrary       0 
----------------------------------------------------------------------------------------
total          13819 24650.752  510581.177  28873450.403                                
                                            Leakage  Leakage   Internal   Internal 
     Type      Instances    Area   Area % Power (nW) Power %  Power (nW)   Power % 
-----------------------------------------------------------------------------------
sequential          1679  9021.656   36.6 149121.044    29.2 13870893.661     48.0 
inverter            2129  1208.172    4.9  34631.924     6.8  1182776.842      4.1 
buffer                 6     6.384    0.0    230.111     0.0    13259.840      0.0 
logic              10005 14414.540   58.5 326598.098    64.0 13806520.060     47.8 
physical_cells         0     0.000    0.0      0.000     0.0        0.000      0.0 
-----------------------------------------------------------------------------------
total              13819 24650.752  100.0 510581.177   100.0 28873450.403    100.0 
