============================================================
  Generated by:           Genus(TM) Synthesis Solution 25.11-s095_1
  Generated on:           Feb 24 2026  12:46:02 pm
  Operating conditions:   PVT_1P2V_25C 
  Interconnect mode:      global
  Area mode:              physical library
============================================================

                                Leakage    Internal                               Library 
   Gate    Instances   Area   Power (nW)  Power (nW)            Library            Domain 
------------------------------------------------------------------------------------------
addh_1x           10  104.960     69.241    33801.512 MITLL90_STDLIB_8T.tt1p2v25c       0 
and2_1x           36  151.142    120.128    61532.346 MITLL90_STDLIB_8T.tt1p2v25c       0 
and2_2x            4   20.992     22.395     5762.028 MITLL90_STDLIB_8T.tt1p2v25c       0 
and3_1x           10   62.976     30.388    12546.715 MITLL90_STDLIB_8T.tt1p2v25c       0 
and3_2x            2   14.694     11.263     5977.483 MITLL90_STDLIB_8T.tt1p2v25c       0 
ao21_1x           20  104.960     72.991    42277.230 MITLL90_STDLIB_8T.tt1p2v25c       0 
ao21_2x            1    6.298      4.652     2518.468 MITLL90_STDLIB_8T.tt1p2v25c       0 
ao22_1x            7   51.430     27.671    17750.786 MITLL90_STDLIB_8T.tt1p2v25c       0 
ao22_2x            1    8.397      6.382     4255.886 MITLL90_STDLIB_8T.tt1p2v25c       0 
aoi21_1x          69  289.690    137.938    74122.957 MITLL90_STDLIB_8T.tt1p2v25c       0 
aoi21_2x           2   14.694      6.324     2749.578 MITLL90_STDLIB_8T.tt1p2v25c       0 
aoi21_4x           5   68.224     41.271    15503.599 MITLL90_STDLIB_8T.tt1p2v25c       0 
aoi22_1x          64  335.872    126.906    68432.005 MITLL90_STDLIB_8T.tt1p2v25c       0 
aoi22_2x           3   31.488     12.736     9873.930 MITLL90_STDLIB_8T.tt1p2v25c       0 
aoi22_4x           2   37.786     18.192    10412.638 MITLL90_STDLIB_8T.tt1p2v25c       0 
buf_1x             4   12.595     10.712     5299.110 MITLL90_STDLIB_8T.tt1p2v25c       0 
buf_2x             2    8.397     10.185     4420.059 MITLL90_STDLIB_8T.tt1p2v25c       0 
dffrq_1x          33  554.189    225.196   292647.046 MITLL90_STDLIB_8T.tt1p2v25c       0 
inv_1x           140  293.888    249.316    60518.919 MITLL90_STDLIB_8T.tt1p2v25c       0 
inv_2x            13   40.934     46.613    11927.105 MITLL90_STDLIB_8T.tt1p2v25c       0 
inv_4x             6   31.488     43.521     9190.670 MITLL90_STDLIB_8T.tt1p2v25c       0 
mux2_1x            6   44.083     23.278    14183.958 MITLL90_STDLIB_8T.tt1p2v25c       0 
muxi2_1x          10   62.976     20.118    11146.139 MITLL90_STDLIB_8T.tt1p2v25c       0 
nand2_1x          91  286.541    120.444    46561.689 MITLL90_STDLIB_8T.tt1p2v25c       0 
nand2_2x          22  115.456     69.043    22837.857 MITLL90_STDLIB_8T.tt1p2v25c       0 
nand2_4x           4   37.786     29.249    10956.361 MITLL90_STDLIB_8T.tt1p2v25c       0 
nand3_1x          37  155.341     44.809    21478.852 MITLL90_STDLIB_8T.tt1p2v25c       0 
nand3_2x           5   41.984     15.552     7136.248 MITLL90_STDLIB_8T.tt1p2v25c       0 
nor2_1x           73  229.862     99.271    38355.585 MITLL90_STDLIB_8T.tt1p2v25c       0 
nor2_2x            6   31.488     20.077     3182.501 MITLL90_STDLIB_8T.tt1p2v25c       0 
nor2_4x            1    9.446      5.416     1731.964 MITLL90_STDLIB_8T.tt1p2v25c       0 
nor3_1x           26  109.158     28.492    17051.551 MITLL90_STDLIB_8T.tt1p2v25c       0 
oa21_1x           16   83.968     65.258    31327.341 MITLL90_STDLIB_8T.tt1p2v25c       0 
oa21_2x            1    6.298      6.260     2122.340 MITLL90_STDLIB_8T.tt1p2v25c       0 
oa22_1x            8   58.778     30.426    13991.159 MITLL90_STDLIB_8T.tt1p2v25c       0 
oai21_1x          97  407.245    222.835    95866.760 MITLL90_STDLIB_8T.tt1p2v25c       0 
oai21_2x           6   44.083     23.430    10102.465 MITLL90_STDLIB_8T.tt1p2v25c       0 
oai21_4x           7   95.514     66.493    29391.989 MITLL90_STDLIB_8T.tt1p2v25c       0 
oai22_1x          46  241.408    102.107    55565.848 MITLL90_STDLIB_8T.tt1p2v25c       0 
oai22_2x           1   10.496      4.614      779.990 MITLL90_STDLIB_8T.tt1p2v25c       0 
or2_1x            17   71.373     47.266    19384.276 MITLL90_STDLIB_8T.tt1p2v25c       0 
or2_2x             2   10.496      8.000     3323.804 MITLL90_STDLIB_8T.tt1p2v25c       0 
or3_1x             5   31.488     10.570     3606.338 MITLL90_STDLIB_8T.tt1p2v25c       0 
sdffrq_1x          6  125.952     53.005    56245.895 MITLL90_STDLIB_8T.tt1p2v25c       0 
xnor2_1x           9   66.125     32.843    15340.901 MITLL90_STDLIB_8T.tt1p2v25c       0 
xnor2_2x           1   10.496      5.352     1831.244 MITLL90_STDLIB_8T.tt1p2v25c       0 
xnor2_4x           3   50.381     30.759    13669.567 MITLL90_STDLIB_8T.tt1p2v25c       0 
xor2_1x            6   44.083     22.919    10802.656 MITLL90_STDLIB_8T.tt1p2v25c       0 
xor2_2x           14  146.944     79.848    47618.686 MITLL90_STDLIB_8T.tt1p2v25c       0 
------------------------------------------------------------------------------------------
total            960 4874.342   2581.756  1357114.035                                     
                                           Leakage  Leakage   Internal  Internal 
     Type      Instances   Area   Area % Power (nW) Power %  Power (nW)  Power % 
---------------------------------------------------------------------------------
sequential            39  680.141   14.0    278.201    10.8  348892.941     25.7 
inverter             159  366.310    7.5    339.451    13.1   81636.694      6.0 
buffer                 6   20.992    0.4     20.898     0.8    9719.168      0.7 
logic                756 3806.899   78.1   1943.207    75.3  916865.231     67.6 
physical_cells         0    0.000    0.0      0.000     0.0       0.000      0.0 
---------------------------------------------------------------------------------
total                960 4874.342  100.0   2581.756   100.0 1357114.035    100.0 
