============================================================
  Generated by:           Genus(TM) Synthesis Solution 25.11-s095_1
  Generated on:           Mar 10 2026  03:21:12 pm
  Operating conditions:   typical 
  Interconnect mode:      global
  Area mode:              physical library
============================================================

                               Leakage    Internal                         Library 
   Gate    Instances   Area  Power (nW)  Power (nW)         Library         Domain 
-----------------------------------------------------------------------------------
AND2_X1           17  18.088    440.854   10538.881 NangateOpenCellLibrary       0 
AND2_X2            4   5.320    209.592    5841.613 NangateOpenCellLibrary       0 
AND2_X4            1   2.394    112.216    1302.650 NangateOpenCellLibrary       0 
AND3_X1            3   3.990     70.883     997.223 NangateOpenCellLibrary       0 
AND4_X1            1   1.596     20.333      40.500 NangateOpenCellLibrary       0 
AOI211_X2          1   2.394     63.188    1542.704 NangateOpenCellLibrary       0 
AOI21_X1          25  26.600    706.228   16119.992 NangateOpenCellLibrary       0 
AOI22_X1           6   7.980    169.688    6256.906 NangateOpenCellLibrary       0 
DFFR_X1           25 133.000   2203.463  218888.054 NangateOpenCellLibrary       0 
FA_X1              9  38.304    701.498   20818.960 NangateOpenCellLibrary       0 
HA_X1             13  34.580    798.427   17195.015 NangateOpenCellLibrary       0 
INV_X1            81  43.092   1184.432   21748.499 NangateOpenCellLibrary       0 
INV_X2             3   2.394     91.365    2395.373 NangateOpenCellLibrary       0 
MUX2_X1            2   3.724     74.486    1725.037 NangateOpenCellLibrary       0 
NAND2_X1          96  76.608   1804.674   31971.993 NangateOpenCellLibrary       0 
NAND2_X2          15  19.950    621.236    8473.573 NangateOpenCellLibrary       0 
NAND2_X4           3   7.182    282.879    2232.956 NangateOpenCellLibrary       0 
NAND3_X1           9   9.576    110.517    2271.220 NangateOpenCellLibrary       0 
NAND4_X1           5   6.650     90.304    1119.548 NangateOpenCellLibrary       0 
NOR2_X1           39  31.122    834.476   12549.392 NangateOpenCellLibrary       0 
NOR2_X2            2   2.660     84.839    1705.194 NangateOpenCellLibrary       0 
NOR3_X1            3   3.192     81.566     667.376 NangateOpenCellLibrary       0 
NOR4_X1            7   9.310    230.889    1172.065 NangateOpenCellLibrary       0 
OAI211_X1          1   1.330     53.850    1239.940 NangateOpenCellLibrary       0 
OAI211_X2          1   2.394     72.151    2882.726 NangateOpenCellLibrary       0 
OAI21_X1          26  27.664    734.862   22363.863 NangateOpenCellLibrary       0 
OAI21_X2           3   5.586    157.542    2751.257 NangateOpenCellLibrary       0 
OAI22_X1           6   7.980    242.824    7734.952 NangateOpenCellLibrary       0 
OAI22_X2           1   2.394     88.283     772.800 NangateOpenCellLibrary       0 
OR2_X1            10  10.640    229.659    9618.834 NangateOpenCellLibrary       0 
OR3_X1             1   1.330     24.574     893.890 NangateOpenCellLibrary       0 
XNOR2_X1          23  36.708    822.799   25803.733 NangateOpenCellLibrary       0 
XNOR2_X2           3   7.980    212.228    5268.791 NangateOpenCellLibrary       0 
XOR2_X1           26  41.496    929.153   38226.642 NangateOpenCellLibrary       0 
XOR2_X2            2   4.788    164.695    2609.530 NangateOpenCellLibrary       0 
-----------------------------------------------------------------------------------
total            473 639.996  14720.651  507741.684                                
                                          Leakage  Leakage  Internal  Internal 
     Type      Instances   Area  Area % Power (nW) Power % Power (nW)  Power % 
-------------------------------------------------------------------------------
sequential            25 133.000   20.8   2203.463    15.0 218888.054     43.1 
inverter              84  45.486    7.1   1275.797     8.7  24143.872      4.8 
logic                364 461.510   72.1  11241.391    76.4 264709.758     52.1 
physical_cells         0   0.000    0.0      0.000     0.0      0.000      0.0 
-------------------------------------------------------------------------------
total                473 639.996  100.0  14720.651   100.0 507741.684    100.0 
