============================================================
  Generated by:           Genus(TM) Synthesis Solution 25.11-s095_1
  Generated on:           Mar 10 2026  10:23:07 pm
  Module:                 add_bf16_1C
  Operating conditions:   typical 
  Interconnect mode:      global
  Area mode:              physical library
============================================================

Timing
--------

Analysis view  Clock Period 
----------------------------
view_1p2_25   clock1 1282.0 


  Analysis    Cost   Critical        Violating 
    View     Group  Path Slack  TNS    Paths   
-----------------------------------------------
view_1p2_25  clock1        0.0  0.0          0 
            default   No paths  0.0          0 
-----------------------------------------------
Total                          -0.0          0 
                                               

Instance Count
--------------
Leaf Instance Count             656 
Physical Instance count           0 
Sequential Instance Count        33 
Combinational Instance Count    623 
Hierarchical Instance Count       0 

Area
----
Cell Area                          875.672
Physical Cell Area                 0.000
Total Cell Area (Cell+Physical)    875.672
Net Area                           919.120
Total Area (Cell+Physical+Net)     1794.792

Power
-----
Leakage Power                      20316.670 nW
Dynamic Power                      1516640.652 nW
Total Power                        1536957.323 nW

Max Fanout                         33 (clk)
Min Fanout                         0 (nRST)
Average Fanout                     2.3
Terms to net ratio                 3.2490
Terms to instance ratio            3.5412
Runtime                            44.987082 seconds
Elapsed Runtime                    51 seconds
Genus peak memory usage            1681.66 
Innovus peak memory usage          no_value 
Hostname                           asicfab.ecn.purdue.edu
