============================================================
  Generated by:           Genus(TM) Synthesis Solution 25.11-s095_1
  Generated on:           Mar 10 2026  10:23:12 pm
  Module:                 add_bf16_1C
  Operating conditions:   typical 
  Interconnect mode:      global
  Area mode:              physical library
============================================================


Path 1: MET (0 ps) Late External Delay Assertion at pin bf_out[13]
           View: view_1p2_25
          Group: clock1
     Startpoint: (R) bf2_in_reg[12]/CK
          Clock: (R) clock1
       Endpoint: (F) bf_out[13]
          Clock: (R) clock1

                     Capture       Launch     
        Clock Edge:+    1282            0     
       Src Latency:+       0            0     
       Net Latency:+       0 (I)        0 (I) 
           Arrival:=    1282            0     
                                              
      Output Delay:-       1                  
       Uncertainty:-       0                  
     Required Time:=    1281                  
      Launch Clock:-       0                  
         Data Path:-    1281                  
             Slack:=       0                  

Exceptions/Constraints:
  output_delay              1              add_bf16_1C.sdc_line_21_35_1   

Launch clock path:
#------------------------------------------------------------------------------------------
#   Timing Point    Flags   Arc   Edge   Cell     Fanout Load Trans Delay Arrival Instance 
#                                                        (fF)  (ps)  (ps)   (ps)  Location 
#------------------------------------------------------------------------------------------
  clk               (i)     -     R     (arrival)     33  0.0     0     0       0    (-,-) 
  clk               -       -     -     (net)          -    -     -     -       -    (-,-) 
  clk               -       -     -     (net)          -    -     -     -       -    (-,-) 
  bf2_in_reg[12]/CK <<<     -     R     SDFFR_X1      33    -     1     0       0    (-,-) 
#------------------------------------------------------------------------------------------

#-------------------------------------------------------------------------------------------
#   Timing Point    Flags    Arc   Edge   Cell     Fanout Load Trans Delay Arrival Instance 
#                                                         (fF)  (ps)  (ps)   (ps)  Location 
#-------------------------------------------------------------------------------------------
  bf2_in_reg[12]/CK -       -      R     (arrival)     33    -     1     0       0    (-,-) 
  bf2_in_reg[12]/QN -       CK->QN R     SDFFR_X1       3  4.2    14   103     103    (-,-) 
  n_1               -       -      -     (net)          -    -     -     -       -    (-,-) 
  g34730__1881/ZN   -       A1->ZN F     NAND2_X1       1  1.8     8    14     118    (-,-) 
  n_26              -       -      -     (net)          -    -     -     -       -    (-,-) 
  g34702__7410/ZN   -       A2->ZN R     NAND2_X1       4  8.9    26    34     151    (-,-) 
  n_132             -       -      -     (net)          -    -     -     -       -    (-,-) 
  g34594__9945/ZN   -       A->ZN  R     XNOR2_X1       1  2.5    22    45     196    (-,-) 
  n_133             -       -      -     (net)          -    -     -     -       -    (-,-) 
  g34561__6417/ZN   -       A->ZN  R     XNOR2_X1       1  2.5    22    44     240    (-,-) 
  n_151             -       -      -     (net)          -    -     -     -       -    (-,-) 
  g34487__6417/ZN   -       A->ZN  R     XNOR2_X1       1  2.0    20    42     282    (-,-) 
  n_190             -       -      -     (net)          -    -     -     -       -    (-,-) 
  g34468__3680/ZN   -       B->ZN  F     OAI211_X1      1  1.8    15    30     312    (-,-) 
  n_223             -       -      -     (net)          -    -     -     -       -    (-,-) 
  g34466/ZN         -       A->ZN  R     INV_X1         2  3.6    12    20     332    (-,-) 
  n_224             -       -      -     (net)          -    -     -     -       -    (-,-) 
  g34445__1881/ZN   -       A1->ZN F     NAND3_X1       1  3.0    14    22     355    (-,-) 
  n_243             -       -      -     (net)          -    -     -     -       -    (-,-) 
  g34434__8428/ZN   -       A1->ZN R     NOR2_X2        3  7.1    24    35     389    (-,-) 
  n_281             -       -      -     (net)          -    -     -     -       -    (-,-) 
  g34427__7482/ZN   -       A1->ZN F     NAND2_X2       5  9.5    14    24     414    (-,-) 
  n_307             -       -      -     (net)          -    -     -     -       -    (-,-) 
  g34410__6417/ZN   -       A1->ZN R     NOR2_X1        3  5.5    33    45     458    (-,-) 
  n_334             -       -      -     (net)          -    -     -     -       -    (-,-) 
  g34390__1705/ZN   -       A1->ZN F     NAND2_X1       2  3.6    15    24     482    (-,-) 
  n_370             -       -      -     (net)          -    -     -     -       -    (-,-) 
  g34387__3680/ZN   -       A1->ZN R     NAND2_X1       1  1.9    10    18     500    (-,-) 
  n_371             -       -      -     (net)          -    -     -     -       -    (-,-) 
  g34363__1666/ZN   -       A->ZN  F     AOI21_X1       1  1.7    14    12     512    (-,-) 
  n_385             -       -      -     (net)          -    -     -     -       -    (-,-) 
  g34341__7098/ZN   -       A2->ZN R     AOI22_X1       2  4.8    39    54     566    (-,-) 
  n_406             -       -      -     (net)          -    -     -     -       -    (-,-) 
  g34323__1617/ZN   -       B->ZN  R     XNOR2_X1       3  7.3    45    60     626    (-,-) 
  n_445             -       -      -     (net)          -    -     -     -       -    (-,-) 
  g34315__5107/ZN   -       A1->ZN F     NAND2_X1       1  1.8    14    19     645    (-,-) 
  n_420             -       -      -     (net)          -    -     -     -       -    (-,-) 
  g2/ZN             -       B1->ZN R     OAI21_X1       1  3.6    27    38     683    (-,-) 
  n_767             -       -      -     (net)          -    -     -     -       -    (-,-) 
  g34294__5122/ZN   -       A2->ZN F     NOR2_X2        4  6.5    11    17     700    (-,-) 
  n_454             -       -      -     (net)          -    -     -     -       -    (-,-) 
  g34293/ZN         -       A->ZN  R     INV_X1         1  3.4    11    18     718    (-,-) 
  n_448             -       -      -     (net)          -    -     -     -       -    (-,-) 
  g34289__6783/ZN   -       B1->ZN F     AOI21_X2       4  7.0    13    18     736    (-,-) 
  n_493             -       -      -     (net)          -    -     -     -       -    (-,-) 
  g34288/ZN         -       A->ZN  R     INV_X1         4  7.6    20    29     765    (-,-) 
  n_486             -       -      -     (net)          -    -     -     -       -    (-,-) 
  g34268__1881/ZN   -       A1->ZN F     OAI22_X1       1  1.8    11    20     785    (-,-) 
  n_489             -       -      -     (net)          -    -     -     -       -    (-,-) 
  g34252__6783/ZN   -       A->ZN  R     AOI21_X1       1  2.0    23    42     826    (-,-) 
  n_496             -       -      -     (net)          -    -     -     -       -    (-,-) 
  g34230__1881/ZN   -       A->ZN  F     OAI21_X1       6  9.9    34    40     867    (-,-) 
  n_542             -       -      -     (net)          -    -     -     -       -    (-,-) 
  g34212__5526/ZN   -       A1->ZN R     NOR2_X1        2  3.8    27    46     912    (-,-) 
  n_526             -       -      -     (net)          -    -     -     -       -    (-,-) 
  g34206__6260/ZN   -       A1->ZN F     NAND2_X1       3  5.1    15    26     938    (-,-) 
  n_552             -       -      -     (net)          -    -     -     -       -    (-,-) 
  g34204/ZN         -       A->ZN  R     INV_X1         1  1.2     8    14     952    (-,-) 
  n_544             -       -      -     (net)          -    -     -     -       -    (-,-) 
  g34189__5526/ZN   -       A1->ZN R     AND3_X1        2  3.8    15    46     998    (-,-) 
  n_570             -       -      -     (net)          -    -     -     -       -    (-,-) 
  g34170__9945/ZN   -       A1->ZN F     NOR2_X1        2  3.4    15    13    1011    (-,-) 
  n_584             -       -      -     (net)          -    -     -     -       -    (-,-) 
  g34162/ZN         -       A->ZN  R     INV_X1         2  3.1    11    19    1030    (-,-) 
  n_600             -       -      -     (net)          -    -     -     -       -    (-,-) 
  g34139__5107/ZN   -       A1->ZN R     AND3_X1        4  6.6    21    55    1085    (-,-) 
  n_703             -       -      -     (net)          -    -     -     -       -    (-,-) 
  g34122__7482/ZN   -       A1->ZN R     OR2_X1         1  1.3     8    26    1111    (-,-) 
  n_618             -       -      -     (net)          -    -     -     -       -    (-,-) 
  g34091__9945/ZN   -       A2->ZN R     AND2_X1        2  3.8    13    37    1148    (-,-) 
  n_690             -       -      -     (net)          -    -     -     -       -    (-,-) 
  g34065__7410/ZN   -       A2->ZN F     NAND2_X1       2  3.0    12    17    1165    (-,-) 
  n_702             -       -      -     (net)          -    -     -     -       -    (-,-) 
  g34057__6131/ZN   -       B1->ZN R     AOI22_X1       2  3.8    34    53    1218    (-,-) 
  n_715             -       -      -     (net)          -    -     -     -       -    (-,-) 
  g34052__2802/ZN   -       A1->ZN F     NAND2_X1       2  3.4    15    23    1241    (-,-) 
  n_725             -       -      -     (net)          -    -     -     -       -    (-,-) 
  g34049__4319/ZN   -       A1->ZN R     NAND2_X1       1  1.9    10    18    1259    (-,-) 
  n_726             -       -      -     (net)          -    -     -     -       -    (-,-) 
  g34043__2398/ZN   -       A->ZN  F     OAI211_X1      1  0.3    12    22    1281    (-,-) 
  bf_out[13]        -       -      -     (net)          -    -     -     -       -    (-,-) 
  bf_out[13]        <<<     -      F     (port)         -    -     -     0    1281    (-,-) 
#-------------------------------------------------------------------------------------------


