============================================================
  Generated by:           Genus(TM) Synthesis Solution 25.11-s095_1
  Generated on:           Mar 10 2026  01:05:56 am
  Module:                 add_bf16_2C
  Operating conditions:   typical 
  Interconnect mode:      global
  Area mode:              physical library
============================================================


Path 1: MET (169 ps) Late External Delay Assertion at pin bf_out[12]
           View: view_1p2_25
          Group: clock1
     Startpoint: (R) smaller_mantissa_l_reg[0]/CK
          Clock: (R) clock1
       Endpoint: (R) bf_out[12]
          Clock: (R) clock1

                     Capture       Launch     
        Clock Edge:+    1667            0     
       Src Latency:+       0            0     
       Net Latency:+       0 (I)        0 (I) 
           Arrival:=    1667            0     
                                              
      Output Delay:-       1                  
       Uncertainty:-       0                  
     Required Time:=    1666                  
      Launch Clock:-       0                  
         Data Path:-    1497                  
             Slack:=     169                  

Exceptions/Constraints:
  output_delay              1              add_bf16_2C.sdc_line_21_36_1   

Launch clock path:
#-----------------------------------------------------------------------------------------------------
#        Timing Point          Flags   Arc   Edge   Cell     Fanout Load Trans Delay Arrival Instance 
#                                                                   (fF)  (ps)  (ps)   (ps)  Location 
#-----------------------------------------------------------------------------------------------------
  clk                          (i)     -     R     (arrival)     64  0.0     0     0       0    (-,-) 
  clk                          -       -     -     (net)          -    -     -     -       -    (-,-) 
  clk                          -       -     -     (net)          -    -     -     -       -    (-,-) 
  smaller_mantissa_l_reg[0]/CK <<<     -     R     SDFFR_X1      64    -     1     0       0    (-,-) 
#-----------------------------------------------------------------------------------------------------

#------------------------------------------------------------------------------------------------------
#        Timing Point          Flags    Arc   Edge   Cell     Fanout Load Trans Delay Arrival Instance 
#                                                                    (fF)  (ps)  (ps)   (ps)  Location 
#------------------------------------------------------------------------------------------------------
  smaller_mantissa_l_reg[0]/CK -       -      R     (arrival)     64    -     1     0       0    (-,-) 
  smaller_mantissa_l_reg[0]/Q  -       CK->Q  F     SDFFR_X1       8 13.3    25    94      94    (-,-) 
  n_376                        -       -      -     (net)          -    -     -     -       -    (-,-) 
  g22619__1666/ZN              -       B2->ZN R     OAI21_X1       3  6.3    40    61     155    (-,-) 
  n_91                         -       -      -     (net)          -    -     -     -       -    (-,-) 
  g22513__5115/ZN              -       C1->ZN F     AOI211_X1      1  1.9    15    22     177    (-,-) 
  n_96                         -       -      -     (net)          -    -     -     -       -    (-,-) 
  g22496__8428/ZN              -       A2->ZN R     NOR2_X1        2  4.4    28    44     222    (-,-) 
  n_113                        -       -      -     (net)          -    -     -     -       -    (-,-) 
  g22493/ZN                    -       A->ZN  F     INV_X1         2  3.4    10    14     235    (-,-) 
  n_127                        -       -      -     (net)          -    -     -     -       -    (-,-) 
  g22488__6131/ZN              -       A1->ZN R     NOR2_X1        1  2.0    17    25     260    (-,-) 
  n_133                        -       -      -     (net)          -    -     -     -       -    (-,-) 
  g22473__5526/ZN              -       B1->ZN F     OAI21_X1       2  3.4    13    20     281    (-,-) 
  n_149                        -       -      -     (net)          -    -     -     -       -    (-,-) 
  g22467__5107/ZN              -       A1->ZN R     NOR2_X1        2  3.9    26    36     317    (-,-) 
  n_158                        -       -      -     (net)          -    -     -     -       -    (-,-) 
  g22455__6161/ZN              -       B1->ZN F     OAI21_X1       2  3.4    13    22     339    (-,-) 
  n_166                        -       -      -     (net)          -    -     -     -       -    (-,-) 
  g22451__5122/ZN              -       A1->ZN R     NOR2_X1        2  3.9    26    36     376    (-,-) 
  n_171                        -       -      -     (net)          -    -     -     -       -    (-,-) 
  g22442__6783/ZN              -       B1->ZN F     OAI21_X1       2  3.4    13    22     398    (-,-) 
  n_173                        -       -      -     (net)          -    -     -     -       -    (-,-) 
  g22434__5107/ZN              -       A1->ZN R     NOR2_X1        2  3.9    26    36     434    (-,-) 
  n_185                        -       -      -     (net)          -    -     -     -       -    (-,-) 
  g22395__8246/ZN              -       B1->ZN F     OAI21_X1       2  3.4    13    22     457    (-,-) 
  n_215                        -       -      -     (net)          -    -     -     -       -    (-,-) 
  g22359__5115/ZN              -       A1->ZN R     NOR2_X1        2  3.9    26    36     493    (-,-) 
  n_250                        -       -      -     (net)          -    -     -     -       -    (-,-) 
  g22341__2346/ZN              -       B1->ZN F     OAI21_X1       2  3.4    13    22     516    (-,-) 
  n_262                        -       -      -     (net)          -    -     -     -       -    (-,-) 
  g22329__1705/ZN              -       A1->ZN R     NOR2_X1        2  3.9    26    36     552    (-,-) 
  n_286                        -       -      -     (net)          -    -     -     -       -    (-,-) 
  g22309__2346/ZN              -       B1->ZN F     OAI21_X1       2  3.4    13    22     574    (-,-) 
  n_297                        -       -      -     (net)          -    -     -     -       -    (-,-) 
  g22298__6131/ZN              -       A1->ZN R     NAND2_X1       2  5.4    18    26     600    (-,-) 
  n_317                        -       -      -     (net)          -    -     -     -       -    (-,-) 
  g22283__2398/ZN              -       A2->ZN F     NAND2_X1       1  2.4     8    17     617    (-,-) 
  n_321                        -       -      -     (net)          -    -     -     -       -    (-,-) 
  g22269__7482/ZN              -       A->ZN  R     XNOR2_X1      10 18.4    96   112     729    (-,-) 
  n_396                        -       -      -     (net)          -    -     -     -       -    (-,-) 
  g22261/ZN                    -       A->ZN  F     INV_X1         3  4.4    23    18     748    (-,-) 
  n_400                        -       -      -     (net)          -    -     -     -       -    (-,-) 
  g22236__6260/ZN              -       A1->ZN F     AND2_X1        6 10.2    14    49     796    (-,-) 
  n_419                        -       -      -     (net)          -    -     -     -       -    (-,-) 
  g22215__2802/ZN              -       C1->ZN R     AOI221_X1      1  2.0    44    50     846    (-,-) 
  n_383                        -       -      -     (net)          -    -     -     -       -    (-,-) 
  g22208__2883/ZN              -       A->ZN  F     OAI21_X1       1  1.8    17    26     872    (-,-) 
  n_407                        -       -      -     (net)          -    -     -     -       -    (-,-) 
  g22193__5122/ZN              -       A->ZN  R     AOI21_X1       1  1.9    22    44     916    (-,-) 
  n_426                        -       -      -     (net)          -    -     -     -       -    (-,-) 
  g22182__5526/ZN              -       A->ZN  F     AOI21_X1       2  3.5    24    19     936    (-,-) 
  n_440                        -       -      -     (net)          -    -     -     -       -    (-,-) 
  g22170__6417/ZN              -       A2->ZN R     NOR2_X1        3  5.6    34    54     990    (-,-) 
  n_446                        -       -      -     (net)          -    -     -     -       -    (-,-) 
  g22168__9945/ZN              -       A1->ZN F     NAND2_X1       3  5.0    17    27    1017    (-,-) 
  n_449                        -       -      -     (net)          -    -     -     -       -    (-,-) 
  g22163__6161/ZN              -       A1->ZN R     NOR2_X1        3  5.6    34    46    1063    (-,-) 
  n_454                        -       -      -     (net)          -    -     -     -       -    (-,-) 
  g22160__5115/ZN              -       A1->ZN F     NAND2_X1       3  5.0    17    27    1091    (-,-) 
  n_463                        -       -      -     (net)          -    -     -     -       -    (-,-) 
  g22156__5122/ZN              -       A1->ZN R     NOR2_X1        3  5.6    34    46    1137    (-,-) 
  n_467                        -       -      -     (net)          -    -     -     -       -    (-,-) 
  g22152__1617/ZN              -       A1->ZN F     NAND2_X1       2  3.5    15    23    1160    (-,-) 
  n_469                        -       -      -     (net)          -    -     -     -       -    (-,-) 
  g22150/ZN                    -       A->ZN  R     INV_X1         1  3.5    11    20    1180    (-,-) 
  n_470                        -       -      -     (net)          -    -     -     -       -    (-,-) 
  g22140__7410/CO              -       A->CO  R     HA_X1          3  4.8    15    39    1220    (-,-) 
  n_489                        -       -      -     (net)          -    -     -     -       -    (-,-) 
  g22135__9315/ZN              -       A1->ZN R     AND2_X1        1  3.5    12    38    1257    (-,-) 
  n_490                        -       -      -     (net)          -    -     -     -       -    (-,-) 
  g22127__1881/CO              -       A->CO  R     HA_X1          1  3.5    12    36    1294    (-,-) 
  n_496                        -       -      -     (net)          -    -     -     -       -    (-,-) 
  g22125__7098/CO              -       A->CO  R     HA_X1          2  3.6    12    36    1330    (-,-) 
  n_500                        -       -      -     (net)          -    -     -     -       -    (-,-) 
  g22122__1705/Z               -       A->Z   R     XOR2_X1        1  2.5    25    52    1382    (-,-) 
  n_503                        -       -      -     (net)          -    -     -     -       -    (-,-) 
  g22119__3680/Z               -       A->Z   R     XOR2_X1        1  1.9    22    51    1433    (-,-) 
  n_506                        -       -      -     (net)          -    -     -     -       -    (-,-) 
  g22117__8428/ZN              -       A1->ZN F     NAND2_X1       3  3.6    21    21    1454    (-,-) 
  bf_out[11]                   -       -      -     (net)          -    -     -     -       -    (-,-) 
  g22112__2398/ZN              -       B1->ZN R     OAI221_X1      1  0.3    28    43    1497    (-,-) 
  bf_out[12]                   -       -      -     (net)          -    -     -     -       -    (-,-) 
  bf_out[12]                   <<<     -      R     (port)         -    -     -     0    1497    (-,-) 
#------------------------------------------------------------------------------------------------------


