============================================================
  Generated by:           Genus(TM) Synthesis Solution 25.11-s095_1
  Generated on:           May 23 2026  10:52:16 pm
  Operating conditions:   typical 
  Interconnect mode:      global
  Area mode:              physical library
============================================================

                                 Leakage      Internal                          Library 
   Gate    Instances    Area    Power (nW)   Power (nW)          Library         Domain 
----------------------------------------------------------------------------------------
AND2_X1         1100  1170.400   28529.486   1407539.732 NangateOpenCellLibrary       0 
AND2_X2           78   103.740    3868.281    200564.740 NangateOpenCellLibrary       0 
AND2_X4           26    62.244    2674.445    128668.191 NangateOpenCellLibrary       0 
AND3_X1           45    59.850    1258.401     45701.523 NangateOpenCellLibrary       0 
AND3_X2           23    36.708    1356.685     72621.512 NangateOpenCellLibrary       0 
AND3_X4           17    49.742    2109.691     66632.359 NangateOpenCellLibrary       0 
AND4_X1           29    46.284     862.222     26428.710 NangateOpenCellLibrary       0 
AND4_X2            4     7.448     256.514      9220.812 NangateOpenCellLibrary       0 
AND4_X4            1     3.458     110.929      3135.562 NangateOpenCellLibrary       0 
AOI211_X1          6     7.980     252.293      4775.667 NangateOpenCellLibrary       0 
AOI211_X2          1     2.394      75.008      2626.846 NangateOpenCellLibrary       0 
AOI211_X4          1     2.926     105.922     12421.514 NangateOpenCellLibrary       0 
AOI21_X1         738   785.232   19437.874    930634.830 NangateOpenCellLibrary       0 
AOI21_X2         283   526.946   13812.413    698406.709 NangateOpenCellLibrary       0 
AOI21_X4          30   103.740    3282.548    173060.192 NangateOpenCellLibrary       0 
AOI221_X1         53    84.588    1987.962    143559.301 NangateOpenCellLibrary       0 
AOI221_X2          1     2.926      63.515      4872.094 NangateOpenCellLibrary       0 
AOI221_X4          1     3.458     104.179     14941.781 NangateOpenCellLibrary       0 
AOI222_X1          3     6.384     123.219       149.995 NangateOpenCellLibrary       0 
AOI22_X1         254   337.820    6930.595    253172.819 NangateOpenCellLibrary       0 
AOI22_X2           9    21.546     431.805     13233.982 NangateOpenCellLibrary       0 
AOI22_X4           1     4.522     122.591      5392.435 NangateOpenCellLibrary       0 
BUF_X1             3     2.394      61.250      4504.835 NangateOpenCellLibrary       0 
BUF_X2            37    39.368    1586.740    135031.441 NangateOpenCellLibrary       0 
BUF_X4             3     5.586     259.219     17210.502 NangateOpenCellLibrary       0 
CLKBUF_X1         12     9.576     138.000     12487.148 NangateOpenCellLibrary       0 
CLKBUF_X2          2     2.128      42.098      3822.183 NangateOpenCellLibrary       0 
CLKBUF_X3          2     2.660      59.967      8625.036 NangateOpenCellLibrary       0 
DFFR_X1         2006 10671.920  176843.129  19302793.131 NangateOpenCellLibrary       0 
DFFR_X2            8    46.816    1042.800     53447.861 NangateOpenCellLibrary       0 
DFF_X1           161   728.042   12698.241   1755397.250 NangateOpenCellLibrary       0 
FA_X1            345  1468.320   25033.483   2199239.262 NangateOpenCellLibrary       0 
HA_X1             42   111.720    2513.440    144775.338 NangateOpenCellLibrary       0 
INV_X1          3913  2081.716   56722.903   2409930.594 NangateOpenCellLibrary       0 
INV_X16            5    22.610    1123.772     26357.457 NangateOpenCellLibrary       0 
INV_X2           311   248.178    8863.431    421863.103 NangateOpenCellLibrary       0 
INV_X4            80   106.400    4531.346    203277.869 NangateOpenCellLibrary       0 
INV_X8            28    67.032    3176.471    131660.666 NangateOpenCellLibrary       0 
MUX2_X1          353   657.286   12637.160   1025555.643 NangateOpenCellLibrary       0 
MUX2_X2           19    45.486    1323.110    119739.873 NangateOpenCellLibrary       0 
NAND2_X1        3525  2812.950   67705.554   2603502.160 NangateOpenCellLibrary       0 
NAND2_X2         526   699.580   22028.877    941801.714 NangateOpenCellLibrary       0 
NAND2_X4         233   557.802   25192.147    875720.467 NangateOpenCellLibrary       0 
NAND3_X1         316   336.224    8057.148    290573.221 NangateOpenCellLibrary       0 
NAND3_X2          61   113.582    3685.615    129946.612 NangateOpenCellLibrary       0 
NAND3_X4           9    31.122    1355.879     46402.183 NangateOpenCellLibrary       0 
NAND4_X1         112   148.960    2361.712     51203.543 NangateOpenCellLibrary       0 
NAND4_X2           5    11.970     226.863      9239.901 NangateOpenCellLibrary       0 
NAND4_X4           5    23.940     392.526     16973.934 NangateOpenCellLibrary       0 
NOR2_X1         2543  2029.314   54393.266   1970672.400 NangateOpenCellLibrary       0 
NOR2_X2          308   409.640   13025.737    465604.658 NangateOpenCellLibrary       0 
NOR2_X4          202   483.588   16393.776    793729.931 NangateOpenCellLibrary       0 
NOR3_X1          111   118.104    2938.210    115821.940 NangateOpenCellLibrary       0 
NOR3_X2            6    11.172     355.475      9658.793 NangateOpenCellLibrary       0 
NOR4_X1           95   126.350    3238.303     28657.013 NangateOpenCellLibrary       0 
NOR4_X2            1     2.394      55.244      3879.383 NangateOpenCellLibrary       0 
OAI211_X1        153   203.490    5502.340    226766.349 NangateOpenCellLibrary       0 
OAI211_X2         31    74.214    2620.722    134092.448 NangateOpenCellLibrary       0 
OAI211_X4          1     4.522     112.308      9923.028 NangateOpenCellLibrary       0 
OAI21_X1        1006  1070.384   30999.302   1244982.734 NangateOpenCellLibrary       0 
OAI21_X2         209   389.158   12579.213    544594.285 NangateOpenCellLibrary       0 
OAI21_X4          40   138.320    4010.988    192418.680 NangateOpenCellLibrary       0 
OAI221_X1         32    51.072    1576.993     49721.961 NangateOpenCellLibrary       0 
OAI221_X2          3     8.778     269.383     14738.175 NangateOpenCellLibrary       0 
OAI222_X1         47   100.016    2288.752    127137.701 NangateOpenCellLibrary       0 
OAI222_X2          1     3.724     127.635      6117.032 NangateOpenCellLibrary       0 
OAI22_X1         468   622.440   20211.020    609931.360 NangateOpenCellLibrary       0 
OAI22_X2          22    52.668    1605.828     59263.577 NangateOpenCellLibrary       0 
OAI33_X1           1     1.862      49.748      2927.500 NangateOpenCellLibrary       0 
OR2_X1           568   604.352   13286.339    874525.697 NangateOpenCellLibrary       0 
OR2_X2            46    61.180    2288.411    125407.798 NangateOpenCellLibrary       0 
OR3_X1            32    42.560     815.082     29595.075 NangateOpenCellLibrary       0 
OR4_X1            73   116.508    2008.260     34243.258 NangateOpenCellLibrary       0 
OR4_X2             1     1.862      70.304      7035.683 NangateOpenCellLibrary       0 
SDFFR_X1           9    59.850     958.036    143684.679 NangateOpenCellLibrary       0 
SDFFR_X2          31   214.396    4488.307    427303.769 NangateOpenCellLibrary       0 
SDFF_X1            1     6.118      98.450     12461.455 NangateOpenCellLibrary       0 
XNOR2_X1         508   810.768   18697.965   1156234.950 NangateOpenCellLibrary       0 
XNOR2_X2         102   271.320    7404.991    569677.494 NangateOpenCellLibrary       0 
XOR2_X1          359   572.964   12301.110   1082448.991 NangateOpenCellLibrary       0 
XOR2_X2            2     4.788     143.543     12150.003 NangateOpenCellLibrary       0 
----------------------------------------------------------------------------------------
total          21838 33151.580  762334.498  48244252.033                                
                                            Leakage  Leakage   Internal   Internal 
     Type      Instances    Area   Area % Power (nW) Power %  Power (nW)   Power % 
-----------------------------------------------------------------------------------
sequential          2216 11727.142   35.4 196128.962    25.7 21695088.145     45.0 
inverter            4337  2525.936    7.6  74417.922     9.8  3193089.690      6.6 
buffer                59    61.712    0.2   2147.273     0.3   181681.145      0.4 
logic              15226 18836.790   56.8 489640.341    64.2 23174393.054     48.0 
physical_cells         0     0.000    0.0      0.000     0.0        0.000      0.0 
-----------------------------------------------------------------------------------
total              21838 33151.580  100.0 762334.498   100.0 48244252.033    100.0 
