============================================================
  Generated by:           Genus(TM) Synthesis Solution 25.11-s095_1
  Generated on:           Mar 11 2026  01:08:49 am
  Module:                 sysarr_4_input_fp_adder
  Operating conditions:   typical 
  Interconnect mode:      global
  Area mode:              physical library
============================================================


Path 1: MET (2 ps) Setup Check with Pin st1_sum_vec_reg[1]/CK->D
           View: view_1p2_25
          Group: clock1
     Startpoint: (R) add_a[25]
          Clock: (R) clock1
       Endpoint: (F) st1_sum_vec_reg[1]/D
          Clock: (R) clock1

                     Capture       Launch     
        Clock Edge:+    1124            0     
        Drv Adjust:+       0            0     
       Src Latency:+       0            0     
       Net Latency:+       0 (I)        0 (I) 
           Arrival:=    1124            0     
                                              
             Setup:-      43                  
       Uncertainty:-       0                  
     Required Time:=    1081                  
      Launch Clock:-       0                  
       Input Delay:-       1                  
         Data Path:-    1077                  
             Slack:=       2                  

Exceptions/Constraints:
  input_delay              1              sysarr_4_input_fp_ad_line_21_7_1   

#----------------------------------------------------------------------------------------------
#    Timing Point      Flags    Arc   Edge   Cell     Fanout Load Trans Delay Arrival Instance 
#                                                            (fF)  (ps)  (ps)   (ps)  Location 
#----------------------------------------------------------------------------------------------
  add_a[25]            -       -      R     (arrival)      7 17.5     0     0       1    (-,-) 
  add_a[25]            -       -      -     (net)          -    -     -     -       -    (-,-) 
  g88107/ZN            -       A->ZN  F     INV_X4         6 11.3     4     6       7    (-,-) 
  n_56                 -       -      -     (net)          -    -     -     -       -    (-,-) 
  g88057/ZN            -       A1->ZN R     NAND2_X2       1  2.0     8    10      18    (-,-) 
  n_100                -       -      -     (net)          -    -     -     -       -    (-,-) 
  g88005/ZN            -       A2->ZN F     NAND2_X1       2  3.7    10    17      35    (-,-) 
  n_186                -       -      -     (net)          -    -     -     -       -    (-,-) 
  g87837/ZN            -       B2->ZN R     OAI21_X1       1  3.4    26    41      76    (-,-) 
  n_246                -       -      -     (net)          -    -     -     -       -    (-,-) 
  g87787/ZN            -       B1->ZN F     AOI21_X2       1  3.2    11    18      94    (-,-) 
  n_298                -       -      -     (net)          -    -     -     -       -    (-,-) 
  g87765/ZN            -       B2->ZN R     AOI21_X2       2  6.7    29    40     134    (-,-) 
  n_321                -       -      -     (net)          -    -     -     -       -    (-,-) 
  g87744/ZN            -       B1->ZN F     OAI21_X2       1  5.9    13    22     156    (-,-) 
  n_328                -       -      -     (net)          -    -     -     -       -    (-,-) 
  g87734/ZN            -       A2->ZN R     NAND2_X4       2 13.3    13    23     179    (-,-) 
  n_343                -       -      -     (net)          -    -     -     -       -    (-,-) 
  g87714/ZN            -       B1->ZN F     AOI21_X4       1  5.9    11    15     194    (-,-) 
  n_355                -       -      -     (net)          -    -     -     -       -    (-,-) 
  g87704/ZN            -       A2->ZN R     NAND2_X4       2  9.8    11    20     214    (-,-) 
  n_366                -       -      -     (net)          -    -     -     -       -    (-,-) 
  g87697/ZN            -       A1->ZN F     NAND2_X4      12 25.0    14    23     237    (-,-) 
  n_378                -       -      -     (net)          -    -     -     -       -    (-,-) 
  g87674/ZN            -       A1->ZN R     NAND2_X4       5 21.1    18    26     263    (-,-) 
  n_36                 -       -      -     (net)          -    -     -     -       -    (-,-) 
  g87609/ZN            -       A1->ZN F     NAND2_X4       5  9.8    10    17     280    (-,-) 
  n_422                -       -      -     (net)          -    -     -     -       -    (-,-) 
  g87587/ZN            -       A->ZN  R     INV_X2        10 19.3    25    32     313    (-,-) 
  n_421                -       -      -     (net)          -    -     -     -       -    (-,-) 
  g87533/ZN            -       A1->ZN F     NAND2_X1       1  1.8    10    16     329    (-,-) 
  n_454                -       -      -     (net)          -    -     -     -       -    (-,-) 
  g87364__6260/ZN      -       A2->ZN R     NAND3_X1       3  9.3    29    37     366    (-,-) 
  n_660                -       -      -     (net)          -    -     -     -       -    (-,-) 
  g87150__4733/ZN      -       A3->ZN R     AND4_X4        1  3.2    10    53     419    (-,-) 
  n_828                -       -      -     (net)          -    -     -     -       -    (-,-) 
  g87118__7410/ZN      -       A1->ZN F     NAND4_X2       3  6.6    22    30     450    (-,-) 
  n_861                -       -      -     (net)          -    -     -     -       -    (-,-) 
  g87068__7482/ZN      -       A1->ZN R     NAND2_X2       4 13.7    21    34     484    (-,-) 
  n_925                -       -      -     (net)          -    -     -     -       -    (-,-) 
  g87042__9945/ZN      -       A1->ZN F     NAND2_X1       1  6.0    15    26     510    (-,-) 
  n_942                -       -      -     (net)          -    -     -     -       -    (-,-) 
  g87040__9315/ZN      -       A1->ZN R     NAND2_X4      19 40.9    29    38     548    (-,-) 
  n_948                -       -      -     (net)          -    -     -     -       -    (-,-) 
  g87036/ZN            -       A->ZN  F     INV_X4        21 36.3    15    25     573    (-,-) 
  n_947                -       -      -     (net)          -    -     -     -       -    (-,-) 
  g86990__6131/ZN      -       B1->ZN R     OAI21_X1       3  5.7    37    49     622    (-,-) 
  n_1001               -       -      -     (net)          -    -     -     -       -    (-,-) 
  g86970/ZN            -       A->ZN  F     INV_X1         1  1.7    10    10     632    (-,-) 
  n_1000               -       -      -     (net)          -    -     -     -       -    (-,-) 
  g86905__5107/ZN      -       B1->ZN R     OAI22_X1       3  5.7    49    59     691    (-,-) 
  n_1078               -       -      -     (net)          -    -     -     -       -    (-,-) 
  g86890/ZN            -       A->ZN  F     INV_X1         1  1.2    11     8     698    (-,-) 
  n_1077               -       -      -     (net)          -    -     -     -       -    (-,-) 
  g86822__7482/Z       -       B->Z   F     MUX2_X1        3  4.9    14    66     765    (-,-) 
  n_1158               -       -      -     (net)          -    -     -     -       -    (-,-) 
  g86628__6260/ZN      -       C1->ZN R     OAI222_X1      1  2.0    47    54     819    (-,-) 
  n_1344               -       -      -     (net)          -    -     -     -       -    (-,-) 
  g86534__3680/ZN      -       A->ZN  F     AOI221_X1      1  2.7    19    23     843    (-,-) 
  n_1429               -       -      -     (net)          -    -     -     -       -    (-,-) 
  g88119/Z             -       B->Z   F     XOR2_X1        2  4.7    17    65     907    (-,-) 
  n_8                  -       -      -     (net)          -    -     -     -       -    (-,-) 
  g86303__2346/Z       -       B->Z   F     MUX2_X1        1  1.8    10    62     969    (-,-) 
  n_1645               -       -      -     (net)          -    -     -     -       -    (-,-) 
  g86291/ZN            -       A->ZN  R     INV_X1         1  3.8    12    19     988    (-,-) 
  n_1657               -       -      -     (net)          -    -     -     -       -    (-,-) 
  g86169__5526/S       -       B->S   F     FA_X1          1  1.4    14    91    1078    (-,-) 
  n_1750               -       -      -     (net)          -    -     -     -       -    (-,-) 
  st1_sum_vec_reg[1]/D <<<     -      F     DFFR_X1        1    -     -     0    1078    (-,-) 
#----------------------------------------------------------------------------------------------

Capture clock path:
#----------------------------------------------------------------------------------------------
#     Timing Point      Flags   Arc   Edge   Cell     Fanout Load Trans Delay Arrival Instance 
#                                                            (fF)  (ps)  (ps)   (ps)  Location 
#----------------------------------------------------------------------------------------------
  clk                   (i)     -     R     (arrival)    136  0.0     0     0    1124    (-,-) 
  clk                   -       -     -     (net)          -    -     -     -       -    (-,-) 
  clk                   -       -     -     (net)          -    -     -     -       -    (-,-) 
  st1_sum_vec_reg[1]/CK <<<     -     R     DFFR_X1      136    -     1     0    1124    (-,-) 
#----------------------------------------------------------------------------------------------


