============================================================
  Generated by:           Genus(TM) Synthesis Solution 25.11-s095_1
  Generated on:           Mar 10 2026  07:00:10 pm
  Operating conditions:   typical 
  Interconnect mode:      global
  Area mode:              physical library
============================================================

                                Leakage    Internal                          Library 
   Gate    Instances   Area   Power (nW)  Power (nW)          Library         Domain 
-------------------------------------------------------------------------------------
AND2_X1           22   23.408    567.578    30874.290 NangateOpenCellLibrary       0 
AND2_X2            8   10.640    425.659    27718.043 NangateOpenCellLibrary       0 
AND2_X4            1    2.394     98.715     4331.337 NangateOpenCellLibrary       0 
AND3_X1            1    1.330     25.762      860.152 NangateOpenCellLibrary       0 
AND3_X2            4    6.384    223.147     3270.601 NangateOpenCellLibrary       0 
AND4_X1            6    9.576    162.323     2406.809 NangateOpenCellLibrary       0 
AOI211_X1          5    6.650    175.626     7956.442 NangateOpenCellLibrary       0 
AOI21_X1          29   30.856    836.069    43265.240 NangateOpenCellLibrary       0 
AOI21_X2           7   13.034    448.546    16983.415 NangateOpenCellLibrary       0 
AOI21_X4           3   10.374    330.097    10145.509 NangateOpenCellLibrary       0 
AOI221_X1          2    3.192     70.167     6034.722 NangateOpenCellLibrary       0 
AOI22_X1          13   17.290    419.585    17531.866 NangateOpenCellLibrary       0 
AOI22_X2           4    9.576    261.867    12377.471 NangateOpenCellLibrary       0 
AOI22_X4           2    9.044    264.124    15680.903 NangateOpenCellLibrary       0 
BUF_X1             4    3.192     84.356     6352.127 NangateOpenCellLibrary       0 
DFFR_X1           24  127.680   2118.004   162902.821 NangateOpenCellLibrary       0 
HA_X1              1    2.660     57.478     4685.339 NangateOpenCellLibrary       0 
INV_X1           211  112.252   3105.117   100350.517 NangateOpenCellLibrary       0 
INV_X2            20   15.960    575.075    19031.133 NangateOpenCellLibrary       0 
INV_X4             6    7.980    341.134    13126.687 NangateOpenCellLibrary       0 
INV_X8             2    4.788    210.561     8892.690 NangateOpenCellLibrary       0 
MUX2_X1           37   68.894   1357.592    56030.184 NangateOpenCellLibrary       0 
NAND2_X1         183  146.034   3327.781   117402.455 NangateOpenCellLibrary       0 
NAND2_X2          40   53.200   1634.403    58851.636 NangateOpenCellLibrary       0 
NAND2_X4          12   28.728   1118.441    35611.427 NangateOpenCellLibrary       0 
NAND3_X1          43   45.752   1140.952    40137.185 NangateOpenCellLibrary       0 
NAND3_X2           7   13.034    368.494    16722.626 NangateOpenCellLibrary       0 
NAND3_X4           1    3.458     13.305       19.442 NangateOpenCellLibrary       0 
NAND4_X1          12   15.960    207.123     4874.590 NangateOpenCellLibrary       0 
NAND4_X2           2    4.788    138.928     1513.154 NangateOpenCellLibrary       0 
NAND4_X4           1    4.788     44.020     2346.769 NangateOpenCellLibrary       0 
NOR2_X1           46   36.708    968.160    37765.656 NangateOpenCellLibrary       0 
NOR2_X2           13   17.290    556.731    17714.861 NangateOpenCellLibrary       0 
NOR2_X4            4    9.576    340.409    13669.116 NangateOpenCellLibrary       0 
NOR3_X1            4    4.256    114.203     2556.172 NangateOpenCellLibrary       0 
NOR4_X1            3    3.990    110.486      194.864 NangateOpenCellLibrary       0 
OAI211_X1          9   11.970    269.629    13279.860 NangateOpenCellLibrary       0 
OAI211_X2          3    7.182    226.596    12874.085 NangateOpenCellLibrary       0 
OAI21_X1          34   36.176   1097.931    38275.301 NangateOpenCellLibrary       0 
OAI21_X2          11   20.482    817.917    23629.717 NangateOpenCellLibrary       0 
OAI21_X4           1    3.458    110.349     4758.556 NangateOpenCellLibrary       0 
OAI221_X1          7   11.172    366.871    14179.526 NangateOpenCellLibrary       0 
OAI222_X1          3    6.384    153.326    10251.243 NangateOpenCellLibrary       0 
OAI22_X1          13   17.290    474.994    15976.124 NangateOpenCellLibrary       0 
OAI22_X2           2    4.788    156.152     5757.769 NangateOpenCellLibrary       0 
OR2_X1             5    5.320    111.409     4668.218 NangateOpenCellLibrary       0 
OR2_X2             1    1.330     50.287     4279.703 NangateOpenCellLibrary       0 
OR3_X1             4    5.320     99.091     3044.435 NangateOpenCellLibrary       0 
OR4_X1             2    3.192     55.089      596.974 NangateOpenCellLibrary       0 
SDFFR_X1           9   59.850    975.966    70750.539 NangateOpenCellLibrary       0 
XNOR2_X1           8   12.768    295.292    21726.314 NangateOpenCellLibrary       0 
XNOR2_X2           7   18.620    511.079    26073.855 NangateOpenCellLibrary       0 
XOR2_X1            3    4.788    130.120     4413.645 NangateOpenCellLibrary       0 
-------------------------------------------------------------------------------------
total            905 1114.806  28144.115  1194724.113                                
                                           Leakage  Leakage   Internal  Internal 
     Type      Instances   Area   Area % Power (nW) Power %  Power (nW)  Power % 
---------------------------------------------------------------------------------
sequential            33  187.530   16.8   3093.970    11.0  233653.360     19.6 
inverter             239  140.980   12.6   4231.887    15.0  141401.027     11.8 
buffer                 4    3.192    0.3     84.356     0.3    6352.127      0.5 
logic                629  783.104   70.2  20733.901    73.7  813317.599     68.1 
physical_cells         0    0.000    0.0      0.000     0.0       0.000      0.0 
---------------------------------------------------------------------------------
total                905 1114.806  100.0  28144.115   100.0 1194724.113    100.0 
