============================================================
  Generated by:           Genus(TM) Synthesis Solution 25.11-s095_1
  Generated on:           Mar 11 2026  02:29:18 am
  Operating conditions:   typical 
  Interconnect mode:      global
  Area mode:              physical library
============================================================

                                Leakage    Internal                          Library 
   Gate    Instances   Area   Power (nW)  Power (nW)          Library         Domain 
-------------------------------------------------------------------------------------
AND2_X1           55   58.520   1398.131    75995.105 NangateOpenCellLibrary       0 
AND2_X4            1    2.394    107.172     2874.950 NangateOpenCellLibrary       0 
AND3_X1            4    5.320    100.093      320.739 NangateOpenCellLibrary       0 
AND4_X1            6    9.576    137.521      885.824 NangateOpenCellLibrary       0 
AOI211_X1          5    6.650    167.674     7593.244 NangateOpenCellLibrary       0 
AOI21_X1          36   38.304    990.683    37878.490 NangateOpenCellLibrary       0 
AOI21_X2           3    5.586    198.151     5895.617 NangateOpenCellLibrary       0 
AOI21_X4           1    3.458    128.078     2122.669 NangateOpenCellLibrary       0 
AOI221_X1         25   39.900    909.755    38629.784 NangateOpenCellLibrary       0 
AOI222_X1          4    8.512    158.251     8957.762 NangateOpenCellLibrary       0 
AOI22_X1         165  219.450   5227.813   180002.988 NangateOpenCellLibrary       0 
CLKBUF_X1          2    1.596     23.738      732.674 NangateOpenCellLibrary       0 
DFFR_X1          110  585.200   9702.938  1042743.874 NangateOpenCellLibrary       0 
FA_X1             28  119.168   2138.720   141928.627 NangateOpenCellLibrary       0 
HA_X1             57  151.620   3394.379   198153.955 NangateOpenCellLibrary       0 
INV_X1           242  128.744   3550.009   121051.193 NangateOpenCellLibrary       0 
INV_X2             2    1.596     59.484     1186.491 NangateOpenCellLibrary       0 
INV_X4             5    6.650    281.674     9064.753 NangateOpenCellLibrary       0 
MUX2_X1          258  480.396   9355.719   565001.396 NangateOpenCellLibrary       0 
NAND2_X1         198  158.004   3895.423   133493.415 NangateOpenCellLibrary       0 
NAND2_X2           1    1.330     36.236     1444.902 NangateOpenCellLibrary       0 
NAND2_X4           3    7.182    310.794     5714.101 NangateOpenCellLibrary       0 
NAND3_X1          11   11.704    181.859     6196.789 NangateOpenCellLibrary       0 
NAND3_X2           1    1.862     34.128     1204.881 NangateOpenCellLibrary       0 
NAND4_X1          14   18.620    210.741     1691.942 NangateOpenCellLibrary       0 
NOR2_X1           97   77.406   2075.371    59516.877 NangateOpenCellLibrary       0 
NOR2_X2            5    6.650    196.814     3657.285 NangateOpenCellLibrary       0 
NOR3_X1            8    8.512    239.401     3563.324 NangateOpenCellLibrary       0 
NOR4_X1           29   38.570    962.774     7575.638 NangateOpenCellLibrary       0 
OAI211_X1          7    9.310    197.464     7094.890 NangateOpenCellLibrary       0 
OAI211_X2          1    2.394     68.689     3039.588 NangateOpenCellLibrary       0 
OAI21_X1          36   38.304    971.953    41725.992 NangateOpenCellLibrary       0 
OAI21_X2           4    7.448    246.409     7453.729 NangateOpenCellLibrary       0 
OAI21_X4           1    3.458    117.574     2160.643 NangateOpenCellLibrary       0 
OAI221_X1         19   30.324   1028.616    24246.467 NangateOpenCellLibrary       0 
OAI222_X1         15   31.920   1044.835    20800.206 NangateOpenCellLibrary       0 
OAI22_X1          85  113.050   3450.754   101506.377 NangateOpenCellLibrary       0 
OAI22_X2           2    4.788    141.990     5469.522 NangateOpenCellLibrary       0 
OAI33_X1           1    1.862     62.869      315.306 NangateOpenCellLibrary       0 
OR2_X1            56   59.584   1308.908    78103.043 NangateOpenCellLibrary       0 
OR3_X1             5    6.650    122.923     5629.955 NangateOpenCellLibrary       0 
OR4_X1             5    7.980    133.667     1105.622 NangateOpenCellLibrary       0 
SDFFR_X1          26  172.900   2809.585   317543.967 NangateOpenCellLibrary       0 
XNOR2_X1          72  114.912   2686.161   142383.281 NangateOpenCellLibrary       0 
XNOR2_X2           1    2.660     73.103     2177.262 NangateOpenCellLibrary       0 
XOR2_X1           89  142.044   3187.204   185793.065 NangateOpenCellLibrary       0 
-------------------------------------------------------------------------------------
total           1801 2952.068  63826.226  3611628.205                                
                                           Leakage  Leakage   Internal  Internal 
     Type      Instances   Area   Area % Power (nW) Power %  Power (nW)  Power % 
---------------------------------------------------------------------------------
sequential           136  758.100   25.7  12512.524    19.6 1360287.841     37.7 
inverter             249  136.990    4.6   3891.167     6.1  131302.437      3.6 
buffer                 2    1.596    0.1     23.738     0.0     732.674      0.0 
logic               1414 2055.382   69.6  47398.797    74.3 2119305.254     58.7 
physical_cells         0    0.000    0.0      0.000     0.0       0.000      0.0 
---------------------------------------------------------------------------------
total               1801 2952.068  100.0  63826.226   100.0 3611628.205    100.0 
