============================================================
  Generated by:           Genus(TM) Synthesis Solution 25.11-s095_1
  Generated on:           Mar 10 2026  04:50:49 pm
  Operating conditions:   typical 
  Interconnect mode:      global
  Area mode:              physical library
============================================================

                                Leakage    Internal                          Library 
   Gate    Instances   Area   Power (nW)  Power (nW)          Library         Domain 
-------------------------------------------------------------------------------------
AND2_X1           48   51.072   1204.989    42009.411 NangateOpenCellLibrary       0 
AND2_X2            6    7.980    307.612     7625.065 NangateOpenCellLibrary       0 
AND3_X1           18   23.940    484.754    19656.842 NangateOpenCellLibrary       0 
AND3_X2            1    1.596     49.691     2092.702 NangateOpenCellLibrary       0 
AND4_X1            3    4.788     95.036     3238.685 NangateOpenCellLibrary       0 
AND4_X2            2    3.724    104.560     4908.593 NangateOpenCellLibrary       0 
AOI211_X1          5    6.650    181.464     6808.894 NangateOpenCellLibrary       0 
AOI21_X1          63   67.032   1738.640    71051.717 NangateOpenCellLibrary       0 
AOI21_X2           5    9.310    286.556     7080.606 NangateOpenCellLibrary       0 
AOI221_X1         14   22.344    506.335    18931.166 NangateOpenCellLibrary       0 
AOI222_X1          9   19.152    388.904    10268.565 NangateOpenCellLibrary       0 
AOI22_X1         109  144.970   3195.443    92953.923 NangateOpenCellLibrary       0 
AOI22_X2           5   11.970    326.204     8715.034 NangateOpenCellLibrary       0 
DFFR_X1           55  292.600   4819.289   418602.703 NangateOpenCellLibrary       0 
DFFR_X2            1    5.852    129.689    10986.995 NangateOpenCellLibrary       0 
HA_X1             13   34.580    760.429    45293.616 NangateOpenCellLibrary       0 
INV_X1           255  135.660   3623.681   110028.271 NangateOpenCellLibrary       0 
INV_X2             8    6.384    229.246     5577.822 NangateOpenCellLibrary       0 
INV_X4             4    5.320    221.908     5458.584 NangateOpenCellLibrary       0 
MUX2_X1           28   52.136   1008.781    51240.879 NangateOpenCellLibrary       0 
NAND2_X1         347  276.906   6348.244   158170.608 NangateOpenCellLibrary       0 
NAND2_X2           5    6.650    221.834     8237.627 NangateOpenCellLibrary       0 
NAND2_X4           4    9.576    337.892     5722.923 NangateOpenCellLibrary       0 
NAND3_X1          66   70.224   1845.030    57949.604 NangateOpenCellLibrary       0 
NAND3_X2           4    7.448    117.368     4327.746 NangateOpenCellLibrary       0 
NAND3_X4           1    3.458     54.178     3961.349 NangateOpenCellLibrary       0 
NAND4_X1          25   33.250    852.557    29781.473 NangateOpenCellLibrary       0 
NOR2_X1          176  140.448   3756.659   120206.185 NangateOpenCellLibrary       0 
NOR2_X2            6    7.980    274.211     5140.803 NangateOpenCellLibrary       0 
NOR3_X1           22   23.408    564.551    28670.885 NangateOpenCellLibrary       0 
NOR4_X1           17   22.610    554.482     5477.015 NangateOpenCellLibrary       0 
OAI211_X1         32   42.560   1256.955    44557.354 NangateOpenCellLibrary       0 
OAI21_X1          66   70.224   1975.750    78140.972 NangateOpenCellLibrary       0 
OAI21_X2           5    9.310    264.977     5983.588 NangateOpenCellLibrary       0 
OAI221_X1         37   59.052   1794.154    40875.357 NangateOpenCellLibrary       0 
OAI221_X2          1    2.926    125.075     1013.098 NangateOpenCellLibrary       0 
OAI222_X1         50  106.400   3145.726    61612.043 NangateOpenCellLibrary       0 
OAI22_X1          79  105.070   3241.953    76826.533 NangateOpenCellLibrary       0 
OAI22_X2           2    4.788    124.821     6336.105 NangateOpenCellLibrary       0 
OAI33_X1           1    1.862     53.729       11.784 NangateOpenCellLibrary       0 
OR2_X1            23   24.472    547.143    27536.034 NangateOpenCellLibrary       0 
OR2_X2             1    1.330     44.734     1455.590 NangateOpenCellLibrary       0 
OR2_X4             1    2.394     93.920     2096.623 NangateOpenCellLibrary       0 
OR3_X1             3    3.990     72.467     2038.083 NangateOpenCellLibrary       0 
SDFFR_X1          12   79.800   1294.430    99893.382 NangateOpenCellLibrary       0 
XNOR2_X1          34   54.264   1300.578    57277.293 NangateOpenCellLibrary       0 
XNOR2_X2           7   18.620    516.521    29228.517 NangateOpenCellLibrary       0 
XOR2_X1           13   20.748    475.762    20550.427 NangateOpenCellLibrary       0 
XOR2_X2            2    4.788    147.218    10758.238 NangateOpenCellLibrary       0 
-------------------------------------------------------------------------------------
total           1694 2121.616  51066.128  1936367.310                                
                                           Leakage  Leakage   Internal  Internal 
     Type      Instances   Area   Area % Power (nW) Power %  Power (nW)  Power % 
---------------------------------------------------------------------------------
sequential            68  378.252   17.8   6243.408    12.2  529483.080     27.3 
inverter             267  147.364    6.9   4074.835     8.0  121064.676      6.3 
logic               1359 1596.000   75.2  40747.885    79.8 1285819.554     66.4 
physical_cells         0    0.000    0.0      0.000     0.0       0.000      0.0 
---------------------------------------------------------------------------------
total               1694 2121.616  100.0  51066.128   100.0 1936367.310    100.0 
