============================================================
  Generated by:           Genus(TM) Synthesis Solution 25.11-s095_1
  Generated on:           Mar 10 2026  10:50:22 pm
  Module:                 add_fp16
  Library domain:         timing_condition_tt_1p2v_25c
    Domain index:         0
    Technology library:   NangateOpenCellLibrary revision 1.0
  Operating conditions:   typical 
  Interconnect mode:      global
  Area mode:              physical library
============================================================

Timing
--------

Analysis view  Clock Period 
----------------------------
view_1p2_25   clock1 1429.0 


  Analysis    Cost   Critical        Violating 
    View     Group  Path Slack  TNS    Paths   
-----------------------------------------------
view_1p2_25  clock1      114.2  0.0          0 
            default   No paths  0.0          0 
-----------------------------------------------
Total                          -0.0          0 
                                               

Instance Count
--------------
Leaf Instance Count             4266 
Physical Instance count            0 
Sequential Instance Count        100 
Combinational Instance Count    4166 
Hierarchical Instance Count        8 

Area
----
Cell Area                          7198.159
Physical Cell Area                 0.000
Total Cell Area (Cell+Physical)    7198.159
Net Area                           26.725
Total Area (Cell+Physical+Net)     7224.884

Power
-----
Leakage Power                      55229.132 nW
Dynamic Power                      1753732.204 nW
Total Power                        1808961.335 nW

Max Fanout                         100 (clk)
Min Fanout                         0 (n_553)
Average Fanout                     2.0
Terms to net ratio                 3.0667
Terms to instance ratio            3.1170
Runtime                            43.950097 seconds
Elapsed Runtime                    52 seconds
Genus peak memory usage            1756.34 
Innovus peak memory usage          no_value 
Hostname                           asicfab.ecn.purdue.edu
