============================================================
  Generated by:           Genus(TM) Synthesis Solution 25.11-s095_1
  Generated on:           Mar 10 2026  10:50:27 pm
  Module:                 add_fp16
  Operating conditions:   typical 
  Interconnect mode:      global
  Area mode:              physical library
============================================================


Path 1: MET (114 ps) Setup Check with Pin fp_out_reg[0]/clk->d
           View: view_1p2_25
          Group: clock1
     Startpoint: (R) signs_differ_l_reg/clk
          Clock: (R) clock1
       Endpoint: (R) fp_out_reg[0]/d
          Clock: (R) clock1

                     Capture       Launch     
        Clock Edge:+    1429            0     
       Src Latency:+       0            0     
       Net Latency:+       0 (I)        0 (I) 
           Arrival:=    1429            0     
                                              
             Setup:-      38                  
       Uncertainty:-       0                  
     Required Time:=    1391                  
      Launch Clock:-       0                  
         Data Path:-    1276                  
             Slack:=     114                  

Launch clock path:
#-----------------------------------------------------------------------------------------------------
#     Timing Point       Flags   Arc   Edge      Cell        Fanout Load Trans Delay Arrival Instance 
#                                                                   (fF)  (ps)  (ps)   (ps)  Location 
#-----------------------------------------------------------------------------------------------------
  clk                    (i,u)   -     R     (arrival)          100  0.0     0     0       0    (-,-) 
  clk                    -       -     -     (net)                -    -     -     -       -    (-,-) 
  clk                    -       -     -     (net)                -    -     -     -       -    (-,-) 
  signs_differ_l_reg/clk <<<     -     R     unmapped_d_flop    100    -     1     0       0    (-,-) 
#-----------------------------------------------------------------------------------------------------

#-----------------------------------------------------------------------------------------------------------------
#         Timing Point          Flags    Arc    Edge       Cell         Fanout  Load Trans Delay Arrival Instance 
#                                                                               (fF)  (ps)  (ps)   (ps)  Location 
#-----------------------------------------------------------------------------------------------------------------
  signs_differ_l_reg/clk        -       -       R     (arrival)            100     -     1     0       0    (-,-) 
  signs_differ_l_reg/q          (u)     clk->q  F     unmapped_d_flop       96 307.2     0   164     164    (-,-) 
  signs_differ_l                -       -       -     (net)                  -     -     -     -       -    (-,-) 
  g10193/z                      (u)     in_0->z R     unmapped_complex2      3  10.8     0    22     186    (-,-) 
  n_12192                       -       -       -     (net)                  -     -     -     -       -    (-,-) 
  g10454/z                      (u)     in_0->z R     unmapped_or2           1   3.6     0    17     202    (-,-) 
  n_12381                       -       -       -     (net)                  -     -     -     -       -    (-,-) 
  g10455/z                      (u)     in_1->z F     unmapped_nand2        23  73.6     0    49     251    (-,-) 
  n_2333                        -       -       -     (net)                  -     -     -     -       -    (-,-) 
  mux_mantissa_sum_238_9_g700/z (u)     in_1->z F     unmapped_or2           3   9.6     0    22     273    (-,-) 
  mux_mantissa_sum_238_9_n_96   -       -       -     (net)                  -     -     -     -       -    (-,-) 
  mux_mantissa_sum_238_9_g676/z (u)     in_1->z R     unmapped_nand2         1   3.6     0    17     290    (-,-) 
  mux_mantissa_sum_238_9_n_170  -       -       -     (net)                  -     -     -     -       -    (-,-) 
  g21450/z                      (u)     in_1->z R     unmapped_or2           1   3.6     0    17     306    (-,-) 
  mux_mantissa_sum_238_9_n_172  -       -       -     (net)                  -     -     -     -       -    (-,-) 
  mux_mantissa_sum_238_9_g575/z (u)     in_1->z F     unmapped_complex2      5  16.0     0    28     334    (-,-) 
  mux_mantissa_sum_238_9_n_230  -       -       -     (net)                  -     -     -     -       -    (-,-) 
  mux_mantissa_sum_238_9_g555/z (u)     in_0->z R     unmapped_complex2      2   7.2     0    19     353    (-,-) 
  mux_mantissa_sum_238_9_n_233  -       -       -     (net)                  -     -     -     -       -    (-,-) 
  mux_mantissa_sum_238_9_g540/z (u)     in_1->z R     unmapped_or2           1   3.6     0    17     370    (-,-) 
  mux_mantissa_sum_238_9_n_241  -       -       -     (net)                  -     -     -     -       -    (-,-) 
  mux_mantissa_sum_238_9_g527/z (u)     in_0->z F     unmapped_complex2     10  32.0     0    38     407    (-,-) 
  mux_mantissa_sum_238_9_n_272  -       -       -     (net)                  -     -     -     -       -    (-,-) 
  mux_mantissa_sum_238_9_g519/z (u)     in_0->z R     unmapped_complex2      1   3.6     0    17     424    (-,-) 
  mux_mantissa_sum_238_9_n_293  -       -       -     (net)                  -     -     -     -       -    (-,-) 
  mux_mantissa_sum_238_9_g511/z (u)     in_0->z F     unmapped_complex2     12  38.4     0    40     464    (-,-) 
  mux_mantissa_sum_238_9_n_307  -       -       -     (net)                  -     -     -     -       -    (-,-) 
  mux_mantissa_sum_238_9_g503/z (u)     in_0->z R     unmapped_complex2      1   3.6     0    17     480    (-,-) 
  mux_mantissa_sum_238_9_n_322  -       -       -     (net)                  -     -     -     -       -    (-,-) 
  mux_mantissa_sum_238_9_g472/z (u)     in_0->z F     unmapped_complex2      2   6.4     0    19     499    (-,-) 
  mux_mantissa_sum_238_9_n_388  -       -       -     (net)                  -     -     -     -       -    (-,-) 
  mux_mantissa_sum_238_9_g459/z (u)     in_0->z F     unmapped_or2           1   3.2     0    17     516    (-,-) 
  mux_mantissa_sum_238_9_n_415  -       -       -     (net)                  -     -     -     -       -    (-,-) 
  mux_mantissa_sum_238_9_g460/z (u)     in_1->z R     unmapped_nand2        11  39.6     0    39     555    (-,-) 
  mantissa_sum[22]              -       -       -     (net)                  -     -     -     -       -    (-,-) 
  g11804/z                      (u)     in_1->z R     unmapped_or2           2   7.2     0    19     574    (-,-) 
  n_12438                       -       -       -     (net)                  -     -     -     -       -    (-,-) 
  g11756/z                      (u)     in_1->z R     unmapped_or2           1   3.6     0    17     590    (-,-) 
  n_12440                       -       -       -     (net)                  -     -     -     -       -    (-,-) 
  g11748/z                      (u)     in_1->z R     unmapped_or2           3  10.8     0    22     612    (-,-) 
  n_12406                       -       -       -     (net)                  -     -     -     -       -    (-,-) 
  g11668/z                      (u)     in_1->z R     unmapped_or2           3  10.8     0    22     634    (-,-) 
  n_12220                       -       -       -     (net)                  -     -     -     -       -    (-,-) 
  g11591/z                      (u)     in_1->z R     unmapped_or2           3  10.8     0    22     655    (-,-) 
  n_12221                       -       -       -     (net)                  -     -     -     -       -    (-,-) 
  g11566/z                      (u)     in_1->z R     unmapped_or2           3  10.8     0    22     677    (-,-) 
  n_12222                       -       -       -     (net)                  -     -     -     -       -    (-,-) 
  g11486/z                      (u)     in_1->z R     unmapped_or2           3  10.8     0    22     698    (-,-) 
  n_12223                       -       -       -     (net)                  -     -     -     -       -    (-,-) 
  g11390/z                      (u)     in_1->z R     unmapped_or2           3  10.8     0    22     720    (-,-) 
  n_12407                       -       -       -     (net)                  -     -     -     -       -    (-,-) 
  g11293/z                      (u)     in_1->z R     unmapped_or2           3  10.8     0    22     742    (-,-) 
  n_12408                       -       -       -     (net)                  -     -     -     -       -    (-,-) 
  g11238/z                      (u)     in_1->z R     unmapped_or2           3  10.8     0    22     763    (-,-) 
  n_12226                       -       -       -     (net)                  -     -     -     -       -    (-,-) 
  g11204/z                      (u)     in_1->z R     unmapped_or2           3  10.8     0    22     785    (-,-) 
  n_12227                       -       -       -     (net)                  -     -     -     -       -    (-,-) 
  g11156/z                      (u)     in_1->z R     unmapped_or2           1   3.6     0    17     802    (-,-) 
  n_12435                       -       -       -     (net)                  -     -     -     -       -    (-,-) 
  g11104/z                      (u)     in_0->z F     unmapped_complex2      2   6.4     0    19     821    (-,-) 
  n_2444                        -       -       -     (net)                  -     -     -     -       -    (-,-) 
  g11094/z                      (u)     in_0->z R     unmapped_complex2     25  18.0     0    39     859    (-,-) 
  n_12281                       -       -       -     (net)                  -     -     -     -       -    (-,-) 
  g11066/z                      (u)     in_0->z R     unmapped_complex2      1   3.6     0    17     876    (-,-) 
  n_12459                       -       -       -     (net)                  -     -     -     -       -    (-,-) 
  g11053/z                      (u)     in_1->z F     unmapped_nand2         2   6.4     0    19     895    (-,-) 
  n_12433                       -       -       -     (net)                  -     -     -     -       -    (-,-) 
  g11027/z                      (u)     in_0->z F     unmapped_complex2      1   3.2     0    17     912    (-,-) 
  n_12396                       -       -       -     (net)                  -     -     -     -       -    (-,-) 
  g11025/z                      (u)     in_0->z F     unmapped_complex2      2   6.4     0    19     931    (-,-) 
  n_12323                       -       -       -     (net)                  -     -     -     -       -    (-,-) 
  g11023/z                      (u)     in_0->z F     unmapped_complex2      1   3.2     0    17     947    (-,-) 
  n_12434                       -       -       -     (net)                  -     -     -     -       -    (-,-) 
  g11022/z                      (u)     in_0->z R     unmapped_complex2      1   3.6     0    17     964    (-,-) 
  n_12456                       -       -       -     (net)                  -     -     -     -       -    (-,-) 
  g11021/z                      (u)     in_0->z F     unmapped_nand2         4  12.8     0    24     988    (-,-) 
  n_2529                        -       -       -     (net)                  -     -     -     -       -    (-,-) 
  inc_ADD_TC_OP51/g1/z          (u)     in_1->z R     unmapped_nand2         3  10.8     0    22    1010    (-,-) 
  inc_ADD_TC_OP51/n_49          -       -       -     (net)                  -     -     -     -       -    (-,-) 
  inc_ADD_TC_OP51/g247/z        (u)     in_0->z R     unmapped_complex2      3  10.8     0    22    1032    (-,-) 
  inc_ADD_TC_OP51/n_51          -       -       -     (net)                  -     -     -     -       -    (-,-) 
  inc_ADD_TC_OP51/g233/z        (u)     in_0->z R     unmapped_complex2      3  10.8     0    22    1053    (-,-) 
  inc_ADD_TC_OP51/n_101         -       -       -     (net)                  -     -     -     -       -    (-,-) 
  inc_ADD_TC_OP51/g144/z        (u)     in_0->z R     unmapped_complex2      6  21.6     0    30    1083    (-,-) 
  inc_ADD_TC_OP51/n_68          -       -       -     (net)                  -     -     -     -       -    (-,-) 
  inc_ADD_TC_OP51/g225/z        (u)     in_1->z R     unmapped_or2           9  32.4     0    36    1120    (-,-) 
  inc_ADD_TC_OP51/n_81          -       -       -     (net)                  -     -     -     -       -    (-,-) 
  inc_ADD_TC_OP51/g207/z        (u)     in_1->z R     unmapped_or2           3  10.8     0    22    1141    (-,-) 
  inc_ADD_TC_OP51/n_113         -       -       -     (net)                  -     -     -     -       -    (-,-) 
  inc_ADD_TC_OP51/g136/z        (u)     in_1->z R     unmapped_or2           9  32.4     0    36    1178    (-,-) 
  inc_ADD_TC_OP51/n_92          -       -       -     (net)                  -     -     -     -       -    (-,-) 
  inc_ADD_TC_OP51/g253/z        (u)     in_1->z F     unmapped_nor2          1   3.2     0    17    1194    (-,-) 
  n_2559                        -       -       -     (net)                  -     -     -     -       -    (-,-) 
  g19751/z                      (u)     in_1->z F     unmapped_or2          23  73.6     0    49    1243    (-,-) 
  n_14647                       -       -       -     (net)                  -     -     -     -       -    (-,-) 
  g19737/z                      (u)     in_1->z F     unmapped_complex2      1   3.2     0    17    1260    (-,-) 
  n_16982                       -       -       -     (net)                  -     -     -     -       -    (-,-) 
  g19717/z                      (u)     in_0->z R     unmapped_nand2         1   3.6     0    17    1276    (-,-) 
  n_2728                        -       -       -     (net)                  -     -     -     -       -    (-,-) 
  fp_out_reg[0]/d               <<<     -       R     unmapped_d_flop        1     -     -     0    1276    (-,-) 
#-----------------------------------------------------------------------------------------------------------------

(u) : Net has unmapped pin(s).

Capture clock path:
#------------------------------------------------------------------------------------------------
#   Timing Point    Flags   Arc   Edge      Cell        Fanout Load Trans Delay Arrival Instance 
#                                                              (fF)  (ps)  (ps)   (ps)  Location 
#------------------------------------------------------------------------------------------------
  clk               (i,u)   -     R     (arrival)          100  0.0     0     0    1429    (-,-) 
  clk               -       -     -     (net)                -    -     -     -       -    (-,-) 
  clk               -       -     -     (net)                -    -     -     -       -    (-,-) 
  fp_out_reg[0]/clk <<<     -     R     unmapped_d_flop    100    -     1     0    1429    (-,-) 
#------------------------------------------------------------------------------------------------


