============================================================
  Generated by:           Genus(TM) Synthesis Solution 25.11-s095_1
  Generated on:           May 26 2026  10:43:20 pm
  Module:                 sysarr_32_input_fp_adder
  Operating conditions:   typical 
  Interconnect mode:      global
  Area mode:              physical library
============================================================


Path 1: MET (0 ps) Setup Check with Pin aligner_inst_max_l3_n0_r_reg[0]/CK->SE
           View: view_1p2_25
          Group: clock1
     Startpoint: (F) in[10][8]
          Clock: (R) clock1
       Endpoint: (R) aligner_inst_max_l3_n0_r_reg[0]/SE
          Clock: (R) clock1

                     Capture       Launch     
        Clock Edge:+    1000            0     
        Drv Adjust:+       0            0     
       Src Latency:+       0            0     
       Net Latency:+       0 (I)        0 (I) 
           Arrival:=    1000            0     
                                              
             Setup:-      85                  
       Uncertainty:-       0                  
     Required Time:=     915                  
      Launch Clock:-       0                  
       Input Delay:-       1                  
         Data Path:-     914                  
             Slack:=       0                  

Exceptions/Constraints:
  input_delay              1              sysarr_32_input_fp_a_line_21_344_1   

#------------------------------------------------------------------------------------------------------------
#           Timing Point             Flags    Arc   Edge   Cell     Fanout Load Trans Delay Arrival Instance 
#                                                                          (fF)  (ps)  (ps)   (ps)  Location 
#------------------------------------------------------------------------------------------------------------
  in[10][8]                          -       -      F     (arrival)      3  4.8     0     0       1    (-,-) 
  in[10][8]                          -       -      -     (net)          -    -     -     -       -    (-,-) 
  g273004/ZN                         -       A->ZN  R     INV_X1         2  3.8    11    14      15    (-,-) 
  n_10185                            -       -      -     (net)          -    -     -     -       -    (-,-) 
  g272824/ZN                         -       A1->ZN F     NAND2_X1       2  3.5    10    17      32    (-,-) 
  n_10374                            -       -      -     (net)          -    -     -     -       -    (-,-) 
  g272291/ZN                         -       A1->ZN R     NAND2_X1       2  3.8    14    20      52    (-,-) 
  n_10530                            -       -      -     (net)          -    -     -     -       -    (-,-) 
  g314211/ZN                         -       B1->ZN F     AOI21_X1       1  3.0    10    18      71    (-,-) 
  n_24436                            -       -      -     (net)          -    -     -     -       -    (-,-) 
  g314210/ZN                         -       A1->ZN R     NOR2_X2        1  3.4    16    24      94    (-,-) 
  n_24437                            -       -      -     (net)          -    -     -     -       -    (-,-) 
  g271240/ZN                         -       B1->ZN F     AOI21_X2       2  3.5     9    16     111    (-,-) 
  n_11187                            -       -      -     (net)          -    -     -     -       -    (-,-) 
  g271088/ZN                         -       B1->ZN R     OAI21_X1       1  1.9    19    28     138    (-,-) 
  n_11300                            -       -      -     (net)          -    -     -     -       -    (-,-) 
  g271002/ZN                         -       A2->ZN F     NAND3_X1       1  3.2    15    28     166    (-,-) 
  n_11388                            -       -      -     (net)          -    -     -     -       -    (-,-) 
  g314147/ZN                         -       A1->ZN R     NAND3_X2       1  6.3    15    23     189    (-,-) 
  n_24373                            -       -      -     (net)          -    -     -     -       -    (-,-) 
  g311395/ZN                         -       A1->ZN F     NAND2_X4      10 16.9    12    21     209    (-,-) 
  n_21571                            -       -      -     (net)          -    -     -     -       -    (-,-) 
  g270784/ZN                         -       B1->ZN R     OAI21_X1       3  5.6    36    48     257    (-,-) 
  n_11610                            -       -      -     (net)          -    -     -     -       -    (-,-) 
  g270677/ZN                         -       B1->ZN F     AOI21_X1       1  1.8    13    20     277    (-,-) 
  n_11704                            -       -      -     (net)          -    -     -     -       -    (-,-) 
  g270656/ZN                         -       B1->ZN R     OAI21_X1       1  3.4    26    37     314    (-,-) 
  n_11725                            -       -      -     (net)          -    -     -     -       -    (-,-) 
  g270650/ZN                         -       A1->ZN F     NAND2_X2       2  5.9    12    20     334    (-,-) 
  n_11733                            -       -      -     (net)          -    -     -     -       -    (-,-) 
  g270636/ZN                         -       B1->ZN R     AOI21_X2       1  3.6    22    28     362    (-,-) 
  n_11745                            -       -      -     (net)          -    -     -     -       -    (-,-) 
  g270621/ZN                         -       B2->ZN F     OAI21_X2       1  3.0    11    20     382    (-,-) 
  n_11760                            -       -      -     (net)          -    -     -     -       -    (-,-) 
  g270602/ZN                         -       B1->ZN R     AOI21_X2       2  3.9    22    28     410    (-,-) 
  n_11783                            -       -      -     (net)          -    -     -     -       -    (-,-) 
  g270596/ZN                         -       A->ZN  F     INV_X1         1  1.8     7    10     419    (-,-) 
  n_11784                            -       -      -     (net)          -    -     -     -       -    (-,-) 
  g270582/ZN                         -       A1->ZN R     NAND2_X1       1  1.9    10    14     433    (-,-) 
  n_11799                            -       -      -     (net)          -    -     -     -       -    (-,-) 
  g270575/ZN                         -       A1->ZN F     NAND2_X1       1  6.0    14    22     455    (-,-) 
  n_11804                            -       -      -     (net)          -    -     -     -       -    (-,-) 
  g270560/ZN                         -       A1->ZN R     NAND2_X4      11 20.9    18    26     481    (-,-) 
  n_11823                            -       -      -     (net)          -    -     -     -       -    (-,-) 
  g270524/ZN                         -       A1->ZN F     NAND2_X1       1  1.8     9    16     497    (-,-) 
  n_11849                            -       -      -     (net)          -    -     -     -       -    (-,-) 
  g270500/ZN                         -       A->ZN  R     OAI21_X1       2  3.1    25    23     520    (-,-) 
  n_11885                            -       -      -     (net)          -    -     -     -       -    (-,-) 
  g270492/ZN                         -       A->ZN  F     INV_X1         2  3.3     9    13     533    (-,-) 
  n_11886                            -       -      -     (net)          -    -     -     -       -    (-,-) 
  g270461/ZN                         -       B1->ZN R     AOI21_X1       1  2.0    23    28     561    (-,-) 
  n_11920                            -       -      -     (net)          -    -     -     -       -    (-,-) 
  g270453/ZN                         -       A1->ZN F     NOR2_X1        1  1.7     7    10     571    (-,-) 
  n_11928                            -       -      -     (net)          -    -     -     -       -    (-,-) 
  g270450/ZN                         -       A1->ZN R     NOR2_X1        1  2.0    17    24     595    (-,-) 
  n_11930                            -       -      -     (net)          -    -     -     -       -    (-,-) 
  g311716/ZN                         -       A1->ZN F     NOR2_X1        1  3.0    11    13     608    (-,-) 
  n_21890                            -       -      -     (net)          -    -     -     -       -    (-,-) 
  g311715/ZN                         -       B1->ZN R     OAI21_X2       1  3.4    18    28     636    (-,-) 
  n_21891                            -       -      -     (net)          -    -     -     -       -    (-,-) 
  g270434/ZN                         -       B1->ZN F     AOI21_X2       1  3.0    10    16     652    (-,-) 
  n_11947                            -       -      -     (net)          -    -     -     -       -    (-,-) 
  g270427/ZN                         -       B1->ZN R     OAI21_X2       1  6.3    25    35     687    (-,-) 
  n_11950                            -       -      -     (net)          -    -     -     -       -    (-,-) 
  g270419/ZN                         -       A1->ZN F     NAND2_X4       9 17.2    14    24     710    (-,-) 
  n_11965                            -       -      -     (net)          -    -     -     -       -    (-,-) 
  g270394/Z                          -       S->Z   F     MUX2_X1        3  5.2    14    57     767    (-,-) 
  n_11987                            -       -      -     (net)          -    -     -     -       -    (-,-) 
  g270363/ZN                         -       B1->ZN R     OAI21_X1       1  1.9    19    30     797    (-,-) 
  n_12018                            -       -      -     (net)          -    -     -     -       -    (-,-) 
  g270361/ZN                         -       A1->ZN F     NAND2_X1       1  1.8     9    16     813    (-,-) 
  n_12020                            -       -      -     (net)          -    -     -     -       -    (-,-) 
  g270357/ZN                         -       A1->ZN R     NAND2_X1       1  1.9    10    15     828    (-,-) 
  n_12024                            -       -      -     (net)          -    -     -     -       -    (-,-) 
  g129/ZN                            -       A1->ZN F     NAND3_X1       1  1.8    11    18     846    (-,-) 
  n_22041                            -       -      -     (net)          -    -     -     -       -    (-,-) 
  g311863/ZN                         -       A1->ZN R     NAND2_X1       1  6.7    21    28     873    (-,-) 
  n_22044                            -       -      -     (net)          -    -     -     -       -    (-,-) 
  g270349/ZN                         -       B1->ZN F     AOI21_X4       2  7.7    14    18     891    (-,-) 
  n_12032                            -       -      -     (net)          -    -     -     -       -    (-,-) 
  g270345/ZN                         -       A1->ZN R     NAND2_X4       9 17.5    16    24     915    (-,-) 
  n_12036                            -       -      -     (net)          -    -     -     -       -    (-,-) 
  aligner_inst_max_l3_n0_r_reg[0]/SE <<<     -      R     SDFFR_X1       9    -     -     0     915    (-,-) 
#------------------------------------------------------------------------------------------------------------

Capture clock path:
#-----------------------------------------------------------------------------------------------------------
#           Timing Point             Flags   Arc   Edge   Cell     Fanout Load Trans Delay Arrival Instance 
#                                                                         (fF)  (ps)  (ps)   (ps)  Location 
#-----------------------------------------------------------------------------------------------------------
  clk                                (i)     -     R     (arrival)   1602  0.0     0     0    1000    (-,-) 
  clk                                -       -     -     (net)          -    -     -     -       -    (-,-) 
  clk                                -       -     -     (net)          -    -     -     -       -    (-,-) 
  aligner_inst_max_l3_n0_r_reg[0]/CK <<<     -     R     SDFFR_X1    1602    -     1     0    1000    (-,-) 
#-----------------------------------------------------------------------------------------------------------


