============================================================
  Generated by:           Genus(TM) Synthesis Solution 25.11-s095_1
  Generated on:           Jun 13 2026  05:55:32 am
  Operating conditions:   typical 
  Interconnect mode:      global
  Area mode:              physical library
============================================================

                                 Leakage      Internal                          Library 
   Gate    Instances    Area    Power (nW)   Power (nW)          Library         Domain 
----------------------------------------------------------------------------------------
AND2_X1          611   650.104   15535.525    640526.193 NangateOpenCellLibrary       0 
AND2_X2           83   110.390    4569.198    257427.819 NangateOpenCellLibrary       0 
AND2_X4            9    21.546     978.391     52036.991 NangateOpenCellLibrary       0 
AND3_X1           41    54.530    1223.516     45076.698 NangateOpenCellLibrary       0 
AND3_X2            9    14.364     563.981      8283.732 NangateOpenCellLibrary       0 
AND3_X4            2     5.852     269.358     17880.578 NangateOpenCellLibrary       0 
AND4_X1           21    33.516     581.442     10637.226 NangateOpenCellLibrary       0 
AND4_X2            1     1.862      50.258      1432.694 NangateOpenCellLibrary       0 
AOI211_X1         18    23.940     638.644     13200.758 NangateOpenCellLibrary       0 
AOI211_X2          1     2.394      75.817      2945.982 NangateOpenCellLibrary       0 
AOI21_X1         357   379.848    9679.998    419392.234 NangateOpenCellLibrary       0 
AOI21_X2          55   102.410    2964.342    142413.311 NangateOpenCellLibrary       0 
AOI21_X4           9    31.122     968.711     33965.929 NangateOpenCellLibrary       0 
AOI221_X1         67   106.932    2540.906    120855.733 NangateOpenCellLibrary       0 
AOI221_X2          6    17.556     555.512     19046.541 NangateOpenCellLibrary       0 
AOI222_X1         42    89.376    1923.972     95942.656 NangateOpenCellLibrary       0 
AOI222_X2          6    22.344     585.785     27875.846 NangateOpenCellLibrary       0 
AOI22_X1         570   758.100   15696.823    554372.438 NangateOpenCellLibrary       0 
AOI22_X2          12    28.728     988.041     31637.560 NangateOpenCellLibrary       0 
BUF_X1             3     2.394      64.824      3083.862 NangateOpenCellLibrary       0 
BUF_X2             2     2.128      81.872      3850.055 NangateOpenCellLibrary       0 
BUF_X4             1     1.862      87.182      7738.705 NangateOpenCellLibrary       0 
BUF_X8             1     3.458     174.801     14461.188 NangateOpenCellLibrary       0 
CLKBUF_X1          2     1.596      21.028      2067.947 NangateOpenCellLibrary       0 
CLKBUF_X2          3     3.192      66.175      8138.686 NangateOpenCellLibrary       0 
DFFR_X1         1489  7921.480  131271.243  10720945.834 NangateOpenCellLibrary       0 
DFF_X1           148   669.256   11663.140   1321226.248 NangateOpenCellLibrary       0 
FA_X1            780  3319.680   52886.754   3844404.425 NangateOpenCellLibrary       0 
HA_X1             94   250.040    5786.082    292415.354 NangateOpenCellLibrary       0 
INV_X1          1983  1054.956   28842.569    963690.250 NangateOpenCellLibrary       0 
INV_X16            6    27.132    1398.912     72889.278 NangateOpenCellLibrary       0 
INV_X2            68    54.264    1976.070     78562.207 NangateOpenCellLibrary       0 
INV_X4            23    30.590    1266.590     46411.058 NangateOpenCellLibrary       0 
INV_X8            13    31.122    1534.713     61373.987 NangateOpenCellLibrary       0 
MUX2_X1          655  1219.610   23832.095   1468362.490 NangateOpenCellLibrary       0 
MUX2_X2            8    19.152     559.722     41432.819 NangateOpenCellLibrary       0 
NAND2_X1        1989  1587.222   39285.207   1223628.420 NangateOpenCellLibrary       0 
NAND2_X2         118   156.940    4920.978    161271.140 NangateOpenCellLibrary       0 
NAND2_X4          27    64.638    2560.086     77567.644 NangateOpenCellLibrary       0 
NAND3_X1         165   175.560    4509.018    107636.880 NangateOpenCellLibrary       0 
NAND3_X2          21    39.102    1806.806     41227.803 NangateOpenCellLibrary       0 
NAND3_X4           2     6.916     296.069     10692.683 NangateOpenCellLibrary       0 
NAND4_X1          69    91.770    1505.350     13899.135 NangateOpenCellLibrary       0 
NAND4_X2           4     9.576     117.633      4078.205 NangateOpenCellLibrary       0 
NAND4_X4           2     9.576     261.962     12998.112 NangateOpenCellLibrary       0 
NOR2_X1         1417  1130.766   31076.163    763547.886 NangateOpenCellLibrary       0 
NOR2_X2          138   183.540    5692.797    190642.391 NangateOpenCellLibrary       0 
NOR2_X4           25    59.850    2237.686     59047.695 NangateOpenCellLibrary       0 
NOR3_X1          120   127.680    3232.523     53695.863 NangateOpenCellLibrary       0 
NOR3_X2           12    22.344     653.859     25204.456 NangateOpenCellLibrary       0 
NOR3_X4           13    48.412    1415.508     42132.603 NangateOpenCellLibrary       0 
NOR4_X1          126   167.580    4283.868     44966.449 NangateOpenCellLibrary       0 
NOR4_X2            1     2.394      55.220      3299.918 NangateOpenCellLibrary       0 
OAI211_X1         75    99.750    3207.865     79269.661 NangateOpenCellLibrary       0 
OAI211_X2          1     2.394      31.150      3103.481 NangateOpenCellLibrary       0 
OAI21_X1         859   913.976   26536.875    868868.065 NangateOpenCellLibrary       0 
OAI21_X2          54   100.548    2821.406    105089.133 NangateOpenCellLibrary       0 
OAI21_X4          15    51.870    1784.088     82318.687 NangateOpenCellLibrary       0 
OAI221_X1         43    68.628    1916.278     40907.267 NangateOpenCellLibrary       0 
OAI222_X1         36    76.608    1788.330     54762.830 NangateOpenCellLibrary       0 
OAI22_X1         447   594.510   19432.163    378201.140 NangateOpenCellLibrary       0 
OAI22_X2           8    19.152     552.034     25999.924 NangateOpenCellLibrary       0 
OAI22_X4           3    13.566     385.195     16629.121 NangateOpenCellLibrary       0 
OR2_X1           545   579.880   12770.780    557761.096 NangateOpenCellLibrary       0 
OR2_X2            32    42.560    1473.739     68057.645 NangateOpenCellLibrary       0 
OR2_X4             4     9.576     346.289      9940.959 NangateOpenCellLibrary       0 
OR3_X1            79   105.070    2047.510     33706.873 NangateOpenCellLibrary       0 
OR3_X2             2     3.192      94.221      5366.883 NangateOpenCellLibrary       0 
OR4_X1            81   129.276    2274.534     21665.984 NangateOpenCellLibrary       0 
SDFFR_X1          41   272.650    4385.068    378824.896 NangateOpenCellLibrary       0 
SDFF_X1            1     6.118      98.804      9738.870 NangateOpenCellLibrary       0 
XNOR2_X1         587   936.852   22084.287    884698.611 NangateOpenCellLibrary       0 
XNOR2_X2          63   167.580    4571.032    296313.647 NangateOpenCellLibrary       0 
XOR2_X1           67   106.932    2484.817    155642.337 NangateOpenCellLibrary       0 
XOR2_X2           12    28.728     862.643     60964.532 NangateOpenCellLibrary       0 
----------------------------------------------------------------------------------------
total          14503 25280.108  537763.835  28419374.233                                
                                            Leakage  Leakage   Internal   Internal 
     Type      Instances    Area   Area % Power (nW) Power %  Power (nW)   Power % 
-----------------------------------------------------------------------------------
sequential          1679  8869.504   35.1 147418.254    27.4 12430735.847     43.7 
inverter            2093  1198.064    4.7  35018.855     6.5  1222926.780      4.3 
buffer                12    14.630    0.1    495.882     0.1    39340.442      0.1 
logic              10719 15197.910   60.1 354830.845    66.0 14726371.164     51.8 
physical_cells         0     0.000    0.0      0.000     0.0        0.000      0.0 
-----------------------------------------------------------------------------------
total              14503 25280.108  100.0 537763.835   100.0 28419374.233    100.0 
