============================================================
  Generated by:           Genus(TM) Synthesis Solution 25.11-s095_1
  Generated on:           Jun 13 2026  05:55:19 am
  Module:                 sysarr_32_input_fp_adder
  Operating conditions:   typical 
  Interconnect mode:      global
  Area mode:              physical library
============================================================


Path 1: MET (0 ps) Setup Check with Pin aligner_inst_aligned_mant_out_reg[21][26]/CK->D
           View: view_1p2_25
          Group: clock1
     Startpoint: (R) aligner_inst_max_l3_n0_r_reg[5]/CK
          Clock: (R) clock1
       Endpoint: (F) aligner_inst_aligned_mant_out_reg[21][26]/D
          Clock: (R) clock1

                     Capture       Launch     
        Clock Edge:+    1220            0     
       Src Latency:+       0            0     
       Net Latency:+       0 (I)        0 (I) 
           Arrival:=    1220            0     
                                              
             Setup:-      42                  
       Uncertainty:-       0                  
     Required Time:=    1178                  
      Launch Clock:-       0                  
         Data Path:-    1178                  
             Slack:=       0                  

Launch clock path:
#-----------------------------------------------------------------------------------------------------------
#           Timing Point             Flags   Arc   Edge   Cell     Fanout Load Trans Delay Arrival Instance 
#                                                                         (fF)  (ps)  (ps)   (ps)  Location 
#-----------------------------------------------------------------------------------------------------------
  clk                                (i)     -     R     (arrival)   1679  0.0     0     0       0    (-,-) 
  clk                                -       -     -     (net)          -    -     -     -       -    (-,-) 
  clk                                -       -     -     (net)          -    -     -     -       -    (-,-) 
  aligner_inst_max_l3_n0_r_reg[5]/CK <<<     -     R     DFFR_X1     1679    -     1     0       0    (-,-) 
#-----------------------------------------------------------------------------------------------------------

#---------------------------------------------------------------------------------------------------------------------
#                Timing Point                 Flags    Arc   Edge   Cell     Fanout Load Trans Delay Arrival Instance 
#                                                                                   (fF)  (ps)  (ps)   (ps)  Location 
#---------------------------------------------------------------------------------------------------------------------
  aligner_inst_max_l3_n0_r_reg[5]/CK          -       -      R     (arrival)   1679    -     1     0       0    (-,-) 
  aligner_inst_max_l3_n0_r_reg[5]/QN          -       CK->QN R     DFFR_X1        2  3.9    15    72      72    (-,-) 
  aligner_inst_max_l3_n0_r[5]                 -       -      -     (net)          -    -     -     -       -    (-,-) 
  fopt1/ZN                                    -       A->ZN  F     INV_X1         2  3.5     7    12      84    (-,-) 
  n_7582                                      -       -      -     (net)          -    -     -     -       -    (-,-) 
  g297307/ZN                                  -       A1->ZN R     NAND2_X1       1  6.3    20    25     109    (-,-) 
  n_9526                                      -       -      -     (net)          -    -     -     -       -    (-,-) 
  g297303/ZN                                  -       A1->ZN F     NAND2_X4       4  9.8    10    18     126    (-,-) 
  n_9532                                      -       -      -     (net)          -    -     -     -       -    (-,-) 
  g297280/ZN                                  -       A->ZN  R     AOI21_X2       2  5.3    26    44     170    (-,-) 
  n_9556                                      -       -      -     (net)          -    -     -     -       -    (-,-) 
  g297264/ZN                                  -       B1->ZN F     OAI21_X2       1  3.5    11    18     188    (-,-) 
  n_9568                                      -       -      -     (net)          -    -     -     -       -    (-,-) 
  g297254/ZN                                  -       A2->ZN R     NOR2_X2        1  3.8    16    30     218    (-,-) 
  n_9578                                      -       -      -     (net)          -    -     -     -       -    (-,-) 
  g297244/ZN                                  -       A2->ZN R     AND2_X4        2 24.1    18    44     262    (-,-) 
  n_9589                                      -       -      -     (net)          -    -     -     -       -    (-,-) 
  g297240/ZN                                  -       A->ZN  F     INV_X8        20 54.7    10    19     281    (-,-) 
  n_9594                                      -       -      -     (net)          -    -     -     -       -    (-,-) 
  g297228/ZN                                  -       A->ZN  R     INV_X8        11 30.3    12    20     301    (-,-) 
  n_7705                                      -       -      -     (net)          -    -     -     -       -    (-,-) 
  g297220/ZN                                  -       A->ZN  F     INV_X2         3  8.0     7    12     313    (-,-) 
  n_7706                                      -       -      -     (net)          -    -     -     -       -    (-,-) 
  g296873/ZN                                  -       A1->ZN R     NAND2_X2       1  6.3    13    17     330    (-,-) 
  n_9683                                      -       -      -     (net)          -    -     -     -       -    (-,-) 
  g296675/ZN                                  -       A1->ZN F     NAND2_X4       4 10.9     9    16     346    (-,-) 
  n_9898                                      -       -      -     (net)          -    -     -     -       -    (-,-) 
  g296158/ZN                                  -       A1->ZN R     NAND2_X1       1  1.9    10    15     361    (-,-) 
  n_10291                                     -       -      -     (net)          -    -     -     -       -    (-,-) 
  g295883__2346/ZN                            -       A1->ZN F     NAND2_X1       2  3.4    10    16     377    (-,-) 
  n_10506                                     -       -      -     (net)          -    -     -     -       -    (-,-) 
  g295649__4319/ZN                            -       B1->ZN R     AOI21_X1       2  5.9    41    48     425    (-,-) 
  n_10666                                     -       -      -     (net)          -    -     -     -       -    (-,-) 
  g295437__5526/ZN                            -       A->ZN  F     XNOR2_X1       2  4.8    20    30     456    (-,-) 
  n_10851                                     -       -      -     (net)          -    -     -     -       -    (-,-) 
  g295362/ZN                                  -       A->ZN  R     INV_X2         7 13.3    18    30     486    (-,-) 
  n_11466                                     -       -      -     (net)          -    -     -     -       -    (-,-) 
  g295344__6131/ZN                            -       A1->ZN R     OR2_X2         3  5.8    10    29     515    (-,-) 
  n_11465                                     -       -      -     (net)          -    -     -     -       -    (-,-) 
  g295205__8246/ZN                            -       A->ZN  F     OAI21_X1       1  1.2    14    17     532    (-,-) 
  n_10983                                     -       -      -     (net)          -    -     -     -       -    (-,-) 
  g295092__7482/ZN                            -       A1->ZN F     AND3_X1        1  1.8     7    33     566    (-,-) 
  n_11053                                     -       -      -     (net)          -    -     -     -       -    (-,-) 
  g294987__7098/ZN                            -       B1->ZN R     OAI21_X1       2  3.9    29    37     603    (-,-) 
  n_11127                                     -       -      -     (net)          -    -     -     -       -    (-,-) 
  g294947__1617/ZN                            -       B1->ZN F     OAI22_X1       1  1.7    11    24     626    (-,-) 
  n_11162                                     -       -      -     (net)          -    -     -     -       -    (-,-) 
  g294928__9315/ZN                            -       A1->ZN R     NOR2_X1        1  3.8    25    35     661    (-,-) 
  n_11183                                     -       -      -     (net)          -    -     -     -       -    (-,-) 
  g294896__9945/ZN                            -       A3->ZN F     NAND4_X2       1  6.6    25    40     701    (-,-) 
  n_11215                                     -       -      -     (net)          -    -     -     -       -    (-,-) 
  g294893__6161/ZN                            -       A2->ZN R     NOR2_X4        3 15.0    25    45     746    (-,-) 
  n_11217                                     -       -      -     (net)          -    -     -     -       -    (-,-) 
  fopt30/ZN                                   -       A->ZN  F     INV_X4         7 18.9    10    16     763    (-,-) 
  n_12118                                     -       -      -     (net)          -    -     -     -       -    (-,-) 
  g299825/ZN                                  -       A1->ZN F     OR2_X4         3  9.3     9    43     806    (-,-) 
  n_39                                        -       -      -     (net)          -    -     -     -       -    (-,-) 
  fopt316865/ZN                               -       A->ZN  R     INV_X4         1  3.4     6    11     817    (-,-) 
  n_38                                        -       -      -     (net)          -    -     -     -       -    (-,-) 
  g316168/ZN                                  -       A1->ZN F     NAND2_X2       2  3.5    18    12     828    (-,-) 
  n_651                                       -       -      -     (net)          -    -     -     -       -    (-,-) 
  g315635/ZN                                  -       A1->ZN R     NAND2_X1       1  1.9    10    19     848    (-,-) 
  n_1024                                      -       -      -     (net)          -    -     -     -       -    (-,-) 
  g314465/ZN                                  -       A1->ZN F     NAND2_X1       1  3.5    10    17     865    (-,-) 
  n_2192                                      -       -      -     (net)          -    -     -     -       -    (-,-) 
  g313764/ZN                                  -       A2->ZN R     NOR2_X2        2  5.4    20    34     898    (-,-) 
  n_3028                                      -       -      -     (net)          -    -     -     -       -    (-,-) 
  g313200/ZN                                  -       A1->ZN R     AND2_X4        2  5.3     8    32     930    (-,-) 
  n_3744                                      -       -      -     (net)          -    -     -     -       -    (-,-) 
  g312911/ZN                                  -       A1->ZN F     NAND2_X2       2  7.6    12    17     947    (-,-) 
  n_3878                                      -       -      -     (net)          -    -     -     -       -    (-,-) 
  g316881/ZN                                  -       A1->ZN R     NOR2_X4        3 11.5    22    30     977    (-,-) 
  n_27                                        -       -      -     (net)          -    -     -     -       -    (-,-) 
  g312728/ZN                                  -       A->ZN  F     INV_X1         1  1.8     7    10     987    (-,-) 
  n_3992                                      -       -      -     (net)          -    -     -     -       -    (-,-) 
  g312727/ZN                                  -       A->ZN  R     INV_X1         2  3.8    11    17    1004    (-,-) 
  n_77                                        -       -      -     (net)          -    -     -     -       -    (-,-) 
  g312663/ZN                                  -       A1->ZN F     NAND2_X1       4  7.1    16    25    1029    (-,-) 
  n_4072                                      -       -      -     (net)          -    -     -     -       -    (-,-) 
  g312541/ZN                                  -       A1->ZN R     NAND2_X2      17 26.4    36    46    1075    (-,-) 
  n_4189                                      -       -      -     (net)          -    -     -     -       -    (-,-) 
  g308910/ZN                                  -       A1->ZN F     NOR2_X1        2  3.4    12    16    1091    (-,-) 
  n_7063                                      -       -      -     (net)          -    -     -     -       -    (-,-) 
  g308759/ZN                                  -       B1->ZN R     AOI21_X1       2  3.1    29    34    1125    (-,-) 
  n_7162                                      -       -      -     (net)          -    -     -     -       -    (-,-) 
  g308726/ZN                                  -       A->ZN  F     INV_X1         2  4.1    10    15    1140    (-,-) 
  n_7163                                      -       -      -     (net)          -    -     -     -       -    (-,-) 
  g308587/ZN                                  -       A->ZN  F     XNOR2_X1       1  1.4    12    37    1178    (-,-) 
  n_7246                                      -       -      -     (net)          -    -     -     -       -    (-,-) 
  aligner_inst_aligned_mant_out_reg[21][26]/D <<<     -      F     DFFR_X1        1    -     -     0    1178    (-,-) 
#---------------------------------------------------------------------------------------------------------------------

Capture clock path:
#---------------------------------------------------------------------------------------------------------------------
#                Timing Point                  Flags   Arc   Edge   Cell     Fanout Load Trans Delay Arrival Instance 
#                                                                                   (fF)  (ps)  (ps)   (ps)  Location 
#---------------------------------------------------------------------------------------------------------------------
  clk                                          (i)     -     R     (arrival)   1679  0.0     0     0    1220    (-,-) 
  clk                                          -       -     -     (net)          -    -     -     -       -    (-,-) 
  clk                                          -       -     -     (net)          -    -     -     -       -    (-,-) 
  aligner_inst_aligned_mant_out_reg[21][26]/CK <<<     -     R     DFFR_X1     1679    -     1     0    1220    (-,-) 
#---------------------------------------------------------------------------------------------------------------------


