============================================================
  Generated by:           Genus(TM) Synthesis Solution 25.11-s095_1
  Generated on:           Mar 10 2026  11:36:14 pm
  Module:                 add_fp16
  Operating conditions:   typical 
  Interconnect mode:      global
  Area mode:              physical library
============================================================

Timing
--------

Analysis view  Clock Period 
----------------------------
view_1p2_25   clock1 1351.0 


  Analysis    Cost   Critical        Violating 
    View     Group  Path Slack  TNS    Paths   
-----------------------------------------------
view_1p2_25  clock1        0.2  0.0          0 
            default   No paths  0.0          0 
-----------------------------------------------
Total                          -0.0          0 
                                               

Instance Count
--------------
Leaf Instance Count             2001 
Physical Instance count            0 
Sequential Instance Count        100 
Combinational Instance Count    1901 
Hierarchical Instance Count        0 

Area
----
Cell Area                          2706.284
Physical Cell Area                 0.000
Total Cell Area (Cell+Physical)    2706.284
Net Area                           2957.315
Total Area (Cell+Physical+Net)     5663.599

Power
-----
Leakage Power                      63412.073 nW
Dynamic Power                      5314679.099 nW
Total Power                        5378091.172 nW

Max Fanout                         100 (clk)
Min Fanout                         1 (larger_mantissa_l[17])
Average Fanout                     2.5
Terms to net ratio                 3.5508
Terms to instance ratio            3.7566
Runtime                            46.967885 seconds
Elapsed Runtime                    54 seconds
Genus peak memory usage            1697.61 
Innovus peak memory usage          no_value 
Hostname                           asicfab.ecn.purdue.edu
