============================================================
  Generated by:           Genus(TM) Synthesis Solution 25.11-s095_1
  Generated on:           Mar 10 2026  09:40:36 pm
  Operating conditions:   typical 
  Interconnect mode:      global
  Area mode:              physical library
============================================================

                               Leakage    Internal                         Library 
   Gate    Instances   Area  Power (nW)  Power (nW)         Library         Domain 
-----------------------------------------------------------------------------------
AND2_X1           15  15.960    389.585   20444.166 NangateOpenCellLibrary       0 
AND2_X2            7   9.310    355.315   18452.303 NangateOpenCellLibrary       0 
AND2_X4            2   4.788    207.012    7758.532 NangateOpenCellLibrary       0 
AND3_X1            6   7.980    161.964    5520.432 NangateOpenCellLibrary       0 
AND3_X2            1   1.596     52.417    2813.044 NangateOpenCellLibrary       0 
AND3_X4            2   5.852    273.612   15786.809 NangateOpenCellLibrary       0 
AND4_X1            8  12.768    216.013    2163.952 NangateOpenCellLibrary       0 
AND4_X2            1   1.862     49.594    1969.901 NangateOpenCellLibrary       0 
AND4_X4            2   6.916    221.483    9810.166 NangateOpenCellLibrary       0 
AOI211_X1          2   2.660     58.100    2423.497 NangateOpenCellLibrary       0 
AOI21_X1          28  29.792    753.356   31059.585 NangateOpenCellLibrary       0 
AOI21_X2           5   9.310    216.678    9589.255 NangateOpenCellLibrary       0 
AOI221_X1          4   6.384    125.486    8296.517 NangateOpenCellLibrary       0 
AOI22_X1          26  34.580    767.162   36193.464 NangateOpenCellLibrary       0 
AOI22_X4           1   4.522    143.929    7008.363 NangateOpenCellLibrary       0 
DFFR_X1            9  47.880    794.252   50700.459 NangateOpenCellLibrary       0 
HA_X1              3   7.980    196.575    6987.202 NangateOpenCellLibrary       0 
INV_X1           134  71.288   1947.797   58254.597 NangateOpenCellLibrary       0 
INV_X2             6   4.788    180.290    7650.132 NangateOpenCellLibrary       0 
INV_X4             4   5.320    220.296    6053.434 NangateOpenCellLibrary       0 
MUX2_X1           40  74.480   1462.561   66961.236 NangateOpenCellLibrary       0 
NAND2_X1         138 110.124   2629.677   71632.932 NangateOpenCellLibrary       0 
NAND2_X2          14  18.620    558.053   18127.200 NangateOpenCellLibrary       0 
NAND2_X4           3   7.182    228.706    9314.430 NangateOpenCellLibrary       0 
NAND3_X1          28  29.792    711.018   20018.010 NangateOpenCellLibrary       0 
NAND3_X2           4   7.448    201.037    5711.046 NangateOpenCellLibrary       0 
NAND3_X4           1   3.458     46.810    2475.470 NangateOpenCellLibrary       0 
NAND4_X1           7   9.310     94.448    2778.835 NangateOpenCellLibrary       0 
NAND4_X2           1   2.394     74.009    4254.756 NangateOpenCellLibrary       0 
NOR2_X1           45  35.910    949.962   28463.208 NangateOpenCellLibrary       0 
NOR2_X2            8  10.640    335.430   11711.389 NangateOpenCellLibrary       0 
NOR2_X4            1   2.394     84.376    3853.984 NangateOpenCellLibrary       0 
NOR3_X1            5   5.320    145.557    2629.146 NangateOpenCellLibrary       0 
NOR3_X2            2   3.724     93.902    4992.817 NangateOpenCellLibrary       0 
NOR4_X1            5   6.650    176.476    1045.098 NangateOpenCellLibrary       0 
OAI211_X1         10  13.300    359.784   15187.027 NangateOpenCellLibrary       0 
OAI21_X1          34  36.176    954.171   35945.678 NangateOpenCellLibrary       0 
OAI21_X2           7  13.034    444.354   15988.906 NangateOpenCellLibrary       0 
OAI221_X1          6   9.576    346.620   11340.190 NangateOpenCellLibrary       0 
OAI222_X1          2   4.256     97.423    5209.553 NangateOpenCellLibrary       0 
OAI22_X1          16  21.280    670.881   14714.816 NangateOpenCellLibrary       0 
OR2_X1            12  12.768    270.152   13531.841 NangateOpenCellLibrary       0 
OR2_X2             1   1.330     47.442    3877.419 NangateOpenCellLibrary       0 
OR3_X1             3   3.990     72.492    2096.432 NangateOpenCellLibrary       0 
OR4_X1             2   3.192     51.942    1240.421 NangateOpenCellLibrary       0 
SDFFR_X1          24 159.600   2603.254  156737.667 NangateOpenCellLibrary       0 
XNOR2_X1          14  22.344    503.561   32262.864 NangateOpenCellLibrary       0 
XNOR2_X2           4  10.640    287.826   15403.403 NangateOpenCellLibrary       0 
XOR2_X1            4   6.384    139.647    4971.832 NangateOpenCellLibrary       0 
-----------------------------------------------------------------------------------
total            707 936.852  21972.488  891413.413                                
                                          Leakage  Leakage  Internal  Internal 
     Type      Instances   Area  Area % Power (nW) Power % Power (nW)  Power % 
-------------------------------------------------------------------------------
sequential            33 207.480   22.1   3397.506    15.5 207438.126     23.3 
inverter             144  81.396    8.7   2348.382    10.7  71958.163      8.1 
logic                530 647.976   69.2  16226.600    73.8 612017.124     68.7 
physical_cells         0   0.000    0.0      0.000     0.0      0.000      0.0 
-------------------------------------------------------------------------------
total                707 936.852  100.0  21972.488   100.0 891413.413    100.0 
