============================================================
  Generated by:           Genus(TM) Synthesis Solution 25.11-s095_1
  Generated on:           Mar 10 2026  09:40:32 pm
  Module:                 add_bf16_1C
  Operating conditions:   typical 
  Interconnect mode:      global
  Area mode:              physical library
============================================================


Path 1: MET (0 ps) Late External Delay Assertion at pin bf_out[14]
           View: view_1p2_25
          Group: clock1
     Startpoint: (R) bf2_in_reg[8]/CK
          Clock: (R) clock1
       Endpoint: (R) bf_out[14]
          Clock: (R) clock1

                     Capture       Launch     
        Clock Edge:+    1205            0     
       Src Latency:+       0            0     
       Net Latency:+       0 (I)        0 (I) 
           Arrival:=    1205            0     
                                              
      Output Delay:-       1                  
       Uncertainty:-       0                  
     Required Time:=    1204                  
      Launch Clock:-       0                  
         Data Path:-    1204                  
             Slack:=       0                  

Exceptions/Constraints:
  output_delay              1              add_bf16_1C.sdc_line_21_34_1   

Launch clock path:
#-----------------------------------------------------------------------------------------
#  Timing Point    Flags   Arc   Edge   Cell     Fanout Load Trans Delay Arrival Instance 
#                                                       (fF)  (ps)  (ps)   (ps)  Location 
#-----------------------------------------------------------------------------------------
  clk              (i)     -     R     (arrival)     33  0.0     0     0       0    (-,-) 
  clk              -       -     -     (net)          -    -     -     -       -    (-,-) 
  clk              -       -     -     (net)          -    -     -     -       -    (-,-) 
  bf2_in_reg[8]/CK <<<     -     R     DFFR_X1       33    -     1     0       0    (-,-) 
#-----------------------------------------------------------------------------------------

#------------------------------------------------------------------------------------------
#  Timing Point    Flags    Arc   Edge   Cell     Fanout Load Trans Delay Arrival Instance 
#                                                        (fF)  (ps)  (ps)   (ps)  Location 
#------------------------------------------------------------------------------------------
  bf2_in_reg[8]/CK -       -      R     (arrival)     33    -     1     0       0    (-,-) 
  bf2_in_reg[8]/QN -       CK->QN R     DFFR_X1        5  8.6    25    84      84    (-,-) 
  bf2_in[8]        -       -      -     (net)          -    -     -     -       -    (-,-) 
  g47301/ZN        -       A->ZN  F     INV_X1         2  3.6     9    14      98    (-,-) 
  n_0              -       -      -     (net)          -    -     -     -       -    (-,-) 
  g47277__8246/ZN  -       A1->ZN F     AND2_X2        2  3.5     6    28     126    (-,-) 
  n_34             -       -      -     (net)          -    -     -     -       -    (-,-) 
  g47133__9945/ZN  -       B1->ZN R     OAI21_X1       1  3.6    27    35     161    (-,-) 
  n_55             -       -      -     (net)          -    -     -     -       -    (-,-) 
  g47119__9315/ZN  -       A2->ZN F     NAND3_X2       3  7.1    17    32     193    (-,-) 
  n_126            -       -      -     (net)          -    -     -     -       -    (-,-) 
  g47107__5526/ZN  -       A1->ZN R     NAND3_X2       2  8.1    17    26     219    (-,-) 
  n_145            -       -      -     (net)          -    -     -     -       -    (-,-) 
  g47101__1881/ZN  -       A1->ZN F     NAND2_X4       5  8.6     9    16     235    (-,-) 
  n_155            -       -      -     (net)          -    -     -     -       -    (-,-) 
  g47097__1617/ZN  -       A1->ZN R     NAND2_X2       1  6.3    13    18     253    (-,-) 
  n_152            -       -      -     (net)          -    -     -     -       -    (-,-) 
  g47096__6260/ZN  -       A1->ZN F     NAND2_X4       4 12.2    12    17     270    (-,-) 
  n_170            -       -      -     (net)          -    -     -     -       -    (-,-) 
  g47094/ZN        -       A->ZN  R     INV_X4         6 15.8    12    20     290    (-,-) 
  n_161            -       -      -     (net)          -    -     -     -       -    (-,-) 
  g47064__9945/ZN  -       A1->ZN F     NAND2_X1       1  4.1    11    19     309    (-,-) 
  n_178            -       -      -     (net)          -    -     -     -       -    (-,-) 
  g47039__8246/ZN  -       A->ZN  R     XNOR2_X2       5 10.9    36    47     357    (-,-) 
  n_230            -       -      -     (net)          -    -     -     -       -    (-,-) 
  g47031/ZN        -       A->ZN  F     INV_X2         3  9.4    13    18     374    (-,-) 
  n_231            -       -      -     (net)          -    -     -     -       -    (-,-) 
  g47017__2883/ZN  -       A1->ZN R     NOR2_X4        7 12.1    22    32     406    (-,-) 
  n_257            -       -      -     (net)          -    -     -     -       -    (-,-) 
  g46990__1881/ZN  -       A1->ZN F     NAND2_X1       1  1.8    10    16     422    (-,-) 
  n_254            -       -      -     (net)          -    -     -     -       -    (-,-) 
  g46983__5107/ZN  -       A2->ZN R     NAND2_X1       1  1.9    10    18     440    (-,-) 
  n_281            -       -      -     (net)          -    -     -     -       -    (-,-) 
  g46967__7098/ZN  -       A1->ZN F     NAND2_X1       1  3.2    10    16     456    (-,-) 
  n_301            -       -      -     (net)          -    -     -     -       -    (-,-) 
  g46965__5477/ZN  -       A->ZN  R     OAI21_X2       4  8.9    31    27     483    (-,-) 
  n_338            -       -      -     (net)          -    -     -     -       -    (-,-) 
  g46941__8246/ZN  -       A1->ZN F     NOR2_X2        4  6.9    16    15     498    (-,-) 
  n_418            -       -      -     (net)          -    -     -     -       -    (-,-) 
  g46935/ZN        -       A->ZN  R     INV_X1         3  6.5    18    28     526    (-,-) 
  n_349            -       -      -     (net)          -    -     -     -       -    (-,-) 
  g46918__9945/ZN  -       A1->ZN F     NAND2_X2       7 14.7    17    28     554    (-,-) 
  n_427            -       -      -     (net)          -    -     -     -       -    (-,-) 
  g46860__1705/ZN  -       A2->ZN R     NOR2_X1        2  3.8    25    42     596    (-,-) 
  n_401            -       -      -     (net)          -    -     -     -       -    (-,-) 
  g47348/ZN        -       A4->ZN R     AND4_X2        2  3.8    12    58     654    (-,-) 
  n_784            -       -      -     (net)          -    -     -     -       -    (-,-) 
  g46827__4319/ZN  -       A2->ZN F     NAND2_X1       1  3.2    10    18     671    (-,-) 
  n_433            -       -      -     (net)          -    -     -     -       -    (-,-) 
  g46814__1881/ZN  -       A1->ZN R     NAND3_X2       2  6.7    16    21     692    (-,-) 
  n_462            -       -      -     (net)          -    -     -     -       -    (-,-) 
  g46804__6783/ZN  -       A1->ZN F     NAND2_X2       3 11.8    14    25     717    (-,-) 
  n_478            -       -      -     (net)          -    -     -     -       -    (-,-) 
  g46802/ZN        -       A->ZN  R     INV_X4         8 14.6    12    21     738    (-,-) 
  n_489            -       -      -     (net)          -    -     -     -       -    (-,-) 
  g46781__5122/ZN  -       A2->ZN F     NAND3_X1       1  1.9    11    21     759    (-,-) 
  n_490            -       -      -     (net)          -    -     -     -       -    (-,-) 
  g46770__2398/ZN  -       A1->ZN F     AND2_X2        2  6.5     8    31     790    (-,-) 
  n_501            -       -      -     (net)          -    -     -     -       -    (-,-) 
  g46767/ZN        -       A->ZN  R     INV_X2         4  9.2    13    19     809    (-,-) 
  n_529            -       -      -     (net)          -    -     -     -       -    (-,-) 
  g46744__8246/ZN  -       A2->ZN F     NAND2_X2       7 14.2    18    26     836    (-,-) 
  n_541            -       -      -     (net)          -    -     -     -       -    (-,-) 
  g46738/ZN        -       A->ZN  R     INV_X2         2  5.2    10    19     855    (-,-) 
  n_543            -       -      -     (net)          -    -     -     -       -    (-,-) 
  g46727__4733/ZN  -       B1->ZN F     AOI21_X2       2  3.6    14    14     870    (-,-) 
  n_546            -       -      -     (net)          -    -     -     -       -    (-,-) 
  g46724/ZN        -       A->ZN  R     INV_X1         1  1.9     9    16     885    (-,-) 
  n_547            -       -      -     (net)          -    -     -     -       -    (-,-) 
  g46718__4319/ZN  -       A1->ZN F     NAND2_X1       3  5.1    14    20     905    (-,-) 
  n_598            -       -      -     (net)          -    -     -     -       -    (-,-) 
  g46715/ZN        -       A->ZN  R     INV_X1         3  4.8    14    23     928    (-,-) 
  n_594            -       -      -     (net)          -    -     -     -       -    (-,-) 
  g46657__6783/ZN  -       A1->ZN F     NAND3_X1       1  3.0    22    23     951    (-,-) 
  n_595            -       -      -     (net)          -    -     -     -       -    (-,-) 
  g46638__9315/ZN  -       A1->ZN R     NOR2_X2        3  5.6    21    34     985    (-,-) 
  n_639            -       -      -     (net)          -    -     -     -       -    (-,-) 
  g46614__5526/ZN  -       B1->ZN F     OAI21_X1       2  3.4    16    21    1007    (-,-) 
  n_651            -       -      -     (net)          -    -     -     -       -    (-,-) 
  g46609/ZN        -       A->ZN  R     INV_X1         2  4.9    14    24    1031    (-,-) 
  n_662            -       -      -     (net)          -    -     -     -       -    (-,-) 
  g46587__6161/ZN  -       A2->ZN F     NAND2_X2       2  4.9     9    17    1047    (-,-) 
  n_678            -       -      -     (net)          -    -     -     -       -    (-,-) 
  g46569__6783/ZN  -       A1->ZN R     NAND4_X2       2  5.2    18    20    1068    (-,-) 
  n_705            -       -      -     (net)          -    -     -     -       -    (-,-) 
  g46563__2346/ZN  -       A1->ZN R     AND4_X4        3  7.3    12    50    1117    (-,-) 
  n_712            -       -      -     (net)          -    -     -     -       -    (-,-) 
  g46557__4733/ZN  -       A1->ZN F     NOR2_X2        2  4.9    10    10    1128    (-,-) 
  n_716            -       -      -     (net)          -    -     -     -       -    (-,-) 
  g46551__8246/ZN  -       A1->ZN R     NAND2_X2       1  3.5    10    15    1143    (-,-) 
  n_719            -       -      -     (net)          -    -     -     -       -    (-,-) 
  g46546__3680/ZN  -       A->ZN  F     OAI21_X2       2  3.4    18    18    1161    (-,-) 
  n_730            -       -      -     (net)          -    -     -     -       -    (-,-) 
  g46543/ZN        -       A->ZN  R     INV_X1         1  1.9     9    18    1179    (-,-) 
  n_731            -       -      -     (net)          -    -     -     -       -    (-,-) 
  g46541__6260/ZN  -       A1->ZN F     NAND2_X1       1  1.8     7    13    1191    (-,-) 
  n_736            -       -      -     (net)          -    -     -     -       -    (-,-) 
  g46537__2398/ZN  -       A2->ZN R     NAND2_X1       1  0.3     7    12    1204    (-,-) 
  bf_out[14]       -       -      -     (net)          -    -     -     -       -    (-,-) 
  bf_out[14]       <<<     -      R     (port)         -    -     -     0    1204    (-,-) 
#------------------------------------------------------------------------------------------


