============================================================
  Generated by:           Genus(TM) Synthesis Solution 25.11-s095_1
  Generated on:           Mar 10 2026  01:05:20 pm
  Module:                 mul_bf
  Library domain:         timing_condition_tt_1p2v_25c
    Domain index:         0
    Technology library:   NangateOpenCellLibrary revision 1.0
  Operating conditions:   typical 
  Interconnect mode:      global
  Area mode:              physical library
============================================================

Timing
--------

Analysis view  Clock Period 
----------------------------
view_1p2_25   clock1 1124.0 


  Analysis    Cost   Critical        Violating 
    View     Group  Path Slack  TNS    Paths   
-----------------------------------------------
view_1p2_25  clock1       21.6  0.0          0 
            default   No paths  0.0          0 
-----------------------------------------------
Total                          -0.0          0 
                                               

Instance Count
--------------
Leaf Instance Count             534 
Physical Instance count           0 
Sequential Instance Count        25 
Combinational Instance Count    509 
Hierarchical Instance Count       0 

Area
----
Cell Area                          724.850
Physical Cell Area                 0.000
Total Cell Area (Cell+Physical)    724.850
Net Area                           701.036
Total Area (Cell+Physical+Net)     1425.886

Power
-----
Leakage Power                      16945.985 nW
Dynamic Power                      1195260.049 nW
Total Power                        1212206.034 nW

Max Fanout                         25 (clk)
Min Fanout                         0 (nRST)
Average Fanout                     2.0
Terms to net ratio                 2.9949
Terms to instance ratio            3.2978
Runtime                            44.993766 seconds
Elapsed Runtime                    51 seconds
Genus peak memory usage            1660.59 
Innovus peak memory usage          no_value 
Hostname                           asicfab.ecn.purdue.edu
