============================================================
  Generated by:           Genus(TM) Synthesis Solution 25.11-s095_1
  Generated on:           Jun 13 2026  01:11:31 am
  Module:                 sysarr_32_input_fp_adder
  Operating conditions:   typical 
  Interconnect mode:      global
  Area mode:              physical library
============================================================

Timing
--------

Analysis view  Clock Period 
----------------------------
view_1p2_25   clock1 1099.0 


  Analysis    Cost   Critical        Violating 
    View     Group  Path Slack  TNS    Paths   
-----------------------------------------------
view_1p2_25  clock1        0.0  0.0          0 
            default   No paths  0.0          0 
-----------------------------------------------
Total                          -0.0          0 
                                               

Instance Count
--------------
Leaf Instance Count             15585 
Physical Instance count             0 
Sequential Instance Count        1679 
Combinational Instance Count    13906 
Hierarchical Instance Count         0 

Area
----
Cell Area                          26311.656
Physical Cell Area                 0.000
Total Cell Area (Cell+Physical)    26311.656
Net Area                           20542.593
Total Area (Cell+Physical+Net)     46854.249

Power
-----
Leakage Power                      570179.866 nW
Dynamic Power                      56884831.845 nW
Total Power                        57455011.711 nW

Max Fanout                         1679 (clk)
Min Fanout                         0 (w_aligned_mants[0][27])
Average Fanout                     2.1
Terms to net ratio                 3.2236
Terms to instance ratio            3.5510
Runtime                            50.362383 seconds
Elapsed Runtime                    54 seconds
Genus peak memory usage            1747.25 
Innovus peak memory usage          no_value 
Hostname                           asicfab.ecn.purdue.edu
