============================================================
  Generated by:           Genus(TM) Synthesis Solution 25.11-s095_1
  Generated on:           Jun 12 2026  01:37:33 am
  Operating conditions:   typical 
  Interconnect mode:      global
  Area mode:              physical library
============================================================

                         Leakage   Internal          Library 
 Gate  Instances  Area Power (nW) Power (nW) Library  Domain 
-------------------------------------------------------------
-------------------------------------------------------------
total          0 0.000      0.000      0.000                 
                                        Leakage  Leakage   Internal   Internal 
     Type      Instances  Area Area % Power (nW) Power %  Power (nW)   Power % 
-------------------------------------------------------------------------------
sequential          1679 0.000    0.0 132829.562    29.3  6436059.876     30.8 
inverter               5 0.000    0.0     71.711     0.0      946.939      0.0 
logic              27049 0.000    0.0 321029.580    70.7 14457151.318     69.2 
physical_cells         0 0.000    0.0      0.000     0.0        0.000      0.0 
-------------------------------------------------------------------------------
total              28733 0.000    0.0 453930.852   100.0 20894158.133    100.0 
