Command: report datapath reports/syn_generic/area.datapath.rpt
Warning: '-sort' is not specified. By default, 'report datapath' orders the components based on instance name
============================================================
  Generated by:           Genus(TM) Synthesis Solution 25.11-s095_1
  Generated on:           Mar 05 2026  06:21:57 pm
  Module:                 sysarr_4_input_fp_adder
  Library domain:         timing_condition_tt_1p2v_25c
    Domain index:         0
    Technology library:   NangateOpenCellLibrary revision 1.0
  Operating conditions:   typical 
  Interconnect mode:      global
  Area mode:              physical library
============================================================



Inferred components

                            Operator Signedness          Architecture                    Inputs    Outputs        CellArea LogicLevels 
=======================================================================================================================================
sysarr_4_input_fp_adder
SUB_UNS_OP module:sub_unsigned_1694 
                                   -   unsigned             very_fast                      1x36         36          194.48          36 
=======================================================================================================================================
sysarr_4_input_fp_adder
csa_tree_add_174_70_groupi module:csa_tree_add_174_70_group_2011 
 equation: assign out_0 = (($signed(in_1) + $signed(in_2)) + $signed({1'b0,in_0})); 
                       csa_and_adder        n/a             very_fast                   2x36x37         37          750.82          48 

Related RTL operators:
     add_174_40                    +     signed             very_fast                     36x37         38                          13 
     add_174_70                    +     signed             very_fast                      38x3         37                          15 
=======================================================================================================================================
Type              CellArea  Percentage
--------------------------------------
datapath modules    945.30       12.09
external muxes        0.00        0.00
others             6875.35       87.91
--------------------------------------
total              7820.65      100.00
