============================================================
  Generated by:           Genus(TM) Synthesis Solution 25.11-s095_1
  Generated on:           May 24 2026  08:22:29 am
  Module:                 sysarr_32_input_fp_adder
  Operating conditions:   typical 
  Interconnect mode:      global
  Area mode:              physical library
============================================================


Path 1: MET (0 ps) Setup Check with Pin abs_sum_reg[26]/clk->d
           View: view_1p2_25
          Group: clock1
     Startpoint: (R) adder_tree_inst_s0_g6_r_reg[3]/clk
          Clock: (R) clock1
       Endpoint: (R) abs_sum_reg[26]/d
          Clock: (R) clock1

                     Capture       Launch     
        Clock Edge:+    1000            0     
       Src Latency:+       0            0     
       Net Latency:+       0 (I)        0 (I) 
           Arrival:=    1000            0     
                                              
             Setup:-      38                  
       Uncertainty:-       0                  
     Required Time:=     962                  
      Launch Clock:-       0                  
         Data Path:-     962                  
             Slack:=       0                  

Launch clock path:
#-----------------------------------------------------------------------------------------------------------------
#           Timing Point             Flags   Arc   Edge      Cell        Fanout Load Trans Delay Arrival Instance 
#                                                                               (fF)  (ps)  (ps)   (ps)  Location 
#-----------------------------------------------------------------------------------------------------------------
  clk                                (i,u)   -     R     (arrival)         2650  0.0     0     0       0    (-,-) 
  clk                                -       -     -     (net)                -    -     -     -       -    (-,-) 
  clk                                -       -     -     (net)                -    -     -     -       -    (-,-) 
  adder_tree_inst_s0_g6_r_reg[3]/clk <<<     -     R     unmapped_d_flop   2650    -     1     0       0    (-,-) 
#-----------------------------------------------------------------------------------------------------------------

#------------------------------------------------------------------------------------------------------------------------------
#                Timing Point                 Flags    Arc    Edge       Cell         Fanout Load Trans Delay Arrival Instance 
#                                                                                            (fF)  (ps)  (ps)   (ps)  Location 
#------------------------------------------------------------------------------------------------------------------------------
  adder_tree_inst_s0_g6_r_reg[3]/clk          -       -       R     (arrival)           2650    -     1     0       0    (-,-) 
  adder_tree_inst_s0_g6_r_reg[3]/q            (u)     clk->q  R     unmapped_d_flop        4 14.4     0   119     119    (-,-) 
  adder_tree_inst_s0_g6_r[3]                  -       -       -     (net)                  -    -     -     -       -    (-,-) 
  csa_tree_adder_tree_inst_add_141_90/g4681/z (u)     in_1->z R     unmapped_or2           1  3.6     0    17     136    (-,-) 
  csa_tree_adder_tree_inst_add_141_90/n_3043  -       -       -     (net)                  -    -     -     -       -    (-,-) 
  csa_tree_adder_tree_inst_add_141_90/g9271/z (u)     in_0->z F     unmapped_nand2         1  3.2     0    17     152    (-,-) 
  csa_tree_adder_tree_inst_add_141_90/n_3773  -       -       -     (net)                  -    -     -     -       -    (-,-) 
  csa_tree_adder_tree_inst_add_141_90/g8810/z (u)     in_0->z R     unmapped_nand2         4 14.4     0    24     177    (-,-) 
  csa_tree_adder_tree_inst_add_141_90/n_167   -       -       -     (net)                  -    -     -     -       -    (-,-) 
  csa_tree_adder_tree_inst_add_141_90/g8254/z (u)     in_1->z R     unmapped_complex2      1  3.6     0    17     194    (-,-) 
  csa_tree_adder_tree_inst_add_141_90/n_6500  -       -       -     (net)                  -    -     -     -       -    (-,-) 
  csa_tree_adder_tree_inst_add_141_90/g8255/z (u)     in_1->z F     unmapped_nand2         2  6.4     0    19     213    (-,-) 
  csa_tree_adder_tree_inst_add_141_90/n_1479  -       -       -     (net)                  -    -     -     -       -    (-,-) 
  csa_tree_adder_tree_inst_add_141_90/g8189/z (u)     in_0->z F     unmapped_complex2      1  3.2     0    17     229    (-,-) 
  csa_tree_adder_tree_inst_add_141_90/n_6474  -       -       -     (net)                  -    -     -     -       -    (-,-) 
  csa_tree_adder_tree_inst_add_141_90/g8190/z (u)     in_1->z R     unmapped_nand2         4 14.4     0    24     254    (-,-) 
  csa_tree_adder_tree_inst_add_141_90/n_179   -       -       -     (net)                  -    -     -     -       -    (-,-) 
  csa_tree_adder_tree_inst_add_141_90/g7583/z (u)     in_1->z R     unmapped_complex2      1  3.6     0    17     270    (-,-) 
  csa_tree_adder_tree_inst_add_141_90/n_6202  -       -       -     (net)                  -    -     -     -       -    (-,-) 
  csa_tree_adder_tree_inst_add_141_90/g7584/z (u)     in_1->z F     unmapped_nand2         2  6.4     0    19     289    (-,-) 
  csa_tree_adder_tree_inst_add_141_90/n_1495  -       -       -     (net)                  -    -     -     -       -    (-,-) 
  csa_tree_adder_tree_inst_add_141_90/g7549/z (u)     in_0->z F     unmapped_complex2      1  3.2     0    17     306    (-,-) 
  csa_tree_adder_tree_inst_add_141_90/n_6186  -       -       -     (net)                  -    -     -     -       -    (-,-) 
  csa_tree_adder_tree_inst_add_141_90/g7550/z (u)     in_1->z R     unmapped_nand2         4 14.4     0    24     330    (-,-) 
  csa_tree_adder_tree_inst_add_141_90/n_186   -       -       -     (net)                  -    -     -     -       -    (-,-) 
  csa_tree_adder_tree_inst_add_141_90/g4679/z (u)     in_1->z R     unmapped_or2           1  3.6     0    17     347    (-,-) 
  csa_tree_adder_tree_inst_add_141_90/n_3042  -       -       -     (net)                  -    -     -     -       -    (-,-) 
  csa_tree_adder_tree_inst_add_141_90/g7023/z (u)     in_0->z F     unmapped_nand2         1  3.2     0    17     364    (-,-) 
  csa_tree_adder_tree_inst_add_141_90/n_5363  -       -       -     (net)                  -    -     -     -       -    (-,-) 
  csa_tree_adder_tree_inst_add_141_90/g6992/z (u)     in_0->z R     unmapped_nand2         3 10.8     0    22     385    (-,-) 
  csa_tree_adder_tree_inst_add_141_90/n_231   -       -       -     (net)                  -    -     -     -       -    (-,-) 
  csa_tree_adder_tree_inst_add_141_90/g6777/z (u)     in_0->z F     unmapped_complex2      1  3.2     0    17     402    (-,-) 
  csa_tree_adder_tree_inst_add_141_90/n_5866  -       -       -     (net)                  -    -     -     -       -    (-,-) 
  csa_tree_adder_tree_inst_add_141_90/g6778/z (u)     in_1->z R     unmapped_nand2         2  7.2     0    19     421    (-,-) 
  csa_tree_adder_tree_inst_add_141_90/n_1563  -       -       -     (net)                  -    -     -     -       -    (-,-) 
  csa_tree_adder_tree_inst_add_141_90/g6767/z (u)     in_0->z R     unmapped_complex2      1  3.6     0    17     438    (-,-) 
  csa_tree_adder_tree_inst_add_141_90/n_5862  -       -       -     (net)                  -    -     -     -       -    (-,-) 
  csa_tree_adder_tree_inst_add_141_90/g6768/z (u)     in_1->z F     unmapped_nand2        10 32.0     0    38     475    (-,-) 
  n_27116                                     -       -       -     (net)                  -    -     -     -       -    (-,-) 
  WALLACE_CSA_DUMMY_OP_groupi/g1828/z         (u)     in_1->z R     unmapped_complex2      1  3.6     0    17     492    (-,-) 
  WALLACE_CSA_DUMMY_OP_groupi/n_1073          -       -       -     (net)                  -    -     -     -       -    (-,-) 
  WALLACE_CSA_DUMMY_OP_groupi/g1829/z         (u)     in_1->z F     unmapped_nand2         2  6.4     0    19     511    (-,-) 
  WALLACE_CSA_DUMMY_OP_groupi/n_160           -       -       -     (net)                  -    -     -     -       -    (-,-) 
  WALLACE_CSA_DUMMY_OP_groupi/g1737/z         (u)     in_1->z F     unmapped_complex2      3  9.6     0    22     532    (-,-) 
  WALLACE_CSA_DUMMY_OP_groupi/n_238           -       -       -     (net)                  -    -     -     -       -    (-,-) 
  WALLACE_CSA_DUMMY_OP_groupi/g1704/z         (u)     in_1->z R     unmapped_complex2      1  3.6     0    17     549    (-,-) 
  WALLACE_CSA_DUMMY_OP_groupi/n_645           -       -       -     (net)                  -    -     -     -       -    (-,-) 
  WALLACE_CSA_DUMMY_OP_groupi/g1674/z         (u)     in_0->z F     unmapped_nand2         1  3.2     0    17     566    (-,-) 
  WALLACE_CSA_DUMMY_OP_groupi/n_326           -       -       -     (net)                  -    -     -     -       -    (-,-) 
  WALLACE_CSA_DUMMY_OP_groupi/g1628/z         (u)     in_1->z F     unmapped_complex2      3  9.6     0    22     587    (-,-) 
  WALLACE_CSA_DUMMY_OP_groupi/n_573           -       -       -     (net)                  -    -     -     -       -    (-,-) 
  WALLACE_CSA_DUMMY_OP_groupi/g1623/z         (u)     in_1->z R     unmapped_nand2         1  3.6     0    17     604    (-,-) 
  WALLACE_CSA_DUMMY_OP_groupi/n_845           -       -       -     (net)                  -    -     -     -       -    (-,-) 
  WALLACE_CSA_DUMMY_OP_groupi/g1611/z         (u)     in_1->z F     unmapped_nand2         3  9.6     0    22     626    (-,-) 
  WALLACE_CSA_DUMMY_OP_groupi/n_576           -       -       -     (net)                  -    -     -     -       -    (-,-) 
  WALLACE_CSA_DUMMY_OP_groupi/g1605/z         (u)     in_1->z R     unmapped_nand2         1  3.6     0    17     642    (-,-) 
  WALLACE_CSA_DUMMY_OP_groupi/n_848           -       -       -     (net)                  -    -     -     -       -    (-,-) 
  WALLACE_CSA_DUMMY_OP_groupi/g1604/z         (u)     in_1->z F     unmapped_nand2         4 12.8     0    24     667    (-,-) 
  WALLACE_CSA_DUMMY_OP_groupi/n_453           -       -       -     (net)                  -    -     -     -       -    (-,-) 
  WALLACE_CSA_DUMMY_OP_groupi/g1599/z         (u)     in_0->z R     unmapped_complex2      1  3.6     0    17     683    (-,-) 
  WALLACE_CSA_DUMMY_OP_groupi/n_857           -       -       -     (net)                  -    -     -     -       -    (-,-) 
  WALLACE_CSA_DUMMY_OP_groupi/g1596/z         (u)     in_0->z F     unmapped_complex2      4 12.8     0    24     708    (-,-) 
  WALLACE_CSA_DUMMY_OP_groupi/n_588           -       -       -     (net)                  -    -     -     -       -    (-,-) 
  WALLACE_CSA_DUMMY_OP_groupi/g1588/z         (u)     in_0->z R     unmapped_complex2      2  7.2     0    19     727    (-,-) 
  WALLACE_CSA_DUMMY_OP_groupi/n_639           -       -       -     (net)                  -    -     -     -       -    (-,-) 
  WALLACE_CSA_DUMMY_OP_groupi/g1586/z         (u)     in_1->z R     unmapped_or2           1  3.6     0    17     743    (-,-) 
  WALLACE_CSA_DUMMY_OP_groupi/n_878           -       -       -     (net)                  -    -     -     -       -    (-,-) 
  WALLACE_CSA_DUMMY_OP_groupi/g1572/z         (u)     in_0->z F     unmapped_complex2      5 16.0     0    28     771    (-,-) 
  WALLACE_CSA_DUMMY_OP_groupi/n_511           -       -       -     (net)                  -    -     -     -       -    (-,-) 
  WALLACE_CSA_DUMMY_OP_groupi/g1562/z         (u)     in_0->z R     unmapped_complex2      1  3.6     0    17     788    (-,-) 
  WALLACE_CSA_DUMMY_OP_groupi/n_887           -       -       -     (net)                  -    -     -     -       -    (-,-) 
  WALLACE_CSA_DUMMY_OP_groupi/g1555/z         (u)     in_0->z F     unmapped_complex2      9 28.8     0    36     824    (-,-) 
  WALLACE_CSA_DUMMY_OP_groupi/n_618           -       -       -     (net)                  -    -     -     -       -    (-,-) 
  WALLACE_CSA_DUMMY_OP_groupi/g1544/z         (u)     in_1->z R     unmapped_nand2         2  7.2     0    19     843    (-,-) 
  WALLACE_CSA_DUMMY_OP_groupi/n_908           -       -       -     (net)                  -    -     -     -       -    (-,-) 
  WALLACE_CSA_DUMMY_OP_groupi/g1524/z         (u)     in_0->z R     unmapped_complex2      1  3.6     0    17     860    (-,-) 
  WALLACE_CSA_DUMMY_OP_groupi/n_968           -       -       -     (net)                  -    -     -     -       -    (-,-) 
  WALLACE_CSA_DUMMY_OP_groupi/g1493/z         (u)     in_0->z F     unmapped_complex2      2  6.4     0    19     879    (-,-) 
  WALLACE_CSA_DUMMY_OP_groupi/n_623           -       -       -     (net)                  -    -     -     -       -    (-,-) 
  WALLACE_CSA_DUMMY_OP_groupi/g1488/z         (u)     in_0->z F     unmapped_or2           1  3.2     0    17     895    (-,-) 
  WALLACE_CSA_DUMMY_OP_groupi/n_975           -       -       -     (net)                  -    -     -     -       -    (-,-) 
  WALLACE_CSA_DUMMY_OP_groupi/g1489/z         (u)     in_1->z R     unmapped_nand2         1  3.6     0    17     912    (-,-) 
  n_27205                                     -       -       -     (net)                  -    -     -     -       -    (-,-) 
  g59584/z                                    (u)     in_0->z F     unmapped_complex2      1  3.2     0    17     929    (-,-) 
  n_144284                                    -       -       -     (net)                  -    -     -     -       -    (-,-) 
  g59494/z                                    (u)     in_0->z R     unmapped_complex2      1  3.6     0    17     945    (-,-) 
  n_144286                                    -       -       -     (net)                  -    -     -     -       -    (-,-) 
  g59478/z                                    (u)     in_0->z R     unmapped_complex2      1  3.6     0    17     962    (-,-) 
  n_74285                                     -       -       -     (net)                  -    -     -     -       -    (-,-) 
  abs_sum_reg[26]/d                           <<<     -       R     unmapped_d_flop        1    -     -     0     962    (-,-) 
#------------------------------------------------------------------------------------------------------------------------------

(u) : Net has unmapped pin(s).

Capture clock path:
#--------------------------------------------------------------------------------------------------
#    Timing Point     Flags   Arc   Edge      Cell        Fanout Load Trans Delay Arrival Instance 
#                                                                (fF)  (ps)  (ps)   (ps)  Location 
#--------------------------------------------------------------------------------------------------
  clk                 (i,u)   -     R     (arrival)         2650  0.0     0     0    1000    (-,-) 
  clk                 -       -     -     (net)                -    -     -     -       -    (-,-) 
  clk                 -       -     -     (net)                -    -     -     -       -    (-,-) 
  abs_sum_reg[26]/clk <<<     -     R     unmapped_d_flop   2650    -     1     0    1000    (-,-) 
#--------------------------------------------------------------------------------------------------


