============================================================
  Generated by:           Genus(TM) Synthesis Solution 25.11-s095_1
  Generated on:           Mar 10 2026  04:25:51 pm
  Operating conditions:   typical 
  Interconnect mode:      global
  Area mode:              physical library
============================================================

                               Leakage    Internal                         Library 
   Gate    Instances   Area  Power (nW)  Power (nW)         Library         Domain 
-----------------------------------------------------------------------------------
AND2_X1           18  19.152    455.719    7336.159 NangateOpenCellLibrary       0 
AND3_X1            2   2.660     58.171     452.502 NangateOpenCellLibrary       0 
AND4_X1            1   1.596     23.611     337.299 NangateOpenCellLibrary       0 
AOI211_X1          2   2.660     72.883    1212.390 NangateOpenCellLibrary       0 
AOI21_X1          21  22.344    595.596   13266.870 NangateOpenCellLibrary       0 
AOI221_X1          2   3.192     80.387    1613.606 NangateOpenCellLibrary       0 
AOI22_X1           7   9.310    195.694    6297.394 NangateOpenCellLibrary       0 
AOI22_X2           1   2.394     96.689    2364.950 NangateOpenCellLibrary       0 
DFFR_X1           25 133.000   2203.299  194307.003 NangateOpenCellLibrary       0 
FA_X1             11  46.816    869.801   23509.191 NangateOpenCellLibrary       0 
HA_X1             17  45.220   1042.522   22822.040 NangateOpenCellLibrary       0 
INV_X1            81  43.092   1179.422   19690.220 NangateOpenCellLibrary       0 
INV_X2             1   0.798     28.790    1441.949 NangateOpenCellLibrary       0 
MUX2_X1            4   7.448    142.059    2756.456 NangateOpenCellLibrary       0 
NAND2_X1          84  67.032   1581.527   20942.519 NangateOpenCellLibrary       0 
NAND2_X2           4   5.320    162.564    2007.345 NangateOpenCellLibrary       0 
NAND3_X1           7   7.448    104.632    2065.016 NangateOpenCellLibrary       0 
NAND4_X1           5   6.650     83.236     672.441 NangateOpenCellLibrary       0 
NOR2_X1           40  31.920    864.090    8486.682 NangateOpenCellLibrary       0 
NOR2_X2            2   2.660     84.303    1313.633 NangateOpenCellLibrary       0 
NOR3_X1            6   6.384    157.130    2451.506 NangateOpenCellLibrary       0 
NOR3_X2            2   3.724    105.522    2074.048 NangateOpenCellLibrary       0 
NOR4_X1            7   9.310    233.099     949.788 NangateOpenCellLibrary       0 
OAI211_X1          2   2.660     66.756     689.294 NangateOpenCellLibrary       0 
OAI21_X1          30  31.920    800.368   18189.767 NangateOpenCellLibrary       0 
OAI221_X1          1   1.596     56.826    1576.813 NangateOpenCellLibrary       0 
OAI22_X1          12  15.960    476.877   12955.793 NangateOpenCellLibrary       0 
OR2_X1             5   5.320    113.914    2245.713 NangateOpenCellLibrary       0 
OR2_X2             1   1.330     45.231     785.261 NangateOpenCellLibrary       0 
OR3_X1             1   1.330     24.048     370.819 NangateOpenCellLibrary       0 
OR4_X1             1   1.596     26.956     629.597 NangateOpenCellLibrary       0 
XNOR2_X1          28  44.688   1009.201   32261.800 NangateOpenCellLibrary       0 
XNOR2_X2           1   2.660     73.540    1284.300 NangateOpenCellLibrary       0 
XOR2_X1           14  22.344    499.303   19306.733 NangateOpenCellLibrary       0 
XOR2_X2            1   2.394     73.210    2375.179 NangateOpenCellLibrary       0 
-----------------------------------------------------------------------------------
total            447 613.928  13686.975  431042.076                                
                                          Leakage  Leakage  Internal  Internal 
     Type      Instances   Area  Area % Power (nW) Power % Power (nW)  Power % 
-------------------------------------------------------------------------------
sequential            25 133.000   21.7   2203.299    16.1 194307.003     45.1 
inverter              82  43.890    7.1   1208.212     8.8  21132.169      4.9 
logic                340 437.038   71.2  10275.464    75.1 215602.904     50.0 
physical_cells         0   0.000    0.0      0.000     0.0      0.000      0.0 
-------------------------------------------------------------------------------
total                447 613.928  100.0  13686.975   100.0 431042.076    100.0 
