============================================================
  Generated by:           Genus(TM) Synthesis Solution 25.11-s095_1
  Generated on:           May 25 2026  05:25:51 pm
  Module:                 sysarr_32_input_fp_adder
  Library domain:         timing_condition_tt_1p2v_25c
    Domain index:         0
    Technology library:   NangateOpenCellLibrary revision 1.0
  Operating conditions:   typical 
  Interconnect mode:      global
  Area mode:              physical library
============================================================

# SETUP                 WNS       TNS    FEP 
# ---------------------------------------------
 View: ALL            -94.3  -39091.6    757 
    Group : in2out      N/A       N/A    N/A 
    Group : in2reg    -62.4    -854.4     15 
    Group : reg2out   890.7       0.0      0 
    Group : reg2reg   -94.3  -38237.2    742 

 View: view_1p2_25    -94.3  -39091.6    757 
    Group : in2out      N/A       N/A    N/A 
    Group : in2reg    -62.4    -854.4     15 
    Group : reg2out   890.7       0.0      0 
    Group : reg2reg   -94.3  -38237.2    742 

# ---------------------------------------------
# DRV                        WNS  TNS  FEP 
# -------------------------------------------
 View: ALL                                 
    Check: max_transition    N/A  N/A    0 
    Check: max_capacitance   N/A  N/A    0 
    Check: max_fanout        N/A  N/A    0 

 View: view_1p2_25                         
    Check: max_transition    N/A  N/A    0 
    Check: max_capacitance   N/A  N/A    0 
    Check: max_fanout        N/A  N/A    0 

# -------------------------------------------
