============================================================
  Generated by:           Genus(TM) Synthesis Solution 25.11-s095_1
  Generated on:           Feb 24 2026  02:23:58 pm
  Module:                 add_fp16
  Operating conditions:   PVT_1P2V_25C 
  Interconnect mode:      global
  Area mode:              physical library
============================================================


Path 1: VIOLATED (-17 ps) Late External Delay Assertion at pin fp_out[12]
           View: view_1p2_25
          Group: clock1
     Startpoint: (R) larger_mantissa_l_reg[2]/clk
          Clock: (R) clock1
       Endpoint: (R) fp_out[12]
          Clock: (R) clock1

                     Capture       Launch     
        Clock Edge:+    1980            0     
       Src Latency:+       0            0     
       Net Latency:+       0 (I)        0 (I) 
           Arrival:=    1980            0     
                                              
      Output Delay:-       1                  
       Uncertainty:-       0                  
     Required Time:=    1979                  
      Launch Clock:-       0                  
         Data Path:-    1996                  
             Slack:=     -17                  

Exceptions/Constraints:
  output_delay              1              add_fp16.sdc_line_17_37_1   

Launch clock path:
#-----------------------------------------------------------------------------------------------------------
#        Timing Point          Flags   Arc   Edge      Cell        Fanout Load Trans Delay Arrival Instance 
#                                                                         (fF)  (ps)  (ps)   (ps)  Location 
#-----------------------------------------------------------------------------------------------------------
  clk                          (i,u)   -     R     (arrival)           39  0.0   129     0      76    (-,-) 
  clk                          -       -     -     (net)                -    -     -     -       -    (-,-) 
  clk                          -       -     -     (net)                -    -     -     -       -    (-,-) 
  larger_mantissa_l_reg[2]/clk <<<     -     R     unmapped_d_flop     39    -     1     0      76    (-,-) 
#-----------------------------------------------------------------------------------------------------------

#---------------------------------------------------------------------------------------------------------------
#        Timing Point          Flags    Arc    Edge       Cell         Fanout Load Trans Delay Arrival Instance 
#                                                                             (fF)  (ps)  (ps)   (ps)  Location 
#---------------------------------------------------------------------------------------------------------------
  larger_mantissa_l_reg[2]/clk -       -       R     (arrival)             39    -     1     0       0    (-,-) 
  larger_mantissa_l_reg[2]/q   (u)     clk->q  F     unmapped_d_flop        5 27.5     0   241     241    (-,-) 
  larger_mantissa_l[2]         -       -       -     (net)                  -    -     -     -       -    (-,-) 
  g11357/z                     (u)     in_1->z R     unmapped_nand2         4 22.0     0    57     298    (-,-) 
  n_7140                       -       -       -     (net)                  -    -     -     -       -    (-,-) 
  g19039/z                     (u)     in_0->z R     unmapped_complex2      1  5.5     0    32     330    (-,-) 
  n_10320                      -       -       -     (net)                  -    -     -     -       -    (-,-) 
  g18864/z                     (u)     in_0->z F     unmapped_nand2         3 16.5     0    49     379    (-,-) 
  n_6056                       -       -       -     (net)                  -    -     -     -       -    (-,-) 
  g13184/z                     (u)     in_1->z F     unmapped_or2           1  5.5     0    32     412    (-,-) 
  n_7471                       -       -       -     (net)                  -    -     -     -       -    (-,-) 
  g18808/z                     (u)     in_0->z R     unmapped_nand2         3 16.5     0    49     460    (-,-) 
  n_6080                       -       -       -     (net)                  -    -     -     -       -    (-,-) 
  g19055/z                     (u)     in_0->z F     unmapped_complex2      1  5.5     0    32     493    (-,-) 
  n_7469                       -       -       -     (net)                  -    -     -     -       -    (-,-) 
  g18767/z                     (u)     in_0->z R     unmapped_nand2         3 16.5     0    49     542    (-,-) 
  n_6110                       -       -       -     (net)                  -    -     -     -       -    (-,-) 
  g18741/z                     (u)     in_0->z R     unmapped_or2           1  5.5     0    32     574    (-,-) 
  n_7475                       -       -       -     (net)                  -    -     -     -       -    (-,-) 
  g18727/z                     (u)     in_0->z F     unmapped_nand2         3 16.5     0    49     623    (-,-) 
  n_6127                       -       -       -     (net)                  -    -     -     -       -    (-,-) 
  g19072/z                     (u)     in_0->z R     unmapped_complex2      1  5.5     0    32     655    (-,-) 
  n_7468                       -       -       -     (net)                  -    -     -     -       -    (-,-) 
  g18658/z                     (u)     in_0->z F     unmapped_nand2         3 16.5     0    49     704    (-,-) 
  n_6147                       -       -       -     (net)                  -    -     -     -       -    (-,-) 
  g18576/z                     (u)     in_0->z F     unmapped_or2           1  5.5     0    32     736    (-,-) 
  n_7474                       -       -       -     (net)                  -    -     -     -       -    (-,-) 
  g18500/z                     (u)     in_0->z R     unmapped_nand2         3 16.5     0    49     785    (-,-) 
  n_6174                       -       -       -     (net)                  -    -     -     -       -    (-,-) 
  g18448/z                     (u)     in_0->z R     unmapped_or2           1  5.5     0    32     818    (-,-) 
  n_7470                       -       -       -     (net)                  -    -     -     -       -    (-,-) 
  g18408/z                     (u)     in_0->z F     unmapped_nand2         3 16.5     0    49     866    (-,-) 
  n_6197                       -       -       -     (net)                  -    -     -     -       -    (-,-) 
  g18306/z                     (u)     in_0->z F     unmapped_or2           1  5.5     0    32     899    (-,-) 
  n_7472                       -       -       -     (net)                  -    -     -     -       -    (-,-) 
  g18245/z                     (u)     in_0->z R     unmapped_nand2         3 16.5     0    49     948    (-,-) 
  n_6214                       -       -       -     (net)                  -    -     -     -       -    (-,-) 
  g19154/z                     (u)     in_0->z F     unmapped_complex2      1  5.5     0    32     980    (-,-) 
  n_7476                       -       -       -     (net)                  -    -     -     -       -    (-,-) 
  g18152/z                     (u)     in_0->z R     unmapped_nand2         3 16.5     0    49    1029    (-,-) 
  n_6238                       -       -       -     (net)                  -    -     -     -       -    (-,-) 
  g19203/z                     (u)     in_0->z F     unmapped_complex2      1  5.5     0    32    1061    (-,-) 
  n_13254                      -       -       -     (net)                  -    -     -     -       -    (-,-) 
  g18073/z                     (u)     in_1->z R     unmapped_nand2         9 49.5     0    81    1142    (-,-) 
  n_1208                       -       -       -     (net)                  -    -     -     -       -    (-,-) 
  g18037/z                     (u)     in_1->z R     unmapped_or2           3 16.5     0    49    1191    (-,-) 
  n_6894                       -       -       -     (net)                  -    -     -     -       -    (-,-) 
  g17970/z                     (u)     in_0->z R     unmapped_or2           4 22.0     0    57    1248    (-,-) 
  n_7256                       -       -       -     (net)                  -    -     -     -       -    (-,-) 
  g17908/z                     (u)     in_0->z R     unmapped_complex2      1  5.5     0    32    1280    (-,-) 
  n_10765                      -       -       -     (net)                  -    -     -     -       -    (-,-) 
  g19263/z                     (u)     in_0->z F     unmapped_complex2      1  5.5     0    32    1313    (-,-) 
  n_10767                      -       -       -     (net)                  -    -     -     -       -    (-,-) 
  g17850/z                     (u)     in_1->z F     unmapped_or2           5 27.5     0    64    1376    (-,-) 
  round_this[2]                -       -       -     (net)                  -    -     -     -       -    (-,-) 
  g17824/z                     (u)     in_1->z R     unmapped_nand2         1  5.5     0    32    1409    (-,-) 
  n_7806                       -       -       -     (net)                  -    -     -     -       -    (-,-) 
  g17815/z                     (u)     in_0->z F     unmapped_complex2      1  5.5     0    32    1441    (-,-) 
  n_7443                       -       -       -     (net)                  -    -     -     -       -    (-,-) 
  g17802/z                     (u)     in_0->z R     unmapped_nand2         4 22.0     0    57    1498    (-,-) 
  n_1021                       -       -       -     (net)                  -    -     -     -       -    (-,-) 
  g17775/z                     (u)     in_1->z R     unmapped_or2           5 27.5     0    64    1562    (-,-) 
  n_5582                       -       -       -     (net)                  -    -     -     -       -    (-,-) 
  g17774/z                     (u)     in_1->z R     unmapped_or2           5 27.5     0    64    1626    (-,-) 
  n_5584                       -       -       -     (net)                  -    -     -     -       -    (-,-) 
  g17751/z                     (u)     in_1->z R     unmapped_or2           5 27.5     0    64    1689    (-,-) 
  n_5586                       -       -       -     (net)                  -    -     -     -       -    (-,-) 
  g17739/z                     (u)     in_1->z R     unmapped_or2           5 27.5     0    64    1753    (-,-) 
  n_5588                       -       -       -     (net)                  -    -     -     -       -    (-,-) 
  g17737/z                     (u)     in_1->z R     unmapped_or2           5 27.5     0    64    1817    (-,-) 
  n_5590                       -       -       -     (net)                  -    -     -     -       -    (-,-) 
  g17716/z                     (u)     in_1->z R     unmapped_or2           3 16.5     0    49    1866    (-,-) 
  n_6437                       -       -       -     (net)                  -    -     -     -       -    (-,-) 
  g17682/z                     (u)     in_0->z F     unmapped_nand2         2 11.0     0    41    1906    (-,-) 
  n_7290                       -       -       -     (net)                  -    -     -     -       -    (-,-) 
  g17637/z                     (u)     in_0->z F     unmapped_complex2      1  5.5     0    32    1939    (-,-) 
  n_7870                       -       -       -     (net)                  -    -     -     -       -    (-,-) 
  g19319/z                     (u)     in_0->z R     unmapped_complex2      1  5.5     0    32    1971    (-,-) 
  n_10068                      -       -       -     (net)                  -    -     -     -       -    (-,-) 
  g19337/z                     (u)     in_1->z R     unmapped_complex2      1  0.9     0    25    1996    (-,-) 
  fp_out[12]                   -       -       -     (net)                  -    -     -     -       -    (-,-) 
  fp_out[12]                   <<<     -       R     (port)                 -    -     -     0    1996    (-,-) 
#---------------------------------------------------------------------------------------------------------------

(u) : Net has unmapped pin(s).


