============================================================
  Generated by:           Genus(TM) Synthesis Solution 25.11-s095_1
  Generated on:           May 24 2026  02:24:41 pm
  Module:                 sysarr_32_input_fp_adder
  Operating conditions:   typical 
  Interconnect mode:      global
  Area mode:              physical library
============================================================


Path 1: MET (0 ps) Setup Check with Pin aligner_inst_aligned_mant_out_reg[20][26]/CK->D
           View: view_1p2_25
          Group: clock1
     Startpoint: (R) aligner_inst_max_l4_n0_r_reg[0]/CK
          Clock: (R) clock1
       Endpoint: (R) aligner_inst_aligned_mant_out_reg[20][26]/D
          Clock: (R) clock1

                     Capture       Launch     
        Clock Edge:+    1000            0     
       Src Latency:+       0            0     
       Net Latency:+       0 (I)        0 (I) 
           Arrival:=    1000            0     
                                              
             Setup:-      35                  
       Uncertainty:-       0                  
     Required Time:=     965                  
      Launch Clock:-       0                  
         Data Path:-     965                  
             Slack:=       0                  

Launch clock path:
#-----------------------------------------------------------------------------------------------------------
#           Timing Point             Flags   Arc   Edge   Cell     Fanout Load Trans Delay Arrival Instance 
#                                                                         (fF)  (ps)  (ps)   (ps)  Location 
#-----------------------------------------------------------------------------------------------------------
  clk                                (i)     -     R     (arrival)   2864  0.0     0     0       0    (-,-) 
  clk                                -       -     -     (net)          -    -     -     -       -    (-,-) 
  clk                                -       -     -     (net)          -    -     -     -       -    (-,-) 
  aligner_inst_max_l4_n0_r_reg[0]/CK <<<     -     R     DFFR_X1     2864    -     1     0       0    (-,-) 
#-----------------------------------------------------------------------------------------------------------

#---------------------------------------------------------------------------------------------------------------------
#                Timing Point                 Flags    Arc   Edge   Cell     Fanout Load Trans Delay Arrival Instance 
#                                                                                   (fF)  (ps)  (ps)   (ps)  Location 
#---------------------------------------------------------------------------------------------------------------------
  aligner_inst_max_l4_n0_r_reg[0]/CK          -       -      R     (arrival)   2864    -     1     0       0    (-,-) 
  aligner_inst_max_l4_n0_r_reg[0]/QN          -       CK->QN R     DFFR_X1        1  3.6    14    71      71    (-,-) 
  n_10406                                     -       -      -     (net)          -    -     -     -       -    (-,-) 
  g450096/ZN                                  -       A->ZN  F     INV_X2         2 14.2    10    18      89    (-,-) 
  n_2341                                      -       -      -     (net)          -    -     -     -       -    (-,-) 
  g450075/ZN                                  -       A->ZN  R     INV_X2         1 12.1    16    24     113    (-,-) 
  n_2343                                      -       -      -     (net)          -    -     -     -       -    (-,-) 
  g450065/ZN                                  -       A->ZN  F     INV_X8         7 30.3     8    14     127    (-,-) 
  n_687                                       -       -      -     (net)          -    -     -     -       -    (-,-) 
  g450071/ZN                                  -       A->ZN  R     INV_X8         7 28.9    11    18     145    (-,-) 
  n_515                                       -       -      -     (net)          -    -     -     -       -    (-,-) 
  g449846/ZN                                  -       A1->ZN F     NAND2_X1       2  5.1    13    21     166    (-,-) 
  n_2469                                      -       -      -     (net)          -    -     -     -       -    (-,-) 
  g449704/ZN                                  -       A->ZN  R     INV_X1         2  8.4    22    31     196    (-,-) 
  n_709                                       -       -      -     (net)          -    -     -     -       -    (-,-) 
  g449044/ZN                                  -       A2->ZN F     NAND2_X4       3 10.7    11    19     216    (-,-) 
  n_3195                                      -       -      -     (net)          -    -     -     -       -    (-,-) 
  g448751/ZN                                  -       A1->ZN R     NAND2_X2       3  7.1    14    20     236    (-,-) 
  n_3450                                      -       -      -     (net)          -    -     -     -       -    (-,-) 
  g448183/ZN                                  -       B1->ZN F     AOI21_X2       2  3.5    12    15     251    (-,-) 
  n_3996                                      -       -      -     (net)          -    -     -     -       -    (-,-) 
  g447397/ZN                                  -       B1->ZN R     OAI21_X1       2  5.8    37    49     300    (-,-) 
  n_4731                                      -       -      -     (net)          -    -     -     -       -    (-,-) 
  g446773/ZN                                  -       B1->ZN F     AOI21_X2       2  3.5    13    20     320    (-,-) 
  n_5324                                      -       -      -     (net)          -    -     -     -       -    (-,-) 
  g446565/ZN                                  -       A1->ZN R     NAND2_X1       1  2.0    10    17     337    (-,-) 
  n_5481                                      -       -      -     (net)          -    -     -     -       -    (-,-) 
  g446483/ZN                                  -       A->ZN  F     OAI21_X1       2  3.5    13    22     359    (-,-) 
  n_5594                                      -       -      -     (net)          -    -     -     -       -    (-,-) 
  g446450/ZN                                  -       A->ZN  R     INV_X1         2  3.9    12    20     380    (-,-) 
  n_5595                                      -       -      -     (net)          -    -     -     -       -    (-,-) 
  g446326/ZN                                  -       A1->ZN F     NOR2_X1        2  4.9    14    14     393    (-,-) 
  n_5750                                      -       -      -     (net)          -    -     -     -       -    (-,-) 
  g446180/ZN                                  -       A1->ZN R     NAND2_X2       6 11.4    19    27     420    (-,-) 
  n_5887                                      -       -      -     (net)          -    -     -     -       -    (-,-) 
  g445902/ZN                                  -       A1->ZN F     NOR2_X1        4  7.0    12    20     440    (-,-) 
  n_6185                                      -       -      -     (net)          -    -     -     -       -    (-,-) 
  g445124/ZN                                  -       B1->ZN R     AOI22_X1       2  3.8    34    53     493    (-,-) 
  n_6980                                      -       -      -     (net)          -    -     -     -       -    (-,-) 
  g444751/ZN                                  -       A1->ZN R     AND3_X1        2  2.9    13    53     546    (-,-) 
  n_7355                                      -       -      -     (net)          -    -     -     -       -    (-,-) 
  g444276/ZN                                  -       A1->ZN F     NAND4_X1       2  4.7    27    36     582    (-,-) 
  n_7788                                      -       -      -     (net)          -    -     -     -       -    (-,-) 
  g444165/ZN                                  -       A1->ZN R     NOR3_X2        2  3.8    30    44     626    (-,-) 
  n_7883                                      -       -      -     (net)          -    -     -     -       -    (-,-) 
  g444069/ZN                                  -       A1->ZN F     NAND2_X1       2  3.5    14    22     649    (-,-) 
  n_7964                                      -       -      -     (net)          -    -     -     -       -    (-,-) 
  g444021/ZN                                  -       A1->ZN R     NOR2_X1        3  5.7    34    46     694    (-,-) 
  n_8008                                      -       -      -     (net)          -    -     -     -       -    (-,-) 
  g443954/ZN                                  -       A1->ZN F     NAND2_X1       1  1.9    12    18     712    (-,-) 
  n_8053                                      -       -      -     (net)          -    -     -     -       -    (-,-) 
  g443307/ZN                                  -       A2->ZN R     NOR2_X1        2  3.8    26    40     753    (-,-) 
  n_8750                                      -       -      -     (net)          -    -     -     -       -    (-,-) 
  g442996/ZN                                  -       A1->ZN F     NAND3_X1       3  4.5    19    32     784    (-,-) 
  n_9028                                      -       -      -     (net)          -    -     -     -       -    (-,-) 
  g442362/ZN                                  -       A1->ZN R     NOR2_X1        2  3.8    26    38     823    (-,-) 
  n_9542                                      -       -      -     (net)          -    -     -     -       -    (-,-) 
  g442217__2802/ZN                            -       A1->ZN F     NOR2_X1        3  5.1    14    18     840    (-,-) 
  n_9623                                      -       -      -     (net)          -    -     -     -       -    (-,-) 
  g442012/ZN                                  -       A->ZN  R     INV_X1         1  3.6    11    20     860    (-,-) 
  n_9622                                      -       -      -     (net)          -    -     -     -       -    (-,-) 
  g441576__5477/ZN                            -       A->ZN  F     OAI211_X2      3  7.0    22    33     893    (-,-) 
  n_10030                                     -       -      -     (net)          -    -     -     -       -    (-,-) 
  g441213__6131/ZN                            -       A1->ZN R     NOR2_X2        2  4.3    19    31     925    (-,-) 
  n_10242                                     -       -      -     (net)          -    -     -     -       -    (-,-) 
  g440709__9315/ZN                            -       A->ZN  R     XNOR2_X1       1  1.4    17    40     965    (-,-) 
  n_10360                                     -       -      -     (net)          -    -     -     -       -    (-,-) 
  aligner_inst_aligned_mant_out_reg[20][26]/D <<<     -      R     DFFR_X1        1    -     -     0     965    (-,-) 
#---------------------------------------------------------------------------------------------------------------------

Capture clock path:
#---------------------------------------------------------------------------------------------------------------------
#                Timing Point                  Flags   Arc   Edge   Cell     Fanout Load Trans Delay Arrival Instance 
#                                                                                   (fF)  (ps)  (ps)   (ps)  Location 
#---------------------------------------------------------------------------------------------------------------------
  clk                                          (i)     -     R     (arrival)   2864  0.0     0     0    1000    (-,-) 
  clk                                          -       -     -     (net)          -    -     -     -       -    (-,-) 
  clk                                          -       -     -     (net)          -    -     -     -       -    (-,-) 
  aligner_inst_aligned_mant_out_reg[20][26]/CK <<<     -     R     DFFR_X1     2864    -     1     0    1000    (-,-) 
#---------------------------------------------------------------------------------------------------------------------


