============================================================
  Generated by:           Genus(TM) Synthesis Solution 25.11-s095_1
  Generated on:           Jun 13 2026  10:04:17 am
  Operating conditions:   typical 
  Interconnect mode:      global
  Area mode:              physical library
============================================================

                         Leakage   Internal          Library 
 Gate  Instances  Area Power (nW) Power (nW) Library  Domain 
-------------------------------------------------------------
-------------------------------------------------------------
total          0 0.000      0.000      0.000                 
                                        Leakage  Leakage   Internal   Internal 
     Type      Instances  Area Area % Power (nW) Power %  Power (nW)   Power % 
-------------------------------------------------------------------------------
sequential          1679 0.000    0.0 132829.562    29.5  4987540.024     31.5 
inverter              25 0.000    0.0    358.553     0.1     3785.137      0.0 
logic              26710 0.000    0.0 317252.420    70.4 10851532.600     68.5 
physical_cells         0 0.000    0.0      0.000     0.0        0.000      0.0 
-------------------------------------------------------------------------------
total              28414 0.000    0.0 450440.535   100.0 15842857.762    100.0 
