============================================================
  Generated by:           Genus(TM) Synthesis Solution 25.11-s095_1
  Generated on:           Mar 10 2026  11:30:37 pm
  Module:                 add_fp16
  Operating conditions:   typical 
  Interconnect mode:      global
  Area mode:              physical library
============================================================


Path 1: MET (12 ps) Setup Check with Pin larger_mantissa_l_reg[4]/CK->D
           View: view_1p2_25
          Group: clock1
     Startpoint: (F) fp1_in[23]
          Clock: (R) clock1
       Endpoint: (R) larger_mantissa_l_reg[4]/D
          Clock: (R) clock1

                     Capture       Launch     
        Clock Edge:+    1299            0     
        Drv Adjust:+       0            0     
       Src Latency:+       0            0     
       Net Latency:+       0 (I)        0 (I) 
           Arrival:=    1299            0     
                                              
             Setup:-      40                  
       Uncertainty:-       0                  
     Required Time:=    1258                  
      Launch Clock:-       0                  
       Input Delay:-       1                  
         Data Path:-    1246                  
             Slack:=      12                  

Exceptions/Constraints:
  input_delay              1              add_fp16.sdc_line_20_12_1   

#----------------------------------------------------------------------------------------------------
#       Timing Point         Flags    Arc   Edge   Cell     Fanout Load Trans Delay Arrival Instance 
#                                                                  (fF)  (ps)  (ps)   (ps)  Location 
#----------------------------------------------------------------------------------------------------
  fp1_in[23]                 -       -      F     (arrival)      4 12.9     0     0       1    (-,-) 
  fp1_in[23]                 -       -      -     (net)          -    -     -     -       -    (-,-) 
  g39746/ZN                  -       A->ZN  R     INV_X4         3  8.9     8    10      11    (-,-) 
  n_32                       -       -      -     (net)          -    -     -     -       -    (-,-) 
  g39636/ZN                  -       A1->ZN F     NAND3_X2       1  3.2    11    17      28    (-,-) 
  n_120                      -       -      -     (net)          -    -     -     -       -    (-,-) 
  g39576/ZN                  -       A1->ZN R     NAND2_X2       1  3.4     9    15      44    (-,-) 
  n_178                      -       -      -     (net)          -    -     -     -       -    (-,-) 
  g39555/ZN                  -       B1->ZN F     AOI21_X2       1  5.9    11    17      60    (-,-) 
  n_202                      -       -      -     (net)          -    -     -     -       -    (-,-) 
  g39530/ZN                  -       B1->ZN R     OAI21_X4       1  6.7    18    28      88    (-,-) 
  n_225                      -       -      -     (net)          -    -     -     -       -    (-,-) 
  g39522/ZN                  -       B1->ZN F     AOI21_X4       2 11.7    18    20     108    (-,-) 
  n_233                      -       -      -     (net)          -    -     -     -       -    (-,-) 
  g39510/ZN                  -       B1->ZN R     OAI21_X4       1  7.2    19    31     139    (-,-) 
  n_242                      -       -      -     (net)          -    -     -     -       -    (-,-) 
  g39506/ZN                  -       A2->ZN F     NAND3_X4       2 11.9    15    27     166    (-,-) 
  n_247                      -       -      -     (net)          -    -     -     -       -    (-,-) 
  g39504/ZN                  -       A1->ZN R     NAND2_X4      14 35.8    26    35     201    (-,-) 
  n_250                      -       -      -     (net)          -    -     -     -       -    (-,-) 
  g39466/ZN                  -       A->ZN  F     INV_X4         5  9.8     8    12     213    (-,-) 
  n_15                       -       -      -     (net)          -    -     -     -       -    (-,-) 
  g39454/ZN                  -       A1->ZN R     NAND2_X1       1  2.0    10    15     228    (-,-) 
  n_257                      -       -      -     (net)          -    -     -     -       -    (-,-) 
  g39437/ZN                  -       A2->ZN R     AND2_X2        3  6.5    12    35     263    (-,-) 
  n_278                      -       -      -     (net)          -    -     -     -       -    (-,-) 
  g39401/ZN                  -       A->ZN  F     AOI21_X1       1  3.5    10    16     279    (-,-) 
  n_300                      -       -      -     (net)          -    -     -     -       -    (-,-) 
  g39360/ZN                  -       A3->ZN R     NAND3_X2       2  5.4    14    23     302    (-,-) 
  n_342                      -       -      -     (net)          -    -     -     -       -    (-,-) 
  g39350/ZN                  -       A1->ZN R     AND2_X4       23 43.1    28    54     356    (-,-) 
  n_349                      -       -      -     (net)          -    -     -     -       -    (-,-) 
  g39323__5107/ZN            -       A1->ZN F     AOI22_X1       5  6.1    26    30     386    (-,-) 
  n_375                      -       -      -     (net)          -    -     -     -       -    (-,-) 
  g39295__5526/Z             -       A->Z   F     MUX2_X1        2  3.0    12    68     455    (-,-) 
  n_407                      -       -      -     (net)          -    -     -     -       -    (-,-) 
  g39252__5107/Z             -       B->Z   F     MUX2_X1        2  2.8    11    62     517    (-,-) 
  n_446                      -       -      -     (net)          -    -     -     -       -    (-,-) 
  g39208__9315/Z             -       B->Z   F     MUX2_X1        1  1.9    10    60     577    (-,-) 
  n_480                      -       -      -     (net)          -    -     -     -       -    (-,-) 
  g39075__1617/ZN            -       B2->ZN R     OAI222_X1      4  7.5    73    77     654    (-,-) 
  n_619                      -       -      -     (net)          -    -     -     -       -    (-,-) 
  g39014__6161/ZN            -       B1->ZN F     AOI22_X1       1  1.8    26    34     687    (-,-) 
  n_675                      -       -      -     (net)          -    -     -     -       -    (-,-) 
  g39006__7098/ZN            -       A2->ZN R     NAND2_X1       1  1.9    13    25     712    (-,-) 
  n_683                      -       -      -     (net)          -    -     -     -       -    (-,-) 
  g39000__1617/ZN            -       A->ZN  F     OAI221_X1      1  1.2    22    30     742    (-,-) 
  n_687                      -       -      -     (net)          -    -     -     -       -    (-,-) 
  g38995__4319/ZN            -       A1->ZN F     AND2_X1        1  1.8     6    35     777    (-,-) 
  n_693                      -       -      -     (net)          -    -     -     -       -    (-,-) 
  g38982__2883/ZN            -       B1->ZN R     OAI21_X1       1  1.9    20    27     803    (-,-) 
  n_705                      -       -      -     (net)          -    -     -     -       -    (-,-) 
  g38977__7482/ZN            -       A->ZN  F     OAI221_X1      1  1.8    22    34     837    (-,-) 
  n_710                      -       -      -     (net)          -    -     -     -       -    (-,-) 
  g38974__1881/ZN            -       A1->ZN R     NAND2_X1       1  1.9    12    21     858    (-,-) 
  n_713                      -       -      -     (net)          -    -     -     -       -    (-,-) 
  g38972__7098/ZN            -       A->ZN  F     OAI221_X1      1  1.8    22    31     889    (-,-) 
  n_715                      -       -      -     (net)          -    -     -     -       -    (-,-) 
  g38955__1666/ZN            -       A1->ZN R     NAND2_X1       1  1.9    12    21     910    (-,-) 
  n_732                      -       -      -     (net)          -    -     -     -       -    (-,-) 
  g38884__3680/ZN            -       A->ZN  F     OAI221_X1      1  1.2    21    29     939    (-,-) 
  n_772                      -       -      -     (net)          -    -     -     -       -    (-,-) 
  g38883__6783/ZN            -       A1->ZN F     AND2_X1        1  1.8     6    35     974    (-,-) 
  n_773                      -       -      -     (net)          -    -     -     -       -    (-,-) 
  g38882__5526/ZN            -       B1->ZN R     OAI21_X1       1  1.9    19    27    1001    (-,-) 
  n_774                      -       -      -     (net)          -    -     -     -       -    (-,-) 
  g38881__8428/ZN            -       A->ZN  F     OAI211_X1      4 10.9    38    58    1058    (-,-) 
  n_775                      -       -      -     (net)          -    -     -     -       -    (-,-) 
  g38878__6260/ZN            -       A1->ZN F     OR2_X2        34 54.9    34    96    1154    (-,-) 
  n_779                      -       -      -     (net)          -    -     -     -       -    (-,-) 
  g38877/ZN                  -       A->ZN  R     INV_X2        13 24.1    32    51    1205    (-,-) 
  n_778                      -       -      -     (net)          -    -     -     -       -    (-,-) 
  g38872__7410/ZN            -       A1->ZN F     NAND2_X1       1  1.8    15    17    1223    (-,-) 
  n_784                      -       -      -     (net)          -    -     -     -       -    (-,-) 
  g38835__9945/ZN            -       A->ZN  R     OAI221_X1      1  1.4    35    24    1246    (-,-) 
  n_817                      -       -      -     (net)          -    -     -     -       -    (-,-) 
  larger_mantissa_l_reg[4]/D <<<     -      R     DFFR_X1        1    -     -     0    1246    (-,-) 
#----------------------------------------------------------------------------------------------------

Capture clock path:
#----------------------------------------------------------------------------------------------------
#        Timing Point         Flags   Arc   Edge   Cell     Fanout Load Trans Delay Arrival Instance 
#                                                                  (fF)  (ps)  (ps)   (ps)  Location 
#----------------------------------------------------------------------------------------------------
  clk                         (i)     -     R     (arrival)    100  0.0     0     0    1299    (-,-) 
  clk                         -       -     -     (net)          -    -     -     -       -    (-,-) 
  clk                         -       -     -     (net)          -    -     -     -       -    (-,-) 
  larger_mantissa_l_reg[4]/CK <<<     -     R     DFFR_X1      100    -     1     0    1299    (-,-) 
#----------------------------------------------------------------------------------------------------


