============================================================
  Generated by:           Genus(TM) Synthesis Solution 25.11-s095_1
  Generated on:           Mar 10 2026  10:40:31 pm
  Module:                 add_fp16
  Operating conditions:   typical 
  Interconnect mode:      global
  Area mode:              physical library
============================================================


Path 1: MET (104 ps) Setup Check with Pin fp_out_reg[0]/clk->d
           View: view_1p2_25
          Group: clock1
     Startpoint: (R) signs_differ_l_reg/clk
          Clock: (R) clock1
       Endpoint: (R) fp_out_reg[0]/d
          Clock: (R) clock1

                     Capture       Launch     
        Clock Edge:+    1449            0     
       Src Latency:+       0            0     
       Net Latency:+       0 (I)        0 (I) 
           Arrival:=    1449            0     
                                              
             Setup:-      38                  
       Uncertainty:-       0                  
     Required Time:=    1411                  
      Launch Clock:-       0                  
         Data Path:-    1308                  
             Slack:=     104                  

Launch clock path:
#-----------------------------------------------------------------------------------------------------
#     Timing Point       Flags   Arc   Edge      Cell        Fanout Load Trans Delay Arrival Instance 
#                                                                   (fF)  (ps)  (ps)   (ps)  Location 
#-----------------------------------------------------------------------------------------------------
  clk                    (i,u)   -     R     (arrival)          100  0.0     0     0       0    (-,-) 
  clk                    -       -     -     (net)                -    -     -     -       -    (-,-) 
  clk                    -       -     -     (net)                -    -     -     -       -    (-,-) 
  signs_differ_l_reg/clk <<<     -     R     unmapped_d_flop    100    -     1     0       0    (-,-) 
#-----------------------------------------------------------------------------------------------------

#-----------------------------------------------------------------------------------------------------------------
#         Timing Point          Flags    Arc    Edge       Cell         Fanout  Load Trans Delay Arrival Instance 
#                                                                               (fF)  (ps)  (ps)   (ps)  Location 
#-----------------------------------------------------------------------------------------------------------------
  signs_differ_l_reg/clk        -       -       R     (arrival)            100     -     1     0       0    (-,-) 
  signs_differ_l_reg/q          (u)     clk->q  F     unmapped_d_flop       90 288.0     0   163     163    (-,-) 
  signs_differ_l                -       -       -     (net)                  -     -     -     -       -    (-,-) 
  g10193/z                      (u)     in_0->z R     unmapped_complex2      3  10.8     0    22     185    (-,-) 
  n_12192                       -       -       -     (net)                  -     -     -     -       -    (-,-) 
  g10454/z                      (u)     in_0->z R     unmapped_or2           1   3.6     0    17     201    (-,-) 
  n_12381                       -       -       -     (net)                  -     -     -     -       -    (-,-) 
  g10455/z                      (u)     in_1->z F     unmapped_nand2        23  73.6     0    49     250    (-,-) 
  n_2333                        -       -       -     (net)                  -     -     -     -       -    (-,-) 
  mux_mantissa_sum_238_9_g700/z (u)     in_1->z F     unmapped_or2           3   9.6     0    22     272    (-,-) 
  mux_mantissa_sum_238_9_n_96   -       -       -     (net)                  -     -     -     -       -    (-,-) 
  mux_mantissa_sum_238_9_g676/z (u)     in_1->z R     unmapped_nand2         1   3.6     0    17     288    (-,-) 
  mux_mantissa_sum_238_9_n_170  -       -       -     (net)                  -     -     -     -       -    (-,-) 
  g22092/z                      (u)     in_1->z R     unmapped_or2           1   3.6     0    17     305    (-,-) 
  mux_mantissa_sum_238_9_n_172  -       -       -     (net)                  -     -     -     -       -    (-,-) 
  mux_mantissa_sum_238_9_g575/z (u)     in_1->z F     unmapped_complex2      5  16.0     0    28     333    (-,-) 
  mux_mantissa_sum_238_9_n_230  -       -       -     (net)                  -     -     -     -       -    (-,-) 
  mux_mantissa_sum_238_9_g555/z (u)     in_0->z R     unmapped_complex2      2   7.2     0    19     352    (-,-) 
  mux_mantissa_sum_238_9_n_233  -       -       -     (net)                  -     -     -     -       -    (-,-) 
  mux_mantissa_sum_238_9_g540/z (u)     in_1->z R     unmapped_or2           1   3.6     0    17     368    (-,-) 
  mux_mantissa_sum_238_9_n_241  -       -       -     (net)                  -     -     -     -       -    (-,-) 
  mux_mantissa_sum_238_9_g527/z (u)     in_0->z F     unmapped_complex2     10  32.0     0    38     406    (-,-) 
  mux_mantissa_sum_238_9_n_272  -       -       -     (net)                  -     -     -     -       -    (-,-) 
  mux_mantissa_sum_238_9_g519/z (u)     in_0->z R     unmapped_complex2      1   3.6     0    17     422    (-,-) 
  mux_mantissa_sum_238_9_n_293  -       -       -     (net)                  -     -     -     -       -    (-,-) 
  mux_mantissa_sum_238_9_g511/z (u)     in_0->z F     unmapped_complex2     12  38.4     0    40     462    (-,-) 
  mux_mantissa_sum_238_9_n_307  -       -       -     (net)                  -     -     -     -       -    (-,-) 
  mux_mantissa_sum_238_9_g503/z (u)     in_0->z R     unmapped_complex2      1   3.6     0    17     479    (-,-) 
  mux_mantissa_sum_238_9_n_322  -       -       -     (net)                  -     -     -     -       -    (-,-) 
  mux_mantissa_sum_238_9_g472/z (u)     in_0->z F     unmapped_complex2      2   6.4     0    19     498    (-,-) 
  mux_mantissa_sum_238_9_n_388  -       -       -     (net)                  -     -     -     -       -    (-,-) 
  mux_mantissa_sum_238_9_g459/z (u)     in_0->z F     unmapped_or2           1   3.2     0    17     515    (-,-) 
  mux_mantissa_sum_238_9_n_415  -       -       -     (net)                  -     -     -     -       -    (-,-) 
  mux_mantissa_sum_238_9_g460/z (u)     in_1->z R     unmapped_nand2         9  32.4     0    36     551    (-,-) 
  mantissa_sum[22]              -       -       -     (net)                  -     -     -     -       -    (-,-) 
  g11698/z                      (u)     in_1->z R     unmapped_or2           2   7.2     0    19     570    (-,-) 
  n_12412                       -       -       -     (net)                  -     -     -     -       -    (-,-) 
  g11653/z                      (u)     in_1->z R     unmapped_or2           1   3.6     0    17     587    (-,-) 
  n_12238                       -       -       -     (net)                  -     -     -     -       -    (-,-) 
  g11625/z                      (u)     in_1->z R     unmapped_or2           3  10.8     0    22     608    (-,-) 
  n_12053                       -       -       -     (net)                  -     -     -     -       -    (-,-) 
  g11609/z                      (u)     in_1->z R     unmapped_or2           3  10.8     0    22     630    (-,-) 
  n_12057                       -       -       -     (net)                  -     -     -     -       -    (-,-) 
  g11537/z                      (u)     in_1->z R     unmapped_or2           3  10.8     0    22     652    (-,-) 
  n_12061                       -       -       -     (net)                  -     -     -     -       -    (-,-) 
  g11397/z                      (u)     in_1->z R     unmapped_or2           3  10.8     0    22     673    (-,-) 
  n_12065                       -       -       -     (net)                  -     -     -     -       -    (-,-) 
  g11306/z                      (u)     in_1->z R     unmapped_or2           3  10.8     0    22     695    (-,-) 
  n_12069                       -       -       -     (net)                  -     -     -     -       -    (-,-) 
  g11229/z                      (u)     in_1->z R     unmapped_or2           3  10.8     0    22     716    (-,-) 
  n_12073                       -       -       -     (net)                  -     -     -     -       -    (-,-) 
  g11204/z                      (u)     in_1->z R     unmapped_or2           3  10.8     0    22     738    (-,-) 
  n_12077                       -       -       -     (net)                  -     -     -     -       -    (-,-) 
  g11113/z                      (u)     in_1->z R     unmapped_or2           3  10.8     0    22     760    (-,-) 
  n_12081                       -       -       -     (net)                  -     -     -     -       -    (-,-) 
  g11095/z                      (u)     in_1->z R     unmapped_or2           3  10.8     0    22     781    (-,-) 
  n_12085                       -       -       -     (net)                  -     -     -     -       -    (-,-) 
  g11046/z                      (u)     in_1->z R     unmapped_or2           1   3.6     0    17     798    (-,-) 
  n_12220                       -       -       -     (net)                  -     -     -     -       -    (-,-) 
  g10996/z                      (u)     in_0->z F     unmapped_complex2      2   6.4     0    19     817    (-,-) 
  n_2444                        -       -       -     (net)                  -     -     -     -       -    (-,-) 
  g10988/z                      (u)     in_0->z R     unmapped_complex2     25  18.0     0    39     856    (-,-) 
  n_2501                        -       -       -     (net)                  -     -     -     -       -    (-,-) 
  g10971/z                      (u)     in_0->z R     unmapped_complex2      1   3.6     0    17     872    (-,-) 
  n_14176                       -       -       -     (net)                  -     -     -     -       -    (-,-) 
  g10924/z                      (u)     in_1->z F     unmapped_nand2         2   6.4     0    19     891    (-,-) 
  round_this[0]                 -       -       -     (net)                  -     -     -     -       -    (-,-) 
  g10921/z                      (u)     in_0->z F     unmapped_complex2      1   3.2     0    17     908    (-,-) 
  n_14209                       -       -       -     (net)                  -     -     -     -       -    (-,-) 
  g10920/z                      (u)     in_0->z F     unmapped_complex2      2   6.4     0    19     927    (-,-) 
  n_12165                       -       -       -     (net)                  -     -     -     -       -    (-,-) 
  g10918/z                      (u)     in_0->z F     unmapped_complex2      1   3.2     0    17     944    (-,-) 
  n_12411                       -       -       -     (net)                  -     -     -     -       -    (-,-) 
  g10916/z                      (u)     in_0->z R     unmapped_complex2      1   3.6     0    17     960    (-,-) 
  n_14220                       -       -       -     (net)                  -     -     -     -       -    (-,-) 
  g10915/z                      (u)     in_0->z F     unmapped_nand2         4  12.8     0    24     985    (-,-) 
  n_2529                        -       -       -     (net)                  -     -     -     -       -    (-,-) 
  inc_ADD_TC_OP51/g1/z          (u)     in_1->z R     unmapped_nand2         3  10.8     0    22    1006    (-,-) 
  inc_ADD_TC_OP51/n_49          -       -       -     (net)                  -     -     -     -       -    (-,-) 
  inc_ADD_TC_OP51/g247/z        (u)     in_0->z R     unmapped_complex2      3  10.8     0    22    1028    (-,-) 
  inc_ADD_TC_OP51/n_51          -       -       -     (net)                  -     -     -     -       -    (-,-) 
  inc_ADD_TC_OP51/g233/z        (u)     in_0->z R     unmapped_complex2      3  10.8     0    22    1050    (-,-) 
  inc_ADD_TC_OP51/n_101         -       -       -     (net)                  -     -     -     -       -    (-,-) 
  inc_ADD_TC_OP51/g144/z        (u)     in_0->z R     unmapped_complex2      6  21.6     0    30    1080    (-,-) 
  inc_ADD_TC_OP51/n_68          -       -       -     (net)                  -     -     -     -       -    (-,-) 
  inc_ADD_TC_OP51/g225/z        (u)     in_1->z R     unmapped_or2           9  32.4     0    36    1116    (-,-) 
  inc_ADD_TC_OP51/n_81          -       -       -     (net)                  -     -     -     -       -    (-,-) 
  inc_ADD_TC_OP51/g207/z        (u)     in_1->z R     unmapped_or2           3  10.8     0    22    1138    (-,-) 
  inc_ADD_TC_OP51/n_113         -       -       -     (net)                  -     -     -     -       -    (-,-) 
  inc_ADD_TC_OP51/g136/z        (u)     in_1->z R     unmapped_or2           9  32.4     0    36    1174    (-,-) 
  inc_ADD_TC_OP51/n_92          -       -       -     (net)                  -     -     -     -       -    (-,-) 
  inc_ADD_TC_OP51/g253/z        (u)     in_1->z F     unmapped_nor2          1   3.2     0    17    1191    (-,-) 
  n_2559                        -       -       -     (net)                  -     -     -     -       -    (-,-) 
  g20416/z                      (u)     in_1->z F     unmapped_or2           1   3.2     0    17    1207    (-,-) 
  n_16898                       -       -       -     (net)                  -     -     -     -       -    (-,-) 
  g20399/z                      (u)     in_1->z F     unmapped_complex2      2   6.4     0    19    1226    (-,-) 
  n_14611                       -       -       -     (net)                  -     -     -     -       -    (-,-) 
  g20384/z                      (u)     in_0->z F     unmapped_or2          22  70.4     0    48    1275    (-,-) 
  n_14613                       -       -       -     (net)                  -     -     -     -       -    (-,-) 
  g20373/z                      (u)     in_1->z F     unmapped_or2           1   3.2     0    17    1291    (-,-) 
  n_17150                       -       -       -     (net)                  -     -     -     -       -    (-,-) 
  g20328/z                      (u)     in_1->z R     unmapped_nand2         1   3.6     0    17    1308    (-,-) 
  n_2728                        -       -       -     (net)                  -     -     -     -       -    (-,-) 
  fp_out_reg[0]/d               <<<     -       R     unmapped_d_flop        1     -     -     0    1308    (-,-) 
#-----------------------------------------------------------------------------------------------------------------

(u) : Net has unmapped pin(s).

Capture clock path:
#------------------------------------------------------------------------------------------------
#   Timing Point    Flags   Arc   Edge      Cell        Fanout Load Trans Delay Arrival Instance 
#                                                              (fF)  (ps)  (ps)   (ps)  Location 
#------------------------------------------------------------------------------------------------
  clk               (i,u)   -     R     (arrival)          100  0.0     0     0    1449    (-,-) 
  clk               -       -     -     (net)                -    -     -     -       -    (-,-) 
  clk               -       -     -     (net)                -    -     -     -       -    (-,-) 
  fp_out_reg[0]/clk <<<     -     R     unmapped_d_flop    100    -     1     0    1449    (-,-) 
#------------------------------------------------------------------------------------------------


