============================================================
  Generated by:           Genus(TM) Synthesis Solution 25.11-s095_1
  Generated on:           Mar 10 2026  10:37:23 am
  Operating conditions:   typical 
  Interconnect mode:      global
  Area mode:              physical library
============================================================

                                Leakage    Internal                          Library 
   Gate    Instances   Area   Power (nW)  Power (nW)          Library         Domain 
-------------------------------------------------------------------------------------
AND2_X1           76   80.864   1955.813    94717.053 NangateOpenCellLibrary       0 
AND2_X2           18   23.940    921.808    50488.754 NangateOpenCellLibrary       0 
AND2_X4            7   16.758    734.072    54885.716 NangateOpenCellLibrary       0 
AND3_X1           11   14.630    324.427    14775.956 NangateOpenCellLibrary       0 
AND3_X2            2    3.192    114.660     4969.571 NangateOpenCellLibrary       0 
AND3_X4            1    2.926    118.275     4646.375 NangateOpenCellLibrary       0 
AND4_X1            4    6.384    139.536     7139.187 NangateOpenCellLibrary       0 
AND4_X2            1    1.862     64.943     2404.221 NangateOpenCellLibrary       0 
AOI211_X1          3    3.990     91.990     2636.330 NangateOpenCellLibrary       0 
AOI21_X1          67   71.288   1775.952    87920.510 NangateOpenCellLibrary       0 
AOI21_X2          10   18.620    498.004    20626.353 NangateOpenCellLibrary       0 
AOI21_X4           1    3.458     63.531     3129.489 NangateOpenCellLibrary       0 
AOI221_X1          4    6.384    174.270     4545.011 NangateOpenCellLibrary       0 
AOI222_X1          8   17.024    385.435    17212.972 NangateOpenCellLibrary       0 
AOI22_X1          96  127.680   2918.703    79025.153 NangateOpenCellLibrary       0 
BUF_X1            21   16.758    463.334    48999.929 NangateOpenCellLibrary       0 
BUF_X2             1    1.064     42.553     1792.426 NangateOpenCellLibrary       0 
CLKBUF_X1          3    2.394     35.665     4256.509 NangateOpenCellLibrary       0 
DFFR_X1           56  297.920   4910.675   471950.006 NangateOpenCellLibrary       0 
HA_X1              5   13.300    292.620    15843.215 NangateOpenCellLibrary       0 
INV_X1           411  218.652   5890.513   193805.419 NangateOpenCellLibrary       0 
INV_X2            28   22.344    849.594    21533.989 NangateOpenCellLibrary       0 
INV_X4            17   22.610    938.743    31473.877 NangateOpenCellLibrary       0 
INV_X8             3    7.182    305.371     8276.761 NangateOpenCellLibrary       0 
MUX2_X1           19   35.378    692.964    37969.911 NangateOpenCellLibrary       0 
NAND2_X1         389  310.422   6791.042   210654.280 NangateOpenCellLibrary       0 
NAND2_X2          44   58.520   1434.366    39091.349 NangateOpenCellLibrary       0 
NAND2_X4          18   43.092   1663.689    54234.737 NangateOpenCellLibrary       0 
NAND3_X1          72   76.608   1778.233    67987.745 NangateOpenCellLibrary       0 
NAND3_X2           6   11.172    306.220    13345.835 NangateOpenCellLibrary       0 
NAND3_X4           2    6.916    138.129     8741.230 NangateOpenCellLibrary       0 
NAND4_X1          22   29.260    874.751    30109.784 NangateOpenCellLibrary       0 
NAND4_X2           5   11.970    307.292    12484.737 NangateOpenCellLibrary       0 
NAND4_X4           1    4.788     90.471     3463.579 NangateOpenCellLibrary       0 
NOR2_X1          205  163.590   4418.711   148057.157 NangateOpenCellLibrary       0 
NOR2_X2           23   30.590   1096.935    22309.204 NangateOpenCellLibrary       0 
NOR2_X4            7   16.758    733.264     6352.304 NangateOpenCellLibrary       0 
NOR3_X1           15   15.960    398.983    15397.966 NangateOpenCellLibrary       0 
NOR4_X1           19   25.270    632.820     5589.966 NangateOpenCellLibrary       0 
OAI211_X1         21   27.930    731.176    25769.971 NangateOpenCellLibrary       0 
OAI211_X2          3    7.182    184.970     5459.701 NangateOpenCellLibrary       0 
OAI21_X1          67   71.288   2003.278    76608.563 NangateOpenCellLibrary       0 
OAI21_X2           8   14.896    528.917    22134.083 NangateOpenCellLibrary       0 
OAI21_X4           1    3.458    128.335     6732.977 NangateOpenCellLibrary       0 
OAI221_X1         24   38.304   1383.277    30330.892 NangateOpenCellLibrary       0 
OAI222_X1         76  161.728   4734.140   108638.787 NangateOpenCellLibrary       0 
OAI22_X1          84  111.720   3576.322    77440.218 NangateOpenCellLibrary       0 
OAI33_X1           1    1.862     37.682     2788.304 NangateOpenCellLibrary       0 
OR2_X1            30   31.920    686.572    27501.423 NangateOpenCellLibrary       0 
OR2_X2             2    2.660     92.750     4407.558 NangateOpenCellLibrary       0 
OR2_X4             1    2.394     96.810     5282.521 NangateOpenCellLibrary       0 
OR3_X1             2    2.660     49.793     1437.840 NangateOpenCellLibrary       0 
SDFFR_X1          12   79.800   1289.975   108956.339 NangateOpenCellLibrary       0 
XNOR2_X1          30   47.880   1027.062    94941.165 NangateOpenCellLibrary       0 
XNOR2_X2          11   29.260    846.930    43374.136 NangateOpenCellLibrary       0 
XOR2_X1            7   11.172    234.539    21670.241 NangateOpenCellLibrary       0 
-------------------------------------------------------------------------------------
total           2081 2487.632  63000.888  2586319.284                                
                                           Leakage  Leakage   Internal  Internal 
     Type      Instances   Area   Area % Power (nW) Power %  Power (nW)  Power % 
---------------------------------------------------------------------------------
sequential            68  377.720   15.2   6200.650     9.8  580906.346     22.5 
inverter             459  270.788   10.9   7984.221    12.7  255090.046      9.9 
buffer                25   20.216    0.8    541.553     0.9   55048.864      2.1 
logic               1529 1818.908   73.1  48274.465    76.6 1695274.030     65.5 
physical_cells         0    0.000    0.0      0.000     0.0       0.000      0.0 
---------------------------------------------------------------------------------
total               2081 2487.632  100.0  63000.888   100.0 2586319.284    100.0 
