============================================================
  Generated by:           Genus(TM) Synthesis Solution 25.11-s095_1
  Generated on:           Mar 11 2026  08:33:16 am
  Operating conditions:   typical 
  Interconnect mode:      global
  Area mode:              physical library
============================================================

                                Leakage      Internal                          Library 
   Gate    Instances   Area    Power (nW)   Power (nW)          Library         Domain 
---------------------------------------------------------------------------------------
AND2_X1          124  131.936    3189.478    221681.675 NangateOpenCellLibrary       0 
AND2_X2           30   39.900    1580.432    107429.349 NangateOpenCellLibrary       0 
AND2_X4           18   43.092    1886.400    138989.074 NangateOpenCellLibrary       0 
AND3_X1           12   15.960     323.986     15273.456 NangateOpenCellLibrary       0 
AND3_X2            6    9.576     340.250     19621.681 NangateOpenCellLibrary       0 
AND3_X4            3    8.778     372.108     14751.496 NangateOpenCellLibrary       0 
AND4_X1            7   11.172     221.515     10934.342 NangateOpenCellLibrary       0 
AND4_X2            1    1.862      57.485      4001.390 NangateOpenCellLibrary       0 
AND4_X4            1    3.458      82.075       739.955 NangateOpenCellLibrary       0 
AOI211_X1          6    7.980     157.656     17562.959 NangateOpenCellLibrary       0 
AOI21_X1         151  160.664    4037.155    253267.102 NangateOpenCellLibrary       0 
AOI21_X2          55  102.410    2938.465    180749.146 NangateOpenCellLibrary       0 
AOI21_X4           7   24.206     784.936     37681.095 NangateOpenCellLibrary       0 
AOI221_X1         17   27.132     547.059     37771.464 NangateOpenCellLibrary       0 
AOI222_X1         11   23.408     476.120     33255.757 NangateOpenCellLibrary       0 
AOI22_X1         103  136.990    2971.892    176489.110 NangateOpenCellLibrary       0 
AOI22_X2           3    7.182     163.950      9913.858 NangateOpenCellLibrary       0 
AOI22_X4           6   27.132     784.247     41152.845 NangateOpenCellLibrary       0 
BUF_X1             4    3.192      87.694      8105.777 NangateOpenCellLibrary       0 
BUF_X2            20   21.280     855.012     77434.399 NangateOpenCellLibrary       0 
BUF_X4             2    3.724     173.532     17508.044 NangateOpenCellLibrary       0 
BUF_X8             1    3.458     171.639     17005.487 NangateOpenCellLibrary       0 
CLKBUF_X1          9    7.182     100.095     12965.398 NangateOpenCellLibrary       0 
DFFR_X1          114  606.480   10054.573   1517581.988 NangateOpenCellLibrary       0 
DFFR_X2            2   11.704     260.609     16319.539 NangateOpenCellLibrary       0 
FA_X1              2    8.512     148.276     14378.987 NangateOpenCellLibrary       0 
HA_X1             45  119.700    2685.600    217856.331 NangateOpenCellLibrary       0 
INV_X1          1258  669.256   18087.079    879356.442 NangateOpenCellLibrary       0 
INV_X16            5   22.610    1148.257     30510.962 NangateOpenCellLibrary       0 
INV_X2           208  165.984    6048.523    313816.009 NangateOpenCellLibrary       0 
INV_X4            60   79.800    3486.029    168576.036 NangateOpenCellLibrary       0 
INV_X8            23   55.062    2706.543    112699.421 NangateOpenCellLibrary       0 
MUX2_X1           70  130.340    2514.364    189091.418 NangateOpenCellLibrary       0 
NAND2_X1        1459 1164.282   26109.824   1287947.456 NangateOpenCellLibrary       0 
NAND2_X2         331  440.230   13576.751    709721.347 NangateOpenCellLibrary       0 
NAND2_X4          96  229.824    8527.332    369867.941 NangateOpenCellLibrary       0 
NAND3_X1         122  129.808    3100.329    145722.238 NangateOpenCellLibrary       0 
NAND3_X2          42   78.204    2652.219    103396.985 NangateOpenCellLibrary       0 
NAND3_X4           8   27.664     940.828     33355.596 NangateOpenCellLibrary       0 
NAND4_X1          32   42.560     884.484     19075.861 NangateOpenCellLibrary       0 
NAND4_X2           4    9.576     455.838      9473.405 NangateOpenCellLibrary       0 
NAND4_X4           3   14.364     307.683     11242.898 NangateOpenCellLibrary       0 
NOR2_X1          323  257.754    6851.632    286060.273 NangateOpenCellLibrary       0 
NOR2_X2           69   91.770    2920.310    126137.061 NangateOpenCellLibrary       0 
NOR2_X4           27   64.638    2355.881    100934.125 NangateOpenCellLibrary       0 
NOR3_X1           14   14.896     395.695      7992.597 NangateOpenCellLibrary       0 
NOR4_X1           45   59.850    1585.625      9786.588 NangateOpenCellLibrary       0 
OAI211_X1         28   37.240     998.904     57889.202 NangateOpenCellLibrary       0 
OAI211_X2         12   28.728     648.476     44869.604 NangateOpenCellLibrary       0 
OAI211_X4          3   13.566     330.541     15334.113 NangateOpenCellLibrary       0 
OAI21_X1         296  314.944    8975.002    470152.879 NangateOpenCellLibrary       0 
OAI21_X2         104  193.648    5988.677    351271.845 NangateOpenCellLibrary       0 
OAI21_X4          18   62.244    2276.994    127083.147 NangateOpenCellLibrary       0 
OAI221_X1         28   44.688    1619.660     66767.674 NangateOpenCellLibrary       0 
OAI222_X1         17   36.176    1060.533     42330.713 NangateOpenCellLibrary       0 
OAI22_X1          82  109.060    3092.175    141358.859 NangateOpenCellLibrary       0 
OAI22_X2           9   21.546     643.898     28700.138 NangateOpenCellLibrary       0 
OAI22_X4           1    4.522     136.104      2335.973 NangateOpenCellLibrary       0 
OR2_X1            56   59.584    1275.854     91990.934 NangateOpenCellLibrary       0 
OR2_X2             7    9.310     319.529     29273.056 NangateOpenCellLibrary       0 
OR2_X4             2    4.788     183.735     11190.873 NangateOpenCellLibrary       0 
OR3_X1            13   17.290     322.035      8446.457 NangateOpenCellLibrary       0 
OR4_X1            18   28.728     502.993      5181.407 NangateOpenCellLibrary       0 
SDFFR_X1          23  152.950    2485.707    391866.439 NangateOpenCellLibrary       0 
XNOR2_X1         227  362.292    8314.706    663523.594 NangateOpenCellLibrary       0 
XNOR2_X2         156  414.960   11522.632    878836.435 NangateOpenCellLibrary       0 
XOR2_X1           32   51.072    1158.612     99842.505 NangateOpenCellLibrary       0 
XOR2_X2            4    9.576     285.714     24846.908 NangateOpenCellLibrary       0 
---------------------------------------------------------------------------------------
total           6095 7293.454  192249.946  11688279.118                                
                                           Leakage  Leakage   Internal   Internal 
     Type      Instances   Area   Area % Power (nW) Power %  Power (nW)   Power % 
----------------------------------------------------------------------------------
sequential           139  771.134   10.6  12800.889     6.7  1925767.967     16.5 
inverter            1554  992.712   13.6  31476.431    16.4  1504958.871     12.9 
buffer                36   38.836    0.5   1387.973     0.7   133019.104      1.1 
logic               4366 5490.772   75.3 146584.653    76.2  8124533.177     69.5 
physical_cells         0    0.000    0.0      0.000     0.0        0.000      0.0 
----------------------------------------------------------------------------------
total               6095 7293.454  100.0 192249.946   100.0 11688279.118    100.0 
