============================================================
  Generated by:           Genus(TM) Synthesis Solution 25.11-s095_1
  Generated on:           Mar 11 2026  08:33:04 am
  Module:                 sysarr_n_input_fp_adder_noretime
  Library domain:         timing_condition_tt_1p2v_25c
    Domain index:         0
    Technology library:   NangateOpenCellLibrary revision 1.0
  Operating conditions:   typical 
  Interconnect mode:      global
  Area mode:              physical library
============================================================

Timing
--------

Analysis view  Clock Period 
----------------------------
view_1p2_25   clock1 1000.0 


  Analysis    Cost   Critical            Violating 
    View     Group  Path Slack    TNS      Paths   
---------------------------------------------------
view_1p2_25  clock1     -244.0 -11965.1         53 
            default   No paths      0.0          0 
---------------------------------------------------
Total                          -11965.1         53 
                                                   

Instance Count
--------------
Leaf Instance Count             6095 
Physical Instance count            0 
Sequential Instance Count        139 
Combinational Instance Count    5956 
Hierarchical Instance Count        0 

Area
----
Cell Area                          7293.454
Physical Cell Area                 0.000
Total Cell Area (Cell+Physical)    7293.454
Net Area                           7553.994
Total Area (Cell+Physical+Net)     14847.448

Power
-----
Leakage Power                      192249.946 nW
Dynamic Power                      24165275.227 nW
Total Power                        24357525.173 nW

Max Fanout                         139 (clk)
Min Fanout                         0 (n_4689)
Average Fanout                     2.0
Terms to net ratio                 2.9613
Terms to instance ratio            3.1114
Runtime                            44.889724 seconds
Elapsed Runtime                    51 seconds
Genus peak memory usage            1723.85 
Innovus peak memory usage          no_value 
Hostname                           asicfab.ecn.purdue.edu
