============================================================
  Generated by:           Genus(TM) Synthesis Solution 25.11-s095_1
  Generated on:           Mar 11 2026  08:33:10 am
  Module:                 sysarr_n_input_fp_adder_noretime
  Operating conditions:   typical 
  Interconnect mode:      global
  Area mode:              physical library
============================================================


Path 1: VIOLATED (-244 ps) Setup Check with Pin st1_sum_vec_reg[12]/CK->D
           View: view_1p2_25
          Group: clock1
     Startpoint: (R) in_data[4][26]
          Clock: (R) clock1
       Endpoint: (F) st1_sum_vec_reg[12]/D
          Clock: (R) clock1

                     Capture       Launch     
        Clock Edge:+    1000            0     
        Drv Adjust:+       0            0     
       Src Latency:+       0            0     
       Net Latency:+       0 (I)        0 (I) 
           Arrival:=    1000            0     
                                              
             Setup:-      42                  
       Uncertainty:-       0                  
     Required Time:=     958                  
      Launch Clock:-       0                  
       Input Delay:-       1                  
         Data Path:-    1201                  
             Slack:=    -244                  

Exceptions/Constraints:
  input_delay              1              sysarr_n_input_fp_ad_line_21_134_1   

#-----------------------------------------------------------------------------------------------
#     Timing Point      Flags    Arc   Edge   Cell     Fanout Load Trans Delay Arrival Instance 
#                                                             (fF)  (ps)  (ps)   (ps)  Location 
#-----------------------------------------------------------------------------------------------
  in_data[4][26]        -       -      R     (arrival)      6 57.7     0     0       1    (-,-) 
  in_data[4][26]        -       -      -     (net)          -    -     -     -       -    (-,-) 
  g107001_0/ZN          -       A->ZN  F     INV_X16        3  9.0     2     4       5    (-,-) 
  n_6261                -       -      -     (net)          -    -     -     -       -    (-,-) 
  g106769__8246/ZN      -       B1->ZN R     OAI22_X4       1  7.0    30    36      41    (-,-) 
  n_5006                -       -      -     (net)          -    -     -     -       -    (-,-) 
  g106657__8428/ZN      -       A2->ZN F     NOR2_X4        1  6.0     9    13      54    (-,-) 
  n_5094                -       -      -     (net)          -    -     -     -       -    (-,-) 
  g106546__1881/ZN      -       A1->ZN R     NAND2_X4       2  6.5     9    14      69    (-,-) 
  n_5169                -       -      -     (net)          -    -     -     -       -    (-,-) 
  g106464__2883/ZN      -       A1->ZN F     NAND3_X2       1  3.2    11    18      86    (-,-) 
  n_5211                -       -      -     (net)          -    -     -     -       -    (-,-) 
  g106454__7098/ZN      -       A1->ZN R     NAND2_X2       1  7.2    14    20     107    (-,-) 
  n_5220                -       -      -     (net)          -    -     -     -       -    (-,-) 
  g106430__9315/ZN      -       A2->ZN F     NAND3_X4       1  6.0    11    21     128    (-,-) 
  n_5241                -       -      -     (net)          -    -     -     -       -    (-,-) 
  g106418__2802/ZN      -       A1->ZN R     NAND2_X4       4 11.6    12    18     146    (-,-) 
  n_5263                -       -      -     (net)          -    -     -     -       -    (-,-) 
  g106379__5122/ZN      -       A1->ZN F     NAND2_X2       5  9.9    13    21     167    (-,-) 
  n_5279                -       -      -     (net)          -    -     -     -       -    (-,-) 
  g106373/ZN            -       A->ZN  R     INV_X2         2  7.1    11    19     186    (-,-) 
  n_5280                -       -      -     (net)          -    -     -     -       -    (-,-) 
  g106372/ZN            -       A->ZN  F     INV_X2         2  6.3     6    10     197    (-,-) 
  n_5281                -       -      -     (net)          -    -     -     -       -    (-,-) 
  g106360__5477/ZN      -       A1->ZN R     NAND2_X2       1  3.3    10    13     210    (-,-) 
  n_5291                -       -      -     (net)          -    -     -     -       -    (-,-) 
  g106321__2346/ZN      -       A1->ZN F     NAND3_X2       4  6.7    15    23     233    (-,-) 
  n_5328                -       -      -     (net)          -    -     -     -       -    (-,-) 
  g106275__6417/ZN      -       A1->ZN R     NAND2_X1       1  3.4    15    22     255    (-,-) 
  n_5363                -       -      -     (net)          -    -     -     -       -    (-,-) 
  g106250__8428/ZN      -       A1->ZN F     NAND2_X2       1  6.6    10    18     273    (-,-) 
  n_5383                -       -      -     (net)          -    -     -     -       -    (-,-) 
  g106227__2346/ZN      -       A2->ZN R     NOR2_X4        1  6.3    15    28     301    (-,-) 
  n_5394                -       -      -     (net)          -    -     -     -       -    (-,-) 
  g106211__1617/ZN      -       A1->ZN F     NAND2_X4       1  6.0     8    14     315    (-,-) 
  n_5410                -       -      -     (net)          -    -     -     -       -    (-,-) 
  g106203__5107/ZN      -       A1->ZN R     NAND2_X4       1  6.6    10    14     329    (-,-) 
  n_5418                -       -      -     (net)          -    -     -     -       -    (-,-) 
  g106202/ZN            -       A->ZN  F     INV_X4         1  6.0     4     8     336    (-,-) 
  n_5419                -       -      -     (net)          -    -     -     -       -    (-,-) 
  g106200__5477/ZN      -       A1->ZN R     NAND2_X4       4 26.7    21    24     361    (-,-) 
  n_4723                -       -      -     (net)          -    -     -     -       -    (-,-) 
  g106195/ZN            -       A->ZN  F     INV_X8         7 38.8     9    17     377    (-,-) 
  n_5422                -       -      -     (net)          -    -     -     -       -    (-,-) 
  g106169__6783/ZN      -       B1->ZN R     AOI22_X4       1  6.5    25    41     418    (-,-) 
  n_5446                -       -      -     (net)          -    -     -     -       -    (-,-) 
  g106161__6417/ZN      -       A2->ZN F     NAND2_X4       2  6.6     9    17     435    (-,-) 
  n_5533                -       -      -     (net)          -    -     -     -       -    (-,-) 
  g180054/ZN            -       A2->ZN R     NOR2_X2        1  3.8    16    29     464    (-,-) 
  n_575                 -       -      -     (net)          -    -     -     -       -    (-,-) 
  g179887/ZN            -       A2->ZN F     NAND2_X2       1  5.9    10    19     483    (-,-) 
  n_726                 -       -      -     (net)          -    -     -     -       -    (-,-) 
  g179803/ZN            -       A1->ZN R     NOR2_X4        2  5.3    14    22     505    (-,-) 
  n_832                 -       -      -     (net)          -    -     -     -       -    (-,-) 
  g179769/ZN            -       A->ZN  F     INV_X1         1  3.2     6    11     516    (-,-) 
  n_833                 -       -      -     (net)          -    -     -     -       -    (-,-) 
  g179604/ZN            -       A1->ZN R     NAND2_X2       2  5.4    12    16     532    (-,-) 
  n_990                 -       -      -     (net)          -    -     -     -       -    (-,-) 
  g179555/Z             -       A->Z   R     BUF_X2         1  3.4     7    22     554    (-,-) 
  n_991                 -       -      -     (net)          -    -     -     -       -    (-,-) 
  g179520/ZN            -       A1->ZN F     NAND2_X2       1  6.0    10    15     569    (-,-) 
  n_1040                -       -      -     (net)          -    -     -     -       -    (-,-) 
  g180490/ZN            -       A1->ZN R     NAND2_X4      17 40.1    28    35     604    (-,-) 
  n_78                  -       -      -     (net)          -    -     -     -       -    (-,-) 
  g179346/ZN            -       A->ZN  F     INV_X4        11 24.0    12    19     623    (-,-) 
  n_151                 -       -      -     (net)          -    -     -     -       -    (-,-) 
  g179339/ZN            -       A->ZN  R     INV_X4         7 13.6    11    19     642    (-,-) 
  n_149                 -       -      -     (net)          -    -     -     -       -    (-,-) 
  g178955/ZN            -       A1->ZN F     NAND2_X1       1  1.9     8    14     656    (-,-) 
  n_1311                -       -      -     (net)          -    -     -     -       -    (-,-) 
  g178812/ZN            -       A1->ZN F     AND2_X2        2  4.7     7    28     684    (-,-) 
  n_1482                -       -      -     (net)          -    -     -     -       -    (-,-) 
  g178248/ZN            -       B1->ZN R     AOI21_X2       2  5.3    26    30     714    (-,-) 
  n_1912                -       -      -     (net)          -    -     -     -       -    (-,-) 
  g177660/ZN            -       B1->ZN F     OAI21_X2       2  3.5    13    18     732    (-,-) 
  n_2368                -       -      -     (net)          -    -     -     -       -    (-,-) 
  g177422/ZN            -       A1->ZN R     NAND2_X1       1  2.0    10    17     749    (-,-) 
  n_2493                -       -      -     (net)          -    -     -     -       -    (-,-) 
  g177222/ZN            -       A->ZN  F     OAI21_X1       1  2.4    13    20     769    (-,-) 
  n_2663                -       -      -     (net)          -    -     -     -       -    (-,-) 
  g176868/ZN            -       A->ZN  F     XNOR2_X1       2  2.9    16    42     811    (-,-) 
  n_3029                -       -      -     (net)          -    -     -     -       -    (-,-) 
  g176155/ZN            -       A->ZN  R     AOI21_X1       1  2.0    23    44     855    (-,-) 
  n_3607                -       -      -     (net)          -    -     -     -       -    (-,-) 
  g176070/ZN            -       A2->ZN F     NAND2_X1       1  3.4    11    21     876    (-,-) 
  n_3669                -       -      -     (net)          -    -     -     -       -    (-,-) 
  g176017/ZN            -       A2->ZN R     NAND2_X2       2  4.8    11    20     895    (-,-) 
  n_3745                -       -      -     (net)          -    -     -     -       -    (-,-) 
  fopt180850/ZN         -       A->ZN  F     INV_X2         1  3.4     5     8     903    (-,-) 
  n_6232                -       -      -     (net)          -    -     -     -       -    (-,-) 
  g175956/ZN            -       A2->ZN R     NAND2_X2       2  6.9    13    19     922    (-,-) 
  n_3790                -       -      -     (net)          -    -     -     -       -    (-,-) 
  g175819/ZN            -       A1->ZN F     NAND2_X2       2  6.5    10    18     940    (-,-) 
  n_3900                -       -      -     (net)          -    -     -     -       -    (-,-) 
  g175726/ZN            -       A2->ZN R     NAND2_X2       3  9.1    16    24     964    (-,-) 
  n_3974                -       -      -     (net)          -    -     -     -       -    (-,-) 
  g175670/ZN            -       A2->ZN F     NAND2_X2       1  4.1     8    16     980    (-,-) 
  n_4009                -       -      -     (net)          -    -     -     -       -    (-,-) 
  g175555/ZN            -       A->ZN  F     XNOR2_X2       2  7.2    17    39    1019    (-,-) 
  n_4122                -       -      -     (net)          -    -     -     -       -    (-,-) 
  g175533/ZN            -       A->ZN  R     INV_X2         2  5.3    10    19    1039    (-,-) 
  n_4123                -       -      -     (net)          -    -     -     -       -    (-,-) 
  g175394/ZN            -       A1->ZN F     NAND2_X2       1  3.2     7    13    1052    (-,-) 
  n_4230                -       -      -     (net)          -    -     -     -       -    (-,-) 
  g175255__2883/ZN      -       A->ZN  R     OAI21_X2       2  7.3    28    24    1076    (-,-) 
  n_4382                -       -      -     (net)          -    -     -     -       -    (-,-) 
  g175234/ZN            -       A->ZN  F     INV_X2         1  3.2     8     9    1085    (-,-) 
  n_4383                -       -      -     (net)          -    -     -     -       -    (-,-) 
  g175174__5477/ZN      -       A1->ZN R     NAND2_X2       3  7.4    14    19    1104    (-,-) 
  n_4448                -       -      -     (net)          -    -     -     -       -    (-,-) 
  g175114__6783/ZN      -       A1->ZN F     NAND2_X1       2  3.5    14    18    1122    (-,-) 
  n_4506                -       -      -     (net)          -    -     -     -       -    (-,-) 
  g175066__5107/ZN      -       A1->ZN R     NAND2_X1       1  3.3    13    21    1143    (-,-) 
  n_4531                -       -      -     (net)          -    -     -     -       -    (-,-) 
  g175037__1617/ZN      -       A1->ZN F     NAND3_X2       2  4.1    12    20    1164    (-,-) 
  n_4567                -       -      -     (net)          -    -     -     -       -    (-,-) 
  g174984__2883/ZN      -       A->ZN  F     XNOR2_X1       1  1.4    13    38    1202    (-,-) 
  n_4614                -       -      -     (net)          -    -     -     -       -    (-,-) 
  st1_sum_vec_reg[12]/D <<<     -      F     DFFR_X1        1    -     -     0    1202    (-,-) 
#-----------------------------------------------------------------------------------------------

Capture clock path:
#-----------------------------------------------------------------------------------------------
#     Timing Point       Flags   Arc   Edge   Cell     Fanout Load Trans Delay Arrival Instance 
#                                                             (fF)  (ps)  (ps)   (ps)  Location 
#-----------------------------------------------------------------------------------------------
  clk                    (i)     -     R     (arrival)    139  0.0     0     0    1000    (-,-) 
  clk                    -       -     -     (net)          -    -     -     -       -    (-,-) 
  clk                    -       -     -     (net)          -    -     -     -       -    (-,-) 
  st1_sum_vec_reg[12]/CK <<<     -     R     DFFR_X1      139    -     1     0    1000    (-,-) 
#-----------------------------------------------------------------------------------------------


