============================================================
  Generated by:           Genus(TM) Synthesis Solution 25.11-s095_1
  Generated on:           May 25 2026  01:42:37 am
  Module:                 sysarr_32_input_fp_adder
  Operating conditions:   typical 
  Interconnect mode:      global
  Area mode:              physical library
============================================================


Path 1: VIOLATED (-11 ps) Setup Check with Pin abs_sum_reg[29]/CK->D
           View: view_1p2_25
          Group: clock1
     Startpoint: (R) aligner_inst_aligned_mant_out_reg[21][12]/CK
          Clock: (R) clock1
       Endpoint: (F) abs_sum_reg[29]/D
          Clock: (R) clock1

                     Capture       Launch     
        Clock Edge:+    1000            0     
       Src Latency:+       0            0     
       Net Latency:+       0 (I)        0 (I) 
           Arrival:=    1000            0     
                                              
             Setup:-      42                  
       Uncertainty:-       0                  
     Required Time:=     958                  
      Launch Clock:-       0                  
         Data Path:-     969                  
             Slack:=     -11                  

Launch clock path:
#---------------------------------------------------------------------------------------------------------------------
#                Timing Point                  Flags   Arc   Edge   Cell     Fanout Load Trans Delay Arrival Instance 
#                                                                                   (fF)  (ps)  (ps)   (ps)  Location 
#---------------------------------------------------------------------------------------------------------------------
  clk                                          (i)     -     R     (arrival)   2173  0.0     0     0       0    (-,-) 
  clk                                          -       -     -     (net)          -    -     -     -       -    (-,-) 
  clk                                          -       -     -     (net)          -    -     -     -       -    (-,-) 
  aligner_inst_aligned_mant_out_reg[21][12]/CK <<<     -     R     DFFR_X1     2173    -     1     0       0    (-,-) 
#---------------------------------------------------------------------------------------------------------------------

#----------------------------------------------------------------------------------------------------------------------
#                Timing Point                  Flags    Arc   Edge   Cell     Fanout Load Trans Delay Arrival Instance 
#                                                                                    (fF)  (ps)  (ps)   (ps)  Location 
#----------------------------------------------------------------------------------------------------------------------
  aligner_inst_aligned_mant_out_reg[21][12]/CK -       -      R     (arrival)   2173    -     1     0       0    (-,-) 
  aligner_inst_aligned_mant_out_reg[21][12]/QN -       CK->QN F     DFFR_X1        1  1.8    12    65      65    (-,-) 
  n_11536                                      -       -      -     (net)          -    -     -     -       -    (-,-) 
  g391435/ZN                                   -       A->ZN  R     INV_X1         4  7.5    20    28      93    (-,-) 
  w_aligned_mants[21][12]                      -       -      -     (net)          -    -     -     -       -    (-,-) 
  csa_tree_adder_tree_inst_add_71_50_g69262/ZN -       A2->ZN F     NAND2_X1       1  1.8     8    16     109    (-,-) 
  csa_tree_adder_tree_inst_add_71_50_n_2310    -       -      -     (net)          -    -     -     -       -    (-,-) 
  csa_tree_adder_tree_inst_add_71_50_g68936/ZN -       A2->ZN R     NAND2_X1       1  2.5    11    18     127    (-,-) 
  csa_tree_adder_tree_inst_add_71_50_n_2631    -       -      -     (net)          -    -     -     -       -    (-,-) 
  csa_tree_adder_tree_inst_add_71_50_g71472/Z  -       A->Z   R     XOR2_X1        3  6.6    44    71     199    (-,-) 
  csa_tree_adder_tree_inst_add_71_50_n_69      -       -      -     (net)          -    -     -     -       -    (-,-) 
  csa_tree_adder_tree_inst_add_71_50_g66346/ZN -       B->ZN  R     XNOR2_X1       1  2.5    22    48     247    (-,-) 
  csa_tree_adder_tree_inst_add_71_50_n_4487    -       -      -     (net)          -    -     -     -       -    (-,-) 
  csa_tree_adder_tree_inst_add_71_50_g65776/ZN -       A->ZN  R     XNOR2_X1       3  5.7    37    52     299    (-,-) 
  csa_tree_adder_tree_inst_add_71_50_n_4985    -       -      -     (net)          -    -     -     -       -    (-,-) 
  csa_tree_adder_tree_inst_add_71_50_g64804/ZN -       B1->ZN F     OAI21_X1       1  1.8    14    20     318    (-,-) 
  csa_tree_adder_tree_inst_add_71_50_n_5702    -       -      -     (net)          -    -     -     -       -    (-,-) 
  csa_tree_adder_tree_inst_add_71_50_g64741/ZN -       A1->ZN R     NAND2_X1       2  7.0    21    30     349    (-,-) 
  csa_tree_adder_tree_inst_add_71_50_n_5778    -       -      -     (net)          -    -     -     -       -    (-,-) 
  csa_tree_adder_tree_inst_add_71_50_g64328/ZN -       B->ZN  R     XNOR2_X2       1  4.3    21    41     390    (-,-) 
  csa_tree_adder_tree_inst_add_71_50_n_6094    -       -      -     (net)          -    -     -     -       -    (-,-) 
  csa_tree_adder_tree_inst_add_71_50_g64230/ZN -       A->ZN  R     XNOR2_X2       3  7.4    28    45     435    (-,-) 
  csa_tree_adder_tree_inst_add_71_50_n_6196    -       -      -     (net)          -    -     -     -       -    (-,-) 
  csa_tree_adder_tree_inst_add_71_50_g64122/ZN -       A2->ZN F     NAND2_X1       1  3.4    14    22     457    (-,-) 
  csa_tree_adder_tree_inst_add_71_50_n_6278    -       -      -     (net)          -    -     -     -       -    (-,-) 
  csa_tree_adder_tree_inst_add_71_50_g64060/ZN -       A2->ZN R     NAND2_X2       3  8.0    15    25     482    (-,-) 
  csa_tree_adder_tree_inst_add_71_50_n_6342    -       -      -     (net)          -    -     -     -       -    (-,-) 
  csa_tree_adder_tree_inst_add_71_50_g63961/ZN -       A->ZN  R     XNOR2_X2       1  4.3    21    39     521    (-,-) 
  csa_tree_adder_tree_inst_add_71_50_n_6442    -       -      -     (net)          -    -     -     -       -    (-,-) 
  csa_tree_adder_tree_inst_add_71_50_g63888/ZN -       A->ZN  R     XNOR2_X2       4 12.3    39    51     572    (-,-) 
  csa_tree_adder_tree_inst_add_71_50_n_6518    -       -      -     (net)          -    -     -     -       -    (-,-) 
  csa_tree_adder_tree_inst_add_71_50_g63816/ZN -       A1->ZN F     NAND2_X1       1  3.4    16    24     596    (-,-) 
  csa_tree_adder_tree_inst_add_71_50_n_6583    -       -      -     (net)          -    -     -     -       -    (-,-) 
  csa_tree_adder_tree_inst_add_71_50_g63722/ZN -       A2->ZN R     NAND2_X2       8 18.2    26    38     635    (-,-) 
  n_36887                                      -       -      -     (net)          -    -     -     -       -    (-,-) 
  WALLACE_CSA_DUMMY_OP1_groupi_g4427/ZN        -       A->ZN  F     INV_X1         1  3.2     9    13     648    (-,-) 
  WALLACE_CSA_DUMMY_OP1_groupi_n_37            -       -      -     (net)          -    -     -     -       -    (-,-) 
  WALLACE_CSA_DUMMY_OP1_groupi_g4396/ZN        -       A1->ZN R     NAND2_X2       3  7.2    14    20     667    (-,-) 
  WALLACE_CSA_DUMMY_OP1_groupi_n_66            -       -      -     (net)          -    -     -     -       -    (-,-) 
  WALLACE_CSA_DUMMY_OP1_groupi_g4316/ZN        -       A->ZN  F     INV_X2         2  6.8     7    12     679    (-,-) 
  WALLACE_CSA_DUMMY_OP1_groupi_n_126           -       -      -     (net)          -    -     -     -       -    (-,-) 
  WALLACE_CSA_DUMMY_OP1_groupi_g4250/ZN        -       A2->ZN R     NAND2_X2       4  8.8    15    22     701    (-,-) 
  WALLACE_CSA_DUMMY_OP1_groupi_n_186           -       -      -     (net)          -    -     -     -       -    (-,-) 
  WALLACE_CSA_DUMMY_OP1_groupi_g4180/ZN        -       A1->ZN F     NAND2_X2       1  6.6    10    19     720    (-,-) 
  WALLACE_CSA_DUMMY_OP1_groupi_n_236           -       -      -     (net)          -    -     -     -       -    (-,-) 
  WALLACE_CSA_DUMMY_OP1_groupi_g4141/ZN        -       A2->ZN R     NOR2_X4        2  7.5    16    30     749    (-,-) 
  WALLACE_CSA_DUMMY_OP1_groupi_n_272           -       -      -     (net)          -    -     -     -       -    (-,-) 
  WALLACE_CSA_DUMMY_OP1_groupi_g4130/ZN        -       A2->ZN R     AND2_X4        3 10.1    10    34     784    (-,-) 
  WALLACE_CSA_DUMMY_OP1_groupi_n_278           -       -      -     (net)          -    -     -     -       -    (-,-) 
  WALLACE_CSA_DUMMY_OP1_groupi_g4083/ZN        -       A2->ZN F     NAND3_X2       1  5.9    14    24     808    (-,-) 
  WALLACE_CSA_DUMMY_OP1_groupi_n_323           -       -      -     (net)          -    -     -     -       -    (-,-) 
  WALLACE_CSA_DUMMY_OP1_groupi_g4071/ZN        -       A2->ZN R     NAND4_X4       2  8.4    16    24     832    (-,-) 
  WALLACE_CSA_DUMMY_OP1_groupi_n_334           -       -      -     (net)          -    -     -     -       -    (-,-) 
  WALLACE_CSA_DUMMY_OP1_groupi_g4066/ZN        -       A->ZN  F     INV_X4         4  9.7     6    11     843    (-,-) 
  WALLACE_CSA_DUMMY_OP1_groupi_n_335           -       -      -     (net)          -    -     -     -       -    (-,-) 
  WALLACE_CSA_DUMMY_OP1_groupi_g4061/ZN        -       B1->ZN R     OAI21_X2       2  3.8    20    27     869    (-,-) 
  WALLACE_CSA_DUMMY_OP1_groupi_n_345           -       -      -     (net)          -    -     -     -       -    (-,-) 
  WALLACE_CSA_DUMMY_OP1_groupi_g4041/ZN        -       B1->ZN F     AOI21_X1       1  2.4    14    19     888    (-,-) 
  WALLACE_CSA_DUMMY_OP1_groupi_n_358           -       -      -     (net)          -    -     -     -       -    (-,-) 
  WALLACE_CSA_DUMMY_OP1_groupi_g4029/ZN        -       A->ZN  F     XNOR2_X1       1  1.8    11    40     928    (-,-) 
  n_12399                                      -       -      -     (net)          -    -     -     -       -    (-,-) 
  g220100__6131/ZN                             -       A1->ZN R     NAND2_X1       1  1.9    10    16     944    (-,-) 
  n_12210                                      -       -      -     (net)          -    -     -     -       -    (-,-) 
  g220017__9315/ZN                             -       A->ZN  F     OAI211_X1      1  1.4    13    26     969    (-,-) 
  n_12261                                      -       -      -     (net)          -    -     -     -       -    (-,-) 
  abs_sum_reg[29]/D                            <<<     -      F     DFF_X1         1    -     -     0     969    (-,-) 
#----------------------------------------------------------------------------------------------------------------------

Capture clock path:
#-------------------------------------------------------------------------------------------
#   Timing Point     Flags   Arc   Edge   Cell     Fanout Load Trans Delay Arrival Instance 
#                                                         (fF)  (ps)  (ps)   (ps)  Location 
#-------------------------------------------------------------------------------------------
  clk                (i)     -     R     (arrival)   2173  0.0     0     0    1000    (-,-) 
  clk                -       -     -     (net)          -    -     -     -       -    (-,-) 
  clk                -       -     -     (net)          -    -     -     -       -    (-,-) 
  abs_sum_reg[29]/CK <<<     -     R     DFF_X1      2173    -     1     0    1000    (-,-) 
#-------------------------------------------------------------------------------------------


