============================================================
  Generated by:           Genus(TM) Synthesis Solution 25.11-s095_1
  Generated on:           May 24 2026  07:45:26 pm
  Module:                 sysarr_32_input_fp_adder
  Library domain:         timing_condition_tt_1p2v_25c
    Domain index:         0
    Technology library:   NangateOpenCellLibrary revision 1.0
  Operating conditions:   typical 
  Interconnect mode:      global
  Area mode:              physical library
============================================================

Timing
--------

Analysis view  Clock Period 
----------------------------
view_1p2_25   clock1 1000.0 


  Analysis    Cost   Critical          Violating 
    View     Group  Path Slack   TNS     Paths   
-------------------------------------------------
view_1p2_25  clock1      -10.6 -413.0         98 
            default   No paths    0.0          0 
-------------------------------------------------
Total                          -413.0         98 
                                                 

Instance Count
--------------
Leaf Instance Count             23238 
Physical Instance count             0 
Sequential Instance Count        2079 
Combinational Instance Count    21159 
Hierarchical Instance Count         0 

Area
----
Cell Area                          33222.336
Physical Cell Area                 0.000
Total Cell Area (Cell+Physical)    33222.336
Net Area                           28177.636
Total Area (Cell+Physical+Net)     61399.972

Power
-----
Leakage Power                      778769.496 nW
Dynamic Power                      84715853.880 nW
Total Power                        85494623.376 nW

Max Fanout                         2079 (clk)
Min Fanout                         0 (aligner_inst_max_l3_n1_r[1])
Average Fanout                     2.0
Terms to net ratio                 3.1303
Terms to instance ratio            3.2517
Runtime                            51.98289 seconds
Elapsed Runtime                    55 seconds
Genus peak memory usage            1770.50 
Innovus peak memory usage          no_value 
Hostname                           asicfab.ecn.purdue.edu
