============================================================
  Generated by:           Genus(TM) Synthesis Solution 25.11-s095_1
  Generated on:           Jan 31 2026  09:42:52 pm
  Module:                 add_bf16
  Operating conditions:   PVT_1P2V_25C 
  Interconnect mode:      global
  Area mode:              physical library
============================================================

Timing
--------

Analysis view  Clock Period 
----------------------------
view_1p2_25   clock1 1709.0 


  Analysis    Cost   Critical        Violating 
    View     Group  Path Slack  TNS    Paths   
-----------------------------------------------
view_1p2_25  clock1        1.1  0.0          0 
            default   No paths  0.0          0 
-----------------------------------------------
Total                          -0.0          0 
                                               

Instance Count
--------------
Leaf Instance Count             743 
Physical Instance count           0 
Sequential Instance Count        30 
Combinational Instance Count    713 
Hierarchical Instance Count       0 

Area
----
Cell Area                          3748.122
Physical Cell Area                 0.000
Total Cell Area (Cell+Physical)    3748.122
Net Area                           2429.996
Total Area (Cell+Physical+Net)     6178.118

Power
-----
Leakage Power                      2021.658 nW
Dynamic Power                      2223546.793 nW
Total Power                        2225568.450 nW

Max Fanout                         30 (clk)
Min Fanout                         0 (nRST)
Average Fanout                     2.2
Terms to net ratio                 3.2117
Terms to instance ratio            3.3890
Runtime                            54.99386 seconds
Elapsed Runtime                    60 seconds
Genus peak memory usage            1954.70 
Innovus peak memory usage          no_value 
Hostname                           asicfab.ecn.purdue.edu
