============================================================
  Generated by:           Genus(TM) Synthesis Solution 25.11-s095_1
  Generated on:           Mar 10 2026  04:50:22 pm
  Module:                 add_fp16
  Operating conditions:   typical 
  Interconnect mode:      global
  Area mode:              physical library
============================================================

Timing
--------

Analysis view  Clock Period 
----------------------------
view_1p2_25   clock1 1163.0 


  Analysis    Cost   Critical        Violating 
    View     Group  Path Slack  TNS    Paths   
-----------------------------------------------
view_1p2_25  clock1        0.0  0.0          0 
            default   No paths  0.0          0 
-----------------------------------------------
Total                          -0.0          0 
                                               

Instance Count
--------------
Leaf Instance Count             1694 
Physical Instance count            0 
Sequential Instance Count         68 
Combinational Instance Count    1626 
Hierarchical Instance Count        0 

Area
----
Cell Area                          2121.616
Physical Cell Area                 0.000
Total Cell Area (Cell+Physical)    2121.616
Net Area                           2473.095
Total Area (Cell+Physical+Net)     4594.711

Power
-----
Leakage Power                      51066.128 nW
Dynamic Power                      3957695.000 nW
Total Power                        4008761.128 nW

Max Fanout                         68 (clk)
Min Fanout                         0 (nRST)
Average Fanout                     2.4
Terms to net ratio                 3.4048
Terms to instance ratio            3.6741
Runtime                            91.972347 seconds
Elapsed Runtime                    104 seconds
Genus peak memory usage            2606.50 
Innovus peak memory usage          no_value 
Hostname                           asicfab.ecn.purdue.edu
