============================================================
  Generated by:           Genus(TM) Synthesis Solution 25.11-s095_1
  Generated on:           Mar 10 2026  06:58:25 pm
  Module:                 add_bf16_1C
  Operating conditions:   typical 
  Interconnect mode:      global
  Area mode:              physical library
============================================================


Path 1: VIOLATED (-106 ps) Late External Delay Assertion at pin bf_out[13]
           View: view_1p2_25
          Group: clock1
     Startpoint: (R) bf2_in_reg[8]/clk
          Clock: (R) clock1
       Endpoint: (R) bf_out[13]
          Clock: (R) clock1

                     Capture       Launch     
        Clock Edge:+    1000            0     
       Src Latency:+       0            0     
       Net Latency:+       0 (I)        0 (I) 
           Arrival:=    1000            0     
                                              
      Output Delay:-       1                  
       Uncertainty:-       0                  
     Required Time:=     999                  
      Launch Clock:-       0                  
         Data Path:-    1105                  
             Slack:=    -106                  

Exceptions/Constraints:
  output_delay              1              add_bf16_1C.sdc_line_21_35_1   

Launch clock path:
#------------------------------------------------------------------------------------------------
#   Timing Point    Flags   Arc   Edge      Cell        Fanout Load Trans Delay Arrival Instance 
#                                                              (fF)  (ps)  (ps)   (ps)  Location 
#------------------------------------------------------------------------------------------------
  clk               (i,u)   -     R     (arrival)           33  0.0     0     0       0    (-,-) 
  clk               -       -     -     (net)                -    -     -     -       -    (-,-) 
  clk               -       -     -     (net)                -    -     -     -       -    (-,-) 
  bf2_in_reg[8]/clk <<<     -     R     unmapped_d_flop     33    -     1     0       0    (-,-) 
#------------------------------------------------------------------------------------------------

#-----------------------------------------------------------------------------------------------------
#   Timing Point    Flags    Arc    Edge       Cell         Fanout  Load Trans Delay Arrival Instance 
#                                                                   (fF)  (ps)  (ps)   (ps)  Location 
#-----------------------------------------------------------------------------------------------------
  bf2_in_reg[8]/clk -       -       R     (arrival)             33     -     1     0       0    (-,-) 
  bf2_in_reg[8]/q   (u)     clk->q  F     unmapped_d_flop        8  25.6     0   130     130    (-,-) 
  bf2_in[8]         -       -       -     (net)                  -     -     -     -       -    (-,-) 
  g9865/z           (u)     in_1->z F     unmapped_complex2      3   9.6     0    22     151    (-,-) 
  n_6849            -       -       -     (net)                  -     -     -     -       -    (-,-) 
  g19279/z          (u)     in_0->z R     unmapped_complex2      1   3.6     0    17     168    (-,-) 
  n_6985            -       -       -     (net)                  -     -     -     -       -    (-,-) 
  g19172/z          (u)     in_0->z F     unmapped_nand2         4  12.8     0    24     192    (-,-) 
  n_5343            -       -       -     (net)                  -     -     -     -       -    (-,-) 
  g11497/z          (u)     in_1->z F     unmapped_complex2      1   3.2     0    17     209    (-,-) 
  n_10266           -       -       -     (net)                  -     -     -     -       -    (-,-) 
  g19064/z          (u)     in_0->z R     unmapped_complex2      1   3.6     0    17     226    (-,-) 
  n_10272           -       -       -     (net)                  -     -     -     -       -    (-,-) 
  g19010/z          (u)     in_0->z F     unmapped_complex2      1   3.2     0    17     242    (-,-) 
  n_10812           -       -       -     (net)                  -     -     -     -       -    (-,-) 
  g19003/z          (u)     in_0->z R     unmapped_nand2        32 115.2     0    54     296    (-,-) 
  n_670             -       -       -     (net)                  -     -     -     -       -    (-,-) 
  g18885/z          (u)     in_1->z F     unmapped_complex2      1   3.2     0    17     313    (-,-) 
  n_10971           -       -       -     (net)                  -     -     -     -       -    (-,-) 
  g18859/z          (u)     in_0->z F     unmapped_complex2      1   3.2     0    17     330    (-,-) 
  n_10973           -       -       -     (net)                  -     -     -     -       -    (-,-) 
  g18852/z          (u)     in_1->z R     unmapped_nand2         1   3.6     0    17     346    (-,-) 
  n_7010            -       -       -     (net)                  -     -     -     -       -    (-,-) 
  g18842/z          (u)     in_1->z F     unmapped_complex2      2   6.4     0    19     365    (-,-) 
  n_5375            -       -       -     (net)                  -     -     -     -       -    (-,-) 
  g19416/z          (u)     in_0->z F     unmapped_complex2     11  35.2     0    39     404    (-,-) 
  n_717             -       -       -     (net)                  -     -     -     -       -    (-,-) 
  g19420/z          (u)     in_1->z F     unmapped_complex2      1   3.2     0    17     421    (-,-) 
  n_7018            -       -       -     (net)                  -     -     -     -       -    (-,-) 
  g18813/z          (u)     in_0->z R     unmapped_nand2         3  10.8     0    22     442    (-,-) 
  n_940             -       -       -     (net)                  -     -     -     -       -    (-,-) 
  g18800/z          (u)     in_0->z F     unmapped_complex2      2   6.4     0    19     462    (-,-) 
  n_5940            -       -       -     (net)                  -     -     -     -       -    (-,-) 
  g18785/z          (u)     in_1->z R     unmapped_nand2         6  21.6     0    30     492    (-,-) 
  n_5943            -       -       -     (net)                  -     -     -     -       -    (-,-) 
  g18772/z          (u)     in_0->z F     unmapped_complex2      2   6.4     0    19     511    (-,-) 
  n_5946            -       -       -     (net)                  -     -     -     -       -    (-,-) 
  g18754/z          (u)     in_1->z R     unmapped_nand2         2   7.2     0    19     530    (-,-) 
  n_5952            -       -       -     (net)                  -     -     -     -       -    (-,-) 
  g19438/z          (u)     in_0->z R     unmapped_complex2      2   7.2     0    19     549    (-,-) 
  n_6788            -       -       -     (net)                  -     -     -     -       -    (-,-) 
  g18726/z          (u)     in_1->z F     unmapped_nand2         3   9.6     0    22     570    (-,-) 
  n_5956            -       -       -     (net)                  -     -     -     -       -    (-,-) 
  g19448/z          (u)     in_0->z R     unmapped_complex2      1   3.6     0    17     587    (-,-) 
  n_10447           -       -       -     (net)                  -     -     -     -       -    (-,-) 
  g18702/z          (u)     in_1->z F     unmapped_complex2      2   6.4     0    19     606    (-,-) 
  n_5995            -       -       -     (net)                  -     -     -     -       -    (-,-) 
  g8669/z           (u)     in_0->z R     unmapped_complex2      2   7.2     0    19     625    (-,-) 
  n_6853            -       -       -     (net)                  -     -     -     -       -    (-,-) 
  g18653/z          (u)     in_0->z F     unmapped_nand2         3   9.6     0    22     647    (-,-) 
  n_6000            -       -       -     (net)                  -     -     -     -       -    (-,-) 
  g19468/z          (u)     in_0->z R     unmapped_complex2      1   3.6     0    17     664    (-,-) 
  n_7030            -       -       -     (net)                  -     -     -     -       -    (-,-) 
  g18629/z          (u)     in_0->z F     unmapped_nand2         1   3.2     0    17     680    (-,-) 
  n_6867            -       -       -     (net)                  -     -     -     -       -    (-,-) 
  g18598/z          (u)     in_0->z R     unmapped_nand2        12  43.2     0    40     720    (-,-) 
  n_5500            -       -       -     (net)                  -     -     -     -       -    (-,-) 
  g18582/z          (u)     in_0->z F     unmapped_nand2         4  12.8     0    24     744    (-,-) 
  mantissa_sum[9]   -       -       -     (net)                  -     -     -     -       -    (-,-) 
  g18561/z          (u)     in_1->z F     unmapped_or2           4  12.8     0    24     769    (-,-) 
  n_5412            -       -       -     (net)                  -     -     -     -       -    (-,-) 
  g18532/z          (u)     in_0->z F     unmapped_or2           3   9.6     0    22     791    (-,-) 
  n_5414            -       -       -     (net)                  -     -     -     -       -    (-,-) 
  g19493/z          (u)     in_0->z F     unmapped_complex2      2   6.4     0    19     810    (-,-) 
  n_5428            -       -       -     (net)                  -     -     -     -       -    (-,-) 
  g18499/z          (u)     in_0->z R     unmapped_nand2         3  10.8     0    22     831    (-,-) 
  n_996             -       -       -     (net)                  -     -     -     -       -    (-,-) 
  g18465/z          (u)     in_0->z F     unmapped_nand2         2   6.4     0    19     850    (-,-) 
  n_5435            -       -       -     (net)                  -     -     -     -       -    (-,-) 
  g18435/z          (u)     in_0->z F     unmapped_complex2      2   6.4     0    19     870    (-,-) 
  n_6811            -       -       -     (net)                  -     -     -     -       -    (-,-) 
  g18405/z          (u)     in_0->z R     unmapped_complex2      4  14.4     0    24     894    (-,-) 
  n_5439            -       -       -     (net)                  -     -     -     -       -    (-,-) 
  g18385/z          (u)     in_0->z F     unmapped_nand2         2   6.4     0    19     913    (-,-) 
  n_8708            -       -       -     (net)                  -     -     -     -       -    (-,-) 
  g18361/z          (u)     in_1->z F     unmapped_or2           1   3.2     0    17     930    (-,-) 
  n_8714            -       -       -     (net)                  -     -     -     -       -    (-,-) 
  g18340/z          (u)     in_1->z F     unmapped_or2           2   6.4     0    19     949    (-,-) 
  n_8715            -       -       -     (net)                  -     -     -     -       -    (-,-) 
  g19540/z          (u)     in_0->z F     unmapped_complex2      1   3.2     0    17     965    (-,-) 
  n_10001           -       -       -     (net)                  -     -     -     -       -    (-,-) 
  g19545/z          (u)     in_1->z F     unmapped_complex2      3   9.6     0    22     987    (-,-) 
  n_10002           -       -       -     (net)                  -     -     -     -       -    (-,-) 
  g18312/z          (u)     in_1->z R     unmapped_nand2         1   3.6     0    17    1004    (-,-) 
  n_10004           -       -       -     (net)                  -     -     -     -       -    (-,-) 
  g18301/z          (u)     in_1->z R     unmapped_complex2      2   7.2     0    19    1023    (-,-) 
  n_5582            -       -       -     (net)                  -     -     -     -       -    (-,-) 
  g18292/z          (u)     in_1->z R     unmapped_or2           1   3.6     0    17    1039    (-,-) 
  n_5585            -       -       -     (net)                  -     -     -     -       -    (-,-) 
  g18283/z          (u)     in_1->z F     unmapped_nand2         2   6.4     0    19    1058    (-,-) 
  n_6729            -       -       -     (net)                  -     -     -     -       -    (-,-) 
  g19556/z          (u)     in_0->z F     unmapped_complex2      1   3.2     0    17    1075    (-,-) 
  n_7110            -       -       -     (net)                  -     -     -     -       -    (-,-) 
  g18268/z          (u)     in_1->z R     unmapped_complex2      1   3.6     0    17    1092    (-,-) 
  n_7112            -       -       -     (net)                  -     -     -     -       -    (-,-) 
  g19560/z          (u)     in_0->z R     unmapped_complex2      1   0.3     0    14    1105    (-,-) 
  bf_out[13]        -       -       -     (net)                  -     -     -     -       -    (-,-) 
  bf_out[13]        <<<     -       R     (port)                 -     -     -     0    1105    (-,-) 
#-----------------------------------------------------------------------------------------------------

(u) : Net has unmapped pin(s).


