============================================================
  Generated by:           Genus(TM) Synthesis Solution 25.11-s095_1
  Generated on:           Jun 12 2026  03:02:18 am
  Module:                 sysarr_32_input_fp_adder
  Library domain:         timing_condition_tt_1p2v_25c
    Domain index:         0
    Technology library:   NangateOpenCellLibrary revision 1.0
  Operating conditions:   typical 
  Interconnect mode:      global
  Area mode:              physical library
============================================================

Timing
--------

Analysis view  Clock Period 
----------------------------
view_1p2_25   clock1 1176.0 


  Analysis    Cost   Critical           Violating 
    View     Group  Path Slack   TNS      Paths   
--------------------------------------------------
view_1p2_25  clock1      -19.9 -2027.5        234 
            default   No paths     0.0          0 
--------------------------------------------------
Total                          -2027.5        234 
                                                  

Instance Count
--------------
Leaf Instance Count             28597 
Physical Instance count             0 
Sequential Instance Count        1679 
Combinational Instance Count    26918 
Hierarchical Instance Count         7 

Area
----
Cell Area                          52274.524
Physical Cell Area                 0.000
Total Cell Area (Cell+Physical)    52274.524
Net Area                           25.916
Total Area (Cell+Physical+Net)     52300.440

Power
-----
Leakage Power                      451525.356 nW
Dynamic Power                      18597926.310 nW
Total Power                        19049451.667 nW

Max Fanout                         1679 (clk)
Min Fanout                         0 (nRST)
Average Fanout                     1.8
Terms to net ratio                 2.6608
Terms to instance ratio            3.2934
Runtime                            45.429977 seconds
Elapsed Runtime                    49 seconds
Genus peak memory usage            1772.14 
Innovus peak memory usage          no_value 
Hostname                           asicfab.ecn.purdue.edu
