============================================================
  Generated by:           Genus(TM) Synthesis Solution 25.11-s095_1
  Generated on:           Mar 10 2026  01:55:24 pm
  Module:                 add_fp16
  Operating conditions:   typical 
  Interconnect mode:      global
  Area mode:              physical library
============================================================

Timing
--------

Analysis view  Clock Period 
----------------------------
view_1p2_25   clock1 1099.0 


  Analysis    Cost   Critical        Violating 
    View     Group  Path Slack  TNS    Paths   
-----------------------------------------------
view_1p2_25  clock1        0.1  0.0          0 
            default   No paths  0.0          0 
-----------------------------------------------
Total                          -0.0          0 
                                               

Instance Count
--------------
Leaf Instance Count             1742 
Physical Instance count            0 
Sequential Instance Count         68 
Combinational Instance Count    1674 
Hierarchical Instance Count        0 

Area
----
Cell Area                          2207.534
Physical Cell Area                 0.000
Total Cell Area (Cell+Physical)    2207.534
Net Area                           2536.037
Total Area (Cell+Physical+Net)     4743.571

Power
-----
Leakage Power                      54102.171 nW
Dynamic Power                      4373512.795 nW
Total Power                        4427614.966 nW

Max Fanout                         68 (clk)
Min Fanout                         0 (nRST)
Average Fanout                     2.4
Terms to net ratio                 3.3982
Terms to instance ratio            3.6596
Runtime                            77.977225 seconds
Elapsed Runtime                    86 seconds
Genus peak memory usage            2496.70 
Innovus peak memory usage          no_value 
Hostname                           asicfab.ecn.purdue.edu
