============================================================
  Generated by:           Genus(TM) Synthesis Solution 25.11-s095_1
  Generated on:           Mar 10 2026  11:51:43 pm
  Module:                 sysarr_4_input_fp_adder
  Library domain:         timing_condition_tt_1p2v_25c
    Domain index:         0
    Technology library:   NangateOpenCellLibrary revision 1.0
  Operating conditions:   typical 
  Interconnect mode:      global
  Area mode:              physical library
============================================================

Timing
--------

Analysis view  Clock Period 
----------------------------
view_1p2_25   clock1 1075.0 


  Analysis    Cost   Critical        Violating 
    View     Group  Path Slack  TNS    Paths   
-----------------------------------------------
view_1p2_25  clock1        0.0  0.0          0 
            default   No paths  0.0          0 
-----------------------------------------------
Total                          -0.0          0 
                                               

Instance Count
--------------
Leaf Instance Count             2242 
Physical Instance count            0 
Sequential Instance Count        136 
Combinational Instance Count    2106 
Hierarchical Instance Count        0 

Area
----
Cell Area                          3331.118
Physical Cell Area                 0.000
Total Cell Area (Cell+Physical)    3331.118
Net Area                           3250.716
Total Area (Cell+Physical+Net)     6581.834

Power
-----
Leakage Power                      77234.983 nW
Dynamic Power                      8793083.961 nW
Total Power                        8870318.944 nW

Max Fanout                         136 (clk)
Min Fanout                         0 (n_1873)
Average Fanout                     2.3
Terms to net ratio                 3.3698
Terms to instance ratio            3.7186
Runtime                            46.951305 seconds
Elapsed Runtime                    53 seconds
Genus peak memory usage            1700.66 
Innovus peak memory usage          no_value 
Hostname                           asicfab.ecn.purdue.edu
