============================================================
  Generated by:           Genus(TM) Synthesis Solution 25.11-s095_1
  Generated on:           Mar 10 2026  11:42:58 pm
  Module:                 add_fp16
  Operating conditions:   typical 
  Interconnect mode:      global
  Area mode:              physical library
============================================================


Path 1: MET (0 ps) Setup Check with Pin fp_out_reg[29]/CK->D
           View: view_1p2_25
          Group: clock1
     Startpoint: (R) signs_differ_l_reg/CK
          Clock: (R) clock1
       Endpoint: (R) fp_out_reg[29]/D
          Clock: (R) clock1

                     Capture       Launch     
        Clock Edge:+    1316            0     
       Src Latency:+       0            0     
       Net Latency:+       0 (I)        0 (I) 
           Arrival:=    1316            0     
                                              
             Setup:-      34                  
       Uncertainty:-       0                  
     Required Time:=    1282                  
      Launch Clock:-       0                  
         Data Path:-    1282                  
             Slack:=       0                  

Launch clock path:
#----------------------------------------------------------------------------------------------
#     Timing Point      Flags   Arc   Edge   Cell     Fanout Load Trans Delay Arrival Instance 
#                                                            (fF)  (ps)  (ps)   (ps)  Location 
#----------------------------------------------------------------------------------------------
  clk                   (i)     -     R     (arrival)    100  0.0     0     0       0    (-,-) 
  clk                   -       -     -     (net)          -    -     -     -       -    (-,-) 
  clk                   -       -     -     (net)          -    -     -     -       -    (-,-) 
  signs_differ_l_reg/CK <<<     -     R     DFFR_X1      100    -     1     0       0    (-,-) 
#----------------------------------------------------------------------------------------------

#-----------------------------------------------------------------------------------------------
#     Timing Point      Flags    Arc   Edge   Cell     Fanout Load Trans Delay Arrival Instance 
#                                                             (fF)  (ps)  (ps)   (ps)  Location 
#-----------------------------------------------------------------------------------------------
  signs_differ_l_reg/CK -       -      R     (arrival)    100    -     1     0       0    (-,-) 
  signs_differ_l_reg/QN -       CK->QN F     DFFR_X1        1  3.2    14    68      68    (-,-) 
  n_851                 -       -      -     (net)          -    -     -     -       -    (-,-) 
  g39670/ZN             -       A->ZN  R     INV_X2         4 11.6    16    26      94    (-,-) 
  signs_differ_l        -       -      -     (net)          -    -     -     -       -    (-,-) 
  g38111/ZN             -       A->ZN  F     INV_X4         3 30.9    10    19     113    (-,-) 
  n_855                 -       -      -     (net)          -    -     -     -       -    (-,-) 
  g38110/ZN             -       A->ZN  R     INV_X16       35 64.5    12    20     133    (-,-) 
  n_880                 -       -      -     (net)          -    -     -     -       -    (-,-) 
  g38034__2883/ZN       -       A1->ZN F     NAND2_X1       1  2.4     9    15     148    (-,-) 
  n_919                 -       -      -     (net)          -    -     -     -       -    (-,-) 
  g37939__7410/ZN       -       A->ZN  R     XNOR2_X1       8 13.7    74    88     237    (-,-) 
  n_1009                -       -      -     (net)          -    -     -     -       -    (-,-) 
  g37804__2398/ZN       -       A1->ZN R     OR2_X1         3  4.9    15    42     279    (-,-) 
  n_1064                -       -      -     (net)          -    -     -     -       -    (-,-) 
  g37743__4733/ZN       -       A1->ZN R     AND2_X1        2  3.1    11    37     315    (-,-) 
  n_1126                -       -      -     (net)          -    -     -     -       -    (-,-) 
  g37699__3680/ZN       -       A1->ZN R     AND2_X1        2  3.1    12    35     350    (-,-) 
  n_1163                -       -      -     (net)          -    -     -     -       -    (-,-) 
  g37693__4319/ZN       -       A1->ZN R     AND2_X1        3  5.8    17    42     393    (-,-) 
  n_1169                -       -      -     (net)          -    -     -     -       -    (-,-) 
  g37679__9315/ZN       -       A2->ZN F     NAND2_X1       2  5.2    13    24     416    (-,-) 
  n_1186                -       -      -     (net)          -    -     -     -       -    (-,-) 
  g37670__7098/ZN       -       A1->ZN R     NOR2_X1        1  2.0    17    26     443    (-,-) 
  n_1189                -       -      -     (net)          -    -     -     -       -    (-,-) 
  g37632__8246/ZN       -       A2->ZN F     NAND2_X1       1  1.9     8    16     459    (-,-) 
  n_1222                -       -      -     (net)          -    -     -     -       -    (-,-) 
  g37620__6260/ZN       -       A1->ZN F     AND3_X2        2  7.0     8    33     492    (-,-) 
  n_1237                -       -      -     (net)          -    -     -     -       -    (-,-) 
  g37592__1705/ZN       -       A->ZN  F     XNOR2_X2       3  9.2    18    42     533    (-,-) 
  mantissa_sum[25]      -       -      -     (net)          -    -     -     -       -    (-,-) 
  g37577__6260/ZN       -       A1->ZN R     NOR2_X4        3  6.6    16    27     560    (-,-) 
  n_1266                -       -      -     (net)          -    -     -     -       -    (-,-) 
  g37563__9315/ZN       -       A1->ZN R     AND2_X1        4  8.0    22    49     610    (-,-) 
  n_1274                -       -      -     (net)          -    -     -     -       -    (-,-) 
  g37506__5526/ZN       -       A1->ZN R     AND2_X2        2  5.4    11    37     647    (-,-) 
  n_1289                -       -      -     (net)          -    -     -     -       -    (-,-) 
  g37487__4733/ZN       -       A1->ZN R     AND2_X4       12 21.3    16    39     686    (-,-) 
  n_1316                -       -      -     (net)          -    -     -     -       -    (-,-) 
  g37476/ZN             -       A->ZN  F     INV_X1         9 14.7    17    27     713    (-,-) 
  n_1315                -       -      -     (net)          -    -     -     -       -    (-,-) 
  g37404__6260/ZN       -       B1->ZN R     OAI221_X1      1  2.0    37    50     763    (-,-) 
  n_1385                -       -      -     (net)          -    -     -     -       -    (-,-) 
  g37280__2802/ZN       -       B->ZN  F     AOI211_X1      1  1.9    17    20     783    (-,-) 
  n_1494                -       -      -     (net)          -    -     -     -       -    (-,-) 
  g37239__5107/ZN       -       A1->ZN R     NAND3_X1       3  5.8    22    30     813    (-,-) 
  n_1628                -       -      -     (net)          -    -     -     -       -    (-,-) 
  g39478/ZN             -       A1->ZN R     AND4_X1        1  1.9    13    55     869    (-,-) 
  n_190                 -       -      -     (net)          -    -     -     -       -    (-,-) 
  g39455/ZN             -       A1->ZN F     NAND3_X1       1  1.9    14    19     888    (-,-) 
  n_216                 -       -      -     (net)          -    -     -     -       -    (-,-) 
  g39441/ZN             -       A2->ZN R     NOR2_X1        1  1.2    13    28     916    (-,-) 
  n_230                 -       -      -     (net)          -    -     -     -       -    (-,-) 
  g39406/ZN             -       A2->ZN R     AND4_X1        1  1.9    13    56     972    (-,-) 
  n_263                 -       -      -     (net)          -    -     -     -       -    (-,-) 
  g39396/ZN             -       A3->ZN F     NAND4_X1       2  4.0    24    39    1011    (-,-) 
  n_273                 -       -      -     (net)          -    -     -     -       -    (-,-) 
  g39104__2346/ZN       -       B1->ZN R     AOI21_X1       2  3.8    31    43    1054    (-,-) 
  n_523                 -       -      -     (net)          -    -     -     -       -    (-,-) 
  g39082__6783/ZN       -       A1->ZN F     NAND2_X1       2  3.5    14    23    1077    (-,-) 
  n_545                 -       -      -     (net)          -    -     -     -       -    (-,-) 
  g39080/ZN             -       A->ZN  R     INV_X1         2  3.8    12    21    1098    (-,-) 
  n_546                 -       -      -     (net)          -    -     -     -       -    (-,-) 
  g39028__1666/ZN       -       A1->ZN F     NAND2_X1       3  6.4    15    24    1121    (-,-) 
  n_601                 -       -      -     (net)          -    -     -     -       -    (-,-) 
  g38964__6783/ZN       -       A1->ZN R     NOR2_X2        3  7.0    24    35    1156    (-,-) 
  n_663                 -       -      -     (net)          -    -     -     -       -    (-,-) 
  g38949__2883/ZN       -       A1->ZN F     NAND2_X1       3  6.5    17    28    1184    (-,-) 
  n_9                   -       -      -     (net)          -    -     -     -       -    (-,-) 
  g38926__5526/ZN       -       A1->ZN R     NOR2_X2        3  5.7    21    32    1217    (-,-) 
  n_697                 -       -      -     (net)          -    -     -     -       -    (-,-) 
  g38908/ZN             -       A->ZN  F     INV_X1         1  1.8     7    10    1226    (-,-) 
  n_708                 -       -      -     (net)          -    -     -     -       -    (-,-) 
  g38902__7482/ZN       -       A1->ZN R     NAND2_X1       1  2.0    12    14    1240    (-,-) 
  n_713                 -       -      -     (net)          -    -     -     -       -    (-,-) 
  g38894__2802/ZN       -       A2->ZN F     NAND2_X1       1  1.7     8    14    1254    (-,-) 
  n_721                 -       -      -     (net)          -    -     -     -       -    (-,-) 
  g38824__5107/ZN       -       C1->ZN R     OAI211_X1      1  1.4    19    27    1282    (-,-) 
  n_760                 -       -      -     (net)          -    -     -     -       -    (-,-) 
  fp_out_reg[29]/D      <<<     -      R     DFF_X1         1    -     -     0    1282    (-,-) 
#-----------------------------------------------------------------------------------------------

Capture clock path:
#------------------------------------------------------------------------------------------
#   Timing Point    Flags   Arc   Edge   Cell     Fanout Load Trans Delay Arrival Instance 
#                                                        (fF)  (ps)  (ps)   (ps)  Location 
#------------------------------------------------------------------------------------------
  clk               (i)     -     R     (arrival)    100  0.0     0     0    1316    (-,-) 
  clk               -       -     -     (net)          -    -     -     -       -    (-,-) 
  clk               -       -     -     (net)          -    -     -     -       -    (-,-) 
  fp_out_reg[29]/CK <<<     -     R     DFF_X1       100    -     1     0    1316    (-,-) 
#------------------------------------------------------------------------------------------


