============================================================
  Generated by:           Genus(TM) Synthesis Solution 25.11-s095_1
  Generated on:           Mar 10 2026  10:48:17 pm
  Module:                 add_bf16_1C
  Operating conditions:   typical 
  Interconnect mode:      global
  Area mode:              physical library
============================================================


Path 1: MET (0 ps) Late External Delay Assertion at pin bf_out[14]
           View: view_1p2_25
          Group: clock1
     Startpoint: (R) bf2_in_reg[7]/CK
          Clock: (R) clock1
       Endpoint: (R) bf_out[14]
          Clock: (R) clock1

                     Capture       Launch     
        Clock Edge:+    1333            0     
       Src Latency:+       0            0     
       Net Latency:+       0 (I)        0 (I) 
           Arrival:=    1333            0     
                                              
      Output Delay:-       1                  
       Uncertainty:-       0                  
     Required Time:=    1332                  
      Launch Clock:-       0                  
         Data Path:-    1332                  
             Slack:=       0                  

Exceptions/Constraints:
  output_delay              1              add_bf16_1C.sdc_line_21_34_1   

Launch clock path:
#-----------------------------------------------------------------------------------------
#  Timing Point    Flags   Arc   Edge   Cell     Fanout Load Trans Delay Arrival Instance 
#                                                       (fF)  (ps)  (ps)   (ps)  Location 
#-----------------------------------------------------------------------------------------
  clk              (i)     -     R     (arrival)     33  0.0     0     0       0    (-,-) 
  clk              -       -     -     (net)          -    -     -     -       -    (-,-) 
  clk              -       -     -     (net)          -    -     -     -       -    (-,-) 
  bf2_in_reg[7]/CK <<<     -     R     DFFR_X1       33    -     1     0       0    (-,-) 
#-----------------------------------------------------------------------------------------

#------------------------------------------------------------------------------------------
#  Timing Point    Flags    Arc   Edge   Cell     Fanout Load Trans Delay Arrival Instance 
#                                                        (fF)  (ps)  (ps)   (ps)  Location 
#------------------------------------------------------------------------------------------
  bf2_in_reg[7]/CK -       -      R     (arrival)     33    -     1     0       0    (-,-) 
  bf2_in_reg[7]/QN -       CK->QN F     DFFR_X1        3  4.6    15    72      72    (-,-) 
  bf2_in[7]        -       -      -     (net)          -    -     -     -       -    (-,-) 
  g24727/ZN        -       A->ZN  R     INV_X1         4  5.1    15    24      96    (-,-) 
  n_0              -       -      -     (net)          -    -     -     -       -    (-,-) 
  g24694__8428/ZN  -       A1->ZN R     AND2_X1        2  3.8    13    38     135    (-,-) 
  n_38             -       -      -     (net)          -    -     -     -       -    (-,-) 
  g24662__1617/ZN  -       A1->ZN F     NAND2_X1       1  1.8     8    14     148    (-,-) 
  n_57             -       -      -     (net)          -    -     -     -       -    (-,-) 
  g24640__6161/ZN  -       A1->ZN R     NAND2_X1       2  5.7    18    24     172    (-,-) 
  n_97             -       -      -     (net)          -    -     -     -       -    (-,-) 
  g24577__2802/ZN  -       A2->ZN F     NAND2_X2       4  9.4    12    23     195    (-,-) 
  n_135            -       -      -     (net)          -    -     -     -       -    (-,-) 
  g24529__1617/ZN  -       A1->ZN R     NAND2_X2       1  5.9    12    20     215    (-,-) 
  n_129            -       -      -     (net)          -    -     -     -       -    (-,-) 
  g24515__7410/ZN  -       A1->ZN F     NAND4_X4       1  6.0    16    23     238    (-,-) 
  n_147            -       -      -     (net)          -    -     -     -       -    (-,-) 
  g24510__1881/ZN  -       A1->ZN R     NAND2_X4      10 17.0    16    24     262    (-,-) 
  n_184            -       -      -     (net)          -    -     -     -       -    (-,-) 
  g24481__6783/ZN  -       A1->ZN F     NAND2_X1       1  1.9     8    15     277    (-,-) 
  n_170            -       -      -     (net)          -    -     -     -       -    (-,-) 
  g24471__7410/ZN  -       A1->ZN F     AND2_X2        8 15.5    12    37     314    (-,-) 
  n_273            -       -      -     (net)          -    -     -     -       -    (-,-) 
  g24440__4733/ZN  -       A2->ZN R     NAND2_X1       5  9.5    27    37     351    (-,-) 
  n_265            -       -      -     (net)          -    -     -     -       -    (-,-) 
  g24433/ZN        -       A->ZN  F     INV_X1         2  3.6    10    14     365    (-,-) 
  n_254            -       -      -     (net)          -    -     -     -       -    (-,-) 
  g24397__2398/ZN  -       B1->ZN R     AOI22_X1       1  2.0    26    42     408    (-,-) 
  n_256            -       -      -     (net)          -    -     -     -       -    (-,-) 
  g24393/ZN        -       A->ZN  F     INV_X1         1  1.9     8    10     418    (-,-) 
  n_264            -       -      -     (net)          -    -     -     -       -    (-,-) 
  g24372__1617/ZN  -       A2->ZN R     NOR2_X1        1  3.8    25    38     456    (-,-) 
  n_290            -       -      -     (net)          -    -     -     -       -    (-,-) 
  g24336__5115/ZN  -       B1->ZN F     OAI221_X2      3  7.2    24    38     494    (-,-) 
  n_340            -       -      -     (net)          -    -     -     -       -    (-,-) 
  g24303__7410/ZN  -       A->ZN  R     XNOR2_X1       2  5.3    36    52     546    (-,-) 
  n_375            -       -      -     (net)          -    -     -     -       -    (-,-) 
  g24284__5107/ZN  -       A->ZN  R     XNOR2_X1       2  4.5    32    52     599    (-,-) 
  n_388            -       -      -     (net)          -    -     -     -       -    (-,-) 
  g24275__9945/ZN  -       B1->ZN F     AOI21_X2       2  5.3    15    22     620    (-,-) 
  n_390            -       -      -     (net)          -    -     -     -       -    (-,-) 
  g24270__5115/ZN  -       B1->ZN R     OAI21_X2       3  6.2    25    36     657    (-,-) 
  n_409            -       -      -     (net)          -    -     -     -       -    (-,-) 
  g24767/ZN        -       A1->ZN R     AND2_X2        1  6.7    12    39     696    (-,-) 
  n_727            -       -      -     (net)          -    -     -     -       -    (-,-) 
  g24766/ZN        -       B1->ZN F     OAI21_X4       4  8.1    15    16     712    (-,-) 
  n_728            -       -      -     (net)          -    -     -     -       -    (-,-) 
  g24255__8428/ZN  -       A1->ZN R     NAND2_X2       2  3.8    10    18     730    (-,-) 
  n_420            -       -      -     (net)          -    -     -     -       -    (-,-) 
  g24241__7410/ZN  -       A1->ZN F     NAND3_X1       1  1.8    20    18     748    (-,-) 
  n_428            -       -      -     (net)          -    -     -     -       -    (-,-) 
  g24777/ZN        -       A3->ZN R     NAND3_X1       1  6.3    22    37     784    (-,-) 
  n_738            -       -      -     (net)          -    -     -     -       -    (-,-) 
  g24222__5526/ZN  -       A1->ZN F     NAND2_X4      19 33.2    19    32     816    (-,-) 
  n_568            -       -      -     (net)          -    -     -     -       -    (-,-) 
  g24212__4733/ZN  -       A1->ZN F     AND2_X4        5  9.9     7    33     850    (-,-) 
  n_527            -       -      -     (net)          -    -     -     -       -    (-,-) 
  g24208/ZN        -       A->ZN  R     INV_X2         6 11.1    15    21     871    (-,-) 
  n_510            -       -      -     (net)          -    -     -     -       -    (-,-) 
  g24190__5477/ZN  -       A2->ZN F     OAI22_X1       2  2.8    13    23     894    (-,-) 
  n_493            -       -      -     (net)          -    -     -     -       -    (-,-) 
  g24175__1881/ZN  -       A1->ZN F     OR2_X1         3  6.1    14    56     950    (-,-) 
  n_546            -       -      -     (net)          -    -     -     -       -    (-,-) 
  g24129__7482/ZN  -       A2->ZN F     AND2_X2        2  5.5     7    34     984    (-,-) 
  n_544            -       -      -     (net)          -    -     -     -       -    (-,-) 
  g24098/ZN        -       A->ZN  R     INV_X2         1  2.0     5    10     994    (-,-) 
  n_545            -       -      -     (net)          -    -     -     -       -    (-,-) 
  g24097__5477/ZN  -       A1->ZN F     NOR2_X1        2  3.4    12    10    1004    (-,-) 
  n_574            -       -      -     (net)          -    -     -     -       -    (-,-) 
  g24074__5115/ZN  -       A1->ZN R     NAND2_X1       2  3.8    14    22    1025    (-,-) 
  n_583            -       -      -     (net)          -    -     -     -       -    (-,-) 
  g24072/ZN        -       A->ZN  F     INV_X1         3  5.1     8    14    1039    (-,-) 
  n_598            -       -      -     (net)          -    -     -     -       -    (-,-) 
  g24069__6260/ZN  -       A1->ZN R     NAND2_X1       3  5.5    18    23    1063    (-,-) 
  n_614            -       -      -     (net)          -    -     -     -       -    (-,-) 
  g24060__5115/ZN  -       A1->ZN F     NAND2_X1       1  1.8     9    16    1078    (-,-) 
  n_615            -       -      -     (net)          -    -     -     -       -    (-,-) 
  g24056__4319/ZN  -       A->ZN  R     OAI21_X1       3  5.6    36    29    1108    (-,-) 
  n_644            -       -      -     (net)          -    -     -     -       -    (-,-) 
  g24053/ZN        -       A->ZN  F     INV_X1         2  3.3    11    14    1122    (-,-) 
  n_653            -       -      -     (net)          -    -     -     -       -    (-,-) 
  g24043__9315/ZN  -       C1->ZN R     OAI211_X1      1  2.0    22    32    1154    (-,-) 
  n_655            -       -      -     (net)          -    -     -     -       -    (-,-) 
  g24040__1881/ZN  -       A->ZN  F     OAI21_X1       2  3.5    13    26    1180    (-,-) 
  n_666            -       -      -     (net)          -    -     -     -       -    (-,-) 
  g24027__8246/ZN  -       B1->ZN R     OAI21_X1       4  7.4    45    57    1237    (-,-) 
  n_678            -       -      -     (net)          -    -     -     -       -    (-,-) 
  g24022__2802/ZN  -       A1->ZN F     NAND3_X1       1  1.8    17    27    1263    (-,-) 
  n_674            -       -      -     (net)          -    -     -     -       -    (-,-) 
  g24021__5526/ZN  -       A->ZN  R     OAI21_X1       2  3.8    28    29    1293    (-,-) 
  n_685            -       -      -     (net)          -    -     -     -       -    (-,-) 
  g24018__6260/ZN  -       B1->ZN F     AOI21_X1       1  1.8    17    18    1311    (-,-) 
  n_686            -       -      -     (net)          -    -     -     -       -    (-,-) 
  g24017__2398/ZN  -       A->ZN  R     OAI21_X1       1  0.3    13    21    1332    (-,-) 
  bf_out[14]       -       -      -     (net)          -    -     -     -       -    (-,-) 
  bf_out[14]       <<<     -      R     (port)         -    -     -     0    1332    (-,-) 
#------------------------------------------------------------------------------------------


