============================================================
  Generated by:           Genus(TM) Synthesis Solution 25.11-s095_1
  Generated on:           Jan 23 2026  04:29:43 pm
  Module:                 add4_fp16
  Library domain:         timing_condition_tt_1p2v_25c
    Domain index:         0
    Technology libraries: MITLL90_STDLIB_8T.tt1p2v25c 1.0
                          MITLL90_IOPads_5_1_1.tt1p2v25c 1.0
  Operating conditions:   PVT_1P2V_25C 
  Interconnect mode:      global
  Area mode:              physical library
============================================================

Timing
--------

Analysis view  Clock Period 
----------------------------
view_1p2_25   clock1 1667.0 


  Analysis    Cost   Critical            Violating 
    View     Group  Path Slack    TNS      Paths   
---------------------------------------------------
view_1p2_25  clock1    -1043.9 -39809.2         89 
            default   No paths      0.0          0 
---------------------------------------------------
Total                          -39809.2         89 
                                                   

Instance Count
--------------
Leaf Instance Count             4030 
Physical Instance count            0 
Sequential Instance Count        143 
Combinational Instance Count    3887 
Hierarchical Instance Count        0 

Area
----
Cell Area                          19644.314
Physical Cell Area                 0.000
Total Cell Area (Cell+Physical)    19644.314
Net Area                           11500.771
Total Area (Cell+Physical+Net)     31145.085

Power
-----
Leakage Power                      11967.263 nW
Dynamic Power                      15741245.535 nW
Total Power                        15753212.798 nW

Max Fanout                         143 (clk)
Min Fanout                         0 (nRST)
Average Fanout                     1.9
Terms to net ratio                 2.9298
Terms to instance ratio            2.9916
Runtime                            49.93408 seconds
Elapsed Runtime                    55 seconds
Genus peak memory usage            1882.04 
Innovus peak memory usage          no_value 
Hostname                           asicfab.ecn.purdue.edu
