============================================================
  Generated by:           Genus(TM) Synthesis Solution 25.11-s095_1
  Generated on:           Jun 13 2026  12:43:16 pm
  Operating conditions:   typical 
  Interconnect mode:      global
  Area mode:              physical library
============================================================

                                 Leakage      Internal                          Library 
   Gate    Instances    Area    Power (nW)   Power (nW)          Library         Domain 
----------------------------------------------------------------------------------------
AND2_X1          611   650.104   15293.108    435927.598 NangateOpenCellLibrary       0 
AND2_X2           30    39.900    1605.535     72023.155 NangateOpenCellLibrary       0 
AND2_X4            3     7.182     319.659     13871.785 NangateOpenCellLibrary       0 
AND3_X1           26    34.580     800.423     21039.054 NangateOpenCellLibrary       0 
AND3_X2            9    14.364     446.135      9249.355 NangateOpenCellLibrary       0 
AND4_X1           13    20.748     409.538     10795.650 NangateOpenCellLibrary       0 
AOI211_X1         19    25.270     628.576     21359.093 NangateOpenCellLibrary       0 
AOI21_X1         453   481.992   13009.852    374037.935 NangateOpenCellLibrary       0 
AOI21_X2          27    50.274    1580.933     57337.793 NangateOpenCellLibrary       0 
AOI21_X4           4    13.832     450.031     18971.926 NangateOpenCellLibrary       0 
AOI221_X1        137   218.652    5219.192    210739.264 NangateOpenCellLibrary       0 
AOI221_X2          1     2.926     114.212       193.840 NangateOpenCellLibrary       0 
AOI221_X4          1     3.458     104.180     10324.365 NangateOpenCellLibrary       0 
AOI222_X1         42    89.376    2052.216     82509.092 NangateOpenCellLibrary       0 
AOI222_X2          1     3.724     117.261      2681.375 NangateOpenCellLibrary       0 
AOI22_X1         316   420.280    9416.363    266727.223 NangateOpenCellLibrary       0 
AOI22_X2           4     9.576     304.382      9299.508 NangateOpenCellLibrary       0 
BUF_X1             1     0.798      19.284         0.000 NangateOpenCellLibrary       0 
CLKBUF_X1          6     4.788      70.754       109.076 NangateOpenCellLibrary       0 
DFFR_X1         1499  7974.680  131572.045  10211433.373 NangateOpenCellLibrary       0 
DFF_X1           148   669.256   11667.120   1088546.420 NangateOpenCellLibrary       0 
FA_X1            784  3336.704   46487.490   2687977.136 NangateOpenCellLibrary       0 
HA_X1            140   372.400    9224.484    328289.803 NangateOpenCellLibrary       0 
INV_X1          1663   884.716   23930.760    658584.182 NangateOpenCellLibrary       0 
INV_X16            1     4.522     221.150     11220.074 NangateOpenCellLibrary       0 
INV_X2            50    39.900    1424.045     34165.705 NangateOpenCellLibrary       0 
INV_X4            11    14.630     642.073     25909.057 NangateOpenCellLibrary       0 
INV_X8             4     9.576     463.556     22695.633 NangateOpenCellLibrary       0 
MUX2_X1          716  1333.192   25948.922   1404878.915 NangateOpenCellLibrary       0 
NAND2_X1        1707  1362.186   34532.042    907106.718 NangateOpenCellLibrary       0 
NAND2_X2          62    82.460    3211.986     75246.264 NangateOpenCellLibrary       0 
NAND2_X4          10    23.940     672.607     17570.737 NangateOpenCellLibrary       0 
NAND3_X1         120   127.680    3402.902     60282.778 NangateOpenCellLibrary       0 
NAND3_X2           3     5.586     155.875      4149.108 NangateOpenCellLibrary       0 
NAND3_X4           1     3.458      62.074         0.000 NangateOpenCellLibrary       0 
NAND4_X1          87   115.710    2528.732     29587.546 NangateOpenCellLibrary       0 
NOR2_X1         1096   874.608   24727.978    424318.764 NangateOpenCellLibrary       0 
NOR2_X2          103   136.990    4241.897    131186.153 NangateOpenCellLibrary       0 
NOR2_X4           23    55.062    1940.011     55103.162 NangateOpenCellLibrary       0 
NOR3_X1          126   134.064    3602.296     54139.632 NangateOpenCellLibrary       0 
NOR3_X2            9    16.758     494.263     15201.513 NangateOpenCellLibrary       0 
NOR4_X1           87   115.710    2989.163     31084.745 NangateOpenCellLibrary       0 
OAI211_X1         83   110.390    3209.378     74586.111 NangateOpenCellLibrary       0 
OAI211_X2          1     2.394      60.792      3384.466 NangateOpenCellLibrary       0 
OAI21_X1         580   617.120   16129.101    472320.218 NangateOpenCellLibrary       0 
OAI21_X2          37    68.894    2065.847     73104.207 NangateOpenCellLibrary       0 
OAI21_X4           3    10.374     328.378     15398.026 NangateOpenCellLibrary       0 
OAI221_X1         48    76.608    2019.509     54965.178 NangateOpenCellLibrary       0 
OAI222_X1         10    21.280     427.798     17083.671 NangateOpenCellLibrary       0 
OAI22_X1         448   595.840   20154.553    273551.967 NangateOpenCellLibrary       0 
OAI22_X2           4     9.576     249.067      9608.723 NangateOpenCellLibrary       0 
OAI33_X1           1     1.862      42.238       481.012 NangateOpenCellLibrary       0 
OR2_X1           553   588.392   12679.150    496514.898 NangateOpenCellLibrary       0 
OR2_X2             3     3.990     136.125      2319.745 NangateOpenCellLibrary       0 
OR2_X4             2     4.788     186.895         0.000 NangateOpenCellLibrary       0 
OR3_X1            31    41.230     879.454     20268.534 NangateOpenCellLibrary       0 
OR3_X2             1     1.596      55.652         0.000 NangateOpenCellLibrary       0 
OR4_X1            98   156.408    2771.715     28930.700 NangateOpenCellLibrary       0 
OR4_X2             1     1.862      68.402         0.000 NangateOpenCellLibrary       0 
SDFFR_X1          31   206.150    3253.013    298541.020 NangateOpenCellLibrary       0 
SDFF_X1            1     6.118      98.751      8272.136 NangateOpenCellLibrary       0 
XNOR2_X1         533   850.668   20908.610    772374.705 NangateOpenCellLibrary       0 
XNOR2_X2          34    90.440    2441.477    128082.694 NangateOpenCellLibrary       0 
XOR2_X1          419   668.724   14225.632    674446.181 NangateOpenCellLibrary       0 
XOR2_X2            8    19.152     568.983     34263.431 NangateOpenCellLibrary       0 
----------------------------------------------------------------------------------------
total          13084 23939.468  489065.622  23354372.125                                
                                            Leakage  Leakage   Internal   Internal 
     Type      Instances    Area   Area % Power (nW) Power %  Power (nW)   Power % 
-----------------------------------------------------------------------------------
sequential          1679  8856.204   37.0 146590.928    30.0 11606792.948     49.7 
inverter            1729   953.344    4.0  26681.584     5.5   752574.650      3.2 
buffer                 7     5.586    0.0     90.038     0.0      109.076      0.0 
logic               9669 14124.334   59.0 315703.071    64.6 10994895.450     47.1 
physical_cells         0     0.000    0.0      0.000     0.0        0.000      0.0 
-----------------------------------------------------------------------------------
total              13084 23939.468  100.0 489065.622   100.0 23354372.125    100.0 
