============================================================
  Generated by:           Genus(TM) Synthesis Solution 25.11-s095_1
  Generated on:           Feb 13 2026  12:53:26 am
  Module:                 mul_bf16
  Operating conditions:   PVT_1P2V_25C 
  Interconnect mode:      global
  Area mode:              physical library
============================================================


Path 1: VIOLATED (-17 ps) Late External Delay Assertion at pin result[7]
           View: view_1p2_25
          Group: clock1
     Startpoint: (R) a_latched_reg[4]/CLK
          Clock: (R) clock1
       Endpoint: (R) result[7]
          Clock: (R) clock1

                     Capture       Launch     
        Clock Edge:+    1667            0     
       Src Latency:+       0            0     
       Net Latency:+       0 (I)        0 (I) 
           Arrival:=    1667            0     
                                              
      Output Delay:-       1                  
       Uncertainty:-       0                  
     Required Time:=    1666                  
      Launch Clock:-       0                  
         Data Path:-    1682                  
             Slack:=     -17                  

Exceptions/Constraints:
  output_delay              1              mul_bf16.sdc_line_21_40_1   

Launch clock path:
#---------------------------------------------------------------------------------------------
#    Timing Point      Flags   Arc   Edge   Cell     Fanout Load Trans Delay Arrival Instance 
#                                                           (fF)  (ps)  (ps)   (ps)  Location 
#---------------------------------------------------------------------------------------------
  clk                  (i)     -     R     (arrival)     33  0.0     1     0       0    (-,-) 
  clk                  -       -     -     (net)          -    -     -     -       -    (-,-) 
  clk                  -       -     -     (net)          -    -     -     -       -    (-,-) 
  a_latched_reg[4]/CLK <<<     -     R     dffrq_1x      33    -     1     0       0    (-,-) 
#---------------------------------------------------------------------------------------------

#----------------------------------------------------------------------------------------------
#    Timing Point      Flags    Arc   Edge   Cell     Fanout Load Trans Delay Arrival Instance 
#                                                            (fF)  (ps)  (ps)   (ps)  Location 
#----------------------------------------------------------------------------------------------
  a_latched_reg[4]/CLK -       -      R     (arrival)     33    -     1     0       0    (-,-) 
  a_latched_reg[4]/Q   -       CLK->Q R     dffrq_1x       4 14.2    80   203     203    (-,-) 
  a_latched[4]         -       -      -     (net)          -    -     -     -       -    (-,-) 
  g18757__7482/X       -       A->X   R     and2_2x        2  8.4    32    73     276    (-,-) 
  n_82                 -       -      -     (net)          -    -     -     -       -    (-,-) 
  g18728/X             -       A->X   F     inv_1x         3  8.7    30    35     311    (-,-) 
  n_83                 -       -      -     (net)          -    -     -     -       -    (-,-) 
  g18647__7482/X       -       A->X   F     or2_1x         2  8.5    44    90     402    (-,-) 
  n_194                -       -      -     (net)          -    -     -     -       -    (-,-) 
  g18608__1881/X       -       A->X   R     nand2_2x       1  5.7    38    34     436    (-,-) 
  n_218                -       -      -     (net)          -    -     -     -       -    (-,-) 
  g18543__7482/X       -       A->X   R     xnor2_1x       2 10.7   128    88     524    (-,-) 
  n_288                -       -      -     (net)          -    -     -     -       -    (-,-) 
  g18839__7410/X       -       A->X   R     xor2_2x        2  6.5    57   105     629    (-,-) 
  n_34                 -       -      -     (net)          -    -     -     -       -    (-,-) 
  g18465/X             -       A->X   F     inv_1x         1  9.0    36    44     673    (-,-) 
  n_351                -       -      -     (net)          -    -     -     -       -    (-,-) 
  g18426__7098/X       -       B->X   R     nand2_4x       3 11.3    34    36     709    (-,-) 
  n_392                -       -      -     (net)          -    -     -     -       -    (-,-) 
  g18413__6260/X       -       A->X   F     nand2_2x       2  6.2    24    29     738    (-,-) 
  n_403                -       -      -     (net)          -    -     -     -       -    (-,-) 
  g18404__2883/X       -       A->X   F     and2_1x        1  3.7    22    52     790    (-,-) 
  n_409                -       -      -     (net)          -    -     -     -       -    (-,-) 
  g18389__8246/X       -       A->X   F     oa21_1x        2  8.3    40    80     870    (-,-) 
  n_426                -       -      -     (net)          -    -     -     -       -    (-,-) 
  g18382__6783/X       -       A->X   R     nand2_2x       2  6.9    42    36     906    (-,-) 
  n_434                -       -      -     (net)          -    -     -     -       -    (-,-) 
  g18368__7410/X       -       C->X   R     oa21_2x        2  8.4    33    79     984    (-,-) 
  n_446                -       -      -     (net)          -    -     -     -       -    (-,-) 
  g18352__8246/X       -       A->X   R     and2_2x        2 10.9    37    65    1049    (-,-) 
  n_462                -       -      -     (net)          -    -     -     -       -    (-,-) 
  fopt18909/X          -       A->X   F     inv_2x         2  6.0    18    22    1072    (-,-) 
  n_748                -       -      -     (net)          -    -     -     -       -    (-,-) 
  g18325__4733/X       -       A->X   F     ao21_1x        1  3.4    27    64    1135    (-,-) 
  n_485                -       -      -     (net)          -    -     -     -       -    (-,-) 
  g18320__7098/X       -       A->X   F     and2_1x        2  6.1    30    59    1194    (-,-) 
  n_494                -       -      -     (net)          -    -     -     -       -    (-,-) 
  g18314__3680/X       -       C->X   R     oai21_1x       1  3.6    54    32    1226    (-,-) 
  n_499                -       -      -     (net)          -    -     -     -       -    (-,-) 
  fopt2/X              -       A->X   F     inv_1x         3  8.9    35    43    1269    (-,-) 
  n_660                -       -      -     (net)          -    -     -     -       -    (-,-) 
  g18296__4733/X       -       B->X   F     and2_2x        5 18.4    43    86    1355    (-,-) 
  n_517                -       -      -     (net)          -    -     -     -       -    (-,-) 
  g18288__8246/X       -       A->X   R     nand3_2x       3  7.8    50    44    1399    (-,-) 
  n_524                -       -      -     (net)          -    -     -     -       -    (-,-) 
  g18269_0__6131/X     -       A->X   R     or2_1x         1  3.2    24    58    1457    (-,-) 
  n_858                -       -      -     (net)          -    -     -     -       -    (-,-) 
  g18258__1881/X       -       A->X   R     and3_1x        1  3.6    29    58    1514    (-,-) 
  n_554                -       -      -     (net)          -    -     -     -       -    (-,-) 
  g18247__8428/X       -       C->X   F     oai21_1x       1  3.4    56    41    1556    (-,-) 
  n_567                -       -      -     (net)          -    -     -     -       -    (-,-) 
  g18234__6161/X       -       A->X   R     nor3_1x        1  3.7    86    71    1627    (-,-) 
  n_580                -       -      -     (net)          -    -     -     -       -    (-,-) 
  g18216__5107/X       -       A->X   R     ao21_1x        1  0.9    18    56    1682    (-,-) 
  result[7]            -       -      -     (net)          -    -     -     -       -    (-,-) 
  result[7]            <<<     -      R     (port)         -    -     -     0    1682    (-,-) 
#----------------------------------------------------------------------------------------------


