============================================================
  Generated by:           Genus(TM) Synthesis Solution 25.11-s095_1
  Generated on:           Mar 12 2026  03:48:16 am
  Module:                 sysarr_n_input_fp_adder_noretime
  Operating conditions:   typical 
  Interconnect mode:      global
  Area mode:              physical library
============================================================

Timing
--------

Analysis view  Clock Period 
----------------------------
view_1p2_25   clock1 1667.0 


  Analysis    Cost   Critical        Violating 
    View     Group  Path Slack  TNS    Paths   
-----------------------------------------------
view_1p2_25  clock1        0.0  0.0          0 
            default   No paths  0.0          0 
-----------------------------------------------
Total                          -0.0          0 
                                               

Instance Count
--------------
Leaf Instance Count             11486 
Physical Instance count             0 
Sequential Instance Count         140 
Combinational Instance Count    11346 
Hierarchical Instance Count         0 

Area
----
Cell Area                          14101.192
Physical Cell Area                 0.000
Total Cell Area (Cell+Physical)    14101.192
Net Area                           14459.220
Total Area (Cell+Physical+Net)     28560.412

Power
-----
Leakage Power                      393798.681 nW
Dynamic Power                      29456855.293 nW
Total Power                        29850653.974 nW

Max Fanout                         140 (clk)
Min Fanout                         0 (nRST)
Average Fanout                     2.0
Terms to net ratio                 2.9677
Terms to instance ratio            3.1235
Runtime                            46.801945 seconds
Elapsed Runtime                    52 seconds
Genus peak memory usage            1777.17 
Innovus peak memory usage          no_value 
Hostname                           asicfab.ecn.purdue.edu
