============================================================
  Generated by:           Genus(TM) Synthesis Solution 25.11-s095_1
  Generated on:           Mar 11 2026  06:32:13 am
  Operating conditions:   typical 
  Interconnect mode:      global
  Area mode:              physical library
============================================================

                                Leakage    Internal                          Library 
   Gate    Instances   Area   Power (nW)  Power (nW)          Library         Domain 
-------------------------------------------------------------------------------------
AND2_X1           52   55.328   1305.282    58581.975 NangateOpenCellLibrary       0 
AND2_X4            1    2.394    110.945     4495.097 NangateOpenCellLibrary       0 
AND3_X1            2    2.660     53.299     1822.254 NangateOpenCellLibrary       0 
AND4_X1            4    6.384     89.491       41.978 NangateOpenCellLibrary       0 
AOI211_X1          7    9.310    241.008     8523.758 NangateOpenCellLibrary       0 
AOI21_X1          41   43.624   1089.186    45689.408 NangateOpenCellLibrary       0 
AOI221_X1         10   15.960    361.073     9088.723 NangateOpenCellLibrary       0 
AOI222_X1         14   29.792    550.827    19190.835 NangateOpenCellLibrary       0 
AOI22_X1         172  228.760   5393.852   148214.418 NangateOpenCellLibrary       0 
AOI22_X4           1    4.522    140.077     2164.524 NangateOpenCellLibrary       0 
CLKBUF_X1          1    0.798     12.715       23.240 NangateOpenCellLibrary       0 
DFFR_X1          108  574.560   9525.001   891584.069 NangateOpenCellLibrary       0 
FA_X1             32  136.192   2439.893   140700.134 NangateOpenCellLibrary       0 
HA_X1             61  162.260   3673.058   181551.938 NangateOpenCellLibrary       0 
INV_X1           243  129.276   3507.704   112138.515 NangateOpenCellLibrary       0 
INV_X2             2    1.596     65.163      981.795 NangateOpenCellLibrary       0 
INV_X8             2    4.788    233.849     5454.702 NangateOpenCellLibrary       0 
MUX2_X1          233  433.846   8408.921   423831.794 NangateOpenCellLibrary       0 
MUX2_X2            3    7.182    204.217     9083.315 NangateOpenCellLibrary       0 
NAND2_X1         188  150.024   3782.012   109516.442 NangateOpenCellLibrary       0 
NAND3_X1          10   10.640    142.831     4717.403 NangateOpenCellLibrary       0 
NAND4_X1          11   14.630    169.006     1511.214 NangateOpenCellLibrary       0 
NOR2_X1           94   75.012   2034.609    48498.116 NangateOpenCellLibrary       0 
NOR2_X2            1    1.330     40.392       81.127 NangateOpenCellLibrary       0 
NOR3_X1            8    8.512    234.999     2207.941 NangateOpenCellLibrary       0 
NOR4_X1           32   42.560   1065.667     5743.099 NangateOpenCellLibrary       0 
OAI211_X1          8   10.640    231.892    10638.588 NangateOpenCellLibrary       0 
OAI21_X1          59   62.776   1553.150    59263.184 NangateOpenCellLibrary       0 
OAI21_X4           1    3.458    130.435     5045.410 NangateOpenCellLibrary       0 
OAI221_X1         24   38.304   1387.862    30735.817 NangateOpenCellLibrary       0 
OAI222_X1         20   42.560   1185.203    31028.248 NangateOpenCellLibrary       0 
OAI22_X1          71   94.430   2844.080    71301.298 NangateOpenCellLibrary       0 
OAI33_X1           2    3.724     67.559     4081.503 NangateOpenCellLibrary       0 
OR2_X1            53   56.392   1232.769    62085.591 NangateOpenCellLibrary       0 
OR3_X1             6    7.980    147.774     6728.395 NangateOpenCellLibrary       0 
OR4_X1             6    9.576    165.530     1003.645 NangateOpenCellLibrary       0 
SDFFR_X1          28  186.200   3024.697   295865.335 NangateOpenCellLibrary       0 
XNOR2_X1          78  124.488   2860.819   129507.638 NangateOpenCellLibrary       0 
XOR2_X1           78  124.488   2808.407   139956.962 NangateOpenCellLibrary       0 
XOR2_X2            3    7.182    198.848    11612.969 NangateOpenCellLibrary       0 
-------------------------------------------------------------------------------------
total           1770 2924.138  62714.103  3094292.395                                
                                           Leakage  Leakage   Internal  Internal 
     Type      Instances   Area   Area % Power (nW) Power %  Power (nW)  Power % 
---------------------------------------------------------------------------------
sequential           136  760.760   26.0  12549.699    20.0 1187449.404     38.4 
inverter             247  135.660    4.6   3806.716     6.1  118575.011      3.8 
buffer                 1    0.798    0.0     12.715     0.0      23.240      0.0 
logic               1386 2026.920   69.3  46344.973    73.9 1788244.740     57.8 
physical_cells         0    0.000    0.0      0.000     0.0       0.000      0.0 
---------------------------------------------------------------------------------
total               1770 2924.138  100.0  62714.103   100.0 3094292.395    100.0 
