============================================================
  Generated by:           Genus(TM) Synthesis Solution 25.11-s095_1
  Generated on:           Mar 10 2026  09:19:20 pm
  Module:                 add_bf16_1C
  Operating conditions:   typical 
  Interconnect mode:      global
  Area mode:              physical library
============================================================


Path 1: MET (31 ps) Late External Delay Assertion at pin bf_out[14]
           View: view_1p2_25
          Group: clock1
     Startpoint: (R) bf2_in_reg[7]/clk
          Clock: (R) clock1
       Endpoint: (R) bf_out[14]
          Clock: (R) clock1

                     Capture       Launch     
        Clock Edge:+    1176            0     
       Src Latency:+       0            0     
       Net Latency:+       0 (I)        0 (I) 
           Arrival:=    1176            0     
                                              
      Output Delay:-       1                  
       Uncertainty:-       0                  
     Required Time:=    1175                  
      Launch Clock:-       0                  
         Data Path:-    1144                  
             Slack:=      31                  

Exceptions/Constraints:
  output_delay              1              add_bf16_1C.sdc_line_21_34_1   

Launch clock path:
#------------------------------------------------------------------------------------------------
#   Timing Point    Flags   Arc   Edge      Cell        Fanout Load Trans Delay Arrival Instance 
#                                                              (fF)  (ps)  (ps)   (ps)  Location 
#------------------------------------------------------------------------------------------------
  clk               (i,u)   -     R     (arrival)           33  0.0     0     0       0    (-,-) 
  clk               -       -     -     (net)                -    -     -     -       -    (-,-) 
  clk               -       -     -     (net)                -    -     -     -       -    (-,-) 
  bf2_in_reg[7]/clk <<<     -     R     unmapped_d_flop     33    -     1     0       0    (-,-) 
#------------------------------------------------------------------------------------------------

#----------------------------------------------------------------------------------------------------
#   Timing Point    Flags    Arc    Edge       Cell         Fanout Load Trans Delay Arrival Instance 
#                                                                  (fF)  (ps)  (ps)   (ps)  Location 
#----------------------------------------------------------------------------------------------------
  bf2_in_reg[7]/clk -       -       R     (arrival)             33    -     1     0       0    (-,-) 
  bf2_in_reg[7]/q   (u)     clk->q  R     unmapped_d_flop        8 28.8     0   130     130    (-,-) 
  bf2_in[7]         -       -       -     (net)                  -    -     -     -       -    (-,-) 
  g11952/z          (u)     in_1->z F     unmapped_complex2      3  9.6     0    22     151    (-,-) 
  n_7519            -       -       -     (net)                  -    -     -     -       -    (-,-) 
  g23159/z          (u)     in_1->z F     unmapped_complex2      1  3.2     0    17     168    (-,-) 
  n_7801            -       -       -     (net)                  -    -     -     -       -    (-,-) 
  g23039/z          (u)     in_0->z R     unmapped_nand2         3 10.8     0    22     190    (-,-) 
  n_6203            -       -       -     (net)                  -    -     -     -       -    (-,-) 
  g23315/z          (u)     in_0->z R     unmapped_complex2      2  7.2     0    19     209    (-,-) 
  n_7702            -       -       -     (net)                  -    -     -     -       -    (-,-) 
  g22967/z          (u)     in_0->z F     unmapped_nand2         2  6.4     0    19     228    (-,-) 
  n_6209            -       -       -     (net)                  -    -     -     -       -    (-,-) 
  g22939/z          (u)     in_1->z F     unmapped_or2           1  3.2     0    17     244    (-,-) 
  n_20165           -       -       -     (net)                  -    -     -     -       -    (-,-) 
  g22940/z          (u)     in_1->z R     unmapped_nand2         7 25.2     0    33     277    (-,-) 
  n_6975            -       -       -     (net)                  -    -     -     -       -    (-,-) 
  g23352/z          (u)     in_0->z F     unmapped_complex2      6 19.2     0    30     307    (-,-) 
  n_1352            -       -       -     (net)                  -    -     -     -       -    (-,-) 
  g22887/z          (u)     in_0->z F     unmapped_or2           3  9.6     0    22     329    (-,-) 
  n_7539            -       -       -     (net)                  -    -     -     -       -    (-,-) 
  g22814/z          (u)     in_1->z F     unmapped_complex2      1  3.2     0    17     345    (-,-) 
  n_8285            -       -       -     (net)                  -    -     -     -       -    (-,-) 
  g22793/z          (u)     in_1->z R     unmapped_nand2         1  3.6     0    17     362    (-,-) 
  n_7766            -       -       -     (net)                  -    -     -     -       -    (-,-) 
  g23370/z          (u)     in_0->z F     unmapped_complex2      1  3.2     0    17     378    (-,-) 
  n_8277            -       -       -     (net)                  -    -     -     -       -    (-,-) 
  g22767/z          (u)     in_1->z R     unmapped_nand2         1  3.6     0    17     395    (-,-) 
  n_8279            -       -       -     (net)                  -    -     -     -       -    (-,-) 
  g23377/z          (u)     in_0->z R     unmapped_complex2      3 10.8     0    22     417    (-,-) 
  n_814             -       -       -     (net)                  -    -     -     -       -    (-,-) 
  g22731/z          (u)     in_1->z F     unmapped_complex2      2  6.4     0    19     436    (-,-) 
  n_7716            -       -       -     (net)                  -    -     -     -       -    (-,-) 
  g11021/z          (u)     in_0->z R     unmapped_nand2         2  7.2     0    19     455    (-,-) 
  n_7717            -       -       -     (net)                  -    -     -     -       -    (-,-) 
  g22697/z          (u)     in_0->z F     unmapped_complex2      3  9.6     0    22     476    (-,-) 
  n_13611           -       -       -     (net)                  -    -     -     -       -    (-,-) 
  g22699/z          (u)     in_0->z R     unmapped_nand2         6 21.6     0    30     507    (-,-) 
  n_6715            -       -       -     (net)                  -    -     -     -       -    (-,-) 
  g23299/z          (u)     in_0->z F     unmapped_nand2         3  9.6     0    22     528    (-,-) 
  n_7506            -       -       -     (net)                  -    -     -     -       -    (-,-) 
  g23397/z          (u)     in_1->z R     unmapped_complex2      1  3.6     0    17     545    (-,-) 
  n_10751           -       -       -     (net)                  -    -     -     -       -    (-,-) 
  g22623/z          (u)     in_1->z F     unmapped_complex2      3  9.6     0    22     566    (-,-) 
  n_7555            -       -       -     (net)                  -    -     -     -       -    (-,-) 
  g22594/z          (u)     in_0->z R     unmapped_nand2         3 10.8     0    22     588    (-,-) 
  n_6745            -       -       -     (net)                  -    -     -     -       -    (-,-) 
  g22566/z          (u)     in_0->z R     unmapped_or2           1  3.6     0    17     605    (-,-) 
  n_7697            -       -       -     (net)                  -    -     -     -       -    (-,-) 
  g22562/z          (u)     in_0->z F     unmapped_nand2         4 12.8     0    24     629    (-,-) 
  n_6750            -       -       -     (net)                  -    -     -     -       -    (-,-) 
  g23428/z          (u)     in_0->z R     unmapped_complex2      1  3.6     0    17     646    (-,-) 
  n_7703            -       -       -     (net)                  -    -     -     -       -    (-,-) 
  g22518/z          (u)     in_0->z F     unmapped_nand2         1  3.2     0    17     662    (-,-) 
  n_6767            -       -       -     (net)                  -    -     -     -       -    (-,-) 
  g22489/z          (u)     in_0->z R     unmapped_complex2      1  3.6     0    17     679    (-,-) 
  n_7941            -       -       -     (net)                  -    -     -     -       -    (-,-) 
  g22458/z          (u)     in_0->z F     unmapped_nand2         1  3.2     0    17     696    (-,-) 
  n_7945            -       -       -     (net)                  -    -     -     -       -    (-,-) 
  g22441/z          (u)     in_0->z F     unmapped_or2           5 16.0     0    28     723    (-,-) 
  n_307             -       -       -     (net)                  -    -     -     -       -    (-,-) 
  g22422/z          (u)     in_1->z F     unmapped_or2           4 12.8     0    24     748    (-,-) 
  n_7476            -       -       -     (net)                  -    -     -     -       -    (-,-) 
  g22417/z          (u)     in_0->z F     unmapped_or2           3  9.6     0    22     769    (-,-) 
  n_6098            -       -       -     (net)                  -    -     -     -       -    (-,-) 
  g22393/z          (u)     in_1->z F     unmapped_complex2      2  6.4     0    19     788    (-,-) 
  n_7655            -       -       -     (net)                  -    -     -     -       -    (-,-) 
  g10699/z          (u)     in_0->z F     unmapped_or2           2  6.4     0    19     807    (-,-) 
  n_7528            -       -       -     (net)                  -    -     -     -       -    (-,-) 
  g22332/z          (u)     in_0->z R     unmapped_nand2         1  3.6     0    17     824    (-,-) 
  n_8201            -       -       -     (net)                  -    -     -     -       -    (-,-) 
  g23481/z          (u)     in_0->z R     unmapped_complex2      3 10.8     0    22     846    (-,-) 
  n_6107            -       -       -     (net)                  -    -     -     -       -    (-,-) 
  g22282/z          (u)     in_1->z F     unmapped_complex2      2  6.4     0    19     865    (-,-) 
  n_7699            -       -       -     (net)                  -    -     -     -       -    (-,-) 
  g22262/z          (u)     in_1->z R     unmapped_nand2         1  3.6     0    17     881    (-,-) 
  n_9702            -       -       -     (net)                  -    -     -     -       -    (-,-) 
  g23492/z          (u)     in_0->z R     unmapped_complex2      1  3.6     0    17     898    (-,-) 
  n_9701            -       -       -     (net)                  -    -     -     -       -    (-,-) 
  g22217/z          (u)     in_1->z R     unmapped_complex2      2  7.2     0    19     917    (-,-) 
  n_9706            -       -       -     (net)                  -    -     -     -       -    (-,-) 
  g23505/z          (u)     in_0->z F     unmapped_complex2      1  3.2     0    17     934    (-,-) 
  n_10681           -       -       -     (net)                  -    -     -     -       -    (-,-) 
  g22189/z          (u)     in_1->z F     unmapped_complex2      5 16.0     0    28     961    (-,-) 
  n_7695            -       -       -     (net)                  -    -     -     -       -    (-,-) 
  g22184/z          (u)     in_1->z R     unmapped_nand2         2  7.2     0    19     980    (-,-) 
  n_10684           -       -       -     (net)                  -    -     -     -       -    (-,-) 
  g23513/z          (u)     in_0->z R     unmapped_complex2      4 14.4     0    24    1005    (-,-) 
  n_7498            -       -       -     (net)                  -    -     -     -       -    (-,-) 
  g22172/z          (u)     in_1->z F     unmapped_complex2      2  6.4     0    19    1024    (-,-) 
  n_14989           -       -       -     (net)                  -    -     -     -       -    (-,-) 
  g23516/z          (u)     in_0->z R     unmapped_complex2      1  3.6     0    17    1040    (-,-) 
  n_16059           -       -       -     (net)                  -    -     -     -       -    (-,-) 
  g22157/z          (u)     in_1->z R     unmapped_complex2      3 10.8     0    22    1062    (-,-) 
  n_6345            -       -       -     (net)                  -    -     -     -       -    (-,-) 
  g23524/z          (u)     in_0->z F     unmapped_complex2      1  3.2     0    17    1079    (-,-) 
  n_7883            -       -       -     (net)                  -    -     -     -       -    (-,-) 
  g22145/z          (u)     in_1->z R     unmapped_nand2         2  7.2     0    19    1098    (-,-) 
  n_6358            -       -       -     (net)                  -    -     -     -       -    (-,-) 
  g22138/z          (u)     in_0->z F     unmapped_complex2      1  3.2     0    17    1114    (-,-) 
  n_7899            -       -       -     (net)                  -    -     -     -       -    (-,-) 
  g23530/z          (u)     in_0->z R     unmapped_complex2      1  3.6     0    17    1131    (-,-) 
  n_7901            -       -       -     (net)                  -    -     -     -       -    (-,-) 
  g23531/z          (u)     in_1->z R     unmapped_complex2      1  0.3     0    14    1144    (-,-) 
  bf_out[14]        -       -       -     (net)                  -    -     -     -       -    (-,-) 
  bf_out[14]        <<<     -       R     (port)                 -    -     -     0    1144    (-,-) 
#----------------------------------------------------------------------------------------------------

(u) : Net has unmapped pin(s).


