============================================================
  Generated by:           Genus(TM) Synthesis Solution 25.11-s095_1
  Generated on:           Mar 10 2026  07:57:17 pm
  Operating conditions:   typical 
  Interconnect mode:      global
  Area mode:              physical library
============================================================

                               Leakage    Internal                         Library 
   Gate    Instances   Area  Power (nW)  Power (nW)         Library         Domain 
-----------------------------------------------------------------------------------
AND2_X1           15  15.960    390.314   23486.750 NangateOpenCellLibrary       0 
AND2_X2            4   5.320    225.895   15332.888 NangateOpenCellLibrary       0 
AND2_X4            1   2.394    108.100    8878.327 NangateOpenCellLibrary       0 
AND3_X1            3   3.990     91.162    3883.726 NangateOpenCellLibrary       0 
AND3_X4            1   2.926     96.142    3167.312 NangateOpenCellLibrary       0 
AND4_X1            7  11.172    199.415    3635.219 NangateOpenCellLibrary       0 
AOI211_X1         10  13.300    362.870   12527.454 NangateOpenCellLibrary       0 
AOI21_X1          26  27.664    808.816   33719.192 NangateOpenCellLibrary       0 
AOI21_X2           5   9.310    289.786    9391.083 NangateOpenCellLibrary       0 
AOI21_X4           1   3.458    154.938    3196.305 NangateOpenCellLibrary       0 
AOI221_X1          3   4.788    111.566    5730.539 NangateOpenCellLibrary       0 
AOI22_X1          20  26.600    629.524   24686.428 NangateOpenCellLibrary       0 
AOI22_X2           2   4.788    130.944    5631.960 NangateOpenCellLibrary       0 
DFFR_X1           17  90.440   1500.253  108677.520 NangateOpenCellLibrary       0 
HA_X1              4  10.640    235.551   15049.311 NangateOpenCellLibrary       0 
INV_X1           128  68.096   1841.807   66340.993 NangateOpenCellLibrary       0 
INV_X2            16  12.768    450.683   17949.125 NangateOpenCellLibrary       0 
INV_X4             2   2.660     98.213    2395.520 NangateOpenCellLibrary       0 
MUX2_X1           31  57.722   1134.295   45924.428 NangateOpenCellLibrary       0 
NAND2_X1         143 114.114   2630.609   91809.905 NangateOpenCellLibrary       0 
NAND2_X2          22  29.260    971.343   29188.302 NangateOpenCellLibrary       0 
NAND2_X4           5  11.970    399.728    9728.706 NangateOpenCellLibrary       0 
NAND3_X1          22  23.408    534.132   17076.167 NangateOpenCellLibrary       0 
NAND3_X2           1   1.862     44.104    3656.730 NangateOpenCellLibrary       0 
NAND4_X1           4   5.320     56.316     724.408 NangateOpenCellLibrary       0 
NAND4_X2           1   2.394     32.074      79.603 NangateOpenCellLibrary       0 
NAND4_X4           3  14.364    241.884    9122.900 NangateOpenCellLibrary       0 
NOR2_X1           58  46.284   1226.786   44492.535 NangateOpenCellLibrary       0 
NOR2_X2           13  17.290    553.028   22100.786 NangateOpenCellLibrary       0 
NOR2_X4            1   2.394     79.229    5172.571 NangateOpenCellLibrary       0 
NOR3_X1            6   6.384    183.788    1813.343 NangateOpenCellLibrary       0 
NOR4_X1            4   5.320    141.316     824.104 NangateOpenCellLibrary       0 
OAI211_X1         13  17.290    468.891   22011.346 NangateOpenCellLibrary       0 
OAI21_X1          30  31.920   1000.974   31497.768 NangateOpenCellLibrary       0 
OAI21_X2           4   7.448    236.240   13440.292 NangateOpenCellLibrary       0 
OAI221_X1         10  15.960    571.904   19874.486 NangateOpenCellLibrary       0 
OAI222_X1          4   8.512    206.772   13214.546 NangateOpenCellLibrary       0 
OAI22_X1          28  37.240   1070.030   33862.414 NangateOpenCellLibrary       0 
OAI22_X2           5  11.970    457.895    9680.770 NangateOpenCellLibrary       0 
OR2_X1            10  10.640    224.919    7712.243 NangateOpenCellLibrary       0 
OR2_X2             1   1.330     44.938     631.597 NangateOpenCellLibrary       0 
OR3_X1             5   6.650    121.814    3323.230 NangateOpenCellLibrary       0 
OR3_X2             1   1.596     49.376    1474.937 NangateOpenCellLibrary       0 
OR4_X1             2   3.192     55.292     906.545 NangateOpenCellLibrary       0 
SDFFR_X1          16 106.400   1735.367  118443.439 NangateOpenCellLibrary       0 
XNOR2_X1          17  27.132    620.923   41411.489 NangateOpenCellLibrary       0 
XNOR2_X2           5  13.300    385.109   18267.911 NangateOpenCellLibrary       0 
XOR2_X1            2   3.192     59.133    2323.806 NangateOpenCellLibrary       0 
-----------------------------------------------------------------------------------
total            732 958.132  23264.188  983470.960                                
                                          Leakage  Leakage  Internal  Internal 
     Type      Instances   Area  Area % Power (nW) Power % Power (nW)  Power % 
-------------------------------------------------------------------------------
sequential            33 196.840   20.5   3235.620    13.9 227120.959     23.1 
inverter             146  83.524    8.7   2390.703    10.3  86685.638      8.8 
logic                553 677.768   70.7  17637.864    75.8 669664.363     68.1 
physical_cells         0   0.000    0.0      0.000     0.0      0.000      0.0 
-------------------------------------------------------------------------------
total                732 958.132  100.0  23264.188   100.0 983470.960    100.0 
