============================================================
  Generated by:           Genus(TM) Synthesis Solution 25.11-s095_1
  Generated on:           Mar 10 2026  07:57:09 pm
  Module:                 add_bf16_1C
  Operating conditions:   typical 
  Interconnect mode:      global
  Area mode:              physical library
============================================================

Timing
--------

Analysis view  Clock Period 
----------------------------
view_1p2_25   clock1 1064.0 


  Analysis    Cost   Critical        Violating 
    View     Group  Path Slack  TNS    Paths   
-----------------------------------------------
view_1p2_25  clock1        0.3  0.0          0 
            default   No paths  0.0          0 
-----------------------------------------------
Total                          -0.0          0 
                                               

Instance Count
--------------
Leaf Instance Count             732 
Physical Instance count           0 
Sequential Instance Count        33 
Combinational Instance Count    699 
Hierarchical Instance Count       0 

Area
----
Cell Area                          958.132
Physical Cell Area                 0.000
Total Cell Area (Cell+Physical)    958.132
Net Area                           1009.119
Total Area (Cell+Physical+Net)     1967.251

Power
-----
Leakage Power                      23264.188 nW
Dynamic Power                      2009245.065 nW
Total Power                        2032509.253 nW

Max Fanout                         33 (clk)
Min Fanout                         0 (nRST)
Average Fanout                     2.2
Terms to net ratio                 3.2043
Terms to instance ratio            3.4713
Runtime                            47.997709 seconds
Elapsed Runtime                    55 seconds
Genus peak memory usage            1673.86 
Innovus peak memory usage          no_value 
Hostname                           asicfab.ecn.purdue.edu
