============================================================
  Generated by:           Genus(TM) Synthesis Solution 25.11-s095_1
  Generated on:           Mar 10 2026  07:57:14 pm
  Module:                 add_bf16_1C
  Operating conditions:   typical 
  Interconnect mode:      global
  Area mode:              physical library
============================================================


Path 1: MET (0 ps) Late External Delay Assertion at pin bf_out[14]
           View: view_1p2_25
          Group: clock1
     Startpoint: (R) bf2_in_reg[7]/CK
          Clock: (R) clock1
       Endpoint: (R) bf_out[14]
          Clock: (R) clock1

                     Capture       Launch     
        Clock Edge:+    1064            0     
       Src Latency:+       0            0     
       Net Latency:+       0 (I)        0 (I) 
           Arrival:=    1064            0     
                                              
      Output Delay:-       1                  
       Uncertainty:-       0                  
     Required Time:=    1063                  
      Launch Clock:-       0                  
         Data Path:-    1062                  
             Slack:=       0                  

Exceptions/Constraints:
  output_delay              1              add_bf16_1C.sdc_line_21_34_1   

Launch clock path:
#-----------------------------------------------------------------------------------------
#  Timing Point    Flags   Arc   Edge   Cell     Fanout Load Trans Delay Arrival Instance 
#                                                       (fF)  (ps)  (ps)   (ps)  Location 
#-----------------------------------------------------------------------------------------
  clk              (i)     -     R     (arrival)     33  0.0     0     0       0    (-,-) 
  clk              -       -     -     (net)          -    -     -     -       -    (-,-) 
  clk              -       -     -     (net)          -    -     -     -       -    (-,-) 
  bf2_in_reg[7]/CK <<<     -     R     DFFR_X1       33    -     1     0       0    (-,-) 
#-----------------------------------------------------------------------------------------

#------------------------------------------------------------------------------------------
#  Timing Point    Flags    Arc   Edge   Cell     Fanout Load Trans Delay Arrival Instance 
#                                                        (fF)  (ps)  (ps)   (ps)  Location 
#------------------------------------------------------------------------------------------
  bf2_in_reg[7]/CK -       -      R     (arrival)     33    -     1     0       0    (-,-) 
  bf2_in_reg[7]/QN -       CK->QN F     DFFR_X1        1  3.2    14    68      68    (-,-) 
  bf2_in[7]        -       -      -     (net)          -    -     -     -       -    (-,-) 
  g36254/ZN        -       A->ZN  R     INV_X2         2  6.9    11    20      88    (-,-) 
  n_15             -       -      -     (net)          -    -     -     -       -    (-,-) 
  g36210__6260/ZN  -       A1->ZN F     NAND2_X2       2  9.0    12    20     108    (-,-) 
  n_37             -       -      -     (net)          -    -     -     -       -    (-,-) 
  g36193/ZN        -       A->ZN  R     INV_X2         2  8.4    13    21     129    (-,-) 
  n_38             -       -      -     (net)          -    -     -     -       -    (-,-) 
  g36056__9945/ZN  -       A1->ZN F     NAND2_X2       1  3.2     8    13     142    (-,-) 
  n_81             -       -      -     (net)          -    -     -     -       -    (-,-) 
  g36043__2883/ZN  -       A1->ZN R     NAND2_X2       4  8.4    15    20     162    (-,-) 
  n_170            -       -      -     (net)          -    -     -     -       -    (-,-) 
  g36036/ZN        -       A->ZN  F     INV_X1         1  3.2     7    12     174    (-,-) 
  n_140            -       -      -     (net)          -    -     -     -       -    (-,-) 
  g36025__8246/ZN  -       A1->ZN R     NAND2_X2       1  5.9    13    17     191    (-,-) 
  n_166            -       -      -     (net)          -    -     -     -       -    (-,-) 
  g36005__7098/ZN  -       A1->ZN F     NAND4_X4       1  6.0    16    23     214    (-,-) 
  n_212            -       -      -     (net)          -    -     -     -       -    (-,-) 
  g35990__4733/ZN  -       A1->ZN R     NAND4_X4       1  6.3    14    20     235    (-,-) 
  n_240            -       -      -     (net)          -    -     -     -       -    (-,-) 
  g35986__1705/ZN  -       A1->ZN F     NAND2_X4      13 30.0    19    27     262    (-,-) 
  n_310            -       -      -     (net)          -    -     -     -       -    (-,-) 
  g35972__5115/ZN  -       A1->ZN R     NAND2_X2       3  8.8    15    26     288    (-,-) 
  n_311            -       -      -     (net)          -    -     -     -       -    (-,-) 
  g35969/ZN        -       A->ZN  F     INV_X2         5 11.1     9    16     304    (-,-) 
  n_318            -       -      -     (net)          -    -     -     -       -    (-,-) 
  g35937__1617/ZN  -       A1->ZN R     AOI22_X1       3  5.8    44    52     356    (-,-) 
  n_351            -       -      -     (net)          -    -     -     -       -    (-,-) 
  g35930/ZN        -       A->ZN  F     INV_X1         3  5.2    15    20     375    (-,-) 
  n_362            -       -      -     (net)          -    -     -     -       -    (-,-) 
  g35876__5122/ZN  -       B1->ZN R     OAI22_X1       1  3.6    39    50     425    (-,-) 
  n_356            -       -      -     (net)          -    -     -     -       -    (-,-) 
  g35837__7098/ZN  -       A2->ZN F     NOR2_X2        1  3.0    11    14     439    (-,-) 
  n_389            -       -      -     (net)          -    -     -     -       -    (-,-) 
  g35812__4319/ZN  -       B1->ZN R     OAI21_X2       1  6.3    25    35     474    (-,-) 
  n_404            -       -      -     (net)          -    -     -     -       -    (-,-) 
  g35808__2346/ZN  -       A1->ZN F     NAND2_X4       7 15.2    18    22     496    (-,-) 
  n_475            -       -      -     (net)          -    -     -     -       -    (-,-) 
  g35781__5115/ZN  -       C2->ZN R     OAI211_X1      5 11.0    64    85     582    (-,-) 
  n_498            -       -      -     (net)          -    -     -     -       -    (-,-) 
  g35778/ZN        -       A->ZN  F     INV_X2         6  9.8    18    20     602    (-,-) 
  n_622            -       -      -     (net)          -    -     -     -       -    (-,-) 
  g35772__6417/ZN  -       A1->ZN R     NOR2_X1        2  5.4    33    46     648    (-,-) 
  n_509            -       -      -     (net)          -    -     -     -       -    (-,-) 
  g35726__2883/CO  -       A->CO  R     HA_X1          2  3.7    14    43     691    (-,-) 
  n_531            -       -      -     (net)          -    -     -     -       -    (-,-) 
  g35711__7098/ZN  -       A2->ZN F     NAND2_X1       3  5.2    14    22     713    (-,-) 
  n_552            -       -      -     (net)          -    -     -     -       -    (-,-) 
  g35677__2398/ZN  -       A2->ZN R     NOR2_X1        3  5.5    33    50     763    (-,-) 
  n_563            -       -      -     (net)          -    -     -     -       -    (-,-) 
  g35654__4733/ZN  -       A1->ZN F     NAND2_X1       3  5.0    17    27     790    (-,-) 
  n_582            -       -      -     (net)          -    -     -     -       -    (-,-) 
  g35634__6260/ZN  -       A1->ZN R     NOR2_X1        2  3.8    25    37     827    (-,-) 
  n_593            -       -      -     (net)          -    -     -     -       -    (-,-) 
  g35611__7098/ZN  -       A1->ZN F     NAND2_X1       2  3.4    12    21     848    (-,-) 
  n_649            -       -      -     (net)          -    -     -     -       -    (-,-) 
  g35583__6131/ZN  -       B2->ZN R     AOI21_X1       1  2.0    23    34     882    (-,-) 
  n_650            -       -      -     (net)          -    -     -     -       -    (-,-) 
  g35546__1617/ZN  -       A2->ZN F     NAND2_X1       2  4.8    13    24     906    (-,-) 
  n_709            -       -      -     (net)          -    -     -     -       -    (-,-) 
  g35533__2398/ZN  -       A1->ZN R     NAND2_X2       5 13.2    20    28     935    (-,-) 
  n_736            -       -      -     (net)          -    -     -     -       -    (-,-) 
  g35483__5122/ZN  -       A2->ZN F     NAND4_X4       4  6.6    17    31     966    (-,-) 
  n_760            -       -      -     (net)          -    -     -     -       -    (-,-) 
  g36319/ZN        -       A1->ZN F     OR2_X2         1  1.8     8    43    1009    (-,-) 
  n_842            -       -      -     (net)          -    -     -     -       -    (-,-) 
  g36318/ZN        -       B1->ZN R     OAI21_X1       1  1.9    19    27    1036    (-,-) 
  n_843            -       -      -     (net)          -    -     -     -       -    (-,-) 
  g2/ZN            -       A1->ZN F     NAND2_X1       1  1.8     9    16    1052    (-,-) 
  n_826            -       -      -     (net)          -    -     -     -       -    (-,-) 
  g35453__6260/ZN  -       A1->ZN R     NAND2_X1       1  0.3     7    10    1062    (-,-) 
  bf_out[14]       -       -      -     (net)          -    -     -     -       -    (-,-) 
  bf_out[14]       <<<     -      R     (port)         -    -     -     0    1062    (-,-) 
#------------------------------------------------------------------------------------------


