Command: report datapath reports/syn_generic/area.datapath.rpt
Warning: '-sort' is not specified. By default, 'report datapath' orders the components based on instance name
============================================================
  Generated by:           Genus(TM) Synthesis Solution 25.11-s095_1
  Generated on:           Mar 10 2026  10:58:33 pm
  Module:                 sysarr_4_input_fp_adder
  Library domain:         timing_condition_tt_1p2v_25c
    Domain index:         0
    Technology library:   NangateOpenCellLibrary revision 1.0
  Operating conditions:   typical 
  Interconnect mode:      global
  Area mode:              physical library
============================================================



Inferred components

                            Operator Signedness          Architecture                    Inputs    Outputs        CellArea LogicLevels 
=======================================================================================================================================
sysarr_4_input_fp_adder
csa_tree_add_184_79_groupi module:csa_tree_add_184_79_group_3089 
 equation: assign out_0 = (($signed({1'b0,in_1}) + $signed(in_2)) + $signed({1'b0,in_0})); 
                       csa_and_adder        n/a             very_fast                   2x27x27         27          549.96          31 

Related RTL operators:
     add_184_48                    +     signed             very_fast                     28x27         28                          11 
     add_184_79                    +     signed             very_fast                      28x3         27                          13 
=======================================================================================================================================
sysarr_4_input_fp_adder
inc_add_187_44 module:increment_unsigned_3072_3359 
                           increment   unsigned             very_fast                      26x1         26          135.50          23 
=======================================================================================================================================
Type              CellArea  Percentage
--------------------------------------
datapath modules    685.46        8.64
external muxes        0.00        0.00
others             7246.78       91.36
--------------------------------------
total              7932.24      100.00
