============================================================
  Generated by:           Genus(TM) Synthesis Solution 25.11-s095_1
  Generated on:           May 22 2026  09:34:10 pm
  Module:                 sysarr_32_input_fp_adder
  Operating conditions:   typical 
  Interconnect mode:      global
  Area mode:              physical library
============================================================

# SETUP                 WNS      TNS    FEP 
# --------------------------------------------
 View: ALL            -23.6  -8097.0    735 
    Group : in2out      N/A      N/A    N/A 
    Group : in2reg      0.4      0.0      0 
    Group : reg2out   916.3      0.0      0 
    Group : reg2reg   -23.6  -8097.0    735 

# --------------------------------------------
# DRV                        WNS  TNS  FEP 
# -------------------------------------------
 View: ALL                                 
    Check: max_transition    N/A  N/A    0 
    Check: max_capacitance   N/A  N/A    0 
    Check: max_fanout        N/A  N/A    0 

# -------------------------------------------
