============================================================
  Generated by:           Genus(TM) Synthesis Solution 25.11-s095_1
  Generated on:           May 24 2026  11:45:57 am
  Operating conditions:   typical 
  Interconnect mode:      global
  Area mode:              physical library
============================================================

                                 Leakage      Internal                          Library 
   Gate    Instances    Area    Power (nW)   Power (nW)          Library         Domain 
----------------------------------------------------------------------------------------
AND2_X1          549   584.136   13754.235    570139.668 NangateOpenCellLibrary       0 
AND2_X2           53    70.490    2820.511    181499.503 NangateOpenCellLibrary       0 
AND2_X4            9    21.546     983.410     73822.721 NangateOpenCellLibrary       0 
AND3_X1           73    97.090    2166.098    104436.703 NangateOpenCellLibrary       0 
AND3_X2            9    14.364     501.860     18949.187 NangateOpenCellLibrary       0 
AND3_X4            2     5.852     220.851     10450.943 NangateOpenCellLibrary       0 
AND4_X1           31    49.476     810.569     14869.164 NangateOpenCellLibrary       0 
AND4_X2            2     3.724     135.269      5222.438 NangateOpenCellLibrary       0 
AOI211_X1          6     7.980     192.842     12749.576 NangateOpenCellLibrary       0 
AOI211_X2          2     4.788     166.384      2151.424 NangateOpenCellLibrary       0 
AOI211_X4          3     8.778     337.344     39014.092 NangateOpenCellLibrary       0 
AOI21_X1         478   508.592   13600.749    638872.409 NangateOpenCellLibrary       0 
AOI21_X2          69   128.478    3866.646    211800.594 NangateOpenCellLibrary       0 
AOI21_X4           7    24.206     737.531     28177.598 NangateOpenCellLibrary       0 
AOI221_X1         70   111.720    2630.925    146611.466 NangateOpenCellLibrary       0 
AOI221_X2          2     5.852     142.823     10570.761 NangateOpenCellLibrary       0 
AOI222_X1         17    36.176     856.031     34100.127 NangateOpenCellLibrary       0 
AOI222_X2          1     3.724     117.313      4097.337 NangateOpenCellLibrary       0 
AOI22_X1         372   494.760   10260.996    417606.364 NangateOpenCellLibrary       0 
AOI22_X2          12    28.728     633.020     39284.392 NangateOpenCellLibrary       0 
AOI22_X4           2     9.044     259.103     18502.346 NangateOpenCellLibrary       0 
BUF_X2             3     3.192     128.174     11675.591 NangateOpenCellLibrary       0 
BUF_X4             1     1.862      85.675      8813.631 NangateOpenCellLibrary       0 
BUF_X8             1     3.458     172.724     17143.259 NangateOpenCellLibrary       0 
CLKBUF_X1          4     3.192      48.777      2481.402 NangateOpenCellLibrary       0 
DFFRS_X1           9    57.456     940.668    124518.526 NangateOpenCellLibrary       0 
DFFR_X1         2155 11464.600  189956.952  18062673.980 NangateOpenCellLibrary       0 
DFFR_X2            3    17.556     399.520     45792.131 NangateOpenCellLibrary       0 
DFF_X1           164   741.608   12929.268   1545794.759 NangateOpenCellLibrary       0 
FA_X1            675  2872.800   43276.823   3795787.850 NangateOpenCellLibrary       0 
HA_X1             94   250.040    5646.892    379162.758 NangateOpenCellLibrary       0 
INV_X1          2173  1156.036   30849.632   1299786.653 NangateOpenCellLibrary       0 
INV_X16            2     9.044     452.311     33129.164 NangateOpenCellLibrary       0 
INV_X2           136   108.528    3764.071    206114.929 NangateOpenCellLibrary       0 
INV_X4            59    78.470    3315.766    192480.473 NangateOpenCellLibrary       0 
INV_X8            13    31.122    1496.075     97098.746 NangateOpenCellLibrary       0 
MUX2_X1          468   871.416   16888.681   1267691.043 NangateOpenCellLibrary       0 
MUX2_X2           12    28.728     833.421     75357.594 NangateOpenCellLibrary       0 
NAND2_X1        2268  1809.864   44177.229   1753350.279 NangateOpenCellLibrary       0 
NAND2_X2         239   317.870    9691.596    436384.620 NangateOpenCellLibrary       0 
NAND2_X4          53   126.882    4937.205    213228.557 NangateOpenCellLibrary       0 
NAND3_X1         280   297.920    6737.791    225404.076 NangateOpenCellLibrary       0 
NAND3_X2          25    46.550    1846.400     52854.589 NangateOpenCellLibrary       0 
NAND3_X4           2     6.916     415.318     13817.722 NangateOpenCellLibrary       0 
NAND4_X1          87   115.710    1818.111     25846.951 NangateOpenCellLibrary       0 
NAND4_X2           4     9.576     397.925     12625.490 NangateOpenCellLibrary       0 
NOR2_X1         1455  1161.090   31647.191   1133393.989 NangateOpenCellLibrary       0 
NOR2_X2          199   264.670    8246.869    385748.970 NangateOpenCellLibrary       0 
NOR2_X4           40    95.760    3325.094    158158.219 NangateOpenCellLibrary       0 
NOR3_X1          123   130.872    3407.982     95258.789 NangateOpenCellLibrary       0 
NOR3_X2            3     5.586     175.959      6811.319 NangateOpenCellLibrary       0 
NOR3_X4            1     3.724     112.088      6426.126 NangateOpenCellLibrary       0 
NOR4_X1           74    98.420    2542.977     25591.054 NangateOpenCellLibrary       0 
OAI211_X1        181   240.730    8255.781    237567.493 NangateOpenCellLibrary       0 
OAI211_X2          3     7.182     124.944      8335.159 NangateOpenCellLibrary       0 
OAI211_X4          1     4.522      94.168      6535.821 NangateOpenCellLibrary       0 
OAI21_X1         824   876.736   24536.141   1045731.874 NangateOpenCellLibrary       0 
OAI21_X2          77   143.374    4126.193    212336.454 NangateOpenCellLibrary       0 
OAI21_X4          27    93.366    2997.506    186944.935 NangateOpenCellLibrary       0 
OAI221_X1        140   223.440    6626.830    228596.237 NangateOpenCellLibrary       0 
OAI221_X2          3     8.778     346.910     12418.437 NangateOpenCellLibrary       0 
OAI222_X1         68   144.704    3685.751    140159.790 NangateOpenCellLibrary       0 
OAI222_X4          1     3.724     141.510     13679.343 NangateOpenCellLibrary       0 
OAI22_X1         591   786.030   25409.737    752799.492 NangateOpenCellLibrary       0 
OAI22_X2          16    38.304    1360.560     51853.101 NangateOpenCellLibrary       0 
OAI22_X4           2     9.044     292.591     14086.056 NangateOpenCellLibrary       0 
OAI33_X1           1     1.862      39.801      2750.360 NangateOpenCellLibrary       0 
OR2_X1           570   606.480   13222.748    801183.609 NangateOpenCellLibrary       0 
OR2_X2            25    33.250    1159.189     75188.669 NangateOpenCellLibrary       0 
OR2_X4             3     7.182     272.258      9814.245 NangateOpenCellLibrary       0 
OR3_X1            76   101.080    1942.792     81780.355 NangateOpenCellLibrary       0 
OR3_X2             1     1.596      50.457         0.000 NangateOpenCellLibrary       0 
OR4_X1            98   156.408    2762.761     34034.060 NangateOpenCellLibrary       0 
OR4_X2             1     1.862      70.304      6739.845 NangateOpenCellLibrary       0 
SDFFRS_X1          5    38.570     621.659     71768.935 NangateOpenCellLibrary       0 
SDFFR_X1          49   325.850    5210.067    745817.477 NangateOpenCellLibrary       0 
SDFFR_X2           1     6.916     140.453     17791.106 NangateOpenCellLibrary       0 
SDFF_X1            1     6.118      98.534      9037.334 NangateOpenCellLibrary       0 
XNOR2_X1         530   845.880   20299.485   1097501.265 NangateOpenCellLibrary       0 
XNOR2_X2          75   199.500    5514.051    423518.348 NangateOpenCellLibrary       0 
XOR2_X1          282   450.072   10803.251    615185.540 NangateOpenCellLibrary       0 
XOR2_X2            2     4.788     143.005     12150.096 NangateOpenCellLibrary       0 
----------------------------------------------------------------------------------------
total          16248 29777.370  626209.110  41208637.483                                
                                            Leakage  Leakage   Internal   Internal 
     Type      Instances    Area   Area % Power (nW) Power %  Power (nW)   Power % 
-----------------------------------------------------------------------------------
sequential          2387 12658.674   42.5 210297.120    33.6 20623194.249     50.0 
inverter            2383  1383.200    4.6  39877.855     6.4  1828609.965      4.4 
buffer                 9    11.704    0.0    435.350     0.1    40113.882      0.1 
logic              11469 15723.792   52.8 375598.786    60.0 18716719.388     45.4 
physical_cells         0     0.000    0.0      0.000     0.0        0.000      0.0 
-----------------------------------------------------------------------------------
total              16248 29777.370  100.0 626209.110   100.0 41208637.483    100.0 
