============================================================
  Generated by:           Genus(TM) Synthesis Solution 25.11-s095_1
  Generated on:           Mar 10 2026  11:22:55 pm
  Module:                 add_fp16
  Operating conditions:   typical 
  Interconnect mode:      global
  Area mode:              physical library
============================================================

Timing
--------

Analysis view  Clock Period 
----------------------------
view_1p2_25   clock1 1282.0 


  Analysis    Cost   Critical        Violating 
    View     Group  Path Slack  TNS    Paths   
-----------------------------------------------
view_1p2_25  clock1        0.2  0.0          0 
            default   No paths  0.0          0 
-----------------------------------------------
Total                          -0.0          0 
                                               

Instance Count
--------------
Leaf Instance Count             1674 
Physical Instance count            0 
Sequential Instance Count        100 
Combinational Instance Count    1574 
Hierarchical Instance Count        0 

Area
----
Cell Area                          2238.124
Physical Cell Area                 0.000
Total Cell Area (Cell+Physical)    2238.124
Net Area                           2432.789
Total Area (Cell+Physical+Net)     4670.913

Power
-----
Leakage Power                      52758.989 nW
Dynamic Power                      3683394.066 nW
Total Power                        3736153.055 nW

Max Fanout                         100 (clk)
Min Fanout                         1 (start_l)
Average Fanout                     2.4
Terms to net ratio                 3.4294
Terms to instance ratio            3.6977
Runtime                            45.960542 seconds
Elapsed Runtime                    53 seconds
Genus peak memory usage            1685.29 
Innovus peak memory usage          no_value 
Hostname                           asicfab.ecn.purdue.edu
