============================================================
  Generated by:           Genus(TM) Synthesis Solution 25.11-s095_1
  Generated on:           Mar 10 2026  08:20:53 pm
  Module:                 add_bf16_1C
  Library domain:         timing_condition_tt_1p2v_25c
    Domain index:         0
    Technology library:   NangateOpenCellLibrary revision 1.0
  Operating conditions:   typical 
  Interconnect mode:      global
  Area mode:              physical library
============================================================

Timing
--------

Analysis view  Clock Period 
----------------------------
view_1p2_25   clock1 1099.0 


  Analysis    Cost   Critical         Violating 
    View     Group  Path Slack  TNS     Paths   
------------------------------------------------
view_1p2_25  clock1       -7.3 -13.4          2 
            default   No paths   0.0          0 
------------------------------------------------
Total                          -13.4          2 
                                                

Instance Count
--------------
Leaf Instance Count             1115 
Physical Instance count            0 
Sequential Instance Count         33 
Combinational Instance Count    1082 
Hierarchical Instance Count        0 

Area
----
Cell Area                          1907.341
Physical Cell Area                 0.000
Total Cell Area (Cell+Physical)    1907.341
Net Area                           16.197
Total Area (Cell+Physical+Net)     1923.538

Power
-----
Leakage Power                      14021.702 nW
Dynamic Power                      539527.999 nW
Total Power                        553549.702 nW

Max Fanout                         64 (n_1239)
Min Fanout                         0 (n_180)
Average Fanout                     1.9
Terms to net ratio                 2.7363
Terms to instance ratio            3.1462
Runtime                            43.985992 seconds
Elapsed Runtime                    52 seconds
Genus peak memory usage            1756.73 
Innovus peak memory usage          no_value 
Hostname                           asicfab.ecn.purdue.edu
