============================================================
  Generated by:           Genus(TM) Synthesis Solution 25.11-s095_1
  Generated on:           Mar 10 2026  11:11:29 pm
  Operating conditions:   typical 
  Interconnect mode:      global
  Area mode:              physical library
============================================================

                         Leakage   Internal          Library 
 Gate  Instances  Area Power (nW) Power (nW) Library  Domain 
-------------------------------------------------------------
-------------------------------------------------------------
total          0 0.000      0.000      0.000                 
                                        Leakage  Leakage   Internal  Internal 
     Type      Instances  Area Area % Power (nW) Power %  Power (nW)  Power % 
------------------------------------------------------------------------------
sequential           100 0.000    0.0   7911.231    14.2  282035.281     15.7 
inverter               1 0.000    0.0     14.342     0.0       0.000      0.0 
logic               4150 0.000    0.0  47671.456    85.7 1511960.683     84.3 
physical_cells         0 0.000    0.0      0.000     0.0       0.000      0.0 
------------------------------------------------------------------------------
total               4251 0.000    0.0  55597.029   100.0 1793995.964    100.0 
