============================================================
  Generated by:           Genus(TM) Synthesis Solution 25.11-s095_1
  Generated on:           Mar 10 2026  11:11:23 pm
  Module:                 add_fp16
  Operating conditions:   typical 
  Interconnect mode:      global
  Area mode:              physical library
============================================================


Path 1: MET (60 ps) Setup Check with Pin fp_out_reg[0]/clk->d
           View: view_1p2_25
          Group: clock1
     Startpoint: (R) signs_differ_l_reg/clk
          Clock: (R) clock1
       Endpoint: (R) fp_out_reg[0]/d
          Clock: (R) clock1

                     Capture       Launch     
        Clock Edge:+    1389            0     
       Src Latency:+       0            0     
       Net Latency:+       0 (I)        0 (I) 
           Arrival:=    1389            0     
                                              
             Setup:-      38                  
       Uncertainty:-       0                  
     Required Time:=    1351                  
      Launch Clock:-       0                  
         Data Path:-    1291                  
             Slack:=      60                  

Launch clock path:
#-----------------------------------------------------------------------------------------------------
#     Timing Point       Flags   Arc   Edge      Cell        Fanout Load Trans Delay Arrival Instance 
#                                                                   (fF)  (ps)  (ps)   (ps)  Location 
#-----------------------------------------------------------------------------------------------------
  clk                    (i,u)   -     R     (arrival)          100  0.0     0     0       0    (-,-) 
  clk                    -       -     -     (net)                -    -     -     -       -    (-,-) 
  clk                    -       -     -     (net)                -    -     -     -       -    (-,-) 
  signs_differ_l_reg/clk <<<     -     R     unmapped_d_flop    100    -     1     0       0    (-,-) 
#-----------------------------------------------------------------------------------------------------

#-----------------------------------------------------------------------------------------------------------------
#         Timing Point          Flags    Arc    Edge       Cell         Fanout  Load Trans Delay Arrival Instance 
#                                                                               (fF)  (ps)  (ps)   (ps)  Location 
#-----------------------------------------------------------------------------------------------------------------
  signs_differ_l_reg/clk        -       -       R     (arrival)            100     -     1     0       0    (-,-) 
  signs_differ_l_reg/q          (u)     clk->q  F     unmapped_d_flop       96 307.2     0   164     164    (-,-) 
  signs_differ_l                -       -       -     (net)                  -     -     -     -       -    (-,-) 
  g10193/z                      (u)     in_0->z R     unmapped_complex2      3  10.8     0    22     186    (-,-) 
  n_12192                       -       -       -     (net)                  -     -     -     -       -    (-,-) 
  g10454/z                      (u)     in_0->z R     unmapped_or2           1   3.6     0    17     202    (-,-) 
  n_12381                       -       -       -     (net)                  -     -     -     -       -    (-,-) 
  g10455/z                      (u)     in_1->z F     unmapped_nand2        23  73.6     0    49     251    (-,-) 
  n_2333                        -       -       -     (net)                  -     -     -     -       -    (-,-) 
  mux_mantissa_sum_238_9_g700/z (u)     in_1->z F     unmapped_or2           3   9.6     0    22     273    (-,-) 
  mux_mantissa_sum_238_9_n_96   -       -       -     (net)                  -     -     -     -       -    (-,-) 
  mux_mantissa_sum_238_9_g676/z (u)     in_1->z R     unmapped_nand2         1   3.6     0    17     290    (-,-) 
  mux_mantissa_sum_238_9_n_170  -       -       -     (net)                  -     -     -     -       -    (-,-) 
  g21464/z                      (u)     in_1->z R     unmapped_or2           1   3.6     0    17     306    (-,-) 
  mux_mantissa_sum_238_9_n_172  -       -       -     (net)                  -     -     -     -       -    (-,-) 
  mux_mantissa_sum_238_9_g575/z (u)     in_1->z F     unmapped_complex2      5  16.0     0    28     334    (-,-) 
  mux_mantissa_sum_238_9_n_230  -       -       -     (net)                  -     -     -     -       -    (-,-) 
  mux_mantissa_sum_238_9_g555/z (u)     in_0->z R     unmapped_complex2      2   7.2     0    19     353    (-,-) 
  mux_mantissa_sum_238_9_n_233  -       -       -     (net)                  -     -     -     -       -    (-,-) 
  mux_mantissa_sum_238_9_g540/z (u)     in_1->z R     unmapped_or2           1   3.6     0    17     370    (-,-) 
  mux_mantissa_sum_238_9_n_241  -       -       -     (net)                  -     -     -     -       -    (-,-) 
  mux_mantissa_sum_238_9_g527/z (u)     in_0->z F     unmapped_complex2     10  32.0     0    38     407    (-,-) 
  mux_mantissa_sum_238_9_n_272  -       -       -     (net)                  -     -     -     -       -    (-,-) 
  mux_mantissa_sum_238_9_g519/z (u)     in_0->z R     unmapped_complex2      1   3.6     0    17     424    (-,-) 
  mux_mantissa_sum_238_9_n_293  -       -       -     (net)                  -     -     -     -       -    (-,-) 
  mux_mantissa_sum_238_9_g511/z (u)     in_0->z F     unmapped_complex2     12  38.4     0    40     464    (-,-) 
  mux_mantissa_sum_238_9_n_307  -       -       -     (net)                  -     -     -     -       -    (-,-) 
  mux_mantissa_sum_238_9_g503/z (u)     in_0->z R     unmapped_complex2      1   3.6     0    17     480    (-,-) 
  mux_mantissa_sum_238_9_n_322  -       -       -     (net)                  -     -     -     -       -    (-,-) 
  mux_mantissa_sum_238_9_g472/z (u)     in_0->z F     unmapped_complex2      2   6.4     0    19     499    (-,-) 
  mux_mantissa_sum_238_9_n_388  -       -       -     (net)                  -     -     -     -       -    (-,-) 
  mux_mantissa_sum_238_9_g459/z (u)     in_0->z F     unmapped_or2           1   3.2     0    17     516    (-,-) 
  mux_mantissa_sum_238_9_n_415  -       -       -     (net)                  -     -     -     -       -    (-,-) 
  mux_mantissa_sum_238_9_g460/z (u)     in_1->z R     unmapped_nand2         9  32.4     0    36     552    (-,-) 
  mantissa_sum[22]              -       -       -     (net)                  -     -     -     -       -    (-,-) 
  g11800/z                      (u)     in_1->z R     unmapped_or2           2   7.2     0    19     571    (-,-) 
  n_12438                       -       -       -     (net)                  -     -     -     -       -    (-,-) 
  g11752/z                      (u)     in_1->z R     unmapped_or2           1   3.6     0    17     588    (-,-) 
  n_12440                       -       -       -     (net)                  -     -     -     -       -    (-,-) 
  g11744/z                      (u)     in_1->z R     unmapped_or2           3  10.8     0    22     610    (-,-) 
  n_12406                       -       -       -     (net)                  -     -     -     -       -    (-,-) 
  g11664/z                      (u)     in_1->z R     unmapped_or2           3  10.8     0    22     631    (-,-) 
  n_12220                       -       -       -     (net)                  -     -     -     -       -    (-,-) 
  g11587/z                      (u)     in_1->z R     unmapped_or2           3  10.8     0    22     653    (-,-) 
  n_12221                       -       -       -     (net)                  -     -     -     -       -    (-,-) 
  g11562/z                      (u)     in_1->z R     unmapped_or2           3  10.8     0    22     674    (-,-) 
  n_12222                       -       -       -     (net)                  -     -     -     -       -    (-,-) 
  g11482/z                      (u)     in_1->z R     unmapped_or2           3  10.8     0    22     696    (-,-) 
  n_12223                       -       -       -     (net)                  -     -     -     -       -    (-,-) 
  g11386/z                      (u)     in_1->z R     unmapped_or2           3  10.8     0    22     718    (-,-) 
  n_12407                       -       -       -     (net)                  -     -     -     -       -    (-,-) 
  g11289/z                      (u)     in_1->z R     unmapped_or2           3  10.8     0    22     739    (-,-) 
  n_12408                       -       -       -     (net)                  -     -     -     -       -    (-,-) 
  g11234/z                      (u)     in_1->z R     unmapped_or2           3  10.8     0    22     761    (-,-) 
  n_12226                       -       -       -     (net)                  -     -     -     -       -    (-,-) 
  g11200/z                      (u)     in_1->z R     unmapped_or2           3  10.8     0    22     782    (-,-) 
  n_12227                       -       -       -     (net)                  -     -     -     -       -    (-,-) 
  g11152/z                      (u)     in_1->z R     unmapped_or2           1   3.6     0    17     799    (-,-) 
  n_12435                       -       -       -     (net)                  -     -     -     -       -    (-,-) 
  g11099/z                      (u)     in_0->z F     unmapped_complex2      2   6.4     0    19     818    (-,-) 
  n_2444                        -       -       -     (net)                  -     -     -     -       -    (-,-) 
  g11086/z                      (u)     in_0->z R     unmapped_complex2     25  18.0     0    39     857    (-,-) 
  n_12281                       -       -       -     (net)                  -     -     -     -       -    (-,-) 
  g11062/z                      (u)     in_0->z R     unmapped_complex2      1   3.6     0    17     874    (-,-) 
  n_12459                       -       -       -     (net)                  -     -     -     -       -    (-,-) 
  g11049/z                      (u)     in_1->z F     unmapped_nand2         2   6.4     0    19     893    (-,-) 
  n_12433                       -       -       -     (net)                  -     -     -     -       -    (-,-) 
  g11023/z                      (u)     in_0->z F     unmapped_complex2      1   3.2     0    17     909    (-,-) 
  n_12396                       -       -       -     (net)                  -     -     -     -       -    (-,-) 
  g11021/z                      (u)     in_0->z F     unmapped_complex2      2   6.4     0    19     928    (-,-) 
  n_12323                       -       -       -     (net)                  -     -     -     -       -    (-,-) 
  g11019/z                      (u)     in_0->z F     unmapped_complex2      1   3.2     0    17     945    (-,-) 
  n_12434                       -       -       -     (net)                  -     -     -     -       -    (-,-) 
  g11018/z                      (u)     in_0->z R     unmapped_complex2      1   3.6     0    17     962    (-,-) 
  n_12456                       -       -       -     (net)                  -     -     -     -       -    (-,-) 
  g11017/z                      (u)     in_0->z F     unmapped_nand2         4  12.8     0    24     986    (-,-) 
  n_2529                        -       -       -     (net)                  -     -     -     -       -    (-,-) 
  inc_ADD_TC_OP51/g1/z          (u)     in_1->z R     unmapped_nand2         3  10.8     0    22    1008    (-,-) 
  inc_ADD_TC_OP51/n_49          -       -       -     (net)                  -     -     -     -       -    (-,-) 
  inc_ADD_TC_OP51/g247/z        (u)     in_0->z R     unmapped_complex2      3  10.8     0    22    1029    (-,-) 
  inc_ADD_TC_OP51/n_51          -       -       -     (net)                  -     -     -     -       -    (-,-) 
  inc_ADD_TC_OP51/g233/z        (u)     in_0->z R     unmapped_complex2      3  10.8     0    22    1051    (-,-) 
  inc_ADD_TC_OP51/n_101         -       -       -     (net)                  -     -     -     -       -    (-,-) 
  inc_ADD_TC_OP51/g144/z        (u)     in_0->z R     unmapped_complex2      6  21.6     0    30    1081    (-,-) 
  inc_ADD_TC_OP51/n_68          -       -       -     (net)                  -     -     -     -       -    (-,-) 
  inc_ADD_TC_OP51/g225/z        (u)     in_1->z R     unmapped_or2           9  32.4     0    36    1117    (-,-) 
  inc_ADD_TC_OP51/n_81          -       -       -     (net)                  -     -     -     -       -    (-,-) 
  inc_ADD_TC_OP51/g207/z        (u)     in_1->z R     unmapped_or2           3  10.8     0    22    1139    (-,-) 
  inc_ADD_TC_OP51/n_113         -       -       -     (net)                  -     -     -     -       -    (-,-) 
  inc_ADD_TC_OP51/g136/z        (u)     in_1->z R     unmapped_or2           9  32.4     0    36    1175    (-,-) 
  inc_ADD_TC_OP51/n_92          -       -       -     (net)                  -     -     -     -       -    (-,-) 
  inc_ADD_TC_OP51/g253/z        (u)     in_1->z F     unmapped_nor2          1   3.2     0    17    1192    (-,-) 
  n_2559                        -       -       -     (net)                  -     -     -     -       -    (-,-) 
  g19799/z                      (u)     in_0->z F     unmapped_or2           1   3.2     0    17    1208    (-,-) 
  n_14836                       -       -       -     (net)                  -     -     -     -       -    (-,-) 
  g21376/z                      (u)     in_0->z F     unmapped_complex2     23  73.6     0    49    1257    (-,-) 
  n_14633                       -       -       -     (net)                  -     -     -     -       -    (-,-) 
  g19776/z                      (u)     in_1->z F     unmapped_complex2      1   3.2     0    17    1274    (-,-) 
  n_16862                       -       -       -     (net)                  -     -     -     -       -    (-,-) 
  g19735/z                      (u)     in_0->z R     unmapped_nand2         1   3.6     0    17    1291    (-,-) 
  n_2728                        -       -       -     (net)                  -     -     -     -       -    (-,-) 
  fp_out_reg[0]/d               <<<     -       R     unmapped_d_flop        1     -     -     0    1291    (-,-) 
#-----------------------------------------------------------------------------------------------------------------

(u) : Net has unmapped pin(s).

Capture clock path:
#------------------------------------------------------------------------------------------------
#   Timing Point    Flags   Arc   Edge      Cell        Fanout Load Trans Delay Arrival Instance 
#                                                              (fF)  (ps)  (ps)   (ps)  Location 
#------------------------------------------------------------------------------------------------
  clk               (i,u)   -     R     (arrival)          100  0.0     0     0    1389    (-,-) 
  clk               -       -     -     (net)                -    -     -     -       -    (-,-) 
  clk               -       -     -     (net)                -    -     -     -       -    (-,-) 
  fp_out_reg[0]/clk <<<     -     R     unmapped_d_flop    100    -     1     0    1389    (-,-) 
#------------------------------------------------------------------------------------------------


