============================================================
  Generated by:           Genus(TM) Synthesis Solution 25.11-s095_1
  Generated on:           May 24 2026  07:51:21 pm
  Module:                 sysarr_32_input_fp_adder
  Operating conditions:   typical 
  Interconnect mode:      global
  Area mode:              physical library
============================================================

Timing
--------

Analysis view  Clock Period 
----------------------------
view_1p2_25   clock1 1000.0 


  Analysis    Cost   Critical        Violating 
    View     Group  Path Slack  TNS    Paths   
-----------------------------------------------
view_1p2_25  clock1        0.0  0.0          0 
            default   No paths  0.0          0 
-----------------------------------------------
Total                          -0.0          0 
                                               

Instance Count
--------------
Leaf Instance Count             21364 
Physical Instance count             0 
Sequential Instance Count        2079 
Combinational Instance Count    19285 
Hierarchical Instance Count         0 

Area
----
Cell Area                          31996.076
Physical Cell Area                 0.000
Total Cell Area (Cell+Physical)    31996.076
Net Area                           26478.528
Total Area (Cell+Physical+Net)     58474.604

Power
-----
Leakage Power                      736487.685 nW
Dynamic Power                      80552210.377 nW
Total Power                        81288698.062 nW

Max Fanout                         2079 (clk)
Min Fanout                         0 (adder_tree_inst_s0_g4_r[3])
Average Fanout                     2.0
Terms to net ratio                 3.1874
Terms to instance ratio            3.3351
Runtime                            52.048326 seconds
Elapsed Runtime                    55 seconds
Genus peak memory usage            1772.71 
Innovus peak memory usage          no_value 
Hostname                           asicfab.ecn.purdue.edu
