============================================================
  Generated by:           Genus(TM) Synthesis Solution 25.11-s095_1
  Generated on:           Mar 10 2026  09:50:50 pm
  Module:                 add_fp16
  Operating conditions:   typical 
  Interconnect mode:      global
  Area mode:              physical library
============================================================


Path 1: MET (237 ps) Setup Check with Pin fp_out_reg[0]/clk->d
           View: view_1p2_25
          Group: clock1
     Startpoint: (R) signs_differ_l_reg/clk
          Clock: (R) clock1
       Endpoint: (R) fp_out_reg[0]/d
          Clock: (R) clock1

                     Capture       Launch     
        Clock Edge:+    1562            0     
       Src Latency:+       0            0     
       Net Latency:+       0 (I)        0 (I) 
           Arrival:=    1562            0     
                                              
             Setup:-      38                  
       Uncertainty:-       0                  
     Required Time:=    1525                  
      Launch Clock:-       0                  
         Data Path:-    1287                  
             Slack:=     237                  

Launch clock path:
#-----------------------------------------------------------------------------------------------------
#     Timing Point       Flags   Arc   Edge      Cell        Fanout Load Trans Delay Arrival Instance 
#                                                                   (fF)  (ps)  (ps)   (ps)  Location 
#-----------------------------------------------------------------------------------------------------
  clk                    (i,u)   -     R     (arrival)          100  0.0     0     0       0    (-,-) 
  clk                    -       -     -     (net)                -    -     -     -       -    (-,-) 
  clk                    -       -     -     (net)                -    -     -     -       -    (-,-) 
  signs_differ_l_reg/clk <<<     -     R     unmapped_d_flop    100    -     1     0       0    (-,-) 
#-----------------------------------------------------------------------------------------------------

#-----------------------------------------------------------------------------------------------------------------
#         Timing Point          Flags    Arc    Edge       Cell         Fanout  Load Trans Delay Arrival Instance 
#                                                                               (fF)  (ps)  (ps)   (ps)  Location 
#-----------------------------------------------------------------------------------------------------------------
  signs_differ_l_reg/clk        -       -       R     (arrival)            100     -     1     0       0    (-,-) 
  signs_differ_l_reg/q          (u)     clk->q  F     unmapped_d_flop       97 310.4     0   164     164    (-,-) 
  signs_differ_l                -       -       -     (net)                  -     -     -     -       -    (-,-) 
  g10193/z                      (u)     in_0->z R     unmapped_complex2      3  10.8     0    22     186    (-,-) 
  n_12192                       -       -       -     (net)                  -     -     -     -       -    (-,-) 
  g10454/z                      (u)     in_0->z R     unmapped_or2           1   3.6     0    17     203    (-,-) 
  n_12381                       -       -       -     (net)                  -     -     -     -       -    (-,-) 
  g10455/z                      (u)     in_1->z F     unmapped_nand2        23  73.6     0    49     252    (-,-) 
  n_2333                        -       -       -     (net)                  -     -     -     -       -    (-,-) 
  mux_mantissa_sum_238_9_g700/z (u)     in_1->z F     unmapped_or2           3   9.6     0    22     273    (-,-) 
  mux_mantissa_sum_238_9_n_96   -       -       -     (net)                  -     -     -     -       -    (-,-) 
  mux_mantissa_sum_238_9_g676/z (u)     in_1->z R     unmapped_nand2         1   3.6     0    17     290    (-,-) 
  mux_mantissa_sum_238_9_n_170  -       -       -     (net)                  -     -     -     -       -    (-,-) 
  g20860/z                      (u)     in_1->z R     unmapped_or2           1   3.6     0    17     306    (-,-) 
  mux_mantissa_sum_238_9_n_172  -       -       -     (net)                  -     -     -     -       -    (-,-) 
  mux_mantissa_sum_238_9_g575/z (u)     in_1->z F     unmapped_complex2      5  16.0     0    28     334    (-,-) 
  mux_mantissa_sum_238_9_n_230  -       -       -     (net)                  -     -     -     -       -    (-,-) 
  mux_mantissa_sum_238_9_g555/z (u)     in_0->z R     unmapped_complex2      2   7.2     0    19     353    (-,-) 
  mux_mantissa_sum_238_9_n_233  -       -       -     (net)                  -     -     -     -       -    (-,-) 
  mux_mantissa_sum_238_9_g540/z (u)     in_1->z R     unmapped_or2           1   3.6     0    17     370    (-,-) 
  mux_mantissa_sum_238_9_n_241  -       -       -     (net)                  -     -     -     -       -    (-,-) 
  mux_mantissa_sum_238_9_g527/z (u)     in_0->z F     unmapped_complex2     10  32.0     0    38     407    (-,-) 
  mux_mantissa_sum_238_9_n_272  -       -       -     (net)                  -     -     -     -       -    (-,-) 
  mux_mantissa_sum_238_9_g519/z (u)     in_0->z R     unmapped_complex2      1   3.6     0    17     424    (-,-) 
  mux_mantissa_sum_238_9_n_293  -       -       -     (net)                  -     -     -     -       -    (-,-) 
  mux_mantissa_sum_238_9_g511/z (u)     in_0->z F     unmapped_complex2     12  38.4     0    40     464    (-,-) 
  mux_mantissa_sum_238_9_n_307  -       -       -     (net)                  -     -     -     -       -    (-,-) 
  mux_mantissa_sum_238_9_g435/z (u)     in_0->z R     unmapped_complex2      1   3.6     0    17     480    (-,-) 
  mux_mantissa_sum_238_9_n_330  -       -       -     (net)                  -     -     -     -       -    (-,-) 
  mux_mantissa_sum_238_9_g473/z (u)     in_0->z F     unmapped_complex2      2   6.4     0    19     500    (-,-) 
  mux_mantissa_sum_238_9_n_396  -       -       -     (net)                  -     -     -     -       -    (-,-) 
  mux_mantissa_sum_238_9_g468/z (u)     in_0->z F     unmapped_or2           1   3.2     0    17     516    (-,-) 
  mux_mantissa_sum_238_9_n_421  -       -       -     (net)                  -     -     -     -       -    (-,-) 
  mux_mantissa_sum_238_9_g469/z (u)     in_1->z R     unmapped_nand2         5  18.0     0    28     544    (-,-) 
  mantissa_sum[25]              -       -       -     (net)                  -     -     -     -       -    (-,-) 
  g11782/z                      (u)     in_0->z R     unmapped_or2           4  14.4     0    24     568    (-,-) 
  n_12312                       -       -       -     (net)                  -     -     -     -       -    (-,-) 
  g11738/z                      (u)     in_0->z R     unmapped_or2           3  10.8     0    22     590    (-,-) 
  n_12406                       -       -       -     (net)                  -     -     -     -       -    (-,-) 
  g11718/z                      (u)     in_1->z R     unmapped_or2           3  10.8     0    22     611    (-,-) 
  n_12407                       -       -       -     (net)                  -     -     -     -       -    (-,-) 
  g11664/z                      (u)     in_1->z R     unmapped_or2           3  10.8     0    22     633    (-,-) 
  n_12408                       -       -       -     (net)                  -     -     -     -       -    (-,-) 
  g11636/z                      (u)     in_1->z R     unmapped_or2           3  10.8     0    22     655    (-,-) 
  n_12409                       -       -       -     (net)                  -     -     -     -       -    (-,-) 
  g11524/z                      (u)     in_1->z R     unmapped_or2           3  10.8     0    22     676    (-,-) 
  n_12410                       -       -       -     (net)                  -     -     -     -       -    (-,-) 
  g11487/z                      (u)     in_1->z R     unmapped_or2           3  10.8     0    22     698    (-,-) 
  n_12411                       -       -       -     (net)                  -     -     -     -       -    (-,-) 
  g11390/z                      (u)     in_1->z R     unmapped_or2           3  10.8     0    22     719    (-,-) 
  n_12412                       -       -       -     (net)                  -     -     -     -       -    (-,-) 
  g11297/z                      (u)     in_1->z R     unmapped_or2           3  10.8     0    22     741    (-,-) 
  n_12413                       -       -       -     (net)                  -     -     -     -       -    (-,-) 
  g11225/z                      (u)     in_1->z R     unmapped_or2           3  10.8     0    22     763    (-,-) 
  n_12414                       -       -       -     (net)                  -     -     -     -       -    (-,-) 
  g11219/z                      (u)     in_1->z R     unmapped_or2           4  14.4     0    24     787    (-,-) 
  n_12415                       -       -       -     (net)                  -     -     -     -       -    (-,-) 
  g11163/z                      (u)     in_1->z R     unmapped_or2           2   7.2     0    19     806    (-,-) 
  n_12416                       -       -       -     (net)                  -     -     -     -       -    (-,-) 
  g11111/z                      (u)     in_1->z R     unmapped_or2           1   3.6     0    17     823    (-,-) 
  n_13371                       -       -       -     (net)                  -     -     -     -       -    (-,-) 
  g11080/z                      (u)     in_0->z F     unmapped_complex2      2   6.4     0    19     842    (-,-) 
  n_2444                        -       -       -     (net)                  -     -     -     -       -    (-,-) 
  g11067/z                      (u)     in_0->z R     unmapped_complex2     25  18.0     0    39     881    (-,-) 
  n_12431                       -       -       -     (net)                  -     -     -     -       -    (-,-) 
  g11034/z                      (u)     in_0->z R     unmapped_complex2      1   3.6     0    17     897    (-,-) 
  n_14283                       -       -       -     (net)                  -     -     -     -       -    (-,-) 
  g11017/z                      (u)     in_0->z F     unmapped_complex2      5  16.0     0    28     925    (-,-) 
  round_this[2]                 -       -       -     (net)                  -     -     -     -       -    (-,-) 
  g11005/z                      (u)     in_1->z R     unmapped_nand2         1   3.6     0    17     942    (-,-) 
  n_14304                       -       -       -     (net)                  -     -     -     -       -    (-,-) 
  g11003/z                      (u)     in_0->z F     unmapped_complex2      1   3.2     0    17     958    (-,-) 
  n_12438                       -       -       -     (net)                  -     -     -     -       -    (-,-) 
  g11793/z                      (u)     in_0->z F     unmapped_and2          4  12.8     0    24     983    (-,-) 
  n_2529                        -       -       -     (net)                  -     -     -     -       -    (-,-) 
  inc_ADD_TC_OP51/g1/z          (u)     in_1->z R     unmapped_nand2         3  10.8     0    22    1004    (-,-) 
  inc_ADD_TC_OP51/n_49          -       -       -     (net)                  -     -     -     -       -    (-,-) 
  inc_ADD_TC_OP51/g247/z        (u)     in_0->z R     unmapped_complex2      3  10.8     0    22    1026    (-,-) 
  inc_ADD_TC_OP51/n_51          -       -       -     (net)                  -     -     -     -       -    (-,-) 
  inc_ADD_TC_OP51/g233/z        (u)     in_0->z R     unmapped_complex2      3  10.8     0    22    1047    (-,-) 
  inc_ADD_TC_OP51/n_101         -       -       -     (net)                  -     -     -     -       -    (-,-) 
  inc_ADD_TC_OP51/g144/z        (u)     in_0->z R     unmapped_complex2      6  21.6     0    30    1078    (-,-) 
  inc_ADD_TC_OP51/n_68          -       -       -     (net)                  -     -     -     -       -    (-,-) 
  inc_ADD_TC_OP51/g225/z        (u)     in_1->z R     unmapped_or2           9  32.4     0    36    1114    (-,-) 
  inc_ADD_TC_OP51/n_81          -       -       -     (net)                  -     -     -     -       -    (-,-) 
  inc_ADD_TC_OP51/g207/z        (u)     in_1->z R     unmapped_or2           3  10.8     0    22    1136    (-,-) 
  inc_ADD_TC_OP51/n_113         -       -       -     (net)                  -     -     -     -       -    (-,-) 
  inc_ADD_TC_OP51/g136/z        (u)     in_1->z R     unmapped_or2           9  32.4     0    36    1172    (-,-) 
  inc_ADD_TC_OP51/n_92          -       -       -     (net)                  -     -     -     -       -    (-,-) 
  inc_ADD_TC_OP51/g253/z        (u)     in_1->z F     unmapped_nor2          1   3.2     0    17    1188    (-,-) 
  n_2559                        -       -       -     (net)                  -     -     -     -       -    (-,-) 
  g19191/z                      (u)     in_1->z F     unmapped_or2           1   3.2     0    17    1205    (-,-) 
  n_16454                       -       -       -     (net)                  -     -     -     -       -    (-,-) 
  g19185/z                      (u)     in_1->z F     unmapped_or2          23  73.6     0    49    1254    (-,-) 
  n_13895                       -       -       -     (net)                  -     -     -     -       -    (-,-) 
  g19165/z                      (u)     in_1->z F     unmapped_complex2      1   3.2     0    17    1271    (-,-) 
  n_16537                       -       -       -     (net)                  -     -     -     -       -    (-,-) 
  g19141/z                      (u)     in_0->z R     unmapped_nand2         1   3.6     0    17    1287    (-,-) 
  n_2728                        -       -       -     (net)                  -     -     -     -       -    (-,-) 
  fp_out_reg[0]/d               <<<     -       R     unmapped_d_flop        1     -     -     0    1287    (-,-) 
#-----------------------------------------------------------------------------------------------------------------

(u) : Net has unmapped pin(s).

Capture clock path:
#------------------------------------------------------------------------------------------------
#   Timing Point    Flags   Arc   Edge      Cell        Fanout Load Trans Delay Arrival Instance 
#                                                              (fF)  (ps)  (ps)   (ps)  Location 
#------------------------------------------------------------------------------------------------
  clk               (i,u)   -     R     (arrival)          100  0.0     0     0    1562    (-,-) 
  clk               -       -     -     (net)                -    -     -     -       -    (-,-) 
  clk               -       -     -     (net)                -    -     -     -       -    (-,-) 
  fp_out_reg[0]/clk <<<     -     R     unmapped_d_flop    100    -     1     0    1562    (-,-) 
#------------------------------------------------------------------------------------------------


