============================================================
  Generated by:           Genus(TM) Synthesis Solution 25.11-s095_1
  Generated on:           Mar 10 2026  01:18:46 pm
  Module:                 mul_bf
  Operating conditions:   typical 
  Interconnect mode:      global
  Area mode:              physical library
============================================================


Path 1: MET (206 ps) Setup Check with Pin result_reg[9]/clk->d
           View: view_1p2_25
          Group: clock1
     Startpoint: (F) b[4]
          Clock: (R) clock1
       Endpoint: (R) result_reg[9]/d
          Clock: (R) clock1

                     Capture       Launch     
        Clock Edge:+    1149            0     
        Drv Adjust:+       0            0     
       Src Latency:+       0            0     
       Net Latency:+       0 (I)        0 (I) 
           Arrival:=    1149            0     
                                              
             Setup:-      38                  
       Uncertainty:-       0                  
     Required Time:=    1112                  
      Launch Clock:-       0                  
       Input Delay:-       1                  
         Data Path:-     904                  
             Slack:=     206                  

Exceptions/Constraints:
  input_delay              1              mul_bf.sdc_line_20_29_1   

#--------------------------------------------------------------------------------------------------------------------------
#              Timing Point               Flags    Arc    Edge       Cell         Fanout Load Trans Delay Arrival Instance 
#                                                                                        (fF)  (ps)  (ps)   (ps)  Location 
#--------------------------------------------------------------------------------------------------------------------------
  b[4]                                    (u)     -       F     (arrival)             11 35.2     0     0       1    (-,-) 
  b[4]                                    -       -       -     (net)                  -    -     -     -       -    (-,-) 
  g7258/z                                 (u)     in_1->z R     unmapped_nand2         3 10.8     0    22      23    (-,-) 
  wallaca_n_16                            -       -       -     (net)                  -    -     -     -       -    (-,-) 
  g7176/z                                 (u)     in_1->z R     unmapped_complex2      1  3.6     0    17      39    (-,-) 
  n_5776                                  -       -       -     (net)                  -    -     -     -       -    (-,-) 
  g7177/z                                 (u)     in_1->z F     unmapped_nand2         3  9.6     0    22      61    (-,-) 
  wallaca_genblk1[0].genblk1[5].fa_00_n_3 -       -       -     (net)                  -    -     -     -       -    (-,-) 
  g7127/z                                 (u)     in_0->z F     unmapped_or2           1  3.2     0    17      77    (-,-) 
  n_5760                                  -       -       -     (net)                  -    -     -     -       -    (-,-) 
  g7128/z                                 (u)     in_1->z R     unmapped_nand2         3 10.8     0    22      99    (-,-) 
  wallaca_stage1_sums[0][5]               -       -       -     (net)                  -    -     -     -       -    (-,-) 
  g7449/z                                 (u)     in_1->z R     unmapped_complex2      1  3.6     0    17     116    (-,-) 
  n_5726                                  -       -       -     (net)                  -    -     -     -       -    (-,-) 
  g7009/z                                 (u)     in_1->z F     unmapped_nand2         3  9.6     0    22     137    (-,-) 
  wallaca_genblk2[5].fa_s2_l1_n_3         -       -       -     (net)                  -    -     -     -       -    (-,-) 
  g6948/z                                 (u)     in_0->z F     unmapped_complex2      1  3.2     0    17     154    (-,-) 
  n_5694                                  -       -       -     (net)                  -    -     -     -       -    (-,-) 
  g6949/z                                 (u)     in_1->z R     unmapped_nand2         3 10.8     0    22     175    (-,-) 
  wallaca_stage2_level1_sums[5]           -       -       -     (net)                  -    -     -     -       -    (-,-) 
  g7499/z                                 (u)     in_1->z R     unmapped_complex2      1  3.6     0    17     192    (-,-) 
  n_5665                                  -       -       -     (net)                  -    -     -     -       -    (-,-) 
  g6880/z                                 (u)     in_1->z F     unmapped_nand2         3  9.6     0    22     214    (-,-) 
  wallaca_genblk4[5].fa_s3_l1_n_3         -       -       -     (net)                  -    -     -     -       -    (-,-) 
  g6845/z                                 (u)     in_0->z F     unmapped_or2           1  3.2     0    17     230    (-,-) 
  n_5647                                  -       -       -     (net)                  -    -     -     -       -    (-,-) 
  g6846/z                                 (u)     in_1->z R     unmapped_nand2         3 10.8     0    22     252    (-,-) 
  wallaca_stage3_sums[5]                  -       -       -     (net)                  -    -     -     -       -    (-,-) 
  g6823/z                                 (u)     in_0->z R     unmapped_or2           1  3.6     0    17     268    (-,-) 
  n_5637                                  -       -       -     (net)                  -    -     -     -       -    (-,-) 
  g6824/z                                 (u)     in_1->z F     unmapped_nand2         3  9.6     0    22     290    (-,-) 
  wallaca_stage4_sums[5]                  -       -       -     (net)                  -    -     -     -       -    (-,-) 
  g7517/z                                 (u)     in_0->z R     unmapped_complex2      3 10.8     0    22     312    (-,-) 
  n_2160                                  -       -       -     (net)                  -    -     -     -       -    (-,-) 
  g6767/z                                 (u)     in_1->z F     unmapped_nand2         1  3.2     0    17     328    (-,-) 
  n_2337                                  -       -       -     (net)                  -    -     -     -       -    (-,-) 
  g6734/z                                 (u)     in_0->z R     unmapped_nand2         3 10.8     0    22     350    (-,-) 
  n_2161                                  -       -       -     (net)                  -    -     -     -       -    (-,-) 
  g6722/z                                 (u)     in_1->z F     unmapped_nand2         1  3.2     0    17     366    (-,-) 
  n_2304                                  -       -       -     (net)                  -    -     -     -       -    (-,-) 
  g6702/z                                 (u)     in_0->z R     unmapped_nand2         4 14.4     0    24     391    (-,-) 
  n_2162                                  -       -       -     (net)                  -    -     -     -       -    (-,-) 
  g6680/z                                 (u)     in_0->z F     unmapped_complex2      3  9.6     0    22     412    (-,-) 
  n_4203                                  -       -       -     (net)                  -    -     -     -       -    (-,-) 
  g6637/z                                 (u)     in_0->z R     unmapped_complex2      1  3.6     0    17     429    (-,-) 
  n_2320                                  -       -       -     (net)                  -    -     -     -       -    (-,-) 
  g6632/z                                 (u)     in_0->z F     unmapped_nand2         3  9.6     0    22     451    (-,-) 
  n_2165                                  -       -       -     (net)                  -    -     -     -       -    (-,-) 
  g6611/z                                 (u)     in_1->z R     unmapped_nand2         1  3.6     0    17     467    (-,-) 
  n_2313                                  -       -       -     (net)                  -    -     -     -       -    (-,-) 
  g6608/z                                 (u)     in_0->z F     unmapped_nand2         3  9.6     0    22     489    (-,-) 
  n_2166                                  -       -       -     (net)                  -    -     -     -       -    (-,-) 
  g6605/z                                 (u)     in_1->z R     unmapped_nand2         5 18.0     0    28     516    (-,-) 
  n_2318                                  -       -       -     (net)                  -    -     -     -       -    (-,-) 
  g6589/z                                 (u)     in_0->z F     unmapped_complex2      1  3.2     0    17     533    (-,-) 
  n_2797                                  -       -       -     (net)                  -    -     -     -       -    (-,-) 
  g6586/z                                 (u)     in_1->z R     unmapped_nand2         1  3.6     0    17     550    (-,-) 
  n_2798                                  -       -       -     (net)                  -    -     -     -       -    (-,-) 
  g6569/z                                 (u)     in_1->z F     unmapped_nand2         1  3.2     0    17     566    (-,-) 
  n_2834                                  -       -       -     (net)                  -    -     -     -       -    (-,-) 
  g6559/z                                 (u)     in_0->z R     unmapped_complex2      1  3.6     0    17     583    (-,-) 
  n_2835                                  -       -       -     (net)                  -    -     -     -       -    (-,-) 
  g7548/z                                 (u)     in_0->z F     unmapped_complex2      4 12.8     0    24     607    (-,-) 
  n_2836                                  -       -       -     (net)                  -    -     -     -       -    (-,-) 
  g3273/z                                 (u)     in_1->z F     unmapped_or2           2  6.4     0    19     626    (-,-) 
  n_2837                                  -       -       -     (net)                  -    -     -     -       -    (-,-) 
  g6536/z                                 (u)     in_0->z R     unmapped_nand2         3 10.8     0    22     648    (-,-) 
  n_2182                                  -       -       -     (net)                  -    -     -     -       -    (-,-) 
  g6535/z                                 (u)     in_1->z F     unmapped_nand2         1  3.2     0    17     665    (-,-) 
  n_2305                                  -       -       -     (net)                  -    -     -     -       -    (-,-) 
  g6529/z                                 (u)     in_0->z R     unmapped_nand2         2  7.2     0    19     684    (-,-) 
  n_2183                                  -       -       -     (net)                  -    -     -     -       -    (-,-) 
  g6519/z                                 (u)     in_1->z F     unmapped_nand2         1  3.2     0    17     700    (-,-) 
  n_5555                                  -       -       -     (net)                  -    -     -     -       -    (-,-) 
  g6520/z                                 (u)     in_1->z R     unmapped_nand2         3 10.8     0    22     722    (-,-) 
  n_2206                                  -       -       -     (net)                  -    -     -     -       -    (-,-) 
  g6511/z                                 (u)     in_0->z R     unmapped_or2           1  3.6     0    17     739    (-,-) 
  n_2715                                  -       -       -     (net)                  -    -     -     -       -    (-,-) 
  g6501/z                                 (u)     in_1->z R     unmapped_or2           1  3.6     0    17     755    (-,-) 
  n_2717                                  -       -       -     (net)                  -    -     -     -       -    (-,-) 
  g6498/z                                 (u)     in_1->z R     unmapped_or2           1  3.6     0    17     772    (-,-) 
  n_2719                                  -       -       -     (net)                  -    -     -     -       -    (-,-) 
  g6492/z                                 (u)     in_1->z R     unmapped_or2           2  7.2     0    19     791    (-,-) 
  n_2721                                  -       -       -     (net)                  -    -     -     -       -    (-,-) 
  g6487/z                                 (u)     in_0->z F     unmapped_complex2      1  3.2     0    17     808    (-,-) 
  n_3088                                  -       -       -     (net)                  -    -     -     -       -    (-,-) 
  g6485/z                                 (u)     in_1->z R     unmapped_nand2         3 10.8     0    22     829    (-,-) 
  n_3086                                  -       -       -     (net)                  -    -     -     -       -    (-,-) 
  g6472/z                                 (u)     in_0->z F     unmapped_complex2     15 48.0     0    43     872    (-,-) 
  n_2220                                  -       -       -     (net)                  -    -     -     -       -    (-,-) 
  g6461/z                                 (u)     in_0->z F     unmapped_complex2      1  3.2     0    17     889    (-,-) 
  n_2500                                  -       -       -     (net)                  -    -     -     -       -    (-,-) 
  g6422/z                                 (u)     in_1->z R     unmapped_nand2         1  3.6     0    17     905    (-,-) 
  n_2272                                  -       -       -     (net)                  -    -     -     -       -    (-,-) 
  result_reg[9]/d                         <<<     -       R     unmapped_d_flop        1    -     -     0     905    (-,-) 
#--------------------------------------------------------------------------------------------------------------------------

(u) : Net has unmapped pin(s).

Capture clock path:
#------------------------------------------------------------------------------------------------
#   Timing Point    Flags   Arc   Edge      Cell        Fanout Load Trans Delay Arrival Instance 
#                                                              (fF)  (ps)  (ps)   (ps)  Location 
#------------------------------------------------------------------------------------------------
  clk               (i,u)   -     R     (arrival)           25  0.0     0     0    1149    (-,-) 
  clk               -       -     -     (net)                -    -     -     -       -    (-,-) 
  clk               -       -     -     (net)                -    -     -     -       -    (-,-) 
  result_reg[9]/clk <<<     -     R     unmapped_d_flop     25    -     1     0    1149    (-,-) 
#------------------------------------------------------------------------------------------------


