============================================================
  Generated by:           Genus(TM) Synthesis Solution 25.11-s095_1
  Generated on:           Mar 10 2026  11:24:22 pm
  Module:                 sysarr_4_input_fp_adder
  Library domain:         timing_condition_tt_1p2v_25c
    Domain index:         0
    Technology library:   NangateOpenCellLibrary revision 1.0
  Operating conditions:   typical 
  Interconnect mode:      global
  Area mode:              physical library
============================================================

Timing
--------

Analysis view  Clock Period 
----------------------------
view_1p2_25   clock1 1064.0 


  Analysis    Cost   Critical        Violating 
    View     Group  Path Slack  TNS    Paths   
-----------------------------------------------
view_1p2_25  clock1      101.4  0.0          0 
            default   No paths  0.0          0 
-----------------------------------------------
Total                          -0.0          0 
                                               

Instance Count
--------------
Leaf Instance Count             4655 
Physical Instance count            0 
Sequential Instance Count        136 
Combinational Instance Count    4519 
Hierarchical Instance Count        2 

Area
----
Cell Area                          7940.212
Physical Cell Area                 0.000
Total Cell Area (Cell+Physical)    7940.212
Net Area                           25.916
Total Area (Cell+Physical+Net)     7966.128

Power
-----
Leakage Power                      58297.954 nW
Dynamic Power                      2827925.606 nW
Total Power                        2886223.560 nW

Max Fanout                         154 (n_5316)
Min Fanout                         0 (n_858)
Average Fanout                     1.9
Terms to net ratio                 3.0522
Terms to instance ratio            3.1401
Runtime                            45.944064 seconds
Elapsed Runtime                    53 seconds
Genus peak memory usage            1747.15 
Innovus peak memory usage          no_value 
Hostname                           asicfab.ecn.purdue.edu
