============================================================
  Generated by:           Genus(TM) Synthesis Solution 25.11-s095_1
  Generated on:           Mar 11 2026  02:49:44 am
  Module:                 sysarr_4_input_fp_adder
  Library domain:         timing_condition_tt_1p2v_25c
    Domain index:         0
    Technology library:   NangateOpenCellLibrary revision 1.0
  Operating conditions:   typical 
  Interconnect mode:      global
  Area mode:              physical library
============================================================

Timing
--------

Analysis view  Clock Period 
----------------------------
view_1p2_25   clock1 1220.0 


  Analysis    Cost   Critical        Violating 
    View     Group  Path Slack  TNS    Paths   
-----------------------------------------------
view_1p2_25  clock1       17.1  0.0          0 
            default   No paths  0.0          0 
-----------------------------------------------
Total                          -0.0          0 
                                               

Instance Count
--------------
Leaf Instance Count             2077 
Physical Instance count            0 
Sequential Instance Count        136 
Combinational Instance Count    1941 
Hierarchical Instance Count        0 

Area
----
Cell Area                          3244.934
Physical Cell Area                 0.000
Total Cell Area (Cell+Physical)    3244.934
Net Area                           3060.874
Total Area (Cell+Physical+Net)     6305.808

Power
-----
Leakage Power                      72672.352 nW
Dynamic Power                      7669678.462 nW
Total Power                        7742350.814 nW

Max Fanout                         136 (clk)
Min Fanout                         0 (nRST)
Average Fanout                     2.4
Terms to net ratio                 3.3927
Terms to instance ratio            3.7848
Runtime                            42.953001 seconds
Elapsed Runtime                    48 seconds
Genus peak memory usage            1675.18 
Innovus peak memory usage          no_value 
Hostname                           asicfab.ecn.purdue.edu
