============================================================
  Generated by:           Genus(TM) Synthesis Solution 25.11-s095_1
  Generated on:           Jun 12 2026  11:43:39 pm
  Operating conditions:   typical 
  Interconnect mode:      global
  Area mode:              physical library
============================================================

                                 Leakage      Internal                          Library 
   Gate    Instances    Area    Power (nW)   Power (nW)          Library         Domain 
----------------------------------------------------------------------------------------
AND2_X1          607   645.848   15268.541    582505.642 NangateOpenCellLibrary       0 
AND2_X2           54    71.820    2804.879    148516.424 NangateOpenCellLibrary       0 
AND2_X4            8    19.152     886.697     44578.945 NangateOpenCellLibrary       0 
AND3_X1           42    55.860    1341.223     51952.360 NangateOpenCellLibrary       0 
AND3_X2           12    19.152     731.860     32622.967 NangateOpenCellLibrary       0 
AND3_X4            3     8.778     365.065     16803.475 NangateOpenCellLibrary       0 
AND4_X1           27    43.092    1076.252     22446.943 NangateOpenCellLibrary       0 
AND4_X2            2     3.724     181.993      4432.609 NangateOpenCellLibrary       0 
AND4_X4            2     6.916     167.754         0.000 NangateOpenCellLibrary       0 
AOI211_X1          3     3.990      98.645      3448.107 NangateOpenCellLibrary       0 
AOI211_X2          1     2.394      65.209      4290.274 NangateOpenCellLibrary       0 
AOI211_X4          1     2.926     114.856     14007.738 NangateOpenCellLibrary       0 
AOI21_X1         459   488.376   13105.655    559278.739 NangateOpenCellLibrary       0 
AOI21_X2          91   169.442    5607.733    237001.524 NangateOpenCellLibrary       0 
AOI21_X4          19    65.702    2432.118    100983.827 NangateOpenCellLibrary       0 
AOI221_X1         61    97.356    2111.473    142694.535 NangateOpenCellLibrary       0 
AOI221_X2          1     2.926      86.636      4728.241 NangateOpenCellLibrary       0 
AOI222_X1         16    34.048     732.498     26574.266 NangateOpenCellLibrary       0 
AOI22_X1         398   529.340   11064.254    476244.525 NangateOpenCellLibrary       0 
AOI22_X2          17    40.698    1185.275     57526.874 NangateOpenCellLibrary       0 
BUF_X1             6     4.788     131.114      6399.023 NangateOpenCellLibrary       0 
BUF_X2             2     2.128      87.090      8675.474 NangateOpenCellLibrary       0 
BUF_X4             2     3.724     178.524     14383.416 NangateOpenCellLibrary       0 
CLKBUF_X1         43    34.314     483.548     43579.655 NangateOpenCellLibrary       0 
DFFR_X1         1252  6660.640  109997.715  11017715.758 NangateOpenCellLibrary       0 
DFFR_X2           30   175.560    3904.545    230891.463 NangateOpenCellLibrary       0 
DFF_X1           148   669.256   11672.749   1498618.518 NangateOpenCellLibrary       0 
FA_X1            775  3298.400   46424.271   3813598.949 NangateOpenCellLibrary       0 
HA_X1             75   199.500    4517.931    249128.908 NangateOpenCellLibrary       0 
INV_X1          2230  1186.360   31579.362   1160904.321 NangateOpenCellLibrary       0 
INV_X16            3    13.566     692.804     41020.515 NangateOpenCellLibrary       0 
INV_X2           134   106.932    3837.904    153030.973 NangateOpenCellLibrary       0 
INV_X4            53    70.490    3035.158    137954.455 NangateOpenCellLibrary       0 
INV_X8            16    38.304    1883.450     95817.564 NangateOpenCellLibrary       0 
MUX2_X1          523   973.826   18917.613   1369101.845 NangateOpenCellLibrary       0 
MUX2_X2           11    26.334     736.903     55549.902 NangateOpenCellLibrary       0 
NAND2_X1        2241  1788.318   43454.053   1437375.611 NangateOpenCellLibrary       0 
NAND2_X2         304   404.320   14334.066    524953.944 NangateOpenCellLibrary       0 
NAND2_X4          95   227.430    9502.524    312541.276 NangateOpenCellLibrary       0 
NAND3_X1         135   143.640    4125.263     87540.808 NangateOpenCellLibrary       0 
NAND3_X2          21    39.102    1346.786     49108.664 NangateOpenCellLibrary       0 
NAND3_X4           1     3.458     150.137      7134.969 NangateOpenCellLibrary       0 
NAND4_X1         100   133.000    2850.656     36115.296 NangateOpenCellLibrary       0 
NAND4_X2           2     4.788     198.776      8087.443 NangateOpenCellLibrary       0 
NAND4_X4           2     9.576     130.433      7164.315 NangateOpenCellLibrary       0 
NOR2_X1         1509  1204.182   33457.812    851311.516 NangateOpenCellLibrary       0 
NOR2_X2          156   207.480    6717.026    227581.884 NangateOpenCellLibrary       0 
NOR2_X4           90   215.460    7513.877    292052.617 NangateOpenCellLibrary       0 
NOR3_X1           75    79.800    2169.597     44206.846 NangateOpenCellLibrary       0 
NOR3_X2            7    13.034     387.247      8972.694 NangateOpenCellLibrary       0 
NOR3_X4            1     3.724     113.987      3698.974 NangateOpenCellLibrary       0 
NOR4_X1          100   133.000    3434.767     36557.373 NangateOpenCellLibrary       0 
NOR4_X2            2     4.788     129.454      6357.227 NangateOpenCellLibrary       0 
OAI211_X1         42    55.860    1403.480     46508.300 NangateOpenCellLibrary       0 
OAI211_X2          4     9.576     233.991     12318.320 NangateOpenCellLibrary       0 
OAI21_X1         598   636.272   16524.520    689018.179 NangateOpenCellLibrary       0 
OAI21_X2          97   180.614    5225.304    235025.218 NangateOpenCellLibrary       0 
OAI21_X4          24    82.992    2598.079    130114.478 NangateOpenCellLibrary       0 
OAI221_X1         35    55.860    1617.999     56773.592 NangateOpenCellLibrary       0 
OAI221_X4          1     3.458     122.805      5468.187 NangateOpenCellLibrary       0 
OAI222_X1         27    57.456    1471.768     53537.511 NangateOpenCellLibrary       0 
OAI22_X1         450   598.500   19327.991    497217.459 NangateOpenCellLibrary       0 
OAI22_X2           4     9.576     246.871     10203.203 NangateOpenCellLibrary       0 
OAI33_X1           1     1.862      42.078      1940.707 NangateOpenCellLibrary       0 
OR2_X1           481   511.784   11070.177    631682.828 NangateOpenCellLibrary       0 
OR2_X2             7     9.310     318.648     15504.100 NangateOpenCellLibrary       0 
OR2_X4             1     2.394      90.918      7870.801 NangateOpenCellLibrary       0 
OR3_X1            26    34.580     689.966     35181.752 NangateOpenCellLibrary       0 
OR3_X4             1     2.926     118.113         0.000 NangateOpenCellLibrary       0 
OR4_X1            78   124.488    2203.573     30001.026 NangateOpenCellLibrary       0 
SDFFR_X1         234  1556.100   24957.724   3414819.101 NangateOpenCellLibrary       0 
SDFFR_X2          14    96.824    2037.045    279952.968 NangateOpenCellLibrary       0 
SDFF_X1            1     6.118      98.570     10818.397 NangateOpenCellLibrary       0 
XNOR2_X1         543   866.628   21495.328   1060250.389 NangateOpenCellLibrary       0 
XNOR2_X2          62   164.920    4530.944    330450.943 NangateOpenCellLibrary       0 
XOR2_X1          178   284.088    6661.508    361197.449 NangateOpenCellLibrary       0 
XOR2_X2            5    11.970     362.307     28350.411 NangateOpenCellLibrary       0 
----------------------------------------------------------------------------------------
total          14882 25754.918  550975.467  34311975.530                                
                                            Leakage  Leakage   Internal   Internal 
     Type      Instances    Area   Area % Power (nW) Power %  Power (nW)   Power % 
-----------------------------------------------------------------------------------
sequential          1679  9164.498   35.6 152668.348    27.7 16452816.204     48.0 
inverter            2436  1415.652    5.5  41028.678     7.4  1588727.827      4.6 
buffer                53    44.954    0.2    880.276     0.2    73037.567      0.2 
logic              10714 15129.814   58.7 356398.165    64.7 16197393.931     47.2 
physical_cells         0     0.000    0.0      0.000     0.0        0.000      0.0 
-----------------------------------------------------------------------------------
total              14882 25754.918  100.0 550975.467   100.0 34311975.530    100.0 
