============================================================
  Generated by:           Genus(TM) Synthesis Solution 25.11-s095_1
  Generated on:           Mar 11 2026  09:25:47 am
  Module:                 sysarr_n_input_fp_adder_noretime
  Library domain:         timing_condition_tt_1p2v_25c
    Domain index:         0
    Technology library:   NangateOpenCellLibrary revision 1.0
  Operating conditions:   typical 
  Interconnect mode:      global
  Area mode:              physical library
============================================================

Timing
--------

Analysis view  Clock Period 
----------------------------
view_1p2_25   clock1 1111.0 


  Analysis    Cost   Critical           Violating 
    View     Group  Path Slack   TNS      Paths   
--------------------------------------------------
view_1p2_25  clock1      -57.8 -2527.6         51 
            default   No paths     0.0          0 
--------------------------------------------------
Total                          -2527.6         51 
                                                  

Instance Count
--------------
Leaf Instance Count             6253 
Physical Instance count            0 
Sequential Instance Count        139 
Combinational Instance Count    6114 
Hierarchical Instance Count        0 

Area
----
Cell Area                          7622.496
Physical Cell Area                 0.000
Total Cell Area (Cell+Physical)    7622.496
Net Area                           7732.228
Total Area (Cell+Physical+Net)     15354.724

Power
-----
Leakage Power                      206004.518 nW
Dynamic Power                      23341676.261 nW
Total Power                        23547680.778 nW

Max Fanout                         139 (clk)
Min Fanout                         0 (n_4877)
Average Fanout                     2.0
Terms to net ratio                 2.9593
Terms to instance ratio            3.1017
Runtime                            43.881586 seconds
Elapsed Runtime                    49 seconds
Genus peak memory usage            1717.65 
Innovus peak memory usage          no_value 
Hostname                           asicfab.ecn.purdue.edu
