============================================================
  Generated by:           Genus(TM) Synthesis Solution 25.11-s095_1
  Generated on:           Mar 11 2026  09:25:52 am
  Module:                 sysarr_n_input_fp_adder_noretime
  Operating conditions:   typical 
  Interconnect mode:      global
  Area mode:              physical library
============================================================


Path 1: VIOLATED (-58 ps) Setup Check with Pin st1_carry_vec_reg[5]/CK->D
           View: view_1p2_25
          Group: clock1
     Startpoint: (F) in_data[4][28]
          Clock: (R) clock1
       Endpoint: (F) st1_carry_vec_reg[5]/D
          Clock: (R) clock1

                     Capture       Launch     
        Clock Edge:+    1111            0     
        Drv Adjust:+       0            0     
       Src Latency:+       0            0     
       Net Latency:+       0 (I)        0 (I) 
           Arrival:=    1111            0     
                                              
             Setup:-      39                  
       Uncertainty:-       0                  
     Required Time:=    1072                  
      Launch Clock:-       0                  
       Input Delay:-       1                  
         Data Path:-    1129                  
             Slack:=     -58                  

Exceptions/Constraints:
  input_delay              1              sysarr_n_input_fp_ad_line_21_132_1   

#------------------------------------------------------------------------------------------------
#     Timing Point       Flags    Arc   Edge   Cell     Fanout Load Trans Delay Arrival Instance 
#                                                              (fF)  (ps)  (ps)   (ps)  Location 
#------------------------------------------------------------------------------------------------
  in_data[4][28]         -       -      F     (arrival)      8 28.9     0     0       1    (-,-) 
  in_data[4][28]         -       -      -     (net)          -    -     -     -       -    (-,-) 
  g110202__6417/ZN       -       B2->ZN R     AOI22_X4       1  7.1    25    42      44    (-,-) 
  n_5177                 -       -      -     (net)          -    -     -     -       -    (-,-) 
  g110075__2883/ZN       -       A1->ZN F     NOR2_X4        1  5.9     8    10      54    (-,-) 
  n_5297                 -       -      -     (net)          -    -     -     -       -    (-,-) 
  g110008__5107/ZN       -       A1->ZN R     NOR2_X4        1  3.8    12    19      72    (-,-) 
  n_5336                 -       -      -     (net)          -    -     -     -       -    (-,-) 
  g109975__6417/ZN       -       A2->ZN F     NAND2_X2       1  5.9    10    17      90    (-,-) 
  n_5367                 -       -      -     (net)          -    -     -     -       -    (-,-) 
  g109948__5107/ZN       -       B1->ZN R     OAI21_X4       1  6.3    18    26     116    (-,-) 
  n_5392                 -       -      -     (net)          -    -     -     -       -    (-,-) 
  g109943__1666/ZN       -       A1->ZN F     NAND2_X4       4 14.6    11    20     136    (-,-) 
  n_5402                 -       -      -     (net)          -    -     -     -       -    (-,-) 
  g109919__5122/ZN       -       A1->ZN R     NAND2_X2       3  7.4    14    21     157    (-,-) 
  n_5418                 -       -      -     (net)          -    -     -     -       -    (-,-) 
  g109903/Z              -       A->Z   R     BUF_X4         4 11.7    10    26     183    (-,-) 
  n_5420                 -       -      -     (net)          -    -     -     -       -    (-,-) 
  g109855__9315/ZN       -       A1->ZN F     NAND2_X2       1  6.8    11    17     199    (-,-) 
  n_5460                 -       -      -     (net)          -    -     -     -       -    (-,-) 
  g109800__6131/ZN       -       A3->ZN R     NAND3_X4       5  9.3    13    23     222    (-,-) 
  n_4913                 -       -      -     (net)          -    -     -     -       -    (-,-) 
  g109759__2346/ZN       -       A1->ZN F     NOR2_X1        1  1.9    10    10     232    (-,-) 
  n_5527                 -       -      -     (net)          -    -     -     -       -    (-,-) 
  g109735__4319/ZN       -       A2->ZN R     NOR2_X1        1  3.3    23    37     269    (-,-) 
  n_5550                 -       -      -     (net)          -    -     -     -       -    (-,-) 
  g109696__6783/ZN       -       A1->ZN F     NAND3_X2       1  6.5    16    27     296    (-,-) 
  n_5574                 -       -      -     (net)          -    -     -     -       -    (-,-) 
  g109688__5477/ZN       -       A1->ZN R     NAND3_X4       1  6.3    12    20     316    (-,-) 
  n_5583                 -       -      -     (net)          -    -     -     -       -    (-,-) 
  g109686__7410/ZN       -       A1->ZN F     NAND2_X4       5 13.6    10    17     333    (-,-) 
  n_5586                 -       -      -     (net)          -    -     -     -       -    (-,-) 
  g109679__6161/ZN       -       A1->ZN F     AND2_X4        2  7.7     6    28     361    (-,-) 
  n_5593                 -       -      -     (net)          -    -     -     -       -    (-,-) 
  g109669__7098/ZN       -       A1->ZN R     NAND2_X4       2 12.5    13    17     378    (-,-) 
  n_5601                 -       -      -     (net)          -    -     -     -       -    (-,-) 
  g109666__1705/ZN       -       A1->ZN F     NAND2_X4       3 13.0    10    17     395    (-,-) 
  n_5641                 -       -      -     (net)          -    -     -     -       -    (-,-) 
  g109656__5107/ZN       -       A1->ZN R     NAND2_X4       6 18.3    16    22     417    (-,-) 
  max_exp[1]             -       -      -     (net)          -    -     -     -       -    (-,-) 
  g186321/ZN             -       A1->ZN F     NAND2_X2       5 13.0    15    26     443    (-,-) 
  n_660                  -       -      -     (net)          -    -     -     -       -    (-,-) 
  g186160/ZN             -       A1->ZN R     NAND2_X2       1  3.4    10    18     461    (-,-) 
  n_747                  -       -      -     (net)          -    -     -     -       -    (-,-) 
  g186056/ZN             -       A1->ZN F     NAND2_X2       1  5.9     9    16     476    (-,-) 
  n_824                  -       -      -     (net)          -    -     -     -       -    (-,-) 
  g185960/ZN             -       A2->ZN R     NAND2_X4       5 28.1    21    30     506    (-,-) 
  n_145                  -       -      -     (net)          -    -     -     -       -    (-,-) 
  g185916/ZN             -       A->ZN  F     INV_X8         4 21.7     8    13     519    (-,-) 
  n_923                  -       -      -     (net)          -    -     -     -       -    (-,-) 
  g185922/ZN             -       A->ZN  R     INV_X2         6 12.9    17    24     543    (-,-) 
  n_144                  -       -      -     (net)          -    -     -     -       -    (-,-) 
  g185012/ZN             -       A1->ZN F     NAND2_X1       1  1.8    10    15     559    (-,-) 
  n_1501                 -       -      -     (net)          -    -     -     -       -    (-,-) 
  g184035/ZN             -       A->ZN  R     OAI21_X1       1  2.0    20    21     580    (-,-) 
  n_2233                 -       -      -     (net)          -    -     -     -       -    (-,-) 
  g183823/ZN             -       A2->ZN F     NAND2_X1       2  7.6    17    29     609    (-,-) 
  n_2480                 -       -      -     (net)          -    -     -     -       -    (-,-) 
  g183563/ZN             -       A2->ZN R     NAND2_X4       1  3.2     9    19     628    (-,-) 
  n_2613                 -       -      -     (net)          -    -     -     -       -    (-,-) 
  g183142/ZN             -       A1->ZN F     NAND4_X2       1  4.1    18    25     653    (-,-) 
  n_3016                 -       -      -     (net)          -    -     -     -       -    (-,-) 
  g182837/ZN             -       A->ZN  F     XNOR2_X2       2  8.1    15    45     698    (-,-) 
  n_3340                 -       -      -     (net)          -    -     -     -       -    (-,-) 
  g182627/ZN             -       A->ZN  F     XNOR2_X2       3 10.7    17    47     745    (-,-) 
  n_3505                 -       -      -     (net)          -    -     -     -       -    (-,-) 
  g182540/ZN             -       A1->ZN R     NOR2_X4        2  5.5    14    25     770    (-,-) 
  n_3592                 -       -      -     (net)          -    -     -     -       -    (-,-) 
  g182520/ZN             -       A->ZN  F     INV_X2         1  6.0     6    11     782    (-,-) 
  n_3593                 -       -      -     (net)          -    -     -     -       -    (-,-) 
  g182442/ZN             -       A1->ZN R     NAND2_X4       3  7.3    10    14     795    (-,-) 
  n_3683                 -       -      -     (net)          -    -     -     -       -    (-,-) 
  g182354/ZN             -       A2->ZN F     NAND2_X1       2  3.5    10    18     813    (-,-) 
  n_3752                 -       -      -     (net)          -    -     -     -       -    (-,-) 
  g182268/ZN             -       A1->ZN R     NAND2_X1       1  6.5    21    27     840    (-,-) 
  n_3804                 -       -      -     (net)          -    -     -     -       -    (-,-) 
  g182219/ZN             -       A2->ZN F     NAND2_X4       3 13.0    10    20     860    (-,-) 
  n_3873                 -       -      -     (net)          -    -     -     -       -    (-,-) 
  g181946/ZN             -       A2->ZN R     NAND2_X2       1  6.5    13    21     881    (-,-) 
  n_4098                 -       -      -     (net)          -    -     -     -       -    (-,-) 
  g181907/ZN             -       A->ZN  F     OAI21_X4       6 11.1    14    22     903    (-,-) 
  n_4158                 -       -      -     (net)          -    -     -     -       -    (-,-) 
  g181767/ZN             -       B1->ZN R     AOI21_X1       1  3.8    32    39     942    (-,-) 
  n_4265                 -       -      -     (net)          -    -     -     -       -    (-,-) 
  g181673/ZN             -       A2->ZN F     NAND2_X2       2  6.5    12    22     964    (-,-) 
  n_4363                 -       -      -     (net)          -    -     -     -       -    (-,-) 
  g181580__5477/ZN       -       A2->ZN R     NAND2_X2       1  4.3    11    19     984    (-,-) 
  n_4418                 -       -      -     (net)          -    -     -     -       -    (-,-) 
  g181347__7410/ZN       -       A->ZN  R     XNOR2_X2       3 10.1    34    45    1028    (-,-) 
  n_4643                 -       -      -     (net)          -    -     -     -       -    (-,-) 
  g181170__4319/ZN       -       A1->ZN F     NAND2_X1       1  3.2    14    22    1051    (-,-) 
  n_4794                 -       -      -     (net)          -    -     -     -       -    (-,-) 
  g181151__6131/ZN       -       A1->ZN R     NAND2_X2       2  5.3    12    20    1071    (-,-) 
  n_4819                 -       -      -     (net)          -    -     -     -       -    (-,-) 
  g181104__1666/ZN       -       A1->ZN F     NAND2_X2       2  4.9     9    15    1086    (-,-) 
  n_4849                 -       -      -     (net)          -    -     -     -       -    (-,-) 
  g181095/ZN             -       A->ZN  R     INV_X2         1  3.4     7    13    1099    (-,-) 
  n_4850                 -       -      -     (net)          -    -     -     -       -    (-,-) 
  g181084__7098/ZN       -       A1->ZN F     NAND2_X2       2  4.9     9    14    1112    (-,-) 
  n_4860                 -       -      -     (net)          -    -     -     -       -    (-,-) 
  g181076/ZN             -       A->ZN  R     INV_X2         1  2.0     6    11    1123    (-,-) 
  n_4861                 -       -      -     (net)          -    -     -     -       -    (-,-) 
  g181049__2883/ZN       -       A1->ZN F     NOR2_X1        1  1.4     5     7    1130    (-,-) 
  n_4875                 -       -      -     (net)          -    -     -     -       -    (-,-) 
  st1_carry_vec_reg[5]/D <<<     -      F     DFFR_X1        1    -     -     0    1130    (-,-) 
#------------------------------------------------------------------------------------------------

Capture clock path:
#------------------------------------------------------------------------------------------------
#      Timing Point       Flags   Arc   Edge   Cell     Fanout Load Trans Delay Arrival Instance 
#                                                              (fF)  (ps)  (ps)   (ps)  Location 
#------------------------------------------------------------------------------------------------
  clk                     (i)     -     R     (arrival)    139  0.0     0     0    1111    (-,-) 
  clk                     -       -     -     (net)          -    -     -     -       -    (-,-) 
  clk                     -       -     -     (net)          -    -     -     -       -    (-,-) 
  st1_carry_vec_reg[5]/CK <<<     -     R     DFFR_X1      139    -     1     0    1111    (-,-) 
#------------------------------------------------------------------------------------------------


