============================================================
  Generated by:           Genus(TM) Synthesis Solution 25.11-s095_1
  Generated on:           May 27 2026  02:05:05 am
  Operating conditions:   typical 
  Interconnect mode:      global
  Area mode:              physical library
============================================================

                                 Leakage      Internal                          Library 
   Gate    Instances    Area    Power (nW)   Power (nW)          Library         Domain 
----------------------------------------------------------------------------------------
AND2_X1          846   900.144   22406.016   1181899.126 NangateOpenCellLibrary       0 
AND2_X2           92   122.360    4867.726    336431.800 NangateOpenCellLibrary       0 
AND2_X4           23    55.062    2414.521    127172.593 NangateOpenCellLibrary       0 
AND3_X1           37    49.210    1068.836     45873.475 NangateOpenCellLibrary       0 
AND3_X2           11    17.556     652.840     33252.876 NangateOpenCellLibrary       0 
AND3_X4           10    29.260    1502.328     43628.222 NangateOpenCellLibrary       0 
AND4_X1            8    12.768     240.656      9162.669 NangateOpenCellLibrary       0 
AND4_X2            2     3.724      97.494       862.975 NangateOpenCellLibrary       0 
AND4_X4            4    13.832     445.107     15780.003 NangateOpenCellLibrary       0 
AOI211_X1         12    15.960     412.596     16484.339 NangateOpenCellLibrary       0 
AOI211_X2          1     2.394      65.783      3131.796 NangateOpenCellLibrary       0 
AOI21_X1         549   584.136   13762.873    664446.204 NangateOpenCellLibrary       0 
AOI21_X2         134   249.508    7329.676    375167.834 NangateOpenCellLibrary       0 
AOI21_X4          42   145.236    4767.761    250461.225 NangateOpenCellLibrary       0 
AOI221_X1         69   110.124    2860.267    132143.963 NangateOpenCellLibrary       0 
AOI221_X2          5    14.630     430.142     22870.063 NangateOpenCellLibrary       0 
AOI222_X1         37    78.736    1557.446    108900.085 NangateOpenCellLibrary       0 
AOI222_X2          8    29.792     765.208     47977.153 NangateOpenCellLibrary       0 
AOI22_X1         531   706.230   14906.240    614029.957 NangateOpenCellLibrary       0 
AOI22_X2          55   131.670    3376.828    172362.749 NangateOpenCellLibrary       0 
AOI22_X4           8    36.176    1070.795     34210.026 NangateOpenCellLibrary       0 
BUF_X1            24    19.152     514.988     52549.709 NangateOpenCellLibrary       0 
BUF_X2            14    14.896     587.406     40910.685 NangateOpenCellLibrary       0 
BUF_X4             9    16.758     768.040     56799.759 NangateOpenCellLibrary       0 
BUF_X8             2     6.916     327.546      3719.801 NangateOpenCellLibrary       0 
CLKBUF_X1         57    45.486     648.714     70416.903 NangateOpenCellLibrary       0 
CLKBUF_X2          7     7.448     162.790     22580.457 NangateOpenCellLibrary       0 
CLKBUF_X3          1     1.330      30.798      5270.817 NangateOpenCellLibrary       0 
DFFR_X1         1241  6602.120  109381.371  10570055.292 NangateOpenCellLibrary       0 
DFFR_X2           14    81.928    1824.899     93487.752 NangateOpenCellLibrary       0 
DFF_X1           136   614.992   10720.700   1513536.590 NangateOpenCellLibrary       0 
FA_X1             39   165.984    2550.097    223531.448 NangateOpenCellLibrary       0 
HA_X1             33    87.780    2038.072    130379.507 NangateOpenCellLibrary       0 
INV_X1          3888  2068.416   55445.115   2416976.869 NangateOpenCellLibrary       0 
INV_X16            4    18.088     897.671     46350.659 NangateOpenCellLibrary       0 
INV_X2           375   299.250   10739.343    529073.502 NangateOpenCellLibrary       0 
INV_X4            95   126.350    5542.358    246730.360 NangateOpenCellLibrary       0 
INV_X8            39    93.366    4541.213    191888.457 NangateOpenCellLibrary       0 
MUX2_X1          401   746.662   14638.573   1101124.728 NangateOpenCellLibrary       0 
MUX2_X2           28    67.032    1954.458    176491.011 NangateOpenCellLibrary       0 
NAND2_X1        5566  4441.668  109812.925   4645734.578 NangateOpenCellLibrary       0 
NAND2_X2         591   786.030   27158.583   1184088.401 NangateOpenCellLibrary       0 
NAND2_X4         223   533.862   24668.157    854503.563 NangateOpenCellLibrary       0 
NAND3_X1         253   269.192    6292.529    240961.824 NangateOpenCellLibrary       0 
NAND3_X2          69   128.478    4768.950    152293.165 NangateOpenCellLibrary       0 
NAND3_X4          10    34.580    1848.581     40019.446 NangateOpenCellLibrary       0 
NAND4_X1         113   150.290    3296.650     76220.123 NangateOpenCellLibrary       0 
NAND4_X2           4     9.576     350.951     11317.883 NangateOpenCellLibrary       0 
NAND4_X4           4    19.152     664.267     37101.195 NangateOpenCellLibrary       0 
NOR2_X1         1876  1497.048   41121.583   1249296.467 NangateOpenCellLibrary       0 
NOR2_X2          190   252.700    7995.476    349833.100 NangateOpenCellLibrary       0 
NOR2_X4          213   509.922   17253.134    782045.983 NangateOpenCellLibrary       0 
NOR3_X1           85    90.440    2428.541     28268.718 NangateOpenCellLibrary       0 
NOR3_X2            8    14.896     467.827     14823.003 NangateOpenCellLibrary       0 
NOR3_X4            2     7.448     200.447     16098.483 NangateOpenCellLibrary       0 
NOR4_X1          103   136.990    3542.838     27218.769 NangateOpenCellLibrary       0 
NOR4_X2            3     7.182     262.091         0.000 NangateOpenCellLibrary       0 
NOR4_X4            2     9.576     349.303         0.000 NangateOpenCellLibrary       0 
OAI211_X1         59    78.470    2244.385     80607.213 NangateOpenCellLibrary       0 
OAI211_X2          8    19.152     437.050     24028.153 NangateOpenCellLibrary       0 
OAI21_X1        1212  1289.568   30679.231   1514337.651 NangateOpenCellLibrary       0 
OAI21_X2         238   443.156   13484.078    789300.297 NangateOpenCellLibrary       0 
OAI21_X4          30   103.740    3546.755    162221.754 NangateOpenCellLibrary       0 
OAI221_X1         31    49.476    1428.599     44731.777 NangateOpenCellLibrary       0 
OAI221_X2          3     8.778     277.649     14437.361 NangateOpenCellLibrary       0 
OAI222_X1         26    55.328    1680.449     62456.668 NangateOpenCellLibrary       0 
OAI222_X2          5    18.620     664.206     28296.376 NangateOpenCellLibrary       0 
OAI22_X1         383   509.390   16695.747    437718.655 NangateOpenCellLibrary       0 
OAI22_X2          23    55.062    1775.189     66106.558 NangateOpenCellLibrary       0 
OAI22_X4           3    13.566     397.517     10519.461 NangateOpenCellLibrary       0 
OR2_X1           365   388.360    8524.412    444322.489 NangateOpenCellLibrary       0 
OR2_X2            86   114.380    3971.392    281928.480 NangateOpenCellLibrary       0 
OR2_X4             5    11.970     451.321     34190.300 NangateOpenCellLibrary       0 
OR3_X1            56    74.480    1403.404     29935.435 NangateOpenCellLibrary       0 
OR3_X2             5     7.980     244.502     13006.352 NangateOpenCellLibrary       0 
OR4_X1            57    90.972    1578.115     15508.323 NangateOpenCellLibrary       0 
SDFFR_X1         207  1376.550   22401.892   2467229.450 NangateOpenCellLibrary       0 
SDFFR_X2           4    27.664     581.450     52779.387 NangateOpenCellLibrary       0 
XNOR2_X1         858  1369.368   32232.688   2126510.215 NangateOpenCellLibrary       0 
XNOR2_X2         578  1537.480   42750.309   3211010.262 NangateOpenCellLibrary       0 
XOR2_X1          203   323.988    6593.873    605046.215 NangateOpenCellLibrary       0 
XOR2_X2           97   232.218    6557.521    591122.922 NangateOpenCellLibrary       0 
----------------------------------------------------------------------------------------
total          22748 31491.208  761399.855  44545299.890                                
                                            Leakage  Leakage   Internal   Internal 
     Type      Instances    Area   Area % Power (nW) Power %  Power (nW)   Power % 
-----------------------------------------------------------------------------------
sequential          1602  8703.254   27.6 144910.312    19.0 14697088.471     33.0 
inverter            4401  2605.470    8.3  77165.700    10.1  3431019.847      7.7 
buffer               114   111.986    0.4   3040.282     0.4   252248.132      0.6 
logic              16631 20070.498   63.7 536283.560    70.4 26164943.441     58.7 
physical_cells         0     0.000    0.0      0.000     0.0        0.000      0.0 
-----------------------------------------------------------------------------------
total              22748 31491.208  100.0 761399.855   100.0 44545299.890    100.0 
