Command: report datapath reports/syn_generic/area.datapath.rpt
Warning: '-sort' is not specified. By default, 'report datapath' orders the components based on instance name
============================================================
  Generated by:           Genus(TM) Synthesis Solution 25.11-s095_1
  Generated on:           Jan 26 2026  06:31:39 pm
  Module:                 mul_fp16
  Library domain:         timing_condition_tt_1p2v_25c
    Domain index:         0
    Technology libraries: MITLL90_STDLIB_8T.tt1p2v25c 1.0
                          MITLL90_IOPads_5_1_1.tt1p2v25c 1.0
  Operating conditions:   PVT_1P2V_25C 
  Interconnect mode:      global
  Area mode:              physical library
============================================================



Inferred components

                            Operator Signedness          Architecture                    Inputs    Outputs        CellArea LogicLevels 
=======================================================================================================================================
mul_fp16/mul_cor
wallaca_add_180_39 module:add_unsigned_375 
                                   +   unsigned             very_fast                     15x16         16         1285.81          12 
=======================================================================================================================================
Type              CellArea  Percentage
--------------------------------------
datapath modules   1285.81        9.79
external muxes        0.00        0.00
others            11846.75       90.21
--------------------------------------
total             13132.56      100.00
