============================================================
  Generated by:           Genus(TM) Synthesis Solution 25.11-s095_1
  Generated on:           Mar 11 2026  09:32:23 am
  Module:                 sysarr_n_input_fp_adder_noretime
  Operating conditions:   typical 
  Interconnect mode:      global
  Area mode:              physical library
============================================================

# SETUP                  WNS   TNS    FEP 
# ------------------------------------------
 View: ALL               0.0   0.0      0 
    Group : in2out       N/A   N/A    N/A 
    Group : in2reg       0.0   0.0      0 
    Group : reg2out   1014.3   0.0      0 
    Group : reg2reg      0.0   0.0      0 

 View: view_1p2_25       0.0  -0.0      0 
    Group : in2out       N/A   N/A    N/A 
    Group : in2reg       0.0   0.0      0 
    Group : reg2out   1014.3   0.0      0 
    Group : reg2reg      0.0   0.0      0 

# ------------------------------------------
# DRV                        WNS  TNS  FEP 
# -------------------------------------------
 View: ALL                                 
    Check: max_transition    N/A  N/A    0 
    Check: max_capacitance   N/A  N/A    0 
    Check: max_fanout        N/A  N/A    0 

 View: view_1p2_25                         
    Check: max_transition    N/A  N/A    0 
    Check: max_capacitance   N/A  N/A    0 
    Check: max_fanout        N/A  N/A    0 

# -------------------------------------------
