============================================================
  Generated by:           Genus(TM) Synthesis Solution 25.11-s095_1
  Generated on:           May 26 2026  07:17:02 pm
  Operating conditions:   typical 
  Interconnect mode:      global
  Area mode:              physical library
============================================================

                                 Leakage      Internal                          Library 
   Gate    Instances    Area    Power (nW)   Power (nW)          Library         Domain 
----------------------------------------------------------------------------------------
AND2_X1          834   887.376   22070.372   1167275.543 NangateOpenCellLibrary       0 
AND2_X2          105   139.650    5423.729    358548.762 NangateOpenCellLibrary       0 
AND2_X4           15    35.910    1585.324     82404.445 NangateOpenCellLibrary       0 
AND3_X1           37    49.210    1105.071     47392.443 NangateOpenCellLibrary       0 
AND3_X2           13    20.748     791.610     50121.950 NangateOpenCellLibrary       0 
AND3_X4            8    23.408    1131.188     20441.871 NangateOpenCellLibrary       0 
AND4_X1            9    14.364     265.458      9743.926 NangateOpenCellLibrary       0 
AND4_X2            3     5.586     179.395      4684.076 NangateOpenCellLibrary       0 
AOI211_X1         11    14.630     373.723     10962.639 NangateOpenCellLibrary       0 
AOI21_X1         580   617.120   14571.213    706856.811 NangateOpenCellLibrary       0 
AOI21_X2         117   217.854    6407.383    313043.354 NangateOpenCellLibrary       0 
AOI21_X4          29   100.282    3393.059    151145.376 NangateOpenCellLibrary       0 
AOI221_X1         53    84.588    2202.175    103863.117 NangateOpenCellLibrary       0 
AOI221_X2         18    52.668    1553.543     74718.673 NangateOpenCellLibrary       0 
AOI222_X1         40    85.120    1695.906    116375.183 NangateOpenCellLibrary       0 
AOI222_X2          6    22.344     544.858     35911.664 NangateOpenCellLibrary       0 
AOI222_X4          2     7.448     269.381     27044.376 NangateOpenCellLibrary       0 
AOI22_X1         555   738.150   15515.634    642923.188 NangateOpenCellLibrary       0 
AOI22_X2          40    95.760    2247.380    121569.549 NangateOpenCellLibrary       0 
AOI22_X4           4    18.088     519.371     12815.478 NangateOpenCellLibrary       0 
BUF_X1            25    19.950     541.727     53972.847 NangateOpenCellLibrary       0 
BUF_X2            16    17.024     691.738     42254.077 NangateOpenCellLibrary       0 
BUF_X4             6    11.172     515.381     38744.641 NangateOpenCellLibrary       0 
CLKBUF_X1         47    37.506     528.603     58837.238 NangateOpenCellLibrary       0 
CLKBUF_X2          6     6.384     135.088     21773.702 NangateOpenCellLibrary       0 
CLKBUF_X3          1     1.330      30.558      5259.396 NangateOpenCellLibrary       0 
DFFR_X1         1251  6655.320  110262.396  10633762.279 NangateOpenCellLibrary       0 
DFFR_X2           13    76.076    1694.549     86791.778 NangateOpenCellLibrary       0 
DFF_X1           136   614.992   10720.318   1519359.533 NangateOpenCellLibrary       0 
FA_X1             49   208.544    3245.689    285067.656 NangateOpenCellLibrary       0 
HA_X1             37    98.420    2300.900    154348.977 NangateOpenCellLibrary       0 
INV_X1          3960  2106.720   56410.958   2495267.526 NangateOpenCellLibrary       0 
INV_X2           342   272.916    9818.349    505192.820 NangateOpenCellLibrary       0 
INV_X4           104   138.320    5936.997    266350.299 NangateOpenCellLibrary       0 
INV_X8            28    67.032    3284.919    110475.834 NangateOpenCellLibrary       0 
MUX2_X1          400   744.800   14609.833   1118587.828 NangateOpenCellLibrary       0 
MUX2_X2           27    64.638    1883.831    159471.213 NangateOpenCellLibrary       0 
NAND2_X1        5694  4543.812  112831.548   4800898.040 NangateOpenCellLibrary       0 
NAND2_X2         565   751.450   26056.456   1183705.510 NangateOpenCellLibrary       0 
NAND2_X4         206   493.164   23175.537    783148.821 NangateOpenCellLibrary       0 
NAND3_X1         296   314.944    7224.315    304272.532 NangateOpenCellLibrary       0 
NAND3_X2          61   113.582    4453.713    143396.910 NangateOpenCellLibrary       0 
NAND3_X4          15    51.870    2291.894     65833.586 NangateOpenCellLibrary       0 
NAND4_X1         115   152.950    3304.555     89095.336 NangateOpenCellLibrary       0 
NAND4_X2           4     9.576     404.751     11093.912 NangateOpenCellLibrary       0 
NAND4_X4           7    33.516     689.472     37075.687 NangateOpenCellLibrary       0 
NOR2_X1         1875  1496.250   41008.474   1256054.234 NangateOpenCellLibrary       0 
NOR2_X2          203   269.990    8597.057    355897.384 NangateOpenCellLibrary       0 
NOR2_X4          204   488.376   16606.104    746357.230 NangateOpenCellLibrary       0 
NOR3_X1           82    87.248    2359.238     23061.741 NangateOpenCellLibrary       0 
NOR3_X2            5     9.310     255.660     13369.542 NangateOpenCellLibrary       0 
NOR3_X4            2     7.448     209.712     14074.436 NangateOpenCellLibrary       0 
NOR4_X1          107   142.310    3722.170     26984.299 NangateOpenCellLibrary       0 
NOR4_X2            1     2.394      87.326         0.000 NangateOpenCellLibrary       0 
OAI211_X1         62    82.460    2274.929     77203.261 NangateOpenCellLibrary       0 
OAI211_X2          7    16.758     481.735     27110.839 NangateOpenCellLibrary       0 
OAI21_X1        1226  1304.464   31448.599   1529246.291 NangateOpenCellLibrary       0 
OAI21_X2         201   374.262   11355.869    649663.614 NangateOpenCellLibrary       0 
OAI21_X4          35   121.030    4064.342    208365.058 NangateOpenCellLibrary       0 
OAI221_X1         22    35.112    1099.099     28817.749 NangateOpenCellLibrary       0 
OAI222_X1         22    46.816    1425.887     50622.210 NangateOpenCellLibrary       0 
OAI222_X2          6    22.344     792.282     35307.566 NangateOpenCellLibrary       0 
OAI22_X1         385   512.050   16737.576    434454.769 NangateOpenCellLibrary       0 
OAI22_X2          12    28.728     872.913     39992.354 NangateOpenCellLibrary       0 
OAI22_X4           1     4.522     127.871      9969.667 NangateOpenCellLibrary       0 
OR2_X1           355   377.720    8255.331    421790.137 NangateOpenCellLibrary       0 
OR2_X2            85   113.050    3914.041    271118.362 NangateOpenCellLibrary       0 
OR2_X4             4     9.576     377.536     30612.507 NangateOpenCellLibrary       0 
OR3_X1            59    78.470    1478.029     34863.772 NangateOpenCellLibrary       0 
OR4_X1            64   102.144    1794.781     16051.162 NangateOpenCellLibrary       0 
OR4_X2             1     1.862      50.175      3419.462 NangateOpenCellLibrary       0 
SDFFR_X1         199  1323.350   21517.389   2334843.157 NangateOpenCellLibrary       0 
SDFFR_X2           3    20.748     431.847     41304.191 NangateOpenCellLibrary       0 
XNOR2_X1         916  1461.936   34345.285   2308238.679 NangateOpenCellLibrary       0 
XNOR2_X2         500  1330.000   37038.011   2788575.324 NangateOpenCellLibrary       0 
XOR2_X1          205   327.180    6719.372    581756.695 NangateOpenCellLibrary       0 
XOR2_X2           77   184.338    5100.717    465545.211 NangateOpenCellLibrary       0 
----------------------------------------------------------------------------------------
total          22816 31218.558  749439.206  43856551.305                                
                                            Leakage  Leakage   Internal   Internal 
     Type      Instances    Area   Area % Power (nW) Power %  Power (nW)   Power % 
-----------------------------------------------------------------------------------
sequential          1602  8690.486   27.8 144626.499    19.3 14616060.939     33.3 
inverter            4434  2584.988    8.3  75451.223    10.1  3377286.478      7.7 
buffer               101    93.366    0.3   2443.095     0.3   220841.901      0.5 
logic              16679 19849.718   63.6 526918.389    70.3 25642361.988     58.5 
physical_cells         0     0.000    0.0      0.000     0.0        0.000      0.0 
-----------------------------------------------------------------------------------
total              22816 31218.558  100.0 749439.206   100.0 43856551.305    100.0 
