============================================================
  Generated by:           Genus(TM) Synthesis Solution 25.11-s095_1
  Generated on:           Mar 11 2026  03:07:48 am
  Module:                 sysarr_4_input_fp_adder
  Operating conditions:   typical 
  Interconnect mode:      global
  Area mode:              physical library
============================================================


Path 1: MET (192 ps) Setup Check with Pin st1_sum_vec_reg[2]/clk->d
           View: view_1p2_25
          Group: clock1
     Startpoint: (R) add_b[23]
          Clock: (R) clock1
       Endpoint: (R) st1_sum_vec_reg[2]/d
          Clock: (R) clock1

                     Capture       Launch     
        Clock Edge:+    1250            0     
        Drv Adjust:+       0            0     
       Src Latency:+       0            0     
       Net Latency:+       0 (I)        0 (I) 
           Arrival:=    1250            0     
                                              
             Setup:-      38                  
       Uncertainty:-       0                  
     Required Time:=    1212                  
      Launch Clock:-       0                  
       Input Delay:-       1                  
         Data Path:-    1020                  
             Slack:=     192                  

Exceptions/Constraints:
  input_delay              1              sysarr_4_input_fp_ad_line_21_41_1   

#--------------------------------------------------------------------------------------------------------
#    Timing Point      Flags    Arc    Edge       Cell         Fanout  Load Trans Delay Arrival Instance 
#                                                                      (fF)  (ps)  (ps)   (ps)  Location 
#--------------------------------------------------------------------------------------------------------
  add_b[23]            (u)     -       R     (arrival)              5  18.0     0     0       1    (-,-) 
  add_b[23]            -       -       -     (net)                  -     -     -     -       -    (-,-) 
  g25185/z             (u)     in_1->z F     unmapped_complex2      1   3.2     0    17      18    (-,-) 
  n_12005              -       -       -     (net)                  -     -     -     -       -    (-,-) 
  g25237/z             (u)     in_1->z F     unmapped_complex2      1   3.2     0    17      34    (-,-) 
  n_12006              -       -       -     (net)                  -     -     -     -       -    (-,-) 
  g24947/z             (u)     in_1->z R     unmapped_complex2      1   3.6     0    17      51    (-,-) 
  n_11234              -       -       -     (net)                  -     -     -     -       -    (-,-) 
  g24915/z             (u)     in_0->z F     unmapped_complex2      1   3.2     0    17      67    (-,-) 
  n_12075              -       -       -     (net)                  -     -     -     -       -    (-,-) 
  g24872/z             (u)     in_0->z R     unmapped_complex2      1   3.6     0    17      84    (-,-) 
  n_11235              -       -       -     (net)                  -     -     -     -       -    (-,-) 
  g24862/z             (u)     in_0->z F     unmapped_nand2         1   3.2     0    17     101    (-,-) 
  n_9979               -       -       -     (net)                  -     -     -     -       -    (-,-) 
  g24848/z             (u)     in_0->z R     unmapped_nand2         1   3.6     0    17     117    (-,-) 
  n_12096              -       -       -     (net)                  -     -     -     -       -    (-,-) 
  g25255/z             (u)     in_0->z F     unmapped_complex2      1   3.2     0    17     134    (-,-) 
  n_11242              -       -       -     (net)                  -     -     -     -       -    (-,-) 
  g24825/z             (u)     in_1->z R     unmapped_complex2      1   3.6     0    17     150    (-,-) 
  n_12141              -       -       -     (net)                  -     -     -     -       -    (-,-) 
  g24819/z             (u)     in_1->z F     unmapped_nand2        80 256.0     0    66     217    (-,-) 
  n_3428               -       -       -     (net)                  -     -     -     -       -    (-,-) 
  g24740/z             (u)     in_0->z R     unmapped_nand2         1   3.6     0    17     233    (-,-) 
  n_12405              -       -       -     (net)                  -     -     -     -       -    (-,-) 
  g24581/z             (u)     in_1->z F     unmapped_nand2         4  12.8     0    24     258    (-,-) 
  n_3435               -       -       -     (net)                  -     -     -     -       -    (-,-) 
  g18819/z             (u)     in_0->z R     unmapped_complex2      1   3.6     0    17     274    (-,-) 
  n_11230              -       -       -     (net)                  -     -     -     -       -    (-,-) 
  g25285/z             (u)     in_0->z F     unmapped_complex2      1   3.2     0    17     291    (-,-) 
  n_12840              -       -       -     (net)                  -     -     -     -       -    (-,-) 
  g25287/z             (u)     in_1->z R     unmapped_complex2      1   3.6     0    17     308    (-,-) 
  n_11231              -       -       -     (net)                  -     -     -     -       -    (-,-) 
  g25290/z             (u)     in_1->z F     unmapped_complex2      1   3.2     0    17     324    (-,-) 
  n_12843              -       -       -     (net)                  -     -     -     -       -    (-,-) 
  g24427/z             (u)     in_1->z R     unmapped_complex2      1   3.6     0    17     341    (-,-) 
  n_11232              -       -       -     (net)                  -     -     -     -       -    (-,-) 
  g24423/z             (u)     in_0->z F     unmapped_nand2         1   3.2     0    17     358    (-,-) 
  n_9692               -       -       -     (net)                  -     -     -     -       -    (-,-) 
  g24420/z             (u)     in_1->z F     unmapped_complex2      1   3.2     0    17     374    (-,-) 
  n_12887              -       -       -     (net)                  -     -     -     -       -    (-,-) 
  g24383/z             (u)     in_0->z R     unmapped_nand2         1   3.6     0    17     391    (-,-) 
  n_9700               -       -       -     (net)                  -     -     -     -       -    (-,-) 
  g24362/z             (u)     in_1->z R     unmapped_complex2      1   3.6     0    17     407    (-,-) 
  n_12891              -       -       -     (net)                  -     -     -     -       -    (-,-) 
  g25315/z             (u)     in_0->z F     unmapped_complex2      1   3.2     0    17     424    (-,-) 
  n_11245              -       -       -     (net)                  -     -     -     -       -    (-,-) 
  g24354/z             (u)     in_0->z R     unmapped_nand2       227  57.6     0    63     487    (-,-) 
  n_3466               -       -       -     (net)                  -     -     -     -       -    (-,-) 
  g25338/z             (u)     in_0->z R     unmapped_complex2      1   3.6     0    17     504    (-,-) 
  n_13467              -       -       -     (net)                  -     -     -     -       -    (-,-) 
  g24048/z             (u)     in_1->z F     unmapped_nand2        11  35.2     0    39     543    (-,-) 
  exp_x[0]             -       -       -     (net)                  -     -     -     -       -    (-,-) 
  g25434/z             (u)     in_0->z F     unmapped_complex2      3   9.6     0    22     564    (-,-) 
  n_9890               -       -       -     (net)                  -     -     -     -       -    (-,-) 
  g23876/z             (u)     in_1->z R     unmapped_nand2         1   3.6     0    17     581    (-,-) 
  n_14321              -       -       -     (net)                  -     -     -     -       -    (-,-) 
  g23662/z             (u)     in_0->z F     unmapped_nand2         3   9.6     0    22     602    (-,-) 
  n_8681               -       -       -     (net)                  -     -     -     -       -    (-,-) 
  g25519/z             (u)     in_0->z R     unmapped_complex2      1   3.6     0    17     619    (-,-) 
  n_16841              -       -       -     (net)                  -     -     -     -       -    (-,-) 
  g23510/z             (u)     in_1->z F     unmapped_nand2        45 144.0     0    58     677    (-,-) 
  n_3560               -       -       -     (net)                  -     -     -     -       -    (-,-) 
  g23407/z             (u)     in_0->z F     unmapped_or2           3   9.6     0    22     698    (-,-) 
  n_10535              -       -       -     (net)                  -     -     -     -       -    (-,-) 
  g23330/z             (u)     in_0->z F     unmapped_complex2      1   3.2     0    17     715    (-,-) 
  n_15397              -       -       -     (net)                  -     -     -     -       -    (-,-) 
  g23190/z             (u)     in_1->z R     unmapped_nand2         1   3.6     0    17     732    (-,-) 
  n_15399              -       -       -     (net)                  -     -     -     -       -    (-,-) 
  g25637/z             (u)     in_0->z R     unmapped_complex2      1   3.6     0    17     748    (-,-) 
  n_11267              -       -       -     (net)                  -     -     -     -       -    (-,-) 
  g23092/z             (u)     in_1->z F     unmapped_complex2      1   3.2     0    17     765    (-,-) 
  n_15659              -       -       -     (net)                  -     -     -     -       -    (-,-) 
  g23016/z             (u)     in_0->z R     unmapped_nand2         1   3.6     0    17     782    (-,-) 
  n_11268              -       -       -     (net)                  -     -     -     -       -    (-,-) 
  g25714/z             (u)     in_0->z F     unmapped_complex2      1   3.2     0    17     798    (-,-) 
  n_15755              -       -       -     (net)                  -     -     -     -       -    (-,-) 
  g22928/z             (u)     in_0->z R     unmapped_nand2         1   3.6     0    17     815    (-,-) 
  n_11269              -       -       -     (net)                  -     -     -     -       -    (-,-) 
  g22842/z             (u)     in_0->z F     unmapped_complex2      2   6.4     0    19     834    (-,-) 
  n_3781               -       -       -     (net)                  -     -     -     -       -    (-,-) 
  g22668/z             (u)     in_0->z R     unmapped_nand2         1   3.6     0    17     850    (-,-) 
  n_16722              -       -       -     (net)                  -     -     -     -       -    (-,-) 
  g22669/z             (u)     in_1->z F     unmapped_nand2         4  12.8     0    24     875    (-,-) 
  op_y[2]              -       -       -     (net)                  -     -     -     -       -    (-,-) 
  g25817/z             (u)     in_0->z R     unmapped_complex2      1   3.6     0    17     892    (-,-) 
  n_16710              -       -       -     (net)                  -     -     -     -       -    (-,-) 
  g22649/z             (u)     in_1->z F     unmapped_nand2         2   6.4     0    19     911    (-,-) 
  n_1581               -       -       -     (net)                  -     -     -     -       -    (-,-) 
  g25834/z             (u)     in_1->z F     unmapped_complex2      1   3.2     0    17     927    (-,-) 
  n_16636              -       -       -     (net)                  -     -     -     -       -    (-,-) 
  g22502/z             (u)     in_1->z R     unmapped_nand2         4  14.4     0    24     952    (-,-) 
  csa_s1[2]            -       -       -     (net)                  -     -     -     -       -    (-,-) 
  g25858/z             (u)     in_1->z R     unmapped_complex2      1   3.6     0    17     968    (-,-) 
  n_16499              -       -       -     (net)                  -     -     -     -       -    (-,-) 
  g22181/z             (u)     in_1->z F     unmapped_nand2         2   6.4     0    19     987    (-,-) 
  n_1716               -       -       -     (net)                  -     -     -     -       -    (-,-) 
  g22149/z             (u)     in_0->z F     unmapped_complex2      1   3.2     0    17    1004    (-,-) 
  n_16483              -       -       -     (net)                  -     -     -     -       -    (-,-) 
  g22150/z             (u)     in_1->z R     unmapped_nand2         1   3.6     0    17    1021    (-,-) 
  csa_s2[2]            -       -       -     (net)                  -     -     -     -       -    (-,-) 
  st1_sum_vec_reg[2]/d <<<     -       R     unmapped_d_flop        1     -     -     0    1021    (-,-) 
#--------------------------------------------------------------------------------------------------------

(u) : Net has unmapped pin(s).

Capture clock path:
#-----------------------------------------------------------------------------------------------------
#     Timing Point       Flags   Arc   Edge      Cell        Fanout Load Trans Delay Arrival Instance 
#                                                                   (fF)  (ps)  (ps)   (ps)  Location 
#-----------------------------------------------------------------------------------------------------
  clk                    (i,u)   -     R     (arrival)          136  0.0     0     0    1250    (-,-) 
  clk                    -       -     -     (net)                -    -     -     -       -    (-,-) 
  clk                    -       -     -     (net)                -    -     -     -       -    (-,-) 
  st1_sum_vec_reg[2]/clk <<<     -     R     unmapped_d_flop    136    -     1     0    1250    (-,-) 
#-----------------------------------------------------------------------------------------------------


