============================================================
  Generated by:           Genus(TM) Synthesis Solution 25.11-s095_1
  Generated on:           Mar 10 2026  04:33:16 pm
  Module:                 mul_bf
  Operating conditions:   typical 
  Interconnect mode:      global
  Area mode:              physical library
============================================================


Path 1: MET (382 ps) Setup Check with Pin result_reg[22]/clk->d
           View: view_1p2_25
          Group: clock1
     Startpoint: (F) b[5]
          Clock: (R) clock1
       Endpoint: (R) result_reg[22]/d
          Clock: (R) clock1

                     Capture       Launch     
        Clock Edge:+    1613            0     
        Drv Adjust:+       0            0     
       Src Latency:+       0            0     
       Net Latency:+       0 (I)        0 (I) 
           Arrival:=    1613            0     
                                              
             Setup:-      38                  
       Uncertainty:-       0                  
     Required Time:=    1575                  
      Launch Clock:-       0                  
       Input Delay:-       1                  
         Data Path:-    1192                  
             Slack:=     382                  

Exceptions/Constraints:
  input_delay              1              mul_bf.sdc_line_20_28_1   

#--------------------------------------------------------------------------------------------------------------------------
#              Timing Point               Flags    Arc    Edge       Cell         Fanout Load Trans Delay Arrival Instance 
#                                                                                        (fF)  (ps)  (ps)   (ps)  Location 
#--------------------------------------------------------------------------------------------------------------------------
  b[5]                                    (u)     -       F     (arrival)             11 35.2     0     0       1    (-,-) 
  b[5]                                    -       -       -     (net)                  -    -     -     -       -    (-,-) 
  g4266/z                                 (u)     in_1->z R     unmapped_nand2         3 10.8     0    22      23    (-,-) 
  wallaca_n_15                            -       -       -     (net)                  -    -     -     -       -    (-,-) 
  g4311/z                                 (u)     in_1->z F     unmapped_complex2      1  3.2     0    17      39    (-,-) 
  n_2868                                  -       -       -     (net)                  -    -     -     -       -    (-,-) 
  g4163/z                                 (u)     in_1->z R     unmapped_nand2         3 10.8     0    22      61    (-,-) 
  wallaca_genblk1[0].genblk1[5].fa_00_n_3 -       -       -     (net)                  -    -     -     -       -    (-,-) 
  g4093/z                                 (u)     in_0->z R     unmapped_or2           1  3.6     0    17      77    (-,-) 
  n_2838                                  -       -       -     (net)                  -    -     -     -       -    (-,-) 
  g4094/z                                 (u)     in_1->z F     unmapped_nand2         3  9.6     0    22      99    (-,-) 
  wallaca_stage1_sums[0][5]               -       -       -     (net)                  -    -     -     -       -    (-,-) 
  g4360/z                                 (u)     in_1->z F     unmapped_complex2      1  3.2     0    17     116    (-,-) 
  n_2802                                  -       -       -     (net)                  -    -     -     -       -    (-,-) 
  g3978/z                                 (u)     in_1->z R     unmapped_nand2         3 10.8     0    22     137    (-,-) 
  wallaca_genblk2[5].fa_s2_l1_n_3         -       -       -     (net)                  -    -     -     -       -    (-,-) 
  g3954/z                                 (u)     in_0->z R     unmapped_complex2      1  3.6     0    17     154    (-,-) 
  n_2790                                  -       -       -     (net)                  -    -     -     -       -    (-,-) 
  g3955/z                                 (u)     in_1->z F     unmapped_nand2         3  9.6     0    22     175    (-,-) 
  wallaca_stage2_level1_sums[5]           -       -       -     (net)                  -    -     -     -       -    (-,-) 
  g4403/z                                 (u)     in_1->z F     unmapped_complex2      1  3.2     0    17     192    (-,-) 
  n_2761                                  -       -       -     (net)                  -    -     -     -       -    (-,-) 
  g3891/z                                 (u)     in_1->z R     unmapped_nand2         3 10.8     0    22     214    (-,-) 
  wallaca_genblk4[5].fa_s3_l1_n_3         -       -       -     (net)                  -    -     -     -       -    (-,-) 
  g3838/z                                 (u)     in_0->z R     unmapped_or2           1  3.6     0    17     230    (-,-) 
  n_2735                                  -       -       -     (net)                  -    -     -     -       -    (-,-) 
  g3839/z                                 (u)     in_1->z F     unmapped_nand2         3  9.6     0    22     252    (-,-) 
  wallaca_stage3_sums[5]                  -       -       -     (net)                  -    -     -     -       -    (-,-) 
  g3810/z                                 (u)     in_0->z F     unmapped_or2           1  3.2     0    17     268    (-,-) 
  n_2723                                  -       -       -     (net)                  -    -     -     -       -    (-,-) 
  g3811/z                                 (u)     in_1->z R     unmapped_nand2         3 10.8     0    22     290    (-,-) 
  wallaca_stage4_sums[5]                  -       -       -     (net)                  -    -     -     -       -    (-,-) 
  g4426/z                                 (u)     in_0->z F     unmapped_complex2      3  9.6     0    22     312    (-,-) 
  n_2096                                  -       -       -     (net)                  -    -     -     -       -    (-,-) 
  g3753/z                                 (u)     in_1->z R     unmapped_nand2         1  3.6     0    17     328    (-,-) 
  n_2243                                  -       -       -     (net)                  -    -     -     -       -    (-,-) 
  g3727/z                                 (u)     in_0->z F     unmapped_nand2         3  9.6     0    22     350    (-,-) 
  n_2098                                  -       -       -     (net)                  -    -     -     -       -    (-,-) 
  g3708/z                                 (u)     in_1->z R     unmapped_nand2         1  3.6     0    17     366    (-,-) 
  n_2215                                  -       -       -     (net)                  -    -     -     -       -    (-,-) 
  g3700/z                                 (u)     in_0->z F     unmapped_nand2         3  9.6     0    22     388    (-,-) 
  n_2099                                  -       -       -     (net)                  -    -     -     -       -    (-,-) 
  g4434/z                                 (u)     in_0->z F     unmapped_complex2      1  3.2     0    17     405    (-,-) 
  n_2222                                  -       -       -     (net)                  -    -     -     -       -    (-,-) 
  g3691/z                                 (u)     in_0->z R     unmapped_nand2         3 10.8     0    22     426    (-,-) 
  n_2100                                  -       -       -     (net)                  -    -     -     -       -    (-,-) 
  g3686/z                                 (u)     in_0->z F     unmapped_nand2         1  3.2     0    17     443    (-,-) 
  n_2218                                  -       -       -     (net)                  -    -     -     -       -    (-,-) 
  g3685/z                                 (u)     in_0->z R     unmapped_nand2         3 10.8     0    22     464    (-,-) 
  n_2101                                  -       -       -     (net)                  -    -     -     -       -    (-,-) 
  g3684/z                                 (u)     in_1->z F     unmapped_nand2         1  3.2     0    17     481    (-,-) 
  n_2225                                  -       -       -     (net)                  -    -     -     -       -    (-,-) 
  g3680/z                                 (u)     in_0->z R     unmapped_nand2         3 10.8     0    22     503    (-,-) 
  n_2102                                  -       -       -     (net)                  -    -     -     -       -    (-,-) 
  g3679/z                                 (u)     in_1->z F     unmapped_nand2         1  3.2     0    17     519    (-,-) 
  n_2229                                  -       -       -     (net)                  -    -     -     -       -    (-,-) 
  g3675/z                                 (u)     in_0->z R     unmapped_nand2         3 10.8     0    22     541    (-,-) 
  n_2103                                  -       -       -     (net)                  -    -     -     -       -    (-,-) 
  g3671/z                                 (u)     in_0->z F     unmapped_nand2         1  3.2     0    17     557    (-,-) 
  n_2223                                  -       -       -     (net)                  -    -     -     -       -    (-,-) 
  g3670/z                                 (u)     in_0->z R     unmapped_nand2         3 10.8     0    22     579    (-,-) 
  n_2104                                  -       -       -     (net)                  -    -     -     -       -    (-,-) 
  g3666/z                                 (u)     in_1->z F     unmapped_nand2         1  3.2     0    17     596    (-,-) 
  n_2227                                  -       -       -     (net)                  -    -     -     -       -    (-,-) 
  g3665/z                                 (u)     in_0->z R     unmapped_nand2         3 10.8     0    22     617    (-,-) 
  n_2105                                  -       -       -     (net)                  -    -     -     -       -    (-,-) 
  g4438/z                                 (u)     in_0->z R     unmapped_complex2      1  3.6     0    17     634    (-,-) 
  n_2106                                  -       -       -     (net)                  -    -     -     -       -    (-,-) 
  g4293/z                                 (u)     in_1->z R     unmapped_complex2      7 25.2     0    33     666    (-,-) 
  n_511                                   -       -       -     (net)                  -    -     -     -       -    (-,-) 
  g3656/z                                 (u)     in_1->z F     unmapped_nand2         1  3.2     0    17     683    (-,-) 
  n_2467                                  -       -       -     (net)                  -    -     -     -       -    (-,-) 
  g3651/z                                 (u)     in_0->z R     unmapped_nand2         3 10.8     0    22     705    (-,-) 
  n_2119                                  -       -       -     (net)                  -    -     -     -       -    (-,-) 
  g4439/z                                 (u)     in_0->z R     unmapped_complex2      1  3.6     0    17     721    (-,-) 
  n_2220                                  -       -       -     (net)                  -    -     -     -       -    (-,-) 
  g3640/z                                 (u)     in_0->z F     unmapped_nand2         3  9.6     0    22     743    (-,-) 
  n_2120                                  -       -       -     (net)                  -    -     -     -       -    (-,-) 
  g3636/z                                 (u)     in_1->z R     unmapped_nand2         1  3.6     0    17     759    (-,-) 
  n_2216                                  -       -       -     (net)                  -    -     -     -       -    (-,-) 
  g3635/z                                 (u)     in_0->z F     unmapped_nand2         3  9.6     0    22     781    (-,-) 
  n_2121                                  -       -       -     (net)                  -    -     -     -       -    (-,-) 
  g3629/z                                 (u)     in_0->z R     unmapped_nand2         1  3.6     0    17     798    (-,-) 
  n_2217                                  -       -       -     (net)                  -    -     -     -       -    (-,-) 
  g3627/z                                 (u)     in_0->z F     unmapped_nand2         3  9.6     0    22     819    (-,-) 
  n_2124                                  -       -       -     (net)                  -    -     -     -       -    (-,-) 
  g3622/z                                 (u)     in_1->z R     unmapped_nand2         1  3.6     0    17     836    (-,-) 
  n_2213                                  -       -       -     (net)                  -    -     -     -       -    (-,-) 
  g3621/z                                 (u)     in_0->z F     unmapped_nand2         3  9.6     0    22     857    (-,-) 
  n_2125                                  -       -       -     (net)                  -    -     -     -       -    (-,-) 
  g3618/z                                 (u)     in_0->z R     unmapped_nand2         1  3.6     0    17     874    (-,-) 
  n_2211                                  -       -       -     (net)                  -    -     -     -       -    (-,-) 
  g3612/z                                 (u)     in_0->z F     unmapped_nand2         3  9.6     0    22     896    (-,-) 
  n_2128                                  -       -       -     (net)                  -    -     -     -       -    (-,-) 
  g3611/z                                 (u)     in_1->z R     unmapped_nand2         1  3.6     0    17     912    (-,-) 
  n_2212                                  -       -       -     (net)                  -    -     -     -       -    (-,-) 
  g3606/z                                 (u)     in_0->z F     unmapped_nand2         3  9.6     0    22     934    (-,-) 
  n_2129                                  -       -       -     (net)                  -    -     -     -       -    (-,-) 
  g3603/z                                 (u)     in_1->z R     unmapped_nand2         1  3.6     0    17     950    (-,-) 
  n_2651                                  -       -       -     (net)                  -    -     -     -       -    (-,-) 
  g3604/z                                 (u)     in_1->z F     unmapped_nand2         3  9.6     0    22     972    (-,-) 
  n_2147                                  -       -       -     (net)                  -    -     -     -       -    (-,-) 
  g4449/z                                 (u)     in_0->z R     unmapped_complex2      1  3.6     0    17     989    (-,-) 
  n_2507                                  -       -       -     (net)                  -    -     -     -       -    (-,-) 
  g4451/z                                 (u)     in_1->z F     unmapped_nand2         1  3.2     0    17    1005    (-,-) 
  n_2230                                  -       -       -     (net)                  -    -     -     -       -    (-,-) 
  g3590/z                                 (u)     in_0->z R     unmapped_nand2         3 10.8     0    22    1027    (-,-) 
  n_524                                   -       -       -     (net)                  -    -     -     -       -    (-,-) 
  g4452/z                                 (u)     in_0->z F     unmapped_complex2      9 28.8     0    36    1063    (-,-) 
  n_2150                                  -       -       -     (net)                  -    -     -     -       -    (-,-) 
  g3584/z                                 (u)     in_1->z F     unmapped_or2          10 32.0     0    38    1101    (-,-) 
  n_2152                                  -       -       -     (net)                  -    -     -     -       -    (-,-) 
  g3577/z                                 (u)     in_1->z F     unmapped_or2          14 44.8     0    42    1143    (-,-) 
  n_2172                                  -       -       -     (net)                  -    -     -     -       -    (-,-) 
  g4455/z                                 (u)     in_0->z F     unmapped_complex2      1  3.2     0    17    1159    (-,-) 
  n_2625                                  -       -       -     (net)                  -    -     -     -       -    (-,-) 
  g3526/z                                 (u)     in_1->z R     unmapped_complex2      1  3.6     0    17    1176    (-,-) 
  n_2627                                  -       -       -     (net)                  -    -     -     -       -    (-,-) 
  g4478/z                                 (u)     in_0->z R     unmapped_complex2      1  3.6     0    17    1192    (-,-) 
  n_2207                                  -       -       -     (net)                  -    -     -     -       -    (-,-) 
  result_reg[22]/d                        <<<     -       R     unmapped_d_flop        1    -     -     0    1192    (-,-) 
#--------------------------------------------------------------------------------------------------------------------------

(u) : Net has unmapped pin(s).

Capture clock path:
#-------------------------------------------------------------------------------------------------
#   Timing Point     Flags   Arc   Edge      Cell        Fanout Load Trans Delay Arrival Instance 
#                                                               (fF)  (ps)  (ps)   (ps)  Location 
#-------------------------------------------------------------------------------------------------
  clk                (i,u)   -     R     (arrival)           25  0.0     0     0    1613    (-,-) 
  clk                -       -     -     (net)                -    -     -     -       -    (-,-) 
  clk                -       -     -     (net)                -    -     -     -       -    (-,-) 
  result_reg[22]/clk <<<     -     R     unmapped_d_flop     25    -     1     0    1613    (-,-) 
#-------------------------------------------------------------------------------------------------


