============================================================
  Generated by:           Genus(TM) Synthesis Solution 25.11-s095_1
  Generated on:           Jun 13 2026  04:25:08 pm
  Operating conditions:   typical 
  Interconnect mode:      global
  Area mode:              physical library
============================================================

                                 Leakage      Internal                          Library 
   Gate    Instances    Area    Power (nW)   Power (nW)          Library         Domain 
----------------------------------------------------------------------------------------
AND2_X1          480   510.720   12000.017    333744.794 NangateOpenCellLibrary       0 
AND2_X2           10    13.300     520.134     22289.265 NangateOpenCellLibrary       0 
AND2_X4            4     9.576     427.145     21895.156 NangateOpenCellLibrary       0 
AND3_X1           29    38.570     849.168     21474.458 NangateOpenCellLibrary       0 
AND3_X2            3     4.788     164.849       633.073 NangateOpenCellLibrary       0 
AND4_X1           11    17.556     335.924      7227.306 NangateOpenCellLibrary       0 
AND4_X2            2     3.724      87.508         0.000 NangateOpenCellLibrary       0 
AOI211_X1         22    29.260     701.055     21581.102 NangateOpenCellLibrary       0 
AOI211_X2          1     2.394      76.310       705.196 NangateOpenCellLibrary       0 
AOI21_X1         485   516.040   13711.098    387918.661 NangateOpenCellLibrary       0 
AOI21_X2          24    44.688    1341.264     48776.369 NangateOpenCellLibrary       0 
AOI21_X4           4    13.832     425.911     19902.313 NangateOpenCellLibrary       0 
AOI221_X1        139   221.844    5472.997    182848.750 NangateOpenCellLibrary       0 
AOI221_X2          1     2.926      74.893      3201.157 NangateOpenCellLibrary       0 
AOI222_X1         53   112.784    2546.990     85060.526 NangateOpenCellLibrary       0 
AOI222_X2          1     3.724      85.911      3475.313 NangateOpenCellLibrary       0 
AOI22_X1         376   500.080   11222.344    308521.418 NangateOpenCellLibrary       0 
AOI22_X2           3     7.182     196.703      7902.224 NangateOpenCellLibrary       0 
BUF_X1             2     1.596      43.699      2293.616 NangateOpenCellLibrary       0 
BUF_X2             2     2.128      85.398      5500.836 NangateOpenCellLibrary       0 
DFFR_X1         1442  7671.440  126620.926   8813097.146 NangateOpenCellLibrary       0 
DFF_X1           148   669.256   11671.982    976233.975 NangateOpenCellLibrary       0 
FA_X1            793  3375.008   47299.840   2541989.519 NangateOpenCellLibrary       0 
HA_X1            174   462.840   11268.597    399356.235 NangateOpenCellLibrary       0 
INV_X1          1593   847.476   22867.664    588746.747 NangateOpenCellLibrary       0 
INV_X16            1     4.522     238.140      9296.104 NangateOpenCellLibrary       0 
INV_X2            32    25.536     888.427     29891.450 NangateOpenCellLibrary       0 
INV_X4            13    17.290     769.737     26854.753 NangateOpenCellLibrary       0 
INV_X8            14    33.516    1599.087     63761.361 NangateOpenCellLibrary       0 
MUX2_X1          666  1240.092   24053.269   1159973.239 NangateOpenCellLibrary       0 
MUX2_X2            3     7.182     205.243     11853.371 NangateOpenCellLibrary       0 
NAND2_X1        1533  1223.334   30352.855    730501.293 NangateOpenCellLibrary       0 
NAND2_X2          17    22.610     719.604     18915.733 NangateOpenCellLibrary       0 
NAND2_X4           5    11.970     525.101     15555.255 NangateOpenCellLibrary       0 
NAND3_X1         162   172.368    4898.360     93140.603 NangateOpenCellLibrary       0 
NAND3_X2           3     5.586      67.730        11.409 NangateOpenCellLibrary       0 
NAND4_X1          86   114.380    2482.717     23739.555 NangateOpenCellLibrary       0 
NAND4_X2           3     7.182     277.929      4983.482 NangateOpenCellLibrary       0 
NOR2_X1          998   796.404   22694.731    364765.056 NangateOpenCellLibrary       0 
NOR2_X2           31    41.230    1371.700     22443.587 NangateOpenCellLibrary       0 
NOR2_X4            3     7.182     290.893      5038.666 NangateOpenCellLibrary       0 
NOR3_X1          110   117.040    3071.864     55487.444 NangateOpenCellLibrary       0 
NOR3_X2            5     9.310     271.699      5392.427 NangateOpenCellLibrary       0 
NOR4_X1          116   154.280    4077.289     38038.417 NangateOpenCellLibrary       0 
OAI211_X1         77   102.410    2748.544     67022.739 NangateOpenCellLibrary       0 
OAI211_X2          1     2.394      33.776      3300.005 NangateOpenCellLibrary       0 
OAI21_X1         599   637.336   16640.177    445719.012 NangateOpenCellLibrary       0 
OAI21_X2          21    39.102    1179.864     43448.040 NangateOpenCellLibrary       0 
OAI21_X4           3    10.374     307.626     14538.499 NangateOpenCellLibrary       0 
OAI221_X1         83   132.468    3424.119     71870.772 NangateOpenCellLibrary       0 
OAI222_X1         47   100.016    3067.563     52824.035 NangateOpenCellLibrary       0 
OAI22_X1         403   535.990   17558.483    267255.690 NangateOpenCellLibrary       0 
OAI22_X2          11    26.334     680.617     27576.949 NangateOpenCellLibrary       0 
OAI33_X1           3     5.586     106.922      4175.349 NangateOpenCellLibrary       0 
OR2_X1           471   501.144   10900.726    397800.463 NangateOpenCellLibrary       0 
OR2_X2             3     3.990     134.641      2828.825 NangateOpenCellLibrary       0 
OR3_X1            68    90.440    1885.523     67076.248 NangateOpenCellLibrary       0 
OR3_X2             1     1.596      53.950         0.000 NangateOpenCellLibrary       0 
OR4_X1           101   161.196    2872.143     24418.331 NangateOpenCellLibrary       0 
SDFFR_X1          88   585.200    9268.469    837701.086 NangateOpenCellLibrary       0 
SDFF_X1            1     6.118      98.206      6943.468 NangateOpenCellLibrary       0 
XNOR2_X1         497   793.212   19449.382    663412.100 NangateOpenCellLibrary       0 
XNOR2_X2          28    74.480    2028.419    100144.791 NangateOpenCellLibrary       0 
XOR2_X1          450   718.200   15402.623    675925.442 NangateOpenCellLibrary       0 
XOR2_X2           30    71.820    2070.760    117378.019 NangateOpenCellLibrary       0 
----------------------------------------------------------------------------------------
total          12589 23693.152  478867.235  21375378.223                                
                                            Leakage  Leakage   Internal   Internal 
     Type      Instances    Area   Area % Power (nW) Power %  Power (nW)   Power % 
-----------------------------------------------------------------------------------
sequential          1679  8932.014   37.7 147659.582    30.8 10633975.676     49.7 
inverter            1653   928.340    3.9  26363.055     5.5   718550.414      3.4 
buffer                 4     3.724    0.0    129.098     0.0     7794.452      0.0 
logic               9253 13829.074   58.4 304715.499    63.6 10015057.681     46.9 
physical_cells         0     0.000    0.0      0.000     0.0        0.000      0.0 
-----------------------------------------------------------------------------------
total              12589 23693.152  100.0 478867.235   100.0 21375378.223    100.0 
