============================================================
  Generated by:           Genus(TM) Synthesis Solution 25.11-s095_1
  Generated on:           Jun 13 2026  04:24:46 pm
  Module:                 sysarr_32_input_fp_adder
  Operating conditions:   typical 
  Interconnect mode:      global
  Area mode:              physical library
============================================================

Timing
--------

Analysis view  Clock Period 
----------------------------
view_1p2_25   clock1 1639.0 


  Analysis    Cost   Critical        Violating 
    View     Group  Path Slack  TNS    Paths   
-----------------------------------------------
view_1p2_25  clock1        0.0  0.0          0 
            default   No paths  0.0          0 
-----------------------------------------------
Total                          -0.0          0 
                                               

Instance Count
--------------
Leaf Instance Count             12589 
Physical Instance count             0 
Sequential Instance Count        1679 
Combinational Instance Count    10910 
Hierarchical Instance Count         0 

Area
----
Cell Area                          23693.152
Physical Cell Area                 0.000
Total Cell Area (Cell+Physical)    23693.152
Net Area                           17170.458
Total Area (Cell+Physical+Net)     40863.610

Power
-----
Leakage Power                      478867.235 nW
Dynamic Power                      33297154.035 nW
Total Power                        33776021.270 nW

Max Fanout                         1679 (clk)
Min Fanout                         0 (w_aligned_mants[0][27])
Average Fanout                     2.1
Terms to net ratio                 3.2911
Terms to instance ratio            3.7298
Runtime                            49.465344 seconds
Elapsed Runtime                    53 seconds
Genus peak memory usage            1765.48 
Innovus peak memory usage          no_value 
Hostname                           asicfab.ecn.purdue.edu
