============================================================
  Generated by:           Genus(TM) Synthesis Solution 25.11-s095_1
  Generated on:           Jan 31 2026  11:32:06 pm
  Module:                 add_bf16
  Operating conditions:   PVT_1P2V_25C 
  Interconnect mode:      global
  Area mode:              physical library
============================================================


Path 1: MET (14 ps) Late External Delay Assertion at pin bf_out[13]
           View: view_1p2_25
          Group: clock1
     Startpoint: (F) bf2_in[10]
          Clock: (R) clock1
       Endpoint: (R) bf_out[13]
          Clock: (R) clock1

                     Capture       Launch     
        Clock Edge:+    1835            0     
        Drv Adjust:+       0            7     
       Src Latency:+       0            0     
       Net Latency:+       0 (I)        0 (I) 
           Arrival:=    1835            7     
                                              
      Output Delay:-       1                  
       Uncertainty:-       0                  
     Required Time:=    1834                  
      Launch Clock:-       7                  
       Input Delay:-       1                  
         Data Path:-    1811                  
             Slack:=      14                  

Exceptions/Constraints:
  input_delay               1              add_bf16.sdc_line_20_22_1   
  output_delay              1              add_bf16.sdc_line_21_33_1   

#---------------------------------------------------------------------------------------
# Timing Point   Flags   Arc   Edge   Cell     Fanout Load Trans Delay Arrival Instance 
#                                                     (fF)  (ps)  (ps)   (ps)  Location 
#---------------------------------------------------------------------------------------
  bf2_in[10]     -       -     F     (arrival)      6 30.6    14     0       8    (-,-) 
  bf2_in[10]     -       -     -     (net)          -    -     -     -       -    (-,-) 
  g26019__5115/X -       B->X  R     nand2_4x       1  9.6    29    27      36    (-,-) 
  n_9            -       -     -     (net)          -    -     -     -       -    (-,-) 
  g26016__5526/X -       C->X  F     oai21_4x       4 18.1    39    46      82    (-,-) 
  n_111          -       -     -     (net)          -    -     -     -       -    (-,-) 
  g25964__5115/X -       A->X  R     nand3_2x       2 10.4    61    49     130    (-,-) 
  n_80           -       -     -     (net)          -    -     -     -       -    (-,-) 
  g25944__6417/X -       A->X  F     nor2_2x        1  6.2    33    43     173    (-,-) 
  n_84           -       -     -     (net)          -    -     -     -       -    (-,-) 
  g25932__3680/X -       A->X  R     oai21_2x       1  5.2    62    41     214    (-,-) 
  n_101          -       -     -     (net)          -    -     -     -       -    (-,-) 
  g25925__5107/X -       B->X  F     nand2_2x       2  9.2    34    48     262    (-,-) 
  n_122          -       -     -     (net)          -    -     -     -       -    (-,-) 
  g25918__9945/X -       A->X  R     aoi21_2x       2  6.7    59    46     308    (-,-) 
  n_133          -       -     -     (net)          -    -     -     -       -    (-,-) 
  g25906__1881/X -       A->X  R     oa21_2x        3 17.4    53    86     393    (-,-) 
  n_146          -       -     -     (net)          -    -     -     -       -    (-,-) 
  g25905/X       -       A->X  F     inv_2x         1  5.9    22    25     419    (-,-) 
  n_147          -       -     -     (net)          -    -     -     -       -    (-,-) 
  g25873__5107/X -       B0->X R     aoi22_2x       2  8.5    73    64     483    (-,-) 
  n_160          -       -     -     (net)          -    -     -     -       -    (-,-) 
  g25843__9945/X -       A->X  F     nand2_2x       1  8.0    38    41     524    (-,-) 
  n_167          -       -     -     (net)          -    -     -     -       -    (-,-) 
  g25823__1881/X -       A->X  F     xnor2_2x       3 11.3    52    73     597    (-,-) 
  n_181          -       -     -     (net)          -    -     -     -       -    (-,-) 
  g25811__3680/X -       A->X  R     nand2_1x       6 19.2   153   108     705    (-,-) 
  n_276          -       -     -     (net)          -    -     -     -       -    (-,-) 
  g25805/X       -       A->X  F     inv_1x         3  9.5    64    65     770    (-,-) 
  n_231          -       -     -     (net)          -    -     -     -       -    (-,-) 
  g25767__9945/X -       B->X  R     oai21_1x       1  3.6    59    56     826    (-,-) 
  n_243          -       -     -     (net)          -    -     -     -       -    (-,-) 
  g25738__6131/X -       A1->X F     aoi22_1x       1  3.6    58    42     868    (-,-) 
  n_293          -       -     -     (net)          -    -     -     -       -    (-,-) 
  g25694__4733/X -       B0->X R     oai22_1x       1  3.3    77    65     933    (-,-) 
  n_330          -       -     -     (net)          -    -     -     -       -    (-,-) 
  g25462__8246/X -       B->X  F     nor3_1x        1  3.6    51    58     992    (-,-) 
  n_538          -       -     -     (net)          -    -     -     -       -    (-,-) 
  g25451__9945/X -       C->X  R     aoi21_1x       2  8.7   110    92    1084    (-,-) 
  n_591          -       -     -     (net)          -    -     -     -       -    (-,-) 
  g25441__5477/X -       A->X  R     and2_1x        2  6.7    41    75    1159    (-,-) 
  n_604          -       -     -     (net)          -    -     -     -       -    (-,-) 
  g25429__6161/X -       A->X  R     and2_2x        4 16.3    47    75    1234    (-,-) 
  n_617          -       -     -     (net)          -    -     -     -       -    (-,-) 
  g25425__2802/X -       C->X  F     nand3_2x       3  9.3    55    59    1294    (-,-) 
  n_622          -       -     -     (net)          -    -     -     -       -    (-,-) 
  g25420__5477/X -       B->X  R     nor2_1x        2  6.6    78    69    1362    (-,-) 
  n_625          -       -     -     (net)          -    -     -     -       -    (-,-) 
  g25416__2346/X -       A->X  R     and2_1x        2  6.6    40    69    1431    (-,-) 
  n_642          -       -     -     (net)          -    -     -     -       -    (-,-) 
  g25405__5115/X -       A->X  F     nand2_1x       2  6.6    48    44    1475    (-,-) 
  n_646          -       -     -     (net)          -    -     -     -       -    (-,-) 
  g25399__1705/X -       A->X  R     nor2_1x        2  8.3    96    76    1551    (-,-) 
  n_660          -       -     -     (net)          -    -     -     -       -    (-,-) 
  g25388__5107/X -       A->X  F     nand2_2x       4 16.7    60    65    1616    (-,-) 
  n_675          -       -     -     (net)          -    -     -     -       -    (-,-) 
  g25382__2883/X -       A->X  R     nor2_2x        2  6.6    55    46    1663    (-,-) 
  n_680          -       -     -     (net)          -    -     -     -       -    (-,-) 
  g25366__6131/X -       A->X  F     nand2_1x       2  6.9    44    49    1712    (-,-) 
  n_682          -       -     -     (net)          -    -     -     -       -    (-,-) 
  g25365/X       -       A->X  R     inv_1x         2  6.0    38    37    1749    (-,-) 
  n_691          -       -     -     (net)          -    -     -     -       -    (-,-) 
  g25355__3680/X -       A->X  F     nand3_1x       1  3.2    44    40    1789    (-,-) 
  n_692          -       -     -     (net)          -    -     -     -       -    (-,-) 
  g25351__6260/X -       A->X  R     nand3_1x       1  0.9    42    30    1819    (-,-) 
  bf_out[13]     -       -     -     (net)          -    -     -     -       -    (-,-) 
  bf_out[13]     <<<     -     R     (port)         -    -     -     0    1819    (-,-) 
#---------------------------------------------------------------------------------------


