============================================================
  Generated by:           Genus(TM) Synthesis Solution 25.11-s095_1
  Generated on:           Feb 23 2026  05:52:05 am
  Module:                 sysarr_MEISSA_top
  Library domain:         timing_condition_tt_1p2v_25c
    Domain index:         0
    Technology libraries: MITLL90_STDLIB_8T.tt1p2v25c 1.0
                          MITLL90_IOPads_5_1_1.tt1p2v25c 1.0
  Operating conditions:   PVT_1P2V_25C 
  Interconnect mode:      global
  Area mode:              physical library
============================================================

Timing
--------

Analysis view  Clock Period 
----------------------------
view_1p2_25   clock1 1667.0 


  Analysis    Cost   Critical         Violating 
    View     Group  Path Slack  TNS     Paths   
------------------------------------------------
view_1p2_25  clock1       -0.2 -35.3        290 
            default   No paths   0.0          0 
------------------------------------------------
Total                          -35.3        290 
                                                

Instance Count
--------------
Leaf Instance Count             1822141 
Physical Instance count               0 
Sequential Instance Count        168005 
Combinational Instance Count    1654136 
Hierarchical Instance Count        1592 

Area
----
Cell Area                          10813287.782
Physical Cell Area                 0.000
Total Cell Area (Cell+Physical)    10813287.782
Net Area                           5569471.204
Total Area (Cell+Physical+Net)     16382758.986

Power
-----
Leakage Power                      5675915.869 nW
Dynamic Power                      6111198125.077 nW
Total Power                        6116874040.945 nW

Max Fanout                         168069 (clk)
Min Fanout                         0 (n_160868)
Average Fanout                     2.1
Terms to net ratio                 3.2153
Terms to instance ratio            3.3266
Runtime                            639.193594 seconds
Elapsed Runtime                    514 seconds
Genus peak memory usage            12596.82 
Innovus peak memory usage          no_value 
Hostname                           asicfab.ecn.purdue.edu
