============================================================
  Generated by:           Genus(TM) Synthesis Solution 25.11-s095_1
  Generated on:           Feb 23 2026  05:51:03 am
  Module:                 sysarr_MEISSA_top
  Library domain:         timing_condition_tt_1p2v_25c
    Domain index:         0
    Technology libraries: MITLL90_STDLIB_8T.tt1p2v25c 1.0
                          MITLL90_IOPads_5_1_1.tt1p2v25c 1.0
  Operating conditions:   PVT_1P2V_25C 
  Interconnect mode:      global
  Area mode:              physical library
============================================================

# SETUP                  WNS    TNS    FEP 
# -------------------------------------------
 View: ALL              -0.2  -35.3    290 
    Group : in2out    1664.5    0.0      0 
    Group : in2reg      10.7    0.0      0 
    Group : reg2out   1514.1    0.0      0 
    Group : reg2reg     -0.2  -35.3    290 

 View: view_1p2_25      -0.2  -35.3    290 
    Group : in2out    1664.5    0.0      0 
    Group : in2reg      10.7    0.0      0 
    Group : reg2out   1514.1    0.0      0 
    Group : reg2reg     -0.2  -35.3    290 

# -------------------------------------------
# DRV                         WNS    TNS   FEP 
# -----------------------------------------------
 View: ALL                                     
    Check: max_transition      -2  -40.0    20 
    Check: max_capacitance   -4.0   -9.7     3 
    Check: max_fanout         N/A    N/A     0 

 View: view_1p2_25                             
    Check: max_transition      -2  -40.0    20 
    Check: max_capacitance   -4.0   -9.7     3 
    Check: max_fanout         N/A    N/A     0 

# -----------------------------------------------
