============================================================
  Generated by:           Genus(TM) Synthesis Solution 25.11-s095_1
  Generated on:           Feb 24 2026  11:49:44 am
  Module:                 add_fp16
  Operating conditions:   PVT_1P2V_25C 
  Interconnect mode:      global
  Area mode:              physical library
============================================================


Path 1: MET (90 ps) Late External Delay Assertion at pin fp_out[13]
           View: view_1p2_25
          Group: clock1
     Startpoint: (R) smaller_mantissa_l_reg[0]/clk
          Clock: (R) clock1
       Endpoint: (R) fp_out[13]
          Clock: (R) clock1

                     Capture       Launch     
        Clock Edge:+    1835            0     
       Src Latency:+       0            0     
       Net Latency:+       0 (I)        0 (I) 
           Arrival:=    1835            0     
                                              
      Output Delay:-       1                  
       Uncertainty:-       0                  
     Required Time:=    1834                  
      Launch Clock:-       0                  
         Data Path:-    1744                  
             Slack:=      90                  

Exceptions/Constraints:
  output_delay              1              add_fp16.sdc_line_17_36_1   

Launch clock path:
#------------------------------------------------------------------------------------------------------------
#         Timing Point          Flags   Arc   Edge      Cell        Fanout Load Trans Delay Arrival Instance 
#                                                                          (fF)  (ps)  (ps)   (ps)  Location 
#------------------------------------------------------------------------------------------------------------
  clk                           (i,u)   -     R     (arrival)           39  0.0   129     0      76    (-,-) 
  clk                           -       -     -     (net)                -    -     -     -       -    (-,-) 
  clk                           -       -     -     (net)                -    -     -     -       -    (-,-) 
  smaller_mantissa_l_reg[0]/clk <<<     -     R     unmapped_d_flop     39    -     1     0      76    (-,-) 
#------------------------------------------------------------------------------------------------------------

#----------------------------------------------------------------------------------------------------------------
#         Timing Point          Flags    Arc    Edge       Cell         Fanout Load Trans Delay Arrival Instance 
#                                                                              (fF)  (ps)  (ps)   (ps)  Location 
#----------------------------------------------------------------------------------------------------------------
  smaller_mantissa_l_reg[0]/clk -       -       R     (arrival)             39    -     1     0       0    (-,-) 
  smaller_mantissa_l_reg[0]/q   (u)     clk->q  R     unmapped_d_flop       17 93.5     0   278     278    (-,-) 
  mantissa_sum[0]               -       -       -     (net)                  -    -     -     -       -    (-,-) 
  g9236/z                       (u)     in_1->z R     unmapped_or2           3 16.5     0    49     326    (-,-) 
  n_7974                        -       -       -     (net)                  -    -     -     -       -    (-,-) 
  g11890/z                      (u)     in_0->z F     unmapped_complex2      1  5.5     0    32     359    (-,-) 
  n_8247                        -       -       -     (net)                  -    -     -     -       -    (-,-) 
  g15172/z                      (u)     in_0->z R     unmapped_complex2      1  5.5     0    32     391    (-,-) 
  n_8366                        -       -       -     (net)                  -    -     -     -       -    (-,-) 
  g15160/z                      (u)     in_0->z F     unmapped_nand2         2 11.0     0    41     432    (-,-) 
  n_7976                        -       -       -     (net)                  -    -     -     -       -    (-,-) 
  g11641/z                      (u)     in_1->z F     unmapped_or2           2 11.0     0    41     472    (-,-) 
  n_7977                        -       -       -     (net)                  -    -     -     -       -    (-,-) 
  g11843/z                      (u)     in_0->z R     unmapped_nand2         2 11.0     0    41     513    (-,-) 
  n_8335                        -       -       -     (net)                  -    -     -     -       -    (-,-) 
  g12982/z                      (u)     in_0->z F     unmapped_complex2      2 11.0     0    41     554    (-,-) 
  n_8244                        -       -       -     (net)                  -    -     -     -       -    (-,-) 
  g15007/z                      (u)     in_0->z R     unmapped_nand2         2 11.0     0    41     595    (-,-) 
  n_7980                        -       -       -     (net)                  -    -     -     -       -    (-,-) 
  g15442/z                      (u)     in_0->z F     unmapped_complex2      1  5.5     0    32     627    (-,-) 
  n_8240                        -       -       -     (net)                  -    -     -     -       -    (-,-) 
  g14929/z                      (u)     in_0->z R     unmapped_nand2         2 11.0     0    41     668    (-,-) 
  n_7981                        -       -       -     (net)                  -    -     -     -       -    (-,-) 
  g15449/z                      (u)     in_0->z F     unmapped_complex2      1  5.5     0    32     700    (-,-) 
  n_8242                        -       -       -     (net)                  -    -     -     -       -    (-,-) 
  g14848/z                      (u)     in_0->z R     unmapped_nand2         2 11.0     0    41     741    (-,-) 
  n_7984                        -       -       -     (net)                  -    -     -     -       -    (-,-) 
  g14787/z                      (u)     in_0->z R     unmapped_complex2      1  5.5     0    32     773    (-,-) 
  n_9830                        -       -       -     (net)                  -    -     -     -       -    (-,-) 
  g14745/z                      (u)     in_0->z F     unmapped_nand2         2 11.0     0    41     814    (-,-) 
  n_8025                        -       -       -     (net)                  -    -     -     -       -    (-,-) 
  g14743/z                      (u)     in_0->z F     unmapped_complex2      1  5.5     0    32     846    (-,-) 
  n_11906                       -       -       -     (net)                  -    -     -     -       -    (-,-) 
  g14744/z                      (u)     in_1->z R     unmapped_nand2        11 60.5     0    86     932    (-,-) 
  n_8026                        -       -       -     (net)                  -    -     -     -       -    (-,-) 
  g14696/z                      (u)     in_0->z R     unmapped_complex2      1  5.5     0    32     965    (-,-) 
  n_8329                        -       -       -     (net)                  -    -     -     -       -    (-,-) 
  g15488/z                      (u)     in_0->z F     unmapped_complex2      1  5.5     0    32     997    (-,-) 
  n_9801                        -       -       -     (net)                  -    -     -     -       -    (-,-) 
  g14659/z                      (u)     in_1->z R     unmapped_complex2      1  5.5     0    32    1030    (-,-) 
  n_8330                        -       -       -     (net)                  -    -     -     -       -    (-,-) 
  g15511/z                      (u)     in_0->z F     unmapped_complex2      1  5.5     0    32    1062    (-,-) 
  n_9720                        -       -       -     (net)                  -    -     -     -       -    (-,-) 
  g14584/z                      (u)     in_1->z R     unmapped_complex2      1  5.5     0    32    1094    (-,-) 
  n_8331                        -       -       -     (net)                  -    -     -     -       -    (-,-) 
  g15539/z                      (u)     in_0->z F     unmapped_complex2      3 16.5     0    49    1143    (-,-) 
  n_8047                        -       -       -     (net)                  -    -     -     -       -    (-,-) 
  g14455/z                      (u)     in_1->z F     unmapped_or2           2 11.0     0    41    1184    (-,-) 
  n_8048                        -       -       -     (net)                  -    -     -     -       -    (-,-) 
  g14427/z                      (u)     in_0->z R     unmapped_nand2         2 11.0     0    41    1225    (-,-) 
  n_8051                        -       -       -     (net)                  -    -     -     -       -    (-,-) 
  g14400/z                      (u)     in_0->z F     unmapped_nand2         2 11.0     0    41    1265    (-,-) 
  n_8052                        -       -       -     (net)                  -    -     -     -       -    (-,-) 
  g14389/z                      (u)     in_1->z R     unmapped_nand2         2 11.0     0    41    1306    (-,-) 
  n_8053                        -       -       -     (net)                  -    -     -     -       -    (-,-) 
  g14364/z                      (u)     in_0->z F     unmapped_nand2         2 11.0     0    41    1347    (-,-) 
  n_8054                        -       -       -     (net)                  -    -     -     -       -    (-,-) 
  g15602/z                      (u)     in_0->z F     unmapped_complex2      2 11.0     0    41    1387    (-,-) 
  n_8188                        -       -       -     (net)                  -    -     -     -       -    (-,-) 
  g14339/z                      (u)     in_0->z R     unmapped_nand2         1  5.5     0    32    1420    (-,-) 
  n_8320                        -       -       -     (net)                  -    -     -     -       -    (-,-) 
  g14324/z                      (u)     in_0->z F     unmapped_complex2      1  5.5     0    32    1452    (-,-) 
  n_8055                        -       -       -     (net)                  -    -     -     -       -    (-,-) 
  g14302/z                      (u)     in_0->z R     unmapped_nand2         4 22.0     0    57    1509    (-,-) 
  n_8056                        -       -       -     (net)                  -    -     -     -       -    (-,-) 
  g15617/z                      (u)     in_0->z F     unmapped_complex2      1  5.5     0    32    1542    (-,-) 
  n_9411                        -       -       -     (net)                  -    -     -     -       -    (-,-) 
  g14203/z                      (u)     in_1->z F     unmapped_or2           2 11.0     0    41    1582    (-,-) 
  n_8305                        -       -       -     (net)                  -    -     -     -       -    (-,-) 
  g14175/z                      (u)     in_1->z R     unmapped_nand2         2 11.0     0    41    1623    (-,-) 
  n_8064                        -       -       -     (net)                  -    -     -     -       -    (-,-) 
  g14170/z                      (u)     in_1->z R     unmapped_or2           5 27.5     0    64    1687    (-,-) 
  n_8136                        -       -       -     (net)                  -    -     -     -       -    (-,-) 
  g14164/z                      (u)     in_0->z R     unmapped_complex2      1  5.5     0    32    1719    (-,-) 
  n_8603                        -       -       -     (net)                  -    -     -     -       -    (-,-) 
  g14143/z                      (u)     in_0->z R     unmapped_complex2      1  0.9     0    25    1744    (-,-) 
  fp_out[13]                    -       -       -     (net)                  -    -     -     -       -    (-,-) 
  fp_out[13]                    <<<     -       R     (port)                 -    -     -     0    1744    (-,-) 
#----------------------------------------------------------------------------------------------------------------

(u) : Net has unmapped pin(s).


