============================================================
  Generated by:           Genus(TM) Synthesis Solution 25.11-s095_1
  Generated on:           Mar 24 2026  07:19:57 am
  Module:                 sysarr_STANDARD
  Operating conditions:   typical 
  Interconnect mode:      global
  Area mode:              physical library
============================================================

# SETUP                  WNS   TNS  FEP 
# ----------------------------------------
 View: ALL               0.0   0.0    0 
    Group : in2out    1163.3   0.0    0 
    Group : in2reg       0.1   0.0    0 
    Group : reg2out   1040.4   0.0    0 
    Group : reg2reg      0.0   0.0    0 

 View: view_1p2_25       0.0  -0.0    0 
    Group : in2out    1163.3   0.0    0 
    Group : in2reg       0.1   0.0    0 
    Group : reg2out   1040.4   0.0    0 
    Group : reg2reg      0.0   0.0    0 

# ----------------------------------------
# DRV                          WNS      TNS   FEP 
# --------------------------------------------------
 View: ALL                                        
    Check: max_transition      -69  -3933.0    57 
    Check: max_capacitance   -52.4    -68.5     2 
    Check: max_fanout          N/A      N/A     0 

 View: view_1p2_25                                
    Check: max_transition      -69  -3933.0    57 
    Check: max_capacitance   -52.4    -68.5     2 
    Check: max_fanout          N/A      N/A     0 

# --------------------------------------------------
