============================================================
  Generated by:           Genus(TM) Synthesis Solution 25.11-s095_1
  Generated on:           Mar 10 2026  09:57:51 pm
  Operating conditions:   typical 
  Interconnect mode:      global
  Area mode:              physical library
============================================================

                               Leakage    Internal                         Library 
   Gate    Instances   Area  Power (nW)  Power (nW)         Library         Domain 
-----------------------------------------------------------------------------------
AND2_X1           25  26.600    657.692   26356.087 NangateOpenCellLibrary       0 
AND2_X2            2   2.660    114.566    4413.977 NangateOpenCellLibrary       0 
AND2_X4            3   7.182    317.459   13560.727 NangateOpenCellLibrary       0 
AND3_X1            3   3.990     87.817    4170.422 NangateOpenCellLibrary       0 
AND3_X2            1   1.596     68.425    4049.502 NangateOpenCellLibrary       0 
AND4_X1            6   9.576    162.498    1717.628 NangateOpenCellLibrary       0 
AOI211_X1          5   6.650    179.693    5015.591 NangateOpenCellLibrary       0 
AOI21_X1          31  32.984    789.893   32047.022 NangateOpenCellLibrary       0 
AOI21_X2           3   5.586    210.052     689.507 NangateOpenCellLibrary       0 
AOI221_X1          4   6.384    117.880    9037.493 NangateOpenCellLibrary       0 
AOI222_X1          1   2.128     21.313     776.626 NangateOpenCellLibrary       0 
AOI22_X1          23  30.590    665.488   25457.492 NangateOpenCellLibrary       0 
AOI22_X2           2   4.788    108.432     588.202 NangateOpenCellLibrary       0 
DFFR_X1            8  42.560    706.001   44042.244 NangateOpenCellLibrary       0 
HA_X1              4  10.640    258.276   11853.178 NangateOpenCellLibrary       0 
INV_X1           112  59.584   1647.114   44846.823 NangateOpenCellLibrary       0 
INV_X2             7   5.586    208.078    7863.675 NangateOpenCellLibrary       0 
INV_X4             1   1.330     54.665    2450.465 NangateOpenCellLibrary       0 
INV_X8             1   2.394    104.182    3855.982 NangateOpenCellLibrary       0 
MUX2_X1           39  72.618   1432.540   63105.509 NangateOpenCellLibrary       0 
NAND2_X1         137 109.326   2582.703   77874.812 NangateOpenCellLibrary       0 
NAND2_X2          13  17.290    578.151   13386.220 NangateOpenCellLibrary       0 
NAND2_X4           3   7.182    260.523    7385.052 NangateOpenCellLibrary       0 
NAND3_X1          17  18.088    486.883   14318.476 NangateOpenCellLibrary       0 
NAND3_X2           4   7.448    252.551    5166.820 NangateOpenCellLibrary       0 
NAND4_X1           8  10.640    131.010    3293.338 NangateOpenCellLibrary       0 
NAND4_X2           1   2.394      4.030      10.669 NangateOpenCellLibrary       0 
NOR2_X1           49  39.102   1079.361   26491.718 NangateOpenCellLibrary       0 
NOR2_X2            7   9.310    315.358    6098.063 NangateOpenCellLibrary       0 
NOR2_X4            3   7.182    256.378    8281.853 NangateOpenCellLibrary       0 
NOR3_X1            9   9.576    257.101    5395.504 NangateOpenCellLibrary       0 
NOR3_X2            1   1.862     60.230     253.319 NangateOpenCellLibrary       0 
NOR4_X1            6   7.980    219.957     984.539 NangateOpenCellLibrary       0 
OAI211_X1         11  14.630    339.824   12974.640 NangateOpenCellLibrary       0 
OAI21_X1          33  35.112    948.658   38737.244 NangateOpenCellLibrary       0 
OAI21_X2           1   1.862     38.443     207.841 NangateOpenCellLibrary       0 
OAI221_X1          4   6.384    242.666    7350.697 NangateOpenCellLibrary       0 
OAI222_X1          4   8.512    229.598    7545.635 NangateOpenCellLibrary       0 
OAI222_X4          1   3.724    155.705   10510.930 NangateOpenCellLibrary       0 
OAI22_X1           9  11.970    388.300    5804.691 NangateOpenCellLibrary       0 
OR2_X1            15  15.960    334.998   12543.133 NangateOpenCellLibrary       0 
OR3_X1             3   3.990     71.817    1126.194 NangateOpenCellLibrary       0 
OR4_X1             1   1.596     26.733     413.972 NangateOpenCellLibrary       0 
SDFFR_X1          25 166.250   2711.740  159403.469 NangateOpenCellLibrary       0 
XNOR2_X1          18  28.728    672.510   35406.434 NangateOpenCellLibrary       0 
XNOR2_X2           1   2.660     68.442    4255.262 NangateOpenCellLibrary       0 
XOR2_X1            5   7.980    172.514   12384.470 NangateOpenCellLibrary       0 
XOR2_X2            1   2.394     72.593    2068.502 NangateOpenCellLibrary       0 
-----------------------------------------------------------------------------------
total            671 894.558  20870.844  785571.643                                
                                          Leakage  Leakage  Internal  Internal 
     Type      Instances   Area  Area % Power (nW) Power % Power (nW)  Power % 
-------------------------------------------------------------------------------
sequential            33 208.810   23.3   3417.741    16.4 203445.712     25.9 
inverter             121  68.894    7.7   2014.039     9.7  59016.944      7.5 
logic                517 616.854   69.0  15439.063    74.0 523108.987     66.6 
physical_cells         0   0.000    0.0      0.000     0.0      0.000      0.0 
-------------------------------------------------------------------------------
total                671 894.558  100.0  20870.844   100.0 785571.643    100.0 
