============================================================
  Generated by:           Genus(TM) Synthesis Solution 25.11-s095_1
  Generated on:           Jun 13 2026  05:51:57 am
  Operating conditions:   typical 
  Interconnect mode:      global
  Area mode:              physical library
============================================================

                                 Leakage      Internal                          Library 
   Gate    Instances    Area    Power (nW)   Power (nW)          Library         Domain 
----------------------------------------------------------------------------------------
AND2_X1          660   702.240   16782.060    661906.069 NangateOpenCellLibrary       0 
AND2_X2           95   126.350    5223.040    292914.336 NangateOpenCellLibrary       0 
AND2_X4           10    23.940    1073.609     52738.407 NangateOpenCellLibrary       0 
AND3_X1           36    47.880    1076.403     36109.812 NangateOpenCellLibrary       0 
AND3_X2            7    11.172     473.685     11223.916 NangateOpenCellLibrary       0 
AND3_X4            3     8.778     348.864     18018.182 NangateOpenCellLibrary       0 
AND4_X1           21    33.516     581.203     10678.055 NangateOpenCellLibrary       0 
AND4_X2            1     1.862      50.242      1435.942 NangateOpenCellLibrary       0 
AOI211_X1         16    21.280     572.490     11660.397 NangateOpenCellLibrary       0 
AOI211_X2          1     2.394      75.817      2946.280 NangateOpenCellLibrary       0 
AOI21_X1         328   348.992    8988.125    394014.884 NangateOpenCellLibrary       0 
AOI21_X2          73   135.926    4048.596    193632.748 NangateOpenCellLibrary       0 
AOI21_X4          13    44.954    1340.712     46179.195 NangateOpenCellLibrary       0 
AOI221_X1         58    92.568    2177.300    101607.695 NangateOpenCellLibrary       0 
AOI221_X2          2     5.852     204.020      3647.770 NangateOpenCellLibrary       0 
AOI222_X1         39    82.992    1773.591     88401.445 NangateOpenCellLibrary       0 
AOI222_X2          3    11.172     293.213     13173.375 NangateOpenCellLibrary       0 
AOI22_X1         561   746.130   15484.458    543464.264 NangateOpenCellLibrary       0 
AOI22_X2          22    52.668    1552.164     51815.022 NangateOpenCellLibrary       0 
BUF_X1             2     1.596      45.200      1967.220 NangateOpenCellLibrary       0 
BUF_X2            13    13.832     538.244     24636.719 NangateOpenCellLibrary       0 
BUF_X8             1     3.458     174.801     14496.677 NangateOpenCellLibrary       0 
CLKBUF_X1          7     5.586      81.511      2762.259 NangateOpenCellLibrary       0 
CLKBUF_X2          4     4.256      91.983     12197.280 NangateOpenCellLibrary       0 
DFFR_X1         1489  7921.480  131277.242  10713444.875 NangateOpenCellLibrary       0 
DFF_X1           148   669.256   11663.318   1324396.194 NangateOpenCellLibrary       0 
FA_X1            778  3311.168   52767.326   3842651.120 NangateOpenCellLibrary       0 
HA_X1             92   244.720    5664.500    286196.873 NangateOpenCellLibrary       0 
INV_X1          2285  1215.620   33226.946   1116641.693 NangateOpenCellLibrary       0 
INV_X16            5    22.610    1159.398     60523.958 NangateOpenCellLibrary       0 
INV_X2           111    88.578    3263.986    118203.704 NangateOpenCellLibrary       0 
INV_X4            27    35.910    1474.280     60774.307 NangateOpenCellLibrary       0 
INV_X8            16    38.304    1893.591     79085.396 NangateOpenCellLibrary       0 
MUX2_X1          637  1186.094   23121.196   1425517.529 NangateOpenCellLibrary       0 
MUX2_X2            9    21.546     626.710     46427.279 NangateOpenCellLibrary       0 
NAND2_X1        2052  1637.496   40541.927   1264575.303 NangateOpenCellLibrary       0 
NAND2_X2         126   167.580    5178.248    167838.773 NangateOpenCellLibrary       0 
NAND2_X4          36    86.184    3420.739    100798.142 NangateOpenCellLibrary       0 
NAND3_X1         167   177.688    4578.584    110827.309 NangateOpenCellLibrary       0 
NAND3_X2          21    39.102    1804.779     41741.230 NangateOpenCellLibrary       0 
NAND3_X4           2     6.916     289.412     11107.327 NangateOpenCellLibrary       0 
NAND4_X1          68    90.440    1437.127     12342.747 NangateOpenCellLibrary       0 
NAND4_X2           3     7.182      92.100      4072.890 NangateOpenCellLibrary       0 
NAND4_X4           3    14.364     313.051     13032.576 NangateOpenCellLibrary       0 
NOR2_X1         1513  1207.374   33073.234    812549.764 NangateOpenCellLibrary       0 
NOR2_X2          158   210.140    6601.180    211931.679 NangateOpenCellLibrary       0 
NOR2_X4           25    59.850    2229.958     57481.127 NangateOpenCellLibrary       0 
NOR3_X1          118   125.552    3191.526     54546.551 NangateOpenCellLibrary       0 
NOR3_X2            7    13.034     375.107     14184.832 NangateOpenCellLibrary       0 
NOR3_X4           14    52.136    1533.752     43837.720 NangateOpenCellLibrary       0 
NOR4_X1          127   168.910    4309.946     46912.612 NangateOpenCellLibrary       0 
OAI211_X1         79   105.070    3514.048     84075.207 NangateOpenCellLibrary       0 
OAI211_X2          3     7.182     122.085     10361.224 NangateOpenCellLibrary       0 
OAI21_X1         880   936.320   27249.614    891976.763 NangateOpenCellLibrary       0 
OAI21_X2          71   132.202    3784.238    153290.187 NangateOpenCellLibrary       0 
OAI21_X4          16    55.328    1893.616     88756.469 NangateOpenCellLibrary       0 
OAI221_X1         29    46.284    1184.216     23759.801 NangateOpenCellLibrary       0 
OAI222_X1         20    42.560    1001.488     26149.426 NangateOpenCellLibrary       0 
OAI22_X1         440   585.200   19171.969    370910.385 NangateOpenCellLibrary       0 
OAI22_X2          13    31.122    1061.450     35161.358 NangateOpenCellLibrary       0 
OAI22_X4           3    13.566     385.180     16640.806 NangateOpenCellLibrary       0 
OR2_X1           566   602.224   13257.615    572813.578 NangateOpenCellLibrary       0 
OR2_X2            44    58.520    2025.400     88053.998 NangateOpenCellLibrary       0 
OR2_X4             8    19.152     706.859     27571.045 NangateOpenCellLibrary       0 
OR3_X1            76   101.080    1978.829     30160.652 NangateOpenCellLibrary       0 
OR3_X2             1     1.596      47.577      2996.560 NangateOpenCellLibrary       0 
OR4_X1            79   126.084    2217.423     20992.260 NangateOpenCellLibrary       0 
SDFFR_X1          41   272.650    4385.124    378290.960 NangateOpenCellLibrary       0 
SDFF_X1            1     6.118      98.600      9692.985 NangateOpenCellLibrary       0 
XNOR2_X1         586   935.256   22072.064    877784.153 NangateOpenCellLibrary       0 
XNOR2_X2          59   156.940    4288.359    273628.916 NangateOpenCellLibrary       0 
XOR2_X1           62    98.952    2256.052    150050.829 NangateOpenCellLibrary       0 
XOR2_X2           10    23.940     723.843     50129.836 NangateOpenCellLibrary       0 
----------------------------------------------------------------------------------------
total          15100 25705.974  551586.141  28816518.857                                
                                            Leakage  Leakage   Internal   Internal 
     Type      Instances    Area   Area % Power (nW) Power %  Power (nW)   Power % 
-----------------------------------------------------------------------------------
sequential          1679  8869.504   34.5 147424.284    26.7 12425825.013     43.1 
inverter            2444  1401.022    5.5  41018.200     7.4  1435229.059      5.0 
buffer                27    28.728    0.1    931.739     0.2    56060.155      0.2 
logic              10950 15406.720   59.9 362211.918    65.7 14899404.629     51.7 
physical_cells         0     0.000    0.0      0.000     0.0        0.000      0.0 
-----------------------------------------------------------------------------------
total              15100 25705.974  100.0 551586.141   100.0 28816518.857    100.0 
