============================================================
  Generated by:           Genus(TM) Synthesis Solution 25.11-s095_1
  Generated on:           Mar 11 2026  01:52:57 pm
  Module:                 sysarr_n_input_fp_adder
  Operating conditions:   typical 
  Interconnect mode:      global
  Area mode:              physical library
============================================================


Path 1: MET (0 ps) Setup Check with Pin st2_sum_mag_reg[25]/CK->D
           View: view_1p2_25
          Group: clock1
     Startpoint: (R) st1_hot_ones_reg[0]/CK
          Clock: (R) clock1
       Endpoint: (F) st2_sum_mag_reg[25]/D
          Clock: (R) clock1

                     Capture       Launch     
        Clock Edge:+    1111            0     
       Src Latency:+       0            0     
       Net Latency:+       0 (I)        0 (I) 
           Arrival:=    1111            0     
                                              
             Setup:-      40                  
       Uncertainty:-       0                  
     Required Time:=    1071                  
      Launch Clock:-       0                  
         Data Path:-    1071                  
             Slack:=       0                  

Launch clock path:
#-----------------------------------------------------------------------------------------------
#     Timing Point       Flags   Arc   Edge   Cell     Fanout Load Trans Delay Arrival Instance 
#                                                             (fF)  (ps)  (ps)   (ps)  Location 
#-----------------------------------------------------------------------------------------------
  clk                    (i)     -     R     (arrival)    140  0.0     0     0       0    (-,-) 
  clk                    -       -     -     (net)          -    -     -     -       -    (-,-) 
  clk                    -       -     -     (net)          -    -     -     -       -    (-,-) 
  st1_hot_ones_reg[0]/CK <<<     -     R     DFFR_X1      140    -     1     0       0    (-,-) 
#-----------------------------------------------------------------------------------------------

#-------------------------------------------------------------------------------------------------------------
#            Timing Point             Flags    Arc   Edge   Cell     Fanout Load Trans Delay Arrival Instance 
#                                                                           (fF)  (ps)  (ps)   (ps)  Location 
#-------------------------------------------------------------------------------------------------------------
  st1_hot_ones_reg[0]/CK              -       -      R     (arrival)    140    -     1     0       0    (-,-) 
  st1_hot_ones_reg[0]/Q               -       CK->Q  R     DFFR_X1        4  9.1    25   117     117    (-,-) 
  st1_hot_ones[0]                     -       -      -     (net)          -    -     -     -       -    (-,-) 
  csa_tree_add_206_78_groupi_g2308/CO -       B->CO  R     HA_X1          1  4.0    13    42     159    (-,-) 
  csa_tree_add_206_78_groupi_n_28     -       -      -     (net)          -    -     -     -       -    (-,-) 
  csa_tree_add_206_78_groupi_g2184/S  -       A->S   F     FA_X1          2  3.1    16    89     248    (-,-) 
  n_5807                              -       -      -     (net)          -    -     -     -       -    (-,-) 
  g126716/ZN                          -       A->ZN  R     INV_X1         1  3.5    12    21     269    (-,-) 
  n_5782                              -       -      -     (net)          -    -     -     -       -    (-,-) 
  g259034/CO                          -       A->CO  R     HA_X1          2  3.2    12    35     304    (-,-) 
  n_6245                              -       -      -     (net)          -    -     -     -       -    (-,-) 
  inc_add_209_43_g733/ZN              -       A2->ZN R     AND2_X1        3  5.5    16    42     346    (-,-) 
  inc_add_209_43_n_587                -       -      -     (net)          -    -     -     -       -    (-,-) 
  inc_add_209_43_g731/ZN              -       A1->ZN R     AND2_X1        1  3.5    12    38     384    (-,-) 
  inc_add_209_43_n_582                -       -      -     (net)          -    -     -     -       -    (-,-) 
  inc_add_209_43_g729/CO              -       A->CO  R     HA_X1          1  3.5    12    36     421    (-,-) 
  inc_add_209_43_n_580                -       -      -     (net)          -    -     -     -       -    (-,-) 
  inc_add_209_43_g728/CO              -       A->CO  R     HA_X1          1  3.5    12    36     457    (-,-) 
  inc_add_209_43_n_578                -       -      -     (net)          -    -     -     -       -    (-,-) 
  inc_add_209_43_g727/CO              -       A->CO  R     HA_X1          1  3.7    12    37     493    (-,-) 
  inc_add_209_43_n_576                -       -      -     (net)          -    -     -     -       -    (-,-) 
  inc_add_209_43_g726/CO              -       B->CO  R     HA_X1          1  3.7    12    38     531    (-,-) 
  inc_add_209_43_n_574                -       -      -     (net)          -    -     -     -       -    (-,-) 
  inc_add_209_43_g725/CO              -       B->CO  R     HA_X1          1  3.7    12    38     569    (-,-) 
  inc_add_209_43_n_572                -       -      -     (net)          -    -     -     -       -    (-,-) 
  inc_add_209_43_g724/CO              -       B->CO  R     HA_X1          2  3.9    13    38     607    (-,-) 
  inc_add_209_43_n_569                -       -      -     (net)          -    -     -     -       -    (-,-) 
  inc_add_209_43_g722/ZN              -       A1->ZN R     AND2_X2        3  7.2    12    36     643    (-,-) 
  inc_add_209_43_n_565                -       -      -     (net)          -    -     -     -       -    (-,-) 
  inc_add_209_43_g718/ZN              -       A1->ZN R     AND3_X2        3  8.7    16    48     691    (-,-) 
  inc_add_209_43_n_556                -       -      -     (net)          -    -     -     -       -    (-,-) 
  inc_add_209_43_g714/ZN              -       A1->ZN R     AND3_X4        3  7.2    10    40     731    (-,-) 
  inc_add_209_43_n_544                -       -      -     (net)          -    -     -     -       -    (-,-) 
  inc_add_209_43_g2/ZN                -       A1->ZN R     AND3_X2        4  7.2    14    45     776    (-,-) 
  inc_add_209_43_n_617                -       -      -     (net)          -    -     -     -       -    (-,-) 
  inc_add_209_43_g703/ZN              -       A1->ZN R     AND3_X1        4  7.9    23    60     836    (-,-) 
  inc_add_209_43_n_524                -       -      -     (net)          -    -     -     -       -    (-,-) 
  inc_add_209_43_g696/ZN              -       A1->ZN F     NAND3_X1       3  7.1    25    39     874    (-,-) 
  inc_add_209_43_n_514                -       -      -     (net)          -    -     -     -       -    (-,-) 
  inc_add_209_43_g692/ZN              -       A1->ZN R     NOR2_X2        2  3.8    18    31     906    (-,-) 
  inc_add_209_43_n_510                -       -      -     (net)          -    -     -     -       -    (-,-) 
  inc_add_209_43_g689/ZN              -       A1->ZN F     NAND2_X1       3  5.8    14    25     930    (-,-) 
  inc_add_209_43_n_502                -       -      -     (net)          -    -     -     -       -    (-,-) 
  inc_add_209_43_g685/ZN              -       A1->ZN R     NOR2_X1        2  3.8    25    36     967    (-,-) 
  inc_add_209_43_n_498                -       -      -     (net)          -    -     -     -       -    (-,-) 
  inc_add_209_43_g682/ZN              -       A1->ZN F     NAND2_X1       2  4.2    14    23     990    (-,-) 
  inc_add_209_43_n_492                -       -      -     (net)          -    -     -     -       -    (-,-) 
  g259017/Z                           -       A->Z   F     XOR2_X1        1  1.8    11    52    1042    (-,-) 
  n_6226                              -       -      -     (net)          -    -     -     -       -    (-,-) 
  g151541__2398/ZN                    -       A1->ZN R     NAND2_X1       1  1.9    14    16    1058    (-,-) 
  n_4774                              -       -      -     (net)          -    -     -     -       -    (-,-) 
  g151476__1666/ZN                    -       A1->ZN F     NAND2_X1       1  1.4     7    13    1071    (-,-) 
  n_4847                              -       -      -     (net)          -    -     -     -       -    (-,-) 
  st2_sum_mag_reg[25]/D               <<<     -      F     DFFR_X1        1    -     -     0    1071    (-,-) 
#-------------------------------------------------------------------------------------------------------------

Capture clock path:
#-----------------------------------------------------------------------------------------------
#     Timing Point       Flags   Arc   Edge   Cell     Fanout Load Trans Delay Arrival Instance 
#                                                             (fF)  (ps)  (ps)   (ps)  Location 
#-----------------------------------------------------------------------------------------------
  clk                    (i)     -     R     (arrival)    140  0.0     0     0    1111    (-,-) 
  clk                    -       -     -     (net)          -    -     -     -       -    (-,-) 
  clk                    -       -     -     (net)          -    -     -     -       -    (-,-) 
  st2_sum_mag_reg[25]/CK <<<     -     R     DFFR_X1      140    -     1     0    1111    (-,-) 
#-----------------------------------------------------------------------------------------------


