============================================================
  Generated by:           Genus(TM) Synthesis Solution 25.11-s095_1
  Generated on:           Mar 10 2026  12:35:51 pm
  Module:                 mul_bf
  Operating conditions:   typical 
  Interconnect mode:      global
  Area mode:              physical library
============================================================


Path 1: MET (11 ps) Setup Check with Pin result_reg[22]/CK->D
           View: view_1p2_25
          Group: clock1
     Startpoint: (R) b[0]
          Clock: (R) clock1
       Endpoint: (F) result_reg[22]/D
          Clock: (R) clock1

                     Capture       Launch     
        Clock Edge:+    1075            0     
        Drv Adjust:+       0            0     
       Src Latency:+       0            0     
       Net Latency:+       0 (I)        0 (I) 
           Arrival:=    1075            0     
                                              
             Setup:-      44                  
       Uncertainty:-       0                  
     Required Time:=    1031                  
      Launch Clock:-       0                  
       Input Delay:-       1                  
         Data Path:-    1019                  
             Slack:=      11                  

Exceptions/Constraints:
  input_delay              1              mul_bf.sdc_line_20_33_1   

#------------------------------------------------------------------------------------------
#  Timing Point    Flags    Arc   Edge   Cell     Fanout Load Trans Delay Arrival Instance 
#                                                        (fF)  (ps)  (ps)   (ps)  Location 
#------------------------------------------------------------------------------------------
  b[0]             -       -      R     (arrival)     11 23.5     0     0       1    (-,-) 
  b[0]             -       -      -     (net)          -    -     -     -       -    (-,-) 
  g19247__5107/ZN  -       A2->ZN F     NAND2_X2       1  3.2     6    10      11    (-,-) 
  n_8              -       -      -     (net)          -    -     -     -       -    (-,-) 
  g19235/ZN        -       A->ZN  R     INV_X2         1  3.4     7    11      23    (-,-) 
  n_26             -       -      -     (net)          -    -     -     -       -    (-,-) 
  g19191__7098/ZN  -       A1->ZN F     NAND2_X2       2  4.9     8    13      36    (-,-) 
  n_142            -       -      -     (net)          -    -     -     -       -    (-,-) 
  g19138__9315/ZN  -       A1->ZN R     NAND2_X1       1  1.9    10    14      51    (-,-) 
  n_144            -       -      -     (net)          -    -     -     -       -    (-,-) 
  g19087__7482/ZN  -       A1->ZN F     NAND2_X1       2  3.3    10    16      67    (-,-) 
  n_225            -       -      -     (net)          -    -     -     -       -    (-,-) 
  g19075__2883/ZN  -       A1->ZN R     NOR2_X1        4  8.3    46    57     124    (-,-) 
  n_353            -       -      -     (net)          -    -     -     -       -    (-,-) 
  g19038__6417/ZN  -       A->ZN  F     AOI21_X1       3  5.6    19    28     152    (-,-) 
  n_329            -       -      -     (net)          -    -     -     -       -    (-,-) 
  g18936__5477/ZN  -       B->ZN  F     XNOR2_X1       1  2.4    16    45     198    (-,-) 
  n_330            -       -      -     (net)          -    -     -     -       -    (-,-) 
  g18908__4319/ZN  -       A->ZN  F     XNOR2_X1       2  3.5    17    45     242    (-,-) 
  n_375            -       -      -     (net)          -    -     -     -       -    (-,-) 
  g18886/ZN        -       A->ZN  R     INV_X1         1  1.9     9    17     260    (-,-) 
  n_376            -       -      -     (net)          -    -     -     -       -    (-,-) 
  g18885__5115/ZN  -       A1->ZN F     NAND2_X1       2  3.5    12    16     276    (-,-) 
  n_394            -       -      -     (net)          -    -     -     -       -    (-,-) 
  g18875__8428/ZN  -       A1->ZN R     NAND2_X1       2  3.8    14    21     298    (-,-) 
  n_404            -       -      -     (net)          -    -     -     -       -    (-,-) 
  g18855__9315/ZN  -       A1->ZN F     NAND2_X1       2  3.5    10    18     316    (-,-) 
  n_441            -       -      -     (net)          -    -     -     -       -    (-,-) 
  g18846__1705/ZN  -       A1->ZN R     NAND2_X1       1  1.9    10    16     332    (-,-) 
  n_442            -       -      -     (net)          -    -     -     -       -    (-,-) 
  g18839__1617/ZN  -       A1->ZN F     NAND2_X1       2  3.5    10    17     348    (-,-) 
  n_448            -       -      -     (net)          -    -     -     -       -    (-,-) 
  g18830__6783/ZN  -       B1->ZN R     OAI21_X1       2  3.9    29    38     387    (-,-) 
  n_450            -       -      -     (net)          -    -     -     -       -    (-,-) 
  g18827__4319/ZN  -       A1->ZN F     AOI22_X1       2  4.7    21    27     414    (-,-) 
  n_452            -       -      -     (net)          -    -     -     -       -    (-,-) 
  g18824__5107/ZN  -       B1->ZN R     OAI21_X2       3  6.3    26    39     453    (-,-) 
  n_455            -       -      -     (net)          -    -     -     -       -    (-,-) 
  g18822/ZN        -       A->ZN  F     INV_X1         1  1.8     8    10     463    (-,-) 
  n_454            -       -      -     (net)          -    -     -     -       -    (-,-) 
  g18820__7410/ZN  -       B1->ZN R     OAI21_X1       1  3.4    26    35     498    (-,-) 
  n_456            -       -      -     (net)          -    -     -     -       -    (-,-) 
  g18818__2883/ZN  -       B1->ZN F     AOI21_X2       2  4.7    12    20     518    (-,-) 
  n_458            -       -      -     (net)          -    -     -     -       -    (-,-) 
  g18816/ZN        -       A->ZN  R     INV_X1         2  3.8    12    19     537    (-,-) 
  n_463            -       -      -     (net)          -    -     -     -       -    (-,-) 
  g18812__7482/ZN  -       A1->ZN F     AOI22_X1       1  1.8    19    15     552    (-,-) 
  n_465            -       -      -     (net)          -    -     -     -       -    (-,-) 
  g18802__1705/ZN  -       B1->ZN R     OAI21_X1       2  3.9    29    42     594    (-,-) 
  n_472            -       -      -     (net)          -    -     -     -       -    (-,-) 
  g18798__6783/ZN  -       A3->ZN F     NAND3_X1       2  3.5    16    30     623    (-,-) 
  n_476            -       -      -     (net)          -    -     -     -       -    (-,-) 
  g18795__4319/ZN  -       A1->ZN R     NAND4_X1       2  3.7    19    26     649    (-,-) 
  n_482            -       -      -     (net)          -    -     -     -       -    (-,-) 
  g18793__2398/ZN  -       A1->ZN F     NAND2_X1       1  2.4    10    17     666    (-,-) 
  n_483            -       -      -     (net)          -    -     -     -       -    (-,-) 
  g18786__2346/ZN  -       A->ZN  F     XNOR2_X1       3  4.1    14    43     709    (-,-) 
  n_494            -       -      -     (net)          -    -     -     -       -    (-,-) 
  g18780__4733/ZN  -       A2->ZN F     OR2_X1         1  1.1     8    50     759    (-,-) 
  n_490            -       -      -     (net)          -    -     -     -       -    (-,-) 
  g18772__7098/ZN  -       A1->ZN F     OR3_X1         1  1.1    12    63     821    (-,-) 
  n_497            -       -      -     (net)          -    -     -     -       -    (-,-) 
  g18769__3680/ZN  -       A1->ZN F     OR2_X1         1  1.2     9    45     866    (-,-) 
  n_505            -       -      -     (net)          -    -     -     -       -    (-,-) 
  g18766__8428/ZN  -       A2->ZN F     OR2_X1         3  5.2    13    57     923    (-,-) 
  n_508            -       -      -     (net)          -    -     -     -       -    (-,-) 
  g18764__6260/ZN  -       A1->ZN R     NAND2_X1       1  2.0    10    17     940    (-,-) 
  n_509            -       -      -     (net)          -    -     -     -       -    (-,-) 
  g18760__5477/ZN  -       A1->ZN R     OR2_X2        14 26.2    33    51     991    (-,-) 
  n_545            -       -      -     (net)          -    -     -     -       -    (-,-) 
  g18716__6260/ZN  -       C1->ZN F     OAI221_X1      1  1.4    18    29    1020    (-,-) 
  n_554            -       -      -     (net)          -    -     -     -       -    (-,-) 
  result_reg[22]/D <<<     -      F     DFFR_X1        1    -     -     0    1020    (-,-) 
#------------------------------------------------------------------------------------------

Capture clock path:
#------------------------------------------------------------------------------------------
#   Timing Point    Flags   Arc   Edge   Cell     Fanout Load Trans Delay Arrival Instance 
#                                                        (fF)  (ps)  (ps)   (ps)  Location 
#------------------------------------------------------------------------------------------
  clk               (i)     -     R     (arrival)     25  0.0     0     0    1075    (-,-) 
  clk               -       -     -     (net)          -    -     -     -       -    (-,-) 
  clk               -       -     -     (net)          -    -     -     -       -    (-,-) 
  result_reg[22]/CK <<<     -     R     DFFR_X1       25    -     1     0    1075    (-,-) 
#------------------------------------------------------------------------------------------


