============================================================
  Generated by:           Genus(TM) Synthesis Solution 25.11-s095_1
  Generated on:           Mar 11 2026  03:09:39 am
  Module:                 sysarr_4_input_fp_adder
  Operating conditions:   typical 
  Interconnect mode:      global
  Area mode:              physical library
============================================================


Path 1: MET (7 ps) Setup Check with Pin st1_sum_vec_reg[1]/CK->D
           View: view_1p2_25
          Group: clock1
     Startpoint: (F) add_a[23]
          Clock: (R) clock1
       Endpoint: (F) st1_sum_vec_reg[1]/D
          Clock: (R) clock1

                     Capture       Launch     
        Clock Edge:+    1492            0     
        Drv Adjust:+       0            0     
       Src Latency:+       0            0     
       Net Latency:+       0 (I)        0 (I) 
           Arrival:=    1492            0     
                                              
             Setup:-      39                  
       Uncertainty:-       0                  
     Required Time:=    1454                  
      Launch Clock:-       0                  
       Input Delay:-       1                  
         Data Path:-    1446                  
             Slack:=       7                  

Exceptions/Constraints:
  input_delay              1              sysarr_4_input_fp_ad_line_21_9_1   

#----------------------------------------------------------------------------------------------
#    Timing Point      Flags    Arc   Edge   Cell     Fanout Load Trans Delay Arrival Instance 
#                                                            (fF)  (ps)  (ps)   (ps)  Location 
#----------------------------------------------------------------------------------------------
  add_a[23]            -       -      F     (arrival)      5  8.1     0     0       1    (-,-) 
  add_a[23]            -       -      -     (net)          -    -     -     -       -    (-,-) 
  g69582/ZN            -       A->ZN  R     INV_X1         1  1.9     7     9      10    (-,-) 
  n_49                 -       -      -     (net)          -    -     -     -       -    (-,-) 
  g69556/ZN            -       A1->ZN F     NAND2_X1       1  3.5    10    16      26    (-,-) 
  n_75                 -       -      -     (net)          -    -     -     -       -    (-,-) 
  g69527/ZN            -       A2->ZN R     NOR2_X2        1  3.4    16    28      54    (-,-) 
  n_104                -       -      -     (net)          -    -     -     -       -    (-,-) 
  g69479/ZN            -       B1->ZN F     OAI21_X2       1  3.2    10    16      70    (-,-) 
  n_149                -       -      -     (net)          -    -     -     -       -    (-,-) 
  g69467/ZN            -       A1->ZN R     NAND2_X2       1  3.5    10    15      85    (-,-) 
  n_164                -       -      -     (net)          -    -     -     -       -    (-,-) 
  g69633/ZN            -       A1->ZN R     AND2_X4        1  6.7     9    29     114    (-,-) 
  n_1                  -       -      -     (net)          -    -     -     -       -    (-,-) 
  g69446/ZN            -       B1->ZN F     OAI21_X4       1  6.0    17    13     127    (-,-) 
  n_180                -       -      -     (net)          -    -     -     -       -    (-,-) 
  g69442/ZN            -       A1->ZN R     NAND2_X4      24 47.3    32    43     171    (-,-) 
  n_184                -       -      -     (net)          -    -     -     -       -    (-,-) 
  g69440/ZN            -       A->ZN  F     INV_X1         3  4.5    12    17     187    (-,-) 
  n_183                -       -      -     (net)          -    -     -     -       -    (-,-) 
  g69430__5122/ZN      -       A1->ZN R     AOI22_X1       4  7.6    52    62     250    (-,-) 
  n_200                -       -      -     (net)          -    -     -     -       -    (-,-) 
  g69375__7410/ZN      -       A2->ZN F     NOR2_X1        3  4.8    17    23     272    (-,-) 
  n_248                -       -      -     (net)          -    -     -     -       -    (-,-) 
  g69354__1617/ZN      -       A2->ZN R     NOR2_X1        1  2.0    17    33     306    (-,-) 
  n_265                -       -      -     (net)          -    -     -     -       -    (-,-) 
  g69342__2398/ZN      -       A->ZN  F     OAI21_X1       1  1.9    13    21     326    (-,-) 
  n_281                -       -      -     (net)          -    -     -     -       -    (-,-) 
  g69341__5477/ZN      -       A1->ZN R     NAND3_X1       1  1.9    12    18     345    (-,-) 
  n_282                -       -      -     (net)          -    -     -     -       -    (-,-) 
  g69340__6417/ZN      -       A1->ZN F     NAND2_X1       1  3.0    10    17     361    (-,-) 
  n_283                -       -      -     (net)          -    -     -     -       -    (-,-) 
  g69339__7410/ZN      -       B1->ZN R     AOI21_X2       3 10.4    38    44     406    (-,-) 
  n_284                -       -      -     (net)          -    -     -     -       -    (-,-) 
  g69337__1666/ZN      -       A1->ZN F     NAND2_X1       3  5.2    18    29     435    (-,-) 
  n_287                -       -      -     (net)          -    -     -     -       -    (-,-) 
  g69333__2883/ZN      -       A1->ZN R     NAND2_X1       1  6.5    20    31     466    (-,-) 
  n_290                -       -      -     (net)          -    -     -     -       -    (-,-) 
  g69332__9945/ZN      -       A->ZN  F     OAI21_X4      24 44.0    28    42     508    (-,-) 
  n_292                -       -      -     (net)          -    -     -     -       -    (-,-) 
  g69330/ZN            -       A->ZN  R     INV_X4        29 54.8    34    52     560    (-,-) 
  n_291                -       -      -     (net)          -    -     -     -       -    (-,-) 
  g69324__6131/ZN      -       A1->ZN F     NAND2_X1       2  3.5    15    23     583    (-,-) 
  n_305                -       -      -     (net)          -    -     -     -       -    (-,-) 
  g69299__1666/ZN      -       A1->ZN R     NAND2_X1       3  6.7    21    30     612    (-,-) 
  n_331                -       -      -     (net)          -    -     -     -       -    (-,-) 
  g69281/ZN            -       A->ZN  F     INV_X1         4  6.4    10    18     631    (-,-) 
  n_330                -       -      -     (net)          -    -     -     -       -    (-,-) 
  g69139__1705/ZN      -       A1->ZN R     OAI22_X1       1  2.0    31    29     660    (-,-) 
  n_444                -       -      -     (net)          -    -     -     -       -    (-,-) 
  g69060__5526/ZN      -       A->ZN  F     OAI21_X1       7 11.3    27    46     706    (-,-) 
  n_552                -       -      -     (net)          -    -     -     -       -    (-,-) 
  g68972__6161/ZN      -       A1->ZN R     NOR2_X1        1  3.5    25    41     746    (-,-) 
  n_627                -       -      -     (net)          -    -     -     -       -    (-,-) 
  g68819__5122/CO      -       A->CO  R     HA_X1          1  1.9    10    36     782    (-,-) 
  n_783                -       -      -     (net)          -    -     -     -       -    (-,-) 
  g68812__1617/ZN      -       A->ZN  F     AOI21_X1       2  4.1    14    16     798    (-,-) 
  n_805                -       -      -     (net)          -    -     -     -       -    (-,-) 
  g68807/ZN            -       A->ZN  R     INV_X1         1  2.0     9    16     814    (-,-) 
  n_806                -       -      -     (net)          -    -     -     -       -    (-,-) 
  g68763__2346/ZN      -       A1->ZN F     AOI22_X1       2  4.2    17    19     833    (-,-) 
  n_856                -       -      -     (net)          -    -     -     -       -    (-,-) 
  g68668__4319/ZN      -       A1->ZN R     AOI22_X1       2  4.4    37    48     881    (-,-) 
  n_947                -       -      -     (net)          -    -     -     -       -    (-,-) 
  g68601__8428/ZN      -       C1->ZN F     AOI211_X1      1  1.7    14    21     902    (-,-) 
  n_1007               -       -      -     (net)          -    -     -     -       -    (-,-) 
  g68585__7482/ZN      -       A1->ZN R     NOR2_X1        2  3.8    25    36     938    (-,-) 
  n_1030               -       -      -     (net)          -    -     -     -       -    (-,-) 
  g68582/ZN            -       A->ZN  F     INV_X1         2  2.2     8    11     948    (-,-) 
  n_1031               -       -      -     (net)          -    -     -     -       -    (-,-) 
  g68564__5107/ZN      -       A2->ZN F     OR3_X1        11 18.6    31   110    1059    (-,-) 
  n_1056               -       -      -     (net)          -    -     -     -       -    (-,-) 
  g68556/ZN            -       A->ZN  R     INV_X1         3  5.6    19    33    1092    (-,-) 
  n_1055               -       -      -     (net)          -    -     -     -       -    (-,-) 
  g68545__8246/ZN      -       A1->ZN F     NAND2_X1       5  8.1    30    30    1122    (-,-) 
  n_1075               -       -      -     (net)          -    -     -     -       -    (-,-) 
  g68537/ZN            -       A->ZN  R     INV_X1         3  5.5    18    32    1154    (-,-) 
  n_1074               -       -      -     (net)          -    -     -     -       -    (-,-) 
  g68519__9315/ZN      -       A1->ZN F     NAND2_X1       2  3.5    22    20    1174    (-,-) 
  n_1106               -       -      -     (net)          -    -     -     -       -    (-,-) 
  g68484__5115/ZN      -       A->ZN  R     AOI221_X1      1  2.0    44    78    1252    (-,-) 
  n_1129               -       -      -     (net)          -    -     -     -       -    (-,-) 
  g68434__2346/ZN      -       B->ZN  F     AOI211_X1      1  2.4    18    22    1274    (-,-) 
  n_1182               -       -      -     (net)          -    -     -     -       -    (-,-) 
  g68396__5115/ZN      -       A->ZN  F     XNOR2_X1       1  3.0    34    45    1318    (-,-) 
  n_1229               -       -      -     (net)          -    -     -     -       -    (-,-) 
  g68226__8428/S       -       CI->S  R     FA_X1          1  2.0    12   121    1440    (-,-) 
  n_1363               -       -      -     (net)          -    -     -     -       -    (-,-) 
  g68220/ZN            -       A->ZN  F     INV_X1         1  1.4     4     7    1447    (-,-) 
  n_1371               -       -      -     (net)          -    -     -     -       -    (-,-) 
  st1_sum_vec_reg[1]/D <<<     -      F     DFFR_X1        1    -     -     0    1447    (-,-) 
#----------------------------------------------------------------------------------------------

Capture clock path:
#----------------------------------------------------------------------------------------------
#     Timing Point      Flags   Arc   Edge   Cell     Fanout Load Trans Delay Arrival Instance 
#                                                            (fF)  (ps)  (ps)   (ps)  Location 
#----------------------------------------------------------------------------------------------
  clk                   (i)     -     R     (arrival)    136  0.0     0     0    1492    (-,-) 
  clk                   -       -     -     (net)          -    -     -     -       -    (-,-) 
  clk                   -       -     -     (net)          -    -     -     -       -    (-,-) 
  st1_sum_vec_reg[1]/CK <<<     -     R     DFFR_X1      136    -     1     0    1492    (-,-) 
#----------------------------------------------------------------------------------------------


