============================================================
  Generated by:           Genus(TM) Synthesis Solution 25.11-s095_1
  Generated on:           Mar 10 2026  03:28:47 pm
  Module:                 mul_bf
  Operating conditions:   typical 
  Interconnect mode:      global
  Area mode:              physical library
============================================================


Path 1: MET (0 ps) Setup Check with Pin result_reg[14]/CK->D
           View: view_1p2_25
          Group: clock1
     Startpoint: (F) b[3]
          Clock: (R) clock1
       Endpoint: (R) result_reg[14]/D
          Clock: (R) clock1

                     Capture       Launch     
        Clock Edge:+    1429            0     
        Drv Adjust:+       0            0     
       Src Latency:+       0            0     
       Net Latency:+       0 (I)        0 (I) 
           Arrival:=    1429            0     
                                              
             Setup:-      32                  
       Uncertainty:-       0                  
     Required Time:=    1396                  
      Launch Clock:-       0                  
       Input Delay:-       1                  
         Data Path:-    1395                  
             Slack:=       0                  

Exceptions/Constraints:
  input_delay              1              mul_bf.sdc_line_20_30_1   

#------------------------------------------------------------------------------------------
#  Timing Point    Flags    Arc   Edge   Cell     Fanout Load Trans Delay Arrival Instance 
#                                                        (fF)  (ps)  (ps)   (ps)  Location 
#------------------------------------------------------------------------------------------
  b[3]             -       -      F     (arrival)      9 17.4     0     0       1    (-,-) 
  b[3]             -       -      -     (net)          -    -     -     -       -    (-,-) 
  g13016__8428/ZN  -       A2->ZN R     NAND2_X2       2  5.7    12    15      16    (-,-) 
  n_21             -       -      -     (net)          -    -     -     -       -    (-,-) 
  g12993/ZN        -       A->ZN  F     INV_X1         1  3.4     6    11      27    (-,-) 
  n_22             -       -      -     (net)          -    -     -     -       -    (-,-) 
  g12953__5526/ZN  -       A2->ZN R     NAND2_X2       1  3.4     9    16      43    (-,-) 
  n_86             -       -      -     (net)          -    -     -     -       -    (-,-) 
  g12904__1617/ZN  -       A1->ZN F     NAND2_X2       2  5.8     9    16      58    (-,-) 
  n_148            -       -      -     (net)          -    -     -     -       -    (-,-) 
  g12867/ZN        -       A->ZN  R     INV_X1         1  1.9     8    13      71    (-,-) 
  n_149            -       -      -     (net)          -    -     -     -       -    (-,-) 
  g12860__5526/ZN  -       A1->ZN F     NAND2_X1       1  3.2     9    15      86    (-,-) 
  n_172            -       -      -     (net)          -    -     -     -       -    (-,-) 
  g12846__1881/ZN  -       A1->ZN R     NAND2_X2       2  7.0    14    19     106    (-,-) 
  n_214            -       -      -     (net)          -    -     -     -       -    (-,-) 
  g12807__2346/ZN  -       B->ZN  R     XNOR2_X2       2  7.6    28    44     149    (-,-) 
  n_259            -       -      -     (net)          -    -     -     -       -    (-,-) 
  g12779__6783/ZN  -       A->ZN  R     XNOR2_X2       3  8.0    29    48     197    (-,-) 
  n_279            -       -      -     (net)          -    -     -     -       -    (-,-) 
  g12753__7098/ZN  -       A->ZN  R     XNOR2_X2       2  3.8    20    43     240    (-,-) 
  n_291            -       -      -     (net)          -    -     -     -       -    (-,-) 
  g12743__1617/ZN  -       A1->ZN F     NAND2_X1       2  3.5    11    20     260    (-,-) 
  n_309            -       -      -     (net)          -    -     -     -       -    (-,-) 
  g12733__6417/ZN  -       A1->ZN R     NAND2_X1       1  1.9    10    16     276    (-,-) 
  n_310            -       -      -     (net)          -    -     -     -       -    (-,-) 
  g12724__9945/ZN  -       A1->ZN F     NAND2_X1       2  3.5    10    17     293    (-,-) 
  n_327            -       -      -     (net)          -    -     -     -       -    (-,-) 
  g12717__8246/ZN  -       A1->ZN R     NAND2_X1       2  6.5    20    27     320    (-,-) 
  n_340            -       -      -     (net)          -    -     -     -       -    (-,-) 
  g13072/Z         -       A->Z   R     XOR2_X2        2  4.8    25    54     374    (-,-) 
  n_502            -       -      -     (net)          -    -     -     -       -    (-,-) 
  g12702/ZN        -       A->ZN  F     INV_X1         1  1.8     8    10     384    (-,-) 
  n_346            -       -      -     (net)          -    -     -     -       -    (-,-) 
  g12691__2398/ZN  -       A1->ZN R     NAND2_X1       2  3.8    14    19     402    (-,-) 
  n_352            -       -      -     (net)          -    -     -     -       -    (-,-) 
  g12686__1666/ZN  -       A1->ZN F     NAND2_X1       1  1.8     8    14     417    (-,-) 
  n_358            -       -      -     (net)          -    -     -     -       -    (-,-) 
  g12685__2346/ZN  -       A1->ZN R     NAND2_X1       3  7.7    23    29     446    (-,-) 
  n_361            -       -      -     (net)          -    -     -     -       -    (-,-) 
  g12682__9945/ZN  -       A1->ZN F     OAI22_X2       2  4.2    14    22     467    (-,-) 
  n_364            -       -      -     (net)          -    -     -     -       -    (-,-) 
  g12679__6161/ZN  -       A1->ZN R     OAI22_X1       2  4.4    43    43     510    (-,-) 
  n_365            -       -      -     (net)          -    -     -     -       -    (-,-) 
  g12675__7482/ZN  -       A1->ZN F     OAI22_X1       2  4.1    19    32     543    (-,-) 
  n_370            -       -      -     (net)          -    -     -     -       -    (-,-) 
  g12672__1881/ZN  -       A1->ZN R     OAI22_X1       2  4.4    43    45     588    (-,-) 
  n_373            -       -      -     (net)          -    -     -     -       -    (-,-) 
  g12666__7098/ZN  -       A1->ZN F     OAI22_X1       2  3.5    18    31     618    (-,-) 
  n_378            -       -      -     (net)          -    -     -     -       -    (-,-) 
  g12665/ZN        -       A->ZN  R     INV_X1         1  3.4    12    22     640    (-,-) 
  n_379            -       -      -     (net)          -    -     -     -       -    (-,-) 
  g12664__5122/ZN  -       A1->ZN F     NAND2_X2       5  8.5    12    19     659    (-,-) 
  n_383            -       -      -     (net)          -    -     -     -       -    (-,-) 
  g12661__2802/ZN  -       A1->ZN F     AND2_X1        3  5.2    10    36     695    (-,-) 
  n_385            -       -      -     (net)          -    -     -     -       -    (-,-) 
  g12658__3680/ZN  -       A1->ZN R     NAND2_X1       2  3.9    14    20     715    (-,-) 
  n_387            -       -      -     (net)          -    -     -     -       -    (-,-) 
  g12657/ZN        -       A->ZN  F     INV_X1         1  3.4     7    12     727    (-,-) 
  n_388            -       -      -     (net)          -    -     -     -       -    (-,-) 
  g12651__6260/S   -       A->S   F     HA_X1          1  1.8    11    50     776    (-,-) 
  n_393            -       -      -     (net)          -    -     -     -       -    (-,-) 
  g12650/ZN        -       A->ZN  R     INV_X1         1  2.0     8    15     791    (-,-) 
  n_396            -       -      -     (net)          -    -     -     -       -    (-,-) 
  g12647__2398/ZN  -       A2->ZN F     NAND2_X1       2  4.1    11    18     810    (-,-) 
  n_398            -       -      -     (net)          -    -     -     -       -    (-,-) 
  g12642__7410/ZN  -       A1->ZN R     NAND2_X1       1  1.9    10    16     826    (-,-) 
  n_402            -       -      -     (net)          -    -     -     -       -    (-,-) 
  g12636__2346/ZN  -       A1->ZN F     NAND2_X1       2  4.1    11    18     844    (-,-) 
  n_408            -       -      -     (net)          -    -     -     -       -    (-,-) 
  g12632__9315/ZN  -       C1->ZN R     AOI211_X1      2  3.8    52    55     899    (-,-) 
  n_412            -       -      -     (net)          -    -     -     -       -    (-,-) 
  g12630__5115/ZN  -       A->ZN  F     AOI21_X1       2  4.1    19    26     924    (-,-) 
  n_420            -       -      -     (net)          -    -     -     -       -    (-,-) 
  g12629__1881/ZN  -       A1->ZN R     NAND2_X1       1  1.9    10    20     944    (-,-) 
  n_421            -       -      -     (net)          -    -     -     -       -    (-,-) 
  g12625__7098/ZN  -       B1->ZN F     AOI21_X1       1  1.7     8    14     958    (-,-) 
  n_423            -       -      -     (net)          -    -     -     -       -    (-,-) 
  g12624__5122/ZN  -       A1->ZN R     NOR2_X1        1  3.1    22    30     988    (-,-) 
  n_429            -       -      -     (net)          -    -     -     -       -    (-,-) 
  g12623__1705/S   -       CI->S  F     FA_X1          2  3.5    17    98    1086    (-,-) 
  n_431            -       -      -     (net)          -    -     -     -       -    (-,-) 
  g12620__1617/ZN  -       A1->ZN R     NAND4_X1       1  1.9    15    22    1108    (-,-) 
  n_432            -       -      -     (net)          -    -     -     -       -    (-,-) 
  g12615__5526/ZN  -       A->ZN  F     OAI211_X1      1  1.8    16    28    1136    (-,-) 
  n_439            -       -      -     (net)          -    -     -     -       -    (-,-) 
  g12613__6260/ZN  -       A1->ZN R     NAND2_X1       2  3.8    14    23    1160    (-,-) 
  n_444            -       -      -     (net)          -    -     -     -       -    (-,-) 
  g12609__5477/ZN  -       A1->ZN R     AND3_X2        9 17.0    25    60    1219    (-,-) 
  n_453            -       -      -     (net)          -    -     -     -       -    (-,-) 
  g12608/ZN        -       A->ZN  F     INV_X1         1  1.7     7     9    1229    (-,-) 
  n_446            -       -      -     (net)          -    -     -     -       -    (-,-) 
  g12607__4733/ZN  -       A1->ZN R     NOR2_X1        3  5.6    34    43    1271    (-,-) 
  n_457            -       -      -     (net)          -    -     -     -       -    (-,-) 
  g12592__7482/ZN  -       A1->ZN F     NAND2_X1      10 17.5    36    56    1327    (-,-) 
  n_472            -       -      -     (net)          -    -     -     -       -    (-,-) 
  g12587/ZN        -       A->ZN  R     INV_X2         5  9.0    18    32    1359    (-,-) 
  n_480            -       -      -     (net)          -    -     -     -       -    (-,-) 
  g12573__6260/ZN  -       B1->ZN F     AOI22_X1       1  1.8    14    23    1382    (-,-) 
  n_479            -       -      -     (net)          -    -     -     -       -    (-,-) 
  g12567/ZN        -       A->ZN  R     INV_X1         1  1.4     8    14    1396    (-,-) 
  n_488            -       -      -     (net)          -    -     -     -       -    (-,-) 
  result_reg[14]/D <<<     -      R     DFFR_X1        1    -     -     0    1396    (-,-) 
#------------------------------------------------------------------------------------------

Capture clock path:
#------------------------------------------------------------------------------------------
#   Timing Point    Flags   Arc   Edge   Cell     Fanout Load Trans Delay Arrival Instance 
#                                                        (fF)  (ps)  (ps)   (ps)  Location 
#------------------------------------------------------------------------------------------
  clk               (i)     -     R     (arrival)     25  0.0     0     0    1429    (-,-) 
  clk               -       -     -     (net)          -    -     -     -       -    (-,-) 
  clk               -       -     -     (net)          -    -     -     -       -    (-,-) 
  result_reg[14]/CK <<<     -     R     DFFR_X1       25    -     1     0    1429    (-,-) 
#------------------------------------------------------------------------------------------


