============================================================
  Generated by:           Genus(TM) Synthesis Solution 25.11-s095_1
  Generated on:           May 25 2026  08:13:26 am
  Module:                 sysarr_32_input_fp_adder
  Operating conditions:   typical 
  Interconnect mode:      global
  Area mode:              physical library
============================================================

Timing
--------

Analysis view  Clock Period 
----------------------------
view_1p2_25   clock1 1000.0 


  Analysis    Cost   Critical        Violating 
    View     Group  Path Slack  TNS    Paths   
-----------------------------------------------
view_1p2_25  clock1        0.0  0.0          0 
            default   No paths  0.0          0 
-----------------------------------------------
Total                          -0.0          0 
                                               

Instance Count
--------------
Leaf Instance Count             23056 
Physical Instance count             0 
Sequential Instance Count        1602 
Combinational Instance Count    21454 
Hierarchical Instance Count         0 

Area
----
Cell Area                          31389.862
Physical Cell Area                 0.000
Total Cell Area (Cell+Physical)    31389.862
Net Area                           28749.488
Total Area (Cell+Physical+Net)     60139.350

Power
-----
Leakage Power                      754535.655 nW
Dynamic Power                      81544670.787 nW
Total Power                        82299206.443 nW

Max Fanout                         1602 (clk)
Min Fanout                         0 (w_aligned_mants[0][13])
Average Fanout                     2.0
Terms to net ratio                 3.0463
Terms to instance ratio            3.2499
Runtime                            50.112544 seconds
Elapsed Runtime                    54 seconds
Genus peak memory usage            1780.34 
Innovus peak memory usage          no_value 
Hostname                           asicfab.ecn.purdue.edu
