============================================================
  Generated by:           Genus(TM) Synthesis Solution 25.11-s095_1
  Generated on:           May 24 2026  09:32:05 pm
  Module:                 sysarr_32_input_fp_adder
  Operating conditions:   typical 
  Interconnect mode:      global
  Area mode:              physical library
============================================================


Path 1: VIOLATED (-50 ps) Setup Check with Pin aligner_inst_aligned_mant_out_reg[20][23]/CK->SE
           View: view_1p2_25
          Group: clock1
     Startpoint: (R) aligner_inst_max_l3_n0_r_reg[2]/CK
          Clock: (R) clock1
       Endpoint: (R) aligner_inst_aligned_mant_out_reg[20][23]/SE
          Clock: (R) clock1

                     Capture       Launch     
        Clock Edge:+    1000            0     
       Src Latency:+       0            0     
       Net Latency:+       0 (I)        0 (I) 
           Arrival:=    1000            0     
                                              
             Setup:-      86                  
       Uncertainty:-       0                  
     Required Time:=     914                  
      Launch Clock:-       0                  
         Data Path:-     964                  
             Slack:=     -50                  

Launch clock path:
#-----------------------------------------------------------------------------------------------------------
#           Timing Point             Flags   Arc   Edge   Cell     Fanout Load Trans Delay Arrival Instance 
#                                                                         (fF)  (ps)  (ps)   (ps)  Location 
#-----------------------------------------------------------------------------------------------------------
  clk                                (i)     -     R     (arrival)   1602  0.0     0     0       0    (-,-) 
  clk                                -       -     -     (net)          -    -     -     -       -    (-,-) 
  clk                                -       -     -     (net)          -    -     -     -       -    (-,-) 
  aligner_inst_max_l3_n0_r_reg[2]/CK <<<     -     R     DFFR_X1     1602    -     1     0       0    (-,-) 
#-----------------------------------------------------------------------------------------------------------

#----------------------------------------------------------------------------------------------------------------------
#                Timing Point                  Flags    Arc   Edge   Cell     Fanout Load Trans Delay Arrival Instance 
#                                                                                    (fF)  (ps)  (ps)   (ps)  Location 
#----------------------------------------------------------------------------------------------------------------------
  aligner_inst_max_l3_n0_r_reg[2]/CK           -       -      R     (arrival)   1602    -     1     0       0    (-,-) 
  aligner_inst_max_l3_n0_r_reg[2]/QN           -       CK->QN F     DFFR_X1        1  3.2    14    68      68    (-,-) 
  aligner_inst_max_l3_n0_r[2]                  -       -      -     (net)          -    -     -     -       -    (-,-) 
  g267695/ZN                                   -       A->ZN  R     INV_X2         3  6.2    11    19      87    (-,-) 
  n_12091                                      -       -      -     (net)          -    -     -     -       -    (-,-) 
  g267642/ZN                                   -       A1->ZN F     NAND2_X1       1  1.8     8    13     101    (-,-) 
  n_12117                                      -       -      -     (net)          -    -     -     -       -    (-,-) 
  g267638/ZN                                   -       A->ZN  R     INV_X1         1  3.6    11    17     117    (-,-) 
  n_12121                                      -       -      -     (net)          -    -     -     -       -    (-,-) 
  g267628/ZN                                   -       A1->ZN F     NOR2_X2        1  5.9     8    11     128    (-,-) 
  n_12131                                      -       -      -     (net)          -    -     -     -       -    (-,-) 
  g267623/ZN                                   -       B1->ZN R     AOI21_X4       3 16.1    33    38     166    (-,-) 
  n_12137                                      -       -      -     (net)          -    -     -     -       -    (-,-) 
  g267614/ZN                                   -       A1->ZN F     NAND2_X4       3 12.1    14    22     188    (-,-) 
  n_12145                                      -       -      -     (net)          -    -     -     -       -    (-,-) 
  g267596/ZN                                   -       A1->ZN R     NAND3_X2       1  6.6    16    22     210    (-,-) 
  n_12157                                      -       -      -     (net)          -    -     -     -       -    (-,-) 
  g267583/ZN                                   -       A1->ZN F     NAND3_X4       1 11.1    14    23     234    (-,-) 
  n_12171                                      -       -      -     (net)          -    -     -     -       -    (-,-) 
  g267578/ZN                                   -       A->ZN  R     INV_X8         3 38.5    14    24     258    (-,-) 
  n_12181                                      -       -      -     (net)          -    -     -     -       -    (-,-) 
  g267577/ZN                                   -       A->ZN  F     INV_X16       15 48.5     6    12     269    (-,-) 
  n_9989                                       -       -      -     (net)          -    -     -     -       -    (-,-) 
  g267575/ZN                                   -       A->ZN  R     INV_X4         5 10.7     9    14     284    (-,-) 
  n_9988                                       -       -      -     (net)          -    -     -     -       -    (-,-) 
  g267122/ZN                                   -       A1->ZN F     NAND2_X1       1  3.2     9    16     299    (-,-) 
  n_12288                                      -       -      -     (net)          -    -     -     -       -    (-,-) 
  g266829/ZN                                   -       A1->ZN R     NAND2_X2       3  7.2    14    20     319    (-,-) 
  n_12601                                      -       -      -     (net)          -    -     -     -       -    (-,-) 
  g266315/ZN                                   -       A2->ZN F     NAND2_X1       1  3.2     9    18     337    (-,-) 
  n_12920                                      -       -      -     (net)          -    -     -     -       -    (-,-) 
  g265917__4319/ZN                             -       A1->ZN R     NAND2_X2       3 10.4    17    24     361    (-,-) 
  n_13250                                      -       -      -     (net)          -    -     -     -       -    (-,-) 
  g265635__5477/ZN                             -       B1->ZN F     AOI21_X4       2  8.0    14    17     378    (-,-) 
  n_13448                                      -       -      -     (net)          -    -     -     -       -    (-,-) 
  g265443__1666/ZN                             -       B2->ZN R     OAI21_X2       2  5.8    24    40     418    (-,-) 
  n_13591                                      -       -      -     (net)          -    -     -     -       -    (-,-) 
  g270536/Z                                    -       A->Z   R     XOR2_X1        2  3.9    32    61     479    (-,-) 
  n_9764                                       -       -      -     (net)          -    -     -     -       -    (-,-) 
  g265017__3680/ZN                             -       A1->ZN F     NOR2_X1        1  3.5    11    16     494    (-,-) 
  n_13842                                      -       -      -     (net)          -    -     -     -       -    (-,-) 
  g264817__7410/ZN                             -       A2->ZN R     NOR2_X2        2  3.2    15    28     523    (-,-) 
  n_13969                                      -       -      -     (net)          -    -     -     -       -    (-,-) 
  g264729__9315/ZN                             -       B1->ZN F     OAI21_X1       2  3.5    19    20     543    (-,-) 
  n_14025                                      -       -      -     (net)          -    -     -     -       -    (-,-) 
  g264696__7482/ZN                             -       A1->ZN R     NAND2_X1       1  1.9    10    20     562    (-,-) 
  n_14049                                      -       -      -     (net)          -    -     -     -       -    (-,-) 
  g264675__7410/ZN                             -       A1->ZN R     AND3_X2        2  5.5    12    42     605    (-,-) 
  n_14071                                      -       -      -     (net)          -    -     -     -       -    (-,-) 
  g264663__1881/ZN                             -       A2->ZN F     NAND3_X2       1  6.6    15    26     631    (-,-) 
  n_14079                                      -       -      -     (net)          -    -     -     -       -    (-,-) 
  g264657__2802/ZN                             -       A2->ZN R     NOR2_X4        1  6.3    15    30     661    (-,-) 
  n_14084                                      -       -      -     (net)          -    -     -     -       -    (-,-) 
  g264656__1617/ZN                             -       A1->ZN F     NAND2_X4       7 20.1    13    22     683    (-,-) 
  aligner_inst_has_neg_sticky                  -       -      -     (net)          -    -     -     -       -    (-,-) 
  g303274/ZN                                   -       A1->ZN R     NAND2_X1       1  2.0    11    17     700    (-,-) 
  n_1648                                       -       -      -     (net)          -    -     -     -       -    (-,-) 
  g302977/ZN                                   -       A->ZN  F     OAI21_X1       1  1.8    10    19     719    (-,-) 
  n_1886                                       -       -      -     (net)          -    -     -     -       -    (-,-) 
  g302790/ZN                                   -       A1->ZN R     NAND2_X1       2  3.9    14    20     740    (-,-) 
  n_2254                                       -       -      -     (net)          -    -     -     -       -    (-,-) 
  g302711/ZN                                   -       A->ZN  F     INV_X1         1  3.2     7    11     751    (-,-) 
  n_2255                                       -       -      -     (net)          -    -     -     -       -    (-,-) 
  g302416/ZN                                   -       A1->ZN R     NAND2_X2       1  7.1    14    18     769    (-,-) 
  n_2448                                       -       -      -     (net)          -    -     -     -       -    (-,-) 
  g302181/ZN                                   -       A1->ZN F     NOR2_X4        2  7.7     9    10     779    (-,-) 
  n_2823                                       -       -      -     (net)          -    -     -     -       -    (-,-) 
  g302045/ZN                                   -       A->ZN  R     INV_X1         2  4.0    12    19     798    (-,-) 
  n_2824                                       -       -      -     (net)          -    -     -     -       -    (-,-) 
  g302043/Z                                    -       A->Z   R     BUF_X2         2  5.5    10    25     823    (-,-) 
  n_2826                                       -       -      -     (net)          -    -     -     -       -    (-,-) 
  g302042/ZN                                   -       A->ZN  F     INV_X1         1  3.5     6    10     833    (-,-) 
  n_2827                                       -       -      -     (net)          -    -     -     -       -    (-,-) 
  g299877/ZN                                   -       C2->ZN R     OAI211_X2      2  5.5    26    39     872    (-,-) 
  n_5040                                       -       -      -     (net)          -    -     -     -       -    (-,-) 
  g299692/ZN                                   -       A1->ZN R     AND2_X4       13 25.0    18    47     918    (-,-) 
  n_5223                                       -       -      -     (net)          -    -     -     -       -    (-,-) 
  g299615/ZN                                   -       A->ZN  F     INV_X2         6 11.4    10    17     935    (-,-) 
  n_5222                                       -       -      -     (net)          -    -     -     -       -    (-,-) 
  g296044/ZN                                   -       B1->ZN R     OAI21_X2       2  4.2    20    29     964    (-,-) 
  n_8221                                       -       -      -     (net)          -    -     -     -       -    (-,-) 
  aligner_inst_aligned_mant_out_reg[20][23]/SE <<<     -      R     SDFFR_X1       2    -     -     0     964    (-,-) 
#----------------------------------------------------------------------------------------------------------------------

Capture clock path:
#---------------------------------------------------------------------------------------------------------------------
#                Timing Point                  Flags   Arc   Edge   Cell     Fanout Load Trans Delay Arrival Instance 
#                                                                                   (fF)  (ps)  (ps)   (ps)  Location 
#---------------------------------------------------------------------------------------------------------------------
  clk                                          (i)     -     R     (arrival)   1602  0.0     0     0    1000    (-,-) 
  clk                                          -       -     -     (net)          -    -     -     -       -    (-,-) 
  clk                                          -       -     -     (net)          -    -     -     -       -    (-,-) 
  aligner_inst_aligned_mant_out_reg[20][23]/CK <<<     -     R     SDFFR_X1    1602    -     1     0    1000    (-,-) 
#---------------------------------------------------------------------------------------------------------------------


