============================================================
  Generated by:           Genus(TM) Synthesis Solution 25.11-s095_1
  Generated on:           Mar 24 2026  07:22:50 am
  Module:                 sysarr_STANDARD
  Operating conditions:   typical 
  Interconnect mode:      global
  Area mode:              physical library
============================================================


Path 1: MET (0 ps) Setup Check with Pin u_mac_grid/MAC_outputs_reg[10][10][29]/CK->D
           View: view_1p2_25
          Group: clk
     Startpoint: (R) u_mac_grid/mac_row_gen[10].mac_col_gen[10].mac_inst_gen_2c.mul_result_latched_reg[26]/CK
          Clock: (R) clk
       Endpoint: (R) u_mac_grid/MAC_outputs_reg[10][10][29]/D
          Clock: (R) clk

                     Capture       Launch     
        Clock Edge:+    1250            0     
       Src Latency:+       0            0     
       Net Latency:+       0 (I)        0 (I) 
           Arrival:=    1250            0     
                                              
             Setup:-      34                  
       Uncertainty:-       0                  
     Required Time:=    1216                  
      Launch Clock:-       0                  
         Data Path:-    1216                  
             Slack:=       0                  

Launch clock path:
#-----------------------------------------------------------------------------------------------------------------------------------------------------------------
#                                      Timing Point                                        Flags   Arc   Edge   Cell     Fanout Load Trans Delay Arrival Instance 
#                                                                                                                               (fF)  (ps)  (ps)   (ps)  Location 
#-----------------------------------------------------------------------------------------------------------------------------------------------------------------
  clk                                                                                      (i)     -     R     (arrival)  34411  0.0     0     0       0    (-,-) 
  clk                                                                                      -       -     -     (net)          -    -     -     -       -    (-,-) 
  clk                                                                                      -       -     -     (net)          -    -     -     -       -    (-,-) 
  u_mac_grid/mac_row_gen[10].mac_col_gen[10].mac_inst_gen_2c.mul_result_latched_reg[26]/CK <<<     -     R     DFFR_X1    34411    -     1     0       0    (-,-) 
#-----------------------------------------------------------------------------------------------------------------------------------------------------------------

#-----------------------------------------------------------------------------------------------------------------------------------------------------------------------------------------
#                                                  Timing Point                                                   Flags    Arc   Edge   Cell     Fanout Load Trans Delay Arrival Instance 
#                                                                                                                                                       (fF)  (ps)  (ps)   (ps)  Location 
#-----------------------------------------------------------------------------------------------------------------------------------------------------------------------------------------
  u_mac_grid/mac_row_gen[10].mac_col_gen[10].mac_inst_gen_2c.mul_result_latched_reg[26]/CK                        -       -      R     (arrival)  34411    -     1     0       0    (-,-) 
  u_mac_grid/mac_row_gen[10].mac_col_gen[10].mac_inst_gen_2c.mul_result_latched_reg[26]/QN                        -       CK->QN R     DFFR_X1        1  2.0    11    66      66    (-,-) 
  u_mac_grid/n_740676                                                                                             -       -      -     (net)          -    -     -     -       -    (-,-) 
  u_mac_grid/g342979/ZN                                                                                           -       A->ZN  F     INV_X1         4  7.8    10    17      83    (-,-) 
  u_mac_grid/n_1136606                                                                                            -       -      -     (net)          -    -     -     -       -    (-,-) 
  u_mac_grid/mac_row_gen[10].mac_col_gen[10].mac_inst_gen_2c.adder/g57802/ZN                                      -       A->ZN  R     INV_X1         2  3.7    11    18     101    (-,-) 
  u_mac_grid/mac_row_gen[10].mac_col_gen[10].mac_inst_gen_2c.adder/n_1185                                         -       -      -     (net)          -    -     -     -       -    (-,-) 
  u_mac_grid/mac_row_gen[10].mac_col_gen[10].mac_inst_gen_2c.adder/g57801/ZN                                      -       A1->ZN F     NAND2_X1       2  3.4    10    17     118    (-,-) 
  u_mac_grid/mac_row_gen[10].mac_col_gen[10].mac_inst_gen_2c.adder/n_5945                                         -       -      -     (net)          -    -     -     -       -    (-,-) 
  u_mac_grid/mac_row_gen[10].mac_col_gen[10].mac_inst_gen_2c.adder/g57981/ZN                                      -       C1->ZN R     OAI211_X1      1  3.6    29    39     158    (-,-) 
  u_mac_grid/mac_row_gen[10].mac_col_gen[10].mac_inst_gen_2c.adder/n_7752                                         -       -      -     (net)          -    -     -     -       -    (-,-) 
  u_mac_grid/mac_row_gen[10].mac_col_gen[10].mac_inst_gen_2c.adder/g57980/ZN                                      -       A->ZN  F     INV_X2         1  6.6    10    14     172    (-,-) 
  u_mac_grid/mac_row_gen[10].mac_col_gen[10].mac_inst_gen_2c.adder/n_7753                                         -       -      -     (net)          -    -     -     -       -    (-,-) 
  u_mac_grid/mac_row_gen[10].mac_col_gen[10].mac_inst_gen_2c.adder/g57800/ZN                                      -       A2->ZN R     NOR2_X4        2  8.5    17    31     202    (-,-) 
  u_mac_grid/mac_row_gen[10].mac_col_gen[10].mac_inst_gen_2c.adder/n_6162                                         -       -      -     (net)          -    -     -     -       -    (-,-) 
  u_mac_grid/mac_row_gen[10].mac_col_gen[10].mac_inst_gen_2c.adder/g57979/ZN                                      -       B1->ZN F     AOI21_X4       1  5.9    12    16     218    (-,-) 
  u_mac_grid/mac_row_gen[10].mac_col_gen[10].mac_inst_gen_2c.adder/n_7751                                         -       -      -     (net)          -    -     -     -       -    (-,-) 
  u_mac_grid/mac_row_gen[10].mac_col_gen[10].mac_inst_gen_2c.adder/g57799/ZN                                      -       A2->ZN R     NAND2_X4       9 23.5    19    29     247    (-,-) 
  u_mac_grid/mac_row_gen[10].mac_col_gen[10].mac_inst_gen_2c.adder/n_7485                                         -       -      -     (net)          -    -     -     -       -    (-,-) 
  u_mac_grid/mac_row_gen[10].mac_col_gen[10].mac_inst_gen_2c.adder/g57574/ZN                                      -       A->ZN  F     INV_X4         3  9.4     7    11     258    (-,-) 
  u_mac_grid/mac_row_gen[10].mac_col_gen[10].mac_inst_gen_2c.adder/n_7487                                         -       -      -     (net)          -    -     -     -       -    (-,-) 
  u_mac_grid/mac_row_gen[10].mac_col_gen[10].mac_inst_gen_2c.adder/g172/ZN                                        -       A1->ZN R     NAND2_X4       1 12.1    14    17     275    (-,-) 
  u_mac_grid/mac_row_gen[10].mac_col_gen[10].mac_inst_gen_2c.adder/n_3374                                         -       -      -     (net)          -    -     -     -       -    (-,-) 
  u_mac_grid/mac_row_gen[10].mac_col_gen[10].mac_inst_gen_2c.adder/g58058/ZN                                      -       A->ZN  F     INV_X8        16 28.2     7    13     288    (-,-) 
  u_mac_grid/mac_row_gen[10].mac_col_gen[10].mac_inst_gen_2c.adder/n_7830                                         -       -      -     (net)          -    -     -     -       -    (-,-) 
  u_mac_grid/mac_row_gen[10].mac_col_gen[10].mac_inst_gen_2c.adder/g53828/ZN                                      -       A1->ZN R     NAND2_X1       1  3.8    14    19     307    (-,-) 
  u_mac_grid/mac_row_gen[10].mac_col_gen[10].mac_inst_gen_2c.adder/n_2010                                         -       -      -     (net)          -    -     -     -       -    (-,-) 
  u_mac_grid/mac_row_gen[10].mac_col_gen[10].mac_inst_gen_2c.adder/g43410/ZN                                      -       A2->ZN F     NAND2_X2       4  6.7    10    19     325    (-,-) 
  u_mac_grid/mac_row_gen[10].mac_col_gen[10].mac_inst_gen_2c.adder/low_op[20]                                     -       -      -     (net)          -    -     -     -       -    (-,-) 
  u_mac_grid/mac_row_gen[10].mac_col_gen[10].mac_inst_gen_2c.adder/g43348/ZN                                      -       A1->ZN R     NAND2_X1       1  2.0    14    16     341    (-,-) 
  u_mac_grid/mac_row_gen[10].mac_col_gen[10].mac_inst_gen_2c.adder/n_1429                                         -       -      -     (net)          -    -     -     -       -    (-,-) 
  u_mac_grid/mac_row_gen[10].mac_col_gen[10].mac_inst_gen_2c.adder/g43819/ZN                                      -       A2->ZN R     AND2_X2        2  6.4    12    36     377    (-,-) 
  u_mac_grid/mac_row_gen[10].mac_col_gen[10].mac_inst_gen_2c.adder/n_1117                                         -       -      -     (net)          -    -     -     -       -    (-,-) 
  u_mac_grid/mac_row_gen[10].mac_col_gen[10].mac_inst_gen_2c.adder/g56815/ZN                                      -       A1->ZN F     NAND4_X2       2  5.1    20    28     405    (-,-) 
  u_mac_grid/mac_row_gen[10].mac_col_gen[10].mac_inst_gen_2c.adder/n_6654                                         -       -      -     (net)          -    -     -     -       -    (-,-) 
  u_mac_grid/mac_row_gen[10].mac_col_gen[10].mac_inst_gen_2c.adder/g56814/ZN                                      -       A1->ZN R     NAND2_X1       1  2.0    11    20     426    (-,-) 
  u_mac_grid/mac_row_gen[10].mac_col_gen[10].mac_inst_gen_2c.adder/n_6655                                         -       -      -     (net)          -    -     -     -       -    (-,-) 
  u_mac_grid/mac_row_gen[10].mac_col_gen[10].mac_inst_gen_2c.adder/g56567/ZN                                      -       A->ZN  F     INV_X1         2  4.9     7    13     438    (-,-) 
  u_mac_grid/mac_row_gen[10].mac_col_gen[10].mac_inst_gen_2c.adder/n_6400                                         -       -      -     (net)          -    -     -     -       -    (-,-) 
  u_mac_grid/mac_row_gen[10].mac_col_gen[10].mac_inst_gen_2c.adder/g54482/ZN                                      -       A1->ZN R     NAND2_X1       2  5.2    17    22     461    (-,-) 
  u_mac_grid/mac_row_gen[10].mac_col_gen[10].mac_inst_gen_2c.adder/n_2760                                         -       -      -     (net)          -    -     -     -       -    (-,-) 
  u_mac_grid/mac_row_gen[10].mac_col_gen[10].mac_inst_gen_2c.adder/g56683/ZN                                      -       A1->ZN F     NAND3_X2       4  6.9    15    26     487    (-,-) 
  u_mac_grid/mac_row_gen[10].mac_col_gen[10].mac_inst_gen_2c.adder/n_6521                                         -       -      -     (net)          -    -     -     -       -    (-,-) 
  u_mac_grid/mac_row_gen[10].mac_col_gen[10].mac_inst_gen_2c.adder/fopt57099/ZN                                   -       A->ZN  R     INV_X1         2  6.2    17    27     514    (-,-) 
  u_mac_grid/mac_row_gen[10].mac_col_gen[10].mac_inst_gen_2c.adder/n_6991                                         -       -      -     (net)          -    -     -     -       -    (-,-) 
  u_mac_grid/mac_row_gen[10].mac_col_gen[10].mac_inst_gen_2c.adder/sub_168_40_pol_Y_add_164_41_spec1194_g54487/ZN -       A1->ZN F     NAND2_X2       1  6.5    14    19     533    (-,-) 
  u_mac_grid/mac_row_gen[10].mac_col_gen[10].mac_inst_gen_2c.adder/n_2768                                         -       -      -     (net)          -    -     -     -       -    (-,-) 
  u_mac_grid/mac_row_gen[10].mac_col_gen[10].mac_inst_gen_2c.adder/sub_168_40_pol_Y_add_164_41_spec1194_g53882/ZN -       A1->ZN R     NAND3_X4       3 10.5    14    21     554    (-,-) 
  u_mac_grid/mac_row_gen[10].mac_col_gen[10].mac_inst_gen_2c.adder/n_2063                                         -       -      -     (net)          -    -     -     -       -    (-,-) 
  u_mac_grid/mac_row_gen[10].mac_col_gen[10].mac_inst_gen_2c.adder/g57771/ZN                                      -       B1->ZN F     OAI21_X4       3  6.9    10    16     570    (-,-) 
  u_mac_grid/mac_row_gen[10].mac_col_gen[10].mac_inst_gen_2c.adder/n_5280                                         -       -      -     (net)          -    -     -     -       -    (-,-) 
  u_mac_grid/mac_row_gen[10].mac_col_gen[10].mac_inst_gen_2c.adder/sub_168_40_pol_Y_add_164_41_spec1194_g56908/ZN -       A2->ZN R     NOR2_X2        1  6.5    23    36     606    (-,-) 
  u_mac_grid/mac_row_gen[10].mac_col_gen[10].mac_inst_gen_2c.adder/n_6800                                         -       -      -     (net)          -    -     -     -       -    (-,-) 
  u_mac_grid/mac_row_gen[10].mac_col_gen[10].mac_inst_gen_2c.adder/g286/ZN                                        -       A2->ZN F     NAND2_X4       3  9.4     9    18     624    (-,-) 
  u_mac_grid/mac_row_gen[10].mac_col_gen[10].mac_inst_gen_2c.adder/n_5598                                         -       -      -     (net)          -    -     -     -       -    (-,-) 
  u_mac_grid/mac_row_gen[10].mac_col_gen[10].mac_inst_gen_2c.adder/g57785/ZN                                      -       A1->ZN R     NAND2_X4       4 16.1    14    20     644    (-,-) 
  u_mac_grid/mac_row_gen[10].mac_col_gen[10].mac_inst_gen_2c.adder/n_5696                                         -       -      -     (net)          -    -     -     -       -    (-,-) 
  u_mac_grid/mac_row_gen[10].mac_col_gen[10].mac_inst_gen_2c.adder/g57784/ZN                                      -       A1->ZN F     NAND2_X4       4  9.6     9    16     660    (-,-) 
  u_mac_grid/mac_row_gen[10].mac_col_gen[10].mac_inst_gen_2c.adder/n_5600                                         -       -      -     (net)          -    -     -     -       -    (-,-) 
  u_mac_grid/mac_row_gen[10].mac_col_gen[10].mac_inst_gen_2c.adder/sub_168_40_pol_Y_add_164_41_spec1194_g57972/ZN -       A1->ZN R     NAND2_X2       1  1.9     8    12     673    (-,-) 
  u_mac_grid/mac_row_gen[10].mac_col_gen[10].mac_inst_gen_2c.adder/n_7741                                         -       -      -     (net)          -    -     -     -       -    (-,-) 
  u_mac_grid/mac_row_gen[10].mac_col_gen[10].mac_inst_gen_2c.adder/sub_168_40_pol_Y_add_164_41_spec1194_g57971/ZN -       A1->ZN F     NAND2_X1       1  4.1    12    17     690    (-,-) 
  u_mac_grid/mac_row_gen[10].mac_col_gen[10].mac_inst_gen_2c.adder/n_7742                                         -       -      -     (net)          -    -     -     -       -    (-,-) 
  u_mac_grid/mac_row_gen[10].mac_col_gen[10].mac_inst_gen_2c.adder/g57970/ZN                                      -       A->ZN  F     XNOR2_X2       1  3.2    10    37     727    (-,-) 
  u_mac_grid/mac_row_gen[10].mac_col_gen[10].mac_inst_gen_2c.adder/n_7743                                         -       -      -     (net)          -    -     -     -       -    (-,-) 
  u_mac_grid/mac_row_gen[10].mac_col_gen[10].mac_inst_gen_2c.adder/g57969/ZN                                      -       A1->ZN R     NAND2_X2       1  6.3    13    19     746    (-,-) 
  u_mac_grid/mac_row_gen[10].mac_col_gen[10].mac_inst_gen_2c.adder/n_7744                                         -       -      -     (net)          -    -     -     -       -    (-,-) 
  u_mac_grid/mac_row_gen[10].mac_col_gen[10].mac_inst_gen_2c.adder/g57783/ZN                                      -       A1->ZN F     NAND2_X4       3 14.9    11    18     765    (-,-) 
  u_mac_grid/mac_row_gen[10].mac_col_gen[10].mac_inst_gen_2c.adder/n_7435                                         -       -      -     (net)          -    -     -     -       -    (-,-) 
  u_mac_grid/mac_row_gen[10].mac_col_gen[10].mac_inst_gen_2c.adder/g57782/ZN                                      -       A->ZN  R     INV_X8        11 27.7    11    19     784    (-,-) 
  u_mac_grid/mac_row_gen[10].mac_col_gen[10].mac_inst_gen_2c.adder/n_4680                                         -       -      -     (net)          -    -     -     -       -    (-,-) 
  u_mac_grid/mac_row_gen[10].mac_col_gen[10].mac_inst_gen_2c.adder/g57781/ZN                                      -       A1->ZN F     NAND2_X4       5 13.4    10    17     801    (-,-) 
  u_mac_grid/mac_row_gen[10].mac_col_gen[10].mac_inst_gen_2c.adder/n_7221                                         -       -      -     (net)          -    -     -     -       -    (-,-) 
  u_mac_grid/mac_row_gen[10].mac_col_gen[10].mac_inst_gen_2c.adder/g57850/ZN                                      -       A1->ZN R     NOR2_X2        2  3.2    15    23     824    (-,-) 
  u_mac_grid/mac_row_gen[10].mac_col_gen[10].mac_inst_gen_2c.adder/n_6961                                         -       -      -     (net)          -    -     -     -       -    (-,-) 
  u_mac_grid/mac_row_gen[10].mac_col_gen[10].mac_inst_gen_2c.adder/g57831/ZN                                      -       A2->ZN F     NAND2_X1       2  3.5    11    19     843    (-,-) 
  u_mac_grid/mac_row_gen[10].mac_col_gen[10].mac_inst_gen_2c.adder/n_6359                                         -       -      -     (net)          -    -     -     -       -    (-,-) 
  u_mac_grid/mac_row_gen[10].mac_col_gen[10].mac_inst_gen_2c.adder/fopt58001/ZN                                   -       A->ZN  R     INV_X1         2  3.8    12    19     862    (-,-) 
  u_mac_grid/mac_row_gen[10].mac_col_gen[10].mac_inst_gen_2c.adder/n_7770                                         -       -      -     (net)          -    -     -     -       -    (-,-) 
  u_mac_grid/mac_row_gen[10].mac_col_gen[10].mac_inst_gen_2c.adder/g57998/ZN                                      -       A2->ZN F     NAND3_X1       1  3.2    14    25     887    (-,-) 
  u_mac_grid/mac_row_gen[10].mac_col_gen[10].mac_inst_gen_2c.adder/n_7771                                         -       -      -     (net)          -    -     -     -       -    (-,-) 
  u_mac_grid/mac_row_gen[10].mac_col_gen[10].mac_inst_gen_2c.adder/g57997/ZN                                      -       A->ZN  R     INV_X2         1  6.6    11    20     907    (-,-) 
  u_mac_grid/mac_row_gen[10].mac_col_gen[10].mac_inst_gen_2c.adder/n_7772                                         -       -      -     (net)          -    -     -     -       -    (-,-) 
  u_mac_grid/mac_row_gen[10].mac_col_gen[10].mac_inst_gen_2c.adder/g57996/ZN                                      -       A->ZN  F     INV_X4         3  9.4     5     9     916    (-,-) 
  u_mac_grid/mac_row_gen[10].mac_col_gen[10].mac_inst_gen_2c.adder/n_7773                                         -       -      -     (net)          -    -     -     -       -    (-,-) 
  u_mac_grid/mac_row_gen[10].mac_col_gen[10].mac_inst_gen_2c.adder/g58030/ZN                                      -       A2->ZN R     NAND2_X1       1  3.4    13    19     935    (-,-) 
  u_mac_grid/mac_row_gen[10].mac_col_gen[10].mac_inst_gen_2c.adder/n_7802                                         -       -      -     (net)          -    -     -     -       -    (-,-) 
  u_mac_grid/mac_row_gen[10].mac_col_gen[10].mac_inst_gen_2c.adder/g57862/ZN                                      -       A1->ZN F     NAND2_X2       3  6.6    10    18     953    (-,-) 
  u_mac_grid/mac_row_gen[10].mac_col_gen[10].mac_inst_gen_2c.adder/n_6363                                         -       -      -     (net)          -    -     -     -       -    (-,-) 
  u_mac_grid/mac_row_gen[10].mac_col_gen[10].mac_inst_gen_2c.adder/g57899/ZN                                      -       A->ZN  R     INV_X1         1  2.0     8    14     967    (-,-) 
  u_mac_grid/mac_row_gen[10].mac_col_gen[10].mac_inst_gen_2c.adder/n_7664                                         -       -      -     (net)          -    -     -     -       -    (-,-) 
  u_mac_grid/mac_row_gen[10].mac_col_gen[10].mac_inst_gen_2c.adder/g57897/ZN                                      -       A2->ZN F     NAND2_X1       1  1.8     7    13     980    (-,-) 
  u_mac_grid/mac_row_gen[10].mac_col_gen[10].mac_inst_gen_2c.adder/n_7665                                         -       -      -     (net)          -    -     -     -       -    (-,-) 
  u_mac_grid/mac_row_gen[10].mac_col_gen[10].mac_inst_gen_2c.adder/g57896/ZN                                      -       A1->ZN R     NAND2_X1       1  1.9    10    14     994    (-,-) 
  u_mac_grid/mac_row_gen[10].mac_col_gen[10].mac_inst_gen_2c.adder/n_7666                                         -       -      -     (net)          -    -     -     -       -    (-,-) 
  u_mac_grid/mac_row_gen[10].mac_col_gen[10].mac_inst_gen_2c.adder/g57895/ZN                                      -       A1->ZN F     NAND2_X1       1  3.2    10    16    1010    (-,-) 
  u_mac_grid/mac_row_gen[10].mac_col_gen[10].mac_inst_gen_2c.adder/n_7667                                         -       -      -     (net)          -    -     -     -       -    (-,-) 
  u_mac_grid/mac_row_gen[10].mac_col_gen[10].mac_inst_gen_2c.adder/g57894/ZN                                      -       A1->ZN R     NAND3_X2       2  5.3    15    19    1029    (-,-) 
  u_mac_grid/mac_row_gen[10].mac_col_gen[10].mac_inst_gen_2c.adder/n_7682                                         -       -      -     (net)          -    -     -     -       -    (-,-) 
  u_mac_grid/mac_row_gen[10].mac_col_gen[10].mac_inst_gen_2c.adder/g57865/ZN                                      -       A1->ZN F     NAND2_X2       2  4.9     9    16    1046    (-,-) 
  u_mac_grid/mac_row_gen[10].mac_col_gen[10].mac_inst_gen_2c.adder/n_7496                                         -       -      -     (net)          -    -     -     -       -    (-,-) 
  u_mac_grid/mac_row_gen[10].mac_col_gen[10].mac_inst_gen_2c.adder/g57864/ZN                                      -       A1->ZN R     NAND2_X2       3  5.0    14    17    1062    (-,-) 
  u_mac_grid/mac_row_gen[10].mac_col_gen[10].mac_inst_gen_2c.adder/n_7498                                         -       -      -     (net)          -    -     -     -       -    (-,-) 
  u_mac_grid/mac_row_gen[10].mac_col_gen[10].mac_inst_gen_2c.adder/g57870/ZN                                      -       A2->ZN R     AND2_X1        2  3.7    13    38    1101    (-,-) 
  u_mac_grid/mac_row_gen[10].mac_col_gen[10].mac_inst_gen_2c.adder/n_7501                                         -       -      -     (net)          -    -     -     -       -    (-,-) 
  u_mac_grid/mac_row_gen[10].mac_col_gen[10].mac_inst_gen_2c.adder/g57889/ZN                                      -       A2->ZN R     AND3_X2        1  2.0     9    40    1140    (-,-) 
  u_mac_grid/mac_row_gen[10].mac_col_gen[10].mac_inst_gen_2c.adder/n_7659                                         -       -      -     (net)          -    -     -     -       -    (-,-) 
  u_mac_grid/mac_row_gen[10].mac_col_gen[10].mac_inst_gen_2c.adder/g57888/ZN                                      -       B1->ZN F     OAI21_X1       1  1.8    12    13    1154    (-,-) 
  u_mac_grid/mac_row_gen[10].mac_col_gen[10].mac_inst_gen_2c.adder/n_7660                                         -       -      -     (net)          -    -     -     -       -    (-,-) 
  u_mac_grid/mac_row_gen[10].mac_col_gen[10].mac_inst_gen_2c.adder/g57887/ZN                                      -       B1->ZN R     OAI21_X1       1  1.9    19    29    1182    (-,-) 
  u_mac_grid/mac_ifs[170]_out_accumulate[29]                                                                      -       -      -     (net)          -    -     -     -       -    (-,-) 
  u_mac_grid/g342674/ZN                                                                                           -       A1->ZN F     NAND2_X1       1  1.8    20    16    1198    (-,-) 
  u_mac_grid/n_1136314                                                                                            -       -      -     (net)          -    -     -     -       -    (-,-) 
  u_mac_grid/g342673/ZN                                                                                           -       A1->ZN R     NAND2_X1       1  1.4    11    18    1216    (-,-) 
  u_mac_grid/n_1136315                                                                                            -       -      -     (net)          -    -     -     -       -    (-,-) 
  u_mac_grid/MAC_outputs_reg[10][10][29]/D                                                                        <<<     -      R     DFFR_X1        1    -     -     0    1216    (-,-) 
#-----------------------------------------------------------------------------------------------------------------------------------------------------------------------------------------

Capture clock path:
#------------------------------------------------------------------------------------------------------------------
#               Timing Point                Flags   Arc   Edge   Cell     Fanout Load Trans Delay Arrival Instance 
#                                                                                (fF)  (ps)  (ps)   (ps)  Location 
#------------------------------------------------------------------------------------------------------------------
  clk                                       (i)     -     R     (arrival)  34411  0.0     0     0    1250    (-,-) 
  clk                                       -       -     -     (net)          -    -     -     -       -    (-,-) 
  clk                                       -       -     -     (net)          -    -     -     -       -    (-,-) 
  u_mac_grid/MAC_outputs_reg[10][10][29]/CK <<<     -     R     DFFR_X1    34411    -     1     0    1250    (-,-) 
#------------------------------------------------------------------------------------------------------------------


