============================================================
  Generated by:           Genus(TM) Synthesis Solution 25.11-s095_1
  Generated on:           Mar 11 2026  12:10:26 am
  Module:                 sysarr_4_input_fp_adder
  Library domain:         timing_condition_tt_1p2v_25c
    Domain index:         0
    Technology library:   NangateOpenCellLibrary revision 1.0
  Operating conditions:   typical 
  Interconnect mode:      global
  Area mode:              physical library
============================================================

Timing
--------

Analysis view  Clock Period 
----------------------------
view_1p2_25   clock1 1087.0 


  Analysis    Cost   Critical        Violating 
    View     Group  Path Slack  TNS    Paths   
-----------------------------------------------
view_1p2_25  clock1        0.2  0.0          0 
            default   No paths  0.0          0 
-----------------------------------------------
Total                          -0.0          0 
                                               

Instance Count
--------------
Leaf Instance Count             2127 
Physical Instance count            0 
Sequential Instance Count        136 
Combinational Instance Count    1991 
Hierarchical Instance Count        0 

Area
----
Cell Area                          3233.496
Physical Cell Area                 0.000
Total Cell Area (Cell+Physical)    3233.496
Net Area                           3101.575
Total Area (Cell+Physical+Net)     6335.071

Power
-----
Leakage Power                      74008.522 nW
Dynamic Power                      8446601.904 nW
Total Power                        8520610.426 nW

Max Fanout                         136 (clk)
Min Fanout                         0 (st2_sum_mag[4])
Average Fanout                     2.3
Terms to net ratio                 3.3730
Terms to instance ratio            3.7457
Runtime                            43.959137 seconds
Elapsed Runtime                    52 seconds
Genus peak memory usage            1679.25 
Innovus peak memory usage          no_value 
Hostname                           asicfab.ecn.purdue.edu
