============================================================
  Generated by:           Genus(TM) Synthesis Solution 25.11-s095_1
  Generated on:           Mar 10 2026  02:58:19 pm
  Module:                 mul_bf
  Operating conditions:   typical 
  Interconnect mode:      global
  Area mode:              physical library
============================================================

# SETUP                  WNS  TNS    FEP 
# -----------------------------------------
 View: ALL               0.3  0.0      0 
    Group : in2out     225.1  0.0      0 
    Group : in2reg       0.3  0.0      0 
    Group : reg2out   1225.1  0.0      0 
    Group : reg2reg      N/A  N/A    N/A 

# -----------------------------------------
# DRV                        WNS  TNS  FEP 
# -------------------------------------------
 View: ALL                                 
    Check: max_transition    N/A  N/A    0 
    Check: max_capacitance   N/A  N/A    0 
    Check: max_fanout        N/A  N/A    0 

# -------------------------------------------
