============================================================
  Generated by:           Genus(TM) Synthesis Solution 25.11-s095_1
  Generated on:           Mar 10 2026  10:31:29 pm
  Operating conditions:   typical 
  Interconnect mode:      global
  Area mode:              physical library
============================================================

                               Leakage    Internal                         Library 
   Gate    Instances   Area  Power (nW)  Power (nW)         Library         Domain 
-----------------------------------------------------------------------------------
AND2_X1           26  27.664    688.810   26698.333 NangateOpenCellLibrary       0 
AND2_X2            5   6.650    244.214    8975.937 NangateOpenCellLibrary       0 
AND3_X1            7   9.310    201.460    8343.994 NangateOpenCellLibrary       0 
AND4_X1            3   4.788     78.209    1343.011 NangateOpenCellLibrary       0 
AOI211_X1          3   3.990    128.509    2488.275 NangateOpenCellLibrary       0 
AOI21_X1          25  26.600    647.670   22253.737 NangateOpenCellLibrary       0 
AOI21_X2           4   7.448    173.800   10123.439 NangateOpenCellLibrary       0 
AOI221_X1          1   1.596     45.001    1357.387 NangateOpenCellLibrary       0 
AOI22_X1          24  31.920    700.720   23227.265 NangateOpenCellLibrary       0 
AOI22_X2           3   7.182    184.810    8937.473 NangateOpenCellLibrary       0 
DFFR_X1           11  58.520    970.752   57646.387 NangateOpenCellLibrary       0 
HA_X1              8  21.280    490.393   21707.932 NangateOpenCellLibrary       0 
INV_X1           113  60.116   1610.187   51502.202 NangateOpenCellLibrary       0 
INV_X2             5   3.990    147.055    4588.482 NangateOpenCellLibrary       0 
INV_X4             2   2.660    113.904    3625.116 NangateOpenCellLibrary       0 
MUX2_X1           41  76.342   1490.966   59003.509 NangateOpenCellLibrary       0 
NAND2_X1         126 100.548   2405.696   68809.232 NangateOpenCellLibrary       0 
NAND2_X2           8  10.640    397.705   13562.336 NangateOpenCellLibrary       0 
NAND2_X4           3   7.182    236.404    5659.260 NangateOpenCellLibrary       0 
NAND3_X1          17  18.088    342.428    9299.811 NangateOpenCellLibrary       0 
NAND3_X2           5   9.310    187.517    6318.759 NangateOpenCellLibrary       0 
NAND4_X1           9  11.970    156.125    2056.442 NangateOpenCellLibrary       0 
NOR2_X1           45  35.910    952.862   27180.226 NangateOpenCellLibrary       0 
NOR2_X2            8  10.640    366.483    8002.799 NangateOpenCellLibrary       0 
NOR3_X1            4   4.256    109.091    2402.606 NangateOpenCellLibrary       0 
NOR4_X1            6   7.980    208.577    1119.221 NangateOpenCellLibrary       0 
OAI211_X1         10  13.300    319.710   11716.201 NangateOpenCellLibrary       0 
OAI211_X4          1   4.522    186.318    5880.697 NangateOpenCellLibrary       0 
OAI21_X1          28  29.792    780.572   26750.186 NangateOpenCellLibrary       0 
OAI21_X2           2   3.724    115.317    5880.563 NangateOpenCellLibrary       0 
OAI221_X1         11  17.556    610.987   18409.964 NangateOpenCellLibrary       0 
OAI221_X2          1   2.926    134.449    1138.613 NangateOpenCellLibrary       0 
OAI222_X1          4   8.512    260.195    6299.328 NangateOpenCellLibrary       0 
OAI22_X1          13  17.290    516.180   10929.944 NangateOpenCellLibrary       0 
OAI22_X2           1   2.394     96.473     524.635 NangateOpenCellLibrary       0 
OAI33_X1           1   1.862     62.538     222.950 NangateOpenCellLibrary       0 
OR2_X1            13  13.832    305.719   11487.503 NangateOpenCellLibrary       0 
OR2_X2             1   1.330     45.708    3184.322 NangateOpenCellLibrary       0 
OR3_X1             2   2.660     51.351    1178.730 NangateOpenCellLibrary       0 
OR4_X1             2   3.192     60.878     394.079 NangateOpenCellLibrary       0 
SDFFR_X1          22 146.300   2386.282  133474.080 NangateOpenCellLibrary       0 
XNOR2_X1          16  25.536    571.477   31645.571 NangateOpenCellLibrary       0 
XOR2_X1           16  25.536    586.892   29336.421 NangateOpenCellLibrary       0 
-----------------------------------------------------------------------------------
total            656 886.844  20370.396  754686.956                                
                                          Leakage  Leakage  Internal  Internal 
     Type      Instances   Area  Area % Power (nW) Power % Power (nW)  Power % 
-------------------------------------------------------------------------------
sequential            33 204.820   23.1   3357.034    16.5 191120.468     25.3 
inverter             120  66.766    7.5   1871.146     9.2  59715.799      7.9 
logic                503 615.258   69.4  15142.216    74.3 503850.689     66.8 
physical_cells         0   0.000    0.0      0.000     0.0      0.000      0.0 
-------------------------------------------------------------------------------
total                656 886.844  100.0  20370.396   100.0 754686.956    100.0 
