============================================================
  Generated by:           Genus(TM) Synthesis Solution 25.11-s095_1
  Generated on:           Mar 10 2026  10:31:25 pm
  Module:                 add_bf16_1C
  Operating conditions:   typical 
  Interconnect mode:      global
  Area mode:              physical library
============================================================


Path 1: MET (0 ps) Late External Delay Assertion at pin bf_out[14]
           View: view_1p2_25
          Group: clock1
     Startpoint: (R) bf2_in_reg[10]/CK
          Clock: (R) clock1
       Endpoint: (F) bf_out[14]
          Clock: (R) clock1

                     Capture       Launch     
        Clock Edge:+    1299            0     
       Src Latency:+       0            0     
       Net Latency:+       0 (I)        0 (I) 
           Arrival:=    1299            0     
                                              
      Output Delay:-       1                  
       Uncertainty:-       0                  
     Required Time:=    1298                  
      Launch Clock:-       0                  
         Data Path:-    1298                  
             Slack:=       0                  

Exceptions/Constraints:
  output_delay              1              add_bf16_1C.sdc_line_21_34_1   

Launch clock path:
#------------------------------------------------------------------------------------------
#   Timing Point    Flags   Arc   Edge   Cell     Fanout Load Trans Delay Arrival Instance 
#                                                        (fF)  (ps)  (ps)   (ps)  Location 
#------------------------------------------------------------------------------------------
  clk               (i)     -     R     (arrival)     33  0.0     0     0       0    (-,-) 
  clk               -       -     -     (net)          -    -     -     -       -    (-,-) 
  clk               -       -     -     (net)          -    -     -     -       -    (-,-) 
  bf2_in_reg[10]/CK <<<     -     R     DFFR_X1       33    -     1     0       0    (-,-) 
#------------------------------------------------------------------------------------------

#-------------------------------------------------------------------------------------------
#   Timing Point    Flags    Arc   Edge   Cell     Fanout Load Trans Delay Arrival Instance 
#                                                         (fF)  (ps)  (ps)   (ps)  Location 
#-------------------------------------------------------------------------------------------
  bf2_in_reg[10]/CK -       -      R     (arrival)     33    -     1     0       0    (-,-) 
  bf2_in_reg[10]/Q  -       CK->Q  R     DFFR_X1        5  7.7    22   114     114    (-,-) 
  n_84              -       -      -     (net)          -    -     -     -       -    (-,-) 
  g28785__1617/ZN   -       A1->ZN F     NAND2_X1       3  4.7    14    24     137    (-,-) 
  n_105             -       -      -     (net)          -    -     -     -       -    (-,-) 
  g28893/ZN         -       A1->ZN F     AND2_X1        4  9.5    14    43     180    (-,-) 
  n_761             -       -      -     (net)          -    -     -     -       -    (-,-) 
  g28684__2802/ZN   -       A2->ZN R     NAND2_X1       2  3.9    14    24     205    (-,-) 
  n_119             -       -      -     (net)          -    -     -     -       -    (-,-) 
  g28672/ZN         -       A->ZN  F     INV_X1         1  3.1     7    11     216    (-,-) 
  n_120             -       -      -     (net)          -    -     -     -       -    (-,-) 
  g28636__6783/ZN   -       A1->ZN R     AOI22_X2       2  5.5    30    36     252    (-,-) 
  n_171             -       -      -     (net)          -    -     -     -       -    (-,-) 
  g28617__7482/ZN   -       A2->ZN F     NAND3_X2       1  6.0    16    30     282    (-,-) 
  n_175             -       -      -     (net)          -    -     -     -       -    (-,-) 
  g28612__7098/ZN   -       A1->ZN R     NAND2_X4      17 36.2    26    36     318    (-,-) 
  n_435             -       -      -     (net)          -    -     -     -       -    (-,-) 
  g28611/ZN         -       A->ZN  F     INV_X4        11 18.7    10    16     334    (-,-) 
  n_200             -       -      -     (net)          -    -     -     -       -    (-,-) 
  g28606__4319/ZN   -       A1->ZN R     NAND2_X1       1  2.0    10    16     350    (-,-) 
  n_194             -       -      -     (net)          -    -     -     -       -    (-,-) 
  g28599__5115/ZN   -       A2->ZN R     AND2_X2        1  6.9    12    36     386    (-,-) 
  n_199             -       -      -     (net)          -    -     -     -       -    (-,-) 
  g28558__2346/ZN   -       B->ZN  F     OAI211_X4      9 15.2    20    35     421    (-,-) 
  n_223             -       -      -     (net)          -    -     -     -       -    (-,-) 
  g28557/ZN         -       A->ZN  R     INV_X2         7 12.1    17    29     450    (-,-) 
  n_255             -       -      -     (net)          -    -     -     -       -    (-,-) 
  g28556__1705/ZN   -       A1->ZN R     AND2_X2        7 10.7    16    42     492    (-,-) 
  n_297             -       -      -     (net)          -    -     -     -       -    (-,-) 
  g28517__5115/ZN   -       A1->ZN F     AOI22_X1       1  1.2    16    15     508    (-,-) 
  n_267             -       -      -     (net)          -    -     -     -       -    (-,-) 
  g28503__2398/ZN   -       A1->ZN F     AND2_X1        1  1.7     6    32     540    (-,-) 
  n_287             -       -      -     (net)          -    -     -     -       -    (-,-) 
  g28462__6131/ZN   -       B1->ZN R     OAI221_X1      4  5.8    55    66     605    (-,-) 
  n_324             -       -      -     (net)          -    -     -     -       -    (-,-) 
  g28449__2398/ZN   -       A1->ZN R     OR2_X1         1  2.0     9    33     638    (-,-) 
  n_325             -       -      -     (net)          -    -     -     -       -    (-,-) 
  g28435__5115/ZN   -       A2->ZN F     NAND2_X1       2  4.4    12    19     658    (-,-) 
  n_349             -       -      -     (net)          -    -     -     -       -    (-,-) 
  g28409__5107/ZN   -       B1->ZN R     OAI21_X1       2  4.3    30    41     699    (-,-) 
  n_376             -       -      -     (net)          -    -     -     -       -    (-,-) 
  g28399__6161/ZN   -       A1->ZN F     NAND2_X1       1  1.8    11    17     716    (-,-) 
  n_377             -       -      -     (net)          -    -     -     -       -    (-,-) 
  g28396__6131/ZN   -       A1->ZN R     NAND2_X1       3  7.6    23    30     746    (-,-) 
  n_404             -       -      -     (net)          -    -     -     -       -    (-,-) 
  g28381__4319/ZN   -       B1->ZN F     AOI21_X2       1  3.0    12    17     763    (-,-) 
  n_405             -       -      -     (net)          -    -     -     -       -    (-,-) 
  g28367__7410/ZN   -       A1->ZN R     NOR2_X2        2  4.3    18    27     790    (-,-) 
  n_410             -       -      -     (net)          -    -     -     -       -    (-,-) 
  g28350__6161/ZN   -       B1->ZN F     AOI21_X1       1  2.4    10    18     808    (-,-) 
  n_421             -       -      -     (net)          -    -     -     -       -    (-,-) 
  g28334__5122/ZN   -       A->ZN  F     XNOR2_X1       2  3.5    15    42     850    (-,-) 
  n_448             -       -      -     (net)          -    -     -     -       -    (-,-) 
  g28328__2883/ZN   -       A1->ZN R     NAND2_X1       1  1.9    14    18     868    (-,-) 
  n_453             -       -      -     (net)          -    -     -     -       -    (-,-) 
  g28320__3680/ZN   -       A1->ZN F     NAND2_X1       4  7.9    17    28     896    (-,-) 
  n_479             -       -      -     (net)          -    -     -     -       -    (-,-) 
  g28319/ZN         -       A->ZN  R     INV_X1         2  5.2    15    26     922    (-,-) 
  n_488             -       -      -     (net)          -    -     -     -       -    (-,-) 
  g28307__8246/ZN   -       A1->ZN F     NAND3_X2       6  9.8    19    30     951    (-,-) 
  n_522             -       -      -     (net)          -    -     -     -       -    (-,-) 
  g28300/ZN         -       A->ZN  R     INV_X1         3  5.5    16    27     978    (-,-) 
  n_527             -       -      -     (net)          -    -     -     -       -    (-,-) 
  g28268__2802/ZN   -       B1->ZN F     AOI22_X1       1  1.8    14    22    1000    (-,-) 
  n_529             -       -      -     (net)          -    -     -     -       -    (-,-) 
  g28252__7410/ZN   -       A1->ZN R     NAND2_X1       3  6.6    20    29    1029    (-,-) 
  n_597             -       -      -     (net)          -    -     -     -       -    (-,-) 
  g28231__1705/ZN   -       A1->ZN R     AND2_X2        2  3.8    10    34    1063    (-,-) 
  n_582             -       -      -     (net)          -    -     -     -       -    (-,-) 
  g28217__2398/ZN   -       A1->ZN F     NAND2_X1       1  3.5    14    17    1080    (-,-) 
  n_583             -       -      -     (net)          -    -     -     -       -    (-,-) 
  g28200__7482/ZN   -       A2->ZN R     NOR2_X2        1  3.3    17    30    1110    (-,-) 
  n_602             -       -      -     (net)          -    -     -     -       -    (-,-) 
  g28168__1705/ZN   -       A1->ZN F     NAND3_X2       2  4.7    14    23    1133    (-,-) 
  n_632             -       -      -     (net)          -    -     -     -       -    (-,-) 
  g28156__1666/ZN   -       A1->ZN R     NAND2_X1       1  2.0    10    18    1151    (-,-) 
  n_633             -       -      -     (net)          -    -     -     -       -    (-,-) 
  g28151__5115/ZN   -       A1->ZN R     AND2_X2        2  3.8     9    30    1181    (-,-) 
  n_663             -       -      -     (net)          -    -     -     -       -    (-,-) 
  g28142__6783/ZN   -       A1->ZN F     NOR2_X1        2  4.7    11    12    1194    (-,-) 
  n_672             -       -      -     (net)          -    -     -     -       -    (-,-) 
  g28132__2346/ZN   -       A1->ZN R     NOR2_X2        1  2.0    13    21    1214    (-,-) 
  n_682             -       -      -     (net)          -    -     -     -       -    (-,-) 
  g28124__5115/ZN   -       A2->ZN F     NAND2_X1       1  3.2    10    18    1232    (-,-) 
  n_691             -       -      -     (net)          -    -     -     -       -    (-,-) 
  g28122__8246/ZN   -       A1->ZN R     NAND2_X2       3  7.2    14    20    1252    (-,-) 
  n_706             -       -      -     (net)          -    -     -     -       -    (-,-) 
  g28120/ZN         -       A->ZN  F     INV_X2         2  3.4     5     8    1261    (-,-) 
  n_709             -       -      -     (net)          -    -     -     -       -    (-,-) 
  g28113__6260/ZN   -       B1->ZN R     AOI21_X1       1  1.9    22    26    1286    (-,-) 
  n_713             -       -      -     (net)          -    -     -     -       -    (-,-) 
  g28111__2398/ZN   -       A1->ZN F     NAND2_X1       1  0.3     7    11    1298    (-,-) 
  bf_out[14]        -       -      -     (net)          -    -     -     -       -    (-,-) 
  bf_out[14]        <<<     -      F     (port)         -    -     -     0    1298    (-,-) 
#-------------------------------------------------------------------------------------------


