============================================================
  Generated by:           Genus(TM) Synthesis Solution 25.11-s095_1
  Generated on:           Mar 11 2026  09:54:00 am
  Module:                 sysarr_n_input_fp_adder_noretime
  Library domain:         timing_condition_tt_1p2v_25c
    Domain index:         0
    Technology library:   NangateOpenCellLibrary revision 1.0
  Operating conditions:   typical 
  Interconnect mode:      global
  Area mode:              physical library
============================================================

Timing
--------

Analysis view  Clock Period 
----------------------------
view_1p2_25   clock1 1250.0 


  Analysis    Cost   Critical        Violating 
    View     Group  Path Slack  TNS    Paths   
-----------------------------------------------
view_1p2_25  clock1        0.0  0.0          0 
            default   No paths  0.0          0 
-----------------------------------------------
Total                          -0.0          0 
                                               

Instance Count
--------------
Leaf Instance Count             5838 
Physical Instance count            0 
Sequential Instance Count        139 
Combinational Instance Count    5699 
Hierarchical Instance Count        0 

Area
----
Cell Area                          6945.260
Physical Cell Area                 0.000
Total Cell Area (Cell+Physical)    6945.260
Net Area                           7384.171
Total Area (Cell+Physical+Net)     14329.431

Power
-----
Leakage Power                      177614.214 nW
Dynamic Power                      18208953.155 nW
Total Power                        18386567.369 nW

Max Fanout                         139 (clk)
Min Fanout                         0 (n_4316)
Average Fanout                     2.0
Terms to net ratio                 3.0143
Terms to instance ratio            3.1759
Runtime                            42.892993 seconds
Elapsed Runtime                    47 seconds
Genus peak memory usage            1710.94 
Innovus peak memory usage          no_value 
Hostname                           asicfab.ecn.purdue.edu
