============================================================
  Generated by:           Genus(TM) Synthesis Solution 25.11-s095_1
  Generated on:           Mar 10 2026  12:55:45 pm
  Module:                 add_fp16
  Operating conditions:   typical 
  Interconnect mode:      global
  Area mode:              physical library
============================================================


Path 1: MET (0 ps) Late External Delay Assertion at pin fp_out[22]
           View: view_1p2_25
          Group: clock1
     Startpoint: (R) smaller_mantissa_l_reg[12]/CK
          Clock: (R) clock1
       Endpoint: (F) fp_out[22]
          Clock: (R) clock1

                     Capture       Launch     
        Clock Edge:+    1075            0     
       Src Latency:+       0            0     
       Net Latency:+       0 (I)        0 (I) 
           Arrival:=    1075            0     
                                              
      Output Delay:-       1                  
       Uncertainty:-       0                  
     Required Time:=    1074                  
      Launch Clock:-       0                  
         Data Path:-    1074                  
             Slack:=       0                  

Exceptions/Constraints:
  output_delay              1              add_fp16.sdc_line_17_75_1   

Launch clock path:
#------------------------------------------------------------------------------------------------------
#         Timing Point          Flags   Arc   Edge   Cell     Fanout Load Trans Delay Arrival Instance 
#                                                                    (fF)  (ps)  (ps)   (ps)  Location 
#------------------------------------------------------------------------------------------------------
  clk                           (i)     -     R     (arrival)     68  0.0     0     0       0    (-,-) 
  clk                           -       -     -     (net)          -    -     -     -       -    (-,-) 
  clk                           -       -     -     (net)          -    -     -     -       -    (-,-) 
  smaller_mantissa_l_reg[12]/CK <<<     -     R     DFFR_X1       68    -     1     0       0    (-,-) 
#------------------------------------------------------------------------------------------------------

#----------------------------------------------------------------------------------------------------------------------
#                Timing Point                  Flags    Arc   Edge   Cell     Fanout Load Trans Delay Arrival Instance 
#                                                                                    (fF)  (ps)  (ps)   (ps)  Location 
#----------------------------------------------------------------------------------------------------------------------
  smaller_mantissa_l_reg[12]/CK                -       -      R     (arrival)     68    -     1     0       0    (-,-) 
  smaller_mantissa_l_reg[12]/Q                 -       CK->Q  F     DFFR_X1        3  5.3    10    91      91    (-,-) 
  smaller_mantissa_l[12]                       -       -      -     (net)          -    -     -     -       -    (-,-) 
  g37828__9315/ZN                              -       A2->ZN F     OR2_X2         3  4.6    10    49     140    (-,-) 
  n_698                                        -       -      -     (net)          -    -     -     -       -    (-,-) 
  g37658__2802/ZN                              -       A2->ZN F     AND2_X1        2  6.5    11    39     180    (-,-) 
  n_821                                        -       -      -     (net)          -    -     -     -       -    (-,-) 
  g37615__6260/ZN                              -       A2->ZN R     NAND2_X2       2  3.9    10    18     198    (-,-) 
  n_855                                        -       -      -     (net)          -    -     -     -       -    (-,-) 
  g37609/ZN                                    -       A->ZN  F     INV_X1         1  1.8     4     8     206    (-,-) 
  n_856                                        -       -      -     (net)          -    -     -     -       -    (-,-) 
  g37583__3680/ZN                              -       A2->ZN R     NAND2_X1       1  1.9    10    15     221    (-,-) 
  n_881                                        -       -      -     (net)          -    -     -     -       -    (-,-) 
  g37878/ZN                                    -       A1->ZN R     AND3_X2        1  6.3    13    43     264    (-,-) 
  n_1706                                       -       -      -     (net)          -    -     -     -       -    (-,-) 
  g37553__5122/ZN                              -       A1->ZN F     NAND2_X4       8 16.6    11    20     284    (-,-) 
  n_724                                        -       -      -     (net)          -    -     -     -       -    (-,-) 
  g37537__5477/ZN                              -       B1->ZN R     AOI21_X2       2  4.4    24    30     313    (-,-) 
  n_925                                        -       -      -     (net)          -    -     -     -       -    (-,-) 
  g37511__5526/ZN                              -       B1->ZN F     OAI21_X1       1  2.4    11    19     333    (-,-) 
  n_945                                        -       -      -     (net)          -    -     -     -       -    (-,-) 
  g37472__5107/ZN                              -       A->ZN  F     XNOR2_X1       1  1.8    10    39     371    (-,-) 
  n_984                                        -       -      -     (net)          -    -     -     -       -    (-,-) 
  g37440__3680/ZN                              -       A1->ZN R     NAND2_X1       1  2.0    16    16     387    (-,-) 
  n_1014                                       -       -      -     (net)          -    -     -     -       -    (-,-) 
  g37436__8428/ZN                              -       A1->ZN R     AND2_X2        9 16.5    23    49     436    (-,-) 
  n_1024                                       -       -      -     (net)          -    -     -     -       -    (-,-) 
  g37405__5122/ZN                              -       A1->ZN F     NAND2_X1       2  5.2    14    25     461    (-,-) 
  n_1052                                       -       -      -     (net)          -    -     -     -       -    (-,-) 
  g37385__7410/ZN                              -       A2->ZN R     NOR2_X2        3  7.5    25    41     502    (-,-) 
  n_729                                        -       -      -     (net)          -    -     -     -       -    (-,-) 
  g37356__5526/ZN                              -       A2->ZN R     AND2_X4        6 13.9    12    39     541    (-,-) 
  n_1100                                       -       -      -     (net)          -    -     -     -       -    (-,-) 
  g37818__1705/ZN                              -       A1->ZN R     AND2_X2        4 11.7    17    42     582    (-,-) 
  n_708                                        -       -      -     (net)          -    -     -     -       -    (-,-) 
  g37244__6161/ZN                              -       A1->ZN F     NAND2_X1       6 11.2    23    36     618    (-,-) 
  n_1224                                       -       -      -     (net)          -    -     -     -       -    (-,-) 
  g37215/ZN                                    -       A->ZN  R     INV_X2         6 10.9    17    29     647    (-,-) 
  n_1223                                       -       -      -     (net)          -    -     -     -       -    (-,-) 
  g37061__7410/ZN                              -       B1->ZN F     AOI22_X1       1  1.8    21    22     670    (-,-) 
  n_1359                                       -       -      -     (net)          -    -     -     -       -    (-,-) 
  g37031__1666/ZN                              -       A1->ZN R     NAND2_X1       1  2.0    11    20     690    (-,-) 
  n_1385                                       -       -      -     (net)          -    -     -     -       -    (-,-) 
  g36996__2883/ZN                              -       A1->ZN F     NOR2_X1        1  3.2     9    11     701    (-,-) 
  n_1410                                       -       -      -     (net)          -    -     -     -       -    (-,-) 
  g36983__1705/ZN                              -       A1->ZN R     NAND3_X2       3  6.0    15    20     721    (-,-) 
  n_1501                                       -       -      -     (net)          -    -     -     -       -    (-,-) 
  g37896/ZN                                    -       A4->ZN R     AND4_X2        1  3.3    12    55     776    (-,-) 
  n_1724                                       -       -      -     (net)          -    -     -     -       -    (-,-) 
  csa_tree_ADD_TC_OP_2_rsh_pad_groupi_g1019/ZN -       A1->ZN F     NAND3_X2       2  4.7    14    21     797    (-,-) 
  csa_tree_ADD_TC_OP_2_rsh_pad_groupi_n_61     -       -      -     (net)          -    -     -     -       -    (-,-) 
  csa_tree_ADD_TC_OP_2_rsh_pad_groupi_g1016/ZN -       B1->ZN R     OAI21_X2       4  7.3    27    38     836    (-,-) 
  csa_tree_ADD_TC_OP_2_rsh_pad_groupi_n_2      -       -      -     (net)          -    -     -     -       -    (-,-) 
  csa_tree_ADD_TC_OP_2_rsh_pad_groupi_g1008/ZN -       A1->ZN F     NAND3_X1       1  3.2    17    28     864    (-,-) 
  csa_tree_ADD_TC_OP_2_rsh_pad_groupi_n_70     -       -      -     (net)          -    -     -     -       -    (-,-) 
  csa_tree_ADD_TC_OP_2_rsh_pad_groupi_g1007/ZN -       A1->ZN R     NAND2_X2       3  5.6    12    21     885    (-,-) 
  csa_tree_ADD_TC_OP_2_rsh_pad_groupi_n_72     -       -      -     (net)          -    -     -     -       -    (-,-) 
  csa_tree_ADD_TC_OP_2_rsh_pad_groupi_g1006/ZN -       A->ZN  F     INV_X1         1  4.1     7    12     897    (-,-) 
  csa_tree_ADD_TC_OP_2_rsh_pad_groupi_n_71     -       -      -     (net)          -    -     -     -       -    (-,-) 
  csa_tree_ADD_TC_OP_2_rsh_pad_groupi_g1000/ZN -       A->ZN  R     XNOR2_X2       2  3.6    19    27     924    (-,-) 
  n_1542                                       -       -      -     (net)          -    -     -     -       -    (-,-) 
  g37879/ZN                                    -       A1->ZN R     AND4_X2        1  1.8    10    48     971    (-,-) 
  n_1707                                       -       -      -     (net)          -    -     -     -       -    (-,-) 
  g20377__6161/ZN                              -       A1->ZN F     NAND4_X1       1  5.9    30    40    1011    (-,-) 
  n_671                                        -       -      -     (net)          -    -     -     -       -    (-,-) 
  g20359__8428/ZN                              -       A2->ZN R     NAND2_X4      23 43.1    31    50    1061    (-,-) 
  n_689                                        -       -      -     (net)          -    -     -     -       -    (-,-) 
  g20328__5107/ZN                              -       B1->ZN F     OAI21_X1       1  0.3    10    13    1074    (-,-) 
  fp_out[22]                                   -       -      -     (net)          -    -     -     -       -    (-,-) 
  fp_out[22]                                   <<<     -      F     (port)         -    -     -     0    1074    (-,-) 
#----------------------------------------------------------------------------------------------------------------------


