============================================================
  Generated by:           Genus(TM) Synthesis Solution 25.11-s095_1
  Generated on:           Mar 10 2026  10:11:10 pm
  Operating conditions:   typical 
  Interconnect mode:      global
  Area mode:              physical library
============================================================

                         Leakage   Internal          Library 
 Gate  Instances  Area Power (nW) Power (nW) Library  Domain 
-------------------------------------------------------------
-------------------------------------------------------------
total          0 0.000      0.000      0.000                 
                                        Leakage  Leakage  Internal  Internal 
     Type      Instances  Area Area % Power (nW) Power % Power (nW)  Power % 
-----------------------------------------------------------------------------
sequential            33 0.000    0.0   2610.706    18.4  97716.854     20.9 
inverter               2 0.000    0.0     28.684     0.2    153.376      0.0 
logic               1066 0.000    0.0  11520.073    81.4 368947.597     79.0 
physical_cells         0 0.000    0.0      0.000     0.0      0.000      0.0 
-----------------------------------------------------------------------------
total               1101 0.000    0.0  14159.464   100.0 466817.827    100.0 
