============================================================
  Generated by:           Genus(TM) Synthesis Solution 25.11-s095_1
  Generated on:           Feb 01 2026  01:40:54 am
  Operating conditions:   PVT_1P2V_25C 
  Interconnect mode:      global
  Area mode:              physical library
============================================================

                                Leakage    Internal                              Library 
   Gate    Instances   Area   Power (nW)  Power (nW)           Library            Domain 
-----------------------------------------------------------------------------------------
addh_1x            5   52.480     38.158   16843.241 MITLL90_STDLIB_8T.tt1p2v25c       0 
and2_1x           27  113.357     87.603   16970.879 MITLL90_STDLIB_8T.tt1p2v25c       0 
and3_1x            4   25.190     11.987    2387.395 MITLL90_STDLIB_8T.tt1p2v25c       0 
ao21_1x           13   68.224     52.000   21733.165 MITLL90_STDLIB_8T.tt1p2v25c       0 
ao22_1x            6   44.083     20.424    6469.630 MITLL90_STDLIB_8T.tt1p2v25c       0 
aoi21_1x          31  130.150     58.985   27255.114 MITLL90_STDLIB_8T.tt1p2v25c       0 
aoi21_2x           4   29.389     15.790    6283.965 MITLL90_STDLIB_8T.tt1p2v25c       0 
aoi22_1x          41  215.168     75.665   31244.241 MITLL90_STDLIB_8T.tt1p2v25c       0 
aoi22_2x           1   10.496      5.070    2858.164 MITLL90_STDLIB_8T.tt1p2v25c       0 
buf_1x             1    3.149      2.769     911.312 MITLL90_STDLIB_8T.tt1p2v25c       0 
dffrq_1x          19  319.078    131.600  161592.881 MITLL90_STDLIB_8T.tt1p2v25c       0 
inv_1x           114  239.309    200.241   37129.873 MITLL90_STDLIB_8T.tt1p2v25c       0 
inv_2x             4   12.595     14.746    2232.281 MITLL90_STDLIB_8T.tt1p2v25c       0 
inv_4x             1    5.248      7.054     438.029 MITLL90_STDLIB_8T.tt1p2v25c       0 
mux2_1x            4   29.389     15.682    8175.313 MITLL90_STDLIB_8T.tt1p2v25c       0 
muxi2_1x          20  125.952     45.493   15474.041 MITLL90_STDLIB_8T.tt1p2v25c       0 
nand2_1x          89  280.243    122.477   33943.330 MITLL90_STDLIB_8T.tt1p2v25c       0 
nand2_2x          11   57.728     40.524    8207.048 MITLL90_STDLIB_8T.tt1p2v25c       0 
nand2_4x           2   18.893     12.425    1862.912 MITLL90_STDLIB_8T.tt1p2v25c       0 
nand3_1x          28  117.555     33.061    9265.940 MITLL90_STDLIB_8T.tt1p2v25c       0 
nand3_2x           1    8.397      0.404      82.233 MITLL90_STDLIB_8T.tt1p2v25c       0 
nor2_1x           52  163.738     71.346   18267.616 MITLL90_STDLIB_8T.tt1p2v25c       0 
nor2_2x            2   10.496      5.432     468.151 MITLL90_STDLIB_8T.tt1p2v25c       0 
nor2_4x            1    9.446      5.540     649.604 MITLL90_STDLIB_8T.tt1p2v25c       0 
nor3_1x           16   67.174     11.186    3129.497 MITLL90_STDLIB_8T.tt1p2v25c       0 
nor3_2x            1    8.397      0.437     174.599 MITLL90_STDLIB_8T.tt1p2v25c       0 
oa21_1x           14   73.472     58.656   26195.433 MITLL90_STDLIB_8T.tt1p2v25c       0 
oa21_2x            1    6.298      5.218     481.721 MITLL90_STDLIB_8T.tt1p2v25c       0 
oai21_1x          62  260.301    166.309   55344.669 MITLL90_STDLIB_8T.tt1p2v25c       0 
oai21_2x           6   44.083     21.612    9987.823 MITLL90_STDLIB_8T.tt1p2v25c       0 
oai22_1x          16   83.968     34.650   17564.332 MITLL90_STDLIB_8T.tt1p2v25c       0 
or2_1x            20   83.968     48.465   16845.046 MITLL90_STDLIB_8T.tt1p2v25c       0 
or3_1x             2   12.595      4.776    1307.392 MITLL90_STDLIB_8T.tt1p2v25c       0 
sdffrq_1x         11  230.912     96.969  104525.408 MITLL90_STDLIB_8T.tt1p2v25c       0 
xnor2_1x          16  117.555     58.328   20239.432 MITLL90_STDLIB_8T.tt1p2v25c       0 
xnor2_2x           2   20.992     11.151    3753.420 MITLL90_STDLIB_8T.tt1p2v25c       0 
xnor2_4x           1   16.794     11.459    3752.166 MITLL90_STDLIB_8T.tt1p2v25c       0 
xor2_1x            5   36.736     19.196   10789.892 MITLL90_STDLIB_8T.tt1p2v25c       0 
xor2_2x            1   10.496      5.681    3247.040 MITLL90_STDLIB_8T.tt1p2v25c       0 
-----------------------------------------------------------------------------------------
total            655 3163.494   1628.568  708084.226                                     
                                           Leakage  Leakage  Internal  Internal 
     Type      Instances   Area   Area % Power (nW) Power % Power (nW)  Power % 
--------------------------------------------------------------------------------
sequential            30  549.990   17.4    228.569    14.0 266118.289     37.6 
inverter             119  257.152    8.1    222.041    13.6  39800.183      5.6 
buffer                 1    3.149    0.1      2.769     0.2    911.312      0.1 
logic                505 2353.203   74.4   1175.189    72.2 401254.441     56.7 
physical_cells         0    0.000    0.0      0.000     0.0      0.000      0.0 
--------------------------------------------------------------------------------
total                655 3163.494  100.0   1628.568   100.0 708084.226    100.0 
