============================================================
  Generated by:           Genus(TM) Synthesis Solution 25.11-s095_1
  Generated on:           Feb 24 2026  10:05:03 am
  Operating conditions:   PVT_1P2V_25C 
  Interconnect mode:      global
  Area mode:              physical library
============================================================

                                Leakage    Internal                               Library 
   Gate    Instances   Area   Power (nW)  Power (nW)            Library            Domain 
------------------------------------------------------------------------------------------
addh_1x            6   62.976     44.108    20323.957 MITLL90_STDLIB_8T.tt1p2v25c       0 
and2_1x           29  121.754     96.851    42920.321 MITLL90_STDLIB_8T.tt1p2v25c       0 
and2_2x            5   26.240     27.773    10017.868 MITLL90_STDLIB_8T.tt1p2v25c       0 
and3_1x           11   69.274     36.222     9060.235 MITLL90_STDLIB_8T.tt1p2v25c       0 
ao21_1x            9   47.232     32.945    16126.749 MITLL90_STDLIB_8T.tt1p2v25c       0 
ao21_2x            2   12.595     10.388    10138.179 MITLL90_STDLIB_8T.tt1p2v25c       0 
ao22_1x           10   73.472     36.664    20024.423 MITLL90_STDLIB_8T.tt1p2v25c       0 
ao22_2x            1    8.397      6.106     4784.370 MITLL90_STDLIB_8T.tt1p2v25c       0 
aoi21_1x          67  281.293    134.814    77463.616 MITLL90_STDLIB_8T.tt1p2v25c       0 
aoi21_2x           6   44.083     22.451    14108.658 MITLL90_STDLIB_8T.tt1p2v25c       0 
aoi21_4x           1   13.645      8.547     2011.814 MITLL90_STDLIB_8T.tt1p2v25c       0 
aoi22_1x          62  325.376    103.656    50596.450 MITLL90_STDLIB_8T.tt1p2v25c       0 
aoi22_2x           3   31.488     13.435     4543.986 MITLL90_STDLIB_8T.tt1p2v25c       0 
aoi22_4x           1   18.893      8.956     3023.070 MITLL90_STDLIB_8T.tt1p2v25c       0 
buf_1x            34  107.059     93.519    47895.535 MITLL90_STDLIB_8T.tt1p2v25c       0 
buf_2x             2    8.397     10.377     4467.225 MITLL90_STDLIB_8T.tt1p2v25c       0 
dffrq_1x          33  554.189    224.661   313888.437 MITLL90_STDLIB_8T.tt1p2v25c       0 
inv_1x           206  432.435    359.792    83173.842 MITLL90_STDLIB_8T.tt1p2v25c       0 
inv_2x            23   72.422     87.473    14959.504 MITLL90_STDLIB_8T.tt1p2v25c       0 
inv_4x             7   36.736     51.211     7212.456 MITLL90_STDLIB_8T.tt1p2v25c       0 
inv_6x             2   14.694     21.162     1491.810 MITLL90_STDLIB_8T.tt1p2v25c       0 
mux2_1x            9   66.125     34.591    18681.360 MITLL90_STDLIB_8T.tt1p2v25c       0 
muxi2_1x           6   37.786     11.550     4684.844 MITLL90_STDLIB_8T.tt1p2v25c       0 
nand2_1x          93  292.838    127.138    45960.087 MITLL90_STDLIB_8T.tt1p2v25c       0 
nand2_2x          33  173.184    103.040    30095.137 MITLL90_STDLIB_8T.tt1p2v25c       0 
nand2_4x           9   85.018     50.108    13441.525 MITLL90_STDLIB_8T.tt1p2v25c       0 
nand3_1x          33  138.547     51.241    18106.204 MITLL90_STDLIB_8T.tt1p2v25c       0 
nand3_2x           1    8.397      0.681      725.650 MITLL90_STDLIB_8T.tt1p2v25c       0 
nand3_4x           2   29.389      6.435     6129.916 MITLL90_STDLIB_8T.tt1p2v25c       0 
nor2_1x           55  173.184     73.621    26690.795 MITLL90_STDLIB_8T.tt1p2v25c       0 
nor2_2x            8   41.984     19.061     6345.573 MITLL90_STDLIB_8T.tt1p2v25c       0 
nor2_4x            5   47.232     26.553     7266.610 MITLL90_STDLIB_8T.tt1p2v25c       0 
nor3_1x           12   50.381     12.639     5648.961 MITLL90_STDLIB_8T.tt1p2v25c       0 
nor3_2x            2   16.794      3.300     1939.845 MITLL90_STDLIB_8T.tt1p2v25c       0 
oa21_1x            9   47.232     38.665    23118.374 MITLL90_STDLIB_8T.tt1p2v25c       0 
oa21_2x            3   18.893     16.723     9614.591 MITLL90_STDLIB_8T.tt1p2v25c       0 
oa22_1x            2   14.694      7.350     3998.140 MITLL90_STDLIB_8T.tt1p2v25c       0 
oai21_1x          86  361.062    228.383    88327.670 MITLL90_STDLIB_8T.tt1p2v25c       0 
oai21_2x           4   29.389     17.102     7863.058 MITLL90_STDLIB_8T.tt1p2v25c       0 
oai21_4x           5   68.224     46.870    17197.568 MITLL90_STDLIB_8T.tt1p2v25c       0 
oai22_1x          23  120.704     50.587    27576.456 MITLL90_STDLIB_8T.tt1p2v25c       0 
oai22_2x           2   20.992      8.228     4689.519 MITLL90_STDLIB_8T.tt1p2v25c       0 
oai22_4x           1   18.893      8.907     1765.023 MITLL90_STDLIB_8T.tt1p2v25c       0 
or2_1x            14   58.778     37.508    15662.928 MITLL90_STDLIB_8T.tt1p2v25c       0 
or2_2x             1    5.248      4.799      926.436 MITLL90_STDLIB_8T.tt1p2v25c       0 
or3_1x             4   25.190      9.438     3005.243 MITLL90_STDLIB_8T.tt1p2v25c       0 
sdffrq_1x          6  125.952     53.068    60598.048 MITLL90_STDLIB_8T.tt1p2v25c       0 
xnor2_1x          12   88.166     45.222    24007.769 MITLL90_STDLIB_8T.tt1p2v25c       0 
xnor2_2x           1   10.496      5.771     3225.218 MITLL90_STDLIB_8T.tt1p2v25c       0 
xnor2_4x           5   83.968     50.248    30675.176 MITLL90_STDLIB_8T.tt1p2v25c       0 
xor2_1x            2   14.694      7.609     2657.249 MITLL90_STDLIB_8T.tt1p2v25c       0 
xor2_2x            3   31.488     17.152     9506.879 MITLL90_STDLIB_8T.tt1p2v25c       0 
------------------------------------------------------------------------------------------
total            971 4667.571   2604.700  1278364.357                                     
                                           Leakage  Leakage   Internal  Internal 
     Type      Instances   Area   Area % Power (nW) Power %  Power (nW)  Power % 
---------------------------------------------------------------------------------
sequential            39  680.141   14.6    277.729    10.7  374486.485     29.3 
inverter             238  556.288   11.9    519.638    20.0  106837.612      8.4 
buffer                36  115.456    2.5    103.896     4.0   52362.759      4.1 
logic                658 3315.686   71.0   1703.437    65.4  744677.500     58.3 
physical_cells         0    0.000    0.0      0.000     0.0       0.000      0.0 
---------------------------------------------------------------------------------
total                971 4667.571  100.0   2604.700   100.0 1278364.357    100.0 
