============================================================
  Generated by:           Genus(TM) Synthesis Solution 25.11-s095_1
  Generated on:           May 24 2026  12:03:47 pm
  Module:                 sysarr_32_input_fp_adder
  Operating conditions:   typical 
  Interconnect mode:      global
  Area mode:              physical library
============================================================

Timing
--------

Analysis view  Clock Period 
----------------------------
view_1p2_25   clock1 1000.0 


  Analysis    Cost   Critical        Violating 
    View     Group  Path Slack  TNS    Paths   
-----------------------------------------------
view_1p2_25  clock1        0.0  0.0          0 
            default   No paths  0.0          0 
-----------------------------------------------
Total                          -0.0          0 
                                               

Instance Count
--------------
Leaf Instance Count             15197 
Physical Instance count             0 
Sequential Instance Count        1679 
Combinational Instance Count    13518 
Hierarchical Instance Count         0 

Area
----
Cell Area                          26081.566
Physical Cell Area                 0.000
Total Cell Area (Cell+Physical)    26081.566
Net Area                           19962.830
Total Area (Cell+Physical+Net)     46044.396

Power
-----
Leakage Power                      556648.329 nW
Dynamic Power                      60733605.272 nW
Total Power                        61290253.601 nW

Max Fanout                         1679 (clk)
Min Fanout                         0 (w_aligned_mants[1][23])
Average Fanout                     2.1
Terms to net ratio                 3.2024
Terms to instance ratio            3.5437
Runtime                            48.305801 seconds
Elapsed Runtime                    53 seconds
Genus peak memory usage            1749.41 
Innovus peak memory usage          no_value 
Hostname                           asicfab.ecn.purdue.edu
