============================================================
  Generated by:           Genus(TM) Synthesis Solution 25.11-s095_1
  Generated on:           Mar 10 2026  01:21:45 pm
  Module:                 add_fp16
  Operating conditions:   typical 
  Interconnect mode:      global
  Area mode:              physical library
============================================================


Path 1: MET (1 ps) Late External Delay Assertion at pin fp_out[22]
           View: view_1p2_25
          Group: clock1
     Startpoint: (R) smaller_mantissa_l_reg[7]/CK
          Clock: (R) clock1
       Endpoint: (F) fp_out[22]
          Clock: (R) clock1

                     Capture       Launch     
        Clock Edge:+    1087            0     
       Src Latency:+       0            0     
       Net Latency:+       0 (I)        0 (I) 
           Arrival:=    1087            0     
                                              
      Output Delay:-       1                  
       Uncertainty:-       0                  
     Required Time:=    1086                  
      Launch Clock:-       0                  
         Data Path:-    1085                  
             Slack:=       1                  

Exceptions/Constraints:
  output_delay              1              add_fp16.sdc_line_17_75_1   

Launch clock path:
#-----------------------------------------------------------------------------------------------------
#        Timing Point          Flags   Arc   Edge   Cell     Fanout Load Trans Delay Arrival Instance 
#                                                                   (fF)  (ps)  (ps)   (ps)  Location 
#-----------------------------------------------------------------------------------------------------
  clk                          (i)     -     R     (arrival)     68  0.0     0     0       0    (-,-) 
  clk                          -       -     -     (net)          -    -     -     -       -    (-,-) 
  clk                          -       -     -     (net)          -    -     -     -       -    (-,-) 
  smaller_mantissa_l_reg[7]/CK <<<     -     R     DFFR_X1       68    -     1     0       0    (-,-) 
#-----------------------------------------------------------------------------------------------------

#----------------------------------------------------------------------------------------------------------------------
#                Timing Point                  Flags    Arc   Edge   Cell     Fanout Load Trans Delay Arrival Instance 
#                                                                                    (fF)  (ps)  (ps)   (ps)  Location 
#----------------------------------------------------------------------------------------------------------------------
  smaller_mantissa_l_reg[7]/CK                 -       -      R     (arrival)     68    -     1     0       0    (-,-) 
  smaller_mantissa_l_reg[7]/Q                  -       CK->Q  R     DFFR_X1        4  9.3    25   117     117    (-,-) 
  smaller_mantissa_l[7]                        -       -      -     (net)          -    -     -     -       -    (-,-) 
  SUB_TC_OP_pol_g1110/ZN                       -       A->ZN  F     INV_X1         1  1.8     8    10     127    (-,-) 
  SUB_TC_OP_pol_n_922                          -       -      -     (net)          -    -     -     -       -    (-,-) 
  SUB_TC_OP_pol_g1051/ZN                       -       A1->ZN R     NAND2_X1       2  3.9    14    19     146    (-,-) 
  SUB_TC_OP_pol_n_807                          -       -      -     (net)          -    -     -     -       -    (-,-) 
  SUB_TC_OP_pol_g1027/ZN                       -       A->ZN  F     INV_X1         1  1.8     5     9     155    (-,-) 
  SUB_TC_OP_pol_n_808                          -       -      -     (net)          -    -     -     -       -    (-,-) 
  SUB_TC_OP_pol_g917/ZN                        -       A->ZN  R     AOI21_X1       1  3.8    31    48     203    (-,-) 
  SUB_TC_OP_pol_n_656                          -       -      -     (net)          -    -     -     -       -    (-,-) 
  SUB_TC_OP_pol_g1132/ZN                       -       A2->ZN R     AND2_X4        1  6.3     8    35     238    (-,-) 
  SUB_TC_OP_pol_n_959                          -       -      -     (net)          -    -     -     -       -    (-,-) 
  SUB_TC_OP_pol_g835/ZN                        -       A1->ZN F     NAND2_X4       9 17.1    11    18     256    (-,-) 
  SUB_TC_OP_pol_n_535                          -       -      -     (net)          -    -     -     -       -    (-,-) 
  SUB_TC_OP_pol_g833/ZN                        -       A1->ZN R     NAND2_X2       1  6.5    13    20     276    (-,-) 
  SUB_TC_OP_pol_n_533                          -       -      -     (net)          -    -     -     -       -    (-,-) 
  SUB_TC_OP_pol_g822/ZN                        -       A2->ZN F     NAND2_X4      11 21.6    13    23     299    (-,-) 
  SUB_TC_OP_pol_n_514                          -       -      -     (net)          -    -     -     -       -    (-,-) 
  SUB_TC_OP_pol_g816/ZN                        -       A1->ZN R     NAND2_X2       1  3.4    10    16     315    (-,-) 
  SUB_TC_OP_pol_n_513                          -       -      -     (net)          -    -     -     -       -    (-,-) 
  SUB_TC_OP_pol_g799/ZN                        -       A1->ZN F     NAND2_X2       1  4.1    10    14     329    (-,-) 
  SUB_TC_OP_pol_n_496                          -       -      -     (net)          -    -     -     -       -    (-,-) 
  SUB_TC_OP_pol_g790/ZN                        -       A->ZN  F     XNOR2_X2       1  3.2    10    36     365    (-,-) 
  n_1693                                       -       -      -     (net)          -    -     -     -       -    (-,-) 
  g35431__8428/ZN                              -       A1->ZN R     NAND2_X2       1  6.2    14    19     384    (-,-) 
  n_860                                        -       -      -     (net)          -    -     -     -       -    (-,-) 
  g35192__7482/ZN                              -       A3->ZN F     NAND4_X4       3 10.6    19    35     419    (-,-) 
  n_1088                                       -       -      -     (net)          -    -     -     -       -    (-,-) 
  g35167__4319/ZN                              -       A1->ZN R     NOR2_X2        2  5.4    20    33     452    (-,-) 
  n_1113                                       -       -      -     (net)          -    -     -     -       -    (-,-) 
  g35156/ZN                                    -       A->ZN  F     INV_X1         2  2.9     8    12     464    (-,-) 
  n_1114                                       -       -      -     (net)          -    -     -     -       -    (-,-) 
  g35154/Z                                     -       A->Z   F     BUF_X1         1  3.2     7    29     493    (-,-) 
  n_1116                                       -       -      -     (net)          -    -     -     -       -    (-,-) 
  g35153/ZN                                    -       A->ZN  R     INV_X2         2  7.8    12    18     510    (-,-) 
  n_796                                        -       -      -     (net)          -    -     -     -       -    (-,-) 
  g35043__7098/ZN                              -       A1->ZN F     NAND4_X4       1  6.0    16    23     533    (-,-) 
  n_1252                                       -       -      -     (net)          -    -     -     -       -    (-,-) 
  g35013/ZN                                    -       A->ZN  R     INV_X4         5 15.1    12    22     555    (-,-) 
  n_1253                                       -       -      -     (net)          -    -     -     -       -    (-,-) 
  g35009__6131/ZN                              -       A1->ZN F     NAND2_X1       6 13.9    28    39     594    (-,-) 
  n_1273                                       -       -      -     (net)          -    -     -     -       -    (-,-) 
  g34988/ZN                                    -       A->ZN  R     INV_X4         9 16.1    15    28     622    (-,-) 
  n_1272                                       -       -      -     (net)          -    -     -     -       -    (-,-) 
  g34837__5115/ZN                              -       B1->ZN F     AOI21_X1       1  1.8    17    16     638    (-,-) 
  n_1407                                       -       -      -     (net)          -    -     -     -       -    (-,-) 
  g34732__2398/ZN                              -       A3->ZN R     NAND3_X1       3  5.1    19    32     671    (-,-) 
  n_1606                                       -       -      -     (net)          -    -     -     -       -    (-,-) 
  csa_tree_ADD_TC_OP_2_rsh_pad_groupi_g1167/ZN -       A2->ZN R     AND2_X1        1  1.2     8    33     703    (-,-) 
  csa_tree_ADD_TC_OP_2_rsh_pad_groupi_n_2      -       -      -     (net)          -    -     -     -       -    (-,-) 
  csa_tree_ADD_TC_OP_2_rsh_pad_groupi_g1116/ZN -       A1->ZN R     AND2_X1        1  3.2    12    34     737    (-,-) 
  csa_tree_ADD_TC_OP_2_rsh_pad_groupi_n_47     -       -      -     (net)          -    -     -     -       -    (-,-) 
  csa_tree_ADD_TC_OP_2_rsh_pad_groupi_g1107/ZN -       A1->ZN F     NAND4_X2       1  5.9    22    30     767    (-,-) 
  csa_tree_ADD_TC_OP_2_rsh_pad_groupi_n_57     -       -      -     (net)          -    -     -     -       -    (-,-) 
  csa_tree_ADD_TC_OP_2_rsh_pad_groupi_g1100/ZN -       A1->ZN R     NOR2_X4        2  5.2    15    27     794    (-,-) 
  csa_tree_ADD_TC_OP_2_rsh_pad_groupi_n_64     -       -      -     (net)          -    -     -     -       -    (-,-) 
  csa_tree_ADD_TC_OP_2_rsh_pad_groupi_g1098/ZN -       B1->ZN F     AOI21_X2       4  8.6    13    22     816    (-,-) 
  csa_tree_ADD_TC_OP_2_rsh_pad_groupi_n_67     -       -      -     (net)          -    -     -     -       -    (-,-) 
  csa_tree_ADD_TC_OP_2_rsh_pad_groupi_g1093/ZN -       B1->ZN R     OAI21_X2       3  6.1    25    35     851    (-,-) 
  csa_tree_ADD_TC_OP_2_rsh_pad_groupi_n_70     -       -      -     (net)          -    -     -     -       -    (-,-) 
  csa_tree_ADD_TC_OP_2_rsh_pad_groupi_g1085/ZN -       A->ZN  R     XNOR2_X1       2  3.0    25    46     896    (-,-) 
  n_1654                                       -       -      -     (net)          -    -     -     -       -    (-,-) 
  g19096__8246/ZN                              -       A2->ZN R     AND3_X1        1  1.9    11    48     944    (-,-) 
  n_734                                        -       -      -     (net)          -    -     -     -       -    (-,-) 
  g19093__2802/ZN                              -       A2->ZN F     NAND3_X1       1  1.7    14    20     965    (-,-) 
  n_736                                        -       -      -     (net)          -    -     -     -       -    (-,-) 
  g19091__3680/ZN                              -       A1->ZN R     NOR2_X1        1  2.0    17    27     992    (-,-) 
  n_738                                        -       -      -     (net)          -    -     -     -       -    (-,-) 
  g19090__6783/ZN                              -       A1->ZN F     NOR2_X1        2  4.9    10    16    1008    (-,-) 
  n_739                                        -       -      -     (net)          -    -     -     -       -    (-,-) 
  g19075__2883/ZN                              -       A1->ZN R     NAND2_X2      23 43.1    55    63    1071    (-,-) 
  n_754                                        -       -      -     (net)          -    -     -     -       -    (-,-) 
  g19043__4733/ZN                              -       B1->ZN F     OAI21_X1       1  0.3    14    14    1085    (-,-) 
  fp_out[22]                                   -       -      -     (net)          -    -     -     -       -    (-,-) 
  fp_out[22]                                   <<<     -      F     (port)         -    -     -     0    1085    (-,-) 
#----------------------------------------------------------------------------------------------------------------------


