============================================================
  Generated by:           Genus(TM) Synthesis Solution 25.11-s095_1
  Generated on:           May 26 2026  02:04:23 pm
  Module:                 sysarr_32_input_fp_adder
  Library domain:         timing_condition_tt_1p2v_25c
    Domain index:         0
    Technology library:   NangateOpenCellLibrary revision 1.0
  Operating conditions:   typical 
  Interconnect mode:      global
  Area mode:              physical library
============================================================

Timing
--------

Analysis view  Clock Period 
----------------------------
view_1p2_25   clock1 1000.0 


  Analysis    Cost   Critical        Violating 
    View     Group  Path Slack  TNS    Paths   
-----------------------------------------------
view_1p2_25  clock1        0.1  0.0          0 
            default   No paths  0.0          0 
-----------------------------------------------
Total                          -0.0          0 
                                               

Instance Count
--------------
Leaf Instance Count             17706 
Physical Instance count             0 
Sequential Instance Count        1855 
Combinational Instance Count    15851 
Hierarchical Instance Count         0 

Area
----
Cell Area                          28184.296
Physical Cell Area                 0.000
Total Cell Area (Cell+Physical)    28184.296
Net Area                           22284.770
Total Area (Cell+Physical+Net)     50469.066

Power
-----
Leakage Power                      620519.880 nW
Dynamic Power                      67180178.941 nW
Total Power                        67800698.820 nW

Max Fanout                         1855 (clk)
Min Fanout                         0 (n_792)
Average Fanout                     2.0
Terms to net ratio                 3.1590
Terms to instance ratio            3.4013
Runtime                            49.226339 seconds
Elapsed Runtime                    57 seconds
Genus peak memory usage            1753.98 
Innovus peak memory usage          no_value 
Hostname                           asicfab.ecn.purdue.edu
