============================================================
  Generated by:           Genus(TM) Synthesis Solution 25.11-s095_1
  Generated on:           Feb 24 2026  12:24:58 pm
  Module:                 add_fp16
  Library domain:         timing_condition_tt_1p2v_25c
    Domain index:         0
    Technology libraries: MITLL90_STDLIB_8T.tt1p2v25c 1.0
                          MITLL90_IOPads_5_1_1.tt1p2v25c 1.0
  Operating conditions:   PVT_1P2V_25C 
  Interconnect mode:      global
  Area mode:              physical library
============================================================

Timing
--------

Analysis view  Clock Period 
----------------------------
view_1p2_25   clock1 1869.0 


  Analysis    Cost   Critical        Violating 
    View     Group  Path Slack  TNS    Paths   
-----------------------------------------------
view_1p2_25  clock1        2.0  0.0          0 
            default   No paths  0.0          0 
-----------------------------------------------
Total                          -0.0          0 
                                               

Instance Count
--------------
Leaf Instance Count             906 
Physical Instance count           0 
Sequential Instance Count        39 
Combinational Instance Count    867 
Hierarchical Instance Count       0 

Area
----
Cell Area                          4425.114
Physical Cell Area                 0.000
Total Cell Area (Cell+Physical)    4425.114
Net Area                           2898.563
Total Area (Cell+Physical+Net)     7323.677

Power
-----
Leakage Power                      2404.426 nW
Dynamic Power                      2847756.821 nW
Total Power                        2850161.247 nW

Max Fanout                         39 (clk)
Min Fanout                         0 (nRST)
Average Fanout                     2.2
Terms to net ratio                 3.1768
Terms to instance ratio            3.3311
Runtime                            64.990833 seconds
Elapsed Runtime                    72 seconds
Genus peak memory usage            2211.94 
Innovus peak memory usage          no_value 
Hostname                           asicfab.ecn.purdue.edu
