Command: report datapath > reports/syn_generic/area.datapath.rpt
============================================================
  Generated by:           Genus(TM) Synthesis Solution 21.17-s066_1
  Generated on:           Jan 26 2026  07:45:05 pm
  Module:                 sysarr_MAC_fp16_2c
  Library domain:         timing_condition_tt_1p2v_25c
    Domain index:         0
    Technology libraries: MITLL90_STDLIB_8T.tt1p2v25c 1.0
                          MITLL90_IOPads_5_1_1.tt1p2v25c 1.0
  Operating conditions:   PVT_1P2V_25C 
  Interconnect mode:      global
  Area mode:              physical library
============================================================


Inferred components

             Operator Signedness Inputs Outputs CellArea 
=========================================================
sysarr_MAC_fp16_2c
 radish_wallaca_add_180_39
  
  module:add_unsigned
   very_fast     +    unsigned   21x22  22       1391.08 
=========================================================

      Type       CellArea Percentage 
-------------------------------------
datapath modules  1391.08       9.18 
external muxes       0.00       0.00 
others           13760.42      90.82 
-------------------------------------
total            15151.50     100.00 

