============================================================
  Generated by:           Genus(TM) Synthesis Solution 25.11-s095_1
  Generated on:           Mar 10 2026  05:57:49 pm
  Operating conditions:   typical 
  Interconnect mode:      global
  Area mode:              physical library
============================================================

                                Leakage    Internal                          Library 
   Gate    Instances   Area   Power (nW)  Power (nW)          Library         Domain 
-------------------------------------------------------------------------------------
AND2_X1           55   58.520   1412.452    44650.444 NangateOpenCellLibrary       0 
AND2_X2           10   13.300    475.926     8513.246 NangateOpenCellLibrary       0 
AND2_X4            4    9.576    409.684    12500.765 NangateOpenCellLibrary       0 
AND3_X1           14   18.620    365.336    15689.452 NangateOpenCellLibrary       0 
AND3_X2            2    3.192     91.344     1391.269 NangateOpenCellLibrary       0 
AND4_X1            4    6.384    118.631     2214.236 NangateOpenCellLibrary       0 
AND4_X2            1    1.862     48.975        0.000 NangateOpenCellLibrary       0 
AOI211_X1          4    5.320    155.469     5487.168 NangateOpenCellLibrary       0 
AOI21_X1          68   72.352   1873.819    71246.505 NangateOpenCellLibrary       0 
AOI21_X2           8   14.896    523.285     8822.840 NangateOpenCellLibrary       0 
AOI21_X4           3   10.374    280.244    12749.412 NangateOpenCellLibrary       0 
AOI221_X1         25   39.900    893.683    39736.419 NangateOpenCellLibrary       0 
AOI222_X1         23   48.944    883.654    22373.336 NangateOpenCellLibrary       0 
AOI22_X1         110  146.300   3257.700    84142.883 NangateOpenCellLibrary       0 
BUF_X1             2    1.596     43.910     1822.535 NangateOpenCellLibrary       0 
BUF_X8             1    3.458    172.245     6397.573 NangateOpenCellLibrary       0 
CLKBUF_X1          1    0.798     10.069      316.209 NangateOpenCellLibrary       0 
DFFR_X1           53  281.960   4644.186   378564.277 NangateOpenCellLibrary       0 
DFFR_X2            1    5.852    135.669     7045.642 NangateOpenCellLibrary       0 
HA_X1              5   13.300    287.931    17918.015 NangateOpenCellLibrary       0 
INV_X1           323  171.836   4557.846   124806.660 NangateOpenCellLibrary       0 
INV_X2            19   15.162    527.137    16810.122 NangateOpenCellLibrary       0 
INV_X4             5    6.650    289.921     6460.695 NangateOpenCellLibrary       0 
INV_X8             2    4.788    229.462     7975.842 NangateOpenCellLibrary       0 
MUX2_X1           53   98.686   1929.811    99277.130 NangateOpenCellLibrary       0 
MUX2_X2            6   14.364    411.756    24620.372 NangateOpenCellLibrary       0 
NAND2_X1         268  213.864   4673.769   115549.030 NangateOpenCellLibrary       0 
NAND2_X2          19   25.270    679.246    18027.059 NangateOpenCellLibrary       0 
NAND2_X4           3    7.182    289.336     5830.861 NangateOpenCellLibrary       0 
NAND3_X1          27   28.728    629.767    12763.213 NangateOpenCellLibrary       0 
NAND3_X2           3    5.586    102.693     4624.967 NangateOpenCellLibrary       0 
NAND3_X4           2    6.916    124.480     7767.288 NangateOpenCellLibrary       0 
NAND4_X1          28   37.240   1079.961    39952.714 NangateOpenCellLibrary       0 
NOR2_X1          153  122.094   3185.037    99202.974 NangateOpenCellLibrary       0 
NOR2_X2           10   13.300    457.456     6713.235 NangateOpenCellLibrary       0 
NOR2_X4            2    4.788    181.059     1793.553 NangateOpenCellLibrary       0 
NOR3_X1           12   12.768    331.311    10954.682 NangateOpenCellLibrary       0 
NOR3_X2            2    3.724    112.098     2416.817 NangateOpenCellLibrary       0 
NOR4_X1           15   19.950    496.334     2810.197 NangateOpenCellLibrary       0 
OAI211_X1         17   22.610    628.942    25523.668 NangateOpenCellLibrary       0 
OAI21_X1          71   75.544   2149.904    64807.358 NangateOpenCellLibrary       0 
OAI21_X2          12   22.344    765.265    26887.593 NangateOpenCellLibrary       0 
OAI21_X4           3   10.374    423.787    13444.280 NangateOpenCellLibrary       0 
OAI221_X1         49   78.204   2861.073    58404.165 NangateOpenCellLibrary       0 
OAI221_X4          1    3.458    154.628     2228.921 NangateOpenCellLibrary       0 
OAI222_X1         31   65.968   2017.027    33223.217 NangateOpenCellLibrary       0 
OAI22_X1          64   85.120   2659.155    51583.347 NangateOpenCellLibrary       0 
OAI22_X2           4    9.576    257.496     9959.704 NangateOpenCellLibrary       0 
OAI22_X4           1    4.522    143.773     6471.552 NangateOpenCellLibrary       0 
OAI33_X1           2    3.724     78.721     4272.475 NangateOpenCellLibrary       0 
OR2_X1            20   21.280    469.780    18164.297 NangateOpenCellLibrary       0 
OR2_X2             3    3.990    140.079     4658.826 NangateOpenCellLibrary       0 
OR3_X1             1    1.330     24.276     1278.537 NangateOpenCellLibrary       0 
OR3_X2             1    1.596     54.150        0.000 NangateOpenCellLibrary       0 
OR4_X1             2    3.192     53.467      523.031 NangateOpenCellLibrary       0 
SDFFR_X1          14   93.100   1497.674   107717.873 NangateOpenCellLibrary       0 
XNOR2_X1          65  103.740   2364.482   132104.335 NangateOpenCellLibrary       0 
XNOR2_X2           3    7.980    226.751     9259.796 NangateOpenCellLibrary       0 
XOR2_X1           16   25.536    537.755    39078.705 NangateOpenCellLibrary       0 
-------------------------------------------------------------------------------------
total           1726 2212.588  53880.876  1959531.316                                
                                           Leakage  Leakage   Internal  Internal 
     Type      Instances   Area   Area % Power (nW) Power %  Power (nW)  Power % 
---------------------------------------------------------------------------------
sequential            68  380.912   17.2   6277.530    11.7  493327.792     25.2 
inverter             349  198.436    9.0   5604.366    10.4  156053.319      8.0 
buffer                 4    5.852    0.3    226.223     0.4    8536.317      0.4 
logic               1305 1627.388   73.6  41772.757    77.5 1301613.888     66.4 
physical_cells         0    0.000    0.0      0.000     0.0       0.000      0.0 
---------------------------------------------------------------------------------
total               1726 2212.588  100.0  53880.876   100.0 1959531.316    100.0 
