============================================================
  Generated by:           Genus(TM) Synthesis Solution 25.11-s095_1
  Generated on:           Feb 01 2026  12:18:28 am
  Operating conditions:   PVT_1P2V_25C 
  Interconnect mode:      global
  Area mode:              physical library
============================================================

                                Leakage    Internal                              Library 
   Gate    Instances   Area   Power (nW)  Power (nW)           Library            Domain 
-----------------------------------------------------------------------------------------
addh_1x            9   94.464     64.985   28863.909 MITLL90_STDLIB_8T.tt1p2v25c       0 
and2_1x           21   88.166     68.429   18889.501 MITLL90_STDLIB_8T.tt1p2v25c       0 
and3_1x            4   25.190     14.306     397.121 MITLL90_STDLIB_8T.tt1p2v25c       0 
ao21_1x           11   57.728     43.894   20178.235 MITLL90_STDLIB_8T.tt1p2v25c       0 
ao21_2x            3   18.893     14.576    7384.203 MITLL90_STDLIB_8T.tt1p2v25c       0 
ao22_1x            5   36.736     21.651   10955.546 MITLL90_STDLIB_8T.tt1p2v25c       0 
ao22_2x            1    8.397      6.259    4046.333 MITLL90_STDLIB_8T.tt1p2v25c       0 
aoi21_1x          30  125.952     55.054   31223.703 MITLL90_STDLIB_8T.tt1p2v25c       0 
aoi21_2x           2   14.694      8.218    3552.568 MITLL90_STDLIB_8T.tt1p2v25c       0 
aoi21_4x           2   27.290     17.494   10542.275 MITLL90_STDLIB_8T.tt1p2v25c       0 
aoi22_1x          38  199.424     67.097   29905.577 MITLL90_STDLIB_8T.tt1p2v25c       0 
aoi22_4x           1   18.893      8.900    5242.295 MITLL90_STDLIB_8T.tt1p2v25c       0 
buf_1x             7   22.042     19.877   11889.407 MITLL90_STDLIB_8T.tt1p2v25c       0 
buf_2x             2    8.397     10.581    5613.262 MITLL90_STDLIB_8T.tt1p2v25c       0 
dffrq_1x          13  218.317     88.930  109731.607 MITLL90_STDLIB_8T.tt1p2v25c       0 
inv_1x           111  233.011    198.060   35554.320 MITLL90_STDLIB_8T.tt1p2v25c       0 
inv_2x             6   18.893     20.830    2174.080 MITLL90_STDLIB_8T.tt1p2v25c       0 
inv_4x             3   15.744     21.529    2341.808 MITLL90_STDLIB_8T.tt1p2v25c       0 
mux2_1x            8   58.778     32.537   15968.348 MITLL90_STDLIB_8T.tt1p2v25c       0 
muxi2_1x          11   69.274     23.585    9852.458 MITLL90_STDLIB_8T.tt1p2v25c       0 
nand2_1x          68  214.118     93.609   23831.488 MITLL90_STDLIB_8T.tt1p2v25c       0 
nand2_2x          14   73.472     38.690   12763.107 MITLL90_STDLIB_8T.tt1p2v25c       0 
nand2_4x           3   28.339     19.643    6211.177 MITLL90_STDLIB_8T.tt1p2v25c       0 
nand3_1x          28  117.555     26.043   10603.140 MITLL90_STDLIB_8T.tt1p2v25c       0 
nand3_2x           2   16.794      6.506    1463.345 MITLL90_STDLIB_8T.tt1p2v25c       0 
nor2_1x           42  132.250     52.466   13163.837 MITLL90_STDLIB_8T.tt1p2v25c       0 
nor2_2x            7   36.736     20.678    8171.654 MITLL90_STDLIB_8T.tt1p2v25c       0 
nor2_4x            1    9.446      5.540     686.093 MITLL90_STDLIB_8T.tt1p2v25c       0 
nor3_1x           19   79.770     11.928    3304.974 MITLL90_STDLIB_8T.tt1p2v25c       0 
nor3_2x            3   25.190      6.336    1007.478 MITLL90_STDLIB_8T.tt1p2v25c       0 
oa21_1x           20  104.960     77.220   27202.276 MITLL90_STDLIB_8T.tt1p2v25c       0 
oa21_2x            1    6.298      6.973    4201.439 MITLL90_STDLIB_8T.tt1p2v25c       0 
oa22_1x            9   66.125     34.817   13684.196 MITLL90_STDLIB_8T.tt1p2v25c       0 
oai21_1x          58  243.507    144.561   57145.249 MITLL90_STDLIB_8T.tt1p2v25c       0 
oai21_2x           3   22.042     12.358    5788.479 MITLL90_STDLIB_8T.tt1p2v25c       0 
oai21_4x           3   40.934     27.654   11156.085 MITLL90_STDLIB_8T.tt1p2v25c       0 
oai22_1x          28  146.944     66.542   28528.521 MITLL90_STDLIB_8T.tt1p2v25c       0 
or2_1x            18   75.571     42.104   13719.507 MITLL90_STDLIB_8T.tt1p2v25c       0 
or3_1x             1    6.298      1.580      71.585 MITLL90_STDLIB_8T.tt1p2v25c       0 
sdffrq_1x         17  356.864    150.371  163333.556 MITLL90_STDLIB_8T.tt1p2v25c       0 
xnor2_1x          21  154.291     79.777   30075.461 MITLL90_STDLIB_8T.tt1p2v25c       0 
xnor2_4x           2   33.587     20.546   11404.113 MITLL90_STDLIB_8T.tt1p2v25c       0 
xor2_1x            6   44.083     22.948   14012.169 MITLL90_STDLIB_8T.tt1p2v25c       0 
xor2_2x            4   41.984     22.704   12794.783 MITLL90_STDLIB_8T.tt1p2v25c       0 
-----------------------------------------------------------------------------------------
total            666 3437.440   1798.388  838630.267                                     
                                           Leakage  Leakage  Internal  Internal 
     Type      Instances   Area   Area % Power (nW) Power % Power (nW)  Power % 
--------------------------------------------------------------------------------
sequential            30  575.181   16.7    239.301    13.3 273065.163     32.6 
inverter             120  267.648    7.8    240.419    13.4  40070.209      4.8 
buffer                 9   30.438    0.9     30.459     1.7  17502.669      2.1 
logic                507 2564.173   74.6   1288.210    71.6 507992.227     60.6 
physical_cells         0    0.000    0.0      0.000     0.0      0.000      0.0 
--------------------------------------------------------------------------------
total                666 3437.440  100.0   1798.388   100.0 838630.267    100.0 
