============================================================
  Generated by:           Genus(TM) Synthesis Solution 25.11-s095_1
  Generated on:           Jun 12 2026  03:16:57 am
  Operating conditions:   typical 
  Interconnect mode:      global
  Area mode:              physical library
============================================================

                                 Leakage      Internal                          Library 
   Gate    Instances    Area    Power (nW)   Power (nW)          Library         Domain 
----------------------------------------------------------------------------------------
AND2_X1          602   640.528   15199.695    571809.941 NangateOpenCellLibrary       0 
AND2_X2           20    26.600    1057.421     63548.570 NangateOpenCellLibrary       0 
AND2_X4           11    26.334    1143.772     19811.390 NangateOpenCellLibrary       0 
AND3_X1           48    63.840    1520.689     58018.962 NangateOpenCellLibrary       0 
AND3_X2            9    14.364     520.157     21462.319 NangateOpenCellLibrary       0 
AND3_X4            2     5.852     215.734      8923.098 NangateOpenCellLibrary       0 
AND4_X1           21    33.516     625.947     14020.669 NangateOpenCellLibrary       0 
AND4_X2            2     3.724      91.263        98.747 NangateOpenCellLibrary       0 
AOI211_X1          7     9.310     232.711      7534.828 NangateOpenCellLibrary       0 
AOI211_X2          1     2.394      67.991      4181.628 NangateOpenCellLibrary       0 
AOI21_X1         547   582.008   14850.125    663918.347 NangateOpenCellLibrary       0 
AOI21_X2          65   121.030    3591.752    174003.355 NangateOpenCellLibrary       0 
AOI21_X4           7    24.206     809.249     30082.100 NangateOpenCellLibrary       0 
AOI221_X1         64   102.144    2440.232    116068.817 NangateOpenCellLibrary       0 
AOI221_X2          3     8.778     282.177      6772.257 NangateOpenCellLibrary       0 
AOI221_X4          1     3.458     112.461     12380.511 NangateOpenCellLibrary       0 
AOI222_X1         29    61.712    1173.200     56800.155 NangateOpenCellLibrary       0 
AOI222_X2          2     7.448     173.757      9999.365 NangateOpenCellLibrary       0 
AOI22_X1         311   413.630    9170.483    292932.952 NangateOpenCellLibrary       0 
AOI22_X2          18    43.092    1376.513     52065.822 NangateOpenCellLibrary       0 
AOI22_X4           1     4.522     157.551      4522.907 NangateOpenCellLibrary       0 
BUF_X1             3     2.394      67.690      3669.811 NangateOpenCellLibrary       0 
BUF_X2             8     8.512     342.986     30675.232 NangateOpenCellLibrary       0 
BUF_X4             1     1.862      87.356      7336.459 NangateOpenCellLibrary       0 
CLKBUF_X1          8     6.384      95.090      5853.480 NangateOpenCellLibrary       0 
DFFRS_X1           5    31.920     523.210     55350.139 NangateOpenCellLibrary       0 
DFFR_X1         1358  7224.560  119347.993  10943594.378 NangateOpenCellLibrary       0 
DFF_X1           148   669.256   11664.282   1372214.322 NangateOpenCellLibrary       0 
FA_X1            780  3319.680   47718.210   3581961.610 NangateOpenCellLibrary       0 
HA_X1             83   220.780    4993.360    256806.071 NangateOpenCellLibrary       0 
INV_X1          2261  1202.852   32205.154   1130937.617 NangateOpenCellLibrary       0 
INV_X16            2     9.044     460.146     25091.812 NangateOpenCellLibrary       0 
INV_X2           112    89.376    3192.550    120645.623 NangateOpenCellLibrary       0 
INV_X4            34    45.220    2132.830     69061.572 NangateOpenCellLibrary       0 
INV_X8            14    33.516    1680.132     69803.860 NangateOpenCellLibrary       0 
MUX2_X1          567  1055.754   20468.868   1370254.272 NangateOpenCellLibrary       0 
MUX2_X2            6    14.364     420.159     32841.871 NangateOpenCellLibrary       0 
NAND2_X1        1930  1540.140   37845.229   1140446.458 NangateOpenCellLibrary       0 
NAND2_X2         133   176.890    6100.399    188167.556 NangateOpenCellLibrary       0 
NAND2_X4          34    81.396    2267.641     37273.864 NangateOpenCellLibrary       0 
NAND3_X1         246   261.744    7457.824    175104.729 NangateOpenCellLibrary       0 
NAND3_X2           9    16.758     408.645     15734.451 NangateOpenCellLibrary       0 
NAND3_X4           2     6.916     178.982      6443.009 NangateOpenCellLibrary       0 
NAND4_X1          86   114.380    2098.242     29064.396 NangateOpenCellLibrary       0 
NAND4_X2           1     2.394      29.418       525.478 NangateOpenCellLibrary       0 
NAND4_X4           1     4.788      81.126         0.000 NangateOpenCellLibrary       0 
NOR2_X1         1214   968.772   26880.925    644014.442 NangateOpenCellLibrary       0 
NOR2_X2           85   113.050    3616.954    101077.544 NangateOpenCellLibrary       0 
NOR2_X4           24    57.456    2261.410     38976.108 NangateOpenCellLibrary       0 
NOR3_X1           82    87.248    2317.022     47971.886 NangateOpenCellLibrary       0 
NOR3_X2           16    29.792     876.626     34212.778 NangateOpenCellLibrary       0 
NOR3_X4            3    11.172     321.271     14874.885 NangateOpenCellLibrary       0 
NOR4_X1          118   156.940    4077.754     37490.444 NangateOpenCellLibrary       0 
OAI211_X1        108   143.640    3377.585     97602.500 NangateOpenCellLibrary       0 
OAI211_X2          3     7.182     210.252     12384.306 NangateOpenCellLibrary       0 
OAI21_X1         708   753.312   21041.821    715023.720 NangateOpenCellLibrary       0 
OAI21_X2          60   111.720    3482.627    141822.252 NangateOpenCellLibrary       0 
OAI21_X4           7    24.206     914.887     39745.927 NangateOpenCellLibrary       0 
OAI221_X1         85   135.660    4233.162    121309.735 NangateOpenCellLibrary       0 
OAI222_X1         29    61.712    1667.540     53683.445 NangateOpenCellLibrary       0 
OAI22_X1         485   645.050   20560.929    475067.812 NangateOpenCellLibrary       0 
OAI22_X2          16    38.304    1192.962     37853.458 NangateOpenCellLibrary       0 
OAI22_X4           2     9.044     281.899      9695.400 NangateOpenCellLibrary       0 
OAI33_X1           1     1.862      34.372      2140.394 NangateOpenCellLibrary       0 
OR2_X1           469   499.016   10725.822    532972.381 NangateOpenCellLibrary       0 
OR2_X2            12    15.960     548.655     32129.147 NangateOpenCellLibrary       0 
OR2_X4             2     4.788     185.441      1547.174 NangateOpenCellLibrary       0 
OR3_X1            53    70.490    1396.076     52882.651 NangateOpenCellLibrary       0 
OR3_X2             1     1.596      58.985      4301.824 NangateOpenCellLibrary       0 
OR4_X1            64   102.144    1775.959     23051.531 NangateOpenCellLibrary       0 
OR4_X2             1     1.862      75.218      1359.982 NangateOpenCellLibrary       0 
SDFFRS_X1         21   161.994    2610.922    239611.689 NangateOpenCellLibrary       0 
SDFFR_X1         144   957.600   15303.825   1677600.141 NangateOpenCellLibrary       0 
SDFFR_X2           2    13.832     285.833     26436.429 NangateOpenCellLibrary       0 
SDFF_X1            1     6.118      98.650     10197.821 NangateOpenCellLibrary       0 
XNOR2_X1         602   960.792   23734.691   1078642.495 NangateOpenCellLibrary       0 
XNOR2_X2          68   180.880    4976.872    332105.577 NangateOpenCellLibrary       0 
XOR2_X1          172   274.512    5697.658    363649.378 NangateOpenCellLibrary       0 
XOR2_X2           18    43.092    1283.937     95380.474 NangateOpenCellLibrary       0 
----------------------------------------------------------------------------------------
total          14279 24990.168  522788.941  29954630.537                                
                                            Leakage  Leakage   Internal   Internal 
     Type      Instances    Area   Area % Power (nW) Power %  Power (nW)   Power % 
-----------------------------------------------------------------------------------
sequential          1679  9065.280   36.3 149834.714    28.7 14325004.917     47.8 
inverter            2423  1380.008    5.5  39670.813     7.6  1415540.485      4.7 
buffer                20    19.152    0.1    593.121     0.1    47534.982      0.2 
logic              10157 14525.728   58.1 332690.294    63.6 14166550.153     47.3 
physical_cells         0     0.000    0.0      0.000     0.0        0.000      0.0 
-----------------------------------------------------------------------------------
total              14279 24990.168  100.0 522788.941   100.0 29954630.537    100.0 
