============================================================
  Generated by:           Genus(TM) Synthesis Solution 25.11-s095_1
  Generated on:           Jun 12 2026  03:16:38 am
  Module:                 sysarr_32_input_fp_adder
  Library domain:         timing_condition_tt_1p2v_25c
    Domain index:         0
    Technology library:   NangateOpenCellLibrary revision 1.0
  Operating conditions:   typical 
  Interconnect mode:      global
  Area mode:              physical library
============================================================

Timing
--------

Analysis view  Clock Period 
----------------------------
view_1p2_25   clock1 1176.0 


  Analysis    Cost   Critical        Violating 
    View     Group  Path Slack  TNS    Paths   
-----------------------------------------------
view_1p2_25  clock1        0.1  0.0          0 
            default   No paths  0.0          0 
-----------------------------------------------
Total                          -0.0          0 
                                               

Instance Count
--------------
Leaf Instance Count             14279 
Physical Instance count             0 
Sequential Instance Count        1679 
Combinational Instance Count    12600 
Hierarchical Instance Count         0 

Area
----
Cell Area                          24990.168
Physical Cell Area                 0.000
Total Cell Area (Cell+Physical)    24990.168
Net Area                           18884.643
Total Area (Cell+Physical+Net)     43874.811

Power
-----
Leakage Power                      522788.941 nW
Dynamic Power                      48035272.418 nW
Total Power                        48558061.360 nW

Max Fanout                         1679 (clk)
Min Fanout                         0 (n_63)
Average Fanout                     2.1
Terms to net ratio                 3.2388
Terms to instance ratio            3.5886
Runtime                            45.395739 seconds
Elapsed Runtime                    49 seconds
Genus peak memory usage            1768.46 
Innovus peak memory usage          no_value 
Hostname                           asicfab.ecn.purdue.edu
