Command: report datapath reports/syn_generic/area.datapath.rpt
Warning: '-sort' is not specified. By default, 'report datapath' orders the components based on instance name
============================================================
  Generated by:           Genus(TM) Synthesis Solution 25.11-s095_1
  Generated on:           Mar 10 2026  07:07:09 pm
  Module:                 add_fp16
  Library domain:         timing_condition_tt_1p2v_25c
    Domain index:         0
    Technology library:   NangateOpenCellLibrary revision 1.0
  Operating conditions:   typical 
  Interconnect mode:      global
  Area mode:              physical library
============================================================



Inferred components

                            Operator Signedness          Architecture                    Inputs    Outputs        CellArea LogicLevels 
=======================================================================================================================================
add_fp16
inc_add_315_48 module:increment_unsigned_9322 
                           increment   unsigned             very_fast                      23x1         24          176.95          10 
=======================================================================================================================================
add_fp16
sub_241_42_pol_pol module:sub_unsigned_220 
                                   -   unsigned             very_fast                     26x26         27          462.29          13 
=======================================================================================================================================
Type              CellArea  Percentage
--------------------------------------
datapath modules    639.23       12.70
external muxes        0.00        0.00
others             4394.14       87.30
--------------------------------------
total              5033.37      100.00
