============================================================
  Generated by:           Genus(TM) Synthesis Solution 25.11-s095_1
  Generated on:           Mar 10 2026  07:07:34 pm
  Module:                 add_fp16
  Operating conditions:   typical 
  Interconnect mode:      global
  Area mode:              physical library
============================================================


Path 1: MET (92 ps) Late External Delay Assertion at pin fp_out[21]
           View: view_1p2_25
          Group: clock1
     Startpoint: (R) smaller_mantissa_l_reg[0]/clk
          Clock: (R) clock1
       Endpoint: (R) fp_out[21]
          Clock: (R) clock1

                     Capture       Launch     
        Clock Edge:+    1220            0     
       Src Latency:+       0            0     
       Net Latency:+       0 (I)        0 (I) 
           Arrival:=    1220            0     
                                              
      Output Delay:-       1                  
       Uncertainty:-       0                  
     Required Time:=    1218                  
      Launch Clock:-       0                  
         Data Path:-    1126                  
             Slack:=      92                  

Exceptions/Constraints:
  output_delay              1              add_fp16.sdc_line_17_76_1   

Launch clock path:
#------------------------------------------------------------------------------------------------------------
#         Timing Point          Flags   Arc   Edge      Cell        Fanout Load Trans Delay Arrival Instance 
#                                                                          (fF)  (ps)  (ps)   (ps)  Location 
#------------------------------------------------------------------------------------------------------------
  clk                           (i,u)   -     R     (arrival)           68  0.0     0     0       0    (-,-) 
  clk                           -       -     -     (net)                -    -     -     -       -    (-,-) 
  clk                           -       -     -     (net)                -    -     -     -       -    (-,-) 
  smaller_mantissa_l_reg[0]/clk <<<     -     R     unmapped_d_flop     68    -     1     0       0    (-,-) 
#------------------------------------------------------------------------------------------------------------

#----------------------------------------------------------------------------------------------------------------
#         Timing Point          Flags    Arc    Edge       Cell         Fanout Load Trans Delay Arrival Instance 
#                                                                              (fF)  (ps)  (ps)   (ps)  Location 
#----------------------------------------------------------------------------------------------------------------
  smaller_mantissa_l_reg[0]/clk -       -       R     (arrival)             68    -     1     0       0    (-,-) 
  smaller_mantissa_l_reg[0]/q   (u)     clk->q  F     unmapped_d_flop       31 99.2     0   148     148    (-,-) 
  mantissa_sum[0]               -       -       -     (net)                  -    -     -     -       -    (-,-) 
  sub_241_42_pol_pol/g428/z     (u)     in_1->z F     unmapped_or2           3  9.6     0    22     170    (-,-) 
  sub_241_42_pol_pol/n_115      -       -       -     (net)                  -    -     -     -       -    (-,-) 
  sub_241_42_pol_pol/g743/z     (u)     in_0->z F     unmapped_complex2      2  6.4     0    19     189    (-,-) 
  sub_241_42_pol_pol/n_190      -       -       -     (net)                  -    -     -     -       -    (-,-) 
  sub_241_42_pol_pol/g679/z     (u)     in_0->z F     unmapped_complex2      1  3.2     0    17     206    (-,-) 
  sub_241_42_pol_pol/n_193      -       -       -     (net)                  -    -     -     -       -    (-,-) 
  sub_241_42_pol_pol/g669/z     (u)     in_0->z R     unmapped_complex2      5 18.0     0    28     233    (-,-) 
  sub_241_42_pol_pol/n_244      -       -       -     (net)                  -    -     -     -       -    (-,-) 
  sub_241_42_pol_pol/g644/z     (u)     in_0->z F     unmapped_complex2      2  6.4     0    19     252    (-,-) 
  sub_241_42_pol_pol/n_247      -       -       -     (net)                  -    -     -     -       -    (-,-) 
  sub_241_42_pol_pol/g629/z     (u)     in_1->z F     unmapped_or2           1  3.2     0    17     269    (-,-) 
  sub_241_42_pol_pol/n_255      -       -       -     (net)                  -    -     -     -       -    (-,-) 
  sub_241_42_pol_pol/g613/z     (u)     in_0->z R     unmapped_complex2     10 36.0     0    38     306    (-,-) 
  sub_241_42_pol_pol/n_286      -       -       -     (net)                  -    -     -     -       -    (-,-) 
  sub_241_42_pol_pol/g600/z     (u)     in_0->z F     unmapped_nand2         1  3.2     0    17     323    (-,-) 
  sub_241_42_pol_pol/n_288      -       -       -     (net)                  -    -     -     -       -    (-,-) 
  sub_241_42_pol_pol/g236/z     (u)     in_1->z R     unmapped_nand2         2  7.2     0    19     342    (-,-) 
  sub_241_42_pol_pol/n_362      -       -       -     (net)                  -    -     -     -       -    (-,-) 
  sub_241_42_pol_pol/g570/z     (u)     in_0->z R     unmapped_or2           1  3.6     0    17     359    (-,-) 
  sub_241_42_pol_pol/n_448      -       -       -     (net)                  -    -     -     -       -    (-,-) 
  sub_241_42_pol_pol/g571/z     (u)     in_1->z F     unmapped_nand2         1  3.2     0    17     375    (-,-) 
  n_2148                        -       -       -     (net)                  -    -     -     -       -    (-,-) 
  g11754/z                      (u)     in_0->z R     unmapped_nand2         1  3.6     0    17     392    (-,-) 
  n_13685                       -       -       -     (net)                  -    -     -     -       -    (-,-) 
  g11733/z                      (u)     in_1->z F     unmapped_nand2        21 67.2     0    48     439    (-,-) 
  mantissa_sum[9]               -       -       -     (net)                  -    -     -     -       -    (-,-) 
  g20251/z                      (u)     in_0->z F     unmapped_complex2      1  3.2     0    17     456    (-,-) 
  n_15772                       -       -       -     (net)                  -    -     -     -       -    (-,-) 
  g19880/z                      (u)     in_1->z R     unmapped_complex2      1  3.6     0    17     473    (-,-) 
  n_16291                       -       -       -     (net)                  -    -     -     -       -    (-,-) 
  g20255/z                      (u)     in_1->z F     unmapped_complex2      1  3.2     0    17     489    (-,-) 
  n_15773                       -       -       -     (net)                  -    -     -     -       -    (-,-) 
  g19872/z                      (u)     in_1->z R     unmapped_complex2      1  3.6     0    17     506    (-,-) 
  n_15168                       -       -       -     (net)                  -    -     -     -       -    (-,-) 
  g19864/z                      (u)     in_1->z F     unmapped_complex2      1  3.2     0    17     522    (-,-) 
  n_15774                       -       -       -     (net)                  -    -     -     -       -    (-,-) 
  g19862/z                      (u)     in_1->z R     unmapped_complex2      1  3.6     0    17     539    (-,-) 
  n_16297                       -       -       -     (net)                  -    -     -     -       -    (-,-) 
  g20258/z                      (u)     in_1->z F     unmapped_complex2      1  3.2     0    17     556    (-,-) 
  n_15775                       -       -       -     (net)                  -    -     -     -       -    (-,-) 
  g19783/z                      (u)     in_1->z R     unmapped_complex2      1  3.6     0    17     572    (-,-) 
  n_16303                       -       -       -     (net)                  -    -     -     -       -    (-,-) 
  g20270/z                      (u)     in_1->z F     unmapped_complex2      1  3.2     0    17     589    (-,-) 
  n_15776                       -       -       -     (net)                  -    -     -     -       -    (-,-) 
  g19617/z                      (u)     in_1->z R     unmapped_complex2      1  3.6     0    17     605    (-,-) 
  n_15169                       -       -       -     (net)                  -    -     -     -       -    (-,-) 
  g19518/z                      (u)     in_1->z F     unmapped_complex2      1  3.2     0    17     622    (-,-) 
  n_15789                       -       -       -     (net)                  -    -     -     -       -    (-,-) 
  g19493/z                      (u)     in_1->z R     unmapped_complex2      1  3.6     0    17     639    (-,-) 
  n_16798                       -       -       -     (net)                  -    -     -     -       -    (-,-) 
  g20332/z                      (u)     in_1->z F     unmapped_complex2      1  3.2     0    17     655    (-,-) 
  n_15790                       -       -       -     (net)                  -    -     -     -       -    (-,-) 
  g19373/z                      (u)     in_1->z R     unmapped_complex2      1  3.6     0    17     672    (-,-) 
  n_16945                       -       -       -     (net)                  -    -     -     -       -    (-,-) 
  g19325/z                      (u)     in_0->z F     unmapped_complex2      1  3.2     0    17     688    (-,-) 
  n_15791                       -       -       -     (net)                  -    -     -     -       -    (-,-) 
  g20538/z                      (u)     in_1->z R     unmapped_nand2         2  7.2     0    19     708    (-,-) 
  n_15170                       -       -       -     (net)                  -    -     -     -       -    (-,-) 
  g19249/z                      (u)     in_1->z F     unmapped_complex2      3  9.6     0    22     729    (-,-) 
  n_15653                       -       -       -     (net)                  -    -     -     -       -    (-,-) 
  g19235/z                      (u)     in_0->z R     unmapped_nand2         2  7.2     0    19     748    (-,-) 
  n_15189                       -       -       -     (net)                  -    -     -     -       -    (-,-) 
  g19213/z                      (u)     in_0->z F     unmapped_nand2         3  9.6     0    22     770    (-,-) 
  n_15190                       -       -       -     (net)                  -    -     -     -       -    (-,-) 
  g19180/z                      (u)     in_1->z R     unmapped_nand2         1  3.6     0    17     786    (-,-) 
  n_15783                       -       -       -     (net)                  -    -     -     -       -    (-,-) 
  g19151/z                      (u)     in_0->z F     unmapped_nand2         3  9.6     0    22     808    (-,-) 
  n_15191                       -       -       -     (net)                  -    -     -     -       -    (-,-) 
  g19136/z                      (u)     in_1->z R     unmapped_nand2         1  3.6     0    17     825    (-,-) 
  n_15786                       -       -       -     (net)                  -    -     -     -       -    (-,-) 
  g19128/z                      (u)     in_0->z F     unmapped_nand2         3  9.6     0    22     846    (-,-) 
  n_15192                       -       -       -     (net)                  -    -     -     -       -    (-,-) 
  g19116/z                      (u)     in_1->z R     unmapped_nand2         1  3.6     0    17     863    (-,-) 
  n_15788                       -       -       -     (net)                  -    -     -     -       -    (-,-) 
  g19108/z                      (u)     in_0->z F     unmapped_nand2         2  6.4     0    19     882    (-,-) 
  n_15193                       -       -       -     (net)                  -    -     -     -       -    (-,-) 
  g19100/z                      (u)     in_0->z F     unmapped_or2           3  9.6     0    22     904    (-,-) 
  n_15668                       -       -       -     (net)                  -    -     -     -       -    (-,-) 
  g19094/z                      (u)     in_1->z F     unmapped_or2           3  9.6     0    22     925    (-,-) 
  n_15194                       -       -       -     (net)                  -    -     -     -       -    (-,-) 
  g19080/z                      (u)     in_0->z R     unmapped_nand2         1  3.6     0    17     942    (-,-) 
  n_15784                       -       -       -     (net)                  -    -     -     -       -    (-,-) 
  g19075/z                      (u)     in_1->z F     unmapped_nand2         2  6.4     0    19     961    (-,-) 
  n_15208                       -       -       -     (net)                  -    -     -     -       -    (-,-) 
  g20448/z                      (u)     in_0->z R     unmapped_complex2      1  3.6     0    17     977    (-,-) 
  n_15211                       -       -       -     (net)                  -    -     -     -       -    (-,-) 
  g20451/z                      (u)     in_1->z R     unmapped_complex2      1  3.6     0    17     994    (-,-) 
  n_15793                       -       -       -     (net)                  -    -     -     -       -    (-,-) 
  g19059/z                      (u)     in_0->z F     unmapped_nand2         1  3.2     0    17    1011    (-,-) 
  n_17590                       -       -       -     (net)                  -    -     -     -       -    (-,-) 
  g20457/z                      (u)     in_1->z R     unmapped_complex2      1  3.6     0    17    1027    (-,-) 
  n_15794                       -       -       -     (net)                  -    -     -     -       -    (-,-) 
  g19045/z                      (u)     in_0->z F     unmapped_complex2     10 32.0     0    38    1065    (-,-) 
  n_15212                       -       -       -     (net)                  -    -     -     -       -    (-,-) 
  g19027/z                      (u)     in_1->z F     unmapped_or2          22 70.4     0    48    1113    (-,-) 
  n_15213                       -       -       -     (net)                  -    -     -     -       -    (-,-) 
  g20486/z                      (u)     in_1->z R     unmapped_complex2      1  0.3     0    14    1126    (-,-) 
  fp_out[21]                    -       -       -     (net)                  -    -     -     -       -    (-,-) 
  fp_out[21]                    <<<     -       R     (port)                 -    -     -     0    1126    (-,-) 
#----------------------------------------------------------------------------------------------------------------

(u) : Net has unmapped pin(s).


