============================================================
  Generated by:           Genus(TM) Synthesis Solution 25.11-s095_1
  Generated on:           May 24 2026  05:01:21 am
  Operating conditions:   typical 
  Interconnect mode:      global
  Area mode:              physical library
============================================================

                         Leakage   Internal          Library 
 Gate  Instances  Area Power (nW) Power (nW) Library  Domain 
-------------------------------------------------------------
-------------------------------------------------------------
total          0 0.000      0.000      0.000                 
                                        Leakage  Leakage   Internal   Internal 
     Type      Instances  Area Area % Power (nW) Power %  Power (nW)   Power % 
-------------------------------------------------------------------------------
sequential          2727 0.000    0.0 215739.258    39.6 10643300.304     44.0 
inverter               5 0.000    0.0     71.711     0.0      996.748      0.0 
logic              27650 0.000    0.0 329566.891    60.4 13552567.562     56.0 
physical_cells         0 0.000    0.0      0.000     0.0        0.000      0.0 
-------------------------------------------------------------------------------
total              30382 0.000    0.0 545377.860   100.0 24196864.613    100.0 
