============================================================
  Generated by:           Genus(TM) Synthesis Solution 25.11-s095_1
  Generated on:           Mar 10 2026  04:38:54 pm
  Module:                 mul_bf
  Operating conditions:   typical 
  Interconnect mode:      global
  Area mode:              physical library
============================================================

Timing
--------

Analysis view  Clock Period 
----------------------------
view_1p2_25   clock1 1613.0 


  Analysis    Cost   Critical        Violating 
    View     Group  Path Slack  TNS    Paths   
-----------------------------------------------
view_1p2_25  clock1        0.3  0.0          0 
            default   No paths  0.0          0 
-----------------------------------------------
Total                          -0.0          0 
                                               

Instance Count
--------------
Leaf Instance Count             448 
Physical Instance count           0 
Sequential Instance Count        25 
Combinational Instance Count    423 
Hierarchical Instance Count       0 

Area
----
Cell Area                          609.938
Physical Cell Area                 0.000
Total Cell Area (Cell+Physical)    609.938
Net Area                           599.969
Total Area (Cell+Physical+Net)     1209.907

Power
-----
Leakage Power                      13571.817 nW
Dynamic Power                      696956.497 nW
Total Power                        710528.314 nW

Max Fanout                         25 (clk)
Min Fanout                         0 (nRST)
Average Fanout                     2.0
Terms to net ratio                 2.9646
Terms to instance ratio            3.3683
Runtime                            62.999481 seconds
Elapsed Runtime                    101 seconds
Genus peak memory usage            1683.07 
Innovus peak memory usage          no_value 
Hostname                           asicfab.ecn.purdue.edu
