============================================================
  Generated by:           Genus(TM) Synthesis Solution 25.11-s095_1
  Generated on:           May 23 2026  11:20:55 pm
  Operating conditions:   typical 
  Interconnect mode:      global
  Area mode:              physical library
============================================================

                                 Leakage      Internal                          Library 
   Gate    Instances    Area    Power (nW)   Power (nW)          Library         Domain 
----------------------------------------------------------------------------------------
AND2_X1          889   945.896   23196.756   1134851.145 NangateOpenCellLibrary       0 
AND2_X2           52    69.160    2769.121    195222.332 NangateOpenCellLibrary       0 
AND2_X4            7    16.758     740.475     58509.861 NangateOpenCellLibrary       0 
AND3_X1           78   103.740    2236.166     66120.433 NangateOpenCellLibrary       0 
AND3_X2           12    19.152     740.976     33829.467 NangateOpenCellLibrary       0 
AND3_X4            3     8.778     398.675     17325.021 NangateOpenCellLibrary       0 
AND4_X1           34    54.264     920.895     17507.387 NangateOpenCellLibrary       0 
AND4_X2            3     5.586     187.210     12492.246 NangateOpenCellLibrary       0 
AOI211_X1         22    29.260     724.629     39857.163 NangateOpenCellLibrary       0 
AOI21_X1         493   524.552   13142.906    742670.928 NangateOpenCellLibrary       0 
AOI21_X2          84   156.408    4637.803    292013.437 NangateOpenCellLibrary       0 
AOI21_X4          21    72.618    2201.484    162358.263 NangateOpenCellLibrary       0 
AOI221_X1         25    39.900     964.542     56948.073 NangateOpenCellLibrary       0 
AOI221_X2          3     8.778     227.219     15437.268 NangateOpenCellLibrary       0 
AOI221_X4          1     3.458     105.554     14965.676 NangateOpenCellLibrary       0 
AOI222_X1         16    34.048     720.079     39314.693 NangateOpenCellLibrary       0 
AOI22_X1         404   537.320   10753.765    438800.169 NangateOpenCellLibrary       0 
AOI22_X2           7    16.758     267.575     11607.649 NangateOpenCellLibrary       0 
AOI22_X4           1     4.522      98.132     10104.274 NangateOpenCellLibrary       0 
BUF_X1             3     2.394      64.448      7207.335 NangateOpenCellLibrary       0 
BUF_X2             1     1.064      47.310         0.000 NangateOpenCellLibrary       0 
BUF_X4             2     3.724     172.305     17514.239 NangateOpenCellLibrary       0 
CLKBUF_X1          4     3.192      46.597      5893.596 NangateOpenCellLibrary       0 
DFFR_X1         2439 12975.480  215069.176  19468360.290 NangateOpenCellLibrary       0 
DFFR_X2            1     5.852     130.350     19421.826 NangateOpenCellLibrary       0 
DFF_X1           152   687.344   11979.927   1501086.473 NangateOpenCellLibrary       0 
FA_X1             96   408.576    7011.402    549525.681 NangateOpenCellLibrary       0 
HA_X1             88   234.080    5398.829    313099.386 NangateOpenCellLibrary       0 
INV_X1          2826  1503.432   40998.577   1652989.037 NangateOpenCellLibrary       0 
INV_X16            2     9.044     459.303     28997.611 NangateOpenCellLibrary       0 
INV_X2           157   125.286    4473.631    214963.169 NangateOpenCellLibrary       0 
INV_X4            44    58.520    2502.799    140270.271 NangateOpenCellLibrary       0 
INV_X8             7    16.758     819.652     50852.179 NangateOpenCellLibrary       0 
MUX2_X1          538  1001.756   19444.661   1206185.869 NangateOpenCellLibrary       0 
MUX2_X2           25    59.850    1730.455    154029.200 NangateOpenCellLibrary       0 
NAND2_X1        3817  3045.966   73497.600   2671572.879 NangateOpenCellLibrary       0 
NAND2_X2         318   422.940   14567.419    570677.960 NangateOpenCellLibrary       0 
NAND2_X4          42   100.548    3980.157    166173.501 NangateOpenCellLibrary       0 
NAND3_X1         236   251.104    6134.880    190660.878 NangateOpenCellLibrary       0 
NAND3_X2          49    91.238    4602.855    134058.071 NangateOpenCellLibrary       0 
NAND3_X4           5    17.290     420.328     21337.348 NangateOpenCellLibrary       0 
NAND4_X1         118   156.940    2533.593     43432.742 NangateOpenCellLibrary       0 
NAND4_X2           2     4.788     102.930      3803.638 NangateOpenCellLibrary       0 
NOR2_X1         1919  1531.362   40777.688   1591450.806 NangateOpenCellLibrary       0 
NOR2_X2          256   340.480   10433.692    511963.483 NangateOpenCellLibrary       0 
NOR2_X4           35    83.790    2862.484    137590.275 NangateOpenCellLibrary       0 
NOR3_X1           89    94.696    2327.866     72452.850 NangateOpenCellLibrary       0 
NOR3_X2            6    11.172     361.462      8324.772 NangateOpenCellLibrary       0 
NOR3_X4            3    11.172     334.118     13633.588 NangateOpenCellLibrary       0 
NOR4_X1          102   135.660    3463.372     29551.436 NangateOpenCellLibrary       0 
OAI211_X1        194   258.020    8578.644    255407.456 NangateOpenCellLibrary       0 
OAI211_X2          2     4.788     177.161      5444.535 NangateOpenCellLibrary       0 
OAI211_X4          1     4.522      94.721     10305.998 NangateOpenCellLibrary       0 
OAI21_X1        1086  1155.504   31094.182   1412191.959 NangateOpenCellLibrary       0 
OAI21_X2         101   188.062    6303.594    295604.672 NangateOpenCellLibrary       0 
OAI21_X4          22    76.076    2540.447    159817.862 NangateOpenCellLibrary       0 
OAI221_X1        143   228.228    6902.251    238814.537 NangateOpenCellLibrary       0 
OAI222_X1         58   123.424    3115.781    123479.652 NangateOpenCellLibrary       0 
OAI22_X1         598   795.340   25316.681    776055.075 NangateOpenCellLibrary       0 
OAI22_X2           9    21.546     681.724     34128.025 NangateOpenCellLibrary       0 
OAI22_X4           2     9.044     261.277     18450.810 NangateOpenCellLibrary       0 
OAI33_X1           4     7.448     174.968     11735.410 NangateOpenCellLibrary       0 
OR2_X1           755   803.320   17971.681   1040287.009 NangateOpenCellLibrary       0 
OR2_X2            28    37.240    1285.322     92046.902 NangateOpenCellLibrary       0 
OR2_X4             3     7.182     288.237     25472.834 NangateOpenCellLibrary       0 
OR3_X1            69    91.770    1718.300     55568.641 NangateOpenCellLibrary       0 
OR3_X2             1     1.596      51.346      3813.284 NangateOpenCellLibrary       0 
OR4_X1            57    90.972    1610.569     17525.307 NangateOpenCellLibrary       0 
OR4_X2             1     1.862      71.832      5956.344 NangateOpenCellLibrary       0 
SDFFRS_X1          4    30.856     500.203     43591.473 NangateOpenCellLibrary       0 
SDFFR_X1          54   359.100    5798.240    750820.166 NangateOpenCellLibrary       0 
XNOR2_X1         812  1295.952   30556.419   1834567.378 NangateOpenCellLibrary       0 
XNOR2_X2         232   617.120   17032.577   1237267.964 NangateOpenCellLibrary       0 
XOR2_X1          696  1110.816   24396.705   1848858.282 NangateOpenCellLibrary       0 
XOR2_X2           69   165.186    4739.818    363526.993 NangateOpenCellLibrary       0 
----------------------------------------------------------------------------------------
total          20538 33531.428  733046.509  45517754.436                                
                                            Leakage  Leakage   Internal   Internal 
     Type      Instances    Area   Area % Power (nW) Power %  Power (nW)   Power % 
-----------------------------------------------------------------------------------
sequential          2650 14058.632   41.9 233477.896    31.9 21783280.229     47.9 
inverter            3036  1713.040    5.1  49253.962     6.7  2088072.266      4.6 
buffer                10    10.374    0.0    330.661     0.0    30615.170      0.1 
logic              14842 17749.382   52.9 449983.990    61.4 21615786.772     47.5 
physical_cells         0     0.000    0.0      0.000     0.0        0.000      0.0 
-----------------------------------------------------------------------------------
total              20538 33531.428  100.0 733046.509   100.0 45517754.436    100.0 
