============================================================
  Generated by:           Genus(TM) Synthesis Solution 25.11-s095_1
  Generated on:           Mar 12 2026  02:00:16 am
  Operating conditions:   typical 
  Interconnect mode:      global
  Area mode:              physical library
============================================================

                                 Leakage      Internal                          Library 
   Gate    Instances    Area    Power (nW)   Power (nW)          Library         Domain 
----------------------------------------------------------------------------------------
AND2_X1          225   239.400    5821.996    290306.696 NangateOpenCellLibrary       0 
AND2_X2           69    91.770    3681.615    179691.996 NangateOpenCellLibrary       0 
AND2_X4           22    52.668    2385.472     83547.600 NangateOpenCellLibrary       0 
AND3_X1           13    17.290     379.005     13877.481 NangateOpenCellLibrary       0 
AND3_X2            4     6.384     262.920      6359.729 NangateOpenCellLibrary       0 
AND3_X4            2     5.852     215.963      8893.936 NangateOpenCellLibrary       0 
AND4_X1           11    17.556     282.623      1230.840 NangateOpenCellLibrary       0 
AND4_X2            1     1.862      44.452         0.000 NangateOpenCellLibrary       0 
AND4_X4            1     3.458     139.642      3083.368 NangateOpenCellLibrary       0 
AOI211_X1         11    14.630     392.958      9248.027 NangateOpenCellLibrary       0 
AOI21_X1         198   210.672    5371.703    192904.926 NangateOpenCellLibrary       0 
AOI21_X2          68   126.616    3913.587    152003.806 NangateOpenCellLibrary       0 
AOI21_X4          52   179.816    6183.856    174204.494 NangateOpenCellLibrary       0 
AOI221_X1         35    55.860    1186.158     51403.614 NangateOpenCellLibrary       0 
AOI222_X1         19    40.432     785.697     29110.963 NangateOpenCellLibrary       0 
AOI22_X1         279   371.070    8281.627    295842.856 NangateOpenCellLibrary       0 
AOI22_X2          10    23.940     587.896     26396.229 NangateOpenCellLibrary       0 
AOI22_X4           2     9.044     250.142      4317.301 NangateOpenCellLibrary       0 
BUF_X1            13    10.374     276.221     16910.382 NangateOpenCellLibrary       0 
BUF_X2            31    32.984    1335.108     82069.099 NangateOpenCellLibrary       0 
BUF_X4             2     3.724     176.590      9587.741 NangateOpenCellLibrary       0 
BUF_X8             1     3.458     172.245     13066.175 NangateOpenCellLibrary       0 
CLKBUF_X1         11     8.778     122.748     12833.529 NangateOpenCellLibrary       0 
CLKBUF_X2          1     1.064      21.274      2530.105 NangateOpenCellLibrary       0 
DFFR_X1          115   611.800   10131.843    997306.644 NangateOpenCellLibrary       0 
FA_X1              8    34.048     630.193     33853.097 NangateOpenCellLibrary       0 
HA_X1             69   183.540    4157.720    205599.155 NangateOpenCellLibrary       0 
INV_X1          2323  1235.836   33391.120   1111107.803 NangateOpenCellLibrary       0 
INV_X16           11    49.742    2526.166     22099.203 NangateOpenCellLibrary       0 
INV_X2           401   319.998   11469.716    386591.337 NangateOpenCellLibrary       0 
INV_X32            3    26.334    1377.908     11784.651 NangateOpenCellLibrary       0 
INV_X4           124   164.920    7182.199    205895.366 NangateOpenCellLibrary       0 
INV_X8            17    40.698    2022.360     54391.274 NangateOpenCellLibrary       0 
MUX2_X1          227   422.674    8203.496    461218.871 NangateOpenCellLibrary       0 
MUX2_X2            5    11.970     332.467     22038.821 NangateOpenCellLibrary       0 
NAND2_X1        2744  2189.712   51574.469   1719458.772 NangateOpenCellLibrary       0 
NAND2_X2         709   942.970   30241.625   1095217.729 NangateOpenCellLibrary       0 
NAND2_X4         230   550.620   20966.692    617376.085 NangateOpenCellLibrary       0 
NAND3_X1         205   218.120    5533.593    180913.368 NangateOpenCellLibrary       0 
NAND3_X2          43    80.066    2512.386     81711.941 NangateOpenCellLibrary       0 
NAND3_X4          20    69.160    3040.798     46634.098 NangateOpenCellLibrary       0 
NAND4_X1          50    66.500    1043.537     17002.006 NangateOpenCellLibrary       0 
NAND4_X2           2     4.788     228.176      6105.995 NangateOpenCellLibrary       0 
NAND4_X4           2     9.576     464.417     10429.202 NangateOpenCellLibrary       0 
NOR2_X1          598   477.204   12831.400    317608.702 NangateOpenCellLibrary       0 
NOR2_X2          134   178.220    5555.137    165971.483 NangateOpenCellLibrary       0 
NOR2_X4           79   189.126    6613.279    164062.548 NangateOpenCellLibrary       0 
NOR3_X1           15    15.960     433.498      6065.730 NangateOpenCellLibrary       0 
NOR4_X1          114   151.620    3866.962     16897.989 NangateOpenCellLibrary       0 
OAI211_X1         52    69.160    1786.705     64463.373 NangateOpenCellLibrary       0 
OAI211_X2         15    35.910     859.364     35080.437 NangateOpenCellLibrary       0 
OAI211_X4          3    13.566     381.639     15243.055 NangateOpenCellLibrary       0 
OAI21_X1         404   429.856   11983.395    433831.912 NangateOpenCellLibrary       0 
OAI21_X2         190   353.780   11231.209    421864.749 NangateOpenCellLibrary       0 
OAI21_X4          51   176.358    5681.248    188583.071 NangateOpenCellLibrary       0 
OAI221_X1         41    65.436    2358.073     53664.263 NangateOpenCellLibrary       0 
OAI222_X1          9    19.152     595.070     11706.637 NangateOpenCellLibrary       0 
OAI22_X1         219   291.270    8968.509    223104.874 NangateOpenCellLibrary       0 
OAI22_X2          11    26.334     816.778     20355.133 NangateOpenCellLibrary       0 
OAI22_X4           5    22.610     670.781     13377.610 NangateOpenCellLibrary       0 
OAI33_X1           1     1.862      50.476       802.968 NangateOpenCellLibrary       0 
OR2_X1            93    98.952    2142.679    108542.146 NangateOpenCellLibrary       0 
OR2_X2             9    11.970     410.661     25833.682 NangateOpenCellLibrary       0 
OR2_X4             2     4.788     181.839     11578.222 NangateOpenCellLibrary       0 
OR3_X1             8    10.640     210.310      3518.525 NangateOpenCellLibrary       0 
OR4_X1            30    47.880     829.046      9102.096 NangateOpenCellLibrary       0 
SDFFR_X1          25   166.250    2701.484    300766.093 NangateOpenCellLibrary       0 
XNOR2_X1         389   620.844   14386.852    768719.300 NangateOpenCellLibrary       0 
XNOR2_X2         345   917.700   25411.091   1365120.604 NangateOpenCellLibrary       0 
XOR2_X1          167   266.532    5982.612    374188.344 NangateOpenCellLibrary       0 
XOR2_X2            8    19.152     579.036     32372.954 NangateOpenCellLibrary       0 
----------------------------------------------------------------------------------------
total          11406 13443.906  366821.514  14098582.808                                
                                            Leakage  Leakage   Internal   Internal 
     Type      Instances    Area   Area % Power (nW) Power %  Power (nW)   Power % 
-----------------------------------------------------------------------------------
sequential           140   778.050    5.8  12833.328     3.5  1298072.737      9.2 
inverter            2879  1837.528   13.7  57969.470    15.8  1791869.633     12.7 
buffer                59    60.382    0.4   2104.186     0.6   136997.031      1.0 
logic               8328 10767.946   80.1 293914.530    80.1 10871643.407     77.1 
physical_cells         0     0.000    0.0      0.000     0.0        0.000      0.0 
-----------------------------------------------------------------------------------
total              11406 13443.906  100.0 366821.514   100.0 14098582.808    100.0 
