============================================================
  Generated by:           Genus(TM) Synthesis Solution 25.11-s095_1
  Generated on:           May 23 2026  01:57:40 pm
  Module:                 sysarr_32_input_fp_adder
  Library domain:         timing_condition_tt_1p2v_25c
    Domain index:         0
    Technology library:   NangateOpenCellLibrary revision 1.0
  Operating conditions:   typical 
  Interconnect mode:      global
  Area mode:              physical library
============================================================

Timing
--------

Analysis view  Clock Period 
----------------------------
view_1p2_25   clock1 1000.0 


  Analysis    Cost   Critical            Violating 
    View     Group  Path Slack    TNS      Paths   
---------------------------------------------------
view_1p2_25  clock1     -192.7 -34944.9        460 
            default   No paths      0.0          0 
---------------------------------------------------
Total                          -34944.9        460 
                                                   

Instance Count
--------------
Leaf Instance Count             29573 
Physical Instance count             0 
Sequential Instance Count        2563 
Combinational Instance Count    27010 
Hierarchical Instance Count        17 

Area
----
Cell Area                          57352.530
Physical Cell Area                 0.000
Total Cell Area (Cell+Physical)    57352.530
Net Area                           25.916
Total Area (Cell+Physical+Net)     57378.446

Power
-----
Leakage Power                      530929.217 nW
Dynamic Power                      25003022.050 nW
Total Power                        25533951.267 nW

Max Fanout                         2563 (clk)
Min Fanout                         0 (nRST)
Average Fanout                     1.8
Terms to net ratio                 2.6203
Terms to instance ratio            3.4332
Runtime                            48.261202 seconds
Elapsed Runtime                    51 seconds
Genus peak memory usage            1771.77 
Innovus peak memory usage          no_value 
Hostname                           asicfab.ecn.purdue.edu
