============================================================
  Generated by:           Genus(TM) Synthesis Solution 25.11-s095_1
  Generated on:           Mar 10 2026  01:48:02 pm
  Module:                 add_fp16
  Library domain:         timing_condition_tt_1p2v_25c
    Domain index:         0
    Technology library:   NangateOpenCellLibrary revision 1.0
  Operating conditions:   typical 
  Interconnect mode:      global
  Area mode:              physical library
============================================================

Timing
--------

Analysis view  Clock Period 
----------------------------
view_1p2_25   clock1 1099.0 


  Analysis    Cost   Critical        Violating 
    View     Group  Path Slack  TNS    Paths   
-----------------------------------------------
view_1p2_25  clock1       -5.3 -5.3          1 
            default   No paths  0.0          0 
-----------------------------------------------
Total                          -5.3          1 
                                               

Instance Count
--------------
Leaf Instance Count             3033 
Physical Instance count            0 
Sequential Instance Count         68 
Combinational Instance Count    2965 
Hierarchical Instance Count        2 

Area
----
Cell Area                          5104.308
Physical Cell Area                 0.000
Total Cell Area (Cell+Physical)    5104.308
Net Area                           26.726
Total Area (Cell+Physical+Net)     5131.034

Power
-----
Leakage Power                      35240.977 nW
Dynamic Power                      1006443.806 nW
Total Power                        1041684.784 nW

Max Fanout                         87 (stall)
Min Fanout                         0 (n_521)
Average Fanout                     2.0
Terms to net ratio                 3.0198
Terms to instance ratio            3.1114
Runtime                            73.973676 seconds
Elapsed Runtime                    81 seconds
Genus peak memory usage            2532.35 
Innovus peak memory usage          no_value 
Hostname                           asicfab.ecn.purdue.edu
