============================================================
  Generated by:           Genus(TM) Synthesis Solution 25.11-s095_1
  Generated on:           Feb 24 2026  11:19:43 am
  Module:                 add_fp16
  Operating conditions:   PVT_1P2V_25C 
  Interconnect mode:      global
  Area mode:              physical library
============================================================


Path 1: MET (8 ps) Setup Check with Pin larger_mantissa_sign_l_reg/CLK->D
           View: view_1p2_25
          Group: clock1
     Startpoint: (R) fp1_in[11]
          Clock: (R) clock1
       Endpoint: (F) larger_mantissa_sign_l_reg/D
          Clock: (R) clock1

                     Capture       Launch     
        Clock Edge:+    1802            0     
        Drv Adjust:+       0            7     
       Src Latency:+       0            0     
       Net Latency:+       0 (I)        0 (I) 
           Arrival:=    1802            7     
                                              
             Setup:-     242                  
       Uncertainty:-       0                  
     Required Time:=    1560                  
      Launch Clock:-       7                  
       Input Delay:-       1                  
         Data Path:-    1543                  
             Slack:=       8                  

Exceptions/Constraints:
  input_delay              1              add_fp16.sdc_line_16_8_1   

#-----------------------------------------------------------------------------------------------------
#        Timing Point          Flags   Arc   Edge   Cell     Fanout Load Trans Delay Arrival Instance 
#                                                                   (fF)  (ps)  (ps)   (ps)  Location 
#-----------------------------------------------------------------------------------------------------
  fp1_in[11]                   -       -     R     (arrival)      3 22.4    17     0       8    (-,-) 
  fp1_in[11]                   -       -     -     (net)          -    -     -     -       -    (-,-) 
  g33050/X                     -       A->X  F     inv_4x         3 15.3    15    19      27    (-,-) 
  n_98                         -       -     -     (net)          -    -     -     -       -    (-,-) 
  g32968__6131/X               -       A->X  R     nand2_4x       2  9.0    28    24      51    (-,-) 
  n_79                         -       -     -     (net)          -    -     -     -       -    (-,-) 
  g32936/X                     -       A->X  F     inv_2x         1  9.5    19    24      75    (-,-) 
  n_80                         -       -     -     (net)          -    -     -     -       -    (-,-) 
  g32891__5115/X               -       A->X  R     nor2_4x        2 12.7    43    37     112    (-,-) 
  n_165                        -       -     -     (net)          -    -     -     -       -    (-,-) 
  g32844__7482/X               -       A->X  F     nor2_4x        2 14.0    36    40     152    (-,-) 
  n_222                        -       -     -     (net)          -    -     -     -       -    (-,-) 
  g32797__6260/X               -       B->X  R     nand2_2x       1  9.3    46    44     195    (-,-) 
  n_223                        -       -     -     (net)          -    -     -     -       -    (-,-) 
  g32783__1705/X               -       A->X  F     nand3_4x       5 18.2    48    48     243    (-,-) 
  n_275                        -       -     -     (net)          -    -     -     -       -    (-,-) 
  g32766/X                     -       A->X  F     buf_2x         3 12.2    29    64     307    (-,-) 
  n_282                        -       -     -     (net)          -    -     -     -       -    (-,-) 
  g32765/X                     -       A->X  R     inv_1x         1  5.3    31    31     338    (-,-) 
  n_277                        -       -     -     (net)          -    -     -     -       -    (-,-) 
  g32753__7098/X               -       A->X  F     nand2_2x       1  9.4    31    34     372    (-,-) 
  n_292                        -       -     -     (net)          -    -     -     -       -    (-,-) 
  g32735__4733/X               -       C->X  R     oai21_4x       1 13.2    54    38     410    (-,-) 
  n_329                        -       -     -     (net)          -    -     -     -       -    (-,-) 
  g32649__1617/X               -       A->X  R     xnor2_4x       5 21.2    76   102     512    (-,-) 
  n_461                        -       -     -     (net)          -    -     -     -       -    (-,-) 
  g32634/X                     -       A->X  F     inv_2x         4 18.4    42    48     560    (-,-) 
  n_481                        -       -     -     (net)          -    -     -     -       -    (-,-) 
  g32555__2346/X               -       B->X  R     nor2_4x        6 21.1    66    59     619    (-,-) 
  n_552                        -       -     -     (net)          -    -     -     -       -    (-,-) 
  g32496__7410/X               -       A0->X F     aoi22_1x       1  9.4    72    72     691    (-,-) 
  n_521                        -       -     -     (net)          -    -     -     -       -    (-,-) 
  g32480__1705/X               -       C->X  R     oai21_4x       3  9.8    53    46     738    (-,-) 
  n_570                        -       -     -     (net)          -    -     -     -       -    (-,-) 
  g32448__4733/X               -       A1->X R     ao22_1x        1  6.2    44    70     807    (-,-) 
  n_571                        -       -     -     (net)          -    -     -     -       -    (-,-) 
  g32423__7410/X               -       A->X  F     aoi21_2x       2  9.2    52    41     848    (-,-) 
  n_636                        -       -     -     (net)          -    -     -     -       -    (-,-) 
  g32403__3680/X               -       A->X  R     oai21_2x       1  4.7    62    44     892    (-,-) 
  n_665                        -       -     -     (net)          -    -     -     -       -    (-,-) 
  g32384__3680/X               -       C->X  F     oai21_2x       1  5.3    57    48     939    (-,-) 
  n_708                        -       -     -     (net)          -    -     -     -       -    (-,-) 
  g32351__6131/X               -       C->X  R     aoi21_2x       1  6.0    57    59     998    (-,-) 
  n_740                        -       -     -     (net)          -    -     -     -       -    (-,-) 
  g32307__2883/X               -       A0->X F     oai22_2x       1  3.7    47    38    1037    (-,-) 
  n_764                        -       -     -     (net)          -    -     -     -       -    (-,-) 
  g32269__1705/X               -       A->X  F     ao21_1x        1  6.2    36    79    1116    (-,-) 
  n_782                        -       -     -     (net)          -    -     -     -       -    (-,-) 
  g32252__2398/X               -       A->X  R     aoi21_2x       2  8.6    71    52    1168    (-,-) 
  n_799                        -       -     -     (net)          -    -     -     -       -    (-,-) 
  g32248__2346/X               -       A->X  F     nand2_2x       2  6.9    36    38    1206    (-,-) 
  n_807                        -       -     -     (net)          -    -     -     -       -    (-,-) 
  g32243__4733/X               -       C->X  R     aoi21_1x       4 12.4   142   112    1317    (-,-) 
  n_817                        -       -     -     (net)          -    -     -     -       -    (-,-) 
  g32240/X                     -       A->X  F     inv_1x         2  8.9    60    61    1379    (-,-) 
  n_842                        -       -     -     (net)          -    -     -     -       -    (-,-) 
  g32199__5477/S               -       A->S  F     addh_1x        1  4.9    33    89    1468    (-,-) 
  n_869                        -       -     -     (net)          -    -     -     -       -    (-,-) 
  g32156__4319/X               -       S->X  F     muxi2_1x       1  3.0    78    83    1551    (-,-) 
  n_900                        -       -     -     (net)          -    -     -     -       -    (-,-) 
  larger_mantissa_sign_l_reg/D <<<     -     F     sdffrq_1x      1    -     -     0    1551    (-,-) 
#-----------------------------------------------------------------------------------------------------

Capture clock path:
#-------------------------------------------------------------------------------------------------------
#         Timing Point           Flags   Arc   Edge   Cell     Fanout Load Trans Delay Arrival Instance 
#                                                                     (fF)  (ps)  (ps)   (ps)  Location 
#-------------------------------------------------------------------------------------------------------
  clk                            (i)     -     R     (arrival)     39  0.0     1     0    1802    (-,-) 
  clk                            -       -     -     (net)          -    -     -     -       -    (-,-) 
  clk                            -       -     -     (net)          -    -     -     -       -    (-,-) 
  larger_mantissa_sign_l_reg/CLK <<<     -     R     sdffrq_1x     39    -     1     0    1802    (-,-) 
#-------------------------------------------------------------------------------------------------------


