============================================================
  Generated by:           Genus(TM) Synthesis Solution 25.11-s095_1
  Generated on:           Feb 24 2026  09:10:55 am
  Module:                 add_fp16
  Operating conditions:   PVT_1P2V_25C 
  Interconnect mode:      global
  Area mode:              physical library
============================================================


Path 1: MET (0 ps) Late External Delay Assertion at pin fp_out[13]
           View: view_1p2_25
          Group: clock1
     Startpoint: (R) larger_mantissa_l_reg[5]/CLK
          Clock: (R) clock1
       Endpoint: (F) fp_out[13]
          Clock: (R) clock1

                     Capture       Launch     
        Clock Edge:+    1695            0     
       Src Latency:+       0            0     
       Net Latency:+       0 (I)        0 (I) 
           Arrival:=    1695            0     
                                              
      Output Delay:-       1                  
       Uncertainty:-       0                  
     Required Time:=    1694                  
      Launch Clock:-       0                  
         Data Path:-    1694                  
             Slack:=       0                  

Exceptions/Constraints:
  output_delay              1              add_fp16.sdc_line_17_36_1   

Launch clock path:
#-----------------------------------------------------------------------------------------------------
#        Timing Point          Flags   Arc   Edge   Cell     Fanout Load Trans Delay Arrival Instance 
#                                                                   (fF)  (ps)  (ps)   (ps)  Location 
#-----------------------------------------------------------------------------------------------------
  clk                          (i)     -     R     (arrival)     39  0.0     1     0       0    (-,-) 
  clk                          -       -     -     (net)          -    -     -     -       -    (-,-) 
  clk                          -       -     -     (net)          -    -     -     -       -    (-,-) 
  larger_mantissa_l_reg[5]/CLK <<<     -     R     dffrq_1x      39    -     1     0       0    (-,-) 
#-----------------------------------------------------------------------------------------------------

#------------------------------------------------------------------------------------------------------
#        Timing Point          Flags    Arc   Edge   Cell     Fanout Load Trans Delay Arrival Instance 
#                                                                    (fF)  (ps)  (ps)   (ps)  Location 
#------------------------------------------------------------------------------------------------------
  larger_mantissa_l_reg[5]/CLK -       -      R     (arrival)     39    -     1     0       0    (-,-) 
  larger_mantissa_l_reg[5]/Q   -       CLK->Q R     dffrq_1x       5 15.1    84   206     206    (-,-) 
  larger_mantissa_l[5]         -       -      -     (net)          -    -     -     -       -    (-,-) 
  g35924/X                     -       A->X   F     inv_1x         1  3.3    31    32     237    (-,-) 
  n_12                         -       -      -     (net)          -    -     -     -       -    (-,-) 
  g35888__4319/X               -       A->X   R     nand2_1x       2  6.4    61    47     284    (-,-) 
  n_91                         -       -      -     (net)          -    -     -     -       -    (-,-) 
  g35813__7410/X               -       B->X   F     nand2_1x       2  6.5    44    55     339    (-,-) 
  n_200                        -       -      -     (net)          -    -     -     -       -    (-,-) 
  g35711__9315/X               -       B->X   R     nor2_1x        1 11.0   118    93     432    (-,-) 
  n_202                        -       -      -     (net)          -    -     -     -       -    (-,-) 
  g35673__8428/X               -       B->X   F     aoi21_4x       4 13.1    45    58     490    (-,-) 
  n_301                        -       -      -     (net)          -    -     -     -       -    (-,-) 
  g36019/X                     -       B->X   R     oai21_1x       1  5.3    71    63     553    (-,-) 
  n_975                        -       -      -     (net)          -    -     -     -       -    (-,-) 
  g35614__2346/X               -       A->X   F     nand2_2x       2  8.2    38    41     594    (-,-) 
  n_343                        -       -      -     (net)          -    -     -     -       -    (-,-) 
  g35569__6783/X               -       A->X   R     nand2_1x       1  5.7    53    46     640    (-,-) 
  n_344                        -       -      -     (net)          -    -     -     -       -    (-,-) 
  g35492__6260/X               -       A->X   F     xnor2_1x       1  6.0    67    56     696    (-,-) 
  n_381                        -       -      -     (net)          -    -     -     -       -    (-,-) 
  g35434__6260/X               -       A0->X  R     aoi22_2x       2  8.7    74    66     762    (-,-) 
  n_425                        -       -      -     (net)          -    -     -     -       -    (-,-) 
  g35427/X                     -       A->X   F     inv_2x         4 18.6    42    48     810    (-,-) 
  n_528                        -       -      -     (net)          -    -     -     -       -    (-,-) 
  g35417__6417/X               -       B->X   R     nor2_4x        4 18.1    59    54     864    (-,-) 
  n_501                        -       -      -     (net)          -    -     -     -       -    (-,-) 
  g35381__1666/X               -       A->X   F     nand2_4x       2 19.9    40    43     907    (-,-) 
  n_517                        -       -      -     (net)          -    -     -     -       -    (-,-) 
  g35373/X                     -       A->X   R     inv_4x         3 21.1    34    34     941    (-,-) 
  n_556                        -       -      -     (net)          -    -     -     -       -    (-,-) 
  g35353__1881/X               -       A->X   R     and2_2x        3 14.9    44    71    1012    (-,-) 
  n_612                        -       -      -     (net)          -    -     -     -       -    (-,-) 
  g35327__1617/X               -       A->X   F     nand2_2x       4 12.8    41    44    1055    (-,-) 
  n_688                        -       -      -     (net)          -    -     -     -       -    (-,-) 
  g35313/X                     -       A->X   R     inv_1x         4 12.5    64    55    1110    (-,-) 
  n_728                        -       -      -     (net)          -    -     -     -       -    (-,-) 
  g35275__1617/X               -       A->X   F     nand2_1x       1  3.0    41    36    1146    (-,-) 
  n_704                        -       -      -     (net)          -    -     -     -       -    (-,-) 
  g35202__5477/X               -       C->X   R     nand3_1x       3  9.2    91    74    1220    (-,-) 
  n_831                        -       -      -     (net)          -    -     -     -       -    (-,-) 
  g35186__1617/X               -       A->X   R     and2_1x        1  3.4    27    62    1282    (-,-) 
  n_780                        -       -      -     (net)          -    -     -     -       -    (-,-) 
  g35173__2346/X               -       A->X   R     and2_2x        1  9.4    33    61    1343    (-,-) 
  n_805                        -       -      -     (net)          -    -     -     -       -    (-,-) 
  g35158__8246/X               -       B->X   F     nand3_4x       3  9.9    36    41    1384    (-,-) 
  n_841                        -       -      -     (net)          -    -     -     -       -    (-,-) 
  g35157/X                     -       A->X   R     inv_1x         1  5.3    33    33    1416    (-,-) 
  n_826                        -       -      -     (net)          -    -     -     -       -    (-,-) 
  g35152__5107/X               -       A->X   F     nand2_2x       4 15.0    69    44    1460    (-,-) 
  n_855                        -       -      -     (net)          -    -     -     -       -    (-,-) 
  g35129__9945/X               -       A->X   R     nor2_1x        3 11.6   125   101    1562    (-,-) 
  n_865                        -       -      -     (net)          -    -     -     -       -    (-,-) 
  g36022/X                     -       A->X   F     nor3_2x        1  3.6    46    49    1611    (-,-) 
  n_978                        -       -      -     (net)          -    -     -     -       -    (-,-) 
  g35033__2398/X               -       C->X   R     aoi21_1x       1  3.3    63    58    1670    (-,-) 
  n_905                        -       -      -     (net)          -    -     -     -       -    (-,-) 
  g35015__5526/X               -       A->X   F     nand2_1x       1  0.9    24    24    1694    (-,-) 
  fp_out[13]                   -       -      -     (net)          -    -     -     -       -    (-,-) 
  fp_out[13]                   <<<     -      F     (port)         -    -     -     0    1694    (-,-) 
#------------------------------------------------------------------------------------------------------


