============================================================
  Generated by:           Genus(TM) Synthesis Solution 25.11-s095_1
  Generated on:           May 22 2026  11:40:06 pm
  Module:                 sysarr_32_input_fp_adder
  Library domain:         timing_condition_tt_1p2v_25c
    Domain index:         0
    Technology library:   NangateOpenCellLibrary revision 1.0
  Operating conditions:   typical 
  Interconnect mode:      global
  Area mode:              physical library
============================================================

Timing
--------

Analysis view  Clock Period 
----------------------------
view_1p2_25   clock1 1000.0 


  Analysis    Cost   Critical           Violating 
    View     Group  Path Slack   TNS      Paths   
--------------------------------------------------
view_1p2_25  clock1      -66.3 -8582.4        488 
            default   No paths     0.0          0 
--------------------------------------------------
Total                          -8582.4        488 
                                                  

Instance Count
--------------
Leaf Instance Count             23500 
Physical Instance count             0 
Sequential Instance Count        1602 
Combinational Instance Count    21898 
Hierarchical Instance Count         0 

Area
----
Cell Area                          31715.978
Physical Cell Area                 0.000
Total Cell Area (Cell+Physical)    31715.978
Net Area                           28429.049
Total Area (Cell+Physical+Net)     60145.027

Power
-----
Leakage Power                      765370.609 nW
Dynamic Power                      82816802.877 nW
Total Power                        83582173.487 nW

Max Fanout                         1602 (clk)
Min Fanout                         0 (n_12245)
Average Fanout                     2.0
Terms to net ratio                 3.0665
Terms to instance ratio            3.1811
Runtime                            47.055454 seconds
Elapsed Runtime                    57 seconds
Genus peak memory usage            1762.56 
Innovus peak memory usage          no_value 
Hostname                           asicfab.ecn.purdue.edu
