============================================================
  Generated by:           Genus(TM) Synthesis Solution 25.11-s095_1
  Generated on:           May 22 2026  11:40:14 pm
  Module:                 sysarr_32_input_fp_adder
  Operating conditions:   typical 
  Interconnect mode:      global
  Area mode:              physical library
============================================================


Path 1: VIOLATED (-66 ps) Setup Check with Pin abs_sum_reg[27]/CK->D
           View: view_1p2_25
          Group: clock1
     Startpoint: (R) aligner_inst_aligned_mant_out_reg[14][18]/CK
          Clock: (R) clock1
       Endpoint: (F) abs_sum_reg[27]/D
          Clock: (R) clock1

                     Capture       Launch     
        Clock Edge:+    1000            0     
       Src Latency:+       0            0     
       Net Latency:+       0 (I)        0 (I) 
           Arrival:=    1000            0     
                                              
             Setup:-      40                  
       Uncertainty:-       0                  
     Required Time:=     959                  
      Launch Clock:-       0                  
         Data Path:-    1026                  
             Slack:=     -66                  

Launch clock path:
#---------------------------------------------------------------------------------------------------------------------
#                Timing Point                  Flags   Arc   Edge   Cell     Fanout Load Trans Delay Arrival Instance 
#                                                                                   (fF)  (ps)  (ps)   (ps)  Location 
#---------------------------------------------------------------------------------------------------------------------
  clk                                          (i)     -     R     (arrival)   1602  0.0     0     0       0    (-,-) 
  clk                                          -       -     -     (net)          -    -     -     -       -    (-,-) 
  clk                                          -       -     -     (net)          -    -     -     -       -    (-,-) 
  aligner_inst_aligned_mant_out_reg[14][18]/CK <<<     -     R     DFFR_X1     1602    -     1     0       0    (-,-) 
#---------------------------------------------------------------------------------------------------------------------

#----------------------------------------------------------------------------------------------------------------------
#                Timing Point                  Flags    Arc   Edge   Cell     Fanout Load Trans Delay Arrival Instance 
#                                                                                    (fF)  (ps)  (ps)   (ps)  Location 
#----------------------------------------------------------------------------------------------------------------------
  aligner_inst_aligned_mant_out_reg[14][18]/CK -       -      R     (arrival)   1602    -     1     0       0    (-,-) 
  aligner_inst_aligned_mant_out_reg[14][18]/QN -       CK->QN F     DFFR_X1        1  1.8    12    65      65    (-,-) 
  n_12662                                      -       -      -     (net)          -    -     -     -       -    (-,-) 
  g404358/ZN                                   -       A->ZN  R     INV_X1         3  5.7    16    24      89    (-,-) 
  w_aligned_mants[14][18]                      -       -      -     (net)          -    -     -     -       -    (-,-) 
  WALLACE_CSA_DUMMY_OP_groupi_g53296/ZN        -       A->ZN  F     INV_X1         2  2.9     7    11     100    (-,-) 
  WALLACE_CSA_DUMMY_OP_groupi_n_1877           -       -      -     (net)          -    -     -     -       -    (-,-) 
  WALLACE_CSA_DUMMY_OP_groupi_g54607/ZN        -       A2->ZN F     OR2_X1         1  1.8     9    49     149    (-,-) 
  WALLACE_CSA_DUMMY_OP_groupi_n_96             -       -      -     (net)          -    -     -     -       -    (-,-) 
  WALLACE_CSA_DUMMY_OP_groupi_g51390/ZN        -       A1->ZN R     NAND2_X1       1  4.3    15    21     170    (-,-) 
  WALLACE_CSA_DUMMY_OP_groupi_n_3603           -       -      -     (net)          -    -     -     -       -    (-,-) 
  WALLACE_CSA_DUMMY_OP_groupi_g50797/ZN        -       A->ZN  R     XNOR2_X2       3  5.8    24    41     211    (-,-) 
  WALLACE_CSA_DUMMY_OP_groupi_n_4055           -       -      -     (net)          -    -     -     -       -    (-,-) 
  WALLACE_CSA_DUMMY_OP_groupi_g50334/ZN        -       A->ZN  F     INV_X1         1  4.1    10    15     226    (-,-) 
  WALLACE_CSA_DUMMY_OP_groupi_n_4261           -       -      -     (net)          -    -     -     -       -    (-,-) 
  WALLACE_CSA_DUMMY_OP_groupi_g48711/ZN        -       A->ZN  F     XNOR2_X2       4  6.7    16    40     266    (-,-) 
  WALLACE_CSA_DUMMY_OP_groupi_n_5425           -       -      -     (net)          -    -     -     -       -    (-,-) 
  WALLACE_CSA_DUMMY_OP_groupi_g47860/ZN        -       A1->ZN R     NOR2_X1        1  2.0    17    28     294    (-,-) 
  WALLACE_CSA_DUMMY_OP_groupi_n_5923           -       -      -     (net)          -    -     -     -       -    (-,-) 
  WALLACE_CSA_DUMMY_OP_groupi_g47512/ZN        -       B1->ZN F     OAI21_X1       1  3.2    12    20     314    (-,-) 
  WALLACE_CSA_DUMMY_OP_groupi_n_6191           -       -      -     (net)          -    -     -     -       -    (-,-) 
  WALLACE_CSA_DUMMY_OP_groupi_g47155/ZN        -       A->ZN  R     INV_X2         2  7.8    12    20     334    (-,-) 
  WALLACE_CSA_DUMMY_OP_groupi_n_810            -       -      -     (net)          -    -     -     -       -    (-,-) 
  WALLACE_CSA_DUMMY_OP_groupi_g46759/ZN        -       A->ZN  R     XNOR2_X2       1  4.3    21    38     372    (-,-) 
  WALLACE_CSA_DUMMY_OP_groupi_n_6703           -       -      -     (net)          -    -     -     -       -    (-,-) 
  WALLACE_CSA_DUMMY_OP_groupi_g46562/ZN        -       A->ZN  R     XNOR2_X2       2  7.1    27    45     416    (-,-) 
  WALLACE_CSA_DUMMY_OP_groupi_n_6866           -       -      -     (net)          -    -     -     -       -    (-,-) 
  WALLACE_CSA_DUMMY_OP_groupi_g45798/ZN        -       B->ZN  R     XNOR2_X2       1  4.3    21    42     459    (-,-) 
  WALLACE_CSA_DUMMY_OP_groupi_n_7327           -       -      -     (net)          -    -     -     -       -    (-,-) 
  WALLACE_CSA_DUMMY_OP_groupi_g45605/ZN        -       A->ZN  R     XNOR2_X2       2  5.4    23    42     502    (-,-) 
  WALLACE_CSA_DUMMY_OP_groupi_n_7493           -       -      -     (net)          -    -     -     -       -    (-,-) 
  WALLACE_CSA_DUMMY_OP_groupi_g45543/ZN        -       A->ZN  F     INV_X2         1  4.1     8    10     512    (-,-) 
  WALLACE_CSA_DUMMY_OP_groupi_n_7522           -       -      -     (net)          -    -     -     -       -    (-,-) 
  WALLACE_CSA_DUMMY_OP_groupi_g45481/ZN        -       A->ZN  F     XNOR2_X2       2  5.8    13    38     550    (-,-) 
  WALLACE_CSA_DUMMY_OP_groupi_n_7566           -       -      -     (net)          -    -     -     -       -    (-,-) 
  WALLACE_CSA_DUMMY_OP_groupi_g45335/ZN        -       A->ZN  F     XNOR2_X2       1  4.1    11    39     588    (-,-) 
  WALLACE_CSA_DUMMY_OP_groupi_n_7667           -       -      -     (net)          -    -     -     -       -    (-,-) 
  WALLACE_CSA_DUMMY_OP_groupi_g45222/ZN        -       A->ZN  F     XNOR2_X2       2  9.0    15    43     631    (-,-) 
  WALLACE_CSA_DUMMY_OP_groupi_n_7762           -       -      -     (net)          -    -     -     -       -    (-,-) 
  WALLACE_CSA_DUMMY_OP_groupi_g45098/ZN        -       A1->ZN R     NOR2_X4        3  8.8    18    28     660    (-,-) 
  WALLACE_CSA_DUMMY_OP_groupi_n_1047           -       -      -     (net)          -    -     -     -       -    (-,-) 
  WALLACE_CSA_DUMMY_OP_groupi_g44958/ZN        -       B1->ZN F     OAI21_X2       1  1.8    10    14     674    (-,-) 
  WALLACE_CSA_DUMMY_OP_groupi_n_7933           -       -      -     (net)          -    -     -     -       -    (-,-) 
  WALLACE_CSA_DUMMY_OP_groupi_g44951/ZN        -       A->ZN  R     INV_X1         1  3.8    12    18     692    (-,-) 
  WALLACE_CSA_DUMMY_OP_groupi_n_7940           -       -      -     (net)          -    -     -     -       -    (-,-) 
  WALLACE_CSA_DUMMY_OP_groupi_g44926/ZN        -       A2->ZN R     AND2_X4        4 12.3    11    34     727    (-,-) 
  WALLACE_CSA_DUMMY_OP_groupi_n_7963           -       -      -     (net)          -    -     -     -       -    (-,-) 
  WALLACE_CSA_DUMMY_OP_groupi_g44900/ZN        -       B1->ZN F     OAI21_X4       8 19.4    15    22     748    (-,-) 
  WALLACE_CSA_DUMMY_OP_groupi_n_7989           -       -      -     (net)          -    -     -     -       -    (-,-) 
  WALLACE_CSA_DUMMY_OP_groupi_g44889/ZN        -       B1->ZN R     AOI21_X1       1  1.9    22    29     778    (-,-) 
  WALLACE_CSA_DUMMY_OP_groupi_n_7998           -       -      -     (net)          -    -     -     -       -    (-,-) 
  WALLACE_CSA_DUMMY_OP_groupi_g44861/ZN        -       A1->ZN F     NAND2_X1       1  4.1    13    22     800    (-,-) 
  WALLACE_CSA_DUMMY_OP_groupi_n_8026           -       -      -     (net)          -    -     -     -       -    (-,-) 
  WALLACE_CSA_DUMMY_OP_groupi_g44840/ZN        -       A->ZN  F     XNOR2_X2       4 12.3    18    47     847    (-,-) 
  n_13503                                      -       -      -     (net)          -    -     -     -       -    (-,-) 
  g196932/ZN                                   -       A->ZN  R     INV_X2         3  9.0    14    24     872    (-,-) 
  n_13473                                      -       -      -     (net)          -    -     -     -       -    (-,-) 
  inc_ADD_UNS_OP_g1995/ZN                      -       A1->ZN R     AND2_X2        2  5.7    11    34     906    (-,-) 
  inc_ADD_UNS_OP_n_10                          -       -      -     (net)          -    -     -     -       -    (-,-) 
  inc_ADD_UNS_OP_g1960/ZN                      -       A->ZN  F     INV_X1         1  3.0     6    10     916    (-,-) 
  inc_ADD_UNS_OP_n_39                          -       -      -     (net)          -    -     -     -       -    (-,-) 
  inc_ADD_UNS_OP_g1945/ZN                      -       A1->ZN R     NOR2_X2        1  1.9    12    18     934    (-,-) 
  inc_ADD_UNS_OP_n_50                          -       -      -     (net)          -    -     -     -       -    (-,-) 
  inc_ADD_UNS_OP_g1894/ZN                      -       A1->ZN F     NAND3_X1       1  2.4    12    20     954    (-,-) 
  inc_ADD_UNS_OP_n_96                          -       -      -     (net)          -    -     -     -       -    (-,-) 
  inc_ADD_UNS_OP_g1869/ZN                      -       A->ZN  F     XNOR2_X1       1  1.8    10    39     994    (-,-) 
  n_13443                                      -       -      -     (net)          -    -     -     -       -    (-,-) 
  g200281__5115/ZN                             -       A1->ZN R     NAND2_X1       1  1.9    10    15    1009    (-,-) 
  n_13215                                      -       -      -     (net)          -    -     -     -       -    (-,-) 
  g200141__7482/ZN                             -       A1->ZN F     NAND3_X1       1  1.4    10    17    1026    (-,-) 
  n_13327                                      -       -      -     (net)          -    -     -     -       -    (-,-) 
  abs_sum_reg[27]/D                            <<<     -      F     DFF_X1         1    -     -     0    1026    (-,-) 
#----------------------------------------------------------------------------------------------------------------------

Capture clock path:
#-------------------------------------------------------------------------------------------
#   Timing Point     Flags   Arc   Edge   Cell     Fanout Load Trans Delay Arrival Instance 
#                                                         (fF)  (ps)  (ps)   (ps)  Location 
#-------------------------------------------------------------------------------------------
  clk                (i)     -     R     (arrival)   1602  0.0     0     0    1000    (-,-) 
  clk                -       -     -     (net)          -    -     -     -       -    (-,-) 
  clk                -       -     -     (net)          -    -     -     -       -    (-,-) 
  abs_sum_reg[27]/CK <<<     -     R     DFF_X1      1602    -     1     0    1000    (-,-) 
#-------------------------------------------------------------------------------------------


