============================================================
  Generated by:           Genus(TM) Synthesis Solution 25.11-s095_1
  Generated on:           May 23 2026  05:39:38 pm
  Operating conditions:   typical 
  Interconnect mode:      global
  Area mode:              physical library
============================================================

                                 Leakage      Internal                          Library 
   Gate    Instances    Area    Power (nW)   Power (nW)          Library         Domain 
----------------------------------------------------------------------------------------
AND2_X1          615   654.360   15442.183    647312.492 NangateOpenCellLibrary       0 
AND2_X2           39    51.870    2058.644    146029.049 NangateOpenCellLibrary       0 
AND2_X4           25    59.850    2544.079    152798.120 NangateOpenCellLibrary       0 
AND3_X1           55    73.150    1555.775     68036.850 NangateOpenCellLibrary       0 
AND3_X2           13    20.748     759.426     35689.126 NangateOpenCellLibrary       0 
AND3_X4            6    17.556     654.759     16012.384 NangateOpenCellLibrary       0 
AND4_X1           26    41.496     799.936     19818.925 NangateOpenCellLibrary       0 
AND4_X2            3     5.586     192.834     13417.312 NangateOpenCellLibrary       0 
AND4_X4            2     6.916     278.267      9277.249 NangateOpenCellLibrary       0 
AOI211_X1         16    21.280     528.770     24963.095 NangateOpenCellLibrary       0 
AOI211_X2          1     2.394      51.553      1936.192 NangateOpenCellLibrary       0 
AOI211_X4          1     2.926     106.373     13870.436 NangateOpenCellLibrary       0 
AOI21_X1         505   537.320   12978.092    750331.891 NangateOpenCellLibrary       0 
AOI21_X2          56   104.272    3431.577    140579.473 NangateOpenCellLibrary       0 
AOI21_X4          18    62.244    2197.320    105041.040 NangateOpenCellLibrary       0 
AOI221_X1         60    95.760    2277.597    136477.720 NangateOpenCellLibrary       0 
AOI221_X2          3     8.778     259.091     10116.180 NangateOpenCellLibrary       0 
AOI221_X4          1     3.458     104.118     14987.503 NangateOpenCellLibrary       0 
AOI222_X1         15    31.920     684.823     22052.407 NangateOpenCellLibrary       0 
AOI222_X2          1     3.724     105.062      5894.239 NangateOpenCellLibrary       0 
AOI22_X1         301   400.330    8247.338    365993.187 NangateOpenCellLibrary       0 
AOI22_X2          16    38.304     943.824     42708.006 NangateOpenCellLibrary       0 
AOI22_X4           2     9.044     300.123     10946.155 NangateOpenCellLibrary       0 
BUF_X1             1     0.798      23.593         0.000 NangateOpenCellLibrary       0 
BUF_X2             5     5.320     202.555      7593.801 NangateOpenCellLibrary       0 
BUF_X4             1     1.862      84.747      8772.948 NangateOpenCellLibrary       0 
BUF_X8             2     6.916     350.914     35928.036 NangateOpenCellLibrary       0 
CLKBUF_X1          5     3.990      58.821      6594.352 NangateOpenCellLibrary       0 
DFFR_X1         1631  8676.920  143365.172  16601636.734 NangateOpenCellLibrary       0 
DFFR_X2            8    46.816    1042.800     53445.729 NangateOpenCellLibrary       0 
DFF_X1           147   664.734   11592.009   1610268.230 NangateOpenCellLibrary       0 
DFF_X2             1     5.054     115.028     18537.507 NangateOpenCellLibrary       0 
FA_X1            531  2259.936   32098.296   2906167.571 NangateOpenCellLibrary       0 
HA_X1            102   271.320    6130.718    382682.978 NangateOpenCellLibrary       0 
INV_X1          2668  1419.376   37330.025   1573187.839 NangateOpenCellLibrary       0 
INV_X16            5    22.610    1136.926     72487.351 NangateOpenCellLibrary       0 
INV_X2           161   128.478    4527.456    197538.562 NangateOpenCellLibrary       0 
INV_X4            40    53.200    2398.111     95422.781 NangateOpenCellLibrary       0 
INV_X8            15    35.910    1715.042    108679.435 NangateOpenCellLibrary       0 
MUX2_X1          545  1014.790   19726.216   1536224.677 NangateOpenCellLibrary       0 
MUX2_X2            8    19.152     558.802     51132.388 NangateOpenCellLibrary       0 
NAND2_X1        3050  2433.900   63188.889   2330813.474 NangateOpenCellLibrary       0 
NAND2_X2         290   385.700   12748.330    508256.875 NangateOpenCellLibrary       0 
NAND2_X4          61   146.034    5155.136    166518.180 NangateOpenCellLibrary       0 
NAND3_X1         195   207.480    5787.525    158921.078 NangateOpenCellLibrary       0 
NAND3_X2          19    35.378    1366.911     53367.500 NangateOpenCellLibrary       0 
NAND3_X4           4    13.832     299.144      6922.614 NangateOpenCellLibrary       0 
NAND4_X1          95   126.350    2160.414     48814.983 NangateOpenCellLibrary       0 
NAND4_X2           2     4.788     149.983      4261.626 NangateOpenCellLibrary       0 
NAND4_X4           3    14.364     118.527         0.000 NangateOpenCellLibrary       0 
NOR2_X1         1568  1251.264   34890.355    991736.199 NangateOpenCellLibrary       0 
NOR2_X2          189   251.370    8047.064    294542.110 NangateOpenCellLibrary       0 
NOR2_X4           48   114.912    4219.694    117986.109 NangateOpenCellLibrary       0 
NOR3_X1          134   142.576    3852.040     89846.980 NangateOpenCellLibrary       0 
NOR3_X2            7    13.034     405.740     14523.141 NangateOpenCellLibrary       0 
NOR3_X4            1     3.724     162.206         0.000 NangateOpenCellLibrary       0 
NOR4_X1           81   107.730    2763.249     28710.679 NangateOpenCellLibrary       0 
NOR4_X2            2     4.788     148.757      5515.036 NangateOpenCellLibrary       0 
OAI211_X1        113   150.290    4168.939    131033.800 NangateOpenCellLibrary       0 
OAI211_X2          5    11.970     274.701     21993.524 NangateOpenCellLibrary       0 
OAI21_X1         798   849.072   22479.524    983732.858 NangateOpenCellLibrary       0 
OAI21_X2         113   210.406    6313.601    285349.558 NangateOpenCellLibrary       0 
OAI21_X4          18    62.244    2117.394    124732.976 NangateOpenCellLibrary       0 
OAI221_X1         59    94.164    2927.561    109308.263 NangateOpenCellLibrary       0 
OAI221_X2          1     2.926      74.253      5518.707 NangateOpenCellLibrary       0 
OAI222_X1         50   106.400    2816.697    109263.594 NangateOpenCellLibrary       0 
OAI222_X2          2     7.448     182.820      9071.433 NangateOpenCellLibrary       0 
OAI222_X4          1     3.724     132.404      6007.149 NangateOpenCellLibrary       0 
OAI22_X1         466   619.780   19849.386    562674.494 NangateOpenCellLibrary       0 
OAI22_X2          20    47.880    1527.965     69274.894 NangateOpenCellLibrary       0 
OAI22_X4           1     4.522      95.745      6047.103 NangateOpenCellLibrary       0 
OAI33_X1           1     1.862      49.993       692.479 NangateOpenCellLibrary       0 
OR2_X1           636   676.704   14618.487    942127.394 NangateOpenCellLibrary       0 
OR2_X2            23    30.590    1060.125     69605.437 NangateOpenCellLibrary       0 
OR3_X1            24    31.920     635.841     23752.559 NangateOpenCellLibrary       0 
OR3_X2             3     4.788     166.475      7420.664 NangateOpenCellLibrary       0 
OR4_X1            76   121.296    2074.788     25138.256 NangateOpenCellLibrary       0 
OR4_X2             1     1.862      70.427      6934.739 NangateOpenCellLibrary       0 
SDFFR_X1          67   445.550    7175.306   1013839.502 NangateOpenCellLibrary       0 
SDFF_X1            1     6.118      98.784     13799.020 NangateOpenCellLibrary       0 
XNOR2_X1         809  1291.164   32182.153   1732035.727 NangateOpenCellLibrary       0 
XNOR2_X2         106   281.960    7851.883    597950.912 NangateOpenCellLibrary       0 
XOR2_X1          280   446.880   10213.949    694645.429 NangateOpenCellLibrary       0 
XOR2_X2            9    21.546     613.906     51065.578 NangateOpenCellLibrary       0 
----------------------------------------------------------------------------------------
total          17088 27680.758  604195.866  40444342.582                                
                                            Leakage  Leakage   Internal   Internal 
     Type      Instances    Area   Area % Power (nW) Power %  Power (nW)   Power % 
-----------------------------------------------------------------------------------
sequential          1855  9845.192   35.6 163389.098    27.0 19311526.723     47.7 
inverter            2889  1659.574    6.0  47107.560     7.8  2047315.967      5.1 
buffer                14    18.886    0.1    720.629     0.1    58889.136      0.1 
logic              12330 16157.106   58.4 392978.579    65.0 19026610.755     47.0 
physical_cells         0     0.000    0.0      0.000     0.0        0.000      0.0 
-----------------------------------------------------------------------------------
total              17088 27680.758  100.0 604195.866   100.0 40444342.582    100.0 
