============================================================
  Generated by:           Genus(TM) Synthesis Solution 25.11-s095_1
  Generated on:           Mar 11 2026  06:19:35 am
  Module:                 sysarr_4_input_fp_adder
  Operating conditions:   typical 
  Interconnect mode:      global
  Area mode:              physical library
============================================================


Path 1: MET (145 ps) Setup Check with Pin st1_sum_vec_reg[1]/clk->d
           View: view_1p2_25
          Group: clock1
     Startpoint: (F) add_d[23]
          Clock: (R) clock1
       Endpoint: (R) st1_sum_vec_reg[1]/d
          Clock: (R) clock1

                     Capture       Launch     
        Clock Edge:+    1316            0     
        Drv Adjust:+       0            0     
       Src Latency:+       0            0     
       Net Latency:+       0 (I)        0 (I) 
           Arrival:=    1316            0     
                                              
             Setup:-      38                  
       Uncertainty:-       0                  
     Required Time:=    1278                  
      Launch Clock:-       0                  
       Input Delay:-       1                  
         Data Path:-    1132                  
             Slack:=     145                  

Exceptions/Constraints:
  input_delay              1              sysarr_4_input_fp_ad_line_21_105_1   

#--------------------------------------------------------------------------------------------------------
#    Timing Point      Flags    Arc    Edge       Cell         Fanout  Load Trans Delay Arrival Instance 
#                                                                      (fF)  (ps)  (ps)   (ps)  Location 
#--------------------------------------------------------------------------------------------------------
  add_d[23]            (u)     -       F     (arrival)              5  16.0     0     0       1    (-,-) 
  add_d[23]            -       -       -     (net)                  -     -     -     -       -    (-,-) 
  g29478/z             (u)     in_1->z R     unmapped_complex2      1   3.6     0    17      18    (-,-) 
  n_12874              -       -       -     (net)                  -     -     -     -       -    (-,-) 
  g29556/z             (u)     in_1->z R     unmapped_complex2      1   3.6     0    17      34    (-,-) 
  n_12876              -       -       -     (net)                  -     -     -     -       -    (-,-) 
  g29233/z             (u)     in_1->z F     unmapped_nand2         1   3.2     0    17      51    (-,-) 
  n_11671              -       -       -     (net)                  -     -     -     -       -    (-,-) 
  g29211/z             (u)     in_0->z R     unmapped_nand2         1   3.6     0    17      67    (-,-) 
  n_12917              -       -       -     (net)                  -     -     -     -       -    (-,-) 
  g29189/z             (u)     in_0->z F     unmapped_nand2         1   3.2     0    17      84    (-,-) 
  n_9956               -       -       -     (net)                  -     -     -     -       -    (-,-) 
  g29178/z             (u)     in_1->z R     unmapped_nand2         1   3.6     0    17     101    (-,-) 
  n_12983              -       -       -     (net)                  -     -     -     -       -    (-,-) 
  g29163/z             (u)     in_0->z F     unmapped_nand2         1   3.2     0    17     117    (-,-) 
  n_11668              -       -       -     (net)                  -     -     -     -       -    (-,-) 
  g29151/z             (u)     in_0->z R     unmapped_nand2         1   3.6     0    17     134    (-,-) 
  n_9966               -       -       -     (net)                  -     -     -     -       -    (-,-) 
  g29148/z             (u)     in_0->z F     unmapped_complex2      1   3.2     0    17     150    (-,-) 
  n_13004              -       -       -     (net)                  -     -     -     -       -    (-,-) 
  g29137/z             (u)     in_0->z R     unmapped_nand2         1   3.6     0    17     167    (-,-) 
  n_11673              -       -       -     (net)                  -     -     -     -       -    (-,-) 
  g29132/z             (u)     in_0->z F     unmapped_nand2         1   3.2     0    17     184    (-,-) 
  n_9981               -       -       -     (net)                  -     -     -     -       -    (-,-) 
  g29125/z             (u)     in_0->z R     unmapped_nand2         1   3.6     0    17     200    (-,-) 
  n_11674              -       -       -     (net)                  -     -     -     -       -    (-,-) 
  g29088/z             (u)     in_0->z F     unmapped_nand2         1   3.2     0    17     217    (-,-) 
  n_13055              -       -       -     (net)                  -     -     -     -       -    (-,-) 
  g29066/z             (u)     in_0->z R     unmapped_nand2        38 136.8     0    56     273    (-,-) 
  n_3431               -       -       -     (net)                  -     -     -     -       -    (-,-) 
  g28930/z             (u)     in_0->z F     unmapped_nand2         1   3.2     0    17     289    (-,-) 
  n_13374              -       -       -     (net)                  -     -     -     -       -    (-,-) 
  g28908/z             (u)     in_1->z R     unmapped_nand2         4  14.4     0    24     314    (-,-) 
  n_3438               -       -       -     (net)                  -     -     -     -       -    (-,-) 
  g29589/z             (u)     in_0->z R     unmapped_complex2      1   3.6     0    17     330    (-,-) 
  n_11571              -       -       -     (net)                  -     -     -     -       -    (-,-) 
  g28861/z             (u)     in_1->z F     unmapped_complex2      1   3.2     0    17     347    (-,-) 
  n_11838              -       -       -     (net)                  -     -     -     -       -    (-,-) 
  g29600/z             (u)     in_1->z R     unmapped_complex2      1   3.6     0    17     364    (-,-) 
  n_11572              -       -       -     (net)                  -     -     -     -       -    (-,-) 
  g28851/z             (u)     in_0->z F     unmapped_nand2         1   3.2     0    17     380    (-,-) 
  n_9603               -       -       -     (net)                  -     -     -     -       -    (-,-) 
  g28850/z             (u)     in_1->z R     unmapped_nand2         1   3.6     0    17     397    (-,-) 
  n_11843              -       -       -     (net)                  -     -     -     -       -    (-,-) 
  g28848/z             (u)     in_0->z F     unmapped_nand2         1   3.2     0    17     413    (-,-) 
  n_11568              -       -       -     (net)                  -     -     -     -       -    (-,-) 
  g28846/z             (u)     in_0->z R     unmapped_nand2         1   3.6     0    17     430    (-,-) 
  n_11849              -       -       -     (net)                  -     -     -     -       -    (-,-) 
  g28843/z             (u)     in_0->z F     unmapped_nand2         1   3.2     0    17     446    (-,-) 
  n_9618               -       -       -     (net)                  -     -     -     -       -    (-,-) 
  g28779/z             (u)     in_1->z R     unmapped_nand2         1   3.6     0    17     463    (-,-) 
  n_11855              -       -       -     (net)                  -     -     -     -       -    (-,-) 
  g28778/z             (u)     in_0->z F     unmapped_nand2         1   3.2     0    17     480    (-,-) 
  n_11570              -       -       -     (net)                  -     -     -     -       -    (-,-) 
  g28777/z             (u)     in_0->z R     unmapped_nand2         1   3.6     0    17     496    (-,-) 
  n_11861              -       -       -     (net)                  -     -     -     -       -    (-,-) 
  g28776/z             (u)     in_0->z F     unmapped_nand2         1   3.2     0    17     513    (-,-) 
  n_9630               -       -       -     (net)                  -     -     -     -       -    (-,-) 
  g28775/z             (u)     in_1->z R     unmapped_nand2         2   7.2     0    19     532    (-,-) 
  n_11867              -       -       -     (net)                  -     -     -     -       -    (-,-) 
  g28773/z             (u)     in_0->z F     unmapped_nand2       161  41.6     0    59     591    (-,-) 
  n_3440               -       -       -     (net)                  -     -     -     -       -    (-,-) 
  g28615/z             (u)     in_1->z R     unmapped_nand2         1   3.6     0    17     607    (-,-) 
  n_11874              -       -       -     (net)                  -     -     -     -       -    (-,-) 
  g28575/z             (u)     in_1->z F     unmapped_nand2        12  38.4     0    40     647    (-,-) 
  exp_x[0]             -       -       -     (net)                  -     -     -     -       -    (-,-) 
  g28216/z             (u)     in_1->z F     unmapped_or2           2   6.4     0    19     666    (-,-) 
  n_10949              -       -       -     (net)                  -     -     -     -       -    (-,-) 
  g29647/z             (u)     in_0->z F     unmapped_complex2      1   3.2     0    17     683    (-,-) 
  n_11933              -       -       -     (net)                  -     -     -     -       -    (-,-) 
  g29702/z             (u)     in_1->z R     unmapped_complex2      3  10.8     0    22     705    (-,-) 
  n_9778               -       -       -     (net)                  -     -     -     -       -    (-,-) 
  g27964/z             (u)     in_1->z F     unmapped_nand2         1   3.2     0    17     721    (-,-) 
  n_11939              -       -       -     (net)                  -     -     -     -       -    (-,-) 
  g27757/z             (u)     in_0->z R     unmapped_nand2         3  10.8     0    22     743    (-,-) 
  n_9786               -       -       -     (net)                  -     -     -     -       -    (-,-) 
  g27623/z             (u)     in_1->z F     unmapped_nand2         1   3.2     0    17     759    (-,-) 
  n_11951              -       -       -     (net)                  -     -     -     -       -    (-,-) 
  g27574/z             (u)     in_0->z R     unmapped_nand2         3  10.8     0    22     781    (-,-) 
  n_9794               -       -       -     (net)                  -     -     -     -       -    (-,-) 
  g29827/z             (u)     in_0->z F     unmapped_complex2      1   3.2     0    17     798    (-,-) 
  n_17600              -       -       -     (net)                  -     -     -     -       -    (-,-) 
  g27448/z             (u)     in_1->z R     unmapped_nand2         2   7.2     0    19     817    (-,-) 
  n_10650              -       -       -     (net)                  -     -     -     -       -    (-,-) 
  g27358/z             (u)     in_0->z R     unmapped_complex2      1   3.6     0    17     833    (-,-) 
  n_17594              -       -       -     (net)                  -     -     -     -       -    (-,-) 
  g27359/z             (u)     in_1->z F     unmapped_nand2         5  16.0     0    28     861    (-,-) 
  n_3824               -       -       -     (net)                  -     -     -     -       -    (-,-) 
  g27265/z             (u)     in_1->z F     unmapped_or2           1   3.2     0    17     878    (-,-) 
  n_12024              -       -       -     (net)                  -     -     -     -       -    (-,-) 
  g27217/z             (u)     in_1->z F     unmapped_or2           8  25.6     0    35     913    (-,-) 
  n_10391              -       -       -     (net)                  -     -     -     -       -    (-,-) 
  g29935/z             (u)     in_0->z F     unmapped_complex2      1   3.2     0    17     929    (-,-) 
  n_12058              -       -       -     (net)                  -     -     -     -       -    (-,-) 
  g26945/z             (u)     in_1->z R     unmapped_nand2         1   3.6     0    17     946    (-,-) 
  n_12060              -       -       -     (net)                  -     -     -     -       -    (-,-) 
  g29997/z             (u)     in_0->z R     unmapped_complex2      2   7.2     0    19     965    (-,-) 
  n_4049               -       -       -     (net)                  -     -     -     -       -    (-,-) 
  g30013/z             (u)     in_1->z R     unmapped_complex2      1   3.6     0    17     982    (-,-) 
  n_17398              -       -       -     (net)                  -     -     -     -       -    (-,-) 
  g26722/z             (u)     in_1->z F     unmapped_nand2         4  12.8     0    24    1006    (-,-) 
  op_m[0]              -       -       -     (net)                  -     -     -     -       -    (-,-) 
  g23156/z             (u)     in_0->z F     unmapped_or2           1   3.2     0    17    1023    (-,-) 
  n_11605              -       -       -     (net)                  -     -     -     -       -    (-,-) 
  g26562/z             (u)     in_0->z R     unmapped_nand2         1   3.6     0    17    1039    (-,-) 
  n_12011              -       -       -     (net)                  -     -     -     -       -    (-,-) 
  g26477/z             (u)     in_0->z F     unmapped_nand2         4  12.8     0    24    1064    (-,-) 
  csa_c1[1]            -       -       -     (net)                  -     -     -     -       -    (-,-) 
  g30152/z             (u)     in_0->z R     unmapped_complex2      1   3.6     0    17    1080    (-,-) 
  n_17269              -       -       -     (net)                  -     -     -     -       -    (-,-) 
  g26415/z             (u)     in_1->z F     unmapped_nand2         2   6.4     0    19    1099    (-,-) 
  n_1715               -       -       -     (net)                  -     -     -     -       -    (-,-) 
  g26391/z             (u)     in_0->z F     unmapped_complex2      1   3.2     0    17    1116    (-,-) 
  n_17257              -       -       -     (net)                  -     -     -     -       -    (-,-) 
  g26392/z             (u)     in_1->z R     unmapped_nand2         1   3.6     0    17    1133    (-,-) 
  csa_s2[1]            -       -       -     (net)                  -     -     -     -       -    (-,-) 
  st1_sum_vec_reg[1]/d <<<     -       R     unmapped_d_flop        1     -     -     0    1133    (-,-) 
#--------------------------------------------------------------------------------------------------------

(u) : Net has unmapped pin(s).

Capture clock path:
#-----------------------------------------------------------------------------------------------------
#     Timing Point       Flags   Arc   Edge      Cell        Fanout Load Trans Delay Arrival Instance 
#                                                                   (fF)  (ps)  (ps)   (ps)  Location 
#-----------------------------------------------------------------------------------------------------
  clk                    (i,u)   -     R     (arrival)          136  0.0     0     0    1316    (-,-) 
  clk                    -       -     -     (net)                -    -     -     -       -    (-,-) 
  clk                    -       -     -     (net)                -    -     -     -       -    (-,-) 
  st1_sum_vec_reg[1]/clk <<<     -     R     unmapped_d_flop    136    -     1     0    1316    (-,-) 
#-----------------------------------------------------------------------------------------------------


