============================================================
  Generated by:           Genus(TM) Synthesis Solution 25.11-s095_1
  Generated on:           Jun 13 2026  02:01:49 pm
  Module:                 sysarr_32_input_fp_adder
  Operating conditions:   typical 
  Interconnect mode:      global
  Area mode:              physical library
============================================================

Timing
--------

Analysis view  Clock Period 
----------------------------
view_1p2_25   clock1 1515.0 


  Analysis    Cost   Critical        Violating 
    View     Group  Path Slack  TNS    Paths   
-----------------------------------------------
view_1p2_25  clock1        0.0  0.0          0 
            default   No paths  0.0          0 
-----------------------------------------------
Total                          -0.0          0 
                                               

Instance Count
--------------
Leaf Instance Count             13785 
Physical Instance count             0 
Sequential Instance Count        1679 
Combinational Instance Count    12106 
Hierarchical Instance Count         0 

Area
----
Cell Area                          24556.322
Physical Cell Area                 0.000
Total Cell Area (Cell+Physical)    24556.322
Net Area                           18361.570
Total Area (Cell+Physical+Net)     42917.892

Power
-----
Leakage Power                      506169.853 nW
Dynamic Power                      33050931.498 nW
Total Power                        33557101.351 nW

Max Fanout                         1679 (clk)
Min Fanout                         0 (w_aligned_mants[2][27])
Average Fanout                     2.1
Terms to net ratio                 3.2355
Terms to instance ratio            3.6258
Runtime                            48.453315 seconds
Elapsed Runtime                    52 seconds
Genus peak memory usage            1753.12 
Innovus peak memory usage          no_value 
Hostname                           asicfab.ecn.purdue.edu
