============================================================
  Generated by:           Genus(TM) Synthesis Solution 25.11-s095_1
  Generated on:           May 23 2026  10:03:40 pm
  Module:                 sysarr_32_input_fp_adder
  Operating conditions:   typical 
  Interconnect mode:      global
  Area mode:              physical library
============================================================


Path 1: MET (0 ps) Setup Check with Pin abs_sum_reg[23]/CK->D
           View: view_1p2_25
          Group: clock1
     Startpoint: (R) adder_tree_inst_s1_g3_r_reg[1]/CK
          Clock: (R) clock1
       Endpoint: (F) abs_sum_reg[23]/D
          Clock: (R) clock1

                     Capture       Launch     
        Clock Edge:+    1000            0     
       Src Latency:+       0            0     
       Net Latency:+       0 (I)        0 (I) 
           Arrival:=    1000            0     
                                              
             Setup:-      40                  
       Uncertainty:-       0                  
     Required Time:=     960                  
      Launch Clock:-       0                  
         Data Path:-     960                  
             Slack:=       0                  

Launch clock path:
#----------------------------------------------------------------------------------------------------------
#           Timing Point            Flags   Arc   Edge   Cell     Fanout Load Trans Delay Arrival Instance 
#                                                                        (fF)  (ps)  (ps)   (ps)  Location 
#----------------------------------------------------------------------------------------------------------
  clk                               (i)     -     R     (arrival)   2426  0.0     0     0       0    (-,-) 
  clk                               -       -     -     (net)          -    -     -     -       -    (-,-) 
  clk                               -       -     -     (net)          -    -     -     -       -    (-,-) 
  adder_tree_inst_s1_g3_r_reg[1]/CK <<<     -     R     DFFR_X1     2426    -     1     0       0    (-,-) 
#----------------------------------------------------------------------------------------------------------

#---------------------------------------------------------------------------------------------------------------
#             Timing Point              Flags    Arc   Edge   Cell     Fanout Load Trans Delay Arrival Instance 
#                                                                             (fF)  (ps)  (ps)   (ps)  Location 
#---------------------------------------------------------------------------------------------------------------
  adder_tree_inst_s1_g3_r_reg[1]/CK     -       -      R     (arrival)   2426    -     1     0       0    (-,-) 
  adder_tree_inst_s1_g3_r_reg[1]/QN     -       CK->QN F     DFFR_X1        1  1.8    12    65      65    (-,-) 
  n_11488                               -       -      -     (net)          -    -     -     -       -    (-,-) 
  g185882/ZN                            -       A->ZN  R     INV_X1         2  4.7    14    22      86    (-,-) 
  adder_tree_inst_s1_g3_r[1]            -       -      -     (net)          -    -     -     -       -    (-,-) 
  WALLACE_CSA_DUMMY_OP_groupi_g11828/ZN -       B->ZN  R     XNOR2_X1       2  6.2    40    51     137    (-,-) 
  WALLACE_CSA_DUMMY_OP_groupi_n_390     -       -      -     (net)          -    -     -     -       -    (-,-) 
  WALLACE_CSA_DUMMY_OP_groupi_g11579/ZN -       A->ZN  R     XNOR2_X2       1  4.3    21    46     183    (-,-) 
  WALLACE_CSA_DUMMY_OP_groupi_n_563     -       -      -     (net)          -    -     -     -       -    (-,-) 
  WALLACE_CSA_DUMMY_OP_groupi_g11459/ZN -       A->ZN  R     XNOR2_X2       2  4.4    21    41     224    (-,-) 
  WALLACE_CSA_DUMMY_OP_groupi_n_690     -       -      -     (net)          -    -     -     -       -    (-,-) 
  WALLACE_CSA_DUMMY_OP_groupi_g11365/ZN -       A->ZN  R     XNOR2_X1       2  3.8    28    47     271    (-,-) 
  WALLACE_CSA_DUMMY_OP_groupi_n_776     -       -      -     (net)          -    -     -     -       -    (-,-) 
  WALLACE_CSA_DUMMY_OP_groupi_g12182/ZN -       A1->ZN R     OR2_X2         2  3.8     8    28     299    (-,-) 
  WALLACE_CSA_DUMMY_OP_groupi_n_38      -       -      -     (net)          -    -     -     -       -    (-,-) 
  WALLACE_CSA_DUMMY_OP_groupi_g11282/ZN -       A1->ZN F     NAND2_X1       1  4.1    11    17     316    (-,-) 
  WALLACE_CSA_DUMMY_OP_groupi_n_844     -       -      -     (net)          -    -     -     -       -    (-,-) 
  WALLACE_CSA_DUMMY_OP_groupi_g11267/ZN -       A->ZN  F     XNOR2_X2       6 11.1    17    45     362    (-,-) 
  n_11675                               -       -      -     (net)          -    -     -     -       -    (-,-) 
  dec_sub_152_43_g608/ZN                -       A1->ZN F     OR2_X2         3  7.8    11    50     412    (-,-) 
  dec_sub_152_43_n_567                  -       -      -     (net)          -    -     -     -       -    (-,-) 
  dec_sub_152_43_g566/ZN                -       A2->ZN R     NOR2_X2        2  4.4    18    32     444    (-,-) 
  dec_sub_152_43_n_476                  -       -      -     (net)          -    -     -     -       -    (-,-) 
  dec_sub_152_43_g562/ZN                -       A->ZN  F     INV_X1         1  1.7     6     9     453    (-,-) 
  dec_sub_152_43_n_471                  -       -      -     (net)          -    -     -     -       -    (-,-) 
  dec_sub_152_43_g561/ZN                -       A1->ZN R     NOR2_X1        2  4.4    28    36     489    (-,-) 
  dec_sub_152_43_n_469                  -       -      -     (net)          -    -     -     -       -    (-,-) 
  dec_sub_152_43_g559/ZN                -       A->ZN  F     INV_X1         1  1.7     8    10     498    (-,-) 
  dec_sub_152_43_n_466                  -       -      -     (net)          -    -     -     -       -    (-,-) 
  dec_sub_152_43_g558/ZN                -       A1->ZN R     NOR2_X1        2  4.4    28    37     535    (-,-) 
  dec_sub_152_43_n_464                  -       -      -     (net)          -    -     -     -       -    (-,-) 
  dec_sub_152_43_g556/ZN                -       A->ZN  F     INV_X1         1  1.7     8    10     544    (-,-) 
  dec_sub_152_43_n_461                  -       -      -     (net)          -    -     -     -       -    (-,-) 
  dec_sub_152_43_g555/ZN                -       A1->ZN R     NOR2_X1        2  4.4    28    37     581    (-,-) 
  dec_sub_152_43_n_459                  -       -      -     (net)          -    -     -     -       -    (-,-) 
  dec_sub_152_43_g553/ZN                -       A->ZN  F     INV_X1         1  1.7     8    10     591    (-,-) 
  dec_sub_152_43_n_456                  -       -      -     (net)          -    -     -     -       -    (-,-) 
  dec_sub_152_43_g552/ZN                -       A1->ZN R     NOR2_X1        2  3.9    27    34     625    (-,-) 
  dec_sub_152_43_n_454                  -       -      -     (net)          -    -     -     -       -    (-,-) 
  dec_sub_152_43_g550/ZN                -       A1->ZN R     AND2_X2        3  6.3    12    39     664    (-,-) 
  dec_sub_152_43_n_448                  -       -      -     (net)          -    -     -     -       -    (-,-) 
  dec_sub_152_43_g547/ZN                -       A->ZN  F     INV_X1         4  7.9    10    17     681    (-,-) 
  dec_sub_152_43_n_446                  -       -      -     (net)          -    -     -     -       -    (-,-) 
  dec_sub_152_43_g543/ZN                -       A3->ZN R     NOR3_X2        4  9.2    48    74     755    (-,-) 
  dec_sub_152_43_n_435                  -       -      -     (net)          -    -     -     -       -    (-,-) 
  dec_sub_152_43_g536/ZN                -       A2->ZN F     NAND2_X2       4  9.8    16    29     784    (-,-) 
  dec_sub_152_43_n_424                  -       -      -     (net)          -    -     -     -       -    (-,-) 
  dec_sub_152_43_g535/ZN                -       A->ZN  R     INV_X2         9 16.4    21    32     816    (-,-) 
  dec_sub_152_43_n_425                  -       -      -     (net)          -    -     -     -       -    (-,-) 
  dec_sub_152_43_g525/ZN                -       A2->ZN F     NAND2_X1       3  5.0    15    24     840    (-,-) 
  dec_sub_152_43_n_404                  -       -      -     (net)          -    -     -     -       -    (-,-) 
  dec_sub_152_43_g516/ZN                -       A1->ZN R     NOR2_X1        2  3.8    25    36     877    (-,-) 
  dec_sub_152_43_n_385                  -       -      -     (net)          -    -     -     -       -    (-,-) 
  dec_sub_152_43_g479/ZN                -       B1->ZN F     OAI21_X1       1  1.7    11    18     894    (-,-) 
  n_11664                               -       -      -     (net)          -    -     -     -       -    (-,-) 
  g189632__5477/ZN                      -       C2->ZN R     AOI221_X1      1  2.0    44    56     951    (-,-) 
  n_11339                               -       -      -     (net)          -    -     -     -       -    (-,-) 
  g189619/ZN                            -       A->ZN  F     INV_X1         1  1.4    10     9     960    (-,-) 
  n_11352                               -       -      -     (net)          -    -     -     -       -    (-,-) 
  abs_sum_reg[23]/D                     <<<     -      F     DFFS_X1        1    -     -     0     960    (-,-) 
#---------------------------------------------------------------------------------------------------------------

Capture clock path:
#-------------------------------------------------------------------------------------------
#   Timing Point     Flags   Arc   Edge   Cell     Fanout Load Trans Delay Arrival Instance 
#                                                         (fF)  (ps)  (ps)   (ps)  Location 
#-------------------------------------------------------------------------------------------
  clk                (i)     -     R     (arrival)   2426  0.0     0     0    1000    (-,-) 
  clk                -       -     -     (net)          -    -     -     -       -    (-,-) 
  clk                -       -     -     (net)          -    -     -     -       -    (-,-) 
  abs_sum_reg[23]/CK <<<     -     R     DFFS_X1     2426    -     1     0    1000    (-,-) 
#-------------------------------------------------------------------------------------------


