============================================================
  Generated by:           Genus(TM) Synthesis Solution 25.11-s095_1
  Generated on:           Mar 10 2026  10:13:49 pm
  Module:                 sysarr_4_input_fp_adder
  Operating conditions:   typical 
  Interconnect mode:      global
  Area mode:              physical library
============================================================


Path 1: MET (79 ps) Setup Check with Pin add_out_reg[18]/clk->d
           View: view_1p2_25
          Group: clock1
     Startpoint: (R) st2_sum_mag_reg[11]/clk
          Clock: (R) clock1
       Endpoint: (R) add_out_reg[18]/d
          Clock: (R) clock1

                     Capture       Launch     
        Clock Edge:+    1010            0     
       Src Latency:+       0            0     
       Net Latency:+       0 (I)        0 (I) 
           Arrival:=    1010            0     
                                              
             Setup:-      38                  
       Uncertainty:-       0                  
     Required Time:=     972                  
      Launch Clock:-       0                  
         Data Path:-     894                  
             Slack:=      79                  

Launch clock path:
#------------------------------------------------------------------------------------------------------
#      Timing Point       Flags   Arc   Edge      Cell        Fanout Load Trans Delay Arrival Instance 
#                                                                    (fF)  (ps)  (ps)   (ps)  Location 
#------------------------------------------------------------------------------------------------------
  clk                     (i,u)   -     R     (arrival)          136  0.0     0     0       0    (-,-) 
  clk                     -       -     -     (net)                -    -     -     -       -    (-,-) 
  clk                     -       -     -     (net)                -    -     -     -       -    (-,-) 
  st2_sum_mag_reg[11]/clk <<<     -     R     unmapped_d_flop    136    -     1     0       0    (-,-) 
#------------------------------------------------------------------------------------------------------

#----------------------------------------------------------------------------------------------------------
#      Timing Point       Flags    Arc    Edge       Cell         Fanout Load Trans Delay Arrival Instance 
#                                                                        (fF)  (ps)  (ps)   (ps)  Location 
#----------------------------------------------------------------------------------------------------------
  st2_sum_mag_reg[11]/clk -       -       R     (arrival)            136    -     1     0       0    (-,-) 
  st2_sum_mag_reg[11]/q   (u)     clk->q  F     unmapped_d_flop       16 51.2     0   139     139    (-,-) 
  st2_sum_mag[11]         -       -       -     (net)                  -    -     -     -       -    (-,-) 
  g32340/z                (u)     in_1->z F     unmapped_or2           1  3.2     0    17     155    (-,-) 
  n_21258                 -       -       -     (net)                  -    -     -     -       -    (-,-) 
  g32246/z                (u)     in_1->z F     unmapped_or2           1  3.2     0    17     172    (-,-) 
  n_17906                 -       -       -     (net)                  -    -     -     -       -    (-,-) 
  g32197/z                (u)     in_0->z F     unmapped_or2           1  3.2     0    17     188    (-,-) 
  n_21264                 -       -       -     (net)                  -    -     -     -       -    (-,-) 
  g32152/z                (u)     in_1->z F     unmapped_or2          18 57.6     0    45     234    (-,-) 
  n_4087                  -       -       -     (net)                  -    -     -     -       -    (-,-) 
  g32015/z                (u)     in_1->z F     unmapped_complex2      1  3.2     0    17     250    (-,-) 
  n_21294                 -       -       -     (net)                  -    -     -     -       -    (-,-) 
  g31943/z                (u)     in_1->z R     unmapped_complex2      2  7.2     0    19     269    (-,-) 
  n_4091                  -       -       -     (net)                  -    -     -     -       -    (-,-) 
  g31906/z                (u)     in_1->z R     unmapped_or2           1  3.6     0    17     286    (-,-) 
  n_21312                 -       -       -     (net)                  -    -     -     -       -    (-,-) 
  g31894/z                (u)     in_1->z R     unmapped_or2           1  3.6     0    17     303    (-,-) 
  n_17964                 -       -       -     (net)                  -    -     -     -       -    (-,-) 
  g31864/z                (u)     in_1->z R     unmapped_or2          15 54.0     0    43     346    (-,-) 
  n_4078                  -       -       -     (net)                  -    -     -     -       -    (-,-) 
  g32810/z                (u)     in_0->z R     unmapped_complex2      2  7.2     0    19     365    (-,-) 
  n_21336                 -       -       -     (net)                  -    -     -     -       -    (-,-) 
  g31811/z                (u)     in_1->z F     unmapped_complex2      3  9.6     0    22     386    (-,-) 
  n_4108                  -       -       -     (net)                  -    -     -     -       -    (-,-) 
  g31608/z                (u)     in_0->z F     unmapped_or2           3  9.6     0    22     408    (-,-) 
  n_17971                 -       -       -     (net)                  -    -     -     -       -    (-,-) 
  g31584/z                (u)     in_0->z F     unmapped_or2          10 32.0     0    38     445    (-,-) 
  n_4114                  -       -       -     (net)                  -    -     -     -       -    (-,-) 
  g31569/z                (u)     in_0->z F     unmapped_complex2      1  3.2     0    17     462    (-,-) 
  n_21341                 -       -       -     (net)                  -    -     -     -       -    (-,-) 
  g31551/z                (u)     in_0->z R     unmapped_complex2      2  7.2     0    19     481    (-,-) 
  n_4121                  -       -       -     (net)                  -    -     -     -       -    (-,-) 
  g31503/z                (u)     in_0->z R     unmapped_complex2      6 21.6     0    30     511    (-,-) 
  n_4124                  -       -       -     (net)                  -    -     -     -       -    (-,-) 
  g31371/z                (u)     in_1->z F     unmapped_complex2      4 12.8     0    24     536    (-,-) 
  n_23109                 -       -       -     (net)                  -    -     -     -       -    (-,-) 
  g33567/z                (u)     in_0->z R     unmapped_nand2         1  3.6     0    17     552    (-,-) 
  n_31057                 -       -       -     (net)                  -    -     -     -       -    (-,-) 
  g31012/z                (u)     in_1->z F     unmapped_nand2         3  9.6     0    22     574    (-,-) 
  n_17068                 -       -       -     (net)                  -    -     -     -       -    (-,-) 
  g30866/z                (u)     in_1->z F     unmapped_or2           1  3.2     0    17     590    (-,-) 
  n_29709                 -       -       -     (net)                  -    -     -     -       -    (-,-) 
  g30750/z                (u)     in_0->z F     unmapped_complex2      1  3.2     0    17     607    (-,-) 
  n_29714                 -       -       -     (net)                  -    -     -     -       -    (-,-) 
  g30438/z                (u)     in_0->z R     unmapped_nand2         1  3.6     0    17     624    (-,-) 
  n_29717                 -       -       -     (net)                  -    -     -     -       -    (-,-) 
  g30353/z                (u)     in_1->z R     unmapped_or2          11 39.6     0    39     663    (-,-) 
  n_6901                  -       -       -     (net)                  -    -     -     -       -    (-,-) 
  g30159/z                (u)     in_1->z F     unmapped_nand2         3  9.6     0    22     684    (-,-) 
  n_27879                 -       -       -     (net)                  -    -     -     -       -    (-,-) 
  g30116/z                (u)     in_0->z F     unmapped_complex2      2  6.4     0    19     703    (-,-) 
  n_27880                 -       -       -     (net)                  -    -     -     -       -    (-,-) 
  g30074/z                (u)     in_0->z F     unmapped_complex2      3  9.6     0    22     725    (-,-) 
  n_27881                 -       -       -     (net)                  -    -     -     -       -    (-,-) 
  g33226/z                (u)     in_0->z F     unmapped_complex2      3  9.6     0    22     746    (-,-) 
  n_28037                 -       -       -     (net)                  -    -     -     -       -    (-,-) 
  g29889/z                (u)     in_1->z F     unmapped_or2          21 67.2     0    48     794    (-,-) 
  n_7182                  -       -       -     (net)                  -    -     -     -       -    (-,-) 
  g29791/z                (u)     in_1->z F     unmapped_complex2      1  3.2     0    17     811    (-,-) 
  n_21714                 -       -       -     (net)                  -    -     -     -       -    (-,-) 
  g33299/z                (u)     in_1->z R     unmapped_complex2      1  3.6     0    17     827    (-,-) 
  n_30480                 -       -       -     (net)                  -    -     -     -       -    (-,-) 
  g28753/z                (u)     in_0->z R     unmapped_or2           1  3.6     0    17     844    (-,-) 
  n_30484                 -       -       -     (net)                  -    -     -     -       -    (-,-) 
  g28644/z                (u)     in_0->z R     unmapped_or2           1  3.6     0    17     860    (-,-) 
  n_30487                 -       -       -     (net)                  -    -     -     -       -    (-,-) 
  g28598/z                (u)     in_1->z R     unmapped_or2           1  3.6     0    17     877    (-,-) 
  n_27544                 -       -       -     (net)                  -    -     -     -       -    (-,-) 
  g25443/z                (u)     in_0->z R     unmapped_or2           1  3.6     0    17     894    (-,-) 
  n_1510                  -       -       -     (net)                  -    -     -     -       -    (-,-) 
  add_out_reg[18]/d       <<<     -       R     unmapped_d_flop        1    -     -     0     894    (-,-) 
#----------------------------------------------------------------------------------------------------------

(u) : Net has unmapped pin(s).

Capture clock path:
#--------------------------------------------------------------------------------------------------
#    Timing Point     Flags   Arc   Edge      Cell        Fanout Load Trans Delay Arrival Instance 
#                                                                (fF)  (ps)  (ps)   (ps)  Location 
#--------------------------------------------------------------------------------------------------
  clk                 (i,u)   -     R     (arrival)          136  0.0     0     0    1010    (-,-) 
  clk                 -       -     -     (net)                -    -     -     -       -    (-,-) 
  clk                 -       -     -     (net)                -    -     -     -       -    (-,-) 
  add_out_reg[18]/clk <<<     -     R     unmapped_d_flop    136    -     1     0    1010    (-,-) 
#--------------------------------------------------------------------------------------------------


