============================================================
  Generated by:           Genus(TM) Synthesis Solution 25.11-s095_1
  Generated on:           Mar 10 2026  11:18:50 pm
  Module:                 add_fp16
  Operating conditions:   typical 
  Interconnect mode:      global
  Area mode:              physical library
============================================================


Path 1: MET (107 ps) Setup Check with Pin fp_out_reg[0]/clk->d
           View: view_1p2_25
          Group: clock1
     Startpoint: (R) smaller_mantissa_l_reg[0]/clk
          Clock: (R) clock1
       Endpoint: (R) fp_out_reg[0]/d
          Clock: (R) clock1

                     Capture       Launch     
        Clock Edge:+    1282            0     
       Src Latency:+       0            0     
       Net Latency:+       0 (I)        0 (I) 
           Arrival:=    1282            0     
                                              
             Setup:-      38                  
       Uncertainty:-       0                  
     Required Time:=    1244                  
      Launch Clock:-       0                  
         Data Path:-    1137                  
             Slack:=     107                  

Launch clock path:
#------------------------------------------------------------------------------------------------------------
#         Timing Point          Flags   Arc   Edge      Cell        Fanout Load Trans Delay Arrival Instance 
#                                                                          (fF)  (ps)  (ps)   (ps)  Location 
#------------------------------------------------------------------------------------------------------------
  clk                           (i,u)   -     R     (arrival)          100  0.0     0     0       0    (-,-) 
  clk                           -       -     -     (net)                -    -     -     -       -    (-,-) 
  clk                           -       -     -     (net)                -    -     -     -       -    (-,-) 
  smaller_mantissa_l_reg[0]/clk <<<     -     R     unmapped_d_flop    100    -     1     0       0    (-,-) 
#------------------------------------------------------------------------------------------------------------

#-----------------------------------------------------------------------------------------------------------------
#         Timing Point          Flags    Arc    Edge       Cell         Fanout  Load Trans Delay Arrival Instance 
#                                                                               (fF)  (ps)  (ps)   (ps)  Location 
#-----------------------------------------------------------------------------------------------------------------
  smaller_mantissa_l_reg[0]/clk -       -       R     (arrival)            100     -     1     0       0    (-,-) 
  smaller_mantissa_l_reg[0]/q   (u)     clk->q  R     unmapped_d_flop       31 111.6     0   148     148    (-,-) 
  mantissa_sum[0]               -       -       -     (net)                  -     -     -     -       -    (-,-) 
  SUB_TC_OP_pol_g428/z          (u)     in_1->z R     unmapped_or2           4  14.4     0    24     173    (-,-) 
  SUB_TC_OP_pol_n_115           -       -       -     (net)                  -     -     -     -       -    (-,-) 
  SUB_TC_OP_pol_g696/z          (u)     in_1->z R     unmapped_or2           1   3.6     0    17     189    (-,-) 
  SUB_TC_OP_pol_n_193           -       -       -     (net)                  -     -     -     -       -    (-,-) 
  SUB_TC_OP_pol_g673/z          (u)     in_0->z F     unmapped_complex2      5  16.0     0    28     217    (-,-) 
  SUB_TC_OP_pol_n_244           -       -       -     (net)                  -     -     -     -       -    (-,-) 
  SUB_TC_OP_pol_g639/z          (u)     in_0->z R     unmapped_complex2      2   7.2     0    19     236    (-,-) 
  SUB_TC_OP_pol_n_247           -       -       -     (net)                  -     -     -     -       -    (-,-) 
  SUB_TC_OP_pol_g637/z          (u)     in_1->z R     unmapped_or2           1   3.6     0    17     253    (-,-) 
  SUB_TC_OP_pol_n_255           -       -       -     (net)                  -     -     -     -       -    (-,-) 
  SUB_TC_OP_pol_g609/z          (u)     in_0->z F     unmapped_complex2     10  32.0     0    38     290    (-,-) 
  SUB_TC_OP_pol_n_286           -       -       -     (net)                  -     -     -     -       -    (-,-) 
  SUB_TC_OP_pol_g598/z          (u)     in_0->z R     unmapped_nand2         1   3.6     0    17     307    (-,-) 
  SUB_TC_OP_pol_n_288           -       -       -     (net)                  -     -     -     -       -    (-,-) 
  SUB_TC_OP_pol_g236/z          (u)     in_1->z F     unmapped_nand2         2   6.4     0    19     326    (-,-) 
  SUB_TC_OP_pol_n_362           -       -       -     (net)                  -     -     -     -       -    (-,-) 
  SUB_TC_OP_pol_g576/z          (u)     in_0->z F     unmapped_or2           1   3.2     0    17     342    (-,-) 
  SUB_TC_OP_pol_n_454           -       -       -     (net)                  -     -     -     -       -    (-,-) 
  SUB_TC_OP_pol_g577/z          (u)     in_1->z R     unmapped_nand2         1   3.6     0    17     359    (-,-) 
  n_2259                        -       -       -     (net)                  -     -     -     -       -    (-,-) 
  g12423/z                      (u)     in_0->z F     unmapped_nand2         1   3.2     0    17     376    (-,-) 
  n_14592                       -       -       -     (net)                  -     -     -     -       -    (-,-) 
  g12372/z                      (u)     in_1->z R     unmapped_nand2        21  75.6     0    48     423    (-,-) 
  mantissa_sum[9]               -       -       -     (net)                  -     -     -     -       -    (-,-) 
  g20822/z                      (u)     in_0->z R     unmapped_complex2      1   3.6     0    17     440    (-,-) 
  n_16581                       -       -       -     (net)                  -     -     -     -       -    (-,-) 
  g20459/z                      (u)     in_1->z F     unmapped_complex2      1   3.2     0    17     456    (-,-) 
  n_17496                       -       -       -     (net)                  -     -     -     -       -    (-,-) 
  g20824/z                      (u)     in_1->z R     unmapped_complex2      1   3.6     0    17     473    (-,-) 
  n_16953                       -       -       -     (net)                  -     -     -     -       -    (-,-) 
  g20393/z                      (u)     in_1->z F     unmapped_complex2      1   3.2     0    17     490    (-,-) 
  n_17526                       -       -       -     (net)                  -     -     -     -       -    (-,-) 
  g20827/z                      (u)     in_1->z R     unmapped_complex2      1   3.6     0    17     506    (-,-) 
  n_16954                       -       -       -     (net)                  -     -     -     -       -    (-,-) 
  g20216/z                      (u)     in_1->z F     unmapped_complex2      1   3.2     0    17     523    (-,-) 
  n_17532                       -       -       -     (net)                  -     -     -     -       -    (-,-) 
  g20830/z                      (u)     in_1->z R     unmapped_complex2      1   3.6     0    17     539    (-,-) 
  n_16955                       -       -       -     (net)                  -     -     -     -       -    (-,-) 
  g20122/z                      (u)     in_1->z F     unmapped_complex2      1   3.2     0    17     556    (-,-) 
  n_17697                       -       -       -     (net)                  -     -     -     -       -    (-,-) 
  g20840/z                      (u)     in_1->z R     unmapped_complex2      1   3.6     0    17     573    (-,-) 
  n_16956                       -       -       -     (net)                  -     -     -     -       -    (-,-) 
  g20051/z                      (u)     in_1->z F     unmapped_complex2      1   3.2     0    17     589    (-,-) 
  n_18012                       -       -       -     (net)                  -     -     -     -       -    (-,-) 
  g20861/z                      (u)     in_1->z R     unmapped_complex2      1   3.6     0    17     606    (-,-) 
  n_16582                       -       -       -     (net)                  -     -     -     -       -    (-,-) 
  g19984/z                      (u)     in_1->z F     unmapped_complex2      1   3.2     0    17     622    (-,-) 
  n_18015                       -       -       -     (net)                  -     -     -     -       -    (-,-) 
  g20884/z                      (u)     in_1->z R     unmapped_complex2      1   3.6     0    17     639    (-,-) 
  n_16964                       -       -       -     (net)                  -     -     -     -       -    (-,-) 
  g19949/z                      (u)     in_1->z F     unmapped_complex2      1   3.2     0    17     656    (-,-) 
  n_18129                       -       -       -     (net)                  -     -     -     -       -    (-,-) 
  g19934/z                      (u)     in_0->z R     unmapped_complex2      1   3.6     0    17     672    (-,-) 
  n_16965                       -       -       -     (net)                  -     -     -     -       -    (-,-) 
  g21029/z                      (u)     in_1->z F     unmapped_nand2         2   6.4     0    19     691    (-,-) 
  n_16583                       -       -       -     (net)                  -     -     -     -       -    (-,-) 
  g19909/z                      (u)     in_1->z R     unmapped_complex2      4  14.4     0    24     716    (-,-) 
  n_16584                       -       -       -     (net)                  -     -     -     -       -    (-,-) 
  g20900/z                      (u)     in_0->z R     unmapped_complex2      1   3.6     0    17     732    (-,-) 
  n_18356                       -       -       -     (net)                  -     -     -     -       -    (-,-) 
  g19895/z                      (u)     in_0->z F     unmapped_nand2         3   9.6     0    22     754    (-,-) 
  n_16587                       -       -       -     (net)                  -     -     -     -       -    (-,-) 
  g20907/z                      (u)     in_0->z F     unmapped_complex2      1   3.2     0    17     771    (-,-) 
  n_16963                       -       -       -     (net)                  -     -     -     -       -    (-,-) 
  g19840/z                      (u)     in_0->z R     unmapped_nand2         3  10.8     0    22     792    (-,-) 
  n_16588                       -       -       -     (net)                  -     -     -     -       -    (-,-) 
  g19772/z                      (u)     in_1->z F     unmapped_nand2         1   3.2     0    17     809    (-,-) 
  n_16961                       -       -       -     (net)                  -     -     -     -       -    (-,-) 
  g19724/z                      (u)     in_0->z R     unmapped_nand2         3  10.8     0    22     830    (-,-) 
  n_16589                       -       -       -     (net)                  -     -     -     -       -    (-,-) 
  g19703/z                      (u)     in_1->z F     unmapped_nand2         1   3.2     0    17     847    (-,-) 
  n_16959                       -       -       -     (net)                  -     -     -     -       -    (-,-) 
  g19680/z                      (u)     in_0->z R     unmapped_nand2         2   7.2     0    19     866    (-,-) 
  n_16590                       -       -       -     (net)                  -     -     -     -       -    (-,-) 
  g19659/z                      (u)     in_0->z R     unmapped_or2           2   7.2     0    19     885    (-,-) 
  n_16591                       -       -       -     (net)                  -     -     -     -       -    (-,-) 
  g19639/z                      (u)     in_0->z R     unmapped_or2           3  10.8     0    22     907    (-,-) 
  n_16924                       -       -       -     (net)                  -     -     -     -       -    (-,-) 
  g19640/z                      (u)     in_1->z F     unmapped_nand2         3   9.6     0    22     928    (-,-) 
  n_16592                       -       -       -     (net)                  -     -     -     -       -    (-,-) 
  g20964/z                      (u)     in_0->z R     unmapped_complex2      1   3.6     0    17     945    (-,-) 
  n_18635                       -       -       -     (net)                  -     -     -     -       -    (-,-) 
  g19620/z                      (u)     in_1->z R     unmapped_or2           1   3.6     0    17     962    (-,-) 
  n_18636                       -       -       -     (net)                  -     -     -     -       -    (-,-) 
  g20970/z                      (u)     in_0->z R     unmapped_complex2      2   7.2     0    19     981    (-,-) 
  n_16626                       -       -       -     (net)                  -     -     -     -       -    (-,-) 
  g19606/z                      (u)     in_1->z R     unmapped_or2           2   7.2     0    19    1000    (-,-) 
  n_16627                       -       -       -     (net)                  -     -     -     -       -    (-,-) 
  g19593/z                      (u)     in_0->z F     unmapped_nand2         2   6.4     0    19    1019    (-,-) 
  n_16628                       -       -       -     (net)                  -     -     -     -       -    (-,-) 
  g20975/z                      (u)     in_0->z R     unmapped_complex2      1   3.6     0    17    1036    (-,-) 
  n_18711                       -       -       -     (net)                  -     -     -     -       -    (-,-) 
  g19583/z                      (u)     in_1->z R     unmapped_complex2      2   7.2     0    19    1055    (-,-) 
  n_16631                       -       -       -     (net)                  -     -     -     -       -    (-,-) 
  g20976/z                      (u)     in_0->z F     unmapped_complex2     23  73.6     0    49    1104    (-,-) 
  n_16634                       -       -       -     (net)                  -     -     -     -       -    (-,-) 
  g19573/z                      (u)     in_1->z F     unmapped_complex2      1   3.2     0    17    1120    (-,-) 
  n_18788                       -       -       -     (net)                  -     -     -     -       -    (-,-) 
  g19533/z                      (u)     in_0->z R     unmapped_nand2         1   3.6     0    17    1137    (-,-) 
  n_2855                        -       -       -     (net)                  -     -     -     -       -    (-,-) 
  fp_out_reg[0]/d               <<<     -       R     unmapped_d_flop        1     -     -     0    1137    (-,-) 
#-----------------------------------------------------------------------------------------------------------------

(u) : Net has unmapped pin(s).

Capture clock path:
#------------------------------------------------------------------------------------------------
#   Timing Point    Flags   Arc   Edge      Cell        Fanout Load Trans Delay Arrival Instance 
#                                                              (fF)  (ps)  (ps)   (ps)  Location 
#------------------------------------------------------------------------------------------------
  clk               (i,u)   -     R     (arrival)          100  0.0     0     0    1282    (-,-) 
  clk               -       -     -     (net)                -    -     -     -       -    (-,-) 
  clk               -       -     -     (net)                -    -     -     -       -    (-,-) 
  fp_out_reg[0]/clk <<<     -     R     unmapped_d_flop    100    -     1     0    1282    (-,-) 
#------------------------------------------------------------------------------------------------


