============================================================
  Generated by:           Genus(TM) Synthesis Solution 25.11-s095_1
  Generated on:           May 24 2026  07:53:19 am
  Module:                 sysarr_32_input_fp_adder
  Operating conditions:   typical 
  Interconnect mode:      global
  Area mode:              physical library
============================================================


Path 1: MET (0 ps) Setup Check with Pin aligner_inst_aligned_mant_out_reg[18][25]/CK->SI
           View: view_1p2_25
          Group: clock1
     Startpoint: (R) aligner_inst_max_l4_n0_r_reg[1]/CK
          Clock: (R) clock1
       Endpoint: (F) aligner_inst_aligned_mant_out_reg[18][25]/SI
          Clock: (R) clock1

                     Capture       Launch     
        Clock Edge:+    1000            0     
       Src Latency:+       0            0     
       Net Latency:+       0 (I)        0 (I) 
           Arrival:=    1000            0     
                                              
             Setup:-      84                  
       Uncertainty:-       0                  
     Required Time:=     916                  
      Launch Clock:-       0                  
         Data Path:-     916                  
             Slack:=       0                  

Launch clock path:
#-----------------------------------------------------------------------------------------------------------
#           Timing Point             Flags   Arc   Edge   Cell     Fanout Load Trans Delay Arrival Instance 
#                                                                         (fF)  (ps)  (ps)   (ps)  Location 
#-----------------------------------------------------------------------------------------------------------
  clk                                (i)     -     R     (arrival)   2426  0.0     0     0       0    (-,-) 
  clk                                -       -     -     (net)          -    -     -     -       -    (-,-) 
  clk                                -       -     -     (net)          -    -     -     -       -    (-,-) 
  aligner_inst_max_l4_n0_r_reg[1]/CK <<<     -     R     DFFR_X1     2426    -     1     0       0    (-,-) 
#-----------------------------------------------------------------------------------------------------------

#----------------------------------------------------------------------------------------------------------------------
#                Timing Point                  Flags    Arc   Edge   Cell     Fanout Load Trans Delay Arrival Instance 
#                                                                                    (fF)  (ps)  (ps)   (ps)  Location 
#----------------------------------------------------------------------------------------------------------------------
  aligner_inst_max_l4_n0_r_reg[1]/CK           -       -      R     (arrival)   2426    -     1     0       0    (-,-) 
  aligner_inst_max_l4_n0_r_reg[1]/QN           -       CK->QN R     DFFR_X1        1  3.7    14    71      71    (-,-) 
  n_11204                                      -       -      -     (net)          -    -     -     -       -    (-,-) 
  g368689/Z                                    -       A->Z   R     BUF_X4         3 25.1    17    34     106    (-,-) 
  n_2377                                       -       -      -     (net)          -    -     -     -       -    (-,-) 
  g368633/ZN                                   -       A->ZN  F     INV_X4         7 17.4     8    15     120    (-,-) 
  n_2387                                       -       -      -     (net)          -    -     -     -       -    (-,-) 
  g368627/ZN                                   -       A->ZN  R     INV_X1         3  7.0    18    25     146    (-,-) 
  n_2388                                       -       -      -     (net)          -    -     -     -       -    (-,-) 
  g368266/ZN                                   -       A1->ZN F     NAND2_X2       1  5.9    10    19     164    (-,-) 
  n_2417                                       -       -      -     (net)          -    -     -     -       -    (-,-) 
  g367951/ZN                                   -       A2->ZN R     NAND2_X4       4 15.1    14    23     187    (-,-) 
  n_2835                                       -       -      -     (net)          -    -     -     -       -    (-,-) 
  g367468/ZN                                   -       A1->ZN F     NAND2_X2       1  6.0    10    17     204    (-,-) 
  n_3271                                       -       -      -     (net)          -    -     -     -       -    (-,-) 
  g366882/ZN                                   -       A1->ZN R     NAND2_X4       2 10.9    12    17     222    (-,-) 
  n_3922                                       -       -      -     (net)          -    -     -     -       -    (-,-) 
  g366316/ZN                                   -       B1->ZN F     AOI21_X4       2  7.0    14    15     237    (-,-) 
  n_4514                                       -       -      -     (net)          -    -     -     -       -    (-,-) 
  g365610/ZN                                   -       B1->ZN R     OAI21_X2       2  5.8    24    35     272    (-,-) 
  n_5156                                       -       -      -     (net)          -    -     -     -       -    (-,-) 
  g365152/ZN                                   -       B1->ZN F     AOI21_X2       2  4.7    12    19     291    (-,-) 
  n_5609                                       -       -      -     (net)          -    -     -     -       -    (-,-) 
  g364881/ZN                                   -       A1->ZN R     NAND2_X1       1  3.5    13    21     312    (-,-) 
  n_5825                                       -       -      -     (net)          -    -     -     -       -    (-,-) 
  g364764/ZN                                   -       A->ZN  F     OAI21_X2       3  8.8    16    25     337    (-,-) 
  n_5979                                       -       -      -     (net)          -    -     -     -       -    (-,-) 
  g364617/ZN                                   -       A1->ZN F     AND2_X1        3  6.6    11    40     378    (-,-) 
  n_6093                                       -       -      -     (net)          -    -     -     -       -    (-,-) 
  g364512/ZN                                   -       A->ZN  R     INV_X2         7 10.7    15    23     400    (-,-) 
  n_6092                                       -       -      -     (net)          -    -     -     -       -    (-,-) 
  g364197/ZN                                   -       A1->ZN F     NOR2_X1        3  5.3     9    16     416    (-,-) 
  n_6554                                       -       -      -     (net)          -    -     -     -       -    (-,-) 
  g362975/ZN                                   -       B1->ZN R     AOI22_X1       1  2.0    26    42     458    (-,-) 
  n_7569                                       -       -      -     (net)          -    -     -     -       -    (-,-) 
  g362931/ZN                                   -       A->ZN  F     INV_X1         1  1.8     8    10     468    (-,-) 
  n_7690                                       -       -      -     (net)          -    -     -     -       -    (-,-) 
  g362731/ZN                                   -       A->ZN  R     AOI21_X1       3  5.6    40    59     527    (-,-) 
  n_7942                                       -       -      -     (net)          -    -     -     -       -    (-,-) 
  g362511/ZN                                   -       A1->ZN F     NAND2_X1       1  3.5    16    25     551    (-,-) 
  n_8086                                       -       -      -     (net)          -    -     -     -       -    (-,-) 
  g362393/ZN                                   -       A2->ZN R     NOR2_X2        2  5.2    20    36     587    (-,-) 
  n_8234                                       -       -      -     (net)          -    -     -     -       -    (-,-) 
  g362326/ZN                                   -       A1->ZN F     NAND3_X2       3  6.5    19    26     614    (-,-) 
  n_8298                                       -       -      -     (net)          -    -     -     -       -    (-,-) 
  g362250/ZN                                   -       A1->ZN R     NOR2_X2        2  3.8    17    29     642    (-,-) 
  n_8370                                       -       -      -     (net)          -    -     -     -       -    (-,-) 
  g362171/ZN                                   -       A1->ZN F     NAND2_X1       2  5.3    15    23     666    (-,-) 
  n_8452                                       -       -      -     (net)          -    -     -     -       -    (-,-) 
  g362115/ZN                                   -       A1->ZN R     NOR2_X2        2  4.4    18    29     694    (-,-) 
  n_8502                                       -       -      -     (net)          -    -     -     -       -    (-,-) 
  g361946/ZN                                   -       A1->ZN R     AND2_X2        2  3.9    10    34     728    (-,-) 
  n_8681                                       -       -      -     (net)          -    -     -     -       -    (-,-) 
  g361508/ZN                                   -       A->ZN  F     OAI21_X1       3  6.5    18    29     756    (-,-) 
  n_9147                                       -       -      -     (net)          -    -     -     -       -    (-,-) 
  g361053/ZN                                   -       A1->ZN R     NOR2_X2        2  3.8    17    28     784    (-,-) 
  n_9618                                       -       -      -     (net)          -    -     -     -       -    (-,-) 
  g360604/ZN                                   -       A1->ZN F     NAND2_X1       3  5.1    13    23     807    (-,-) 
  n_10037                                      -       -      -     (net)          -    -     -     -       -    (-,-) 
  g360024/ZN                                   -       A1->ZN R     NOR2_X1        2  3.8    25    36     843    (-,-) 
  n_10503                                      -       -      -     (net)          -    -     -     -       -    (-,-) 
  g359529__5477/ZN                             -       A1->ZN F     NAND2_X1       3  6.4    17    28     871    (-,-) 
  n_10802                                      -       -      -     (net)          -    -     -     -       -    (-,-) 
  g358443__6131/ZN                             -       B1->ZN R     OAI21_X2       2  3.9    20    31     903    (-,-) 
  n_11176                                      -       -      -     (net)          -    -     -     -       -    (-,-) 
  g358428/ZN                                   -       A->ZN  F     INV_X1         2  3.4     8    13     916    (-,-) 
  n_11177                                      -       -      -     (net)          -    -     -     -       -    (-,-) 
  aligner_inst_aligned_mant_out_reg[18][25]/SI <<<     -      F     SDFFR_X1       2    -     -     0     916    (-,-) 
#----------------------------------------------------------------------------------------------------------------------

Capture clock path:
#---------------------------------------------------------------------------------------------------------------------
#                Timing Point                  Flags   Arc   Edge   Cell     Fanout Load Trans Delay Arrival Instance 
#                                                                                   (fF)  (ps)  (ps)   (ps)  Location 
#---------------------------------------------------------------------------------------------------------------------
  clk                                          (i)     -     R     (arrival)   2426  0.0     0     0    1000    (-,-) 
  clk                                          -       -     -     (net)          -    -     -     -       -    (-,-) 
  clk                                          -       -     -     (net)          -    -     -     -       -    (-,-) 
  aligner_inst_aligned_mant_out_reg[18][25]/CK <<<     -     R     SDFFR_X1    2426    -     1     0    1000    (-,-) 
#---------------------------------------------------------------------------------------------------------------------


