============================================================
  Generated by:           Genus(TM) Synthesis Solution 25.11-s095_1
  Generated on:           Mar 10 2026  09:11:36 pm
  Module:                 add_bf16_1C
  Operating conditions:   typical 
  Interconnect mode:      global
  Area mode:              physical library
============================================================


Path 1: MET (26 ps) Late External Delay Assertion at pin bf_out[12]
           View: view_1p2_25
          Group: clock1
     Startpoint: (R) bf2_in_reg[9]/CK
          Clock: (R) clock1
       Endpoint: (R) bf_out[12]
          Clock: (R) clock1

                     Capture       Launch     
        Clock Edge:+    1163            0     
       Src Latency:+       0            0     
       Net Latency:+       0 (I)        0 (I) 
           Arrival:=    1163            0     
                                              
      Output Delay:-       1                  
       Uncertainty:-       0                  
     Required Time:=    1162                  
      Launch Clock:-       0                  
         Data Path:-    1135                  
             Slack:=      26                  

Exceptions/Constraints:
  output_delay              1              add_bf16_1C.sdc_line_21_36_1   

Launch clock path:
#-----------------------------------------------------------------------------------------
#  Timing Point    Flags   Arc   Edge   Cell     Fanout Load Trans Delay Arrival Instance 
#                                                       (fF)  (ps)  (ps)   (ps)  Location 
#-----------------------------------------------------------------------------------------
  clk              (i)     -     R     (arrival)     33  0.0     0     0       0    (-,-) 
  clk              -       -     -     (net)          -    -     -     -       -    (-,-) 
  clk              -       -     -     (net)          -    -     -     -       -    (-,-) 
  bf2_in_reg[9]/CK <<<     -     R     SDFFR_X1      33    -     1     0       0    (-,-) 
#-----------------------------------------------------------------------------------------

#------------------------------------------------------------------------------------------
#  Timing Point    Flags    Arc   Edge   Cell     Fanout Load Trans Delay Arrival Instance 
#                                                        (fF)  (ps)  (ps)   (ps)  Location 
#------------------------------------------------------------------------------------------
  bf2_in_reg[9]/CK -       -      R     (arrival)     33    -     1     0       0    (-,-) 
  bf2_in_reg[9]/Q  -       CK->Q  F     SDFFR_X1       6  8.9    20    86      86    (-,-) 
  bf2_in[9]        -       -      -     (net)          -    -     -     -       -    (-,-) 
  g40578/ZN        -       A->ZN  R     INV_X1         3  4.9    15    26     112    (-,-) 
  n_29             -       -      -     (net)          -    -     -     -       -    (-,-) 
  g40521__1666/ZN  -       A1->ZN F     NAND2_X1       1  1.8     8    15     127    (-,-) 
  n_16             -       -      -     (net)          -    -     -     -       -    (-,-) 
  g40516__6260/ZN  -       A1->ZN R     NAND2_X1       3  9.2    26    32     159    (-,-) 
  n_125            -       -      -     (net)          -    -     -     -       -    (-,-) 
  g40461/ZN        -       A->ZN  F     INV_X2         2  7.3    10    14     173    (-,-) 
  n_133            -       -      -     (net)          -    -     -     -       -    (-,-) 
  g40365__2398/ZN  -       B->ZN  R     XNOR2_X2       4 10.8    36    52     225    (-,-) 
  n_165            -       -      -     (net)          -    -     -     -       -    (-,-) 
  g40336__5107/ZN  -       A1->ZN F     NAND2_X2       3  4.4    13    20     245    (-,-) 
  n_217            -       -      -     (net)          -    -     -     -       -    (-,-) 
  g40318__3680/ZN  -       A1->ZN F     OR2_X1         1  1.7     9    46     291    (-,-) 
  n_194            -       -      -     (net)          -    -     -     -       -    (-,-) 
  g40254__5122/ZN  -       B1->ZN R     OAI22_X1       1  1.9    30    39     330    (-,-) 
  n_223            -       -      -     (net)          -    -     -     -       -    (-,-) 
  g40229__2346/ZN  -       A->ZN  F     AOI21_X1       1  2.9    14    20     350    (-,-) 
  n_248            -       -      -     (net)          -    -     -     -       -    (-,-) 
  g40214__5122/ZN  -       B1->ZN R     OAI22_X2       5  8.7    43    54     404    (-,-) 
  n_484            -       -      -     (net)          -    -     -     -       -    (-,-) 
  g40211/ZN        -       A->ZN  F     INV_X1         1  1.8    11    10     414    (-,-) 
  n_316            -       -      -     (net)          -    -     -     -       -    (-,-) 
  g40188__2802/ZN  -       A2->ZN R     NAND2_X1       3  5.7    18    27     442    (-,-) 
  n_402            -       -      -     (net)          -    -     -     -       -    (-,-) 
  g40166__9945/ZN  -       A2->ZN F     NAND2_X1       1  1.8     8    16     458    (-,-) 
  n_362            -       -      -     (net)          -    -     -     -       -    (-,-) 
  g40165__6131/ZN  -       A1->ZN R     NAND2_X1       3  7.1    22    27     485    (-,-) 
  n_411            -       -      -     (net)          -    -     -     -       -    (-,-) 
  g40151__1617/ZN  -       B1->ZN F     OAI21_X2       3  4.9    16    19     504    (-,-) 
  n_391            -       -      -     (net)          -    -     -     -       -    (-,-) 
  g40142__2398/ZN  -       B1->ZN R     AOI21_X1       2  5.5    39    48     552    (-,-) 
  n_397            -       -      -     (net)          -    -     -     -       -    (-,-) 
  g40132__2346/ZN  -       A1->ZN F     NOR2_X2        3  5.3    12    14     566    (-,-) 
  n_405            -       -      -     (net)          -    -     -     -       -    (-,-) 
  g40128__5115/ZN  -       A1->ZN R     NAND2_X1       2  3.8    16    21     587    (-,-) 
  n_417            -       -      -     (net)          -    -     -     -       -    (-,-) 
  g40124/ZN        -       A->ZN  F     INV_X1         1  1.7     6     9     596    (-,-) 
  n_418            -       -      -     (net)          -    -     -     -       -    (-,-) 
  g40120__4319/ZN  -       A1->ZN R     NOR3_X1        2  3.8    42    49     645    (-,-) 
  n_443            -       -      -     (net)          -    -     -     -       -    (-,-) 
  g40109__2883/ZN  -       A1->ZN F     NOR2_X1        2  4.7    14    19     665    (-,-) 
  n_450            -       -      -     (net)          -    -     -     -       -    (-,-) 
  g40071__8246/ZN  -       A1->ZN R     OAI22_X2       1  3.6    30    30     695    (-,-) 
  n_454            -       -      -     (net)          -    -     -     -       -    (-,-) 
  g40066__4319/ZN  -       A2->ZN F     NOR2_X2        1  4.1    10    14     709    (-,-) 
  n_464            -       -      -     (net)          -    -     -     -       -    (-,-) 
  g40056__6161/ZN  -       A->ZN  F     XNOR2_X2       5  8.6    15    42     751    (-,-) 
  n_499            -       -      -     (net)          -    -     -     -       -    (-,-) 
  g40052/ZN        -       A->ZN  R     INV_X1         2  5.2    15    24     776    (-,-) 
  n_491            -       -      -     (net)          -    -     -     -       -    (-,-) 
  g40047__6783/ZN  -       A1->ZN F     NAND2_X2       3  6.5    10    18     794    (-,-) 
  n_508            -       -      -     (net)          -    -     -     -       -    (-,-) 
  g40002__9315/ZN  -       C1->ZN R     OAI211_X1      2  3.8    30    41     834    (-,-) 
  n_511            -       -      -     (net)          -    -     -     -       -    (-,-) 
  g39989__5526/ZN  -       A1->ZN F     NAND2_X1       2  4.7    16    26     860    (-,-) 
  n_532            -       -      -     (net)          -    -     -     -       -    (-,-) 
  g39979__7410/ZN  -       A1->ZN R     NOR2_X2        3  7.1    24    35     895    (-,-) 
  n_558            -       -      -     (net)          -    -     -     -       -    (-,-) 
  g39962__8246/ZN  -       A1->ZN F     NAND2_X2       4  8.0    13    23     918    (-,-) 
  n_578            -       -      -     (net)          -    -     -     -       -    (-,-) 
  g39936__2883/ZN  -       A1->ZN R     NOR2_X2        2  3.7    16    26     944    (-,-) 
  n_598            -       -      -     (net)          -    -     -     -       -    (-,-) 
  g39922__1617/ZN  -       A1->ZN F     NAND2_X1       1  3.2    10    18     962    (-,-) 
  n_599            -       -      -     (net)          -    -     -     -       -    (-,-) 
  g39918/ZN        -       A->ZN  R     INV_X2         2  3.8     8    14     976    (-,-) 
  n_627            -       -      -     (net)          -    -     -     -       -    (-,-) 
  g39902__7482/ZN  -       A1->ZN F     NAND2_X1       1  3.2    10    15     992    (-,-) 
  n_634            -       -      -     (net)          -    -     -     -       -    (-,-) 
  g39884__3680/ZN  -       A1->ZN R     NAND2_X2       4  7.2    14    20    1011    (-,-) 
  n_674            -       -      -     (net)          -    -     -     -       -    (-,-) 
  g39878__1666/ZN  -       A1->ZN F     NAND3_X1       2  3.5    15    24    1036    (-,-) 
  n_675            -       -      -     (net)          -    -     -     -       -    (-,-) 
  g39876/ZN        -       A->ZN  R     INV_X1         2  3.2    11    20    1055    (-,-) 
  n_684            -       -      -     (net)          -    -     -     -       -    (-,-) 
  g39866__1881/ZN  -       B1->ZN F     OAI21_X1       1  1.8    10    14    1070    (-,-) 
  n_686            -       -      -     (net)          -    -     -     -       -    (-,-) 
  g39863__8246/ZN  -       A1->ZN R     NAND2_X1       2  3.8    14    20    1090    (-,-) 
  n_690            -       -      -     (net)          -    -     -     -       -    (-,-) 
  g39862/ZN        -       A->ZN  F     INV_X1         1  1.7     5     8    1099    (-,-) 
  n_691            -       -      -     (net)          -    -     -     -       -    (-,-) 
  g39852__5107/ZN  -       B1->ZN R     OAI221_X1      1  0.3    28    37    1135    (-,-) 
  bf_out[12]       -       -      -     (net)          -    -     -     -       -    (-,-) 
  bf_out[12]       <<<     -      R     (port)         -    -     -     0    1135    (-,-) 
#------------------------------------------------------------------------------------------


