============================================================
  Generated by:           Genus(TM) Synthesis Solution 25.11-s095_1
  Generated on:           Mar 10 2026  11:26:03 pm
  Operating conditions:   typical 
  Interconnect mode:      global
  Area mode:              physical library
============================================================

                                Leakage    Internal                          Library 
   Gate    Instances   Area   Power (nW)  Power (nW)          Library         Domain 
-------------------------------------------------------------------------------------
AND2_X1           40   42.560   1018.360    38635.422 NangateOpenCellLibrary       0 
AND2_X2            3    3.990    160.793     5068.093 NangateOpenCellLibrary       0 
AND2_X4            1    2.394    110.983     3712.473 NangateOpenCellLibrary       0 
AND3_X1            8   10.640    244.793     9951.179 NangateOpenCellLibrary       0 
AND3_X2            1    1.596     68.390     3652.732 NangateOpenCellLibrary       0 
AND3_X4            1    2.926    106.514     3033.538 NangateOpenCellLibrary       0 
AND4_X1           14   22.344    418.287    15807.232 NangateOpenCellLibrary       0 
AND4_X2            1    1.862     63.270     3044.300 NangateOpenCellLibrary       0 
AND4_X4            1    3.458    110.743        0.000 NangateOpenCellLibrary       0 
AOI211_X1         16   21.280    562.167    22558.781 NangateOpenCellLibrary       0 
AOI21_X1         142  151.088   3748.103   170092.482 NangateOpenCellLibrary       0 
AOI21_X2           3    5.586    211.831     2398.805 NangateOpenCellLibrary       0 
AOI21_X4           1    3.458    109.574     3576.427 NangateOpenCellLibrary       0 
AOI221_X1         46   73.416   2028.019    47599.732 NangateOpenCellLibrary       0 
AOI222_X1         33   70.224   1448.773    39406.490 NangateOpenCellLibrary       0 
AOI22_X1         111  147.630   3489.064    87879.012 NangateOpenCellLibrary       0 
CLKBUF_X1          7    5.586     79.368     6306.303 NangateOpenCellLibrary       0 
DFFR_X1           64  340.480   5637.994   402158.523 NangateOpenCellLibrary       0 
DFF_X1            32  144.704   2523.226   226068.555 NangateOpenCellLibrary       0 
HA_X1              2    5.320    116.109     3918.196 NangateOpenCellLibrary       0 
INV_X1           302  160.664   4441.624   127469.370 NangateOpenCellLibrary       0 
INV_X2            13   10.374    364.093     6597.535 NangateOpenCellLibrary       0 
INV_X4             5    6.650    285.826     6919.984 NangateOpenCellLibrary       0 
INV_X8             4    9.576    464.318    14925.664 NangateOpenCellLibrary       0 
MUX2_X1           59  109.858   2143.569   101299.760 NangateOpenCellLibrary       0 
NAND2_X1         308  245.784   5278.357   147138.493 NangateOpenCellLibrary       0 
NAND2_X2          15   19.950    659.816    14662.913 NangateOpenCellLibrary       0 
NAND2_X4           9   21.546    752.308    22556.223 NangateOpenCellLibrary       0 
NAND3_X1          53   56.392   1282.669    32010.602 NangateOpenCellLibrary       0 
NAND3_X2           5    9.310    261.293     6522.428 NangateOpenCellLibrary       0 
NAND4_X1          34   45.220   1007.709    23897.893 NangateOpenCellLibrary       0 
NAND4_X2           1    2.394     37.246       68.552 NangateOpenCellLibrary       0 
NOR2_X1          207  165.186   4432.933   118397.429 NangateOpenCellLibrary       0 
NOR2_X2            9   11.970    411.778     6649.696 NangateOpenCellLibrary       0 
NOR2_X4            5   11.970    485.286     8904.155 NangateOpenCellLibrary       0 
NOR3_X1           20   21.280    542.007    16353.484 NangateOpenCellLibrary       0 
NOR3_X2            1    1.862     57.838        0.000 NangateOpenCellLibrary       0 
NOR4_X1           25   33.250    853.162     7892.909 NangateOpenCellLibrary       0 
OAI211_X1         27   35.910    793.110    28735.089 NangateOpenCellLibrary       0 
OAI211_X2          1    2.394     60.986     1570.302 NangateOpenCellLibrary       0 
OAI21_X1          99  105.336   2870.860   112147.159 NangateOpenCellLibrary       0 
OAI21_X2           2    3.724    118.461     2930.135 NangateOpenCellLibrary       0 
OAI21_X4           3   10.374    346.759    10292.615 NangateOpenCellLibrary       0 
OAI221_X1         38   60.648   1813.292    50026.195 NangateOpenCellLibrary       0 
OAI222_X1         32   68.096   2014.388    31990.724 NangateOpenCellLibrary       0 
OAI22_X1         111  147.630   4270.667   105848.127 NangateOpenCellLibrary       0 
OAI33_X1           1    1.862     39.295      890.031 NangateOpenCellLibrary       0 
OR2_X1            44   46.816   1015.380    52150.926 NangateOpenCellLibrary       0 
OR2_X2             7    9.310    317.658     8767.614 NangateOpenCellLibrary       0 
OR3_X1             8   10.640    203.102     6769.227 NangateOpenCellLibrary       0 
OR3_X2             1    1.596     48.907     1370.055 NangateOpenCellLibrary       0 
OR4_X1             1    1.596     32.210        0.000 NangateOpenCellLibrary       0 
OR4_X2             2    3.724    114.537      315.866 NangateOpenCellLibrary       0 
SDFFR_X1           4   26.600    438.520    30025.434 NangateOpenCellLibrary       0 
XNOR2_X1          59   94.164   2134.837   100269.300 NangateOpenCellLibrary       0 
XNOR2_X2          19   50.540   1382.740    60213.273 NangateOpenCellLibrary       0 
XOR2_X1           57   90.972   1925.180   104335.756 NangateOpenCellLibrary       0 
XOR2_X2            4    9.576    279.765    18781.104 NangateOpenCellLibrary       0 
-------------------------------------------------------------------------------------
total           2122 2785.286  66238.846  2484564.299                                
                                           Leakage  Leakage   Internal  Internal 
     Type      Instances   Area   Area % Power (nW) Power %  Power (nW)  Power % 
---------------------------------------------------------------------------------
sequential           100  511.784   18.4   8599.740    13.0  658252.512     26.5 
inverter             324  187.264    6.7   5555.860     8.4  155912.553      6.3 
buffer                 7    5.586    0.2     79.368     0.1    6306.303      0.3 
logic               1691 2080.652   74.7  52003.878    78.5 1664092.932     67.0 
physical_cells         0    0.000    0.0      0.000     0.0       0.000      0.0 
---------------------------------------------------------------------------------
total               2122 2785.286  100.0  66238.846   100.0 2484564.299    100.0 
