============================================================
  Generated by:           Genus(TM) Synthesis Solution 25.11-s095_1
  Generated on:           May 25 2026  12:30:01 pm
  Module:                 sysarr_32_input_fp_adder
  Library domain:         timing_condition_tt_1p2v_25c
    Domain index:         0
    Technology library:   NangateOpenCellLibrary revision 1.0
  Operating conditions:   typical 
  Interconnect mode:      global
  Area mode:              physical library
============================================================

Timing
--------

Analysis view  Clock Period 
----------------------------
view_1p2_25   clock1 1000.0 


  Analysis    Cost   Critical        Violating 
    View     Group  Path Slack  TNS    Paths   
-----------------------------------------------
view_1p2_25  clock1        0.3  0.0          0 
            default   No paths  0.0          0 
-----------------------------------------------
Total                          -0.0          0 
                                               

Instance Count
--------------
Leaf Instance Count             15813 
Physical Instance count             0 
Sequential Instance Count        1679 
Combinational Instance Count    14134 
Hierarchical Instance Count         0 

Area
----
Cell Area                          26574.464
Physical Cell Area                 0.000
Total Cell Area (Cell+Physical)    26574.464
Net Area                           20482.185
Total Area (Cell+Physical+Net)     47056.649

Power
-----
Leakage Power                      572252.008 nW
Dynamic Power                      62086860.960 nW
Total Power                        62659112.968 nW

Max Fanout                         1679 (clk)
Min Fanout                         0 (aligner_inst_max_l3_n1_r[1])
Average Fanout                     2.0
Terms to net ratio                 3.1693
Terms to instance ratio            3.4871
Runtime                            49.283146 seconds
Elapsed Runtime                    53 seconds
Genus peak memory usage            1736.84 
Innovus peak memory usage          no_value 
Hostname                           asicfab.ecn.purdue.edu
