============================================================
  Generated by:           Genus(TM) Synthesis Solution 25.11-s095_1
  Generated on:           Jun 13 2026  12:46:19 pm
  Operating conditions:   typical 
  Interconnect mode:      global
  Area mode:              physical library
============================================================

                                 Leakage      Internal                          Library 
   Gate    Instances    Area    Power (nW)   Power (nW)          Library         Domain 
----------------------------------------------------------------------------------------
AND2_X1          595   633.080   14886.620    430747.105 NangateOpenCellLibrary       0 
AND2_X2           27    35.910    1450.213     66476.550 NangateOpenCellLibrary       0 
AND2_X4            3     7.182     319.659     13858.556 NangateOpenCellLibrary       0 
AND3_X1           24    31.920     716.140     17316.767 NangateOpenCellLibrary       0 
AND3_X2            9    14.364     446.132      9248.687 NangateOpenCellLibrary       0 
AND4_X1           13    20.748     409.025     10862.324 NangateOpenCellLibrary       0 
AOI211_X1         19    25.270     628.576     21364.801 NangateOpenCellLibrary       0 
AOI21_X1         440   468.160   12667.412    360536.776 NangateOpenCellLibrary       0 
AOI21_X2          24    44.688    1436.651     51633.940 NangateOpenCellLibrary       0 
AOI21_X4           4    13.832     411.219     21130.532 NangateOpenCellLibrary       0 
AOI221_X1        145   231.420    5551.273    222502.574 NangateOpenCellLibrary       0 
AOI222_X1         49   104.272    2367.573     89497.746 NangateOpenCellLibrary       0 
AOI222_X2          1     3.724     117.261      2681.375 NangateOpenCellLibrary       0 
AOI22_X1         306   406.980    9087.251    260853.430 NangateOpenCellLibrary       0 
AOI22_X2           5    11.970     350.679     13342.049 NangateOpenCellLibrary       0 
BUF_X1             1     0.798      19.284         0.000 NangateOpenCellLibrary       0 
CLKBUF_X1          1     0.798      12.763         0.000 NangateOpenCellLibrary       0 
DFFR_X1         1499  7974.680  131569.596  10205170.379 NangateOpenCellLibrary       0 
DFF_X1           148   669.256   11667.119   1088755.080 NangateOpenCellLibrary       0 
FA_X1            784  3336.704   46464.428   2681471.782 NangateOpenCellLibrary       0 
HA_X1            140   372.400    9224.298    327468.904 NangateOpenCellLibrary       0 
INV_X1          1595   848.540   23015.098    627700.367 NangateOpenCellLibrary       0 
INV_X16            1     4.522     221.150     11163.473 NangateOpenCellLibrary       0 
INV_X2            42    33.516    1205.362     24946.256 NangateOpenCellLibrary       0 
INV_X4             7     9.310     391.167     18377.176 NangateOpenCellLibrary       0 
INV_X8             5    11.970     582.633     26621.989 NangateOpenCellLibrary       0 
MUX2_X1          718  1336.916   26024.377   1411931.901 NangateOpenCellLibrary       0 
NAND2_X1        1704  1359.792   34514.839    908554.499 NangateOpenCellLibrary       0 
NAND2_X2          57    75.810    2925.369     66999.198 NangateOpenCellLibrary       0 
NAND2_X4           9    21.546     658.677     17567.196 NangateOpenCellLibrary       0 
NAND3_X1         122   129.808    3462.551     61410.104 NangateOpenCellLibrary       0 
NAND3_X2           2     3.724     113.337      2236.976 NangateOpenCellLibrary       0 
NAND3_X4           1     3.458      62.074         0.000 NangateOpenCellLibrary       0 
NAND4_X1          89   118.370    2610.366     31470.909 NangateOpenCellLibrary       0 
NOR2_X1         1102   879.396   24869.264    426513.061 NangateOpenCellLibrary       0 
NOR2_X2           98   130.340    4030.117    124165.287 NangateOpenCellLibrary       0 
NOR2_X4           20    47.880    1694.381     47040.071 NangateOpenCellLibrary       0 
NOR3_X1          134   142.576    3800.816     59057.803 NangateOpenCellLibrary       0 
NOR3_X2            7    13.034     387.687     10926.026 NangateOpenCellLibrary       0 
NOR4_X1           87   115.710    2989.708     30934.774 NangateOpenCellLibrary       0 
OAI211_X1         82   109.060    3159.128     73569.884 NangateOpenCellLibrary       0 
OAI211_X2          1     2.394      60.792      3384.718 NangateOpenCellLibrary       0 
OAI21_X1         584   621.376   16225.504    473586.057 NangateOpenCellLibrary       0 
OAI21_X2          35    65.170    2028.322     71575.399 NangateOpenCellLibrary       0 
OAI21_X4           3    10.374     328.378     15431.893 NangateOpenCellLibrary       0 
OAI221_X1         65   103.740    2635.640     66242.332 NangateOpenCellLibrary       0 
OAI222_X1         10    21.280     427.798     17080.460 NangateOpenCellLibrary       0 
OAI22_X1         432   574.560   19624.655    268333.010 NangateOpenCellLibrary       0 
OAI22_X2           4     9.576     264.186      8916.736 NangateOpenCellLibrary       0 
OAI33_X1           1     1.862      42.238       486.244 NangateOpenCellLibrary       0 
OR2_X1           536   570.304   12297.542    487357.831 NangateOpenCellLibrary       0 
OR2_X2             3     3.990     136.125      2319.745 NangateOpenCellLibrary       0 
OR2_X4             2     4.788     186.895         0.000 NangateOpenCellLibrary       0 
OR3_X1            33    43.890     923.440     21235.649 NangateOpenCellLibrary       0 
OR3_X2             1     1.596      55.652         0.000 NangateOpenCellLibrary       0 
OR4_X1            98   156.408    2771.950     28338.869 NangateOpenCellLibrary       0 
OR4_X2             1     1.862      68.402         0.000 NangateOpenCellLibrary       0 
SDFFR_X1          31   206.150    3252.961    298072.669 NangateOpenCellLibrary       0 
SDFF_X1            1     6.118      98.750      8260.157 NangateOpenCellLibrary       0 
XNOR2_X1         541   863.436   21223.906    784032.725 NangateOpenCellLibrary       0 
XNOR2_X2          29    77.140    2077.729    109360.539 NangateOpenCellLibrary       0 
XOR2_X1          414   660.744   14063.850    660387.298 NangateOpenCellLibrary       0 
XOR2_X2           10    23.940     707.049     42568.971 NangateOpenCellLibrary       0 
----------------------------------------------------------------------------------------
total          12954 23834.132  486023.036  23243077.611                                
                                            Leakage  Leakage   Internal   Internal 
     Type      Instances    Area   Area % Power (nW) Power %  Power (nW)   Power % 
-----------------------------------------------------------------------------------
sequential          1679  8856.204   37.2 146588.426    30.2 11600258.285     49.9 
inverter            1650   907.858    3.8  25415.410     5.2   708809.261      3.0 
buffer                 2     1.596    0.0     32.047     0.0        0.000      0.0 
logic               9623 14068.474   59.0 313987.152    64.6 10934010.064     47.0 
physical_cells         0     0.000    0.0      0.000     0.0        0.000      0.0 
-----------------------------------------------------------------------------------
total              12954 23834.132  100.0 486023.036   100.0 23243077.611    100.0 
