Command: report datapath reports/syn_generic/area.datapath.rpt
Warning: '-sort' is not specified. By default, 'report datapath' orders the components based on instance name
============================================================
  Generated by:           Genus(TM) Synthesis Solution 25.11-s095_1
  Generated on:           May 25 2026  03:37:24 am
  Module:                 sysarr_32_input_fp_adder
  Library domain:         timing_condition_tt_1p2v_25c
    Domain index:         0
    Technology library:   NangateOpenCellLibrary revision 1.0
  Operating conditions:   typical 
  Interconnect mode:      global
  Area mode:              physical library
============================================================



Inferred components

                            Operator Signedness          Architecture                    Inputs    Outputs        CellArea LogicLevels 
=======================================================================================================================================
sysarr_32_input_fp_adder
SUB_UNS_OP module:sub_unsigned_17091 
                                   -   unsigned             very_fast                      1x33         33          266.21          11 
=======================================================================================================================================
sysarr_32_input_fp_adder
adder_tree_inst_add_135_30 module:add_unsigned_9909_1340_2101_9575 
                                   +   unsigned             very_fast                     33x33         33          543.59          38 
=======================================================================================================================================
sysarr_32_input_fp_adder
adder_tree_inst_add_137_30 module:add_unsigned_9909_1340_2101_9575 
                                   +   unsigned             very_fast                     33x33         33          543.59          38 
=======================================================================================================================================
sysarr_32_input_fp_adder
adder_tree_inst_add_153_30 module:add_unsigned_9909_1340_2101 
                                   +   unsigned             very_fast                     33x33         33          615.32          13 
=======================================================================================================================================
sysarr_32_input_fp_adder
adder_tree_inst_add_19_29 module:add_signed_rtlopto_model_19154 
                                   +     signed             very_fast                     28x28         33          503.74          37 
=======================================================================================================================================
sysarr_32_input_fp_adder
adder_tree_inst_add_21_29 module:add_signed_rtlopto_model_19154 
                                   +     signed             very_fast                     28x28         33          503.74          37 
=======================================================================================================================================
sysarr_32_input_fp_adder
adder_tree_inst_add_23_29 module:add_signed_rtlopto_model_19154 
                                   +     signed             very_fast                     28x28         33          503.74          37 
=======================================================================================================================================
sysarr_32_input_fp_adder
adder_tree_inst_add_25_29 module:add_signed_rtlopto_model_19154 
                                   +     signed             very_fast                     28x28         33          503.74          37 
=======================================================================================================================================
sysarr_32_input_fp_adder
adder_tree_inst_add_27_29 module:add_signed_rtlopto_model_19154 
                                   +     signed             very_fast                     28x28         33          503.74          37 
=======================================================================================================================================
sysarr_32_input_fp_adder
adder_tree_inst_add_29_30 module:add_signed_rtlopto_model_19154 
                                   +     signed             very_fast                     28x28         33          503.74          37 
=======================================================================================================================================
sysarr_32_input_fp_adder
adder_tree_inst_add_31_30 module:add_signed_rtlopto_model_19154 
                                   +     signed             very_fast                     28x28         33          503.74          37 
=======================================================================================================================================
sysarr_32_input_fp_adder
adder_tree_inst_add_33_30 module:add_signed_rtlopto_model_19154 
                                   +     signed             very_fast                     28x28         33          503.74          37 
=======================================================================================================================================
sysarr_32_input_fp_adder
adder_tree_inst_add_35_30 module:add_signed_rtlopto_model_19154 
                                   +     signed             very_fast                     28x28         33          503.74          37 
=======================================================================================================================================
sysarr_32_input_fp_adder
adder_tree_inst_add_37_30 module:add_signed_rtlopto_model_19154 
                                   +     signed             very_fast                     28x28         33          503.74          37 
=======================================================================================================================================
sysarr_32_input_fp_adder
adder_tree_inst_add_39_31 module:add_signed_rtlopto_model_19154 
                                   +     signed             very_fast                     28x28         33          503.74          37 
=======================================================================================================================================
sysarr_32_input_fp_adder
adder_tree_inst_add_41_31 module:add_signed_rtlopto_model_19154 
                                   +     signed             very_fast                     28x28         33          503.74          37 
=======================================================================================================================================
sysarr_32_input_fp_adder
adder_tree_inst_add_43_31 module:add_signed_rtlopto_model_19154 
                                   +     signed             very_fast                     28x28         33          503.74          37 
=======================================================================================================================================
sysarr_32_input_fp_adder
adder_tree_inst_add_45_31 module:add_signed_rtlopto_model_19154 
                                   +     signed             very_fast                     28x28         33          503.74          37 
=======================================================================================================================================
sysarr_32_input_fp_adder
adder_tree_inst_add_47_31 module:add_signed_rtlopto_model_19154 
                                   +     signed             very_fast                     28x28         33          503.74          37 
=======================================================================================================================================
sysarr_32_input_fp_adder
adder_tree_inst_add_49_31 module:add_signed_rtlopto_model_19154 
                                   +     signed             very_fast                     28x28         33          503.74          37 
=======================================================================================================================================
sysarr_32_input_fp_adder
csa_tree_ADD_TC_OP_3_groupi module:csa_tree_ADD_TC_OP_3_group_2 
 equation: assign out_0 = ((($signed(in_2) + $signed(in_3)) + $signed(in_1)) + $signed(in_0)); 
                       csa_and_adder        n/a             very_fast               29x29x29x29         33         1342.23          39 

Related RTL operators:
adder_tree_inst                    +   unsigned             very_fast                     33x33         33                          13 
_add_113_42                                                                                                                            
=======================================================================================================================================
sysarr_32_input_fp_adder
csa_tree_ADD_TC_OP_3_groupi7564 module:csa_tree_ADD_TC_OP_3_group_2 
 equation: assign out_0 = ((($signed(in_2) + $signed(in_3)) + $signed(in_1)) + $signed(in_0)); 
                       csa_and_adder        n/a             very_fast               29x29x29x29         33         1342.23          39 

Related RTL operators:
adder_tree_inst                    +   unsigned             very_fast                     33x33         33                          13 
_add_111_40                                                                                                                            
=======================================================================================================================================
sysarr_32_input_fp_adder
csa_tree_ADD_TC_OP_3_groupi7565 module:csa_tree_ADD_TC_OP_3_group_2 
 equation: assign out_0 = ((($signed(in_2) + $signed(in_3)) + $signed(in_1)) + $signed(in_0)); 
                       csa_and_adder        n/a             very_fast               29x29x29x29         33         1342.23          39 

Related RTL operators:
adder_tree_inst                    +   unsigned             very_fast                     33x33         33                          13 
_add_109_40                                                                                                                            
=======================================================================================================================================
sysarr_32_input_fp_adder
csa_tree_ADD_TC_OP_3_groupi7566 module:csa_tree_ADD_TC_OP_3_group_2 
 equation: assign out_0 = ((($signed(in_2) + $signed(in_3)) + $signed(in_1)) + $signed(in_0)); 
                       csa_and_adder        n/a             very_fast               29x29x29x29         33         1342.23          39 

Related RTL operators:
adder_tree_inst                    +   unsigned             very_fast                     33x33         33                          13 
_add_107_40                                                                                                                            
=======================================================================================================================================
sysarr_32_input_fp_adder
dec_sub_152_43 module:decrement_unsigned_17399_18033 
                                  -1   unsigned             very_fast                      33x1         33          213.61          11 
=======================================================================================================================================
sysarr_32_input_fp_adder
inc_add_215_76 module:increment_unsigned_18510_18949 
                           increment   unsigned             very_fast                      23x1         24          180.13          10 
=======================================================================================================================================
sysarr_32_input_fp_adder
sll_174_36 module:shift_left_vlog_unsigned_10320 
                                  <<        n/a      very_fast/barrel                      33x6         33          690.25          12 
=======================================================================================================================================
Type              CellArea  Percentage
--------------------------------------
datapath modules  16481.40       28.49
external muxes        0.00        0.00
others            41362.11       71.51
--------------------------------------
total             57843.51      100.00
