============================================================
  Generated by:           Genus(TM) Synthesis Solution 25.11-s095_1
  Generated on:           May 25 2026  03:37:28 am
  Module:                 sysarr_32_input_fp_adder
  Library domain:         timing_condition_tt_1p2v_25c
    Domain index:         0
    Technology library:   NangateOpenCellLibrary revision 1.0
  Operating conditions:   typical 
  Interconnect mode:      global
  Area mode:              physical library
============================================================

Timing
--------

Analysis view  Clock Period 
----------------------------
view_1p2_25   clock1 1000.0 


  Analysis    Cost   Critical            Violating 
    View     Group  Path Slack    TNS      Paths   
---------------------------------------------------
view_1p2_25  clock1      -94.3 -39091.6        757 
            default   No paths      0.0          0 
---------------------------------------------------
Total                          -39091.6        757 
                                                   

Instance Count
--------------
Leaf Instance Count             30556 
Physical Instance count             0 
Sequential Instance Count        2293 
Combinational Instance Count    28263 
Hierarchical Instance Count        27 

Area
----
Cell Area                          57843.513
Physical Cell Area                 0.000
Total Cell Area (Cell+Physical)    57843.513
Net Area                           25.915
Total Area (Cell+Physical+Net)     57869.428

Power
-----
Leakage Power                      526640.294 nW
Dynamic Power                      25153850.349 nW
Total Power                        25680490.644 nW

Max Fanout                         2293 (clk)
Min Fanout                         0 (aligner_inst_n_6209)
Average Fanout                     1.8
Terms to net ratio                 2.7466
Terms to instance ratio            3.3750
Runtime                            49.317213 seconds
Elapsed Runtime                    52 seconds
Genus peak memory usage            1780.24 
Innovus peak memory usage          no_value 
Hostname                           asicfab.ecn.purdue.edu
