============================================================
  Generated by:           Genus(TM) Synthesis Solution 25.11-s095_1
  Generated on:           Mar 10 2026  07:12:13 pm
  Module:                 add_bf16_1C
  Operating conditions:   typical 
  Interconnect mode:      global
  Area mode:              physical library
============================================================


Path 1: MET (0 ps) Late External Delay Assertion at pin bf_out[13]
           View: view_1p2_25
          Group: clock1
     Startpoint: (R) bf1_in_reg[8]/CK
          Clock: (R) clock1
       Endpoint: (F) bf_out[13]
          Clock: (R) clock1

                     Capture       Launch     
        Clock Edge:+    1010            0     
       Src Latency:+       0            0     
       Net Latency:+       0 (I)        0 (I) 
           Arrival:=    1010            0     
                                              
      Output Delay:-       1                  
       Uncertainty:-       0                  
     Required Time:=    1009                  
      Launch Clock:-       0                  
         Data Path:-    1009                  
             Slack:=       0                  

Exceptions/Constraints:
  output_delay              1              add_bf16_1C.sdc_line_21_35_1   

Launch clock path:
#-----------------------------------------------------------------------------------------
#  Timing Point    Flags   Arc   Edge   Cell     Fanout Load Trans Delay Arrival Instance 
#                                                       (fF)  (ps)  (ps)   (ps)  Location 
#-----------------------------------------------------------------------------------------
  clk              (i)     -     R     (arrival)     33  0.0     0     0       0    (-,-) 
  clk              -       -     -     (net)          -    -     -     -       -    (-,-) 
  clk              -       -     -     (net)          -    -     -     -       -    (-,-) 
  bf1_in_reg[8]/CK <<<     -     R     DFFR_X1       33    -     1     0       0    (-,-) 
#-----------------------------------------------------------------------------------------

#------------------------------------------------------------------------------------------
#  Timing Point    Flags    Arc   Edge   Cell     Fanout Load Trans Delay Arrival Instance 
#                                                        (fF)  (ps)  (ps)   (ps)  Location 
#------------------------------------------------------------------------------------------
  bf1_in_reg[8]/CK -       -      R     (arrival)     33    -     1     0       0    (-,-) 
  bf1_in_reg[8]/QN -       CK->QN R     DFFR_X1        5 10.9    30    90      90    (-,-) 
  bf1_in[8]        -       -      -     (net)          -    -     -     -       -    (-,-) 
  g37518/ZN        -       A->ZN  F     INV_X2         4  6.2    10    13     104    (-,-) 
  n_3              -       -      -     (net)          -    -     -     -       -    (-,-) 
  g37459__8428/ZN  -       A2->ZN R     NAND2_X1       1  1.9    10    18     121    (-,-) 
  n_22             -       -      -     (net)          -    -     -     -       -    (-,-) 
  g37437__4733/ZN  -       A1->ZN F     NAND2_X1       3  6.6    15    23     144    (-,-) 
  n_137            -       -      -     (net)          -    -     -     -       -    (-,-) 
  g37364/ZN        -       A->ZN  R     INV_X2         4  6.6    11    20     165    (-,-) 
  n_189            -       -      -     (net)          -    -     -     -       -    (-,-) 
  g37299__1705/ZN  -       A1->ZN F     NAND2_X1       1  3.2    10    16     181    (-,-) 
  n_151            -       -      -     (net)          -    -     -     -       -    (-,-) 
  g37286__6161/ZN  -       A1->ZN R     NAND2_X2       7 18.2    26    33     214    (-,-) 
  n_230            -       -      -     (net)          -    -     -     -       -    (-,-) 
  g37279/ZN        -       A->ZN  F     INV_X4         7 10.7     9    12     226    (-,-) 
  n_255            -       -      -     (net)          -    -     -     -       -    (-,-) 
  g37268__9315/ZN  -       A1->ZN F     AND2_X1        2  3.5     8    32     258    (-,-) 
  n_253            -       -      -     (net)          -    -     -     -       -    (-,-) 
  g37195__1705/ZN  -       A2->ZN R     NAND3_X1       1  3.8    16    23     281    (-,-) 
  n_254            -       -      -     (net)          -    -     -     -       -    (-,-) 
  g37150__2398/ZN  -       A3->ZN F     NAND4_X2       2  4.9    19    35     316    (-,-) 
  n_306            -       -      -     (net)          -    -     -     -       -    (-,-) 
  g37144/ZN        -       A->ZN  R     INV_X2         2  8.6    14    24     341    (-,-) 
  n_339            -       -      -     (net)          -    -     -     -       -    (-,-) 
  g37100__6417/ZN  -       B1->ZN F     OAI21_X4       4  7.8    11    16     357    (-,-) 
  n_379            -       -      -     (net)          -    -     -     -       -    (-,-) 
  g37068__6417/ZN  -       A->ZN  F     XNOR2_X2       6 12.2    18    46     403    (-,-) 
  n_429            -       -      -     (net)          -    -     -     -       -    (-,-) 
  g37044__8246/ZN  -       A2->ZN R     NAND2_X1       3  4.8    16    29     431    (-,-) 
  n_423            -       -      -     (net)          -    -     -     -       -    (-,-) 
  g37036__5107/ZN  -       A1->ZN R     AND2_X1        2  3.8    13    39     470    (-,-) 
  n_420            -       -      -     (net)          -    -     -     -       -    (-,-) 
  g37027__1881/ZN  -       A1->ZN F     NAND2_X1       3  6.5    16    24     495    (-,-) 
  n_445            -       -      -     (net)          -    -     -     -       -    (-,-) 
  g36998__6417/ZN  -       B1->ZN R     AOI21_X2       2  5.5    27    34     529    (-,-) 
  n_455            -       -      -     (net)          -    -     -     -       -    (-,-) 
  g36971__4733/ZN  -       A1->ZN F     NOR2_X2        2  4.1     8    12     541    (-,-) 
  n_467            -       -      -     (net)          -    -     -     -       -    (-,-) 
  g36945__5477/ZN  -       A->ZN  F     XNOR2_X1       1  3.2    25    40     581    (-,-) 
  n_487            -       -      -     (net)          -    -     -     -       -    (-,-) 
  g36929__6131/ZN  -       A1->ZN R     NAND2_X2       1  3.6    16    21     602    (-,-) 
  n_505            -       -      -     (net)          -    -     -     -       -    (-,-) 
  g36910__9945/ZN  -       A2->ZN R     AND3_X4        7 15.4    15    49     652    (-,-) 
  n_621            -       -      -     (net)          -    -     -     -       -    (-,-) 
  g36888__1666/ZN  -       A1->ZN F     NAND2_X1       2  4.7    12    21     673    (-,-) 
  n_557            -       -      -     (net)          -    -     -     -       -    (-,-) 
  g36872__3680/ZN  -       A1->ZN R     NOR2_X2        1  3.5    16    25     698    (-,-) 
  n_573            -       -      -     (net)          -    -     -     -       -    (-,-) 
  g36842__6417/ZN  -       A1->ZN R     AND2_X4        5 12.0    11    35     733    (-,-) 
  n_615            -       -      -     (net)          -    -     -     -       -    (-,-) 
  g36812__2398/ZN  -       B1->ZN F     AOI21_X2       1  3.2    17    14     747    (-,-) 
  n_616            -       -      -     (net)          -    -     -     -       -    (-,-) 
  g36801/ZN        -       A->ZN  R     INV_X2         4  6.7    11    21     768    (-,-) 
  n_663            -       -      -     (net)          -    -     -     -       -    (-,-) 
  g36759__6783/ZN  -       A1->ZN F     NAND3_X1       2  3.4    17    23     792    (-,-) 
  n_677            -       -      -     (net)          -    -     -     -       -    (-,-) 
  g36743__1881/ZN  -       A1->ZN R     NAND2_X1       4  7.5    22    32     824    (-,-) 
  n_777            -       -      -     (net)          -    -     -     -       -    (-,-) 
  g36731__7098/ZN  -       A1->ZN R     AND2_X2        3  5.5    11    37     861    (-,-) 
  n_803            -       -      -     (net)          -    -     -     -       -    (-,-) 
  g36703__2883/ZN  -       A1->ZN F     NAND2_X1       1  1.8     7    13     874    (-,-) 
  n_764            -       -      -     (net)          -    -     -     -       -    (-,-) 
  g36692__2802/ZN  -       A2->ZN R     NAND2_X1       2  3.7    14    21     895    (-,-) 
  n_792            -       -      -     (net)          -    -     -     -       -    (-,-) 
  g36680__4319/ZN  -       A1->ZN F     NAND2_X1       1  3.2    10    18     913    (-,-) 
  n_793            -       -      -     (net)          -    -     -     -       -    (-,-) 
  g36676__1666/ZN  -       A1->ZN R     NAND2_X2       2  5.4    12    18     931    (-,-) 
  n_807            -       -      -     (net)          -    -     -     -       -    (-,-) 
  g36674/ZN        -       A->ZN  F     INV_X2         1  3.5     5     8     939    (-,-) 
  n_805            -       -      -     (net)          -    -     -     -       -    (-,-) 
  g36670__5115/ZN  -       A2->ZN R     NOR2_X2        2  3.8    16    27     966    (-,-) 
  n_819            -       -      -     (net)          -    -     -     -       -    (-,-) 
  g36669/ZN        -       A->ZN  F     INV_X1         1  1.8     6     9     976    (-,-) 
  n_820            -       -      -     (net)          -    -     -     -       -    (-,-) 
  g36655__8428/ZN  -       A2->ZN R     NAND3_X1       1  1.9    12    17     992    (-,-) 
  n_831            -       -      -     (net)          -    -     -     -       -    (-,-) 
  g36653__2398/ZN  -       A2->ZN F     NAND3_X1       1  0.3    11    16    1009    (-,-) 
  bf_out[13]       -       -      -     (net)          -    -     -     -       -    (-,-) 
  bf_out[13]       <<<     -      F     (port)         -    -     -     0    1009    (-,-) 
#------------------------------------------------------------------------------------------


