============================================================
  Generated by:           Genus(TM) Synthesis Solution 25.11-s095_1
  Generated on:           Mar 10 2026  09:45:45 pm
  Module:                 add_bf16_1C
  Operating conditions:   typical 
  Interconnect mode:      global
  Area mode:              physical library
============================================================


Path 1: MET (73 ps) Late External Delay Assertion at pin bf_out[14]
           View: view_1p2_25
          Group: clock1
     Startpoint: (R) bf2_in_reg[8]/clk
          Clock: (R) clock1
       Endpoint: (R) bf_out[14]
          Clock: (R) clock1

                     Capture       Launch     
        Clock Edge:+    1220            0     
       Src Latency:+       0            0     
       Net Latency:+       0 (I)        0 (I) 
           Arrival:=    1220            0     
                                              
      Output Delay:-       1                  
       Uncertainty:-       0                  
     Required Time:=    1218                  
      Launch Clock:-       0                  
         Data Path:-    1146                  
             Slack:=      73                  

Exceptions/Constraints:
  output_delay              1              add_bf16_1C.sdc_line_21_34_1   

Launch clock path:
#------------------------------------------------------------------------------------------------
#   Timing Point    Flags   Arc   Edge      Cell        Fanout Load Trans Delay Arrival Instance 
#                                                              (fF)  (ps)  (ps)   (ps)  Location 
#------------------------------------------------------------------------------------------------
  clk               (i,u)   -     R     (arrival)           33  0.0     0     0       0    (-,-) 
  clk               -       -     -     (net)                -    -     -     -       -    (-,-) 
  clk               -       -     -     (net)                -    -     -     -       -    (-,-) 
  bf2_in_reg[8]/clk <<<     -     R     unmapped_d_flop     33    -     1     0       0    (-,-) 
#------------------------------------------------------------------------------------------------

#-----------------------------------------------------------------------------------------------------
#   Timing Point    Flags    Arc    Edge       Cell         Fanout  Load Trans Delay Arrival Instance 
#                                                                   (fF)  (ps)  (ps)   (ps)  Location 
#-----------------------------------------------------------------------------------------------------
  bf2_in_reg[8]/clk -       -       R     (arrival)             33     -     1     0       0    (-,-) 
  bf2_in_reg[8]/q   (u)     clk->q  R     unmapped_d_flop        8  28.8     0   130     130    (-,-) 
  bf2_in[8]         -       -       -     (net)                  -     -     -     -       -    (-,-) 
  g29057/z          (u)     in_1->z R     unmapped_or2           1   3.6     0    17     146    (-,-) 
  n_26657           -       -       -     (net)                  -     -     -     -       -    (-,-) 
  g29058/z          (u)     in_1->z F     unmapped_nand2         5  16.0     0    28     174    (-,-) 
  n_6017            -       -       -     (net)                  -     -     -     -       -    (-,-) 
  g29031/z          (u)     in_1->z R     unmapped_nand2         2   7.2     0    19     193    (-,-) 
  n_6389            -       -       -     (net)                  -     -     -     -       -    (-,-) 
  g29128/z          (u)     in_0->z R     unmapped_complex2      1   3.6     0    17     210    (-,-) 
  n_19133           -       -       -     (net)                  -     -     -     -       -    (-,-) 
  g29134/z          (u)     in_1->z F     unmapped_nand2         1   3.2     0    17     226    (-,-) 
  n_19136           -       -       -     (net)                  -     -     -     -       -    (-,-) 
  g28799/z          (u)     in_1->z F     unmapped_complex2      2   6.4     0    19     245    (-,-) 
  n_6361            -       -       -     (net)                  -     -     -     -       -    (-,-) 
  g11270/z          (u)     in_0->z R     unmapped_complex2      4  14.4     0    24     270    (-,-) 
  n_6356            -       -       -     (net)                  -     -     -     -       -    (-,-) 
  g29144/z          (u)     in_0->z F     unmapped_complex2      2   6.4     0    19     289    (-,-) 
  n_21662           -       -       -     (net)                  -     -     -     -       -    (-,-) 
  g28784/z          (u)     in_1->z R     unmapped_complex2     30 108.0     0    53     342    (-,-) 
  n_6027            -       -       -     (net)                  -     -     -     -       -    (-,-) 
  g28772/z          (u)     in_0->z R     unmapped_or2           1   3.6     0    17     359    (-,-) 
  n_23095           -       -       -     (net)                  -     -     -     -       -    (-,-) 
  g28700/z          (u)     in_1->z R     unmapped_complex2      1   3.6     0    17     375    (-,-) 
  n_23101           -       -       -     (net)                  -     -     -     -       -    (-,-) 
  g28675/z          (u)     in_0->z F     unmapped_nand2         1   3.2     0    17     392    (-,-) 
  n_21796           -       -       -     (net)                  -     -     -     -       -    (-,-) 
  g28643/z          (u)     in_1->z R     unmapped_nand2         2   7.2     0    19     411    (-,-) 
  n_22976           -       -       -     (net)                  -     -     -     -       -    (-,-) 
  g28629/z          (u)     in_1->z R     unmapped_or2           9  32.4     0    36     447    (-,-) 
  n_6050            -       -       -     (net)                  -     -     -     -       -    (-,-) 
  g28623/z          (u)     in_1->z R     unmapped_or2           3  10.8     0    22     469    (-,-) 
  n_6058            -       -       -     (net)                  -     -     -     -       -    (-,-) 
  g29188/z          (u)     in_0->z R     unmapped_complex2      1   3.6     0    17     486    (-,-) 
  n_6732            -       -       -     (net)                  -     -     -     -       -    (-,-) 
  g28567/z          (u)     in_1->z F     unmapped_nand2         1   3.2     0    17     502    (-,-) 
  n_6734            -       -       -     (net)                  -     -     -     -       -    (-,-) 
  g28550/z          (u)     in_1->z F     unmapped_complex2      3   9.6     0    22     524    (-,-) 
  n_6062            -       -       -     (net)                  -     -     -     -       -    (-,-) 
  g9346/z           (u)     in_0->z F     unmapped_complex2      6  19.2     0    30     554    (-,-) 
  n_6063            -       -       -     (net)                  -     -     -     -       -    (-,-) 
  g28525/z          (u)     in_0->z R     unmapped_nand2        10  36.0     0    38     591    (-,-) 
  n_6064            -       -       -     (net)                  -     -     -     -       -    (-,-) 
  g8482/z           (u)     in_0->z F     unmapped_complex2      2   6.4     0    19     610    (-,-) 
  n_6422            -       -       -     (net)                  -     -     -     -       -    (-,-) 
  g29212/z          (u)     in_0->z R     unmapped_complex2      1   3.6     0    17     627    (-,-) 
  n_22040           -       -       -     (net)                  -     -     -     -       -    (-,-) 
  g28463/z          (u)     in_1->z F     unmapped_nand2         3   9.6     0    22     649    (-,-) 
  n_6152            -       -       -     (net)                  -     -     -     -       -    (-,-) 
  g8472/z           (u)     in_0->z F     unmapped_or2           1   3.2     0    17     665    (-,-) 
  n_6417            -       -       -     (net)                  -     -     -     -       -    (-,-) 
  g28441/z          (u)     in_0->z R     unmapped_nand2         3  10.8     0    22     687    (-,-) 
  n_6153            -       -       -     (net)                  -     -     -     -       -    (-,-) 
  g29227/z          (u)     in_0->z F     unmapped_complex2      2   6.4     0    19     706    (-,-) 
  n_6418            -       -       -     (net)                  -     -     -     -       -    (-,-) 
  g28406/z          (u)     in_0->z R     unmapped_nand2         2   7.2     0    19     725    (-,-) 
  n_6156            -       -       -     (net)                  -     -     -     -       -    (-,-) 
  g29230/z          (u)     in_0->z R     unmapped_complex2      1   3.6     0    17     742    (-,-) 
  n_6319            -       -       -     (net)                  -     -     -     -       -    (-,-) 
  g28360/z          (u)     in_1->z F     unmapped_complex2     33 105.6     0    54     796    (-,-) 
  n_6187            -       -       -     (net)                  -     -     -     -       -    (-,-) 
  g28315/z          (u)     in_0->z R     unmapped_nand2         9  32.4     0    36     832    (-,-) 
  n_6192            -       -       -     (net)                  -     -     -     -       -    (-,-) 
  g28299/z          (u)     in_0->z R     unmapped_complex2      1   3.6     0    17     849    (-,-) 
  n_6531            -       -       -     (net)                  -     -     -     -       -    (-,-) 
  g28272/z          (u)     in_1->z F     unmapped_nand2         1   3.2     0    17     866    (-,-) 
  n_6533            -       -       -     (net)                  -     -     -     -       -    (-,-) 
  g29270/z          (u)     in_0->z F     unmapped_complex2      7  22.4     0    33     898    (-,-) 
  n_6194            -       -       -     (net)                  -     -     -     -       -    (-,-) 
  g28222/z          (u)     in_1->z R     unmapped_nand2         1   3.6     0    17     915    (-,-) 
  n_11274           -       -       -     (net)                  -     -     -     -       -    (-,-) 
  g28210/z          (u)     in_1->z R     unmapped_or2           1   3.6     0    17     932    (-,-) 
  n_11276           -       -       -     (net)                  -     -     -     -       -    (-,-) 
  g28157/z          (u)     in_1->z R     unmapped_or2           3  10.8     0    22     953    (-,-) 
  n_6208            -       -       -     (net)                  -     -     -     -       -    (-,-) 
  g28137/z          (u)     in_1->z F     unmapped_nand2         2   6.4     0    19     972    (-,-) 
  n_9244            -       -       -     (net)                  -     -     -     -       -    (-,-) 
  g28093/z          (u)     in_0->z R     unmapped_nand2         2   7.2     0    19     991    (-,-) 
  n_6211            -       -       -     (net)                  -     -     -     -       -    (-,-) 
  g28079/z          (u)     in_0->z R     unmapped_or2           5  18.0     0    28    1019    (-,-) 
  n_6212            -       -       -     (net)                  -     -     -     -       -    (-,-) 
  g29319/z          (u)     in_1->z F     unmapped_complex2      1   3.2     0    17    1036    (-,-) 
  n_16081           -       -       -     (net)                  -     -     -     -       -    (-,-) 
  g29324/z          (u)     in_1->z R     unmapped_complex2      5  18.0     0    28    1063    (-,-) 
  n_6234            -       -       -     (net)                  -     -     -     -       -    (-,-) 
  g28021/z          (u)     in_1->z F     unmapped_complex2      1   3.2     0    17    1080    (-,-) 
  n_6554            -       -       -     (net)                  -     -     -     -       -    (-,-) 
  g28015/z          (u)     in_1->z R     unmapped_nand2         2   7.2     0    19    1099    (-,-) 
  n_6267            -       -       -     (net)                  -     -     -     -       -    (-,-) 
  g28009/z          (u)     in_0->z F     unmapped_complex2      1   3.2     0    17    1115    (-,-) 
  n_6561            -       -       -     (net)                  -     -     -     -       -    (-,-) 
  g29335/z          (u)     in_0->z R     unmapped_complex2      1   3.6     0    17    1132    (-,-) 
  n_6563            -       -       -     (net)                  -     -     -     -       -    (-,-) 
  g29338/z          (u)     in_1->z R     unmapped_complex2      1   0.3     0    14    1146    (-,-) 
  bf_out[14]        -       -       -     (net)                  -     -     -     -       -    (-,-) 
  bf_out[14]        <<<     -       R     (port)                 -     -     -     0    1146    (-,-) 
#-----------------------------------------------------------------------------------------------------

(u) : Net has unmapped pin(s).


