============================================================
  Generated by:           Genus(TM) Synthesis Solution 25.11-s095_1
  Generated on:           Mar 11 2026  01:58:02 am
  Operating conditions:   typical 
  Interconnect mode:      global
  Area mode:              physical library
============================================================

                                Leakage    Internal                          Library 
   Gate    Instances   Area   Power (nW)  Power (nW)          Library         Domain 
-------------------------------------------------------------------------------------
AND2_X1           33   35.112    854.029    36475.025 NangateOpenCellLibrary       0 
AND2_X2           15   19.950    750.398    23283.676 NangateOpenCellLibrary       0 
AND2_X4            2    4.788    190.468     3412.520 NangateOpenCellLibrary       0 
AND3_X1            5    6.650    118.996     1281.551 NangateOpenCellLibrary       0 
AND3_X2            2    3.192    116.153     1112.323 NangateOpenCellLibrary       0 
AND4_X1            6    9.576    155.721     5818.113 NangateOpenCellLibrary       0 
AND4_X2            1    1.862     54.118     2353.478 NangateOpenCellLibrary       0 
AOI211_X1          4    5.320    138.064     6918.813 NangateOpenCellLibrary       0 
AOI21_X1          54   57.456   1427.821    86010.529 NangateOpenCellLibrary       0 
AOI21_X2           7   13.034    411.442    11743.816 NangateOpenCellLibrary       0 
AOI21_X4           3   10.374    326.094    17628.224 NangateOpenCellLibrary       0 
AOI221_X1         38   60.648   1425.445    46993.463 NangateOpenCellLibrary       0 
AOI222_X1         13   27.664    517.772    26422.326 NangateOpenCellLibrary       0 
AOI22_X1         144  191.520   4462.351   155510.528 NangateOpenCellLibrary       0 
AOI22_X2           2    4.788    136.955     4265.019 NangateOpenCellLibrary       0 
DFFR_X1          132  702.240  11641.996  1497471.593 NangateOpenCellLibrary       0 
FA_X1             33  140.448   2488.146   202032.733 NangateOpenCellLibrary       0 
HA_X1             65  172.900   3910.166   284509.448 NangateOpenCellLibrary       0 
INV_X1           290  154.280   4161.921   173596.068 NangateOpenCellLibrary       0 
INV_X2            17   13.566    487.238    10258.944 NangateOpenCellLibrary       0 
INV_X4             5    6.650    283.235    11416.158 NangateOpenCellLibrary       0 
INV_X8             2    4.788    239.358     7623.135 NangateOpenCellLibrary       0 
MUX2_X1          265  493.430   9643.665   691894.116 NangateOpenCellLibrary       0 
MUX2_X2            3    7.182    213.900    16211.107 NangateOpenCellLibrary       0 
NAND2_X1         188  150.024   3442.401   134346.696 NangateOpenCellLibrary       0 
NAND2_X2           9   11.970    340.381     8002.326 NangateOpenCellLibrary       0 
NAND2_X4           5   11.970    340.312    12195.314 NangateOpenCellLibrary       0 
NAND3_X1          21   22.344    422.128    14504.002 NangateOpenCellLibrary       0 
NAND3_X2           2    3.724     92.336     3358.208 NangateOpenCellLibrary       0 
NAND4_X1          27   35.910    850.822    24779.924 NangateOpenCellLibrary       0 
NAND4_X4           1    4.788    292.817      349.266 NangateOpenCellLibrary       0 
NOR2_X1          117   93.366   2515.782    81500.064 NangateOpenCellLibrary       0 
NOR2_X2            5    6.650    206.655     4554.441 NangateOpenCellLibrary       0 
NOR2_X4            3    7.182    250.633    12498.959 NangateOpenCellLibrary       0 
NOR3_X1           11   11.704    323.615     5769.353 NangateOpenCellLibrary       0 
NOR4_X1           31   41.230   1016.637    11355.956 NangateOpenCellLibrary       0 
OAI211_X1          8   10.640    291.147    12523.163 NangateOpenCellLibrary       0 
OAI211_X2          1    2.394     35.962     3721.759 NangateOpenCellLibrary       0 
OAI21_X1          58   61.712   1894.779    71215.755 NangateOpenCellLibrary       0 
OAI21_X2           5    9.310    281.754    11468.375 NangateOpenCellLibrary       0 
OAI21_X4           3   10.374    382.293    16289.242 NangateOpenCellLibrary       0 
OAI221_X1         28   44.688   1652.313    51999.343 NangateOpenCellLibrary       0 
OAI222_X1         14   29.792    933.374    27144.442 NangateOpenCellLibrary       0 
OAI22_X1         104  138.320   4459.205   116275.579 NangateOpenCellLibrary       0 
OAI22_X4           1    4.522    131.300     2949.203 NangateOpenCellLibrary       0 
OR2_X1            34   36.176    791.463    47788.837 NangateOpenCellLibrary       0 
OR2_X2             1    1.330     44.737     2408.437 NangateOpenCellLibrary       0 
OR3_X1             4    5.320     98.630     5840.750 NangateOpenCellLibrary       0 
OR4_X1             4    6.384    106.934     1070.982 NangateOpenCellLibrary       0 
SDFFR_X1           4   26.600    431.662    55638.137 NangateOpenCellLibrary       0 
XNOR2_X1          90  143.640   3343.175   206776.014 NangateOpenCellLibrary       0 
XNOR2_X2           1    2.660     73.906     2643.851 NangateOpenCellLibrary       0 
XOR2_X1           53   84.588   1866.779   142991.221 NangateOpenCellLibrary       0 
XOR2_X2            1    2.394     72.932     5162.299 NangateOpenCellLibrary       0 
-------------------------------------------------------------------------------------
total           1975 3169.124  71142.316  4421364.600                                
                                           Leakage  Leakage   Internal  Internal 
     Type      Instances   Area   Area % Power (nW) Power %  Power (nW)  Power % 
---------------------------------------------------------------------------------
sequential           136  728.840   23.0  12073.658    17.0 1553109.730     35.1 
inverter             314  179.284    5.7   5171.752     7.3  202894.305      4.6 
logic               1525 2261.000   71.3  53896.906    75.8 2665360.565     60.3 
physical_cells         0    0.000    0.0      0.000     0.0       0.000      0.0 
---------------------------------------------------------------------------------
total               1975 3169.124  100.0  71142.316   100.0 4421364.600    100.0 
