============================================================
  Generated by:           Genus(TM) Synthesis Solution 25.11-s095_1
  Generated on:           May 24 2026  09:15:19 am
  Operating conditions:   typical 
  Interconnect mode:      global
  Area mode:              physical library
============================================================

                                 Leakage      Internal                          Library 
   Gate    Instances    Area    Power (nW)   Power (nW)          Library         Domain 
----------------------------------------------------------------------------------------
AND2_X1          962  1023.568   24679.745   1187146.767 NangateOpenCellLibrary       0 
AND2_X2           39    51.870    2090.157    137701.617 NangateOpenCellLibrary       0 
AND2_X4            8    19.152     872.430     58220.026 NangateOpenCellLibrary       0 
AND3_X1           58    77.140    1677.958     70600.082 NangateOpenCellLibrary       0 
AND3_X2           10    15.960     582.713     23274.831 NangateOpenCellLibrary       0 
AND3_X4            3     8.778     279.427         0.000 NangateOpenCellLibrary       0 
AND4_X1           36    57.456    1031.787     21442.138 NangateOpenCellLibrary       0 
AND4_X2            6    11.172     335.447     12796.608 NangateOpenCellLibrary       0 
AOI211_X1          8    10.640     282.565     13768.107 NangateOpenCellLibrary       0 
AOI211_X4          1     2.926     107.852      9730.595 NangateOpenCellLibrary       0 
AOI21_X1         605   643.720   16482.258    733793.882 NangateOpenCellLibrary       0 
AOI21_X2          77   143.374    4224.124    188799.777 NangateOpenCellLibrary       0 
AOI21_X4          11    38.038    1186.854     51395.318 NangateOpenCellLibrary       0 
AOI221_X1         53    84.588    2067.300    128053.873 NangateOpenCellLibrary       0 
AOI221_X2          2     5.852     182.002      5611.233 NangateOpenCellLibrary       0 
AOI221_X4          1     3.458     106.568     14914.403 NangateOpenCellLibrary       0 
AOI222_X1         21    44.688    1013.426     43579.017 NangateOpenCellLibrary       0 
AOI222_X2          1     3.724     119.167      3918.483 NangateOpenCellLibrary       0 
AOI22_X1         378   502.740   10263.523    423411.010 NangateOpenCellLibrary       0 
AOI22_X2          18    43.092    1057.710     55182.984 NangateOpenCellLibrary       0 
BUF_X1             2     1.596      42.932      4922.287 NangateOpenCellLibrary       0 
BUF_X2             2     2.128      81.145      4529.376 NangateOpenCellLibrary       0 
BUF_X4             1     1.862      87.184      6493.250 NangateOpenCellLibrary       0 
CLKBUF_X1          5     3.990      58.486      7195.242 NangateOpenCellLibrary       0 
DFFR_X1         2686 14289.520  236698.512  22936685.288 NangateOpenCellLibrary       0 
DFFR_X2            2    11.704     269.322     26416.067 NangateOpenCellLibrary       0 
DFF_X1           163   737.086   12852.564   1576685.887 NangateOpenCellLibrary       0 
DFF_X2             1     5.054     114.586     18804.565 NangateOpenCellLibrary       0 
FA_X1            194   825.664   13927.662   1215057.683 NangateOpenCellLibrary       0 
HA_X1            100   266.000    5848.668    334533.064 NangateOpenCellLibrary       0 
INV_X1          2627  1397.564   38127.365   1505707.673 NangateOpenCellLibrary       0 
INV_X16            5    22.610    1137.429     74805.385 NangateOpenCellLibrary       0 
INV_X2           120    95.760    3355.922    177913.078 NangateOpenCellLibrary       0 
INV_X4            30    39.900    1705.484     99524.113 NangateOpenCellLibrary       0 
INV_X8            13    31.122    1463.680     79643.152 NangateOpenCellLibrary       0 
MUX2_X1          494   919.828   17871.219   1318279.951 NangateOpenCellLibrary       0 
MUX2_X2            9    21.546     616.567     58623.862 NangateOpenCellLibrary       0 
NAND2_X1        2820  2250.360   51493.255   1975724.310 NangateOpenCellLibrary       0 
NAND2_X2         230   305.900    9948.035    453617.545 NangateOpenCellLibrary       0 
NAND2_X4          40    95.760    3586.476    154926.537 NangateOpenCellLibrary       0 
NAND3_X1         309   328.776    7205.822    239303.339 NangateOpenCellLibrary       0 
NAND3_X2          20    37.240    1625.557     60382.526 NangateOpenCellLibrary       0 
NAND4_X1          91   121.030    1737.116     33623.518 NangateOpenCellLibrary       0 
NAND4_X2           2     4.788     140.738      4319.001 NangateOpenCellLibrary       0 
NAND4_X4           1     4.788      18.047         0.000 NangateOpenCellLibrary       0 
NOR2_X1         2133  1702.134   45125.294   1775756.495 NangateOpenCellLibrary       0 
NOR2_X2          191   254.030    7892.825    369249.498 NangateOpenCellLibrary       0 
NOR2_X4           36    86.184    2971.247    134057.521 NangateOpenCellLibrary       0 
NOR3_X1          146   155.344    4040.766    115932.005 NangateOpenCellLibrary       0 
NOR3_X2            8    14.896     457.772     14773.329 NangateOpenCellLibrary       0 
NOR3_X4            1     3.724     117.756      3958.712 NangateOpenCellLibrary       0 
NOR4_X1           81   107.730    2787.032     26324.942 NangateOpenCellLibrary       0 
OAI211_X1        213   283.290    9910.141    296667.230 NangateOpenCellLibrary       0 
OAI211_X2          4     9.576     290.882     11341.120 NangateOpenCellLibrary       0 
OAI21_X1        1013  1077.832   30419.845   1264264.324 NangateOpenCellLibrary       0 
OAI21_X2         107   199.234    6548.309    271516.883 NangateOpenCellLibrary       0 
OAI21_X4          18    62.244    2049.312    126708.426 NangateOpenCellLibrary       0 
OAI221_X1        173   276.108    8726.446    277763.100 NangateOpenCellLibrary       0 
OAI221_X2          3     8.778     340.138     10801.702 NangateOpenCellLibrary       0 
OAI222_X1         72   153.216    3671.131    159375.847 NangateOpenCellLibrary       0 
OAI22_X1         644   856.520   27438.009    831297.598 NangateOpenCellLibrary       0 
OAI22_X2           6    14.364     468.619     24381.091 NangateOpenCellLibrary       0 
OAI33_X1           3     5.586     121.268      7225.116 NangateOpenCellLibrary       0 
OR2_X1           594   632.016   14087.423    795171.821 NangateOpenCellLibrary       0 
OR2_X2            34    45.220    1580.892    101844.070 NangateOpenCellLibrary       0 
OR2_X4             3     7.182     273.790     21880.147 NangateOpenCellLibrary       0 
OR3_X1            88   117.040    2231.620     91845.203 NangateOpenCellLibrary       0 
OR3_X2             1     1.596      49.109      4223.864 NangateOpenCellLibrary       0 
OR4_X1            84   134.064    2346.452     24913.578 NangateOpenCellLibrary       0 
OR4_X2             1     1.862      72.099      5837.143 NangateOpenCellLibrary       0 
SDFFRS_X1          2    15.428     253.284     24006.500 NangateOpenCellLibrary       0 
SDFFR_X1          45   299.250    4793.658    698050.991 NangateOpenCellLibrary       0 
SDFFR_X2           3    20.748     433.097     65073.836 NangateOpenCellLibrary       0 
SDFF_X1            1     6.118      98.450     12482.488 NangateOpenCellLibrary       0 
XNOR2_X1         735  1173.060   27374.245   1660042.993 NangateOpenCellLibrary       0 
XNOR2_X2         117   311.220    8553.076    653997.866 NangateOpenCellLibrary       0 
XOR2_X1          701  1118.796   24630.930   1814316.744 NangateOpenCellLibrary       0 
XOR2_X2           14    33.516    1011.900     81323.110 NangateOpenCellLibrary       0 
----------------------------------------------------------------------------------------
total          19540 33801.418  719823.603  47327462.745                                
                                            Leakage  Leakage   Internal   Internal 
     Type      Instances    Area   Area % Power (nW) Power %  Power (nW)   Power % 
-----------------------------------------------------------------------------------
sequential          2903 15384.908   45.5 255513.472    35.5 25358205.623     53.6 
inverter            2795  1586.956    4.7  45789.880     6.4  1937593.401      4.1 
buffer                10     9.576    0.0    269.747     0.0    23140.155      0.0 
logic              13832 16819.978   49.8 418250.503    58.1 20008523.566     42.3 
physical_cells         0     0.000    0.0      0.000     0.0        0.000      0.0 
-----------------------------------------------------------------------------------
total              19540 33801.418  100.0 719823.603   100.0 47327462.745    100.0 
