============================================================
  Generated by:           Genus(TM) Synthesis Solution 25.11-s095_1
  Generated on:           Mar 11 2026  01:48:14 pm
  Module:                 sysarr_n_input_fp_adder_noretime
  Library domain:         timing_condition_tt_1p2v_25c
    Domain index:         0
    Technology library:   NangateOpenCellLibrary revision 1.0
  Operating conditions:   typical 
  Interconnect mode:      global
  Area mode:              physical library
============================================================

# SETUP                   WNS       TNS    FEP 
# -----------------------------------------------
 View: ALL            -1278.8  -68911.7     89 
    Group : in2out        N/A       N/A    N/A 
    Group : in2reg    -1278.8  -66182.6     58 
    Group : reg2out     890.7       0.0      0 
    Group : reg2reg    -146.5   -2729.1     31 

# -----------------------------------------------
# DRV                        WNS  TNS  FEP 
# -------------------------------------------
 View: ALL                                 
    Check: max_transition    N/A  N/A    0 
    Check: max_capacitance   N/A  N/A    0 
    Check: max_fanout        N/A  N/A    0 

# -------------------------------------------
