============================================================
  Generated by:           Genus(TM) Synthesis Solution 25.11-s095_1
  Generated on:           Mar 11 2026  01:48:21 pm
  Module:                 sysarr_n_input_fp_adder_noretime
  Operating conditions:   typical 
  Interconnect mode:      global
  Area mode:              physical library
============================================================


Path 1: VIOLATED (-1279 ps) Setup Check with Pin st1_sum_vec_reg[8]/clk->d
           View: view_1p2_25
          Group: clock1
     Startpoint: (F) in_data[6][23]
          Clock: (R) clock1
       Endpoint: (R) st1_sum_vec_reg[8]/d
          Clock: (R) clock1

                     Capture       Launch     
        Clock Edge:+    1000            0     
        Drv Adjust:+       0            0     
       Src Latency:+       0            0     
       Net Latency:+       0 (I)        0 (I) 
           Arrival:=    1000            0     
                                              
             Setup:-      38                  
       Uncertainty:-       0                  
     Required Time:=     962                  
      Launch Clock:-       0                  
       Input Delay:-       1                  
         Data Path:-    2240                  
             Slack:=   -1279                  

Exceptions/Constraints:
  input_delay              1              sysarr_n_input_fp_ad_line_21_201_1   

#--------------------------------------------------------------------------------------------------------
#    Timing Point      Flags    Arc    Edge       Cell         Fanout  Load Trans Delay Arrival Instance 
#                                                                      (fF)  (ps)  (ps)   (ps)  Location 
#--------------------------------------------------------------------------------------------------------
  in_data[6][23]       (u)     -       F     (arrival)             11  35.2     0     0       1    (-,-) 
  in_data[6][23]       -       -       -     (net)                  -     -     -     -       -    (-,-) 
  g138443/z            (u)     in_1->z R     unmapped_complex2      1   3.6     0    17      18    (-,-) 
  n_73338              -       -       -     (net)                  -     -     -     -       -    (-,-) 
  g138969/z            (u)     in_1->z R     unmapped_complex2      1   3.6     0    17      34    (-,-) 
  n_73342              -       -       -     (net)                  -     -     -     -       -    (-,-) 
  g138982/z            (u)     in_1->z F     unmapped_complex2      1   3.2     0    17      51    (-,-) 
  n_67918              -       -       -     (net)                  -     -     -     -       -    (-,-) 
  g138995/z            (u)     in_1->z R     unmapped_complex2      1   3.6     0    17      67    (-,-) 
  n_73347              -       -       -     (net)                  -     -     -     -       -    (-,-) 
  g137930/z            (u)     in_0->z F     unmapped_nand2         1   3.2     0    17      84    (-,-) 
  n_71449              -       -       -     (net)                  -     -     -     -       -    (-,-) 
  g137874/z            (u)     in_0->z R     unmapped_nand2         1   3.6     0    17     101    (-,-) 
  n_73359              -       -       -     (net)                  -     -     -     -       -    (-,-) 
  g137837/z            (u)     in_0->z F     unmapped_nand2         1   3.2     0    17     117    (-,-) 
  n_62705              -       -       -     (net)                  -     -     -     -       -    (-,-) 
  g137786/z            (u)     in_1->z R     unmapped_nand2         1   3.6     0    17     134    (-,-) 
  n_73371              -       -       -     (net)                  -     -     -     -       -    (-,-) 
  g137733/z            (u)     in_0->z F     unmapped_nand2         1   3.2     0    17     150    (-,-) 
  n_71445              -       -       -     (net)                  -     -     -     -       -    (-,-) 
  g137684/z            (u)     in_0->z R     unmapped_nand2         1   3.6     0    17     167    (-,-) 
  n_73383              -       -       -     (net)                  -     -     -     -       -    (-,-) 
  g137662/z            (u)     in_0->z F     unmapped_nand2         1   3.2     0    17     184    (-,-) 
  n_62717              -       -       -     (net)                  -     -     -     -       -    (-,-) 
  g137640/z            (u)     in_1->z R     unmapped_nand2         1   3.6     0    17     200    (-,-) 
  n_73401              -       -       -     (net)                  -     -     -     -       -    (-,-) 
  g137615/z            (u)     in_0->z F     unmapped_nand2        15  48.0     0    43     243    (-,-) 
  n_62723              -       -       -     (net)                  -     -     -     -       -    (-,-) 
  g137567/z            (u)     in_0->z R     unmapped_nand2         1   3.6     0    17     260    (-,-) 
  n_73414              -       -       -     (net)                  -     -     -     -       -    (-,-) 
  g137383/z            (u)     in_1->z F     unmapped_nand2         1   3.2     0    17     276    (-,-) 
  n_18122              -       -       -     (net)                  -     -     -     -       -    (-,-) 
  g137200/z            (u)     in_0->z R     unmapped_complex2      1   3.6     0    17     293    (-,-) 
  n_72341              -       -       -     (net)                  -     -     -     -       -    (-,-) 
  g137184/z            (u)     in_1->z F     unmapped_nand2         1   3.2     0    17     310    (-,-) 
  n_72343              -       -       -     (net)                  -     -     -     -       -    (-,-) 
  g137081/z            (u)     in_1->z F     unmapped_or2           9  28.8     0    36     346    (-,-) 
  n_19038              -       -       -     (net)                  -     -     -     -       -    (-,-) 
  g136898/z            (u)     in_0->z F     unmapped_complex2      1   3.2     0    17     362    (-,-) 
  n_72364              -       -       -     (net)                  -     -     -     -       -    (-,-) 
  g136893/z            (u)     in_1->z R     unmapped_nand2         1   3.6     0    17     379    (-,-) 
  n_71233              -       -       -     (net)                  -     -     -     -       -    (-,-) 
  g136748/z            (u)     in_0->z F     unmapped_nand2         2   6.4     0    19     398    (-,-) 
  n_72373              -       -       -     (net)                  -     -     -     -       -    (-,-) 
  g136616/z            (u)     in_0->z R     unmapped_complex2      1   3.6     0    17     415    (-,-) 
  n_71234              -       -       -     (net)                  -     -     -     -       -    (-,-) 
  g139163/z            (u)     in_0->z F     unmapped_complex2      1   3.2     0    17     431    (-,-) 
  n_72379              -       -       -     (net)                  -     -     -     -       -    (-,-) 
  g136560/z            (u)     in_1->z R     unmapped_nand2         1   3.6     0    17     448    (-,-) 
  n_63701              -       -       -     (net)                  -     -     -     -       -    (-,-) 
  g139175/z            (u)     in_1->z R     unmapped_complex2      1   3.6     0    17     465    (-,-) 
  n_72382              -       -       -     (net)                  -     -     -     -       -    (-,-) 
  g136534/z            (u)     in_1->z F     unmapped_complex2      1   3.2     0    17     481    (-,-) 
  n_71236              -       -       -     (net)                  -     -     -     -       -    (-,-) 
  g139181/z            (u)     in_0->z R     unmapped_complex2      1   3.6     0    17     498    (-,-) 
  n_72391              -       -       -     (net)                  -     -     -     -       -    (-,-) 
  g136495/z            (u)     in_1->z F     unmapped_nand2         1   3.2     0    17     514    (-,-) 
  n_71237              -       -       -     (net)                  -     -     -     -       -    (-,-) 
  g136482/z            (u)     in_0->z R     unmapped_nand2         1   3.6     0    17     531    (-,-) 
  n_63724              -       -       -     (net)                  -     -     -     -       -    (-,-) 
  g136445/z            (u)     in_0->z F     unmapped_nand2         1   3.2     0    17     548    (-,-) 
  n_71253              -       -       -     (net)                  -     -     -     -       -    (-,-) 
  g136428/z            (u)     in_0->z R     unmapped_nand2         1   3.6     0    17     564    (-,-) 
  n_72399              -       -       -     (net)                  -     -     -     -       -    (-,-) 
  g136419/z            (u)     in_0->z F     unmapped_nand2         2   6.4     0    19     583    (-,-) 
  n_19697              -       -       -     (net)                  -     -     -     -       -    (-,-) 
  g114107/z            (u)     in_0->z F     unmapped_or2           1   3.2     0    17     600    (-,-) 
  n_71283              -       -       -     (net)                  -     -     -     -       -    (-,-) 
  g139214/z            (u)     in_0->z R     unmapped_complex2      1   3.6     0    17     616    (-,-) 
  n_72419              -       -       -     (net)                  -     -     -     -       -    (-,-) 
  g136349/z            (u)     in_1->z F     unmapped_nand2         1   3.2     0    17     633    (-,-) 
  n_72421              -       -       -     (net)                  -     -     -     -       -    (-,-) 
  g136346/z            (u)     in_1->z F     unmapped_or2           4  12.8     0    24     658    (-,-) 
  n_20092              -       -       -     (net)                  -     -     -     -       -    (-,-) 
  g136340/z            (u)     in_0->z R     unmapped_complex2     11  39.6     0    39     696    (-,-) 
  n_20096              -       -       -     (net)                  -     -     -     -       -    (-,-) 
  g139232/z            (u)     in_0->z R     unmapped_complex2      1   3.6     0    17     713    (-,-) 
  n_72441              -       -       -     (net)                  -     -     -     -       -    (-,-) 
  g139242/z            (u)     in_1->z F     unmapped_complex2      1   3.2     0    17     730    (-,-) 
  n_91096              -       -       -     (net)                  -     -     -     -       -    (-,-) 
  g136222/z            (u)     in_1->z F     unmapped_or2          53 169.6     0    60     790    (-,-) 
  max_exp[0]           -       -       -     (net)                  -     -     -     -       -    (-,-) 
  g114045/z            (u)     in_0->z F     unmapped_complex2      3   9.6     0    22     811    (-,-) 
  n_71252              -       -       -     (net)                  -     -     -     -       -    (-,-) 
  g135867/z            (u)     in_0->z R     unmapped_complex2      1   3.6     0    17     828    (-,-) 
  n_72486              -       -       -     (net)                  -     -     -     -       -    (-,-) 
  g135519/z            (u)     in_0->z F     unmapped_nand2         3   9.6     0    22     850    (-,-) 
  n_58814              -       -       -     (net)                  -     -     -     -       -    (-,-) 
  g135125/z            (u)     in_1->z R     unmapped_nand2         1   3.6     0    17     866    (-,-) 
  n_72492              -       -       -     (net)                  -     -     -     -       -    (-,-) 
  g134440/z            (u)     in_0->z F     unmapped_nand2         3   9.6     0    22     888    (-,-) 
  n_58845              -       -       -     (net)                  -     -     -     -       -    (-,-) 
  g133936/z            (u)     in_1->z R     unmapped_nand2         1   3.6     0    17     904    (-,-) 
  n_72498              -       -       -     (net)                  -     -     -     -       -    (-,-) 
  g133330/z            (u)     in_0->z F     unmapped_nand2         3   9.6     0    22     926    (-,-) 
  n_58830              -       -       -     (net)                  -     -     -     -       -    (-,-) 
  g133178/z            (u)     in_1->z R     unmapped_nand2         1   3.6     0    17     943    (-,-) 
  n_72504              -       -       -     (net)                  -     -     -     -       -    (-,-) 
  g132917/z            (u)     in_0->z F     unmapped_nand2         2   6.4     0    19     962    (-,-) 
  n_58849              -       -       -     (net)                  -     -     -     -       -    (-,-) 
  g139577/z            (u)     in_0->z R     unmapped_complex2      1   3.6     0    17     978    (-,-) 
  n_94257              -       -       -     (net)                  -     -     -     -       -    (-,-) 
  g132509/z            (u)     in_1->z F     unmapped_nand2         1   3.2     0    17     995    (-,-) 
  n_20209              -       -       -     (net)                  -     -     -     -       -    (-,-) 
  g132350/z            (u)     in_0->z F     unmapped_or2           9  28.8     0    36    1031    (-,-) 
  n_64653              -       -       -     (net)                  -     -     -     -       -    (-,-) 
  g132300/z            (u)     in_1->z F     unmapped_or2          16  51.2     0    44    1075    (-,-) 
  n_64655              -       -       -     (net)                  -     -     -     -       -    (-,-) 
  g139864/z            (u)     in_0->z F     unmapped_complex2      2   6.4     0    19    1094    (-,-) 
  n_20358              -       -       -     (net)                  -     -     -     -       -    (-,-) 
  g131983/z            (u)     in_0->z R     unmapped_nand2         1   3.6     0    17    1111    (-,-) 
  n_94161              -       -       -     (net)                  -     -     -     -       -    (-,-) 
  g131984/z            (u)     in_1->z F     unmapped_nand2         3   9.6     0    22    1132    (-,-) 
  n_20676              -       -       -     (net)                  -     -     -     -       -    (-,-) 
  g131815/z            (u)     in_0->z F     unmapped_complex2      1   3.2     0    17    1149    (-,-) 
  n_94089              -       -       -     (net)                  -     -     -     -       -    (-,-) 
  g131816/z            (u)     in_1->z R     unmapped_nand2         4  14.4     0    24    1174    (-,-) 
  csa_s[1][8]          -       -       -     (net)                  -     -     -     -       -    (-,-) 
  g131644/z            (u)     in_0->z R     unmapped_or2           1   3.6     0    17    1190    (-,-) 
  n_94025              -       -       -     (net)                  -     -     -     -       -    (-,-) 
  g131645/z            (u)     in_1->z F     unmapped_nand2         2   6.4     0    19    1209    (-,-) 
  n_5490               -       -       -     (net)                  -     -     -     -       -    (-,-) 
  g131375/z            (u)     in_0->z F     unmapped_complex2      1   3.2     0    17    1226    (-,-) 
  n_93943              -       -       -     (net)                  -     -     -     -       -    (-,-) 
  g131376/z            (u)     in_1->z R     unmapped_nand2         4  14.4     0    24    1250    (-,-) 
  csa_s[2][8]          -       -       -     (net)                  -     -     -     -       -    (-,-) 
  g129366/z            (u)     in_0->z R     unmapped_or2           1   3.6     0    17    1267    (-,-) 
  n_93445              -       -       -     (net)                  -     -     -     -       -    (-,-) 
  g129367/z            (u)     in_1->z F     unmapped_nand2         2   6.4     0    19    1286    (-,-) 
  n_5625               -       -       -     (net)                  -     -     -     -       -    (-,-) 
  g128917/z            (u)     in_0->z F     unmapped_complex2      1   3.2     0    17    1303    (-,-) 
  n_93275              -       -       -     (net)                  -     -     -     -       -    (-,-) 
  g128918/z            (u)     in_1->z R     unmapped_nand2         4  14.4     0    24    1327    (-,-) 
  csa_s[3][8]          -       -       -     (net)                  -     -     -     -       -    (-,-) 
  g128555/z            (u)     in_0->z R     unmapped_or2           1   3.6     0    17    1344    (-,-) 
  n_93115              -       -       -     (net)                  -     -     -     -       -    (-,-) 
  g128556/z            (u)     in_1->z F     unmapped_nand2         2   6.4     0    19    1363    (-,-) 
  n_5760               -       -       -     (net)                  -     -     -     -       -    (-,-) 
  g128542/z            (u)     in_0->z F     unmapped_complex2      1   3.2     0    17    1380    (-,-) 
  n_93109              -       -       -     (net)                  -     -     -     -       -    (-,-) 
  g128543/z            (u)     in_1->z R     unmapped_nand2         4  14.4     0    24    1404    (-,-) 
  csa_s[4][8]          -       -       -     (net)                  -     -     -     -       -    (-,-) 
  g128380/z            (u)     in_0->z R     unmapped_or2           1   3.6     0    17    1421    (-,-) 
  n_93031              -       -       -     (net)                  -     -     -     -       -    (-,-) 
  g128381/z            (u)     in_1->z F     unmapped_nand2         2   6.4     0    19    1440    (-,-) 
  n_5895               -       -       -     (net)                  -     -     -     -       -    (-,-) 
  g128231/z            (u)     in_0->z F     unmapped_complex2      1   3.2     0    17    1456    (-,-) 
  n_92963              -       -       -     (net)                  -     -     -     -       -    (-,-) 
  g128232/z            (u)     in_1->z R     unmapped_nand2         4  14.4     0    24    1481    (-,-) 
  csa_s[5][8]          -       -       -     (net)                  -     -     -     -       -    (-,-) 
  g128054/z            (u)     in_0->z R     unmapped_or2           1   3.6     0    17    1497    (-,-) 
  n_92887              -       -       -     (net)                  -     -     -     -       -    (-,-) 
  g128055/z            (u)     in_1->z F     unmapped_nand2         2   6.4     0    19    1516    (-,-) 
  n_6030               -       -       -     (net)                  -     -     -     -       -    (-,-) 
  g127961/z            (u)     in_0->z F     unmapped_complex2      1   3.2     0    17    1533    (-,-) 
  n_92843              -       -       -     (net)                  -     -     -     -       -    (-,-) 
  g127962/z            (u)     in_1->z R     unmapped_nand2         4  14.4     0    24    1558    (-,-) 
  csa_s[6][8]          -       -       -     (net)                  -     -     -     -       -    (-,-) 
  g127818/z            (u)     in_0->z R     unmapped_or2           1   3.6     0    17    1574    (-,-) 
  n_92781              -       -       -     (net)                  -     -     -     -       -    (-,-) 
  g127819/z            (u)     in_1->z F     unmapped_nand2         2   6.4     0    19    1593    (-,-) 
  n_6165               -       -       -     (net)                  -     -     -     -       -    (-,-) 
  g127718/z            (u)     in_0->z F     unmapped_complex2      1   3.2     0    17    1610    (-,-) 
  n_92733              -       -       -     (net)                  -     -     -     -       -    (-,-) 
  g127719/z            (u)     in_1->z R     unmapped_nand2         4  14.4     0    24    1634    (-,-) 
  csa_s[7][8]          -       -       -     (net)                  -     -     -     -       -    (-,-) 
  g127554/z            (u)     in_0->z R     unmapped_or2           1   3.6     0    17    1651    (-,-) 
  n_92663              -       -       -     (net)                  -     -     -     -       -    (-,-) 
  g127555/z            (u)     in_1->z F     unmapped_nand2         2   6.4     0    19    1670    (-,-) 
  n_6300               -       -       -     (net)                  -     -     -     -       -    (-,-) 
  g127471/z            (u)     in_0->z F     unmapped_complex2      1   3.2     0    17    1687    (-,-) 
  n_92623              -       -       -     (net)                  -     -     -     -       -    (-,-) 
  g127472/z            (u)     in_1->z R     unmapped_nand2         4  14.4     0    24    1711    (-,-) 
  csa_s[8][8]          -       -       -     (net)                  -     -     -     -       -    (-,-) 
  g127272/z            (u)     in_0->z R     unmapped_or2           1   3.6     0    17    1728    (-,-) 
  n_92534              -       -       -     (net)                  -     -     -     -       -    (-,-) 
  g127273/z            (u)     in_1->z F     unmapped_nand2         2   6.4     0    19    1747    (-,-) 
  n_6435               -       -       -     (net)                  -     -     -     -       -    (-,-) 
  g127198/z            (u)     in_0->z F     unmapped_complex2      1   3.2     0    17    1764    (-,-) 
  n_92502              -       -       -     (net)                  -     -     -     -       -    (-,-) 
  g127199/z            (u)     in_1->z R     unmapped_nand2         4  14.4     0    24    1788    (-,-) 
  csa_s[9][8]          -       -       -     (net)                  -     -     -     -       -    (-,-) 
  g127106/z            (u)     in_0->z R     unmapped_or2           1   3.6     0    17    1805    (-,-) 
  n_92462              -       -       -     (net)                  -     -     -     -       -    (-,-) 
  g127107/z            (u)     in_1->z F     unmapped_nand2         2   6.4     0    19    1824    (-,-) 
  n_6570               -       -       -     (net)                  -     -     -     -       -    (-,-) 
  g126986/z            (u)     in_0->z F     unmapped_complex2      1   3.2     0    17    1840    (-,-) 
  n_92406              -       -       -     (net)                  -     -     -     -       -    (-,-) 
  g126987/z            (u)     in_1->z R     unmapped_nand2         4  14.4     0    24    1865    (-,-) 
  csa_s[10][8]         -       -       -     (net)                  -     -     -     -       -    (-,-) 
  g126909/z            (u)     in_0->z R     unmapped_or2           1   3.6     0    17    1881    (-,-) 
  n_92374              -       -       -     (net)                  -     -     -     -       -    (-,-) 
  g126910/z            (u)     in_1->z F     unmapped_nand2         2   6.4     0    19    1900    (-,-) 
  n_6705               -       -       -     (net)                  -     -     -     -       -    (-,-) 
  g126857/z            (u)     in_0->z F     unmapped_complex2      1   3.2     0    17    1917    (-,-) 
  n_92354              -       -       -     (net)                  -     -     -     -       -    (-,-) 
  g126858/z            (u)     in_1->z R     unmapped_nand2         4  14.4     0    24    1942    (-,-) 
  csa_s[11][8]         -       -       -     (net)                  -     -     -     -       -    (-,-) 
  g126761/z            (u)     in_0->z R     unmapped_or2           1   3.6     0    17    1958    (-,-) 
  n_92308              -       -       -     (net)                  -     -     -     -       -    (-,-) 
  g126762/z            (u)     in_1->z F     unmapped_nand2         2   6.4     0    19    1977    (-,-) 
  n_6840               -       -       -     (net)                  -     -     -     -       -    (-,-) 
  g126686/z            (u)     in_0->z F     unmapped_complex2      1   3.2     0    17    1994    (-,-) 
  n_92278              -       -       -     (net)                  -     -     -     -       -    (-,-) 
  g126687/z            (u)     in_1->z R     unmapped_nand2         4  14.4     0    24    2018    (-,-) 
  csa_s[12][8]         -       -       -     (net)                  -     -     -     -       -    (-,-) 
  g126454/z            (u)     in_0->z R     unmapped_or2           1   3.6     0    17    2035    (-,-) 
  n_92174              -       -       -     (net)                  -     -     -     -       -    (-,-) 
  g126455/z            (u)     in_1->z F     unmapped_nand2         2   6.4     0    19    2054    (-,-) 
  n_6975               -       -       -     (net)                  -     -     -     -       -    (-,-) 
  g126338/z            (u)     in_0->z F     unmapped_complex2      1   3.2     0    17    2071    (-,-) 
  n_92120              -       -       -     (net)                  -     -     -     -       -    (-,-) 
  g126339/z            (u)     in_1->z R     unmapped_nand2         4  14.4     0    24    2095    (-,-) 
  csa_s[13][8]         -       -       -     (net)                  -     -     -     -       -    (-,-) 
  g126167/z            (u)     in_0->z R     unmapped_or2           1   3.6     0    17    2112    (-,-) 
  n_92044              -       -       -     (net)                  -     -     -     -       -    (-,-) 
  g126168/z            (u)     in_1->z F     unmapped_nand2         2   6.4     0    19    2131    (-,-) 
  n_7110               -       -       -     (net)                  -     -     -     -       -    (-,-) 
  g126089/z            (u)     in_0->z F     unmapped_complex2      1   3.2     0    17    2148    (-,-) 
  n_92006              -       -       -     (net)                  -     -     -     -       -    (-,-) 
  g126090/z            (u)     in_1->z R     unmapped_nand2         4  14.4     0    24    2172    (-,-) 
  csa_s[14][8]         -       -       -     (net)                  -     -     -     -       -    (-,-) 
  g126048/z            (u)     in_0->z R     unmapped_or2           1   3.6     0    17    2189    (-,-) 
  n_91986              -       -       -     (net)                  -     -     -     -       -    (-,-) 
  g126049/z            (u)     in_1->z F     unmapped_nand2         2   6.4     0    19    2208    (-,-) 
  n_7245               -       -       -     (net)                  -     -     -     -       -    (-,-) 
  g125993/z            (u)     in_0->z F     unmapped_complex2      1   3.2     0    17    2224    (-,-) 
  n_91966              -       -       -     (net)                  -     -     -     -       -    (-,-) 
  g125994/z            (u)     in_1->z R     unmapped_nand2         1   3.6     0    17    2241    (-,-) 
  csa_s[15][8]         -       -       -     (net)                  -     -     -     -       -    (-,-) 
  st1_sum_vec_reg[8]/d <<<     -       R     unmapped_d_flop        1     -     -     0    2241    (-,-) 
#--------------------------------------------------------------------------------------------------------

(u) : Net has unmapped pin(s).

Capture clock path:
#-----------------------------------------------------------------------------------------------------
#     Timing Point       Flags   Arc   Edge      Cell        Fanout Load Trans Delay Arrival Instance 
#                                                                   (fF)  (ps)  (ps)   (ps)  Location 
#-----------------------------------------------------------------------------------------------------
  clk                    (i,u)   -     R     (arrival)          140  0.0     0     0    1000    (-,-) 
  clk                    -       -     -     (net)                -    -     -     -       -    (-,-) 
  clk                    -       -     -     (net)                -    -     -     -       -    (-,-) 
  st1_sum_vec_reg[8]/clk <<<     -     R     unmapped_d_flop    140    -     1     0    1000    (-,-) 
#-----------------------------------------------------------------------------------------------------


