============================================================
  Generated by:           Genus(TM) Synthesis Solution 25.11-s095_1
  Generated on:           Mar 10 2026  09:07:10 pm
  Module:                 add_bf16_1C
  Operating conditions:   typical 
  Interconnect mode:      global
  Area mode:              physical library
============================================================


Path 1: MET (32 ps) Late External Delay Assertion at pin bf_out[8]
           View: view_1p2_25
          Group: clock1
     Startpoint: (R) bf1_in_reg[9]/CK
          Clock: (R) clock1
       Endpoint: (F) bf_out[8]
          Clock: (R) clock1

                     Capture       Launch     
        Clock Edge:+    1613            0     
       Src Latency:+       0            0     
       Net Latency:+       0 (I)        0 (I) 
           Arrival:=    1613            0     
                                              
      Output Delay:-       1                  
       Uncertainty:-       0                  
     Required Time:=    1612                  
      Launch Clock:-       0                  
         Data Path:-    1580                  
             Slack:=      32                  

Exceptions/Constraints:
  output_delay              1              add_bf16_1C.sdc_line_21_40_1   

Launch clock path:
#-----------------------------------------------------------------------------------------
#  Timing Point    Flags   Arc   Edge   Cell     Fanout Load Trans Delay Arrival Instance 
#                                                       (fF)  (ps)  (ps)   (ps)  Location 
#-----------------------------------------------------------------------------------------
  clk              (i)     -     R     (arrival)     33  0.0     0     0       0    (-,-) 
  clk              -       -     -     (net)          -    -     -     -       -    (-,-) 
  clk              -       -     -     (net)          -    -     -     -       -    (-,-) 
  bf1_in_reg[9]/CK <<<     -     R     DFFR_X1       33    -     1     0       0    (-,-) 
#-----------------------------------------------------------------------------------------

#------------------------------------------------------------------------------------------
#  Timing Point    Flags    Arc   Edge   Cell     Fanout Load Trans Delay Arrival Instance 
#                                                        (fF)  (ps)  (ps)   (ps)  Location 
#------------------------------------------------------------------------------------------
  bf1_in_reg[9]/CK -       -      R     (arrival)     33    -     1     0       0    (-,-) 
  bf1_in_reg[9]/QN -       CK->QN F     DFFR_X1        3  5.1    16    73      73    (-,-) 
  bf1_in[9]        -       -      -     (net)          -    -     -     -       -    (-,-) 
  g21928/ZN        -       A->ZN  R     INV_X1         4  6.6    18    28     101    (-,-) 
  n_90             -       -      -     (net)          -    -     -     -       -    (-,-) 
  g21878__6260/ZN  -       A1->ZN F     NAND2_X1       1  1.8     9    16     117    (-,-) 
  n_10             -       -      -     (net)          -    -     -     -       -    (-,-) 
  g21869/ZN        -       A->ZN  R     INV_X1         2  5.3    15    21     138    (-,-) 
  n_45             -       -      -     (net)          -    -     -     -       -    (-,-) 
  g21762__1705/ZN  -       A->ZN  F     AOI21_X2       1  3.0     8    14     152    (-,-) 
  n_100            -       -      -     (net)          -    -     -     -       -    (-,-) 
  g21750__4733/ZN  -       B1->ZN R     OAI21_X2       1  3.4    18    26     178    (-,-) 
  n_113            -       -      -     (net)          -    -     -     -       -    (-,-) 
  g21745__7098/ZN  -       B1->ZN F     AOI21_X2       1  3.0     9    16     195    (-,-) 
  n_123            -       -      -     (net)          -    -     -     -       -    (-,-) 
  g21743__2802/ZN  -       B1->ZN R     OAI21_X2       1  6.7    26    35     230    (-,-) 
  n_128            -       -      -     (net)          -    -     -     -       -    (-,-) 
  g21742__6783/ZN  -       B1->ZN F     AOI21_X4       6 12.9    17    22     252    (-,-) 
  n_134            -       -      -     (net)          -    -     -     -       -    (-,-) 
  g21741/ZN        -       A->ZN  R     INV_X2         4  7.6    12    22     275    (-,-) 
  n_137            -       -      -     (net)          -    -     -     -       -    (-,-) 
  g21740/ZN        -       A->ZN  F     INV_X1         1  1.8     5     8     283    (-,-) 
  n_136            -       -      -     (net)          -    -     -     -       -    (-,-) 
  g21712__6417/ZN  -       A1->ZN R     OAI22_X1       2  3.7    40    36     319    (-,-) 
  n_156            -       -      -     (net)          -    -     -     -       -    (-,-) 
  g21697__4733/ZN  -       A->ZN  F     AOI21_X1       1  1.8    14    19     338    (-,-) 
  n_158            -       -      -     (net)          -    -     -     -       -    (-,-) 
  g21680__3680/ZN  -       B1->ZN R     OAI21_X1       2  3.8    28    40     378    (-,-) 
  n_186            -       -      -     (net)          -    -     -     -       -    (-,-) 
  g21674__2346/ZN  -       A2->ZN F     NAND2_X1       1  3.0    12    21     399    (-,-) 
  n_188            -       -      -     (net)          -    -     -     -       -    (-,-) 
  g21656__2802/ZN  -       A1->ZN R     NOR2_X2        5 11.0    33    44     443    (-,-) 
  n_241            -       -      -     (net)          -    -     -     -       -    (-,-) 
  g21644__6161/ZN  -       B1->ZN F     AOI22_X1       1  1.9    17    27     470    (-,-) 
  n_235            -       -      -     (net)          -    -     -     -       -    (-,-) 
  g21606__8428/ZN  -       A2->ZN R     NOR2_X1        3  5.7    34    52     522    (-,-) 
  n_277            -       -      -     (net)          -    -     -     -       -    (-,-) 
  g21595__4733/ZN  -       A1->ZN F     NOR2_X1        2  3.0    15    14     536    (-,-) 
  n_321            -       -      -     (net)          -    -     -     -       -    (-,-) 
  g21568__2883/ZN  -       B2->ZN R     OAI21_X1       2  3.8    28    45     581    (-,-) 
  n_331            -       -      -     (net)          -    -     -     -       -    (-,-) 
  g21548__6131/ZN  -       A1->ZN F     NAND2_X1       1  1.9    11    17     598    (-,-) 
  n_337            -       -      -     (net)          -    -     -     -       -    (-,-) 
  g21546__3680/ZN  -       A2->ZN R     NOR2_X1        1  1.9    17    30     628    (-,-) 
  n_350            -       -      -     (net)          -    -     -     -       -    (-,-) 
  g21541__8428/ZN  -       A1->ZN F     NAND2_X1       1  1.8     8    15     644    (-,-) 
  n_354            -       -      -     (net)          -    -     -     -       -    (-,-) 
  g21540__4319/ZN  -       A->ZN  R     OAI211_X1      1  2.0    22    22     666    (-,-) 
  n_355            -       -      -     (net)          -    -     -     -       -    (-,-) 
  g21539__6260/ZN  -       A1->ZN R     AND2_X2        2  3.7     9    34     700    (-,-) 
  n_356            -       -      -     (net)          -    -     -     -       -    (-,-) 
  g21538__5107/ZN  -       A1->ZN F     NAND2_X1       4  6.7    15    23     723    (-,-) 
  n_358            -       -      -     (net)          -    -     -     -       -    (-,-) 
  g21537/ZN        -       A->ZN  R     INV_X1         4  7.5    20    30     753    (-,-) 
  n_361            -       -      -     (net)          -    -     -     -       -    (-,-) 
  g21534__6417/ZN  -       A1->ZN F     OAI22_X1       2  3.5    23    24     777    (-,-) 
  n_364            -       -      -     (net)          -    -     -     -       -    (-,-) 
  g21520__1881/ZN  -       A->ZN  F     XNOR2_X1       2  4.1    17    50     827    (-,-) 
  n_377            -       -      -     (net)          -    -     -     -       -    (-,-) 
  g21511__2802/ZN  -       B1->ZN R     AOI21_X1       2  4.4    34    43     870    (-,-) 
  n_378            -       -      -     (net)          -    -     -     -       -    (-,-) 
  g21510__3680/ZN  -       A1->ZN F     NOR2_X1        1  1.7    10    11     881    (-,-) 
  n_379            -       -      -     (net)          -    -     -     -       -    (-,-) 
  g21507__5526/ZN  -       A1->ZN R     NOR2_X1        2  4.4    28    37     918    (-,-) 
  n_380            -       -      -     (net)          -    -     -     -       -    (-,-) 
  g21506/ZN        -       A->ZN  F     INV_X1         1  1.8     8    10     928    (-,-) 
  n_381            -       -      -     (net)          -    -     -     -       -    (-,-) 
  g21504__4319/ZN  -       A1->ZN R     NAND2_X1       1  1.9    10    14     942    (-,-) 
  n_383            -       -      -     (net)          -    -     -     -       -    (-,-) 
  g21501__5107/ZN  -       A1->ZN F     NAND2_X1       2  7.4    16    25     968    (-,-) 
  n_387            -       -      -     (net)          -    -     -     -       -    (-,-) 
  g21496__6417/ZN  -       B1->ZN R     AOI21_X2       2  6.2    28    36    1004    (-,-) 
  n_388            -       -      -     (net)          -    -     -     -       -    (-,-) 
  g21494/ZN        -       A->ZN  F     INV_X1         1  1.8     8    10    1014    (-,-) 
  n_389            -       -      -     (net)          -    -     -     -       -    (-,-) 
  g21489__2883/ZN  -       A1->ZN R     NAND2_X1       1  1.9    10    14    1028    (-,-) 
  n_391            -       -      -     (net)          -    -     -     -       -    (-,-) 
  g21485__6161/ZN  -       A1->ZN F     NAND2_X1       2  3.5    10    17    1045    (-,-) 
  n_400            -       -      -     (net)          -    -     -     -       -    (-,-) 
  g21480__7098/ZN  -       A1->ZN R     NAND2_X1       1  1.9    10    16    1060    (-,-) 
  n_404            -       -      -     (net)          -    -     -     -       -    (-,-) 
  g21475__5122/ZN  -       A1->ZN F     NAND2_X1       2  4.9    12    20    1080    (-,-) 
  n_408            -       -      -     (net)          -    -     -     -       -    (-,-) 
  g21473/ZN        -       A->ZN  R     INV_X1         1  3.4    11    19    1099    (-,-) 
  n_409            -       -      -     (net)          -    -     -     -       -    (-,-) 
  g21468__6783/ZN  -       A1->ZN F     NAND2_X2       3  6.5    10    17    1116    (-,-) 
  n_421            -       -      -     (net)          -    -     -     -       -    (-,-) 
  g21452__1666/ZN  -       A1->ZN R     NAND3_X2       2  5.2    16    19    1134    (-,-) 
  n_432            -       -      -     (net)          -    -     -     -       -    (-,-) 
  g21438__4733/ZN  -       A1->ZN F     NAND3_X1       1  6.0    23    33    1167    (-,-) 
  n_433            -       -      -     (net)          -    -     -     -       -    (-,-) 
  g21430__7098/ZN  -       A1->ZN R     NAND2_X4      16 36.9    29    40    1207    (-,-) 
  n_562            -       -      -     (net)          -    -     -     -       -    (-,-) 
  g21419__6260/ZN  -       A1->ZN F     NAND2_X2       7 11.5    17    28    1235    (-,-) 
  n_494            -       -      -     (net)          -    -     -     -       -    (-,-) 
  g21389__5526/ZN  -       B1->ZN R     OAI222_X1      1  2.0    47    46    1282    (-,-) 
  n_489            -       -      -     (net)          -    -     -     -       -    (-,-) 
  g21385/ZN        -       A->ZN  F     INV_X1         2  4.6    15    18    1300    (-,-) 
  n_511            -       -      -     (net)          -    -     -     -       -    (-,-) 
  g21378__4733/ZN  -       A1->ZN R     NOR2_X2        3  7.1    25    35    1335    (-,-) 
  n_521            -       -      -     (net)          -    -     -     -       -    (-,-) 
  g21372__8246/ZN  -       A1->ZN F     NAND2_X2       3  9.2    16    24    1359    (-,-) 
  n_528            -       -      -     (net)          -    -     -     -       -    (-,-) 
  g21367__3680/ZN  -       A1->ZN R     NOR2_X4        4  7.4    16    27    1386    (-,-) 
  n_549            -       -      -     (net)          -    -     -     -       -    (-,-) 
  g21356__2398/ZN  -       A1->ZN F     NAND2_X1       3  9.2    20    31    1418    (-,-) 
  n_550            -       -      -     (net)          -    -     -     -       -    (-,-) 
  g21350__2883/ZN  -       A1->ZN R     NOR2_X4        3  7.2    16    29    1446    (-,-) 
  n_555            -       -      -     (net)          -    -     -     -       -    (-,-) 
  g21342__5115/ZN  -       A1->ZN F     NAND2_X2       2  7.6    11    20    1466    (-,-) 
  n_563            -       -      -     (net)          -    -     -     -       -    (-,-) 
  g21337__1617/ZN  -       A1->ZN R     NOR2_X4        3  4.9    14    22    1488    (-,-) 
  n_582            -       -      -     (net)          -    -     -     -       -    (-,-) 
  g21332__6417/ZN  -       A1->ZN F     NAND2_X1       3  5.1    15    22    1510    (-,-) 
  n_593            -       -      -     (net)          -    -     -     -       -    (-,-) 
  g21311__9315/ZN  -       A1->ZN R     NOR2_X1        2  3.9    26    37    1547    (-,-) 
  n_602            -       -      -     (net)          -    -     -     -       -    (-,-) 
  g21309/ZN        -       A->ZN  F     INV_X1         1  1.8     8    10    1556    (-,-) 
  n_603            -       -      -     (net)          -    -     -     -       -    (-,-) 
  g21302__1617/ZN  -       A1->ZN R     NAND2_X1       1  1.9    10    14    1571    (-,-) 
  n_609            -       -      -     (net)          -    -     -     -       -    (-,-) 
  g21298__4319/ZN  -       A1->ZN F     NAND2_X1       1  0.3    17     9    1580    (-,-) 
  bf_out[8]        -       -      -     (net)          -    -     -     -       -    (-,-) 
  bf_out[8]        <<<     -      F     (port)         -    -     -     0    1580    (-,-) 
#------------------------------------------------------------------------------------------


