============================================================
  Generated by:           Genus(TM) Synthesis Solution 25.11-s095_1
  Generated on:           Jun 13 2026  09:27:40 am
  Module:                 sysarr_32_input_fp_adder
  Operating conditions:   typical 
  Interconnect mode:      global
  Area mode:              physical library
============================================================


Path 1: MET (78 ps) Setup Check with Pin aligner_inst_aligned_mant_out_reg[30][25]/clk->d
           View: view_1p2_25
          Group: clock1
     Startpoint: (R) aligner_inst_max_l3_n1_r_reg[4]/clk
          Clock: (R) clock1
       Endpoint: (R) aligner_inst_aligned_mant_out_reg[30][25]/d
          Clock: (R) clock1

                     Capture       Launch     
        Clock Edge:+    1351            0     
       Src Latency:+       0            0     
       Net Latency:+       0 (I)        0 (I) 
           Arrival:=    1351            0     
                                              
             Setup:-      38                  
       Uncertainty:-       0                  
     Required Time:=    1314                  
      Launch Clock:-       0                  
         Data Path:-    1235                  
             Slack:=      78                  

Launch clock path:
#------------------------------------------------------------------------------------------------------------------
#            Timing Point             Flags   Arc   Edge      Cell        Fanout Load Trans Delay Arrival Instance 
#                                                                                (fF)  (ps)  (ps)   (ps)  Location 
#------------------------------------------------------------------------------------------------------------------
  clk                                 (i,u)   -     R     (arrival)         1679  0.0     0     0       0    (-,-) 
  clk                                 -       -     -     (net)                -    -     -     -       -    (-,-) 
  clk                                 -       -     -     (net)                -    -     -     -       -    (-,-) 
  aligner_inst_max_l3_n1_r_reg[4]/clk <<<     -     R     unmapped_d_flop   1679    -     1     0       0    (-,-) 
#------------------------------------------------------------------------------------------------------------------

#-------------------------------------------------------------------------------------------------------------------------------
#                Timing Point                 Flags    Arc    Edge       Cell         Fanout  Load Trans Delay Arrival Instance 
#                                                                                             (fF)  (ps)  (ps)   (ps)  Location 
#-------------------------------------------------------------------------------------------------------------------------------
  aligner_inst_max_l3_n1_r_reg[4]/clk         -       -       R     (arrival)           1679     -     1     0       0    (-,-) 
  aligner_inst_max_l3_n1_r_reg[4]/q           (u)     clk->q  R     unmapped_d_flop        3  10.8     0   116     116    (-,-) 
  aligner_inst_max_l3_n1_r[4]                 -       -       -     (net)                  -     -     -     -       -    (-,-) 
  g190795/z                                   (u)     in_1->z F     unmapped_complex2      2   6.4     0    19     135    (-,-) 
  n_105980                                    -       -       -     (net)                  -     -     -     -       -    (-,-) 
  g230220/z                                   (u)     in_0->z R     unmapped_complex2      2   7.2     0    19     154    (-,-) 
  n_137415                                    -       -       -     (net)                  -     -     -     -       -    (-,-) 
  g228959/z                                   (u)     in_1->z F     unmapped_complex2      1   3.2     0    17     171    (-,-) 
  n_137559                                    -       -       -     (net)                  -     -     -     -       -    (-,-) 
  g228636/z                                   (u)     in_1->z F     unmapped_complex2      1   3.2     0    17     188    (-,-) 
  n_137561                                    -       -       -     (net)                  -     -     -     -       -    (-,-) 
  g228322/z                                   (u)     in_1->z F     unmapped_or2           1   3.2     0    17     204    (-,-) 
  n_137564                                    -       -       -     (net)                  -     -     -     -       -    (-,-) 
  g228230/z                                   (u)     in_0->z R     unmapped_nand2         1   3.6     0    17     221    (-,-) 
  n_137567                                    -       -       -     (net)                  -     -     -     -       -    (-,-) 
  g228208/z                                   (u)     in_1->z R     unmapped_or2          14  50.4     0    42     263    (-,-) 
  n_99877                                     -       -       -     (net)                  -     -     -     -       -    (-,-) 
  g228179/z                                   (u)     in_1->z F     unmapped_nand2         1   3.2     0    17     279    (-,-) 
  n_107622                                    -       -       -     (net)                  -     -     -     -       -    (-,-) 
  g228131/z                                   (u)     in_1->z R     unmapped_nand2       103 370.8     0    71     350    (-,-) 
  n_99880                                     -       -       -     (net)                  -     -     -     -       -    (-,-) 
  g227850/z                                   (u)     in_1->z R     unmapped_or2           1   3.6     0    17     367    (-,-) 
  n_138473                                    -       -       -     (net)                  -     -     -     -       -    (-,-) 
  g227851/z                                   (u)     in_1->z F     unmapped_nand2         4  12.8     0    24     392    (-,-) 
  n_99972                                     -       -       -     (net)                  -     -     -     -       -    (-,-) 
  g210969/z                                   (u)     in_1->z R     unmapped_complex2      1   3.6     0    17     408    (-,-) 
  n_106309                                    -       -       -     (net)                  -     -     -     -       -    (-,-) 
  g226762/z                                   (u)     in_0->z F     unmapped_nand2         3   9.6     0    22     430    (-,-) 
  n_99974                                     -       -       -     (net)                  -     -     -     -       -    (-,-) 
  g225385/z                                   (u)     in_1->z R     unmapped_nand2         1   3.6     0    17     446    (-,-) 
  n_106307                                    -       -       -     (net)                  -     -     -     -       -    (-,-) 
  g225113/z                                   (u)     in_0->z F     unmapped_nand2         3   9.6     0    22     468    (-,-) 
  n_99975                                     -       -       -     (net)                  -     -     -     -       -    (-,-) 
  g223876/z                                   (u)     in_1->z R     unmapped_nand2         1   3.6     0    17     484    (-,-) 
  n_106303                                    -       -       -     (net)                  -     -     -     -       -    (-,-) 
  g223468/z                                   (u)     in_0->z F     unmapped_nand2         3   9.6     0    22     506    (-,-) 
  n_99976                                     -       -       -     (net)                  -     -     -     -       -    (-,-) 
  g222822/z                                   (u)     in_1->z R     unmapped_nand2         1   3.6     0    17     523    (-,-) 
  n_106305                                    -       -       -     (net)                  -     -     -     -       -    (-,-) 
  g222589/z                                   (u)     in_0->z F     unmapped_nand2         4  12.8     0    24     547    (-,-) 
  n_99983                                     -       -       -     (net)                  -     -     -     -       -    (-,-) 
  g222507/z                                   (u)     in_1->z F     unmapped_or2           1   3.2     0    17     564    (-,-) 
  n_138178                                    -       -       -     (net)                  -     -     -     -       -    (-,-) 
  g222508/z                                   (u)     in_1->z R     unmapped_nand2         1   3.6     0    17     580    (-,-) 
  n_105845                                    -       -       -     (net)                  -     -     -     -       -    (-,-) 
  g222370/z                                   (u)     in_1->z F     unmapped_complex2      1   3.2     0    17     597    (-,-) 
  n_109409                                    -       -       -     (net)                  -     -     -     -       -    (-,-) 
  g222263/z                                   (u)     in_0->z R     unmapped_nand2         1   3.6     0    17     614    (-,-) 
  n_106299                                    -       -       -     (net)                  -     -     -     -       -    (-,-) 
  g222186/z                                   (u)     in_0->z F     unmapped_nand2         1   3.2     0    17     630    (-,-) 
  n_109425                                    -       -       -     (net)                  -     -     -     -       -    (-,-) 
  g222023/z                                   (u)     in_1->z R     unmapped_nand2         1   3.6     0    17     647    (-,-) 
  n_99984                                     -       -       -     (net)                  -     -     -     -       -    (-,-) 
  g231707/z                                   (u)     in_0->z F     unmapped_complex2      3   9.6     0    22     668    (-,-) 
  n_99985                                     -       -       -     (net)                  -     -     -     -       -    (-,-) 
  g220412/z                                   (u)     in_1->z F     unmapped_complex2      9  28.8     0    36     705    (-,-) 
  n_101911                                    -       -       -     (net)                  -     -     -     -       -    (-,-) 
  g220357/z                                   (u)     in_1->z F     unmapped_or2          10  32.0     0    38     742    (-,-) 
  n_101942                                    -       -       -     (net)                  -     -     -     -       -    (-,-) 
  g219863/z                                   (u)     in_1->z F     unmapped_or2           1   3.2     0    17     759    (-,-) 
  n_113103                                    -       -       -     (net)                  -     -     -     -       -    (-,-) 
  g219293/z                                   (u)     in_1->z R     unmapped_nand2         3  10.8     0    22     781    (-,-) 
  n_101959                                    -       -       -     (net)                  -     -     -     -       -    (-,-) 
  g219073/z                                   (u)     in_0->z R     unmapped_or2           3  10.8     0    22     802    (-,-) 
  n_101960                                    -       -       -     (net)                  -     -     -     -       -    (-,-) 
  g218980/z                                   (u)     in_1->z R     unmapped_or2           2   7.2     0    19     821    (-,-) 
  n_108190                                    -       -       -     (net)                  -     -     -     -       -    (-,-) 
  g218756/z                                   (u)     in_0->z R     unmapped_or2           3  10.8     0    22     843    (-,-) 
  n_101963                                    -       -       -     (net)                  -     -     -     -       -    (-,-) 
  g218590/z                                   (u)     in_0->z R     unmapped_or2           2   7.2     0    19     862    (-,-) 
  n_108118                                    -       -       -     (net)                  -     -     -     -       -    (-,-) 
  g218499/z                                   (u)     in_1->z R     unmapped_or2           3  10.8     0    22     884    (-,-) 
  n_101964                                    -       -       -     (net)                  -     -     -     -       -    (-,-) 
  g218390/z                                   (u)     in_1->z R     unmapped_or2           2   7.2     0    19     903    (-,-) 
  n_108154                                    -       -       -     (net)                  -     -     -     -       -    (-,-) 
  g218296/z                                   (u)     in_0->z R     unmapped_or2           3  10.8     0    22     924    (-,-) 
  n_101965                                    -       -       -     (net)                  -     -     -     -       -    (-,-) 
  g232319/z                                   (u)     in_0->z R     unmapped_complex2      2   7.2     0    19     943    (-,-) 
  n_108136                                    -       -       -     (net)                  -     -     -     -       -    (-,-) 
  g217950/z                                   (u)     in_0->z R     unmapped_or2           3  10.8     0    22     965    (-,-) 
  n_101966                                    -       -       -     (net)                  -     -     -     -       -    (-,-) 
  g217850/z                                   (u)     in_0->z R     unmapped_or2           2   7.2     0    19     984    (-,-) 
  n_108172                                    -       -       -     (net)                  -     -     -     -       -    (-,-) 
  g217737/z                                   (u)     in_1->z R     unmapped_or2           3  10.8     0    22    1006    (-,-) 
  n_101967                                    -       -       -     (net)                  -     -     -     -       -    (-,-) 
  g217592/z                                   (u)     in_1->z R     unmapped_or2           2   7.2     0    19    1025    (-,-) 
  n_108100                                    -       -       -     (net)                  -     -     -     -       -    (-,-) 
  g217403/z                                   (u)     in_0->z R     unmapped_complex2      4  14.4     0    24    1049    (-,-) 
  n_101968                                    -       -       -     (net)                  -     -     -     -       -    (-,-) 
  g232635/z                                   (u)     in_0->z R     unmapped_complex2      4  14.4     0    24    1074    (-,-) 
  n_101969                                    -       -       -     (net)                  -     -     -     -       -    (-,-) 
  g216800/z                                   (u)     in_1->z R     unmapped_complex2      4  14.4     0    24    1098    (-,-) 
  n_101970                                    -       -       -     (net)                  -     -     -     -       -    (-,-) 
  g233058/z                                   (u)     in_0->z R     unmapped_complex2      4  14.4     0    24    1123    (-,-) 
  n_101971                                    -       -       -     (net)                  -     -     -     -       -    (-,-) 
  g214676/z                                   (u)     in_1->z R     unmapped_complex2      3  10.8     0    22    1144    (-,-) 
  n_101972                                    -       -       -     (net)                  -     -     -     -       -    (-,-) 
  g233342/z                                   (u)     in_0->z R     unmapped_complex2      1   3.6     0    17    1161    (-,-) 
  n_106040                                    -       -       -     (net)                  -     -     -     -       -    (-,-) 
  g233392/z                                   (u)     in_1->z F     unmapped_complex2      1   3.2     0    17    1178    (-,-) 
  n_108573                                    -       -       -     (net)                  -     -     -     -       -    (-,-) 
  g213703/z                                   (u)     in_1->z R     unmapped_nand2         4  14.4     0    24    1202    (-,-) 
  n_101975                                    -       -       -     (net)                  -     -     -     -       -    (-,-) 
  g213607/z                                   (u)     in_1->z F     unmapped_nand2         1   3.2     0    17    1219    (-,-) 
  n_108579                                    -       -       -     (net)                  -     -     -     -       -    (-,-) 
  g213595/z                                   (u)     in_1->z R     unmapped_nand2         1   3.6     0    17    1235    (-,-) 
  n_103815                                    -       -       -     (net)                  -     -     -     -       -    (-,-) 
  aligner_inst_aligned_mant_out_reg[30][25]/d <<<     -       R     unmapped_d_flop        1     -     -     0    1235    (-,-) 
#-------------------------------------------------------------------------------------------------------------------------------

(u) : Net has unmapped pin(s).

Capture clock path:
#----------------------------------------------------------------------------------------------------------------------------
#                 Timing Point                  Flags   Arc   Edge      Cell        Fanout Load Trans Delay Arrival Instance 
#                                                                                          (fF)  (ps)  (ps)   (ps)  Location 
#----------------------------------------------------------------------------------------------------------------------------
  clk                                           (i,u)   -     R     (arrival)         1679  0.0     0     0    1351    (-,-) 
  clk                                           -       -     -     (net)                -    -     -     -       -    (-,-) 
  clk                                           -       -     -     (net)                -    -     -     -       -    (-,-) 
  aligner_inst_aligned_mant_out_reg[30][25]/clk <<<     -     R     unmapped_d_flop   1679    -     1     0    1351    (-,-) 
#----------------------------------------------------------------------------------------------------------------------------


