============================================================
  Generated by:           Genus(TM) Synthesis Solution 25.11-s095_1
  Generated on:           Mar 11 2026  10:31:55 am
  Module:                 sysarr_n_input_fp_adder_noretime
  Operating conditions:   typical 
  Interconnect mode:      global
  Area mode:              physical library
============================================================

Timing
--------

Analysis view  Clock Period 
----------------------------
view_1p2_25   clock1 1667.0 


  Analysis    Cost   Critical        Violating 
    View     Group  Path Slack  TNS    Paths   
-----------------------------------------------
view_1p2_25  clock1        0.0  0.0          0 
            default   No paths  0.0          0 
-----------------------------------------------
Total                          -0.0          0 
                                               

Instance Count
--------------
Leaf Instance Count             3479 
Physical Instance count            0 
Sequential Instance Count        139 
Combinational Instance Count    3340 
Hierarchical Instance Count        0 

Area
----
Cell Area                          4997.874
Physical Cell Area                 0.000
Total Cell Area (Cell+Physical)    4997.874
Net Area                           4932.049
Total Area (Cell+Physical+Net)     9929.923

Power
-----
Leakage Power                      114698.767 nW
Dynamic Power                      9495115.751 nW
Total Power                        9609814.518 nW

Max Fanout                         139 (clk)
Min Fanout                         0 (n_2528)
Average Fanout                     2.2
Terms to net ratio                 3.1890
Terms to instance ratio            3.5694
Runtime                            43.944532 seconds
Elapsed Runtime                    50 seconds
Genus peak memory usage            1708.05 
Innovus peak memory usage          no_value 
Hostname                           asicfab.ecn.purdue.edu
