============================================================
  Generated by:           Genus(TM) Synthesis Solution 25.11-s095_1
  Generated on:           Mar 11 2026  02:49:54 am
  Operating conditions:   typical 
  Interconnect mode:      global
  Area mode:              physical library
============================================================

                                Leakage    Internal                          Library 
   Gate    Instances   Area   Power (nW)  Power (nW)          Library         Domain 
-------------------------------------------------------------------------------------
AND2_X1           58   61.712   1460.295    81642.319 NangateOpenCellLibrary       0 
AND2_X2            3    3.990    151.861     6732.963 NangateOpenCellLibrary       0 
AND3_X1            6    7.980    158.556     4257.972 NangateOpenCellLibrary       0 
AND3_X2            1    1.596     51.134     1831.078 NangateOpenCellLibrary       0 
AND4_X1            4    6.384     83.607       59.116 NangateOpenCellLibrary       0 
AOI211_X1         23   30.590    717.609    46492.571 NangateOpenCellLibrary       0 
AOI21_X1          59   62.776   1677.185    76468.391 NangateOpenCellLibrary       0 
AOI21_X2           5    9.310    287.156    10550.844 NangateOpenCellLibrary       0 
AOI21_X4           1    3.458    105.807     3026.871 NangateOpenCellLibrary       0 
AOI221_X1         53   84.588   1876.869   102451.262 NangateOpenCellLibrary       0 
AOI222_X1         15   31.920    620.572    25478.243 NangateOpenCellLibrary       0 
AOI22_X1         176  234.080   5400.548   191384.948 NangateOpenCellLibrary       0 
AOI22_X2           3    7.182    195.750     3602.956 NangateOpenCellLibrary       0 
AOI22_X4           3   13.566    344.087    12765.209 NangateOpenCellLibrary       0 
CLKBUF_X1          2    1.596     23.022     1527.903 NangateOpenCellLibrary       0 
DFFR_X1          124  659.680  10937.196  1335250.521 NangateOpenCellLibrary       0 
FA_X1             28  119.168   2145.457   163233.604 NangateOpenCellLibrary       0 
HA_X1             56  148.960   3347.841   227969.271 NangateOpenCellLibrary       0 
INV_X1           303  161.196   4474.647   177874.336 NangateOpenCellLibrary       0 
INV_X2            16   12.768    444.386    11753.356 NangateOpenCellLibrary       0 
INV_X4             3    3.990    172.405     5760.114 NangateOpenCellLibrary       0 
INV_X8             5   11.970    600.677    14881.743 NangateOpenCellLibrary       0 
MUX2_X1          207  385.434   7520.939   486365.517 NangateOpenCellLibrary       0 
MUX2_X2            4    9.576    280.427    18074.209 NangateOpenCellLibrary       0 
NAND2_X1         185  147.630   3181.430   122547.128 NangateOpenCellLibrary       0 
NAND2_X2          10   13.300    363.981     7667.786 NangateOpenCellLibrary       0 
NAND2_X4           7   16.758    718.935    16393.959 NangateOpenCellLibrary       0 
NAND3_X1          22   23.408    425.867    13896.772 NangateOpenCellLibrary       0 
NAND3_X2           3    5.586    163.028     5395.986 NangateOpenCellLibrary       0 
NAND3_X4           1    3.458     16.604        0.000 NangateOpenCellLibrary       0 
NAND4_X1          13   17.290    248.973     4273.138 NangateOpenCellLibrary       0 
NAND4_X2           1    2.394     58.628     1699.739 NangateOpenCellLibrary       0 
NOR2_X1          151  120.498   3216.719   115520.154 NangateOpenCellLibrary       0 
NOR2_X2           14   18.620    658.454    12365.722 NangateOpenCellLibrary       0 
NOR2_X4            2    4.788    177.143     2740.789 NangateOpenCellLibrary       0 
NOR3_X1           16   17.024    468.825     7873.036 NangateOpenCellLibrary       0 
NOR4_X1           32   42.560   1067.937     9479.635 NangateOpenCellLibrary       0 
OAI211_X1         11   14.630    452.435    14450.691 NangateOpenCellLibrary       0 
OAI21_X1          63   67.032   1808.049    78951.584 NangateOpenCellLibrary       0 
OAI21_X2           6   11.172    312.994    15098.938 NangateOpenCellLibrary       0 
OAI21_X4           1    3.458     95.616     2369.647 NangateOpenCellLibrary       0 
OAI221_X1         40   63.840   2359.931    58488.361 NangateOpenCellLibrary       0 
OAI222_X1         19   40.432   1185.766    29511.416 NangateOpenCellLibrary       0 
OAI22_X1          96  127.680   3742.814   113752.150 NangateOpenCellLibrary       0 
OAI22_X2           1    2.394    115.521       25.849 NangateOpenCellLibrary       0 
OAI22_X4           2    9.044    270.896     4896.975 NangateOpenCellLibrary       0 
OR2_X1            36   38.304    858.330    49494.836 NangateOpenCellLibrary       0 
OR2_X2             1    1.330     56.561     1373.967 NangateOpenCellLibrary       0 
OR3_X1             1    1.330     24.722      206.627 NangateOpenCellLibrary       0 
OR4_X1             5    7.980    132.694     2224.784 NangateOpenCellLibrary       0 
SDFFR_X1          12   79.800   1296.761   169056.345 NangateOpenCellLibrary       0 
XNOR2_X1         100  159.600   3595.420   225096.825 NangateOpenCellLibrary       0 
XOR2_X1           66  105.336   2373.515   156633.727 NangateOpenCellLibrary       0 
XOR2_X2            2    4.788    145.769     7516.570 NangateOpenCellLibrary       0 
-------------------------------------------------------------------------------------
total           2077 3244.934  72672.352  4258438.455                                
                                           Leakage  Leakage   Internal  Internal 
     Type      Instances   Area   Area % Power (nW) Power %  Power (nW)  Power % 
---------------------------------------------------------------------------------
sequential           136  739.480   22.8  12233.957    16.8 1504306.866     35.3 
inverter             327  189.924    5.9   5692.116     7.8  210269.549      4.9 
buffer                 2    1.596    0.0     23.022     0.0    1527.903      0.0 
logic               1612 2313.934   71.3  54723.258    75.3 2542334.136     59.7 
physical_cells         0    0.000    0.0      0.000     0.0       0.000      0.0 
---------------------------------------------------------------------------------
total               2077 3244.934  100.0  72672.352   100.0 4258438.455    100.0 
