============================================================
  Generated by:           Genus(TM) Synthesis Solution 25.11-s095_1
  Generated on:           Mar 10 2026  02:20:32 pm
  Module:                 mul_bf
  Operating conditions:   typical 
  Interconnect mode:      global
  Area mode:              physical library
============================================================

Timing
--------

Analysis view  Clock Period 
----------------------------
view_1p2_25   clock1 1266.0 


  Analysis    Cost   Critical        Violating 
    View     Group  Path Slack  TNS    Paths   
-----------------------------------------------
view_1p2_25  clock1        0.1  0.0          0 
            default   No paths  0.0          0 
-----------------------------------------------
Total                          -0.0          0 
                                               

Instance Count
--------------
Leaf Instance Count             479 
Physical Instance count           0 
Sequential Instance Count        25 
Combinational Instance Count    454 
Hierarchical Instance Count       0 

Area
----
Cell Area                          652.232
Physical Cell Area                 0.000
Total Cell Area (Cell+Physical)    652.232
Net Area                           621.005
Total Area (Cell+Physical+Net)     1273.237

Power
-----
Leakage Power                      14958.766 nW
Dynamic Power                      988717.167 nW
Total Power                        1003675.933 nW

Max Fanout                         25 (clk)
Min Fanout                         0 (nRST)
Average Fanout                     2.0
Terms to net ratio                 2.9232
Terms to instance ratio            3.2589
Runtime                            43.998361 seconds
Elapsed Runtime                    49 seconds
Genus peak memory usage            1699.85 
Innovus peak memory usage          no_value 
Hostname                           asicfab.ecn.purdue.edu
