============================================================
  Generated by:           Genus(TM) Synthesis Solution 25.11-s095_1
  Generated on:           Mar 10 2026  09:31:36 pm
  Module:                 add_bf16_1C
  Operating conditions:   typical 
  Interconnect mode:      global
  Area mode:              physical library
============================================================

Timing
--------

Analysis view  Clock Period 
----------------------------
view_1p2_25   clock1 1190.0 


  Analysis    Cost   Critical        Violating 
    View     Group  Path Slack  TNS    Paths   
-----------------------------------------------
view_1p2_25  clock1        0.2  0.0          0 
            default   No paths  0.0          0 
-----------------------------------------------
Total                          -0.0          0 
                                               

Instance Count
--------------
Leaf Instance Count             656 
Physical Instance count           0 
Sequential Instance Count        33 
Combinational Instance Count    623 
Hierarchical Instance Count       0 

Area
----
Cell Area                          882.588
Physical Cell Area                 0.000
Total Cell Area (Cell+Physical)    882.588
Net Area                           932.867
Total Area (Cell+Physical+Net)     1815.455

Power
-----
Leakage Power                      20175.889 nW
Dynamic Power                      1697784.801 nW
Total Power                        1717960.690 nW

Max Fanout                         33 (clk)
Min Fanout                         0 (nRST)
Average Fanout                     2.3
Terms to net ratio                 3.3090
Terms to instance ratio            3.5915
Runtime                            43.989021 seconds
Elapsed Runtime                    50 seconds
Genus peak memory usage            1692.88 
Innovus peak memory usage          no_value 
Hostname                           asicfab.ecn.purdue.edu
