============================================================
  Generated by:           Genus(TM) Synthesis Solution 25.11-s095_1
  Generated on:           Mar 10 2026  09:31:41 pm
  Module:                 add_bf16_1C
  Operating conditions:   typical 
  Interconnect mode:      global
  Area mode:              physical library
============================================================


Path 1: MET (0 ps) Late External Delay Assertion at pin bf_out[14]
           View: view_1p2_25
          Group: clock1
     Startpoint: (R) bf1_in_reg[7]/CK
          Clock: (R) clock1
       Endpoint: (R) bf_out[14]
          Clock: (R) clock1

                     Capture       Launch     
        Clock Edge:+    1190            0     
       Src Latency:+       0            0     
       Net Latency:+       0 (I)        0 (I) 
           Arrival:=    1190            0     
                                              
      Output Delay:-       1                  
       Uncertainty:-       0                  
     Required Time:=    1189                  
      Launch Clock:-       0                  
         Data Path:-    1189                  
             Slack:=       0                  

Exceptions/Constraints:
  output_delay              1              add_bf16_1C.sdc_line_21_34_1   

Launch clock path:
#-----------------------------------------------------------------------------------------
#  Timing Point    Flags   Arc   Edge   Cell     Fanout Load Trans Delay Arrival Instance 
#                                                       (fF)  (ps)  (ps)   (ps)  Location 
#-----------------------------------------------------------------------------------------
  clk              (i)     -     R     (arrival)     33  0.0     0     0       0    (-,-) 
  clk              -       -     -     (net)          -    -     -     -       -    (-,-) 
  clk              -       -     -     (net)          -    -     -     -       -    (-,-) 
  bf1_in_reg[7]/CK <<<     -     R     SDFFR_X1      33    -     1     0       0    (-,-) 
#-----------------------------------------------------------------------------------------

#------------------------------------------------------------------------------------------
#  Timing Point    Flags    Arc   Edge   Cell     Fanout Load Trans Delay Arrival Instance 
#                                                        (fF)  (ps)  (ps)   (ps)  Location 
#------------------------------------------------------------------------------------------
  bf1_in_reg[7]/CK -       -      R     (arrival)     33    -     1     0       0    (-,-) 
  bf1_in_reg[7]/Q  -       CK->Q  F     SDFFR_X1       1  1.8    12    68      68    (-,-) 
  bf1_in[7]        -       -      -     (net)          -    -     -     -       -    (-,-) 
  g35129/ZN        -       A->ZN  R     INV_X1         4  6.0    16    25      93    (-,-) 
  n_8              -       -      -     (net)          -    -     -     -       -    (-,-) 
  g35115__2883/ZN  -       A2->ZN R     AND2_X2        3  8.8    14    40     133    (-,-) 
  n_31             -       -      -     (net)          -    -     -     -       -    (-,-) 
  g34980__1666/ZN  -       A1->ZN F     NAND2_X1       1  3.2    10    18     151    (-,-) 
  n_51             -       -      -     (net)          -    -     -     -       -    (-,-) 
  g34974__8428/ZN  -       A1->ZN R     NAND2_X2       2  5.8    12    18     169    (-,-) 
  n_109            -       -      -     (net)          -    -     -     -       -    (-,-) 
  g34963__5115/ZN  -       A1->ZN F     NAND2_X2       1  3.2     8    13     182    (-,-) 
  n_110            -       -      -     (net)          -    -     -     -       -    (-,-) 
  g34937__1666/ZN  -       A1->ZN R     NAND2_X2       2  3.9    10    15     197    (-,-) 
  n_132            -       -      -     (net)          -    -     -     -       -    (-,-) 
  g34934__8246/ZN  -       A2->ZN F     NAND2_X1       1  3.2    10    17     214    (-,-) 
  n_150            -       -      -     (net)          -    -     -     -       -    (-,-) 
  g34933/ZN        -       A->ZN  R     INV_X2         1  6.7    11    18     232    (-,-) 
  n_151            -       -      -     (net)          -    -     -     -       -    (-,-) 
  g34925__6131/ZN  -       B1->ZN F     OAI21_X4       1  6.0    14    14     246    (-,-) 
  n_176            -       -      -     (net)          -    -     -     -       -    (-,-) 
  g34915__8428/ZN  -       A1->ZN R     NAND2_X4      10 24.3    20    28     274    (-,-) 
  n_220            -       -      -     (net)          -    -     -     -       -    (-,-) 
  g34892/ZN        -       A->ZN  F     INV_X4         6  9.5     7    11     285    (-,-) 
  n_200            -       -      -     (net)          -    -     -     -       -    (-,-) 
  g34871__8428/ZN  -       A1->ZN R     NAND2_X1       1  1.9    10    14     299    (-,-) 
  n_232            -       -      -     (net)          -    -     -     -       -    (-,-) 
  g34834__5115/ZN  -       B1->ZN F     AOI21_X1       1  3.2    10    17     316    (-,-) 
  n_259            -       -      -     (net)          -    -     -     -       -    (-,-) 
  g34829/ZN        -       A->ZN  R     INV_X2         1  3.3     8    13     330    (-,-) 
  n_265            -       -      -     (net)          -    -     -     -       -    (-,-) 
  g34807__6783/ZN  -       A1->ZN F     NAND3_X2       2 10.0    19    27     357    (-,-) 
  n_284            -       -      -     (net)          -    -     -     -       -    (-,-) 
  g34797__2398/ZN  -       A2->ZN R     NOR2_X2        6 10.9    33    52     408    (-,-) 
  n_298            -       -      -     (net)          -    -     -     -       -    (-,-) 
  g34792__7482/ZN  -       A1->ZN F     NAND3_X1       2  3.4    18    30     439    (-,-) 
  n_318            -       -      -     (net)          -    -     -     -       -    (-,-) 
  g34762__6417/ZN  -       B1->ZN R     OAI21_X1       1  2.0    20    32     471    (-,-) 
  n_319            -       -      -     (net)          -    -     -     -       -    (-,-) 
  g34749__8246/ZN  -       A2->ZN R     OR2_X2         4  7.4    12    33     504    (-,-) 
  n_393            -       -      -     (net)          -    -     -     -       -    (-,-) 
  g34743/ZN        -       A->ZN  F     INV_X1         1  1.8     5     8     512    (-,-) 
  n_344            -       -      -     (net)          -    -     -     -       -    (-,-) 
  g34731__9315/ZN  -       A1->ZN R     NAND2_X1       2  5.3    19    21     533    (-,-) 
  n_368            -       -      -     (net)          -    -     -     -       -    (-,-) 
  g34719__6131/ZN  -       A1->ZN F     NAND2_X2       3  5.1    10    18     551    (-,-) 
  n_381            -       -      -     (net)          -    -     -     -       -    (-,-) 
  g34705__1617/ZN  -       A1->ZN R     NAND2_X1       1  2.0    10    16     567    (-,-) 
  n_382            -       -      -     (net)          -    -     -     -       -    (-,-) 
  g34700__6417/ZN  -       A->ZN  F     OAI21_X1       3  6.4    24    29     595    (-,-) 
  n_409            -       -      -     (net)          -    -     -     -       -    (-,-) 
  g34688__4733/ZN  -       A1->ZN R     AOI22_X2       3  5.7    30    44     639    (-,-) 
  n_422            -       -      -     (net)          -    -     -     -       -    (-,-) 
  g34673__8428/ZN  -       B1->ZN F     OAI21_X1       2  3.4    14    23     662    (-,-) 
  n_425            -       -      -     (net)          -    -     -     -       -    (-,-) 
  g34669/ZN        -       A->ZN  R     INV_X1         1  2.0     9    16     678    (-,-) 
  n_426            -       -      -     (net)          -    -     -     -       -    (-,-) 
  g34663__9945/ZN  -       A1->ZN F     NOR2_X1        2  3.4     8    11     689    (-,-) 
  n_448            -       -      -     (net)          -    -     -     -       -    (-,-) 
  g34652__5122/ZN  -       A1->ZN R     NOR2_X1        1  2.0    17    24     713    (-,-) 
  n_454            -       -      -     (net)          -    -     -     -       -    (-,-) 
  g34633__6417/ZN  -       A1->ZN F     NOR2_X1        1  1.9    13    11     724    (-,-) 
  n_469            -       -      -     (net)          -    -     -     -       -    (-,-) 
  g34629__1881/ZN  -       A2->ZN R     NOR2_X1        1  2.0    18    31     755    (-,-) 
  n_482            -       -      -     (net)          -    -     -     -       -    (-,-) 
  g34601__1617/ZN  -       A2->ZN F     NAND2_X1       9 15.1    30    45     800    (-,-) 
  n_628            -       -      -     (net)          -    -     -     -       -    (-,-) 
  g34599/ZN        -       A->ZN  R     INV_X1         1  2.0    12    22     821    (-,-) 
  n_492            -       -      -     (net)          -    -     -     -       -    (-,-) 
  g34584__2883/ZN  -       B1->ZN F     OAI22_X1       1  1.8    12    20     841    (-,-) 
  n_507            -       -      -     (net)          -    -     -     -       -    (-,-) 
  g34576__6783/ZN  -       A->ZN  R     AOI21_X1       1  2.0    23    42     883    (-,-) 
  n_522            -       -      -     (net)          -    -     -     -       -    (-,-) 
  g34573/ZN        -       A->ZN  F     INV_X1         2  3.0     8    12     895    (-,-) 
  n_537            -       -      -     (net)          -    -     -     -       -    (-,-) 
  g34556__6161/ZN  -       A1->ZN F     AND2_X1        3  4.6     9    33     929    (-,-) 
  n_582            -       -      -     (net)          -    -     -     -       -    (-,-) 
  g34517__2883/ZN  -       A2->ZN F     AND3_X1        1  1.8     7    34     962    (-,-) 
  n_578            -       -      -     (net)          -    -     -     -       -    (-,-) 
  g34500__6260/ZN  -       B1->ZN R     OAI21_X1       2  3.7    28    36     998    (-,-) 
  n_632            -       -      -     (net)          -    -     -     -       -    (-,-) 
  g34463__6131/ZN  -       A1->ZN F     NAND3_X1       1  1.8    14    23    1022    (-,-) 
  n_633            -       -      -     (net)          -    -     -     -       -    (-,-) 
  g34458__6783/ZN  -       A1->ZN R     NAND2_X1       2  4.7    16    24    1046    (-,-) 
  n_658            -       -      -     (net)          -    -     -     -       -    (-,-) 
  g34451__2883/ZN  -       A2->ZN F     NAND3_X2       3  5.2    15    25    1071    (-,-) 
  n_675            -       -      -     (net)          -    -     -     -       -    (-,-) 
  g34448__5115/ZN  -       A1->ZN R     NAND2_X1       1  3.4    13    22    1093    (-,-) 
  n_676            -       -      -     (net)          -    -     -     -       -    (-,-) 
  g34446__8246/ZN  -       A1->ZN F     NAND2_X2       4  6.7    10    18    1111    (-,-) 
  n_692            -       -      -     (net)          -    -     -     -       -    (-,-) 
  g34443__2802/ZN  -       A1->ZN R     NAND2_X1       1  2.0    10    16    1127    (-,-) 
  n_683            -       -      -     (net)          -    -     -     -       -    (-,-) 
  g34439__5526/ZN  -       A->ZN  F     OAI21_X1       2  3.4    12    22    1149    (-,-) 
  n_694            -       -      -     (net)          -    -     -     -       -    (-,-) 
  g34437/ZN        -       A->ZN  R     INV_X1         1  1.9     8    15    1164    (-,-) 
  n_695            -       -      -     (net)          -    -     -     -       -    (-,-) 
  g34435__5107/ZN  -       A1->ZN F     NAND2_X1       1  1.8     9    12    1176    (-,-) 
  n_698            -       -      -     (net)          -    -     -     -       -    (-,-) 
  g34432__2398/ZN  -       A2->ZN R     NAND2_X1       1  0.3     9    13    1189    (-,-) 
  bf_out[14]       -       -      -     (net)          -    -     -     -       -    (-,-) 
  bf_out[14]       <<<     -      R     (port)         -    -     -     0    1189    (-,-) 
#------------------------------------------------------------------------------------------


