============================================================
  Generated by:           Genus(TM) Synthesis Solution 25.11-s095_1
  Generated on:           Mar 11 2026  02:20:07 am
  Operating conditions:   typical 
  Interconnect mode:      global
  Area mode:              physical library
============================================================

                                Leakage    Internal                          Library 
   Gate    Instances   Area   Power (nW)  Power (nW)          Library         Domain 
-------------------------------------------------------------------------------------
AND2_X1           61   64.904   1532.991    74637.993 NangateOpenCellLibrary       0 
AND2_X2            2    2.660    107.731     4372.545 NangateOpenCellLibrary       0 
AND3_X1            4    5.320    103.893     1991.708 NangateOpenCellLibrary       0 
AND3_X2            1    1.596     46.522     2504.242 NangateOpenCellLibrary       0 
AND4_X1            6    9.576    147.677     3400.256 NangateOpenCellLibrary       0 
AOI211_X1          3    3.990     88.721     5246.519 NangateOpenCellLibrary       0 
AOI21_X1          36   38.304   1020.021    42933.910 NangateOpenCellLibrary       0 
AOI21_X2           3    5.586    184.317     5060.034 NangateOpenCellLibrary       0 
AOI221_X1         24   38.304    850.823    39494.584 NangateOpenCellLibrary       0 
AOI222_X1          4    8.512    156.831     6830.192 NangateOpenCellLibrary       0 
AOI22_X1         142  188.860   4504.273   148855.502 NangateOpenCellLibrary       0 
AOI22_X2           3    7.182    189.358     6331.259 NangateOpenCellLibrary       0 
DFFR_X1          110  585.200   9702.230  1064268.599 NangateOpenCellLibrary       0 
FA_X1             39  165.984   2984.773   199567.490 NangateOpenCellLibrary       0 
HA_X1             51  135.660   3042.250   185031.826 NangateOpenCellLibrary       0 
INV_X1           245  130.340   3507.167   133781.444 NangateOpenCellLibrary       0 
INV_X2             6    4.788    187.603     3650.970 NangateOpenCellLibrary       0 
INV_X4             3    3.990    172.456     4969.331 NangateOpenCellLibrary       0 
INV_X8             2    4.788    233.699     6758.071 NangateOpenCellLibrary       0 
MUX2_X1          265  493.430   9559.489   588649.563 NangateOpenCellLibrary       0 
MUX2_X2            1    2.394     68.677     3728.034 NangateOpenCellLibrary       0 
NAND2_X1         212  169.176   4094.118   140304.912 NangateOpenCellLibrary       0 
NAND2_X2           5    6.650    219.816     7525.566 NangateOpenCellLibrary       0 
NAND2_X4           4    9.576    418.540     9737.173 NangateOpenCellLibrary       0 
NAND3_X1           7    7.448    138.852     3339.813 NangateOpenCellLibrary       0 
NAND4_X1          15   19.950    199.946     2620.728 NangateOpenCellLibrary       0 
NOR2_X1          129  102.942   2775.696    85920.466 NangateOpenCellLibrary       0 
NOR2_X2            5    6.650    207.893     3745.094 NangateOpenCellLibrary       0 
NOR3_X1           14   14.896    399.289     6867.252 NangateOpenCellLibrary       0 
NOR3_X2            1    1.862     50.641     2341.874 NangateOpenCellLibrary       0 
NOR4_X1           27   35.910    906.169     4887.474 NangateOpenCellLibrary       0 
OAI211_X1          6    7.980    151.241     5870.857 NangateOpenCellLibrary       0 
OAI21_X1          44   46.816   1204.842    52419.952 NangateOpenCellLibrary       0 
OAI21_X2           4    7.448    241.928     6921.677 NangateOpenCellLibrary       0 
OAI21_X4           2    6.916    241.038     7310.587 NangateOpenCellLibrary       0 
OAI221_X1         19   30.324   1058.011    32324.251 NangateOpenCellLibrary       0 
OAI222_X1         17   36.176    970.465    34143.362 NangateOpenCellLibrary       0 
OAI22_X1          77  102.410   3085.021    96899.275 NangateOpenCellLibrary       0 
OAI22_X2           1    2.394     65.979     1558.261 NangateOpenCellLibrary       0 
OAI33_X1           3    5.586    108.535     6721.052 NangateOpenCellLibrary       0 
OR2_X1            54   57.456   1256.504    73181.294 NangateOpenCellLibrary       0 
OR4_X1             6    9.576    161.102     1503.994 NangateOpenCellLibrary       0 
SDFFR_X1          26  172.900   2810.029   322714.372 NangateOpenCellLibrary       0 
XNOR2_X1          75  119.700   2754.539   149973.379 NangateOpenCellLibrary       0 
XNOR2_X2           3    7.980    205.695    12489.249 NangateOpenCellLibrary       0 
XOR2_X1           69  110.124   2479.908   147546.575 NangateOpenCellLibrary       0 
XOR2_X2            1    2.394     71.022     2529.996 NangateOpenCellLibrary       0 
-------------------------------------------------------------------------------------
total           1837 3002.608  64668.323  3753462.555                                
                                           Leakage  Leakage   Internal  Internal 
     Type      Instances   Area   Area % Power (nW) Power %  Power (nW)  Power % 
---------------------------------------------------------------------------------
sequential           136  758.100   25.2  12512.258    19.3 1386982.971     37.0 
inverter             256  143.906    4.8   4100.926     6.3  149159.815      4.0 
logic               1445 2100.602   70.0  48055.139    74.3 2217319.768     59.1 
physical_cells         0    0.000    0.0      0.000     0.0       0.000      0.0 
---------------------------------------------------------------------------------
total               1837 3002.608  100.0  64668.323   100.0 3753462.555    100.0 
