============================================================
  Generated by:           Genus(TM) Synthesis Solution 25.11-s095_1
  Generated on:           Mar 10 2026  11:19:03 pm
  Operating conditions:   typical 
  Interconnect mode:      global
  Area mode:              physical library
============================================================

                                Leakage    Internal                          Library 
   Gate    Instances   Area   Power (nW)  Power (nW)          Library         Domain 
-------------------------------------------------------------------------------------
AND2_X1           35   37.240    920.887    60561.286 NangateOpenCellLibrary       0 
AND2_X2            3    3.990    140.258     2883.195 NangateOpenCellLibrary       0 
AND2_X4            5   11.970    493.646    15944.701 NangateOpenCellLibrary       0 
AND3_X1            5    6.650    138.354     6370.811 NangateOpenCellLibrary       0 
AND3_X2            4    6.384    219.601     5568.586 NangateOpenCellLibrary       0 
AND4_X1            4    6.384     96.072     3101.446 NangateOpenCellLibrary       0 
AND4_X2            1    1.862     54.190     2622.836 NangateOpenCellLibrary       0 
AOI211_X1          2    2.660     66.978     4646.952 NangateOpenCellLibrary       0 
AOI21_X1          59   62.776   1540.898    81904.054 NangateOpenCellLibrary       0 
AOI21_X2           2    3.724    118.616     3749.836 NangateOpenCellLibrary       0 
AOI21_X4           6   20.748    624.324    18118.650 NangateOpenCellLibrary       0 
AOI221_X1         15   23.940    549.421    15639.129 NangateOpenCellLibrary       0 
AOI222_X1          5   10.640    187.723     7207.521 NangateOpenCellLibrary       0 
AOI22_X1         164  218.120   5324.937   219855.609 NangateOpenCellLibrary       0 
AOI22_X2           5   11.970    310.321    14282.714 NangateOpenCellLibrary       0 
BUF_X1             1    0.798     22.614     1454.654 NangateOpenCellLibrary       0 
CLKBUF_X1          1    0.798     11.218     1920.646 NangateOpenCellLibrary       0 
DFFR_X1          132  702.240  11644.087  1629750.776 NangateOpenCellLibrary       0 
FA_X1             23   97.888   1746.505   155182.770 NangateOpenCellLibrary       0 
HA_X1             48  127.680   2892.435   220826.243 NangateOpenCellLibrary       0 
INV_X1           255  135.660   3587.139   162394.829 NangateOpenCellLibrary       0 
INV_X16            1    4.522    229.651     2796.660 NangateOpenCellLibrary       0 
INV_X2            11    8.778    317.928     9421.639 NangateOpenCellLibrary       0 
INV_X4             9   11.970    550.662    12610.329 NangateOpenCellLibrary       0 
INV_X8             3    7.182    341.582     7965.088 NangateOpenCellLibrary       0 
MUX2_X1          243  452.466   8827.714   655018.184 NangateOpenCellLibrary       0 
MUX2_X2            2    4.788    137.297     8167.975 NangateOpenCellLibrary       0 
NAND2_X1         214  170.772   3868.705   167192.901 NangateOpenCellLibrary       0 
NAND2_X2          16   21.280    688.805    21448.318 NangateOpenCellLibrary       0 
NAND2_X4           3    7.182    222.318     5506.385 NangateOpenCellLibrary       0 
NAND3_X1          20   21.280    566.424    22388.739 NangateOpenCellLibrary       0 
NAND3_X2           2    3.724     65.868     1962.944 NangateOpenCellLibrary       0 
NAND3_X4           1    3.458     72.419     1073.596 NangateOpenCellLibrary       0 
NAND4_X1          27   35.910    740.071    22382.308 NangateOpenCellLibrary       0 
NAND4_X2           1    2.394     41.286     3053.219 NangateOpenCellLibrary       0 
NOR2_X1          162  129.276   3406.876   138964.306 NangateOpenCellLibrary       0 
NOR2_X2           13   17.290    585.728    13715.938 NangateOpenCellLibrary       0 
NOR2_X4            5   11.970    439.993     9690.095 NangateOpenCellLibrary       0 
NOR3_X1           16   17.024    456.856    10029.019 NangateOpenCellLibrary       0 
NOR3_X2            1    1.862     56.597     1862.820 NangateOpenCellLibrary       0 
NOR4_X1           26   34.580    850.999     8529.324 NangateOpenCellLibrary       0 
OAI211_X1          7    9.310    300.071    12650.069 NangateOpenCellLibrary       0 
OAI211_X4          1    4.522    142.607     3051.046 NangateOpenCellLibrary       0 
OAI21_X1          43   45.752   1266.835    58460.512 NangateOpenCellLibrary       0 
OAI21_X2          12   22.344    720.153    28467.227 NangateOpenCellLibrary       0 
OAI21_X4           4   13.832    486.694    15600.900 NangateOpenCellLibrary       0 
OAI221_X1         26   41.496   1584.042    37137.670 NangateOpenCellLibrary       0 
OAI222_X1         29   61.712   1773.639    50353.821 NangateOpenCellLibrary       0 
OAI22_X1         137  182.210   5901.210   140594.820 NangateOpenCellLibrary       0 
OAI22_X2           1    2.394     66.666     3784.108 NangateOpenCellLibrary       0 
OR2_X1            40   42.560    925.765    60694.376 NangateOpenCellLibrary       0 
OR2_X2             3    3.990    140.191     5190.826 NangateOpenCellLibrary       0 
OR3_X2             1    1.596     49.776     1441.075 NangateOpenCellLibrary       0 
OR4_X1             4    6.384    106.934     1183.106 NangateOpenCellLibrary       0 
SDFFR_X1           4   26.600    432.092    59987.322 NangateOpenCellLibrary       0 
XNOR2_X1          88  140.448   3330.397   210634.906 NangateOpenCellLibrary       0 
XNOR2_X2           5   13.300    378.399    22011.942 NangateOpenCellLibrary       0 
XOR2_X1           85  135.660   3041.266   219792.080 NangateOpenCellLibrary       0 
XOR2_X2            4    9.576    286.613    20160.307 NangateOpenCellLibrary       0 
-------------------------------------------------------------------------------------
total           2045 3225.516  74091.357  4708963.144                                
                                           Leakage  Leakage   Internal  Internal 
     Type      Instances   Area   Area % Power (nW) Power %  Power (nW)  Power % 
---------------------------------------------------------------------------------
sequential           136  728.840   22.6  12076.179    16.3 1689738.097     35.9 
inverter             279  168.112    5.2   5026.962     6.8  195188.544      4.1 
buffer                 2    1.596    0.0     33.833     0.0    3375.300      0.1 
logic               1628 2326.968   72.1  56954.383    76.9 2820661.202     59.9 
physical_cells         0    0.000    0.0      0.000     0.0       0.000      0.0 
---------------------------------------------------------------------------------
total               2045 3225.516  100.0  74091.357   100.0 4708963.144    100.0 
