============================================================
  Generated by:           Genus(TM) Synthesis Solution 25.11-s095_1
  Generated on:           Mar 10 2026  11:50:56 am
  Module:                 mul_bf
  Library domain:         timing_condition_tt_1p2v_25c
    Domain index:         0
    Technology library:   NangateOpenCellLibrary revision 1.0
  Operating conditions:   typical 
  Interconnect mode:      global
  Area mode:              physical library
============================================================

Timing
--------

Analysis view  Clock Period 
----------------------------
view_1p2_25   clock1 1042.0 


  Analysis    Cost   Critical        Violating 
    View     Group  Path Slack  TNS    Paths   
-----------------------------------------------
view_1p2_25  clock1       10.1  0.0          0 
            default   No paths  0.0          0 
-----------------------------------------------
Total                          -0.0          0 
                                               

Instance Count
--------------
Leaf Instance Count             570 
Physical Instance count           0 
Sequential Instance Count        25 
Combinational Instance Count    545 
Hierarchical Instance Count       0 

Area
----
Cell Area                          736.820
Physical Cell Area                 0.000
Total Cell Area (Cell+Physical)    736.820
Net Area                           738.394
Total Area (Cell+Physical+Net)     1475.214

Power
-----
Leakage Power                      17070.184 nW
Dynamic Power                      1254091.806 nW
Total Power                        1271161.990 nW

Max Fanout                         25 (clk)
Min Fanout                         0 (nRST)
Average Fanout                     2.0
Terms to net ratio                 2.9903
Terms to instance ratio            3.2526
Runtime                            42.996065 seconds
Elapsed Runtime                    50 seconds
Genus peak memory usage            1671.15 
Innovus peak memory usage          no_value 
Hostname                           asicfab.ecn.purdue.edu
