============================================================
  Generated by:           Genus(TM) Synthesis Solution 25.11-s095_1
  Generated on:           May 23 2026  08:01:40 pm
  Module:                 sysarr_32_input_fp_adder
  Operating conditions:   typical 
  Interconnect mode:      global
  Area mode:              physical library
============================================================


Path 1: VIOLATED (-94 ps) Setup Check with Pin aligner_inst_aligned_mant_out_reg[30][25]/clk->d
           View: view_1p2_25
          Group: clock1
     Startpoint: (R) aligner_inst_max_l3_n1_r_reg[7]/clk
          Clock: (R) clock1
       Endpoint: (R) aligner_inst_aligned_mant_out_reg[30][25]/d
          Clock: (R) clock1

                     Capture       Launch     
        Clock Edge:+    1000            0     
       Src Latency:+       0            0     
       Net Latency:+       0 (I)        0 (I) 
           Arrival:=    1000            0     
                                              
             Setup:-      38                  
       Uncertainty:-       0                  
     Required Time:=     962                  
      Launch Clock:-       0                  
         Data Path:-    1056                  
             Slack:=     -94                  

Launch clock path:
#------------------------------------------------------------------------------------------------------------------
#            Timing Point             Flags   Arc   Edge      Cell        Fanout Load Trans Delay Arrival Instance 
#                                                                                (fF)  (ps)  (ps)   (ps)  Location 
#------------------------------------------------------------------------------------------------------------------
  clk                                 (i,u)   -     R     (arrival)         2069  0.0     0     0       0    (-,-) 
  clk                                 -       -     -     (net)                -    -     -     -       -    (-,-) 
  clk                                 -       -     -     (net)                -    -     -     -       -    (-,-) 
  aligner_inst_max_l3_n1_r_reg[7]/clk <<<     -     R     unmapped_d_flop   2069    -     1     0       0    (-,-) 
#------------------------------------------------------------------------------------------------------------------

#-------------------------------------------------------------------------------------------------------------------------------
#                Timing Point                 Flags    Arc    Edge       Cell         Fanout  Load Trans Delay Arrival Instance 
#                                                                                             (fF)  (ps)  (ps)   (ps)  Location 
#-------------------------------------------------------------------------------------------------------------------------------
  aligner_inst_max_l3_n1_r_reg[7]/clk         -       -       R     (arrival)           2069     -     1     0       0    (-,-) 
  aligner_inst_max_l3_n1_r_reg[7]/q           (u)     clk->q  R     unmapped_d_flop        3  10.8     0   116     116    (-,-) 
  aligner_inst_max_l3_n1_r[7]                 -       -       -     (net)                  -     -     -     -       -    (-,-) 
  g127770/z                                   (u)     in_1->z F     unmapped_complex2      2   6.4     0    19     135    (-,-) 
  n_94437                                     -       -       -     (net)                  -     -     -     -       -    (-,-) 
  g200027/z                                   (u)     in_1->z R     unmapped_nand2         3  10.8     0    22     157    (-,-) 
  n_96993                                     -       -       -     (net)                  -     -     -     -       -    (-,-) 
  g199562/z                                   (u)     in_0->z R     unmapped_or2           1   3.6     0    17     174    (-,-) 
  n_131914                                    -       -       -     (net)                  -     -     -     -       -    (-,-) 
  g200960/z                                   (u)     in_0->z F     unmapped_complex2      1   3.2     0    17     190    (-,-) 
  n_131916                                    -       -       -     (net)                  -     -     -     -       -    (-,-) 
  g198897/z                                   (u)     in_1->z F     unmapped_complex2      1   3.2     0    17     207    (-,-) 
  n_131919                                    -       -       -     (net)                  -     -     -     -       -    (-,-) 
  g200998/z                                   (u)     in_1->z F     unmapped_complex2      1   3.2     0    17     223    (-,-) 
  n_131923                                    -       -       -     (net)                  -     -     -     -       -    (-,-) 
  g198742/z                                   (u)     in_0->z F     unmapped_or2          14  44.8     0    42     265    (-,-) 
  n_23575                                     -       -       -     (net)                  -     -     -     -       -    (-,-) 
  g198713/z                                   (u)     in_1->z R     unmapped_nand2         1   3.6     0    17     282    (-,-) 
  n_96999                                     -       -       -     (net)                  -     -     -     -       -    (-,-) 
  g198657/z                                   (u)     in_1->z F     unmapped_nand2        94 300.8     0    69     351    (-,-) 
  aligner_inst_max_l4_n0_c[1]                 -       -       -     (net)                  -     -     -     -       -    (-,-) 
  g198056/z                                   (u)     in_1->z F     unmapped_or2           1   3.2     0    17     368    (-,-) 
  n_159600                                    -       -       -     (net)                  -     -     -     -       -    (-,-) 
  g198057/z                                   (u)     in_1->z R     unmapped_nand2         5  18.0     0    28     395    (-,-) 
  n_78201                                     -       -       -     (net)                  -     -     -     -       -    (-,-) 
  g201119/z                                   (u)     in_1->z F     unmapped_complex2      1   3.2     0    17     412    (-,-) 
  n_95681                                     -       -       -     (net)                  -     -     -     -       -    (-,-) 
  g196872/z                                   (u)     in_0->z R     unmapped_nand2         3  10.8     0    22     434    (-,-) 
  n_78204                                     -       -       -     (net)                  -     -     -     -       -    (-,-) 
  g195875/z                                   (u)     in_1->z F     unmapped_nand2         2   6.4     0    19     453    (-,-) 
  n_97530                                     -       -       -     (net)                  -     -     -     -       -    (-,-) 
  g195151/z                                   (u)     in_1->z R     unmapped_nand2         2   7.2     0    19     472    (-,-) 
  n_93013                                     -       -       -     (net)                  -     -     -     -       -    (-,-) 
  g201555/z                                   (u)     in_0->z F     unmapped_complex2      2   6.4     0    19     491    (-,-) 
  n_151889                                    -       -       -     (net)                  -     -     -     -       -    (-,-) 
  g193836/z                                   (u)     in_1->z R     unmapped_nand2         1   3.6     0    17     507    (-,-) 
  n_151888                                    -       -       -     (net)                  -     -     -     -       -    (-,-) 
  g193171/z                                   (u)     in_1->z F     unmapped_nand2         1   3.2     0    17     524    (-,-) 
  n_151894                                    -       -       -     (net)                  -     -     -     -       -    (-,-) 
  g192907/z                                   (u)     in_1->z R     unmapped_nand2         3  10.8     0    22     546    (-,-) 
  n_25218                                     -       -       -     (net)                  -     -     -     -       -    (-,-) 
  g192707/z                                   (u)     in_0->z F     unmapped_complex2      2   6.4     0    19     565    (-,-) 
  n_91285                                     -       -       -     (net)                  -     -     -     -       -    (-,-) 
  g192596/z                                   (u)     in_1->z F     unmapped_or2           1   3.2     0    17     581    (-,-) 
  n_95686                                     -       -       -     (net)                  -     -     -     -       -    (-,-) 
  g202203/z                                   (u)     in_0->z R     unmapped_complex2      2   7.2     0    19     600    (-,-) 
  n_78294                                     -       -       -     (net)                  -     -     -     -       -    (-,-) 
  g191703/z                                   (u)     in_0->z F     unmapped_nand2         1   3.2     0    17     617    (-,-) 
  n_97552                                     -       -       -     (net)                  -     -     -     -       -    (-,-) 
  g190903/z                                   (u)     in_1->z R     unmapped_nand2         1   3.6     0    17     634    (-,-) 
  n_97553                                     -       -       -     (net)                  -     -     -     -       -    (-,-) 
  g202614/z                                   (u)     in_0->z R     unmapped_complex2      2   7.2     0    19     653    (-,-) 
  n_25267                                     -       -       -     (net)                  -     -     -     -       -    (-,-) 
  g130112/z                                   (u)     in_0->z F     unmapped_nand2         1   3.2     0    17     669    (-,-) 
  n_95180                                     -       -       -     (net)                  -     -     -     -       -    (-,-) 
  g189237/z                                   (u)     in_1->z R     unmapped_nand2         1   3.6     0    17     686    (-,-) 
  n_126860                                    -       -       -     (net)                  -     -     -     -       -    (-,-) 
  g202828/z                                   (u)     in_1->z R     unmapped_complex2      1   3.6     0    17     702    (-,-) 
  n_126866                                    -       -       -     (net)                  -     -     -     -       -    (-,-) 
  g188753/z                                   (u)     in_1->z R     unmapped_or2           1   3.6     0    17     719    (-,-) 
  n_132364                                    -       -       -     (net)                  -     -     -     -       -    (-,-) 
  g188606/z                                   (u)     in_1->z R     unmapped_or2           1   3.6     0    17     736    (-,-) 
  n_132367                                    -       -       -     (net)                  -     -     -     -       -    (-,-) 
  g188377/z                                   (u)     in_0->z R     unmapped_or2           2   7.2     0    19     755    (-,-) 
  n_126885                                    -       -       -     (net)                  -     -     -     -       -    (-,-) 
  g188342/z                                   (u)     in_1->z R     unmapped_or2          14  50.4     0    42     797    (-,-) 
  aligner_inst_has_neg_sticky                 -       -       -     (net)                  -     -     -     -       -    (-,-) 
  g203008/z                                   (u)     in_0->z F     unmapped_complex2      2   6.4     0    19     816    (-,-) 
  n_99593                                     -       -       -     (net)                  -     -     -     -       -    (-,-) 
  g188032/z                                   (u)     in_1->z R     unmapped_nand2         7  25.2     0    33     848    (-,-) 
  n_81778                                     -       -       -     (net)                  -     -     -     -       -    (-,-) 
  g187803/z                                   (u)     in_0->z F     unmapped_nand2         5  16.0     0    28     876    (-,-) 
  n_97074                                     -       -       -     (net)                  -     -     -     -       -    (-,-) 
  g187773/z                                   (u)     in_1->z F     unmapped_or2           2   6.4     0    19     895    (-,-) 
  n_133580                                    -       -       -     (net)                  -     -     -     -       -    (-,-) 
  g187347/z                                   (u)     in_1->z F     unmapped_or2           1   3.2     0    17     912    (-,-) 
  n_153838                                    -       -       -     (net)                  -     -     -     -       -    (-,-) 
  g203207/z                                   (u)     in_0->z F     unmapped_complex2      2   6.4     0    19     931    (-,-) 
  n_94737                                     -       -       -     (net)                  -     -     -     -       -    (-,-) 
  g186739/z                                   (u)     in_0->z R     unmapped_nand2        27  97.2     0    51     982    (-,-) 
  n_38168                                     -       -       -     (net)                  -     -     -     -       -    (-,-) 
  g185524/z                                   (u)     in_1->z R     unmapped_or2           1   3.6     0    17     999    (-,-) 
  n_98022                                     -       -       -     (net)                  -     -     -     -       -    (-,-) 
  g185045/z                                   (u)     in_1->z F     unmapped_nand2         4  12.8     0    24    1023    (-,-) 
  n_95761                                     -       -       -     (net)                  -     -     -     -       -    (-,-) 
  g203892/z                                   (u)     in_0->z F     unmapped_complex2      1   3.2     0    17    1040    (-,-) 
  n_120138                                    -       -       -     (net)                  -     -     -     -       -    (-,-) 
  g183913/z                                   (u)     in_1->z R     unmapped_complex2      1   3.6     0    17    1056    (-,-) 
  aligner_inst_final_shifted_mant_c[30][25]   -       -       -     (net)                  -     -     -     -       -    (-,-) 
  aligner_inst_aligned_mant_out_reg[30][25]/d <<<     -       R     unmapped_d_flop        1     -     -     0    1056    (-,-) 
#-------------------------------------------------------------------------------------------------------------------------------

(u) : Net has unmapped pin(s).

Capture clock path:
#----------------------------------------------------------------------------------------------------------------------------
#                 Timing Point                  Flags   Arc   Edge      Cell        Fanout Load Trans Delay Arrival Instance 
#                                                                                          (fF)  (ps)  (ps)   (ps)  Location 
#----------------------------------------------------------------------------------------------------------------------------
  clk                                           (i,u)   -     R     (arrival)         2069  0.0     0     0    1000    (-,-) 
  clk                                           -       -     -     (net)                -    -     -     -       -    (-,-) 
  clk                                           -       -     -     (net)                -    -     -     -       -    (-,-) 
  aligner_inst_aligned_mant_out_reg[30][25]/clk <<<     -     R     unmapped_d_flop   2069    -     1     0    1000    (-,-) 
#----------------------------------------------------------------------------------------------------------------------------


