============================================================
  Generated by:           Genus(TM) Synthesis Solution 25.11-s095_1
  Generated on:           Apr 05 2026  06:11:30 am
  Module:                 systolic_array_simple
  Operating conditions:   typical 
  Interconnect mode:      global
  Area mode:              physical library
============================================================


Path 1: MET (0 ps) Setup Check with Pin MAC_outputs_reg[7][10][13]/CK->D
           View: view_1p2_25
          Group: clk
     Startpoint: (R) mac_row_gen[7].mac_col_gen[10].mac_inst_mul_result_latched_reg[14]/CK
          Clock: (R) clk
       Endpoint: (F) MAC_outputs_reg[7][10][13]/D
          Clock: (R) clk

                     Capture       Launch     
        Clock Edge:+    1250            0     
       Src Latency:+       0            0     
       Net Latency:+       0 (I)        0 (I) 
           Arrival:=    1250            0     
                                              
             Setup:-      41                  
       Uncertainty:-       0                  
     Required Time:=    1209                  
      Launch Clock:-       0                  
         Data Path:-    1209                  
             Slack:=       0                  

Launch clock path:
#-----------------------------------------------------------------------------------------------------------------------------------------------
#                             Timing Point                              Flags   Arc   Edge   Cell      Fanout Load Trans Delay Arrival Instance 
#                                                                                                             (fF)  (ps)  (ps)   (ps)  Location 
#-----------------------------------------------------------------------------------------------------------------------------------------------
  clk                                                                   (i)     -     R     (arrival)  116766  0.0     0     0       0    (-,-) 
  clk                                                                   -       -     -     (net)           -    -     -     -       -    (-,-) 
  clk                                                                   -       -     -     (net)           -    -     -     -       -    (-,-) 
  mac_row_gen[7].mac_col_gen[10].mac_inst_mul_result_latched_reg[14]/CK <<<     -     R     DFFR_X1    116766    -     1     0       0    (-,-) 
#-----------------------------------------------------------------------------------------------------------------------------------------------

#------------------------------------------------------------------------------------------------------------------------------------------------
#                             Timing Point                              Flags    Arc   Edge   Cell      Fanout Load Trans Delay Arrival Instance 
#                                                                                                              (fF)  (ps)  (ps)   (ps)  Location 
#------------------------------------------------------------------------------------------------------------------------------------------------
  mac_row_gen[7].mac_col_gen[10].mac_inst_mul_result_latched_reg[14]/CK -       -      R     (arrival)  116766    -     1     0       0    (-,-) 
  mac_row_gen[7].mac_col_gen[10].mac_inst_mul_result_latched_reg[14]/Q  -       CK->Q  R     DFFR_X1         5  8.1    23   115     115    (-,-) 
  mac_row_gen[7].mac_col_gen[10].mac_inst_mul_result_latched[14]        -       -      -     (net)           -    -     -     -       -    (-,-) 
  mac_row_gen[7].mac_col_gen[10].mac_inst_turnip/g11427/Z               -       S->Z   F     MUX2_X1         3  7.0    16    72     187    (-,-) 
  mac_row_gen[7].mac_col_gen[10].mac_inst_turnip/n_686                  -       -      -     (net)           -    -     -     -       -    (-,-) 
  mac_row_gen[7].mac_col_gen[10].mac_inst_turnip/g11316/ZN              -       A3->ZN R     NAND4_X2        1  3.6    15    26     213    (-,-) 
  mac_row_gen[7].mac_col_gen[10].mac_inst_turnip/n_238                  -       -      -     (net)           -    -     -     -       -    (-,-) 
  mac_row_gen[7].mac_col_gen[10].mac_inst_turnip/g11313/ZN              -       A2->ZN R     AND3_X4         8 20.7    17    52     266    (-,-) 
  mac_row_gen[7].mac_col_gen[10].mac_inst_turnip/n_171                  -       -      -     (net)           -    -     -     -       -    (-,-) 
  mac_row_gen[7].mac_col_gen[10].mac_inst_turnip/g11304/ZN              -       A->ZN  F     INV_X4         24 48.0    14    25     291    (-,-) 
  mac_row_gen[7].mac_col_gen[10].mac_inst_turnip/n_665                  -       -      -     (net)           -    -     -     -       -    (-,-) 
  mac_row_gen[7].mac_col_gen[10].mac_inst_turnip/g11271/ZN              -       A1->ZN R     NAND2_X1        1  2.0    10    18     309    (-,-) 
  mac_row_gen[7].mac_col_gen[10].mac_inst_turnip/n_261                  -       -      -     (net)           -    -     -     -       -    (-,-) 
  mac_row_gen[7].mac_col_gen[10].mac_inst_turnip/g11260/ZN              -       A->ZN  F     OAI21_X1        3  5.2    15    26     334    (-,-) 
  mac_row_gen[7].mac_col_gen[10].mac_inst_turnip/n_276                  -       -      -     (net)           -    -     -     -       -    (-,-) 
  mac_row_gen[7].mac_col_gen[10].mac_inst_turnip/g11198/ZN              -       B1->ZN R     AOI22_X1        2  5.3    42    62     397    (-,-) 
  mac_row_gen[7].mac_col_gen[10].mac_inst_turnip/n_334                  -       -      -     (net)           -    -     -     -       -    (-,-) 
  mac_row_gen[7].mac_col_gen[10].mac_inst_turnip/g11169/ZN              -       B1->ZN F     OAI21_X2        3  6.8    17    26     423    (-,-) 
  mac_row_gen[7].mac_col_gen[10].mac_inst_turnip/n_357                  -       -      -     (net)           -    -     -     -       -    (-,-) 
  mac_row_gen[7].mac_col_gen[10].mac_inst_turnip/g11135/ZN              -       A2->ZN R     NAND2_X2        3  7.2    14    26     448    (-,-) 
  mac_row_gen[7].mac_col_gen[10].mac_inst_turnip/n_397                  -       -      -     (net)           -    -     -     -       -    (-,-) 
  mac_row_gen[7].mac_col_gen[10].mac_inst_turnip/g11125/ZN              -       A->ZN  F     INV_X2          2  3.5     5     9     457    (-,-) 
  mac_row_gen[7].mac_col_gen[10].mac_inst_turnip/n_396                  -       -      -     (net)           -    -     -     -       -    (-,-) 
  mac_row_gen[7].mac_col_gen[10].mac_inst_turnip/g11100/ZN              -       A1->ZN R     NAND2_X1        3  6.4    21    24     481    (-,-) 
  mac_row_gen[7].mac_col_gen[10].mac_inst_turnip/n_425                  -       -      -     (net)           -    -     -     -       -    (-,-) 
  mac_row_gen[7].mac_col_gen[10].mac_inst_turnip/g11077/ZN              -       A1->ZN F     NAND2_X2        6 10.6    14    25     506    (-,-) 
  mac_row_gen[7].mac_col_gen[10].mac_inst_turnip/n_172                  -       -      -     (net)           -    -     -     -       -    (-,-) 
  mac_row_gen[7].mac_col_gen[10].mac_inst_turnip/g11046/ZN              -       A1->ZN F     AND2_X1         2  3.6     8    35     540    (-,-) 
  mac_row_gen[7].mac_col_gen[10].mac_inst_turnip/n_474                  -       -      -     (net)           -    -     -     -       -    (-,-) 
  mac_row_gen[7].mac_col_gen[10].mac_inst_turnip/g11024/ZN              -       A1->ZN R     NAND2_X1        1  3.4    13    18     559    (-,-) 
  mac_row_gen[7].mac_col_gen[10].mac_inst_turnip/n_484                  -       -      -     (net)           -    -     -     -       -    (-,-) 
  mac_row_gen[7].mac_col_gen[10].mac_inst_turnip/g11006/ZN              -       A1->ZN F     NAND2_X2        6 16.8    19    28     587    (-,-) 
  mac_row_gen[7].mac_col_gen[10].mac_inst_turnip/n_506                  -       -      -     (net)           -    -     -     -       -    (-,-) 
  mac_row_gen[7].mac_col_gen[10].mac_inst_turnip/g10985/ZN              -       A2->ZN R     NOR2_X2         2  3.9    17    34     621    (-,-) 
  mac_row_gen[7].mac_col_gen[10].mac_inst_turnip/n_525                  -       -      -     (net)           -    -     -     -       -    (-,-) 
  mac_row_gen[7].mac_col_gen[10].mac_inst_turnip/g10981/ZN              -       A->ZN  F     INV_X1          1  5.9     9    16     637    (-,-) 
  mac_row_gen[7].mac_col_gen[10].mac_inst_turnip/n_526                  -       -      -     (net)           -    -     -     -       -    (-,-) 
  mac_row_gen[7].mac_col_gen[10].mac_inst_turnip/g10966/ZN              -       B1->ZN R     OAI21_X4        8 15.3    28    38     675    (-,-) 
  mac_row_gen[7].mac_col_gen[10].mac_inst_turnip/n_613                  -       -      -     (net)           -    -     -     -       -    (-,-) 
  mac_row_gen[7].mac_col_gen[10].mac_inst_turnip/g10950/ZN              -       A1->ZN F     NAND2_X1        2  3.5    13    22     697    (-,-) 
  mac_row_gen[7].mac_col_gen[10].mac_inst_turnip/n_554                  -       -      -     (net)           -    -     -     -       -    (-,-) 
  mac_row_gen[7].mac_col_gen[10].mac_inst_turnip/g10945/ZN              -       A->ZN  R     OAI21_X1        1  1.9    19    23     720    (-,-) 
  mac_row_gen[7].mac_col_gen[10].mac_inst_turnip/n_557                  -       -      -     (net)           -    -     -     -       -    (-,-) 
  mac_row_gen[7].mac_col_gen[10].mac_inst_turnip/g10928/ZN              -       A2->ZN F     NAND3_X1        3  5.1    19    33     753    (-,-) 
  mac_row_gen[7].mac_col_gen[10].mac_inst_turnip/n_575                  -       -      -     (net)           -    -     -     -       -    (-,-) 
  mac_row_gen[7].mac_col_gen[10].mac_inst_turnip/g10917/ZN              -       B1->ZN R     AOI21_X1        2  3.8    31    41     794    (-,-) 
  mac_row_gen[7].mac_col_gen[10].mac_inst_turnip/n_583                  -       -      -     (net)           -    -     -     -       -    (-,-) 
  mac_row_gen[7].mac_col_gen[10].mac_inst_turnip/g10913/ZN              -       A1->ZN F     NAND2_X1        6 10.6    24    40     834    (-,-) 
  mac_row_gen[7].mac_col_gen[10].mac_inst_turnip/n_586                  -       -      -     (net)           -    -     -     -       -    (-,-) 
  mac_row_gen[7].mac_col_gen[10].mac_inst_turnip/g10908/ZN              -       A1->ZN R     NAND3_X1        1  2.0    16    23     857    (-,-) 
  mac_row_gen[7].mac_col_gen[10].mac_inst_turnip/n_588                  -       -      -     (net)           -    -     -     -       -    (-,-) 
  mac_row_gen[7].mac_col_gen[10].mac_inst_turnip/g10906/ZN              -       A->ZN  F     OAI21_X1        1  2.4    16    22     879    (-,-) 
  mac_row_gen[7].mac_col_gen[10].mac_inst_turnip/n_590                  -       -      -     (net)           -    -     -     -       -    (-,-) 
  mac_row_gen[7].mac_col_gen[10].mac_inst_turnip/g10900/ZN              -       A->ZN  F     XNOR2_X1        3  3.2    13    44     923    (-,-) 
  mac_row_gen[7].mac_col_gen[10].mac_inst_turnip/n_599                  -       -      -     (net)           -    -     -     -       -    (-,-) 
  mac_row_gen[7].mac_col_gen[10].mac_inst_turnip/g3455/Z                -       A->Z   F     MUX2_X1         2  3.6    12    64     988    (-,-) 
  mac_row_gen[7].mac_col_gen[10].mac_inst_turnip/n_75                   -       -      -     (net)           -    -     -     -       -    (-,-) 
  mac_row_gen[7].mac_col_gen[10].mac_inst_turnip/g3449/ZN               -       A->ZN  R     INV_X1          1  7.0    18    27    1015    (-,-) 
  mac_row_gen[7].mac_col_gen[10].mac_inst_turnip/n_76                   -       -      -     (net)           -    -     -     -       -    (-,-) 
  mac_row_gen[7].mac_col_gen[10].mac_inst_turnip/g3402/ZN               -       A2->ZN F     NOR2_X4         2  4.9     7    11    1026    (-,-) 
  mac_row_gen[7].mac_col_gen[10].mac_inst_turnip/n_124                  -       -      -     (net)           -    -     -     -       -    (-,-) 
  mac_row_gen[7].mac_col_gen[10].mac_inst_turnip/g3398/ZN               -       A1->ZN R     NAND2_X2        2  9.0    16    20    1047    (-,-) 
  mac_row_gen[7].mac_col_gen[10].mac_inst_turnip/n_128                  -       -      -     (net)           -    -     -     -       -    (-,-) 
  mac_row_gen[7].mac_col_gen[10].mac_inst_turnip/g3394/ZN               -       A1->ZN F     NOR2_X4         3  9.3     8    11    1058    (-,-) 
  mac_row_gen[7].mac_col_gen[10].mac_inst_turnip/n_132                  -       -      -     (net)           -    -     -     -       -    (-,-) 
  mac_row_gen[7].mac_col_gen[10].mac_inst_turnip/g3391/ZN               -       A1->ZN R     NAND2_X4        3  8.9    11    15    1074    (-,-) 
  mac_row_gen[7].mac_col_gen[10].mac_inst_turnip/n_136                  -       -      -     (net)           -    -     -     -       -    (-,-) 
  mac_row_gen[7].mac_col_gen[10].mac_inst_turnip/g3390/ZN               -       A->ZN  F     INV_X2          2  4.9     5     9    1083    (-,-) 
  mac_row_gen[7].mac_col_gen[10].mac_inst_turnip/n_135                  -       -      -     (net)           -    -     -     -       -    (-,-) 
  mac_row_gen[7].mac_col_gen[10].mac_inst_turnip/g3386/ZN               -       A1->ZN R     NAND2_X2        2  4.4    11    14    1097    (-,-) 
  mac_row_gen[7].mac_col_gen[10].mac_inst_turnip/n_140                  -       -      -     (net)           -    -     -     -       -    (-,-) 
  mac_row_gen[7].mac_col_gen[10].mac_inst_turnip/g3366/ZN               -       A->ZN  R     XNOR2_X1        1  1.9    20    39    1135    (-,-) 
  mac_row_gen[7].mac_col_gen[10].mac_inst_turnip/n_150                  -       -      -     (net)           -    -     -     -       -    (-,-) 
  mac_row_gen[7].mac_col_gen[10].mac_inst_turnip/g3359/ZN               -       B1->ZN F     AOI21_X1        1  1.2    11    16    1151    (-,-) 
  mac_ifs[234]_out_accumulate[13]                                       -       -      -     (net)           -    -     -     -       -    (-,-) 
  g7883/Z                                                               -       B->Z   F     MUX2_X1         1  1.4    10    58    1209    (-,-) 
  n_326058                                                              -       -      -     (net)           -    -     -     -       -    (-,-) 
  MAC_outputs_reg[7][10][13]/D                                          <<<     -      F     DFFR_X1         1    -     -     0    1209    (-,-) 
#------------------------------------------------------------------------------------------------------------------------------------------------

Capture clock path:
#-------------------------------------------------------------------------------------------------------
#         Timing Point          Flags   Arc   Edge   Cell      Fanout Load Trans Delay Arrival Instance 
#                                                                     (fF)  (ps)  (ps)   (ps)  Location 
#-------------------------------------------------------------------------------------------------------
  clk                           (i)     -     R     (arrival)  116766  0.0     0     0    1250    (-,-) 
  clk                           -       -     -     (net)           -    -     -     -       -    (-,-) 
  clk                           -       -     -     (net)           -    -     -     -       -    (-,-) 
  MAC_outputs_reg[7][10][13]/CK <<<     -     R     DFFR_X1    116766    -     1     0    1250    (-,-) 
#-------------------------------------------------------------------------------------------------------


