============================================================
  Generated by:           Genus(TM) Synthesis Solution 25.11-s095_1
  Generated on:           May 24 2026  08:47:43 pm
  Module:                 sysarr_32_input_fp_adder
  Operating conditions:   typical 
  Interconnect mode:      global
  Area mode:              physical library
============================================================


Path 1: MET (0 ps) Setup Check with Pin aligner_inst_aligned_mant_out_reg[9][15]/CK->D
           View: view_1p2_25
          Group: clock1
     Startpoint: (R) aligner_inst_max_l3_n0_r_reg[7]/CK
          Clock: (R) clock1
       Endpoint: (R) aligner_inst_aligned_mant_out_reg[9][15]/D
          Clock: (R) clock1

                     Capture       Launch     
        Clock Edge:+    1000            0     
       Src Latency:+       0            0     
       Net Latency:+       0 (I)        0 (I) 
           Arrival:=    1000            0     
                                              
             Setup:-      36                  
       Uncertainty:-       0                  
     Required Time:=     964                  
      Launch Clock:-       0                  
         Data Path:-     964                  
             Slack:=       0                  

Launch clock path:
#-----------------------------------------------------------------------------------------------------------
#           Timing Point             Flags   Arc   Edge   Cell     Fanout Load Trans Delay Arrival Instance 
#                                                                         (fF)  (ps)  (ps)   (ps)  Location 
#-----------------------------------------------------------------------------------------------------------
  clk                                (i)     -     R     (arrival)   2332  0.0     0     0       0    (-,-) 
  clk                                -       -     -     (net)          -    -     -     -       -    (-,-) 
  clk                                -       -     -     (net)          -    -     -     -       -    (-,-) 
  aligner_inst_max_l3_n0_r_reg[7]/CK <<<     -     R     DFFR_X1     2332    -     1     0       0    (-,-) 
#-----------------------------------------------------------------------------------------------------------

#--------------------------------------------------------------------------------------------------------------------
#               Timing Point                 Flags    Arc   Edge   Cell     Fanout Load Trans Delay Arrival Instance 
#                                                                                  (fF)  (ps)  (ps)   (ps)  Location 
#--------------------------------------------------------------------------------------------------------------------
  aligner_inst_max_l3_n0_r_reg[7]/CK         -       -      R     (arrival)   2332    -     1     0       0    (-,-) 
  aligner_inst_max_l3_n0_r_reg[7]/QN         -       CK->QN R     DFFR_X1        1  3.6    14    71      71    (-,-) 
  aligner_inst_max_l3_n0_r[7]                -       -      -     (net)          -    -     -     -       -    (-,-) 
  g1705/ZN                                   -       A->ZN  F     INV_X2         2  4.9     6    10      81    (-,-) 
  n_23597                                    -       -      -     (net)          -    -     -     -       -    (-,-) 
  g1703/ZN                                   -       A1->ZN R     NAND2_X2       5 10.5    18    22     103    (-,-) 
  n_23598                                    -       -      -     (net)          -    -     -     -       -    (-,-) 
  g1691/ZN                                   -       A1->ZN R     AND3_X2        1  2.0     9    39     142    (-,-) 
  n_23610                                    -       -      -     (net)          -    -     -     -       -    (-,-) 
  g1687/ZN                                   -       A->ZN  F     OAI21_X1       1  3.4    12    22     164    (-,-) 
  n_23613                                    -       -      -     (net)          -    -     -     -       -    (-,-) 
  g1683/ZN                                   -       A2->ZN R     NAND3_X2       2  8.1    17    26     190    (-,-) 
  n_23619                                    -       -      -     (net)          -    -     -     -       -    (-,-) 
  g404479/ZN                                 -       A1->ZN F     NAND2_X4       2  9.1     9    17     206    (-,-) 
  n_17182                                    -       -      -     (net)          -    -     -     -       -    (-,-) 
  g404478/ZN                                 -       A->ZN  R     INV_X4         4 19.8    14    21     228    (-,-) 
  n_17183                                    -       -      -     (net)          -    -     -     -       -    (-,-) 
  g399189/ZN                                 -       A->ZN  F     INV_X4         2  9.1     6    10     238    (-,-) 
  n_3257                                     -       -      -     (net)          -    -     -     -       -    (-,-) 
  g407050/ZN                                 -       A1->ZN R     NAND2_X2       2 12.5    20    24     262    (-,-) 
  n_19795                                    -       -      -     (net)          -    -     -     -       -    (-,-) 
  g399169_dup/ZN                             -       A1->ZN F     NAND2_X4       3 18.6    13    23     285    (-,-) 
  n_19802                                    -       -      -     (net)          -    -     -     -       -    (-,-) 
  g407057/ZN                                 -       A->ZN  R     INV_X4         7 25.6    17    27     312    (-,-) 
  n_19805                                    -       -      -     (net)          -    -     -     -       -    (-,-) 
  g398957/ZN                                 -       A->ZN  F     INV_X1         3  5.2     9    16     327    (-,-) 
  n_3305                                     -       -      -     (net)          -    -     -     -       -    (-,-) 
  g398706/ZN                                 -       A1->ZN R     NAND2_X1       1  3.4    13    19     346    (-,-) 
  n_3362                                     -       -      -     (net)          -    -     -     -       -    (-,-) 
  g408791/ZN                                 -       A1->ZN F     NAND2_X2       5 10.5    13    22     368    (-,-) 
  n_22045                                    -       -      -     (net)          -    -     -     -       -    (-,-) 
  g408790/ZN                                 -       A->ZN  R     INV_X2         3  7.2    12    20     388    (-,-) 
  n_22046                                    -       -      -     (net)          -    -     -     -       -    (-,-) 
  g397650/ZN                                 -       A1->ZN F     NAND2_X2       8 12.5    15    23     411    (-,-) 
  n_4245                                     -       -      -     (net)          -    -     -     -       -    (-,-) 
  g397101/ZN                                 -       A1->ZN R     NAND2_X1       1  1.9    10    18     429    (-,-) 
  n_4542                                     -       -      -     (net)          -    -     -     -       -    (-,-) 
  g396447/ZN                                 -       A->ZN  F     OAI211_X1      1  1.8    16    27     456    (-,-) 
  n_5144                                     -       -      -     (net)          -    -     -     -       -    (-,-) 
  g396381/ZN                                 -       A->ZN  R     INV_X1         1  1.9     9    17     473    (-,-) 
  n_5225                                     -       -      -     (net)          -    -     -     -       -    (-,-) 
  g395234/ZN                                 -       B1->ZN F     AOI21_X1       1  1.8    10    14     486    (-,-) 
  n_6198                                     -       -      -     (net)          -    -     -     -       -    (-,-) 
  g394072/ZN                                 -       A2->ZN R     NAND2_X1       1  2.0    11    18     504    (-,-) 
  n_7149                                     -       -      -     (net)          -    -     -     -       -    (-,-) 
  g393814/ZN                                 -       A2->ZN F     NAND2_X1       1  6.6    15    25     529    (-,-) 
  n_7328                                     -       -      -     (net)          -    -     -     -       -    (-,-) 
  g392915/ZN                                 -       A2->ZN R     NOR2_X4        2  8.4    17    33     562    (-,-) 
  n_8331                                     -       -      -     (net)          -    -     -     -       -    (-,-) 
  g392368/ZN                                 -       A1->ZN F     NOR2_X1        1  3.5    18    14     576    (-,-) 
  n_8607                                     -       -      -     (net)          -    -     -     -       -    (-,-) 
  g391068/ZN                                 -       A2->ZN R     NOR2_X2        1  6.3    23    39     615    (-,-) 
  n_9892                                     -       -      -     (net)          -    -     -     -       -    (-,-) 
  g390897/ZN                                 -       A1->ZN F     NAND2_X4       3 11.1    11    19     634    (-,-) 
  n_10106                                    -       -      -     (net)          -    -     -     -       -    (-,-) 
  g390722/ZN                                 -       A1->ZN R     NOR2_X4        1  3.8    13    20     654    (-,-) 
  n_10213                                    -       -      -     (net)          -    -     -     -       -    (-,-) 
  g390595/ZN                                 -       A2->ZN F     NAND2_X2       1  3.0     7    14     668    (-,-) 
  n_10312                                    -       -      -     (net)          -    -     -     -       -    (-,-) 
  g390481/ZN                                 -       A1->ZN R     NOR2_X2        1  1.9    12    19     687    (-,-) 
  n_10406                                    -       -      -     (net)          -    -     -     -       -    (-,-) 
  g405286/ZN                                 -       A1->ZN F     NAND2_X1       2  4.3    11    19     706    (-,-) 
  n_18001                                    -       -      -     (net)          -    -     -     -       -    (-,-) 
  g405290/ZN                                 -       A2->ZN R     NAND2_X2       1  3.6    10    18     725    (-,-) 
  n_18006                                    -       -      -     (net)          -    -     -     -       -    (-,-) 
  g406174/ZN                                 -       A->ZN  F     INV_X2         1  6.0     6    10     734    (-,-) 
  n_18915                                    -       -      -     (net)          -    -     -     -       -    (-,-) 
  g406746/ZN                                 -       A1->ZN R     NAND2_X4       5 16.4    15    19     753    (-,-) 
  n_19499                                    -       -      -     (net)          -    -     -     -       -    (-,-) 
  g406179/ZN                                 -       A->ZN  F     INV_X2         2  4.9     6    10     764    (-,-) 
  n_18922                                    -       -      -     (net)          -    -     -     -       -    (-,-) 
  g389851/ZN                                 -       A->ZN  R     INV_X1         3  5.9    16    22     785    (-,-) 
  n_10882                                    -       -      -     (net)          -    -     -     -       -    (-,-) 
  g389718/ZN                                 -       A1->ZN R     AND2_X2        2  6.9    13    37     822    (-,-) 
  n_11050                                    -       -      -     (net)          -    -     -     -       -    (-,-) 
  g389531/ZN                                 -       A1->ZN F     NAND2_X2       2  6.9    16    18     840    (-,-) 
  n_11206                                    -       -      -     (net)          -    -     -     -       -    (-,-) 
  g389360/ZN                                 -       A1->ZN R     NAND2_X4       1 12.1    13    22     862    (-,-) 
  n_11297                                    -       -      -     (net)          -    -     -     -       -    (-,-) 
  g389244/ZN                                 -       A->ZN  F     INV_X8        16 30.1     7    13     875    (-,-) 
  n_11342                                    -       -      -     (net)          -    -     -     -       -    (-,-) 
  g388689/ZN                                 -       B1->ZN R     AOI21_X1       2  4.4    34    39     914    (-,-) 
  n_11968                                    -       -      -     (net)          -    -     -     -       -    (-,-) 
  g410414/Z                                  -       A->Z   R     XOR2_X1        1  1.4    20    50     964    (-,-) 
  n_23782                                    -       -      -     (net)          -    -     -     -       -    (-,-) 
  aligner_inst_aligned_mant_out_reg[9][15]/D <<<     -      R     DFFR_X1        1    -     -     0     964    (-,-) 
#--------------------------------------------------------------------------------------------------------------------

Capture clock path:
#--------------------------------------------------------------------------------------------------------------------
#                Timing Point                 Flags   Arc   Edge   Cell     Fanout Load Trans Delay Arrival Instance 
#                                                                                  (fF)  (ps)  (ps)   (ps)  Location 
#--------------------------------------------------------------------------------------------------------------------
  clk                                         (i)     -     R     (arrival)   2332  0.0     0     0    1000    (-,-) 
  clk                                         -       -     -     (net)          -    -     -     -       -    (-,-) 
  clk                                         -       -     -     (net)          -    -     -     -       -    (-,-) 
  aligner_inst_aligned_mant_out_reg[9][15]/CK <<<     -     R     DFFR_X1     2332    -     1     0    1000    (-,-) 
#--------------------------------------------------------------------------------------------------------------------


