============================================================
  Generated by:           Genus(TM) Synthesis Solution 25.11-s095_1
  Generated on:           May 24 2026  04:19:21 pm
  Module:                 sysarr_32_input_fp_adder
  Library domain:         timing_condition_tt_1p2v_25c
    Domain index:         0
    Technology library:   NangateOpenCellLibrary revision 1.0
  Operating conditions:   typical 
  Interconnect mode:      global
  Area mode:              physical library
============================================================

Timing
--------

Analysis view  Clock Period 
----------------------------
view_1p2_25   clock1 1000.0 


  Analysis    Cost   Critical        Violating 
    View     Group  Path Slack  TNS    Paths   
-----------------------------------------------
view_1p2_25  clock1        0.0  0.0          0 
            default   No paths  0.0          0 
-----------------------------------------------
Total                          -0.0          0 
                                               

Instance Count
--------------
Leaf Instance Count             21917 
Physical Instance count             0 
Sequential Instance Count        2650 
Combinational Instance Count    19267 
Hierarchical Instance Count         0 

Area
----
Cell Area                          34377.840
Physical Cell Area                 0.000
Total Cell Area (Cell+Physical)    34377.840
Net Area                           26810.658
Total Area (Cell+Physical+Net)     61188.498

Power
-----
Leakage Power                      761953.377 nW
Dynamic Power                      76805952.629 nW
Total Power                        77567906.007 nW

Max Fanout                         2650 (clk)
Min Fanout                         0 (n_756)
Average Fanout                     2.1
Terms to net ratio                 3.2508
Terms to instance ratio            3.3722
Runtime                            49.923479 seconds
Elapsed Runtime                    55 seconds
Genus peak memory usage            1769.07 
Innovus peak memory usage          no_value 
Hostname                           asicfab.ecn.purdue.edu
