============================================================
  Generated by:           Genus(TM) Synthesis Solution 25.11-s095_1
  Generated on:           May 24 2026  04:19:29 pm
  Module:                 sysarr_32_input_fp_adder
  Operating conditions:   typical 
  Interconnect mode:      global
  Area mode:              physical library
============================================================


Path 1: MET (0 ps) Setup Check with Pin abs_sum_reg[15]/CK->D
           View: view_1p2_25
          Group: clock1
     Startpoint: (R) adder_tree_inst_s0_g8_r_reg[23]/CK
          Clock: (R) clock1
       Endpoint: (F) abs_sum_reg[15]/D
          Clock: (R) clock1

                     Capture       Launch     
        Clock Edge:+    1000            0     
       Src Latency:+       0            0     
       Net Latency:+       0 (I)        0 (I) 
           Arrival:=    1000            0     
                                              
             Setup:-      40                  
       Uncertainty:-       0                  
     Required Time:=     960                  
      Launch Clock:-       0                  
         Data Path:-     960                  
             Slack:=       0                  

Launch clock path:
#-----------------------------------------------------------------------------------------------------------
#           Timing Point             Flags   Arc   Edge   Cell     Fanout Load Trans Delay Arrival Instance 
#                                                                         (fF)  (ps)  (ps)   (ps)  Location 
#-----------------------------------------------------------------------------------------------------------
  clk                                (i)     -     R     (arrival)   2650  0.0     0     0       0    (-,-) 
  clk                                -       -     -     (net)          -    -     -     -       -    (-,-) 
  clk                                -       -     -     (net)          -    -     -     -       -    (-,-) 
  adder_tree_inst_s0_g8_r_reg[23]/CK <<<     -     R     DFFR_X1     2650    -     1     0       0    (-,-) 
#-----------------------------------------------------------------------------------------------------------

#-------------------------------------------------------------------------------------------------------------------------
#                  Timing Point                   Flags    Arc   Edge   Cell     Fanout Load Trans Delay Arrival Instance 
#                                                                                       (fF)  (ps)  (ps)   (ps)  Location 
#-------------------------------------------------------------------------------------------------------------------------
  adder_tree_inst_s0_g8_r_reg[23]/CK              -       -      R     (arrival)   2650    -     1     0       0    (-,-) 
  adder_tree_inst_s0_g8_r_reg[23]/QN              -       CK->QN F     DFFR_X1        1  1.8    12    65      65    (-,-) 
  n_11779                                         -       -      -     (net)          -    -     -     -       -    (-,-) 
  g187275/ZN                                      -       A->ZN  R     INV_X1         3  5.8    16    24      89    (-,-) 
  adder_tree_inst_s0_g8_r[23]                     -       -      -     (net)          -    -     -     -       -    (-,-) 
  csa_tree_adder_tree_inst_add_125_50_g31147/ZN   -       A->ZN  F     INV_X1         1  1.8     6     9      98    (-,-) 
  csa_tree_adder_tree_inst_add_125_50_n_483       -       -      -     (net)          -    -     -     -       -    (-,-) 
  csa_tree_adder_tree_inst_add_125_50_g30597/ZN   -       A1->ZN R     NAND2_X1       1  2.0    10    14     112    (-,-) 
  csa_tree_adder_tree_inst_add_125_50_n_966       -       -      -     (net)          -    -     -     -       -    (-,-) 
  csa_tree_adder_tree_inst_add_125_50_g30189/ZN   -       A2->ZN F     NAND2_X1       1  4.1    11    19     131    (-,-) 
  csa_tree_adder_tree_inst_add_125_50_n_1365      -       -      -     (net)          -    -     -     -       -    (-,-) 
  csa_tree_adder_tree_inst_add_125_50_g29985/ZN   -       A->ZN  F     XNOR2_X2       3  5.3    12    39     170    (-,-) 
  csa_tree_adder_tree_inst_add_125_50_n_271       -       -      -     (net)          -    -     -     -       -    (-,-) 
  csa_tree_adder_tree_inst_add_125_50_g29757/ZN   -       A->ZN  R     INV_X1         1  4.3    13    21     190    (-,-) 
  csa_tree_adder_tree_inst_add_125_50_n_1627      -       -      -     (net)          -    -     -     -       -    (-,-) 
  csa_tree_adder_tree_inst_add_125_50_g29413/ZN   -       A->ZN  R     XNOR2_X2       1  4.3    21    39     229    (-,-) 
  csa_tree_adder_tree_inst_add_125_50_n_1916      -       -      -     (net)          -    -     -     -       -    (-,-) 
  csa_tree_adder_tree_inst_add_125_50_g29205/ZN   -       A->ZN  R     XNOR2_X2       3  8.0    29    46     274    (-,-) 
  csa_tree_adder_tree_inst_add_125_50_n_2086      -       -      -     (net)          -    -     -     -       -    (-,-) 
  csa_tree_adder_tree_inst_add_125_50_g28885/ZN   -       A->ZN  R     XNOR2_X2       1  4.3    21    43     318    (-,-) 
  csa_tree_adder_tree_inst_add_125_50_n_2287      -       -      -     (net)          -    -     -     -       -    (-,-) 
  csa_tree_adder_tree_inst_add_125_50_g28741/ZN   -       A->ZN  R     XNOR2_X2       3  6.2    25    44     361    (-,-) 
  csa_tree_adder_tree_inst_add_125_50_n_2413      -       -      -     (net)          -    -     -     -       -    (-,-) 
  csa_tree_adder_tree_inst_add_125_50_g31428/Z    -       A->Z   R     XOR2_X1        1  2.5    25    54     416    (-,-) 
  csa_tree_adder_tree_inst_add_125_50_n_188       -       -      -     (net)          -    -     -     -       -    (-,-) 
  csa_tree_adder_tree_inst_add_125_50_g28301/ZN   -       A->ZN  R     XNOR2_X1       1  3.1    25    46     462    (-,-) 
  csa_tree_adder_tree_inst_add_125_50_n_2750      -       -      -     (net)          -    -     -     -       -    (-,-) 
  csa_tree_adder_tree_inst_add_125_50_g28161/S    -       CI->S  F     FA_X1          7 15.6    30   120     582    (-,-) 
  n_12545                                         -       -      -     (net)          -    -     -     -       -    (-,-) 
  final_adder_adder_tree_inst_add_125_50_g2172/ZN -       A1->ZN R     NOR2_X2        2  3.9    19    34     616    (-,-) 
  final_adder_adder_tree_inst_add_125_50_n_67     -       -      -     (net)          -    -     -     -       -    (-,-) 
  final_adder_adder_tree_inst_add_125_50_g2141/ZN -       A->ZN  F     INV_X1         2  4.9     9    15     631    (-,-) 
  final_adder_adder_tree_inst_add_125_50_n_68     -       -      -     (net)          -    -     -     -       -    (-,-) 
  final_adder_adder_tree_inst_add_125_50_g2051/ZN -       B2->ZN R     AOI21_X2       1  3.5    22    31     662    (-,-) 
  final_adder_adder_tree_inst_add_125_50_n_177    -       -      -     (net)          -    -     -     -       -    (-,-) 
  final_adder_adder_tree_inst_add_125_50_g2044/ZN -       A->ZN  F     OAI21_X2       1  1.8    10    20     682    (-,-) 
  final_adder_adder_tree_inst_add_125_50_n_184    -       -      -     (net)          -    -     -     -       -    (-,-) 
  final_adder_adder_tree_inst_add_125_50_g2043/ZN -       A->ZN  R     INV_X1         1  6.5    17    25     707    (-,-) 
  final_adder_adder_tree_inst_add_125_50_n_185    -       -      -     (net)          -    -     -     -       -    (-,-) 
  final_adder_adder_tree_inst_add_125_50_g2010/ZN -       A2->ZN F     NAND2_X4       3  9.9     8    18     725    (-,-) 
  final_adder_adder_tree_inst_add_125_50_n_216    -       -      -     (net)          -    -     -     -       -    (-,-) 
  final_adder_adder_tree_inst_add_125_50_g1994/ZN -       B1->ZN R     AOI21_X4       2  6.9    22    26     751    (-,-) 
  final_adder_adder_tree_inst_add_125_50_n_20     -       -      -     (net)          -    -     -     -       -    (-,-) 
  final_adder_adder_tree_inst_add_125_50_g2/ZN    -       B1->ZN F     OAI21_X2       1  3.2    10    17     768    (-,-) 
  final_adder_adder_tree_inst_add_125_50_n_11     -       -      -     (net)          -    -     -     -       -    (-,-) 
  fopt373747/ZN                                   -       A->ZN  R     INV_X2         2 12.8    17    25     793    (-,-) 
  n_13015                                         -       -      -     (net)          -    -     -     -       -    (-,-) 
  g190368__6161/ZN                                -       A1->ZN F     NAND2_X4      21 34.2    19    30     824    (-,-) 
  n_11411                                         -       -      -     (net)          -    -     -     -       -    (-,-) 
  g190363__5115/ZN                                -       A1->ZN F     AND2_X4       33 61.1    19    51     875    (-,-) 
  n_11415                                         -       -      -     (net)          -    -     -     -       -    (-,-) 
  g190243__2398/ZN                                -       B2->ZN R     AOI221_X2      1  2.0    37    76     951    (-,-) 
  n_11529                                         -       -      -     (net)          -    -     -     -       -    (-,-) 
  g190228/ZN                                      -       A->ZN  F     INV_X1         1  1.4     9     9     960    (-,-) 
  n_11543                                         -       -      -     (net)          -    -     -     -       -    (-,-) 
  abs_sum_reg[15]/D                               <<<     -      F     DFF_X1         1    -     -     0     960    (-,-) 
#-------------------------------------------------------------------------------------------------------------------------

Capture clock path:
#-------------------------------------------------------------------------------------------
#   Timing Point     Flags   Arc   Edge   Cell     Fanout Load Trans Delay Arrival Instance 
#                                                         (fF)  (ps)  (ps)   (ps)  Location 
#-------------------------------------------------------------------------------------------
  clk                (i)     -     R     (arrival)   2650  0.0     0     0    1000    (-,-) 
  clk                -       -     -     (net)          -    -     -     -       -    (-,-) 
  clk                -       -     -     (net)          -    -     -     -       -    (-,-) 
  abs_sum_reg[15]/CK <<<     -     R     DFF_X1      2650    -     1     0    1000    (-,-) 
#-------------------------------------------------------------------------------------------


