============================================================
  Generated by:           Genus(TM) Synthesis Solution 25.11-s095_1
  Generated on:           May 24 2026  09:41:37 pm
  Module:                 sysarr_32_input_fp_adder
  Operating conditions:   typical 
  Interconnect mode:      global
  Area mode:              physical library
============================================================

Timing
--------

Analysis view  Clock Period 
----------------------------
view_1p2_25   clock1 1000.0 


  Analysis    Cost   Critical        Violating 
    View     Group  Path Slack  TNS    Paths   
-----------------------------------------------
view_1p2_25  clock1        0.0  0.0          0 
            default   No paths  0.0          0 
-----------------------------------------------
Total                          -0.0          0 
                                               

Instance Count
--------------
Leaf Instance Count             23121 
Physical Instance count             0 
Sequential Instance Count        1602 
Combinational Instance Count    21519 
Hierarchical Instance Count         0 

Area
----
Cell Area                          31380.020
Physical Cell Area                 0.000
Total Cell Area (Cell+Physical)    31380.020
Net Area                           28728.161
Total Area (Cell+Physical+Net)     60108.181

Power
-----
Leakage Power                      754034.093 nW
Dynamic Power                      81079616.305 nW
Total Power                        81833650.398 nW

Max Fanout                         1602 (clk)
Min Fanout                         0 (w_aligned_mants[0][18])
Average Fanout                     2.0
Terms to net ratio                 3.0536
Terms to instance ratio            3.2427
Runtime                            52.097182000000004 seconds
Elapsed Runtime                    55 seconds
Genus peak memory usage            1768.82 
Innovus peak memory usage          no_value 
Hostname                           asicfab.ecn.purdue.edu
