============================================================
  Generated by:           Genus(TM) Synthesis Solution 25.11-s095_1
  Generated on:           Mar 10 2026  01:29:17 pm
  Module:                 mul_bf
  Operating conditions:   typical 
  Interconnect mode:      global
  Area mode:              physical library
============================================================

Timing
--------

Analysis view  Clock Period 
----------------------------
view_1p2_25   clock1 1163.0 


  Analysis    Cost   Critical        Violating 
    View     Group  Path Slack  TNS    Paths   
-----------------------------------------------
view_1p2_25  clock1        0.4  0.0          0 
            default   No paths  0.0          0 
-----------------------------------------------
Total                          -0.0          0 
                                               

Instance Count
--------------
Leaf Instance Count             518 
Physical Instance count           0 
Sequential Instance Count        25 
Combinational Instance Count    493 
Hierarchical Instance Count       0 

Area
----
Cell Area                          709.156
Physical Cell Area                 0.000
Total Cell Area (Cell+Physical)    709.156
Net Area                           681.433
Total Area (Cell+Physical+Net)     1390.589

Power
-----
Leakage Power                      16066.815 nW
Dynamic Power                      1114064.077 nW
Total Power                        1130130.892 nW

Max Fanout                         25 (clk)
Min Fanout                         0 (nRST)
Average Fanout                     2.0
Terms to net ratio                 2.9826
Terms to instance ratio            3.3108
Runtime                            42.998119 seconds
Elapsed Runtime                    49 seconds
Genus peak memory usage            1705.07 
Innovus peak memory usage          no_value 
Hostname                           asicfab.ecn.purdue.edu
