============================================================
  Generated by:           Genus(TM) Synthesis Solution 25.11-s095_1
  Generated on:           Jun 12 2026  08:46:21 pm
  Module:                 sysarr_32_input_fp_adder
  Operating conditions:   typical 
  Interconnect mode:      global
  Area mode:              physical library
============================================================


Path 1: MET (0 ps) Setup Check with Pin aligner_inst_aligned_mant_out_reg[1][26]/CK->D
           View: view_1p2_25
          Group: clock1
     Startpoint: (R) aligner_inst_max_l3_n0_r_reg[1]/CK
          Clock: (R) clock1
       Endpoint: (R) aligner_inst_aligned_mant_out_reg[1][26]/D
          Clock: (R) clock1

                     Capture       Launch     
        Clock Edge:+    1020            0     
       Src Latency:+       0            0     
       Net Latency:+       0 (I)        0 (I) 
           Arrival:=    1020            0     
                                              
             Setup:-      36                  
       Uncertainty:-       0                  
     Required Time:=     984                  
      Launch Clock:-       0                  
         Data Path:-     984                  
             Slack:=       0                  

Launch clock path:
#-----------------------------------------------------------------------------------------------------------
#           Timing Point             Flags   Arc   Edge   Cell     Fanout Load Trans Delay Arrival Instance 
#                                                                         (fF)  (ps)  (ps)   (ps)  Location 
#-----------------------------------------------------------------------------------------------------------
  clk                                (i)     -     R     (arrival)   1679  0.0     0     0       0    (-,-) 
  clk                                -       -     -     (net)          -    -     -     -       -    (-,-) 
  clk                                -       -     -     (net)          -    -     -     -       -    (-,-) 
  aligner_inst_max_l3_n0_r_reg[1]/CK <<<     -     R     DFFR_X1     1679    -     1     0       0    (-,-) 
#-----------------------------------------------------------------------------------------------------------

#--------------------------------------------------------------------------------------------------------------------
#               Timing Point                 Flags    Arc   Edge   Cell     Fanout Load Trans Delay Arrival Instance 
#                                                                                  (fF)  (ps)  (ps)   (ps)  Location 
#--------------------------------------------------------------------------------------------------------------------
  aligner_inst_max_l3_n0_r_reg[1]/CK         -       -      R     (arrival)   1679    -     1     0       0    (-,-) 
  aligner_inst_max_l3_n0_r_reg[1]/Q          -       CK->Q  R     DFFR_X1        2  8.4    23   115     115    (-,-) 
  n_692                                      -       -      -     (net)          -    -     -     -       -    (-,-) 
  g441896/ZN                                 -       B2->ZN F     AOI21_X1       1  3.0    11    21     136    (-,-) 
  n_2632                                     -       -      -     (net)          -    -     -     -       -    (-,-) 
  g441887/ZN                                 -       B1->ZN R     OAI21_X2       1  6.5    26    36     172    (-,-) 
  n_2641                                     -       -      -     (net)          -    -     -     -       -    (-,-) 
  g441883/ZN                                 -       A2->ZN F     NAND2_X4       2  9.2     9    19     191    (-,-) 
  n_2645                                     -       -      -     (net)          -    -     -     -       -    (-,-) 
  g441873/ZN                                 -       A2->ZN R     NAND2_X4       3 19.0    16    24     215    (-,-) 
  n_2654                                     -       -      -     (net)          -    -     -     -       -    (-,-) 
  g441872/ZN                                 -       A->ZN  F     INV_X4         1  6.0     6     9     224    (-,-) 
  n_2655                                     -       -      -     (net)          -    -     -     -       -    (-,-) 
  g441870/ZN                                 -       A1->ZN R     NAND2_X4       3 18.7    16    20     244    (-,-) 
  n_2659                                     -       -      -     (net)          -    -     -     -       -    (-,-) 
  g441623/ZN                                 -       A1->ZN F     NAND2_X4       7 23.2    14    24     268    (-,-) 
  n_2695                                     -       -      -     (net)          -    -     -     -       -    (-,-) 
  g441548/ZN                                 -       A->ZN  R     INV_X8         7 31.7    12    22     290    (-,-) 
  n_2694                                     -       -      -     (net)          -    -     -     -       -    (-,-) 
  g441523/ZN                                 -       A1->ZN F     NAND2_X4       3  9.5     9    15     305    (-,-) 
  n_2788                                     -       -      -     (net)          -    -     -     -       -    (-,-) 
  g441335/ZN                                 -       A->ZN  R     INV_X1         1  1.9     8    13     319    (-,-) 
  n_2787                                     -       -      -     (net)          -    -     -     -       -    (-,-) 
  g440588/ZN                                 -       A1->ZN F     NAND2_X1       1  1.8     7    12     331    (-,-) 
  n_3582                                     -       -      -     (net)          -    -     -     -       -    (-,-) 
  g440368/ZN                                 -       A1->ZN R     NAND2_X1       2  7.6    23    28     359    (-,-) 
  n_3896                                     -       -      -     (net)          -    -     -     -       -    (-,-) 
  g439716/ZN                                 -       B1->ZN F     AOI21_X2       2  7.0    12    22     381    (-,-) 
  n_4545                                     -       -      -     (net)          -    -     -     -       -    (-,-) 
  g438825/ZN                                 -       B1->ZN R     OAI21_X2       2  4.3    20    30     411    (-,-) 
  n_5389                                     -       -      -     (net)          -    -     -     -       -    (-,-) 
  g438387/ZN                                 -       A1->ZN F     NAND2_X1       1  1.8     9    16     427    (-,-) 
  n_5758                                     -       -      -     (net)          -    -     -     -       -    (-,-) 
  g438249/ZN                                 -       A1->ZN R     NAND2_X1       2  3.8    14    20     447    (-,-) 
  n_5966                                     -       -      -     (net)          -    -     -     -       -    (-,-) 
  g437859/ZN                                 -       A1->ZN F     NAND3_X1       1  1.8    12    19     466    (-,-) 
  n_6263                                     -       -      -     (net)          -    -     -     -       -    (-,-) 
  g437684/ZN                                 -       A->ZN  R     OAI21_X1       3  5.7    37    31     498    (-,-) 
  n_6532                                     -       -      -     (net)          -    -     -     -       -    (-,-) 
  g437501/ZN                                 -       A1->ZN F     NOR2_X1        4  8.2    16    26     523    (-,-) 
  n_6687                                     -       -      -     (net)          -    -     -     -       -    (-,-) 
  g437236/ZN                                 -       A1->ZN R     NAND2_X2       6 10.5    18    27     550    (-,-) 
  n_6955                                     -       -      -     (net)          -    -     -     -       -    (-,-) 
  g436905/ZN                                 -       A1->ZN R     OR2_X1         5  9.4    25    45     595    (-,-) 
  n_7296                                     -       -      -     (net)          -    -     -     -       -    (-,-) 
  g436160/ZN                                 -       A1->ZN F     OAI22_X1       3  6.2    19    32     627    (-,-) 
  n_8033                                     -       -      -     (net)          -    -     -     -       -    (-,-) 
  g435821/ZN                                 -       A2->ZN R     NOR2_X1        1  1.9    17    33     660    (-,-) 
  n_8280                                     -       -      -     (net)          -    -     -     -       -    (-,-) 
  g435515/ZN                                 -       A1->ZN F     NAND3_X1       1  2.9    15    24     684    (-,-) 
  n_8609                                     -       -      -     (net)          -    -     -     -       -    (-,-) 
  g435443/ZN                                 -       A1->ZN R     NOR3_X2        2  3.9    30    39     723    (-,-) 
  n_8727                                     -       -      -     (net)          -    -     -     -       -    (-,-) 
  g435351/ZN                                 -       A1->ZN R     AND2_X2        1  6.5    12    40     763    (-,-) 
  n_8786                                     -       -      -     (net)          -    -     -     -       -    (-,-) 
  g435171/ZN                                 -       A2->ZN F     NAND2_X4       3  9.3    11    16     779    (-,-) 
  n_8979                                     -       -      -     (net)          -    -     -     -       -    (-,-) 
  g435052/ZN                                 -       A1->ZN R     NOR2_X4        4 11.4    21    30     809    (-,-) 
  n_9095                                     -       -      -     (net)          -    -     -     -       -    (-,-) 
  g434538/ZN                                 -       B1->ZN F     AOI21_X4       3  9.9    14    19     828    (-,-) 
  n_9631                                     -       -      -     (net)          -    -     -     -       -    (-,-) 
  g434213_0/ZN                               -       A1->ZN R     NOR2_X4        1  3.4    12    21     849    (-,-) 
  n_12118                                    -       -      -     (net)          -    -     -     -       -    (-,-) 
  g433560_445025/ZN                          -       A1->ZN F     NAND2_X2       2  8.2    11    19     869    (-,-) 
  n_12171                                    -       -      -     (net)          -    -     -     -       -    (-,-) 
  g433097__5122/ZN                           -       A1->ZN R     NOR2_X4        2  5.3    14    22     891    (-,-) 
  n_10597                                    -       -      -     (net)          -    -     -     -       -    (-,-) 
  g432801__1666/ZN                           -       A1->ZN F     NAND2_X2       3  6.4    10    18     909    (-,-) 
  n_10715                                    -       -      -     (net)          -    -     -     -       -    (-,-) 
  g432229__7482/ZN                           -       B1->ZN R     OAI21_X2       1  3.5    19    27     936    (-,-) 
  n_10922                                    -       -      -     (net)          -    -     -     -       -    (-,-) 
  g432149__5122/S                            -       A->S   R     HA_X1          1  1.4    20    48     984    (-,-) 
  n_10962                                    -       -      -     (net)          -    -     -     -       -    (-,-) 
  aligner_inst_aligned_mant_out_reg[1][26]/D <<<     -      R     DFFR_X1        1    -     -     0     984    (-,-) 
#--------------------------------------------------------------------------------------------------------------------

Capture clock path:
#--------------------------------------------------------------------------------------------------------------------
#                Timing Point                 Flags   Arc   Edge   Cell     Fanout Load Trans Delay Arrival Instance 
#                                                                                  (fF)  (ps)  (ps)   (ps)  Location 
#--------------------------------------------------------------------------------------------------------------------
  clk                                         (i)     -     R     (arrival)   1679  0.0     0     0    1020    (-,-) 
  clk                                         -       -     -     (net)          -    -     -     -       -    (-,-) 
  clk                                         -       -     -     (net)          -    -     -     -       -    (-,-) 
  aligner_inst_aligned_mant_out_reg[1][26]/CK <<<     -     R     DFFR_X1     1679    -     1     0    1020    (-,-) 
#--------------------------------------------------------------------------------------------------------------------


