============================================================
  Generated by:           Genus(TM) Synthesis Solution 25.11-s095_1
  Generated on:           Mar 11 2026  06:35:05 am
  Module:                 sysarr_4_input_fp_adder
  Operating conditions:   typical 
  Interconnect mode:      global
  Area mode:              physical library
============================================================

# SETUP                  WNS   TNS    FEP 
# ------------------------------------------
 View: ALL               0.0   0.0      0 
    Group : in2out       N/A   N/A    N/A 
    Group : in2reg       0.0   0.0      0 
    Group : reg2out   1236.5   0.0      0 
    Group : reg2reg     28.2   0.0      0 

 View: view_1p2_25       0.0  -0.0      0 
    Group : in2out       N/A   N/A    N/A 
    Group : in2reg       0.0   0.0      0 
    Group : reg2out   1236.5   0.0      0 
    Group : reg2reg     28.2   0.0      0 

# ------------------------------------------
# DRV                          WNS     TNS   FEP 
# -------------------------------------------------
 View: ALL                                       
    Check: max_transition      -10  -480.0    48 
    Check: max_capacitance   -14.3   -28.6     2 
    Check: max_fanout          N/A     N/A     0 

 View: view_1p2_25                               
    Check: max_transition      -10  -480.0    48 
    Check: max_capacitance   -14.3   -28.6     2 
    Check: max_fanout          N/A     N/A     0 

# -------------------------------------------------
