============================================================
  Generated by:           Genus(TM) Synthesis Solution 25.11-s095_1
  Generated on:           May 23 2026  06:25:12 pm
  Operating conditions:   typical 
  Interconnect mode:      global
  Area mode:              physical library
============================================================

                                 Leakage      Internal                          Library 
   Gate    Instances    Area    Power (nW)   Power (nW)          Library         Domain 
----------------------------------------------------------------------------------------
AND2_X1          808   859.712   20800.519    862875.035 NangateOpenCellLibrary       0 
AND2_X2           66    87.780    3418.243    210685.221 NangateOpenCellLibrary       0 
AND2_X4           37    88.578    3842.319    216808.414 NangateOpenCellLibrary       0 
AND3_X1           63    83.790    1791.093     73050.335 NangateOpenCellLibrary       0 
AND3_X2           17    27.132    1098.877     53376.975 NangateOpenCellLibrary       0 
AND3_X4           11    32.186    1398.527     40654.708 NangateOpenCellLibrary       0 
AND4_X1           30    47.880     894.894     29031.496 NangateOpenCellLibrary       0 
AND4_X2            4     7.448     233.901      3478.151 NangateOpenCellLibrary       0 
AND4_X4            1     3.458     110.916      3160.836 NangateOpenCellLibrary       0 
AOI211_X1          7     9.310     289.453      6029.286 NangateOpenCellLibrary       0 
AOI211_X4          3     8.778     335.415     41759.446 NangateOpenCellLibrary       0 
AOI21_X1         639   679.896   16796.882    814454.846 NangateOpenCellLibrary       0 
AOI21_X2         260   484.120   13340.007    622288.247 NangateOpenCellLibrary       0 
AOI21_X4          42   145.236    4595.964    258430.296 NangateOpenCellLibrary       0 
AOI221_X1         52    82.992    1904.177    121155.268 NangateOpenCellLibrary       0 
AOI222_X1          2     4.256      84.795       116.501 NangateOpenCellLibrary       0 
AOI22_X1         247   328.510    6733.520    242531.363 NangateOpenCellLibrary       0 
AOI22_X2          10    23.940     565.432     23239.488 NangateOpenCellLibrary       0 
AOI22_X4           1     4.522     130.448      2284.725 NangateOpenCellLibrary       0 
BUF_X1             6     4.788     123.118      6047.314 NangateOpenCellLibrary       0 
BUF_X2            36    38.304    1531.727    112217.906 NangateOpenCellLibrary       0 
BUF_X4             2     3.724     172.563     10691.264 NangateOpenCellLibrary       0 
CLKBUF_X1         18    14.364     199.086     12084.912 NangateOpenCellLibrary       0 
CLKBUF_X2          1     1.064      24.675      3783.662 NangateOpenCellLibrary       0 
CLKBUF_X3          2     2.660      57.782      9897.878 NangateOpenCellLibrary       0 
DFFR_X1         1737  9240.840  153137.442  16599586.593 NangateOpenCellLibrary       0 
DFFR_X2            7    40.964     912.450     46757.292 NangateOpenCellLibrary       0 
DFF_X1           160   723.520   12619.457   1733538.152 NangateOpenCellLibrary       0 
DFF_X2             1     5.054     115.006     14313.898 NangateOpenCellLibrary       0 
FA_X1            577  2455.712   39412.115   3454633.706 NangateOpenCellLibrary       0 
HA_X1             63   167.580    3589.739    199332.635 NangateOpenCellLibrary       0 
INV_X1          3740  1989.680   53594.000   2405145.118 NangateOpenCellLibrary       0 
INV_X16            4    18.088     893.508     47584.766 NangateOpenCellLibrary       0 
INV_X2           295   235.410    8368.764    398004.383 NangateOpenCellLibrary       0 
INV_X4            95   126.350    5424.043    236181.298 NangateOpenCellLibrary       0 
INV_X8            35    83.790    4065.578    146538.125 NangateOpenCellLibrary       0 
MUX2_X1          365   679.630   13054.247   1043554.680 NangateOpenCellLibrary       0 
MUX2_X2           21    50.274    1460.209    133697.370 NangateOpenCellLibrary       0 
NAND2_X1        3205  2557.590   64203.824   2543167.563 NangateOpenCellLibrary       0 
NAND2_X2         565   751.450   23641.122   1025838.369 NangateOpenCellLibrary       0 
NAND2_X4         263   629.622   27464.148    965039.316 NangateOpenCellLibrary       0 
NAND3_X1         287   305.368    7081.663    262016.371 NangateOpenCellLibrary       0 
NAND3_X2          72   134.064    4158.605    145849.794 NangateOpenCellLibrary       0 
NAND3_X4          13    44.954    1831.254     64922.075 NangateOpenCellLibrary       0 
NAND4_X1         124   164.920    2709.466     73290.022 NangateOpenCellLibrary       0 
NAND4_X2           4     9.576     147.883      8181.170 NangateOpenCellLibrary       0 
NAND4_X4           8    38.304     837.943     37257.110 NangateOpenCellLibrary       0 
NOR2_X1         2054  1639.092   44818.642   1464958.659 NangateOpenCellLibrary       0 
NOR2_X2          296   393.680   12480.509    442646.777 NangateOpenCellLibrary       0 
NOR2_X4          200   478.800   16342.572    772810.402 NangateOpenCellLibrary       0 
NOR3_X1           63    67.032    1778.152     38067.602 NangateOpenCellLibrary       0 
NOR3_X2            8    14.896     439.843     12138.629 NangateOpenCellLibrary       0 
NOR4_X1           96   127.680    3262.284     30320.101 NangateOpenCellLibrary       0 
NOR4_X2            1     2.394      55.244      3879.383 NangateOpenCellLibrary       0 
OAI211_X1        137   182.210    4628.087    185928.558 NangateOpenCellLibrary       0 
OAI211_X2         16    38.304     947.653     63917.460 NangateOpenCellLibrary       0 
OAI211_X4          1     4.522     143.206     10000.698 NangateOpenCellLibrary       0 
OAI21_X1         949  1009.736   28843.399   1169276.857 NangateOpenCellLibrary       0 
OAI21_X2         156   290.472    8766.160    437396.164 NangateOpenCellLibrary       0 
OAI21_X4          52   179.816    5446.470    262198.909 NangateOpenCellLibrary       0 
OAI221_X1         44    70.224    2232.970     82880.873 NangateOpenCellLibrary       0 
OAI221_X2          1     2.926     117.696      5497.673 NangateOpenCellLibrary       0 
OAI222_X1         45    95.760    2193.644    121364.761 NangateOpenCellLibrary       0 
OAI222_X2          2     7.448     254.747     12595.778 NangateOpenCellLibrary       0 
OAI22_X1         476   633.080   20470.851    614818.257 NangateOpenCellLibrary       0 
OAI22_X2          19    45.486    1339.844     56555.070 NangateOpenCellLibrary       0 
OAI22_X4           2     9.044     254.277     18388.547 NangateOpenCellLibrary       0 
OAI33_X1           1     1.862      48.557      2975.931 NangateOpenCellLibrary       0 
OR2_X1           610   649.040   14151.973   1029147.452 NangateOpenCellLibrary       0 
OR2_X2            23    30.590    1062.119     56353.292 NangateOpenCellLibrary       0 
OR2_X4             2     4.788     182.764      4928.659 NangateOpenCellLibrary       0 
OR3_X1            38    50.540     965.590     48620.745 NangateOpenCellLibrary       0 
OR4_X1            69   110.124    1904.707     46440.939 NangateOpenCellLibrary       0 
OR4_X2             1     1.862      70.304      7034.625 NangateOpenCellLibrary       0 
SDFFRS_X1          1     7.714     127.103     11570.829 NangateOpenCellLibrary       0 
SDFFR_X1           7    46.550     742.213    105137.573 NangateOpenCellLibrary       0 
SDFFR_X2          18   124.488    2612.942    230953.953 NangateOpenCellLibrary       0 
SDFF_X1            1     6.118      98.886     11879.451 NangateOpenCellLibrary       0 
XNOR2_X1         533   850.668   20100.703   1161153.537 NangateOpenCellLibrary       0 
XNOR2_X2          76   202.160    5515.296    433281.963 NangateOpenCellLibrary       0 
XOR2_X1          125   199.500    4233.028    356302.038 NangateOpenCellLibrary       0 
XOR2_X2            1     2.394      69.821      6408.732 NangateOpenCellLibrary       0 
----------------------------------------------------------------------------------------
total          20130 31108.168  715899.053  44682394.258                                
                                            Leakage  Leakage   Internal   Internal 
     Type      Instances    Area   Area % Power (nW) Power %  Power (nW)   Power % 
-----------------------------------------------------------------------------------
sequential          1932 10195.248   32.8 170365.498    23.8 18753737.741     42.0 
inverter            4169  2453.318    7.9  72345.893    10.1  3233453.690      7.2 
buffer                65    64.904    0.2   2108.951     0.3   154722.936      0.3 
logic              13964 18394.698   59.1 471078.711    65.8 22540479.891     50.4 
physical_cells         0     0.000    0.0      0.000     0.0        0.000      0.0 
-----------------------------------------------------------------------------------
total              20130 31108.168  100.0 715899.053   100.0 44682394.258    100.0 
