============================================================
  Generated by:           Genus(TM) Synthesis Solution 25.11-s095_1
  Generated on:           Mar 11 2026  04:04:03 pm
  Module:                 sysarr_n_input_fp_adder_noretime
  Operating conditions:   typical 
  Interconnect mode:      global
  Area mode:              physical library
============================================================


Path 1: VIOLATED (-460 ps) Setup Check with Pin st1_carry_vec_reg[11]/CK->D
           View: view_1p2_25
          Group: clock1
     Startpoint: (F) in_data[1][27]
          Clock: (R) clock1
       Endpoint: (F) st1_carry_vec_reg[11]/D
          Clock: (R) clock1

                     Capture       Launch     
        Clock Edge:+    1111            0     
        Drv Adjust:+       0            0     
       Src Latency:+       0            0     
       Net Latency:+       0 (I)        0 (I) 
           Arrival:=    1111            0     
                                              
             Setup:-      39                  
       Uncertainty:-       0                  
     Required Time:=    1072                  
      Launch Clock:-       0                  
       Input Delay:-       1                  
         Data Path:-    1531                  
             Slack:=    -460                  

Exceptions/Constraints:
  input_delay              1              sysarr_n_input_fp_ad_line_21_37_1   

#-------------------------------------------------------------------------------------------------
#      Timing Point       Flags    Arc   Edge   Cell     Fanout Load Trans Delay Arrival Instance 
#                                                               (fF)  (ps)  (ps)   (ps)  Location 
#-------------------------------------------------------------------------------------------------
  in_data[1][27]          -       -      F     (arrival)      5 30.9     0     0       1    (-,-) 
  in_data[1][27]          -       -      -     (net)          -    -     -     -       -    (-,-) 
  g213837/ZN              -       A->ZN  R     INV_X16        7 17.6     5     8       9    (-,-) 
  n_1064                  -       -      -     (net)          -    -     -     -       -    (-,-) 
  g364631/ZN              -       A1->ZN F     NOR2_X1        1  1.9     5     8      16    (-,-) 
  n_18672                 -       -      -     (net)          -    -     -     -       -    (-,-) 
  g364629/ZN              -       A2->ZN R     NOR2_X1        1  3.4    23    35      51    (-,-) 
  n_18673                 -       -      -     (net)          -    -     -     -       -    (-,-) 
  g364622/ZN              -       B1->ZN F     OAI21_X2       1  3.2    10    17      68    (-,-) 
  n_18677                 -       -      -     (net)          -    -     -     -       -    (-,-) 
  g213058__1705/ZN        -       A1->ZN R     NAND2_X2       1  6.3    13    19      87    (-,-) 
  n_10098                 -       -      -     (net)          -    -     -     -       -    (-,-) 
  g384506/ZN              -       A1->ZN F     NAND2_X4       2 12.4    10    17     104    (-,-) 
  n_40090                 -       -      -     (net)          -    -     -     -       -    (-,-) 
  g384505/ZN              -       A->ZN  R     INV_X4         4 13.7    11    18     122    (-,-) 
  n_40091                 -       -      -     (net)          -    -     -     -       -    (-,-) 
  g384508/ZN              -       A1->ZN F     NAND3_X4       1  6.0    10    18     140    (-,-) 
  n_40094                 -       -      -     (net)          -    -     -     -       -    (-,-) 
  fopt392513/ZN           -       A->ZN  R     INV_X4         5 13.8    11    18     158    (-,-) 
  n_48546                 -       -      -     (net)          -    -     -     -       -    (-,-) 
  g212851__377248/ZN      -       A1->ZN F     NAND2_X2       1  5.9     9    16     174    (-,-) 
  n_32514                 -       -      -     (net)          -    -     -     -       -    (-,-) 
  g387215/ZN              -       A2->ZN R     NAND4_X4       2  8.5    16    21     196    (-,-) 
  n_42956                 -       -      -     (net)          -    -     -     -       -    (-,-) 
  g387218/ZN              -       A->ZN  F     INV_X4         7 11.8     7    12     207    (-,-) 
  n_42958                 -       -      -     (net)          -    -     -     -       -    (-,-) 
  fopt360563/ZN           -       A->ZN  R     INV_X1         2  3.8    11    17     224    (-,-) 
  n_13609                 -       -      -     (net)          -    -     -     -       -    (-,-) 
  g212388__1617/ZN        -       A1->ZN F     NAND2_X1       1  1.8     8    13     237    (-,-) 
  n_10497                 -       -      -     (net)          -    -     -     -       -    (-,-) 
  g876/ZN                 -       A1->ZN R     NAND2_X1       1  3.4    13    18     255    (-,-) 
  n_41519                 -       -      -     (net)          -    -     -     -       -    (-,-) 
  g873/ZN                 -       B1->ZN F     AOI21_X2       1  3.0     8    15     270    (-,-) 
  n_41522                 -       -      -     (net)          -    -     -     -       -    (-,-) 
  g872/ZN                 -       B1->ZN R     OAI21_X2       1  6.3    25    34     304    (-,-) 
  n_41524                 -       -      -     (net)          -    -     -     -       -    (-,-) 
  g389376/ZN              -       A1->ZN F     NAND2_X4       2  9.2    11    18     322    (-,-) 
  n_45364                 -       -      -     (net)          -    -     -     -       -    (-,-) 
  g212069__377579/ZN      -       A2->ZN R     NAND2_X4       1  7.0    10    18     340    (-,-) 
  n_32836                 -       -      -     (net)          -    -     -     -       -    (-,-) 
  g212055__377578/ZN      -       A2->ZN F     NOR2_X4        5  9.9     6    11     351    (-,-) 
  n_32837                 -       -      -     (net)          -    -     -     -       -    (-,-) 
  g212042/ZN              -       A->ZN  R     INV_X2         2  5.3     9    14     365    (-,-) 
  n_9290                  -       -      -     (net)          -    -     -     -       -    (-,-) 
  g212040/ZN              -       A->ZN  F     INV_X1         2  4.9     7    12     377    (-,-) 
  n_10773                 -       -      -     (net)          -    -     -     -       -    (-,-) 
  g212018__7410/ZN        -       A1->ZN R     NAND2_X2       1  6.4    13    17     394    (-,-) 
  n_10794                 -       -      -     (net)          -    -     -     -       -    (-,-) 
  g387260/ZN              -       A4->ZN F     NAND4_X4       1  6.1    15    32     426    (-,-) 
  n_43005                 -       -      -     (net)          -    -     -     -       -    (-,-) 
  g364842/ZN              -       A->ZN  R     AOI21_X4       1  6.5    21    42     468    (-,-) 
  n_19046                 -       -      -     (net)          -    -     -     -       -    (-,-) 
  g372205/ZN              -       A2->ZN F     NAND2_X4       5 15.4    11    22     489    (-,-) 
  n_27064                 -       -      -     (net)          -    -     -     -       -    (-,-) 
  fopt27/ZN               -       A->ZN  R     INV_X4         2 12.8    10    18     507    (-,-) 
  n_14919                 -       -      -     (net)          -    -     -     -       -    (-,-) 
  g357866/ZN              -       A1->ZN F     NAND2_X4       3 12.9    10    16     524    (-,-) 
  n_1163                  -       -      -     (net)          -    -     -     -       -    (-,-) 
  g54_0/ZN                -       A1->ZN R     NAND2_X4       1  6.3     9    14     538    (-,-) 
  n_41613                 -       -      -     (net)          -    -     -     -       -    (-,-) 
  g387485/ZN              -       A1->ZN F     NAND2_X4       2  7.7     7    13     551    (-,-) 
  n_43234                 -       -      -     (net)          -    -     -     -       -    (-,-) 
  g32_387364/ZN           -       A1->ZN R     NAND2_X4       1  6.6     9    14     564    (-,-) 
  n_43110                 -       -      -     (net)          -    -     -     -       -    (-,-) 
  fopt387363/ZN           -       A->ZN  F     INV_X4         2 12.4     6    10     575    (-,-) 
  n_43111                 -       -      -     (net)          -    -     -     -       -    (-,-) 
  g381452/ZN              -       A1->ZN R     NAND2_X4       2 10.0    11    15     589    (-,-) 
  n_36830                 -       -      -     (net)          -    -     -     -       -    (-,-) 
  g377870/ZN              -       A2->ZN F     NAND2_X4       3  9.4     8    16     605    (-,-) 
  n_33142                 -       -      -     (net)          -    -     -     -       -    (-,-) 
  g373060/ZN              -       A->ZN  R     INV_X1         2  6.9    18    25     630    (-,-) 
  n_27954                 -       -      -     (net)          -    -     -     -       -    (-,-) 
  g373059/ZN              -       A->ZN  F     INV_X2         3  6.6     8    13     643    (-,-) 
  n_27955                 -       -      -     (net)          -    -     -     -       -    (-,-) 
  g376222/ZN              -       A->ZN  R     INV_X2         2  5.1     9    14     657    (-,-) 
  n_31353                 -       -      -     (net)          -    -     -     -       -    (-,-) 
  g387904/ZN              -       A1->ZN F     NAND3_X1       2  3.5    15    23     680    (-,-) 
  n_43664                 -       -      -     (net)          -    -     -     -       -    (-,-) 
  g385323/ZN              -       A->ZN  R     INV_X1         1  3.6    12    21     700    (-,-) 
  n_40957                 -       -      -     (net)          -    -     -     -       -    (-,-) 
  g387380/ZN              -       A2->ZN F     NOR2_X2        1  3.4     6    10     711    (-,-) 
  n_43126                 -       -      -     (net)          -    -     -     -       -    (-,-) 
  g387379/ZN              -       A2->ZN R     NAND2_X2       1  6.5    13    19     730    (-,-) 
  n_43127                 -       -      -     (net)          -    -     -     -       -    (-,-) 
  g389525/ZN              -       A2->ZN F     NAND2_X4       2  9.1     9    16     746    (-,-) 
  n_45526                 -       -      -     (net)          -    -     -     -       -    (-,-) 
  g385279/ZN              -       A->ZN  R     INV_X4         3 10.6     9    16     762    (-,-) 
  n_40914                 -       -      -     (net)          -    -     -     -       -    (-,-) 
  g391118/ZN              -       A2->ZN F     NAND3_X2       3 10.8    20    32     793    (-,-) 
  n_47148                 -       -      -     (net)          -    -     -     -       -    (-,-) 
  g374689/ZN              -       A1->ZN R     NAND2_X4       2  9.9    12    22     815    (-,-) 
  n_29619                 -       -      -     (net)          -    -     -     -       -    (-,-) 
  g373409/ZN              -       A1->ZN F     NAND2_X2       3  9.4    12    20     835    (-,-) 
  n_28312                 -       -      -     (net)          -    -     -     -       -    (-,-) 
  g384309/ZN              -       A2->ZN R     NAND2_X4       4 10.2    12    21     856    (-,-) 
  n_39892                 -       -      -     (net)          -    -     -     -       -    (-,-) 
  g371725/ZN              -       A1->ZN F     NAND2_X2       1  3.4     8    13     869    (-,-) 
  n_26552                 -       -      -     (net)          -    -     -     -       -    (-,-) 
  g378367/ZN              -       A2->ZN R     NAND2_X2       1  3.4    10    16     885    (-,-) 
  n_33670                 -       -      -     (net)          -    -     -     -       -    (-,-) 
  g388448/ZN              -       A1->ZN F     NAND2_X2       1  6.0    10    16     901    (-,-) 
  n_44275                 -       -      -     (net)          -    -     -     -       -    (-,-) 
  g389675/ZN              -       A1->ZN R     NAND2_X4       4 10.8    12    17     918    (-,-) 
  n_45678                 -       -      -     (net)          -    -     -     -       -    (-,-) 
  g389678/ZN              -       A1->ZN F     NAND2_X1       1  5.9    14    22     940    (-,-) 
  n_45683                 -       -      -     (net)          -    -     -     -       -    (-,-) 
  g388444/ZN              -       A2->ZN R     NAND2_X4       3 10.9    12    22     963    (-,-) 
  n_44283                 -       -      -     (net)          -    -     -     -       -    (-,-) 
  g383880/ZN              -       A->ZN  F     INV_X4         3  6.5     5     8     971    (-,-) 
  n_39441                 -       -      -     (net)          -    -     -     -       -    (-,-) 
  g372407/ZN              -       A1->ZN R     NAND2_X2       2  6.7    13    16     987    (-,-) 
  n_27274                 -       -      -     (net)          -    -     -     -       -    (-,-) 
  g375379/ZN              -       A1->ZN F     NAND2_X2       1  6.0    10    17    1004    (-,-) 
  n_30327                 -       -      -     (net)          -    -     -     -       -    (-,-) 
  g376117/ZN              -       A1->ZN R     NAND2_X4       3  8.7    10    16    1020    (-,-) 
  n_31205                 -       -      -     (net)          -    -     -     -       -    (-,-) 
  g376122/ZN              -       A1->ZN F     NAND2_X2       1  1.8     6    11    1031    (-,-) 
  n_31212                 -       -      -     (net)          -    -     -     -       -    (-,-) 
  g390047/ZN              -       A1->ZN R     NAND2_X1       1  3.8    14    18    1050    (-,-) 
  n_46046                 -       -      -     (net)          -    -     -     -       -    (-,-) 
  g390046/ZN              -       A2->ZN F     NAND2_X2       3  9.5    12    22    1072    (-,-) 
  n_46047                 -       -      -     (net)          -    -     -     -       -    (-,-) 
  g395/ZN                 -       A->ZN  R     INV_X1         1  2.0     8    15    1087    (-,-) 
  n_31979                 -       -      -     (net)          -    -     -     -       -    (-,-) 
  g376463/ZN              -       A2->ZN F     NAND2_X1       1  1.8     7    14    1100    (-,-) 
  n_31626                 -       -      -     (net)          -    -     -     -       -    (-,-) 
  g390686/ZN              -       A1->ZN R     NAND2_X1       2  3.8    14    19    1119    (-,-) 
  n_46677                 -       -      -     (net)          -    -     -     -       -    (-,-) 
  g390685/ZN              -       A1->ZN F     NAND2_X1       2  3.5    10    18    1137    (-,-) 
  n_46679                 -       -      -     (net)          -    -     -     -       -    (-,-) 
  g387681/ZN              -       A1->ZN R     NAND2_X1       1  3.4    13    19    1157    (-,-) 
  n_43433                 -       -      -     (net)          -    -     -     -       -    (-,-) 
  g385989/ZN              -       A1->ZN F     NAND2_X2       4 11.0    16    23    1179    (-,-) 
  n_41677                 -       -      -     (net)          -    -     -     -       -    (-,-) 
  g364437/ZN              -       A1->ZN R     NAND2_X1       1  1.9    10    18    1198    (-,-) 
  n_18352                 -       -      -     (net)          -    -     -     -       -    (-,-) 
  g364436/ZN              -       A1->ZN F     NAND2_X1       1  3.2    10    16    1214    (-,-) 
  n_18358                 -       -      -     (net)          -    -     -     -       -    (-,-) 
  g387803/ZN              -       A1->ZN R     NAND2_X2       3  7.4    14    20    1234    (-,-) 
  n_43559                 -       -      -     (net)          -    -     -     -       -    (-,-) 
  g390975/ZN              -       A2->ZN F     NAND2_X1       1  5.9    14    24    1258    (-,-) 
  n_47002                 -       -      -     (net)          -    -     -     -       -    (-,-) 
  g390973/ZN              -       A2->ZN R     NAND2_X4       3 10.2    12    22    1280    (-,-) 
  n_47003                 -       -      -     (net)          -    -     -     -       -    (-,-) 
  g387869/ZN              -       A->ZN  F     INV_X4         3  6.6     5     8    1288    (-,-) 
  n_43628                 -       -      -     (net)          -    -     -     -       -    (-,-) 
  g368918/ZN              -       A1->ZN R     NAND2_X2       1  3.4     9    12    1300    (-,-) 
  n_23525                 -       -      -     (net)          -    -     -     -       -    (-,-) 
  g368917/ZN              -       A1->ZN F     NAND2_X2       2  3.5     7    13    1313    (-,-) 
  n_23527                 -       -      -     (net)          -    -     -     -       -    (-,-) 
  g368916/ZN              -       A1->ZN R     NAND2_X1       2  8.4    24    30    1343    (-,-) 
  n_23528                 -       -      -     (net)          -    -     -     -       -    (-,-) 
  g387454/ZN              -       A3->ZN F     NAND3_X1       1  6.0    22    37    1380    (-,-) 
  n_43202                 -       -      -     (net)          -    -     -     -       -    (-,-) 
  g387453/ZN              -       A1->ZN R     NAND2_X4       4 13.5    13    25    1404    (-,-) 
  n_43203                 -       -      -     (net)          -    -     -     -       -    (-,-) 
  g380438/ZN              -       A2->ZN F     NAND2_X4       2  7.8     7    16    1420    (-,-) 
  n_35814                 -       -      -     (net)          -    -     -     -       -    (-,-) 
  g377827/ZN              -       A1->ZN R     NAND3_X1       1  1.9    12    15    1435    (-,-) 
  n_33103                 -       -      -     (net)          -    -     -     -       -    (-,-) 
  g377826/ZN              -       A1->ZN F     NAND2_X1       1  1.8     8    14    1449    (-,-) 
  n_33104                 -       -      -     (net)          -    -     -     -       -    (-,-) 
  g367185/ZN              -       A->ZN  R     INV_X1         1  3.8    11    17    1466    (-,-) 
  n_21601                 -       -      -     (net)          -    -     -     -       -    (-,-) 
  g118/ZN                 -       A2->ZN F     NAND2_X2       2  4.9     8    16    1482    (-,-) 
  n_21605                 -       -      -     (net)          -    -     -     -       -    (-,-) 
  g367184/ZN              -       A1->ZN R     NAND2_X2       2  5.3    12    17    1499    (-,-) 
  n_21609                 -       -      -     (net)          -    -     -     -       -    (-,-) 
  g368362/ZN              -       A1->ZN F     NAND2_X2       2  3.5     8    14    1512    (-,-) 
  n_22884                 -       -      -     (net)          -    -     -     -       -    (-,-) 
  g347588/ZN              -       A->ZN  R     INV_X1         1  2.0     8    13    1525    (-,-) 
  n_9096                  -       -      -     (net)          -    -     -     -       -    (-,-) 
  g347565/ZN              -       A1->ZN F     NOR2_X1        1  1.4     6     8    1532    (-,-) 
  n_9110                  -       -      -     (net)          -    -     -     -       -    (-,-) 
  st1_carry_vec_reg[11]/D <<<     -      F     DFFR_X1        1    -     -     0    1532    (-,-) 
#-------------------------------------------------------------------------------------------------

Capture clock path:
#-------------------------------------------------------------------------------------------------
#      Timing Point        Flags   Arc   Edge   Cell     Fanout Load Trans Delay Arrival Instance 
#                                                               (fF)  (ps)  (ps)   (ps)  Location 
#-------------------------------------------------------------------------------------------------
  clk                      (i)     -     R     (arrival)    140  0.0     0     0    1111    (-,-) 
  clk                      -       -     -     (net)          -    -     -     -       -    (-,-) 
  clk                      -       -     -     (net)          -    -     -     -       -    (-,-) 
  st1_carry_vec_reg[11]/CK <<<     -     R     DFFR_X1      140    -     1     0    1111    (-,-) 
#-------------------------------------------------------------------------------------------------


