============================================================
  Generated by:           Genus(TM) Synthesis Solution 25.11-s095_1
  Generated on:           Mar 10 2026  08:43:54 pm
  Module:                 add_bf16_1C
  Operating conditions:   typical 
  Interconnect mode:      global
  Area mode:              physical library
============================================================


Path 1: MET (0 ps) Late External Delay Assertion at pin bf_out[14]
           View: view_1p2_25
          Group: clock1
     Startpoint: (R) bf2_in_reg[13]/CK
          Clock: (R) clock1
       Endpoint: (F) bf_out[14]
          Clock: (R) clock1

                     Capture       Launch     
        Clock Edge:+    1124            0     
       Src Latency:+       0            0     
       Net Latency:+       0 (I)        0 (I) 
           Arrival:=    1124            0     
                                              
      Output Delay:-       1                  
       Uncertainty:-       0                  
     Required Time:=    1122                  
      Launch Clock:-       0                  
         Data Path:-    1122                  
             Slack:=       0                  

Exceptions/Constraints:
  output_delay              1              add_bf16_1C.sdc_line_21_34_1   

Launch clock path:
#------------------------------------------------------------------------------------------
#   Timing Point    Flags   Arc   Edge   Cell     Fanout Load Trans Delay Arrival Instance 
#                                                        (fF)  (ps)  (ps)   (ps)  Location 
#------------------------------------------------------------------------------------------
  clk               (i)     -     R     (arrival)     33  0.0     0     0       0    (-,-) 
  clk               -       -     -     (net)          -    -     -     -       -    (-,-) 
  clk               -       -     -     (net)          -    -     -     -       -    (-,-) 
  bf2_in_reg[13]/CK <<<     -     R     DFFR_X1       33    -     1     0       0    (-,-) 
#------------------------------------------------------------------------------------------

#-------------------------------------------------------------------------------------------
#   Timing Point    Flags    Arc   Edge   Cell     Fanout Load Trans Delay Arrival Instance 
#                                                         (fF)  (ps)  (ps)   (ps)  Location 
#-------------------------------------------------------------------------------------------
  bf2_in_reg[13]/CK -       -      R     (arrival)     33    -     1     0       0    (-,-) 
  bf2_in_reg[13]/QN -       CK->QN F     DFFR_X1        2  3.5    14    69      69    (-,-) 
  bf2_in[13]        -       -      -     (net)          -    -     -     -       -    (-,-) 
  g52789/ZN         -       A->ZN  R     INV_X1         5  7.8    20    30      99    (-,-) 
  n_12              -       -      -     (net)          -    -     -     -       -    (-,-) 
  g52733__4319/ZN   -       A1->ZN F     NAND2_X1       1  3.2    11    20     119    (-,-) 
  n_32              -       -      -     (net)          -    -     -     -       -    (-,-) 
  g52714__1881/ZN   -       A1->ZN R     NAND2_X2       5  8.5    15    22     141    (-,-) 
  n_129             -       -      -     (net)          -    -     -     -       -    (-,-) 
  g52675__2802/ZN   -       A1->ZN R     OR2_X1         3  5.7    16    35     176    (-,-) 
  n_119             -       -      -     (net)          -    -     -     -       -    (-,-) 
  g52597__2802/ZN   -       B1->ZN F     AOI21_X1       1  3.5    12    20     197    (-,-) 
  n_142             -       -      -     (net)          -    -     -     -       -    (-,-) 
  g52568__1617/ZN   -       A2->ZN R     NOR2_X2        1  6.3    22    37     234    (-,-) 
  n_188             -       -      -     (net)          -    -     -     -       -    (-,-) 
  g52544__2346/ZN   -       A1->ZN F     NAND2_X4      13 35.4    20    33     266    (-,-) 
  n_249             -       -      -     (net)          -    -     -     -       -    (-,-) 
  g52536__1881/ZN   -       A1->ZN R     NAND2_X1       2  5.5    18    29     296    (-,-) 
  n_221             -       -      -     (net)          -    -     -     -       -    (-,-) 
  g52532/ZN         -       A->ZN  F     INV_X2         6 14.1    10    19     314    (-,-) 
  n_260             -       -      -     (net)          -    -     -     -       -    (-,-) 
  g52491__5526/ZN   -       A1->ZN R     AOI22_X1       4  6.6    48    57     371    (-,-) 
  n_325             -       -      -     (net)          -    -     -     -       -    (-,-) 
  g52481/ZN         -       A->ZN  F     INV_X1         2  3.6    14    16     387    (-,-) 
  n_302             -       -      -     (net)          -    -     -     -       -    (-,-) 
  g52429__6417/ZN   -       A2->ZN R     OAI22_X1       1  2.0    31    35     422    (-,-) 
  n_303             -       -      -     (net)          -    -     -     -       -    (-,-) 
  g52428/ZN         -       A->ZN  F     INV_X1         1  1.8     9    10     432    (-,-) 
  n_315             -       -      -     (net)          -    -     -     -       -    (-,-) 
  g52417__6131/ZN   -       A2->ZN R     NAND2_X1       1  1.9    11    17     449    (-,-) 
  n_324             -       -      -     (net)          -    -     -     -       -    (-,-) 
  g52404__4319/ZN   -       A1->ZN F     NAND2_X1       1  1.8     8    13     462    (-,-) 
  n_332             -       -      -     (net)          -    -     -     -       -    (-,-) 
  g52380__5526/ZN   -       A->ZN  R     OAI211_X1      1  3.3    28    24     487    (-,-) 
  n_364             -       -      -     (net)          -    -     -     -       -    (-,-) 
  g52363__6417/ZN   -       A1->ZN F     NAND3_X2       7 12.3    30    38     525    (-,-) 
  n_483             -       -      -     (net)          -    -     -     -       -    (-,-) 
  g52350__8246/ZN   -       A1->ZN F     AND2_X2        7 14.0    12    46     571    (-,-) 
  n_469             -       -      -     (net)          -    -     -     -       -    (-,-) 
  g52339__2346/ZN   -       A1->ZN F     AND2_X1        1  4.1     8    34     606    (-,-) 
  n_417             -       -      -     (net)          -    -     -     -       -    (-,-) 
  g52314__6783/ZN   -       A->ZN  F     XNOR2_X2      11 20.7    25    54     660    (-,-) 
  n_666             -       -      -     (net)          -    -     -     -       -    (-,-) 
  g52263__6783/ZN   -       A1->ZN R     NOR2_X1        2  3.9    26    42     701    (-,-) 
  n_500             -       -      -     (net)          -    -     -     -       -    (-,-) 
  g52223__5122/ZN   -       A2->ZN F     NAND2_X1       2  3.6    12    22     723    (-,-) 
  n_522             -       -      -     (net)          -    -     -     -       -    (-,-) 
  g52190__6161/ZN   -       A2->ZN R     NOR2_X1        1  3.5    24    38     762    (-,-) 
  n_537             -       -      -     (net)          -    -     -     -       -    (-,-) 
  g52110__5477/CO   -       A->CO  R     HA_X1          1  3.5    12    40     802    (-,-) 
  n_558             -       -      -     (net)          -    -     -     -       -    (-,-) 
  g52072__4319/CO   -       A->CO  R     HA_X1          2  4.3    14    38     840    (-,-) 
  n_597             -       -      -     (net)          -    -     -     -       -    (-,-) 
  g52071__9315/ZN   -       A1->ZN F     NAND2_X1       2  3.6    10    19     859    (-,-) 
  n_622             -       -      -     (net)          -    -     -     -       -    (-,-) 
  g52061__2346/ZN   -       A2->ZN R     NOR2_X1        1  3.3    23    37     896    (-,-) 
  n_640             -       -      -     (net)          -    -     -     -       -    (-,-) 
  g52053__6260/ZN   -       C1->ZN F     OAI211_X2      3  4.6    17    25     921    (-,-) 
  n_687             -       -      -     (net)          -    -     -     -       -    (-,-) 
  g52051/ZN         -       A->ZN  R     INV_X1         1  3.4    11    21     942    (-,-) 
  n_679             -       -      -     (net)          -    -     -     -       -    (-,-) 
  g52048__6131/ZN   -       A1->ZN F     NAND2_X2       3  8.7    16    19     961    (-,-) 
  n_710             -       -      -     (net)          -    -     -     -       -    (-,-) 
  g52042__4319/ZN   -       A1->ZN R     NOR2_X4        3  8.8    18    29     990    (-,-) 
  n_733             -       -      -     (net)          -    -     -     -       -    (-,-) 
  g52030__7482/ZN   -       A1->ZN F     NAND2_X2       4  7.4    13    20    1011    (-,-) 
  n_745             -       -      -     (net)          -    -     -     -       -    (-,-) 
  g52020__6783/ZN   -       A1->ZN R     NOR2_X2        3  5.6    21    30    1041    (-,-) 
  n_760             -       -      -     (net)          -    -     -     -       -    (-,-) 
  g52010__7410/ZN   -       A1->ZN F     NAND2_X1       2  3.5    12    20    1062    (-,-) 
  n_764             -       -      -     (net)          -    -     -     -       -    (-,-) 
  g52007/ZN         -       A->ZN  R     INV_X1         1  2.0     8    15    1076    (-,-) 
  n_765             -       -      -     (net)          -    -     -     -       -    (-,-) 
  g52001__7482/ZN   -       A1->ZN F     NOR2_X1        1  1.7     8     8    1084    (-,-) 
  n_775             -       -      -     (net)          -    -     -     -       -    (-,-) 
  g51985__3680/ZN   -       B1->ZN R     AOI21_X1       1  1.9    23    26    1111    (-,-) 
  n_790             -       -      -     (net)          -    -     -     -       -    (-,-) 
  g51982__5107/ZN   -       A1->ZN F     NAND2_X1       1  0.3     8    11    1122    (-,-) 
  bf_out[14]        -       -      -     (net)          -    -     -     -       -    (-,-) 
  bf_out[14]        <<<     -      F     (port)         -    -     -     0    1122    (-,-) 
#-------------------------------------------------------------------------------------------


