============================================================
  Generated by:           Genus(TM) Synthesis Solution 21.17-s066_1
  Generated on:           Jan 26 2026  10:34:57 pm
  Module:                 sysarr_MAC_fp16_2c
  Library domain:         timing_condition_tt_1p2v_25c
    Domain index:         0
    Technology libraries: MITLL90_STDLIB_8T.tt1p2v25c 1.0
                          MITLL90_IOPads_5_1_1.tt1p2v25c 1.0
  Operating conditions:   PVT_1P2V_25C 
  Interconnect mode:      global
  Area mode:              physical library
============================================================

Timing
--------

Analysis view  Clock Period 
----------------------------
view_1p2_25   clock1 1667.0 


  Analysis    Cost   Critical            Violating 
    View     Group  Path Slack    TNS      Paths   
---------------------------------------------------
view_1p2_25  clock1     -701.8 -10058.3         15 
            default   No paths      0.0          0 
---------------------------------------------------
Total                          -10058.3         15 
                                                   

Instance Count
--------------
Leaf Instance Count             1851 
Physical Instance count            0 
Sequential Instance Count         66 
Combinational Instance Count    1785 
Hierarchical Instance Count        2 

Area
----
Cell Area                          15151.502
Physical Cell Area                 0.000
Total Cell Area (Cell+Physical)    15151.502
Net Area                           129.091
Total Area (Cell+Physical+Net)     15280.593

Power
-----
Leakage Power                      2349.057 nW
Dynamic Power                      667668.785 nW
Total Power                        670017.842 nW

Max Fanout                         66 (clk)
Min Fanout                         0 (nRST)
Average Fanout                     2.0
Terms to net ratio                 3.0774
Terms to instance ratio            3.1772
Runtime                            16.969777 seconds
Elapsed Runtime                    19 seconds
Genus peak memory usage            1193.82 
Innovus peak memory usage          no_value 
Hostname                           asicfab.ecn.purdue.edu
