============================================================
  Generated by:           Genus(TM) Synthesis Solution 25.11-s095_1
  Generated on:           Jan 31 2026  11:04:52 pm
  Module:                 add_bf16
  Operating conditions:   PVT_1P2V_25C 
  Interconnect mode:      global
  Area mode:              physical library
============================================================


Path 1: MET (11 ps) Late External Delay Assertion at pin bf_out[14]
           View: view_1p2_25
          Group: clock1
     Startpoint: (R) smaller_mantissa_l_reg[2]/CLK
          Clock: (R) clock1
       Endpoint: (R) bf_out[14]
          Clock: (R) clock1

                     Capture       Launch     
        Clock Edge:+    1802            0     
       Src Latency:+       0            0     
       Net Latency:+       0 (I)        0 (I) 
           Arrival:=    1802            0     
                                              
      Output Delay:-       1                  
       Uncertainty:-       0                  
     Required Time:=    1801                  
      Launch Clock:-       0                  
         Data Path:-    1790                  
             Slack:=      11                  

Exceptions/Constraints:
  output_delay              1              add_bf16.sdc_line_21_32_1   

Launch clock path:
#------------------------------------------------------------------------------------------------------
#         Timing Point          Flags   Arc   Edge   Cell     Fanout Load Trans Delay Arrival Instance 
#                                                                    (fF)  (ps)  (ps)   (ps)  Location 
#------------------------------------------------------------------------------------------------------
  clk                           (i)     -     R     (arrival)     30  0.0     1     0       0    (-,-) 
  clk                           -       -     -     (net)          -    -     -     -       -    (-,-) 
  clk                           -       -     -     (net)          -    -     -     -       -    (-,-) 
  smaller_mantissa_l_reg[2]/CLK <<<     -     R     sdffrq_1x     30    -     1     0       0    (-,-) 
#------------------------------------------------------------------------------------------------------

#-------------------------------------------------------------------------------------------------------
#         Timing Point          Flags    Arc   Edge   Cell     Fanout Load Trans Delay Arrival Instance 
#                                                                     (fF)  (ps)  (ps)   (ps)  Location 
#-------------------------------------------------------------------------------------------------------
  smaller_mantissa_l_reg[2]/CLK -       -      R     (arrival)     30    -     1     0       0    (-,-) 
  smaller_mantissa_l_reg[2]/Q   -       CLK->Q R     sdffrq_1x      1  3.6    44   163     163    (-,-) 
  smaller_mantissa_l[2]         -       -      -     (net)          -    -     -     -       -    (-,-) 
  g24750/X                      -       A->X   F     inv_1x         3 11.4    40    45     207    (-,-) 
  n_402                         -       -      -     (net)          -    -     -     -       -    (-,-) 
  g24748/X                      -       A->X   R     inv_1x         2  8.3    46    43     250    (-,-) 
  n_423                         -       -      -     (net)          -    -     -     -       -    (-,-) 
  g24737__7482/X                -       A->X   F     nand2_2x       2  8.0    31    35     285    (-,-) 
  n_445                         -       -      -     (net)          -    -     -     -       -    (-,-) 
  g24713__5107/X                -       B->X   R     nand2_2x       2  8.5    42    40     325    (-,-) 
  n_454                         -       -      -     (net)          -    -     -     -       -    (-,-) 
  g24711__5477/X                -       A->X   F     nand2_2x       2  8.5    34    35     360    (-,-) 
  n_455                         -       -      -     (net)          -    -     -     -       -    (-,-) 
  g24708/X                      -       A->X   F     buf_2x         2 14.0    31    62     422    (-,-) 
  n_461                         -       -      -     (net)          -    -     -     -       -    (-,-) 
  g24697__6161/X                -       A->X   R     aoi21_4x       2 14.0    59    46     468    (-,-) 
  n_472                         -       -      -     (net)          -    -     -     -       -    (-,-) 
  g24689__1705/X                -       A->X   F     oai21_4x       2  9.4    32    35     503    (-,-) 
  n_476                         -       -      -     (net)          -    -     -     -       -    (-,-) 
  g24687/X                      -       A->X   F     buf_2x         2  6.9    21    52     555    (-,-) 
  n_484                         -       -      -     (net)          -    -     -     -       -    (-,-) 
  g24679__5107/X                -       A0->X  R     aoi22_1x       1  7.7   118    78     634    (-,-) 
  n_486                         -       -      -     (net)          -    -     -     -       -    (-,-) 
  g24667__2883/X                -       A->X   R     xor2_2x        6 18.0   110   137     771    (-,-) 
  n_545                         -       -      -     (net)          -    -     -     -       -    (-,-) 
  g24661__7482/X                -       C->X   F     aoi21_1x       1  3.4    47    46     817    (-,-) 
  n_499                         -       -      -     (net)          -    -     -     -       -    (-,-) 
  g24647__6783/X                -       B->X   R     oai21_1x       2  8.5   102    83     900    (-,-) 
  n_511                         -       -      -     (net)          -    -     -     -       -    (-,-) 
  g24626__9945/X                -       B->X   F     nand3_2x       3 19.2    86    99     999    (-,-) 
  n_543                         -       -      -     (net)          -    -     -     -       -    (-,-) 
  g24554__4319/CO               -       A->CO  F     addf_1x        2  8.3    55   138    1137    (-,-) 
  n_601                         -       -      -     (net)          -    -     -     -       -    (-,-) 
  g24552__9315/X                -       A->X   F     or2_1x         1  3.5    31    81    1218    (-,-) 
  n_602                         -       -      -     (net)          -    -     -     -       -    (-,-) 
  g24538__8246/X                -       C->X   R     oai21_1x       1  5.7    82    39    1256    (-,-) 
  n_611                         -       -      -     (net)          -    -     -     -       -    (-,-) 
  g24521__5477/S                -       A->S   F     addh_1x        2  6.5    38   117    1374    (-,-) 
  n_624                         -       -      -     (net)          -    -     -     -       -    (-,-) 
  g24517__2346/X                -       A->X   R     nand2_1x       2  6.5    60    50    1423    (-,-) 
  n_643                         -       -      -     (net)          -    -     -     -       -    (-,-) 
  g24510__1705/X                -       A->X   F     nand3_1x       2  6.5    62    61    1485    (-,-) 
  n_645                         -       -      -     (net)          -    -     -     -       -    (-,-) 
  g24507/X                      -       A->X   R     inv_1x         2  6.3    43    43    1527    (-,-) 
  n_664                         -       -      -     (net)          -    -     -     -       -    (-,-) 
  g24498__9315/X                -       B->X   R     and2_1x        4 12.7    66    84    1611    (-,-) 
  n_680                         -       -      -     (net)          -    -     -     -       -    (-,-) 
  g24492__5122/X                -       A->X   F     nand3_1x       2  8.5    80    73    1684    (-,-) 
  n_688                         -       -      -     (net)          -    -     -     -       -    (-,-) 
  g24486__6260/X                -       A->X   F     xnor2_1x       1  3.7    40    72    1756    (-,-) 
  n_691                         -       -      -     (net)          -    -     -     -       -    (-,-) 
  g24484__2398/X                -       A->X   R     oai21_1x       1  0.9    50    34    1790    (-,-) 
  bf_out[14]                    -       -      -     (net)          -    -     -     -       -    (-,-) 
  bf_out[14]                    <<<     -      R     (port)         -    -     -     0    1790    (-,-) 
#-------------------------------------------------------------------------------------------------------


