============================================================
  Generated by:           Genus(TM) Synthesis Solution 25.11-s095_1
  Generated on:           Jun 12 2026  09:32:26 pm
  Operating conditions:   typical 
  Interconnect mode:      global
  Area mode:              physical library
============================================================

                                 Leakage      Internal                          Library 
   Gate    Instances    Area    Power (nW)   Power (nW)          Library         Domain 
----------------------------------------------------------------------------------------
AND2_X1          660   702.240   16577.982    730799.193 NangateOpenCellLibrary       0 
AND2_X2           69    91.770    3675.143    249544.158 NangateOpenCellLibrary       0 
AND2_X4           33    79.002    3497.007    214904.894 NangateOpenCellLibrary       0 
AND3_X1           67    89.110    1904.536     63752.918 NangateOpenCellLibrary       0 
AND3_X2           14    22.344     872.582     43474.446 NangateOpenCellLibrary       0 
AND3_X4            6    17.556     608.195     18150.742 NangateOpenCellLibrary       0 
AND4_X1           32    51.072     984.681     21305.859 NangateOpenCellLibrary       0 
AND4_X2            5     9.310     400.529     15119.524 NangateOpenCellLibrary       0 
AND4_X4            1     3.458     166.684     10315.687 NangateOpenCellLibrary       0 
AOI211_X1          5     6.650     182.705      9534.317 NangateOpenCellLibrary       0 
AOI211_X2          1     2.394      64.462      2638.959 NangateOpenCellLibrary       0 
AOI211_X4          1     2.926     114.865     14366.761 NangateOpenCellLibrary       0 
AOI21_X1         566   602.224   15841.573    579433.123 NangateOpenCellLibrary       0 
AOI21_X2         127   236.474    6775.274    351634.380 NangateOpenCellLibrary       0 
AOI21_X4          31   107.198    3522.112    173997.788 NangateOpenCellLibrary       0 
AOI221_X1         59    94.164    2200.099    122942.767 NangateOpenCellLibrary       0 
AOI221_X2          3     8.778     248.465     14214.171 NangateOpenCellLibrary       0 
AOI222_X1          6    12.768     255.579      9157.646 NangateOpenCellLibrary       0 
AOI222_X2          1     3.724      90.826      6065.646 NangateOpenCellLibrary       0 
AOI22_X1         280   372.400    7613.474    288650.441 NangateOpenCellLibrary       0 
AOI22_X2          31    74.214    1693.816     86458.972 NangateOpenCellLibrary       0 
AOI22_X4           5    22.610     562.070     22772.140 NangateOpenCellLibrary       0 
BUF_X1            12     9.576     256.398     12287.025 NangateOpenCellLibrary       0 
BUF_X2            15    15.960     635.943     43283.042 NangateOpenCellLibrary       0 
BUF_X4             3     5.586     255.088     17053.266 NangateOpenCellLibrary       0 
CLKBUF_X1         43    34.314     493.477     50952.649 NangateOpenCellLibrary       0 
CLKBUF_X2          2     2.128      47.811      5642.543 NangateOpenCellLibrary       0 
CLKBUF_X3          1     1.330      31.521      5043.503 NangateOpenCellLibrary       0 
DFFR_X1         1338  7118.160  117780.286  12140958.185 NangateOpenCellLibrary       0 
DFFR_X2           31   181.412    4040.821    201194.285 NangateOpenCellLibrary       0 
DFF_X1           148   669.256   11672.892   1578284.675 NangateOpenCellLibrary       0 
FA_X1            777  3306.912   49996.653   4478544.294 NangateOpenCellLibrary       0 
HA_X1             68   180.880    4291.454    267424.244 NangateOpenCellLibrary       0 
INV_X1          2522  1341.704   36136.784   1469572.512 NangateOpenCellLibrary       0 
INV_X16            3    13.566     705.047     19669.635 NangateOpenCellLibrary       0 
INV_X2           263   209.874    7499.316    343459.617 NangateOpenCellLibrary       0 
INV_X4            95   126.350    5547.755    255761.028 NangateOpenCellLibrary       0 
INV_X8            16    38.304    1754.877     88377.796 NangateOpenCellLibrary       0 
MUX2_X1          453   843.486   16341.102   1218766.532 NangateOpenCellLibrary       0 
MUX2_X2           17    40.698    1203.380    104337.955 NangateOpenCellLibrary       0 
NAND2_X1        2379  1898.442   44979.206   1704836.565 NangateOpenCellLibrary       0 
NAND2_X2         420   558.600   18139.287    753484.291 NangateOpenCellLibrary       0 
NAND2_X4         165   395.010   15632.400    580413.836 NangateOpenCellLibrary       0 
NAND3_X1         271   288.344    6736.958    209141.232 NangateOpenCellLibrary       0 
NAND3_X2          38    70.756    2174.431     78881.250 NangateOpenCellLibrary       0 
NAND3_X4          12    41.496    1373.262     54799.727 NangateOpenCellLibrary       0 
NAND4_X1         112   148.960    2611.648     56802.375 NangateOpenCellLibrary       0 
NAND4_X2           3     7.182     147.434      3184.428 NangateOpenCellLibrary       0 
NAND4_X4           6    28.728     724.137     28346.695 NangateOpenCellLibrary       0 
NOR2_X1         1408  1123.584   30893.690    998893.650 NangateOpenCellLibrary       0 
NOR2_X2          273   363.090   11558.947    467174.764 NangateOpenCellLibrary       0 
NOR2_X4          158   378.252   13227.742    578479.887 NangateOpenCellLibrary       0 
NOR3_X1          102   108.528    2926.793     71108.759 NangateOpenCellLibrary       0 
NOR3_X2           13    24.206     714.515     34567.043 NangateOpenCellLibrary       0 
NOR3_X4            2     7.448     213.936     12760.435 NangateOpenCellLibrary       0 
NOR4_X1           90   119.700    3001.914     38609.567 NangateOpenCellLibrary       0 
NOR4_X2            2     4.788     142.503      3963.185 NangateOpenCellLibrary       0 
OAI211_X1        206   273.980    9351.130    283587.555 NangateOpenCellLibrary       0 
OAI211_X2         14    33.516     890.128     51108.699 NangateOpenCellLibrary       0 
OAI211_X4          3    13.566     432.328     17507.416 NangateOpenCellLibrary       0 
OAI21_X1         706   751.184   20121.582    793503.287 NangateOpenCellLibrary       0 
OAI21_X2         145   269.990    8399.941    378067.561 NangateOpenCellLibrary       0 
OAI21_X4          40   138.320    4581.199    241333.751 NangateOpenCellLibrary       0 
OAI221_X1         93   148.428    4519.993    146027.852 NangateOpenCellLibrary       0 
OAI221_X4          1     3.458     122.984      5834.320 NangateOpenCellLibrary       0 
OAI222_X1         48   102.144    2638.013    105811.961 NangateOpenCellLibrary       0 
OAI22_X1         554   736.820   23682.232    727534.913 NangateOpenCellLibrary       0 
OAI22_X2          40    95.760    3235.927    115809.747 NangateOpenCellLibrary       0 
OAI22_X4           3    13.566     406.599     14824.996 NangateOpenCellLibrary       0 
OAI33_X1           2     3.724     112.717      2701.674 NangateOpenCellLibrary       0 
OR2_X1           433   460.712    9965.227    607798.919 NangateOpenCellLibrary       0 
OR2_X2            33    43.890    1511.039    105329.963 NangateOpenCellLibrary       0 
OR2_X4             4     9.576     387.154     19867.469 NangateOpenCellLibrary       0 
OR3_X1            24    31.920     615.072     18234.242 NangateOpenCellLibrary       0 
OR3_X2             1     1.596      50.422         0.000 NangateOpenCellLibrary       0 
OR4_X1            75   119.700    2106.792     26981.178 NangateOpenCellLibrary       0 
SDFFR_X1         138   917.700   14776.037   1756117.515 NangateOpenCellLibrary       0 
SDFFR_X2          23   159.068    3312.527    344716.700 NangateOpenCellLibrary       0 
SDFF_X1            1     6.118      98.254     11140.351 NangateOpenCellLibrary       0 
XNOR2_X1         379   604.884   14489.710    778660.366 NangateOpenCellLibrary       0 
XNOR2_X2          95   252.700    6916.572    523910.637 NangateOpenCellLibrary       0 
XOR2_X1           92   146.832    3340.803    215561.213 NangateOpenCellLibrary       0 
XOR2_X2            9    21.546     658.161     52290.212 NangateOpenCellLibrary       0 
----------------------------------------------------------------------------------------
total          16426 27679.694  618464.610  38369557.502                                
                                            Leakage  Leakage   Internal   Internal 
     Type      Instances    Area   Area % Power (nW) Power %  Power (nW)   Power % 
-----------------------------------------------------------------------------------
sequential          1679  9051.714   32.7 151680.817    24.5 16032411.711     41.8 
inverter            2899  1729.798    6.2  51643.779     8.4  2176840.588      5.7 
buffer                76    68.894    0.2   1720.239     0.3   134262.028      0.3 
logic              11772 16829.288   60.8 413419.775    66.8 20026043.175     52.2 
physical_cells         0     0.000    0.0      0.000     0.0        0.000      0.0 
-----------------------------------------------------------------------------------
total              16426 27679.694  100.0 618464.610   100.0 38369557.502    100.0 
