============================================================
  Generated by:           Genus(TM) Synthesis Solution 25.11-s095_1
  Generated on:           Jun 13 2026  01:54:33 am
  Module:                 sysarr_32_input_fp_adder
  Operating conditions:   typical 
  Interconnect mode:      global
  Area mode:              physical library
============================================================


Path 1: MET (0 ps) Setup Check with Pin abs_sum_reg[31]/CK->D
           View: view_1p2_25
          Group: clock1
     Startpoint: (R) adder_tree_inst_s0_g0_r_reg[1]/CK
          Clock: (R) clock1
       Endpoint: (R) abs_sum_reg[31]/D
          Clock: (R) clock1

                     Capture       Launch     
        Clock Edge:+    1124            0     
       Src Latency:+       0            0     
       Net Latency:+       0 (I)        0 (I) 
           Arrival:=    1124            0     
                                              
             Setup:-      33                  
       Uncertainty:-       0                  
     Required Time:=    1090                  
      Launch Clock:-       0                  
         Data Path:-    1090                  
             Slack:=       0                  

Launch clock path:
#----------------------------------------------------------------------------------------------------------
#           Timing Point            Flags   Arc   Edge   Cell     Fanout Load Trans Delay Arrival Instance 
#                                                                        (fF)  (ps)  (ps)   (ps)  Location 
#----------------------------------------------------------------------------------------------------------
  clk                               (i)     -     R     (arrival)   1679  0.0     0     0       0    (-,-) 
  clk                               -       -     -     (net)          -    -     -     -       -    (-,-) 
  clk                               -       -     -     (net)          -    -     -     -       -    (-,-) 
  adder_tree_inst_s0_g0_r_reg[1]/CK <<<     -     R     DFFR_X1     1679    -     1     0       0    (-,-) 
#----------------------------------------------------------------------------------------------------------

#------------------------------------------------------------------------------------------------------------
#           Timing Point             Flags    Arc   Edge   Cell     Fanout Load Trans Delay Arrival Instance 
#                                                                          (fF)  (ps)  (ps)   (ps)  Location 
#------------------------------------------------------------------------------------------------------------
  adder_tree_inst_s0_g0_r_reg[1]/CK  -       -      R     (arrival)   1679    -     1     0       0    (-,-) 
  adder_tree_inst_s0_g0_r_reg[1]/QN  -       CK->QN R     DFFR_X1        2  3.9    15    72      72    (-,-) 
  adder_tree_inst_add_37_30_n_2310   -       -      -     (net)          -    -     -     -       -    (-,-) 
  adder_tree_inst_add_37_30_g2966/ZN -       A2->ZN F     NAND2_X1       2  3.5    10    19      91    (-,-) 
  adder_tree_inst_add_37_30_n_2210   -       -      -     (net)          -    -     -     -       -    (-,-) 
  adder_tree_inst_add_37_30_g2943/ZN -       A->ZN  R     INV_X1         1  6.7    18    26     117    (-,-) 
  adder_tree_inst_add_37_30_n_2209   -       -      -     (net)          -    -     -     -       -    (-,-) 
  adder_tree_inst_add_37_30_g2847/ZN -       B1->ZN F     OAI21_X4       3  5.8    11    16     133    (-,-) 
  adder_tree_inst_add_37_30_n_2054   -       -      -     (net)          -    -     -     -       -    (-,-) 
  adder_tree_inst_add_37_30_g2835/ZN -       A->ZN  F     XNOR2_X1       4  6.4    18    49     182    (-,-) 
  n_11338                            -       -      -     (net)          -    -     -     -       -    (-,-) 
  dec_sub_152_43_g1125/ZN            -       A->ZN  R     INV_X1         3  7.5    20    31     213    (-,-) 
  dec_sub_152_43_n_860               -       -      -     (net)          -    -     -     -       -    (-,-) 
  dec_sub_152_43_g1105/ZN            -       A2->ZN F     NAND2_X2       3  5.7    11    19     232    (-,-) 
  dec_sub_152_43_n_814               -       -      -     (net)          -    -     -     -       -    (-,-) 
  dec_sub_152_43_g1102/ZN            -       A1->ZN R     NOR2_X1        2  3.8    25    35     267    (-,-) 
  dec_sub_152_43_n_809               -       -      -     (net)          -    -     -     -       -    (-,-) 
  dec_sub_152_43_g1100/ZN            -       A2->ZN F     NAND2_X1       3  6.9    16    29     296    (-,-) 
  dec_sub_152_43_n_804               -       -      -     (net)          -    -     -     -       -    (-,-) 
  dec_sub_152_43_g1097/ZN            -       A2->ZN R     NOR2_X2        2  3.8    19    32     328    (-,-) 
  dec_sub_152_43_n_799               -       -      -     (net)          -    -     -     -       -    (-,-) 
  dec_sub_152_43_g1095/ZN            -       A2->ZN F     NAND2_X1       3  6.9    16    28     356    (-,-) 
  dec_sub_152_43_n_794               -       -      -     (net)          -    -     -     -       -    (-,-) 
  dec_sub_152_43_g1092/ZN            -       A2->ZN R     NOR2_X2        2  5.6    21    37     392    (-,-) 
  dec_sub_152_43_n_789               -       -      -     (net)          -    -     -     -       -    (-,-) 
  dec_sub_152_43_g1090/ZN            -       A2->ZN F     NAND2_X2       3  6.9    10    21     413    (-,-) 
  dec_sub_152_43_n_784               -       -      -     (net)          -    -     -     -       -    (-,-) 
  dec_sub_152_43_g1087/ZN            -       A2->ZN R     NOR2_X2        2  4.4    18    31     444    (-,-) 
  dec_sub_152_43_n_779               -       -      -     (net)          -    -     -     -       -    (-,-) 
  dec_sub_152_43_g1085/ZN            -       A->ZN  F     INV_X1         1  3.0     7    12     456    (-,-) 
  dec_sub_152_43_n_776               -       -      -     (net)          -    -     -     -       -    (-,-) 
  dec_sub_152_43_g1084/ZN            -       A1->ZN R     NOR2_X2        3  5.6    22    28     484    (-,-) 
  dec_sub_152_43_n_774               -       -      -     (net)          -    -     -     -       -    (-,-) 
  dec_sub_152_43_g1080/ZN            -       A2->ZN R     AND2_X1        2  3.8    13    41     525    (-,-) 
  dec_sub_152_43_n_767               -       -      -     (net)          -    -     -     -       -    (-,-) 
  dec_sub_152_43_g1077/ZN            -       A1->ZN F     NAND2_X1       2  3.4    10    18     543    (-,-) 
  dec_sub_152_43_n_764               -       -      -     (net)          -    -     -     -       -    (-,-) 
  dec_sub_152_43_g1073/ZN            -       A1->ZN R     NOR2_X1        2  3.8    26    34     577    (-,-) 
  dec_sub_152_43_n_757               -       -      -     (net)          -    -     -     -       -    (-,-) 
  dec_sub_152_43_g1071/ZN            -       A1->ZN F     NAND2_X1       3  5.1    15    25     603    (-,-) 
  dec_sub_152_43_n_752               -       -      -     (net)          -    -     -     -       -    (-,-) 
  dec_sub_152_43_g1068/ZN            -       A1->ZN R     NOR2_X1        2  3.8    26    36     639    (-,-) 
  dec_sub_152_43_n_747               -       -      -     (net)          -    -     -     -       -    (-,-) 
  dec_sub_152_43_g1066/ZN            -       A1->ZN F     NAND2_X1       3  7.0    18    30     669    (-,-) 
  dec_sub_152_43_n_742               -       -      -     (net)          -    -     -     -       -    (-,-) 
  dec_sub_152_43_g1063/ZN            -       A1->ZN R     NOR2_X2        2  4.4    19    30     699    (-,-) 
  dec_sub_152_43_n_737               -       -      -     (net)          -    -     -     -       -    (-,-) 
  dec_sub_152_43_g1061/ZN            -       A->ZN  F     INV_X1         2  4.5     9    15     714    (-,-) 
  dec_sub_152_43_n_734               -       -      -     (net)          -    -     -     -       -    (-,-) 
  dec_sub_152_43_g1060/ZN            -       A1->ZN R     NOR3_X2        2  3.8    30    36     750    (-,-) 
  dec_sub_152_43_n_732               -       -      -     (net)          -    -     -     -       -    (-,-) 
  dec_sub_152_43_g1056/ZN            -       A1->ZN F     NAND2_X1       2  5.3    16    27     777    (-,-) 
  dec_sub_152_43_n_727               -       -      -     (net)          -    -     -     -       -    (-,-) 
  dec_sub_152_43_g1052/ZN            -       A1->ZN R     NOR2_X2        3  7.7    27    37     814    (-,-) 
  dec_sub_152_43_n_720               -       -      -     (net)          -    -     -     -       -    (-,-) 
  dec_sub_152_43_g1048/ZN            -       A1->ZN F     NAND2_X2       3  5.7    12    20     834    (-,-) 
  dec_sub_152_43_n_713               -       -      -     (net)          -    -     -     -       -    (-,-) 
  dec_sub_152_43_g1046/ZN            -       A1->ZN R     NOR2_X1        2  3.8    26    35     870    (-,-) 
  dec_sub_152_43_n_710               -       -      -     (net)          -    -     -     -       -    (-,-) 
  dec_sub_152_43_g1043/ZN            -       A1->ZN F     NAND2_X1       3  5.1    15    25     895    (-,-) 
  dec_sub_152_43_n_700               -       -      -     (net)          -    -     -     -       -    (-,-) 
  dec_sub_152_43_g1042/ZN            -       A->ZN  R     INV_X1         2  5.8    16    26     921    (-,-) 
  dec_sub_152_43_n_702               -       -      -     (net)          -    -     -     -       -    (-,-) 
  dec_sub_152_43_g1039/ZN            -       A1->ZN F     NAND2_X2       3  6.4    11    19     939    (-,-) 
  dec_sub_152_43_n_697               -       -      -     (net)          -    -     -     -       -    (-,-) 
  dec_sub_152_43_g1035/ZN            -       A1->ZN R     NOR2_X2        2  5.4    21    29     969    (-,-) 
  dec_sub_152_43_n_689               -       -      -     (net)          -    -     -     -       -    (-,-) 
  g426175/CO                         -       A->CO  R     HA_X1          2  3.8    13    40    1009    (-,-) 
  n_16665                            -       -      -     (net)          -    -     -     -       -    (-,-) 
  dec_sub_152_43_g1028/ZN            -       A1->ZN F     NAND2_X1       2  3.5    10    18    1027    (-,-) 
  dec_sub_152_43_n_677               -       -      -     (net)          -    -     -     -       -    (-,-) 
  dec_sub_152_43_g1027/ZN            -       A->ZN  R     OAI21_X1       1  1.9    19    21    1048    (-,-) 
  n_11255                            -       -      -     (net)          -    -     -     -       -    (-,-) 
  g212204__1666/ZN                   -       B1->ZN F     AOI21_X1       1  3.2    17    21    1068    (-,-) 
  n_11096                            -       -      -     (net)          -    -     -     -       -    (-,-) 
  g212168__2883/ZN                   -       A->ZN  R     OAI21_X2       1  1.4    16    22    1090    (-,-) 
  n_11108                            -       -      -     (net)          -    -     -     -       -    (-,-) 
  abs_sum_reg[31]/D                  <<<     -      R     DFF_X1         1    -     -     0    1090    (-,-) 
#------------------------------------------------------------------------------------------------------------

Capture clock path:
#-------------------------------------------------------------------------------------------
#   Timing Point     Flags   Arc   Edge   Cell     Fanout Load Trans Delay Arrival Instance 
#                                                         (fF)  (ps)  (ps)   (ps)  Location 
#-------------------------------------------------------------------------------------------
  clk                (i)     -     R     (arrival)   1679  0.0     0     0    1124    (-,-) 
  clk                -       -     -     (net)          -    -     -     -       -    (-,-) 
  clk                -       -     -     (net)          -    -     -     -       -    (-,-) 
  abs_sum_reg[31]/CK <<<     -     R     DFF_X1      1679    -     1     0    1124    (-,-) 
#-------------------------------------------------------------------------------------------


