============================================================
  Generated by:           Genus(TM) Synthesis Solution 25.11-s095_1
  Generated on:           Mar 10 2026  09:47:25 am
  Module:                 add_fp16
  Operating conditions:   typical 
  Interconnect mode:      global
  Area mode:              physical library
============================================================


Path 1: MET (19 ps) Late External Delay Assertion at pin fp_out[30]
           View: view_1p2_25
          Group: clock1
     Startpoint: (R) larger_mantissa_l_reg[5]/CK
          Clock: (R) clock1
       Endpoint: (R) fp_out[30]
          Clock: (R) clock1

                     Capture       Launch     
        Clock Edge:+    1000            0     
       Src Latency:+       0            0     
       Net Latency:+       0 (I)        0 (I) 
           Arrival:=    1000            0     
                                              
      Output Delay:-       1                  
       Uncertainty:-       0                  
     Required Time:=     999                  
      Launch Clock:-       0                  
         Data Path:-     980                  
             Slack:=      19                  

Exceptions/Constraints:
  output_delay              1              add_fp16.sdc_line_17_67_1   

Launch clock path:
#----------------------------------------------------------------------------------------------------
#        Timing Point         Flags   Arc   Edge   Cell     Fanout Load Trans Delay Arrival Instance 
#                                                                  (fF)  (ps)  (ps)   (ps)  Location 
#----------------------------------------------------------------------------------------------------
  clk                         (i)     -     R     (arrival)     68  0.0     0     0       0    (-,-) 
  clk                         -       -     -     (net)          -    -     -     -       -    (-,-) 
  clk                         -       -     -     (net)          -    -     -     -       -    (-,-) 
  larger_mantissa_l_reg[5]/CK <<<     -     R     DFFR_X1       68    -     1     0       0    (-,-) 
#----------------------------------------------------------------------------------------------------

#---------------------------------------------------------------------------------------------------------------------
#                Timing Point                 Flags    Arc   Edge   Cell     Fanout Load Trans Delay Arrival Instance 
#                                                                                   (fF)  (ps)  (ps)   (ps)  Location 
#---------------------------------------------------------------------------------------------------------------------
  larger_mantissa_l_reg[5]/CK                 -       -      R     (arrival)     68    -     1     0       0    (-,-) 
  larger_mantissa_l_reg[5]/QN                 -       CK->QN F     DFFR_X1        2  3.4    14    69      69    (-,-) 
  n_603                                       -       -      -     (net)          -    -     -     -       -    (-,-) 
  g34143/ZN                                   -       A->ZN  R     INV_X1         3  7.4    19    29      98    (-,-) 
  larger_mantissa_l[5]                        -       -      -     (net)          -    -     -     -       -    (-,-) 
  g47228/ZN                                   -       A->ZN  F     INV_X2         2  4.9     7    11     109    (-,-) 
  n_797                                       -       -      -     (net)          -    -     -     -       -    (-,-) 
  g47070__4733/ZN                             -       A1->ZN R     NAND2_X1       3  5.7    18    23     133    (-,-) 
  n_893                                       -       -      -     (net)          -    -     -     -       -    (-,-) 
  g46903__6131/ZN                             -       A2->ZN F     NAND2_X1       2  3.6    10    20     153    (-,-) 
  n_998                                       -       -      -     (net)          -    -     -     -       -    (-,-) 
  g46802__6783/ZN                             -       A2->ZN R     NOR2_X1        1  3.8    25    39     192    (-,-) 
  n_1068                                      -       -      -     (net)          -    -     -     -       -    (-,-) 
  g46738__7482/ZN                             -       A2->ZN F     NAND2_X2       1  5.9    10    20     212    (-,-) 
  n_1132                                      -       -      -     (net)          -    -     -     -       -    (-,-) 
  g46725__6783/ZN                             -       A2->ZN R     NAND2_X4       4 11.7    12    21     233    (-,-) 
  n_1147                                      -       -      -     (net)          -    -     -     -       -    (-,-) 
  g46672__2346/ZN                             -       B1->ZN F     AOI21_X1       1  3.2    10    18     251    (-,-) 
  n_1191                                      -       -      -     (net)          -    -     -     -       -    (-,-) 
  g46613__3680/ZN                             -       A->ZN  R     AOI21_X2       2  3.8    22    40     292    (-,-) 
  n_1256                                      -       -      -     (net)          -    -     -     -       -    (-,-) 
  g46599/ZN                                   -       A->ZN  F     INV_X1         1  1.8     7    10     301    (-,-) 
  n_1257                                      -       -      -     (net)          -    -     -     -       -    (-,-) 
  g46577__5526/ZN                             -       A1->ZN R     NAND2_X1       1  3.4    13    18     319    (-,-) 
  n_1274                                      -       -      -     (net)          -    -     -     -       -    (-,-) 
  g46550__5122/ZN                             -       A1->ZN F     NAND2_X2      10 17.8    19    30     349    (-,-) 
  n_1314                                      -       -      -     (net)          -    -     -     -       -    (-,-) 
  g46508__8246/ZN                             -       A1->ZN R     NOR2_X1        3  5.7    34    48     397    (-,-) 
  n_1341                                      -       -      -     (net)          -    -     -     -       -    (-,-) 
  g46497/ZN                                   -       A->ZN  F     INV_X1         2  3.4    11    14     411    (-,-) 
  n_1340                                      -       -      -     (net)          -    -     -     -       -    (-,-) 
  g46396__6161/ZN                             -       A->ZN  R     AOI21_X1       1  2.0    23    42     453    (-,-) 
  n_1386                                      -       -      -     (net)          -    -     -     -       -    (-,-) 
  g46326__6131/ZN                             -       B1->ZN F     OAI21_X1       1  1.9    10    18     470    (-,-) 
  n_1432                                      -       -      -     (net)          -    -     -     -       -    (-,-) 
  g46300__4733/ZN                             -       A1->ZN R     NAND3_X1       1  1.9    12    17     487    (-,-) 
  n_1457                                      -       -      -     (net)          -    -     -     -       -    (-,-) 
  g46172__1666/ZN                             -       B1->ZN F     AOI21_X1       1  1.8    10    15     502    (-,-) 
  n_1574                                      -       -      -     (net)          -    -     -     -       -    (-,-) 
  g45999__1617/ZN                             -       B1->ZN R     OAI21_X1       1  1.9    19    28     530    (-,-) 
  n_1742                                      -       -      -     (net)          -    -     -     -       -    (-,-) 
  g45959__7410/ZN                             -       A1->ZN F     NAND2_X1       2  3.5    11    20     550    (-,-) 
  n_1789                                      -       -      -     (net)          -    -     -     -       -    (-,-) 
  g45914__7098/ZN                             -       A1->ZN R     NAND2_X1       3  5.6    18    25     575    (-,-) 
  n_1849                                      -       -      -     (net)          -    -     -     -       -    (-,-) 
  g45873__2398/ZN                             -       A2->ZN F     OAI22_X1       2  4.7    16    28     604    (-,-) 
  n_1885                                      -       -      -     (net)          -    -     -     -       -    (-,-) 
  csa_tree_ADD_TC_OP_2_rsh_pad_groupi_g889/ZN -       A1->ZN R     NOR2_X2        3  7.2    24    36     640    (-,-) 
  csa_tree_ADD_TC_OP_2_rsh_pad_groupi_n_4     -       -      -     (net)          -    -     -     -       -    (-,-) 
  csa_tree_ADD_TC_OP_2_rsh_pad_groupi_g832/ZN -       B1->ZN F     OAI21_X2       2  4.8    12    20     659    (-,-) 
  csa_tree_ADD_TC_OP_2_rsh_pad_groupi_n_59    -       -      -     (net)          -    -     -     -       -    (-,-) 
  csa_tree_ADD_TC_OP_2_rsh_pad_groupi_g826/ZN -       B1->ZN R     AOI21_X1       1  2.0    23    29     688    (-,-) 
  csa_tree_ADD_TC_OP_2_rsh_pad_groupi_n_65    -       -      -     (net)          -    -     -     -       -    (-,-) 
  csa_tree_ADD_TC_OP_2_rsh_pad_groupi_g822/ZN -       B1->ZN F     OAI21_X1       1  3.2    14    21     709    (-,-) 
  csa_tree_ADD_TC_OP_2_rsh_pad_groupi_n_69    -       -      -     (net)          -    -     -     -       -    (-,-) 
  csa_tree_ADD_TC_OP_2_rsh_pad_groupi_g816/ZN -       A->ZN  R     AOI21_X2       2  6.0    28    48     757    (-,-) 
  csa_tree_ADD_TC_OP_2_rsh_pad_groupi_n_75    -       -      -     (net)          -    -     -     -       -    (-,-) 
  csa_tree_ADD_TC_OP_2_rsh_pad_groupi_g815/ZN -       A->ZN  F     INV_X2         2  4.6     8    11     768    (-,-) 
  csa_tree_ADD_TC_OP_2_rsh_pad_groupi_n_76    -       -      -     (net)          -    -     -     -       -    (-,-) 
  csa_tree_ADD_TC_OP_2_rsh_pad_groupi_g811/ZN -       B1->ZN R     AOI21_X1       1  2.5    25    30     798    (-,-) 
  csa_tree_ADD_TC_OP_2_rsh_pad_groupi_n_80    -       -      -     (net)          -    -     -     -       -    (-,-) 
  csa_tree_ADD_TC_OP_2_rsh_pad_groupi_g804/ZN -       A->ZN  R     XNOR2_X1       2  3.7    28    48     846    (-,-) 
  n_1936                                      -       -      -     (net)          -    -     -     -       -    (-,-) 
  g19845__2883/ZN                             -       A1->ZN F     NAND2_X1       1  3.5    13    22     868    (-,-) 
  n_686                                       -       -      -     (net)          -    -     -     -       -    (-,-) 
  g19834__8246/ZN                             -       A2->ZN R     NOR2_X2        1  7.1    24    40     907    (-,-) 
  n_695                                       -       -      -     (net)          -    -     -     -       -    (-,-) 
  g19832__1705/ZN                             -       A1->ZN F     NOR2_X4        2  7.7    12    11     918    (-,-) 
  n_697                                       -       -      -     (net)          -    -     -     -       -    (-,-) 
  g19831/ZN                                   -       A->ZN  R     INV_X1         1  6.7    18    27     945    (-,-) 
  n_698                                       -       -      -     (net)          -    -     -     -       -    (-,-) 
  g19816__7410/ZN                             -       B1->ZN F     AOI21_X4       8 13.5    17    21     966    (-,-) 
  n_713                                       -       -      -     (net)          -    -     -     -       -    (-,-) 
  g19793__6260/ZN                             -       A1->ZN R     NAND2_X1       1  0.3     8    14     980    (-,-) 
  fp_out[30]                                  -       -      -     (net)          -    -     -     -       -    (-,-) 
  fp_out[30]                                  <<<     -      R     (port)         -    -     -     0     980    (-,-) 
#---------------------------------------------------------------------------------------------------------------------


