============================================================
  Generated by:           Genus(TM) Synthesis Solution 25.11-s095_1
  Generated on:           Jun 12 2026  05:47:09 am
  Module:                 sysarr_32_input_fp_adder
  Operating conditions:   typical 
  Interconnect mode:      global
  Area mode:              physical library
============================================================

Timing
--------

Analysis view  Clock Period 
----------------------------
view_1p2_25   clock1 1538.0 


  Analysis    Cost   Critical        Violating 
    View     Group  Path Slack  TNS    Paths   
-----------------------------------------------
view_1p2_25  clock1        0.0  0.0          0 
            default   No paths  0.0          0 
-----------------------------------------------
Total                          -0.0          0 
                                               

Instance Count
--------------
Leaf Instance Count             12848 
Physical Instance count             0 
Sequential Instance Count        1679 
Combinational Instance Count    11169 
Hierarchical Instance Count         0 

Area
----
Cell Area                          23843.176
Physical Cell Area                 0.000
Total Cell Area (Cell+Physical)    23843.176
Net Area                           17419.525
Total Area (Cell+Physical+Net)     41262.701

Power
-----
Leakage Power                      485590.972 nW
Dynamic Power                      35603187.924 nW
Total Power                        36088778.896 nW

Max Fanout                         1679 (clk)
Min Fanout                         0 (w_aligned_mants[0][27])
Average Fanout                     2.1
Terms to net ratio                 3.2660
Terms to instance ratio            3.6999
Runtime                            48.494382 seconds
Elapsed Runtime                    53 seconds
Genus peak memory usage            1775.43 
Innovus peak memory usage          no_value 
Hostname                           asicfab.ecn.purdue.edu
