Command: report datapath reports/syn_generic/area.datapath.rpt
Warning: '-sort' is not specified. By default, 'report datapath' orders the components based on instance name
============================================================
  Generated by:           Genus(TM) Synthesis Solution 25.11-s095_1
  Generated on:           Mar 12 2026  03:24:16 am
  Module:                 sysarr_n_input_fp_adder_noretime
  Library domain:         timing_condition_tt_1p2v_25c
    Domain index:         0
    Technology library:   NangateOpenCellLibrary revision 1.0
  Operating conditions:   typical 
  Interconnect mode:      global
  Area mode:              physical library
============================================================



Inferred components

                            Operator Signedness          Architecture                    Inputs    Outputs        CellArea LogicLevels 
=======================================================================================================================================
sysarr_n_input_fp_adder_noretime
csa_tree_add_206_78_groupi module:csa_tree_add_206_78_group_5141 
 equation: assign out_0 = (($signed({1'b0,in_1}) + $signed(in_2)) + $signed({1'b0,in_0})); 
                       csa_and_adder        n/a             very_fast                   5x27x27         27          559.53          43 

Related RTL operators:
     add_206_48                    +     signed             very_fast                     28x27         28                          11 
     add_206_78                    +     signed             very_fast                      28x6         27                          13 
=======================================================================================================================================
sysarr_n_input_fp_adder_noretime
inc_add_209_43 module:increment_unsigned_5127_5396 
                           increment   unsigned             very_fast                      26x1         26          138.69          26 
=======================================================================================================================================
sysarr_n_input_fp_adder_noretime
sll_246_32 module:shift_left_vlog_unsigned_3026_rtlopto_model_743 
                                  <<        n/a      very_fast/barrel                      26x5         25          460.69          11 
=======================================================================================================================================
Type              CellArea  Percentage
--------------------------------------
datapath modules   1158.91        5.00
external muxes        0.00        0.00
others            22007.35       95.00
--------------------------------------
total             23166.26      100.00
