============================================================
  Generated by:           Genus(TM) Synthesis Solution 25.11-s095_1
  Generated on:           Mar 10 2026  08:59:15 pm
  Module:                 add_bf16_1C
  Library domain:         timing_condition_tt_1p2v_25c
    Domain index:         0
    Technology library:   NangateOpenCellLibrary revision 1.0
  Operating conditions:   typical 
  Interconnect mode:      global
  Area mode:              physical library
============================================================

Timing
--------

Analysis view  Clock Period 
----------------------------
view_1p2_25   clock1 1639.0 


  Analysis    Cost   Critical        Violating 
    View     Group  Path Slack  TNS    Paths   
-----------------------------------------------
view_1p2_25  clock1       32.0  0.0          0 
            default   No paths  0.0          0 
-----------------------------------------------
Total                          -0.0          0 
                                               

Instance Count
--------------
Leaf Instance Count             603 
Physical Instance count           0 
Sequential Instance Count        33 
Combinational Instance Count    570 
Hierarchical Instance Count       0 

Area
----
Cell Area                          828.590
Physical Cell Area                 0.000
Total Cell Area (Cell+Physical)    828.590
Net Area                           819.859
Total Area (Cell+Physical+Net)     1648.449

Power
-----
Leakage Power                      19142.163 nW
Dynamic Power                      1127233.154 nW
Total Power                        1146375.317 nW

Max Fanout                         33 (clk)
Min Fanout                         0 (nRST)
Average Fanout                     2.2
Terms to net ratio                 3.2303
Terms to instance ratio            3.4660
Runtime                            44.985034 seconds
Elapsed Runtime                    51 seconds
Genus peak memory usage            1665.17 
Innovus peak memory usage          no_value 
Hostname                           asicfab.ecn.purdue.edu
