============================================================
  Generated by:           Genus(TM) Synthesis Solution 25.11-s095_1
  Generated on:           Mar 10 2026  09:04:16 pm
  Module:                 add_bf16_1C
  Operating conditions:   typical 
  Interconnect mode:      global
  Area mode:              physical library
============================================================

Timing
--------

Analysis view  Clock Period 
----------------------------
view_1p2_25   clock1 1149.0 


  Analysis    Cost   Critical        Violating 
    View     Group  Path Slack  TNS    Paths   
-----------------------------------------------
view_1p2_25  clock1        0.7  0.0          0 
            default   No paths  0.0          0 
-----------------------------------------------
Total                          -0.0          0 
                                               

Instance Count
--------------
Leaf Instance Count             651 
Physical Instance count           0 
Sequential Instance Count        33 
Combinational Instance Count    618 
Hierarchical Instance Count       0 

Area
----
Cell Area                          879.396
Physical Cell Area                 0.000
Total Cell Area (Cell+Physical)    879.396
Net Area                           932.452
Total Area (Cell+Physical+Net)     1811.848

Power
-----
Leakage Power                      20589.054 nW
Dynamic Power                      1596919.248 nW
Total Power                        1617508.302 nW

Max Fanout                         33 (clk)
Min Fanout                         0 (nRST)
Average Fanout                     2.3
Terms to net ratio                 3.3024
Terms to instance ratio            3.6068
Runtime                            46.997908 seconds
Elapsed Runtime                    54 seconds
Genus peak memory usage            1684.68 
Innovus peak memory usage          no_value 
Hostname                           asicfab.ecn.purdue.edu
