============================================================
  Generated by:           Genus(TM) Synthesis Solution 25.11-s095_1
  Generated on:           Mar 11 2026  06:35:05 am
  Module:                 sysarr_4_input_fp_adder
  Operating conditions:   typical 
  Interconnect mode:      global
  Area mode:              physical library
============================================================

Timing
--------

Analysis view  Clock Period 
----------------------------
view_1p2_25   clock1 1333.0 


  Analysis    Cost   Critical        Violating 
    View     Group  Path Slack  TNS    Paths   
-----------------------------------------------
view_1p2_25  clock1        0.0  0.0          0 
            default   No paths  0.0          0 
-----------------------------------------------
Total                          -0.0          0 
                                               

Instance Count
--------------
Leaf Instance Count             1814 
Physical Instance count            0 
Sequential Instance Count        136 
Combinational Instance Count    1678 
Hierarchical Instance Count        0 

Area
----
Cell Area                          2979.200
Physical Cell Area                 0.000
Total Cell Area (Cell+Physical)    2979.200
Net Area                           2633.200
Total Area (Cell+Physical+Net)     5612.400

Power
-----
Leakage Power                      64737.114 nW
Dynamic Power                      6619501.061 nW
Total Power                        6684238.175 nW

Max Fanout                         136 (clk)
Min Fanout                         0 (st1_carry_vec[24])
Average Fanout                     2.3
Terms to net ratio                 3.3122
Terms to instance ratio            3.7486
Runtime                            42.957528 seconds
Elapsed Runtime                    49 seconds
Genus peak memory usage            1712.23 
Innovus peak memory usage          no_value 
Hostname                           asicfab.ecn.purdue.edu
