============================================================
  Generated by:           Genus(TM) Synthesis Solution 25.11-s095_1
  Generated on:           Feb 24 2026  11:38:50 am
  Operating conditions:   PVT_1P2V_25C 
  Interconnect mode:      global
  Area mode:              physical library
============================================================

                                Leakage    Internal                               Library 
   Gate    Instances   Area   Power (nW)  Power (nW)            Library            Domain 
------------------------------------------------------------------------------------------
addh_1x            4   41.984     29.138    15786.641 MITLL90_STDLIB_8T.tt1p2v25c       0 
and2_1x           32  134.349    111.696    51682.907 MITLL90_STDLIB_8T.tt1p2v25c       0 
and2_2x            1    5.248      5.356      286.136 MITLL90_STDLIB_8T.tt1p2v25c       0 
and3_1x            4   25.190     12.771     4489.518 MITLL90_STDLIB_8T.tt1p2v25c       0 
and3_2x            1    7.347      5.137     1691.464 MITLL90_STDLIB_8T.tt1p2v25c       0 
ao21_1x           12   62.976     45.358    29196.661 MITLL90_STDLIB_8T.tt1p2v25c       0 
ao22_1x            8   58.778     30.044    15826.225 MITLL90_STDLIB_8T.tt1p2v25c       0 
ao22_2x            1    8.397      5.536     3798.372 MITLL90_STDLIB_8T.tt1p2v25c       0 
aoi21_1x          51  214.118    102.668    47519.373 MITLL90_STDLIB_8T.tt1p2v25c       0 
aoi21_2x           3   22.042     13.708     6852.970 MITLL90_STDLIB_8T.tt1p2v25c       0 
aoi21_4x           5   68.224     47.564    14938.488 MITLL90_STDLIB_8T.tt1p2v25c       0 
aoi22_1x          52  272.896    103.879    54372.350 MITLL90_STDLIB_8T.tt1p2v25c       0 
aoi22_2x           1   10.496      4.759     1654.437 MITLL90_STDLIB_8T.tt1p2v25c       0 
buf_1x             2    6.298      5.608     4340.183 MITLL90_STDLIB_8T.tt1p2v25c       0 
dffrq_1x          35  587.776    248.640   341253.380 MITLL90_STDLIB_8T.tt1p2v25c       0 
inv_1x           132  277.094    234.942    53050.058 MITLL90_STDLIB_8T.tt1p2v25c       0 
inv_2x             8   25.190     29.409     4159.914 MITLL90_STDLIB_8T.tt1p2v25c       0 
inv_4x             3   15.744     22.548     3687.589 MITLL90_STDLIB_8T.tt1p2v25c       0 
mux2_1x            6   44.083     23.265    14962.873 MITLL90_STDLIB_8T.tt1p2v25c       0 
muxi2_1x           5   31.488      9.754     3720.938 MITLL90_STDLIB_8T.tt1p2v25c       0 
nand2_1x         101  318.029    139.022    41727.753 MITLL90_STDLIB_8T.tt1p2v25c       0 
nand2_2x          15   78.720     39.979    14764.823 MITLL90_STDLIB_8T.tt1p2v25c       0 
nand2_4x           3   28.339     16.715     2830.630 MITLL90_STDLIB_8T.tt1p2v25c       0 
nand3_1x          17   71.373     24.734    10899.508 MITLL90_STDLIB_8T.tt1p2v25c       0 
nand3_2x           2   16.794      1.008      774.341 MITLL90_STDLIB_8T.tt1p2v25c       0 
nor2_1x           62  195.226     88.664    37015.689 MITLL90_STDLIB_8T.tt1p2v25c       0 
nor2_2x           13   68.224     32.558     9835.508 MITLL90_STDLIB_8T.tt1p2v25c       0 
nor2_4x            3   28.339     15.376     1640.644 MITLL90_STDLIB_8T.tt1p2v25c       0 
nor3_1x           17   71.373     18.160     8940.555 MITLL90_STDLIB_8T.tt1p2v25c       0 
oa21_1x           15   78.720     66.810    35337.933 MITLL90_STDLIB_8T.tt1p2v25c       0 
oa22_1x            6   44.083     23.077    12332.580 MITLL90_STDLIB_8T.tt1p2v25c       0 
oa22_2x            1    8.397      6.006     4802.098 MITLL90_STDLIB_8T.tt1p2v25c       0 
oai21_1x          65  272.896    158.063    65001.168 MITLL90_STDLIB_8T.tt1p2v25c       0 
oai21_2x           7   51.430     24.631    12325.443 MITLL90_STDLIB_8T.tt1p2v25c       0 
oai21_4x           3   40.934     24.415    14477.683 MITLL90_STDLIB_8T.tt1p2v25c       0 
oai22_1x          33  173.184     76.432    31939.552 MITLL90_STDLIB_8T.tt1p2v25c       0 
oai22_2x           2   20.992      9.027     5840.745 MITLL90_STDLIB_8T.tt1p2v25c       0 
or2_1x            19   79.770     49.590    21808.890 MITLL90_STDLIB_8T.tt1p2v25c       0 
or3_1x             1    6.298      2.747     2447.659 MITLL90_STDLIB_8T.tt1p2v25c       0 
sdffrq_1x          4   83.968     35.347    38460.160 MITLL90_STDLIB_8T.tt1p2v25c       0 
xnor2_1x           9   66.125     30.817    13423.046 MITLL90_STDLIB_8T.tt1p2v25c       0 
xnor2_2x           1   10.496      4.493     1356.428 MITLL90_STDLIB_8T.tt1p2v25c       0 
xnor2_4x           2   33.587     19.952    13087.817 MITLL90_STDLIB_8T.tt1p2v25c       0 
xor2_1x            3   22.042     11.461     8441.584 MITLL90_STDLIB_8T.tt1p2v25c       0 
xor2_2x            3   31.488     16.912     9599.925 MITLL90_STDLIB_8T.tt1p2v25c       0 
------------------------------------------------------------------------------------------
total            773 3820.544   2027.777  1092382.637                                     
                                           Leakage  Leakage   Internal  Internal 
     Type      Instances   Area   Area % Power (nW) Power %  Power (nW)  Power % 
---------------------------------------------------------------------------------
sequential            39  671.744   17.6    283.987    14.0  379713.541     34.8 
inverter             143  318.029    8.3    286.899    14.1   60897.560      5.6 
buffer                 2    6.298    0.2      5.608     0.3    4340.183      0.4 
logic                589 2824.474   73.9   1451.283    71.6  647431.354     59.3 
physical_cells         0    0.000    0.0      0.000     0.0       0.000      0.0 
---------------------------------------------------------------------------------
total                773 3820.544  100.0   2027.777   100.0 1092382.637    100.0 
