============================================================
  Generated by:           Genus(TM) Synthesis Solution 25.11-s095_1
  Generated on:           Feb 24 2026  11:38:35 am
  Module:                 add_fp16
  Operating conditions:   PVT_1P2V_25C 
  Interconnect mode:      global
  Area mode:              physical library
============================================================

Timing
--------

Analysis view  Clock Period 
----------------------------
view_1p2_25   clock1 1818.0 


  Analysis    Cost   Critical        Violating 
    View     Group  Path Slack  TNS    Paths   
-----------------------------------------------
view_1p2_25  clock1        0.2  0.0          0 
            default   No paths  0.0          0 
-----------------------------------------------
Total                          -0.0          0 
                                               

Instance Count
--------------
Leaf Instance Count             773 
Physical Instance count           0 
Sequential Instance Count        39 
Combinational Instance Count    734 
Hierarchical Instance Count       0 

Area
----
Cell Area                          3820.544
Physical Cell Area                 0.000
Total Cell Area (Cell+Physical)    3820.544
Net Area                           2538.224
Total Area (Cell+Physical+Net)     6358.768

Power
-----
Leakage Power                      2027.777 nW
Dynamic Power                      2633919.687 nW
Total Power                        2635947.464 nW

Max Fanout                         39 (clk)
Min Fanout                         0 (nRST)
Average Fanout                     2.3
Terms to net ratio                 3.2518
Terms to instance ratio            3.4243
Runtime                            60.994522 seconds
Elapsed Runtime                    67 seconds
Genus peak memory usage            2178.84 
Innovus peak memory usage          no_value 
Hostname                           asicfab.ecn.purdue.edu
