============================================================
  Generated by:           Genus(TM) Synthesis Solution 25.11-s095_1
  Generated on:           Feb 24 2026  11:17:14 am
  Module:                 add_fp16
  Library domain:         timing_condition_tt_1p2v_25c
    Domain index:         0
    Technology libraries: MITLL90_STDLIB_8T.tt1p2v25c 1.0
                          MITLL90_IOPads_5_1_1.tt1p2v25c 1.0
  Operating conditions:   PVT_1P2V_25C 
  Interconnect mode:      global
  Area mode:              physical library
============================================================

Timing
--------

Analysis view  Clock Period 
----------------------------
view_1p2_25   clock1 1802.0 


  Analysis    Cost   Critical        Violating 
    View     Group  Path Slack  TNS    Paths   
-----------------------------------------------
view_1p2_25  clock1       92.5  0.0          0 
            default   No paths  0.0          0 
-----------------------------------------------
Total                          -0.0          0 
                                               

Instance Count
--------------
Leaf Instance Count             1273 
Physical Instance count            0 
Sequential Instance Count         39 
Combinational Instance Count    1234 
Hierarchical Instance Count        0 

Area
----
Cell Area                          10301.518
Physical Cell Area                 0.000
Total Cell Area (Cell+Physical)    10301.518
Net Area                           33.250
Total Area (Cell+Physical+Net)     10334.768

Power
-----
Leakage Power                      1297.523 nW
Dynamic Power                      319966.639 nW
Total Power                        321264.163 nW

Max Fanout                         55 (stall)
Min Fanout                         0 (nRST)
Average Fanout                     1.9
Terms to net ratio                 2.7374
Terms to instance ratio            3.1524
Runtime                            60.987533 seconds
Elapsed Runtime                    68 seconds
Genus peak memory usage            2198.68 
Innovus peak memory usage          no_value 
Hostname                           asicfab.ecn.purdue.edu
