============================================================
  Generated by:           Genus(TM) Synthesis Solution 25.11-s095_1
  Generated on:           Jun 13 2026  05:15:15 am
  Module:                 sysarr_32_input_fp_adder
  Operating conditions:   typical 
  Interconnect mode:      global
  Area mode:              physical library
============================================================


Path 1: MET (0 ps) Setup Check with Pin aligner_inst_aligned_mant_out_reg[13][26]/CK->D
           View: view_1p2_25
          Group: clock1
     Startpoint: (R) aligner_inst_max_l3_n1_r_reg[4]/CK
          Clock: (R) clock1
       Endpoint: (R) aligner_inst_aligned_mant_out_reg[13][26]/D
          Clock: (R) clock1

                     Capture       Launch     
        Clock Edge:+    1205            0     
       Src Latency:+       0            0     
       Net Latency:+       0 (I)        0 (I) 
           Arrival:=    1205            0     
                                              
             Setup:-      35                  
       Uncertainty:-       0                  
     Required Time:=    1169                  
      Launch Clock:-       0                  
         Data Path:-    1169                  
             Slack:=       0                  

Launch clock path:
#-----------------------------------------------------------------------------------------------------------
#           Timing Point             Flags   Arc   Edge   Cell     Fanout Load Trans Delay Arrival Instance 
#                                                                         (fF)  (ps)  (ps)   (ps)  Location 
#-----------------------------------------------------------------------------------------------------------
  clk                                (i)     -     R     (arrival)   1679  0.0     0     0       0    (-,-) 
  clk                                -       -     -     (net)          -    -     -     -       -    (-,-) 
  clk                                -       -     -     (net)          -    -     -     -       -    (-,-) 
  aligner_inst_max_l3_n1_r_reg[4]/CK <<<     -     R     DFFR_X1     1679    -     1     0       0    (-,-) 
#-----------------------------------------------------------------------------------------------------------

#---------------------------------------------------------------------------------------------------------------------
#                Timing Point                 Flags    Arc   Edge   Cell     Fanout Load Trans Delay Arrival Instance 
#                                                                                   (fF)  (ps)  (ps)   (ps)  Location 
#---------------------------------------------------------------------------------------------------------------------
  aligner_inst_max_l3_n1_r_reg[4]/CK          -       -      R     (arrival)   1679    -     1     0       0    (-,-) 
  aligner_inst_max_l3_n1_r_reg[4]/QN          -       CK->QN R     DFFR_X1        2  3.9    15    72      72    (-,-) 
  aligner_inst_max_l3_n1_r[4]                 -       -      -     (net)          -    -     -     -       -    (-,-) 
  fopt448148/ZN                               -       A->ZN  F     INV_X1         2  3.5     7    12      84    (-,-) 
  n_11312                                     -       -      -     (net)          -    -     -     -       -    (-,-) 
  g445507/ZN                                  -       A1->ZN R     NAND2_X1       1  3.4    13    18     102    (-,-) 
  n_2489                                      -       -      -     (net)          -    -     -     -       -    (-,-) 
  g445503/ZN                                  -       A1->ZN F     NAND2_X2       2  9.5    12    21     123    (-,-) 
  n_2494                                      -       -      -     (net)          -    -     -     -       -    (-,-) 
  g445497/ZN                                  -       A1->ZN R     NOR2_X2        1  3.4    16    25     148    (-,-) 
  n_2497                                      -       -      -     (net)          -    -     -     -       -    (-,-) 
  g445493/ZN                                  -       A1->ZN F     NAND2_X2       1  5.9    10    18     165    (-,-) 
  n_2501                                      -       -      -     (net)          -    -     -     -       -    (-,-) 
  g445492/ZN                                  -       A2->ZN R     NAND2_X4       1  6.3     9    17     182    (-,-) 
  n_2502                                      -       -      -     (net)          -    -     -     -       -    (-,-) 
  g445491/ZN                                  -       A1->ZN F     NAND2_X4       6 24.0    14    22     204    (-,-) 
  n_2507                                      -       -      -     (net)          -    -     -     -       -    (-,-) 
  g445478/ZN                                  -       A1->ZN R     NAND2_X2       1  6.5    13    21     226    (-,-) 
  n_2509                                      -       -      -     (net)          -    -     -     -       -    (-,-) 
  g445468/ZN                                  -       A->ZN  F     OAI21_X4       4  9.8    11    21     247    (-,-) 
  n_2525                                      -       -      -     (net)          -    -     -     -       -    (-,-) 
  g445413/ZN                                  -       A->ZN  R     INV_X1         2  7.1    19    27     274    (-,-) 
  n_2529                                      -       -      -     (net)          -    -     -     -       -    (-,-) 
  g445412/ZN                                  -       A->ZN  F     INV_X2         2 12.8    10    18     292    (-,-) 
  n_2530                                      -       -      -     (net)          -    -     -     -       -    (-,-) 
  g445409/ZN                                  -       A->ZN  R     INV_X8         8 26.1    11    18     310    (-,-) 
  n_722                                       -       -      -     (net)          -    -     -     -       -    (-,-) 
  g445096/ZN                                  -       A1->ZN F     NAND2_X2       1  3.4     7    13     323    (-,-) 
  n_2556                                      -       -      -     (net)          -    -     -     -       -    (-,-) 
  g444830/ZN                                  -       A2->ZN R     NAND2_X2       4 10.5    17    25     348    (-,-) 
  n_2854                                      -       -      -     (net)          -    -     -     -       -    (-,-) 
  g444253/ZN                                  -       A->ZN  R     XNOR2_X2       7 14.5    44    53     400    (-,-) 
  n_3453                                      -       -      -     (net)          -    -     -     -       -    (-,-) 
  g443712/ZN                                  -       A1->ZN F     NOR2_X2        5  8.4    14    18     418    (-,-) 
  n_3964                                      -       -      -     (net)          -    -     -     -       -    (-,-) 
  g443329/ZN                                  -       A1->ZN R     NAND2_X1       1  1.9    10    18     436    (-,-) 
  n_4267                                      -       -      -     (net)          -    -     -     -       -    (-,-) 
  g442973/ZN                                  -       A->ZN  F     OAI221_X1      1  1.8    17    31     467    (-,-) 
  n_4594                                      -       -      -     (net)          -    -     -     -       -    (-,-) 
  g442825/ZN                                  -       A->ZN  R     AOI21_X1       2  2.3    24    46     513    (-,-) 
  n_4816                                      -       -      -     (net)          -    -     -     -       -    (-,-) 
  g442387/Z                                   -       B->Z   R     MUX2_X1        2  3.8    14    46     559    (-,-) 
  n_5244                                      -       -      -     (net)          -    -     -     -       -    (-,-) 
  g441857/ZN                                  -       B1->ZN F     OAI22_X1       1  3.2    19    23     582    (-,-) 
  n_5707                                      -       -      -     (net)          -    -     -     -       -    (-,-) 
  g441812/ZN                                  -       A->ZN  R     INV_X2         4  7.5    12    23     605    (-,-) 
  n_5736                                      -       -      -     (net)          -    -     -     -       -    (-,-) 
  g441625/ZN                                  -       A1->ZN F     NOR2_X1        2  3.6     7    12     618    (-,-) 
  n_5978                                      -       -      -     (net)          -    -     -     -       -    (-,-) 
  g440837/ZN                                  -       A2->ZN R     NOR2_X1        2  3.1    22    35     652    (-,-) 
  n_6783                                      -       -      -     (net)          -    -     -     -       -    (-,-) 
  g440041/ZN                                  -       A2->ZN R     AND3_X1        2  3.8    15    53     706    (-,-) 
  n_7560                                      -       -      -     (net)          -    -     -     -       -    (-,-) 
  g439743/ZN                                  -       A1->ZN F     NAND2_X1       2  4.7    12    21     727    (-,-) 
  n_7844                                      -       -      -     (net)          -    -     -     -       -    (-,-) 
  g439545/ZN                                  -       A1->ZN R     NOR2_X2        2  3.8    16    26     752    (-,-) 
  n_8022                                      -       -      -     (net)          -    -     -     -       -    (-,-) 
  g439428/ZN                                  -       A1->ZN F     NAND3_X1       2  4.5    20    28     781    (-,-) 
  n_8111                                      -       -      -     (net)          -    -     -     -       -    (-,-) 
  g439352/ZN                                  -       A1->ZN R     NOR3_X2        2  3.8    29    40     821    (-,-) 
  n_8172                                      -       -      -     (net)          -    -     -     -       -    (-,-) 
  g439307/ZN                                  -       A1->ZN F     NAND3_X1       2  4.5    20    33     854    (-,-) 
  n_8213                                      -       -      -     (net)          -    -     -     -       -    (-,-) 
  g439276/ZN                                  -       A1->ZN R     NOR3_X2        2  3.9    30    41     895    (-,-) 
  n_8244                                      -       -      -     (net)          -    -     -     -       -    (-,-) 
  g439257/ZN                                  -       A->ZN  F     INV_X1         2  3.5    10    14     909    (-,-) 
  n_8245                                      -       -      -     (net)          -    -     -     -       -    (-,-) 
  g439209/ZN                                  -       A1->ZN R     NOR2_X1        3  4.9    30    40     949    (-,-) 
  n_8315                                      -       -      -     (net)          -    -     -     -       -    (-,-) 
  g439127/ZN                                  -       A1->ZN R     AND2_X1        3  4.9    16    46     996    (-,-) 
  n_8398                                      -       -      -     (net)          -    -     -     -       -    (-,-) 
  g439068/ZN                                  -       A1->ZN R     AND2_X1        3  4.9    15    42    1037    (-,-) 
  n_8456                                      -       -      -     (net)          -    -     -     -       -    (-,-) 
  g438978/ZN                                  -       A1->ZN R     AND2_X1        1  1.9     9    33    1070    (-,-) 
  n_8520                                      -       -      -     (net)          -    -     -     -       -    (-,-) 
  g438427/ZN                                  -       B1->ZN F     AOI21_X1       2  3.4    15    17    1088    (-,-) 
  n_9025                                      -       -      -     (net)          -    -     -     -       -    (-,-) 
  g438156/ZN                                  -       A1->ZN R     NOR2_X1        2  4.3    28    39    1127    (-,-) 
  n_9285                                      -       -      -     (net)          -    -     -     -       -    (-,-) 
  g437301__2883/ZN                            -       A->ZN  R     XNOR2_X1       1  1.4    17    42    1169    (-,-) 
  n_9781                                      -       -      -     (net)          -    -     -     -       -    (-,-) 
  aligner_inst_aligned_mant_out_reg[13][26]/D <<<     -      R     DFFR_X1        1    -     -     0    1169    (-,-) 
#---------------------------------------------------------------------------------------------------------------------

Capture clock path:
#---------------------------------------------------------------------------------------------------------------------
#                Timing Point                  Flags   Arc   Edge   Cell     Fanout Load Trans Delay Arrival Instance 
#                                                                                   (fF)  (ps)  (ps)   (ps)  Location 
#---------------------------------------------------------------------------------------------------------------------
  clk                                          (i)     -     R     (arrival)   1679  0.0     0     0    1205    (-,-) 
  clk                                          -       -     -     (net)          -    -     -     -       -    (-,-) 
  clk                                          -       -     -     (net)          -    -     -     -       -    (-,-) 
  aligner_inst_aligned_mant_out_reg[13][26]/CK <<<     -     R     DFFR_X1     1679    -     1     0    1205    (-,-) 
#---------------------------------------------------------------------------------------------------------------------


