Command: report datapath reports/syn_generic/area.datapath.rpt
Warning: '-sort' is not specified. By default, 'report datapath' orders the components based on instance name
============================================================
  Generated by:           Genus(TM) Synthesis Solution 25.11-s095_1
  Generated on:           May 22 2026  11:23:43 pm
  Module:                 sysarr_32_input_fp_adder
  Library domain:         timing_condition_tt_1p2v_25c
    Domain index:         0
    Technology library:   NangateOpenCellLibrary revision 1.0
  Operating conditions:   typical 
  Interconnect mode:      global
  Area mode:              physical library
============================================================



Inferred components

                            Operator Signedness          Architecture                    Inputs    Outputs        CellArea LogicLevels 
=======================================================================================================================================
sysarr_32_input_fp_adder
WALLACE_CSA_DUMMY_OP_groupi module:WALLACE_CSA_DUMMY_OP_group_51293 
 equation: assign out_0 = (((((((((((((((($signed(in_28) + $signed(in_29)) + $signed(in_26)) + $signed(in_24)) + $signed(in_22)) + $sig
ned(in_20)) + $signed(in_18)) + $signed(in_16)) + $signed(in_14)) + $signed(in_12)) + $signed(in_10)) + $signed(in_8)) + $signed(in_6))
 + $signed(in_4)) + $signed(in_2)) + $signed(in_0)) + ((((((((((((((($signed(in_30) + $signed(in_31)) + $signed(in_27)) + $signed(in_25
)) + $signed(in_23)) + $signed(in_21)) + $signed(in_19)) + $signed(in_17)) + $signed(in_15)) + $signed(in_13)) + $signed(in_11)) + $sig
ned(in_9)) + $signed(in_7)) + $signed(in_5)) + $signed(in_3)) + $signed(in_1)));                                                       
                       csa_and_adder        n/a             very_fast 28x28x28x28x28x28x28x28x2         33        13886.21          38 
                                                                      8x28x28x28x28x28x28x28x28                                        
                                                                      x28x28x28x28x28x28x28x28x                                        
                                                                      28x28x28x28x28x28x28                                             

Related RTL operators:
adder_tree_inst                    +   unsigned             very_fast                     33x33         33                          13 
_add_21_30                                                                                                                             
adder_tree_inst                    +   unsigned             very_fast                     33x33         33                          13 
_add_19_29                                                                                                                             
adder_tree_inst                    +   unsigned             very_fast                     33x33         33                          13 
_add_21_40                                                                                                                             
adder_tree_inst                    +   unsigned             very_fast                     33x33         33                          13 
_add_19_38                                                                                                                             
adder_tree_inst                    +   unsigned             very_fast                     33x33         33                          13 
_add_21_50                                                                                                                             
adder_tree_inst                    +   unsigned             very_fast                     33x33         33                          13 
_add_19_47                                                                                                                             
adder_tree_inst                    +   unsigned             very_fast                     33x33         33                          13 
_add_21_60                                                                                                                             
adder_tree_inst                    +   unsigned             very_fast                     33x33         33                          13 
_add_19_56                                                                                                                             
adder_tree_inst                    +   unsigned             very_fast                     33x33         33                          13 
_add_21_70                                                                                                                             
adder_tree_inst                    +   unsigned             very_fast                     33x33         33                          13 
_add_19_65                                                                                                                             
adder_tree_inst                    +   unsigned             very_fast                     33x33         33                          13 
_add_21_80                                                                                                                             
adder_tree_inst                    +   unsigned             very_fast                     33x33         33                          13 
_add_19_74                                                                                                                             
adder_tree_inst                    +   unsigned             very_fast                     33x33         33                          13 
_add_21_90                                                                                                                             
adder_tree_inst                    +   unsigned             very_fast                     33x33         33                          13 
_add_19_83                                                                                                                             
adder_tree_inst                    +   unsigned             very_fast                     33x33         33                          13 
_add_21_100                                                                                                                            
adder_tree_inst                    +   unsigned             very_fast                     33x33         33                          13 
_add_19_92                                                                                                                             
adder_tree_inst                    +   unsigned             very_fast                     33x33         33                          13 
_add_21_110                                                                                                                            
adder_tree_inst                    +   unsigned             very_fast                     33x33         33                          13 
_add_19_101                                                                                                                            
adder_tree_inst                    +   unsigned             very_fast                     33x33         33                          13 
_add_21_120                                                                                                                            
adder_tree_inst                    +   unsigned             very_fast                     33x33         33                          13 
_add_19_110                                                                                                                            
adder_tree_inst                    +   unsigned             very_fast                     33x33         33                          13 
_add_21_130                                                                                                                            
adder_tree_inst                    +   unsigned             very_fast                     33x33         33                          13 
_add_19_120                                                                                                                            
adder_tree_inst                    +   unsigned             very_fast                     33x33         33                          13 
_add_21_140                                                                                                                            
adder_tree_inst                    +   unsigned             very_fast                     33x33         33                          13 
_add_19_130                                                                                                                            
adder_tree_inst                    +   unsigned             very_fast                     33x33         33                          13 
_add_21_150                                                                                                                            
adder_tree_inst                    +   unsigned             very_fast                     33x33         33                          13 
_add_19_140                                                                                                                            
adder_tree_inst                    +   unsigned             very_fast                     33x33         33                          13 
_add_21_160                                                                                                                            
adder_tree_inst                    +   unsigned             very_fast                     33x33         33                          13 
_add_19_150                                                                                                                            
adder_tree_inst                    +   unsigned             very_fast                     33x33         33                          13 
_add_21_170                                                                                                                            
adder_tree_inst                    +   unsigned             very_fast                     33x33         33                          13 
_add_19_160                                                                                                                            
adder_tree_inst                    +   unsigned             very_fast                     33x33         33                          13 
_add_29_30                                                                                                                             
=======================================================================================================================================
sysarr_32_input_fp_adder
dec_sub_152_43 module:decrement_unsigned_50417_59274 
                                  -1   unsigned             very_fast                      33x1         33          221.58          12 
=======================================================================================================================================
sysarr_32_input_fp_adder
inc_ADD_UNS_OP module:increment_unsigned_46753_59276 
                           increment   unsigned             very_fast                      33x1         33          280.56          13 
=======================================================================================================================================
sysarr_32_input_fp_adder
inc_add_215_76 module:increment_unsigned_74683_75122 
                           increment   unsigned             very_fast                      23x1         24          184.92           9 
=======================================================================================================================================
sysarr_32_input_fp_adder
sll_174_36 module:shift_left_vlog_unsigned_10298 
                                  <<        n/a      very_fast/barrel                      33x6         33          690.25          11 
=======================================================================================================================================
Type              CellArea  Percentage
--------------------------------------
datapath modules  15263.51       29.26
external muxes        0.00        0.00
others            36900.23       70.74
--------------------------------------
total             52163.73      100.00
