============================================================
  Generated by:           Genus(TM) Synthesis Solution 25.11-s095_1
  Generated on:           May 22 2026  11:23:56 pm
  Module:                 sysarr_32_input_fp_adder
  Operating conditions:   typical 
  Interconnect mode:      global
  Area mode:              physical library
============================================================


Path 1: VIOLATED (-170 ps) Setup Check with Pin aligner_inst_max_l3_n1_r_reg[0]/clk->d
           View: view_1p2_25
          Group: clock1
     Startpoint: (R) in[28][8]
          Clock: (R) clock1
       Endpoint: (R) aligner_inst_max_l3_n1_r_reg[0]/d
          Clock: (R) clock1

                     Capture       Launch     
        Clock Edge:+    1000            0     
        Drv Adjust:+       0            0     
       Src Latency:+       0            0     
       Net Latency:+       0 (I)        0 (I) 
           Arrival:=    1000            0     
                                              
             Setup:-      38                  
       Uncertainty:-       0                  
     Required Time:=     962                  
      Launch Clock:-       0                  
       Input Delay:-       1                  
         Data Path:-    1131                  
             Slack:=    -170                  

Exceptions/Constraints:
  input_delay              1              sysarr_32_input_fp_a_line_21_56_1   

#--------------------------------------------------------------------------------------------------------------------
#           Timing Point            Flags    Arc    Edge       Cell         Fanout Load Trans Delay Arrival Instance 
#                                                                                  (fF)  (ps)  (ps)   (ps)  Location 
#--------------------------------------------------------------------------------------------------------------------
  in[28][8]                         (u)     -       R     (arrival)              4 14.4     0     0       1    (-,-) 
  in[28][8]                         -       -       -     (net)                  -    -     -     -       -    (-,-) 
  g101493/z                         (u)     in_1->z R     unmapped_or2           2  7.2     0    19      20    (-,-) 
  n_88231                           -       -       -     (net)                  -    -     -     -       -    (-,-) 
  g193614/z                         (u)     in_0->z F     unmapped_complex2      1  3.2     0    17      37    (-,-) 
  n_134849                          -       -       -     (net)                  -    -     -     -       -    (-,-) 
  g191591/z                         (u)     in_1->z F     unmapped_complex2      1  3.2     0    17      53    (-,-) 
  n_134852                          -       -       -     (net)                  -    -     -     -       -    (-,-) 
  g193641/z                         (u)     in_1->z R     unmapped_complex2      1  3.6     0    17      70    (-,-) 
  n_88154                           -       -       -     (net)                  -    -     -     -       -    (-,-) 
  g190828/z                         (u)     in_1->z F     unmapped_nand2         1  3.2     0    17      86    (-,-) 
  n_100134                          -       -       -     (net)                  -    -     -     -       -    (-,-) 
  g190769/z                         (u)     in_0->z R     unmapped_nand2         2  7.2     0    19     106    (-,-) 
  n_73548                           -       -       -     (net)                  -    -     -     -       -    (-,-) 
  g190721/z                         (u)     in_0->z R     unmapped_or2           1  3.6     0    17     122    (-,-) 
  n_100142                          -       -       -     (net)                  -    -     -     -       -    (-,-) 
  g193719/z                         (u)     in_0->z R     unmapped_complex2      1  3.6     0    17     139    (-,-) 
  n_138492                          -       -       -     (net)                  -    -     -     -       -    (-,-) 
  g190549/z                         (u)     in_1->z F     unmapped_complex2      2  6.4     0    19     158    (-,-) 
  n_73561                           -       -       -     (net)                  -    -     -     -       -    (-,-) 
  g190430/z                         (u)     in_0->z F     unmapped_complex2      2  6.4     0    19     177    (-,-) 
  n_100157                          -       -       -     (net)                  -    -     -     -       -    (-,-) 
  g189419/z                         (u)     in_0->z R     unmapped_nand2         1  3.6     0    17     194    (-,-) 
  n_100158                          -       -       -     (net)                  -    -     -     -       -    (-,-) 
  g189266/z                         (u)     in_1->z R     unmapped_complex2      1  3.6     0    17     210    (-,-) 
  n_93442                           -       -       -     (net)                  -    -     -     -       -    (-,-) 
  g188118/z                         (u)     in_0->z F     unmapped_nand2         2  6.4     0    19     229    (-,-) 
  n_100165                          -       -       -     (net)                  -    -     -     -       -    (-,-) 
  g187433/z                         (u)     in_1->z R     unmapped_nand2        14 50.4     0    42     271    (-,-) 
  n_32855                           -       -       -     (net)                  -    -     -     -       -    (-,-) 
  g186627/z                         (u)     in_0->z F     unmapped_nand2         1  3.2     0    17     288    (-,-) 
  n_101935                          -       -       -     (net)                  -    -     -     -       -    (-,-) 
  g186155/z                         (u)     in_1->z R     unmapped_nand2         3 10.8     0    22     309    (-,-) 
  n_32860                           -       -       -     (net)                  -    -     -     -       -    (-,-) 
  g156111/z                         (u)     in_0->z F     unmapped_complex2      2  6.4     0    19     328    (-,-) 
  n_93432                           -       -       -     (net)                  -    -     -     -       -    (-,-) 
  g194413/z                         (u)     in_0->z R     unmapped_complex2      1  3.6     0    17     345    (-,-) 
  n_138335                          -       -       -     (net)                  -    -     -     -       -    (-,-) 
  g184888/z                         (u)     in_0->z F     unmapped_nand2         1  3.2     0    17     362    (-,-) 
  n_138334                          -       -       -     (net)                  -    -     -     -       -    (-,-) 
  g194674/z                         (u)     in_0->z F     unmapped_complex2      1  3.2     0    17     378    (-,-) 
  n_138337                          -       -       -     (net)                  -    -     -     -       -    (-,-) 
  g184583/z                         (u)     in_1->z R     unmapped_complex2      1  3.6     0    17     395    (-,-) 
  n_138342                          -       -       -     (net)                  -    -     -     -       -    (-,-) 
  g184206/z                         (u)     in_0->z F     unmapped_nand2         1  3.2     0    17     412    (-,-) 
  n_100203                          -       -       -     (net)                  -    -     -     -       -    (-,-) 
  g184176/z                         (u)     in_0->z F     unmapped_complex2      2  6.4     0    19     431    (-,-) 
  n_88107                           -       -       -     (net)                  -    -     -     -       -    (-,-) 
  g183005/z                         (u)     in_1->z F     unmapped_or2           2  6.4     0    19     450    (-,-) 
  n_100211                          -       -       -     (net)                  -    -     -     -       -    (-,-) 
  g182585/z                         (u)     in_0->z R     unmapped_nand2         1  3.6     0    17     466    (-,-) 
  n_100212                          -       -       -     (net)                  -    -     -     -       -    (-,-) 
  g181846/z                         (u)     in_1->z R     unmapped_complex2      1  3.6     0    17     483    (-,-) 
  n_93438                           -       -       -     (net)                  -    -     -     -       -    (-,-) 
  g181695/z                         (u)     in_0->z F     unmapped_nand2         2  6.4     0    19     502    (-,-) 
  n_100219                          -       -       -     (net)                  -    -     -     -       -    (-,-) 
  g181362/z                         (u)     in_1->z R     unmapped_nand2        14 50.4     0    42     544    (-,-) 
  n_32873                           -       -       -     (net)                  -    -     -     -       -    (-,-) 
  g181313/z                         (u)     in_1->z F     unmapped_nand2         1  3.2     0    17     560    (-,-) 
  n_100225                          -       -       -     (net)                  -    -     -     -       -    (-,-) 
  g181095/z                         (u)     in_1->z R     unmapped_nand2         3 10.8     0    22     582    (-,-) 
  n_32880                           -       -       -     (net)                  -    -     -     -       -    (-,-) 
  g195445/z                         (u)     in_0->z F     unmapped_complex2      1  3.2     0    17     599    (-,-) 
  n_128571                          -       -       -     (net)                  -    -     -     -       -    (-,-) 
  g195477/z                         (u)     in_1->z R     unmapped_complex2      1  3.6     0    17     615    (-,-) 
  n_135464                          -       -       -     (net)                  -    -     -     -       -    (-,-) 
  g195514/z                         (u)     in_1->z F     unmapped_complex2      1  3.2     0    17     632    (-,-) 
  n_135466                          -       -       -     (net)                  -    -     -     -       -    (-,-) 
  g180592/z                         (u)     in_1->z F     unmapped_or2           1  3.2     0    17     648    (-,-) 
  n_135467                          -       -       -     (net)                  -    -     -     -       -    (-,-) 
  g180418/z                         (u)     in_1->z R     unmapped_nand2         1  3.6     0    17     665    (-,-) 
  n_135469                          -       -       -     (net)                  -    -     -     -       -    (-,-) 
  g195594/z                         (u)     in_0->z R     unmapped_complex2      1  3.6     0    17     682    (-,-) 
  n_93429                           -       -       -     (net)                  -    -     -     -       -    (-,-) 
  g179890/z                         (u)     in_0->z F     unmapped_nand2         1  3.2     0    17     698    (-,-) 
  n_100257                          -       -       -     (net)                  -    -     -     -       -    (-,-) 
  g179507/z                         (u)     in_0->z R     unmapped_nand2         2  7.2     0    19     717    (-,-) 
  n_74420                           -       -       -     (net)                  -    -     -     -       -    (-,-) 
  g179306/z                         (u)     in_0->z R     unmapped_complex2      2  7.2     0    19     736    (-,-) 
  n_100265                          -       -       -     (net)                  -    -     -     -       -    (-,-) 
  g195865/z                         (u)     in_0->z F     unmapped_complex2      1  3.2     0    17     753    (-,-) 
  n_100266                          -       -       -     (net)                  -    -     -     -       -    (-,-) 
  g178258/z                         (u)     in_1->z F     unmapped_complex2      1  3.2     0    17     770    (-,-) 
  n_93440                           -       -       -     (net)                  -    -     -     -       -    (-,-) 
  g196096/z                         (u)     in_0->z R     unmapped_complex2      1  3.6     0    17     786    (-,-) 
  n_100273                          -       -       -     (net)                  -    -     -     -       -    (-,-) 
  g177681/z                         (u)     in_1->z F     unmapped_nand2        14 44.8     0    42     828    (-,-) 
  n_32882                           -       -       -     (net)                  -    -     -     -       -    (-,-) 
  g177468/z                         (u)     in_1->z R     unmapped_nand2         1  3.6     0    17     845    (-,-) 
  n_101077                          -       -       -     (net)                  -    -     -     -       -    (-,-) 
  g176933/z                         (u)     in_1->z F     unmapped_nand2         3  9.6     0    22     866    (-,-) 
  n_32888                           -       -       -     (net)                  -    -     -     -       -    (-,-) 
  g165956/z                         (u)     in_0->z R     unmapped_complex2      2  7.2     0    19     886    (-,-) 
  n_133826                          -       -       -     (net)                  -    -     -     -       -    (-,-) 
  g196602/z                         (u)     in_0->z F     unmapped_complex2      1  3.2     0    17     902    (-,-) 
  n_133829                          -       -       -     (net)                  -    -     -     -       -    (-,-) 
  g175761/z                         (u)     in_1->z R     unmapped_nand2         1  3.6     0    17     919    (-,-) 
  n_133827                          -       -       -     (net)                  -    -     -     -       -    (-,-) 
  g175688/z                         (u)     in_0->z R     unmapped_complex2      1  3.6     0    17     935    (-,-) 
  n_74529                           -       -       -     (net)                  -    -     -     -       -    (-,-) 
  g175668/z                         (u)     in_1->z F     unmapped_nand2         1  3.2     0    17     952    (-,-) 
  n_100305                          -       -       -     (net)                  -    -     -     -       -    (-,-) 
  g175653/z                         (u)     in_0->z R     unmapped_nand2         1  3.6     0    17     968    (-,-) 
  n_93417                           -       -       -     (net)                  -    -     -     -       -    (-,-) 
  g175647/z                         (u)     in_0->z F     unmapped_nand2         1  3.2     0    17     985    (-,-) 
  n_74541                           -       -       -     (net)                  -    -     -     -       -    (-,-) 
  g175645/z                         (u)     in_0->z R     unmapped_complex2      1  3.6     0    17    1002    (-,-) 
  n_100315                          -       -       -     (net)                  -    -     -     -       -    (-,-) 
  g196674/z                         (u)     in_0->z F     unmapped_complex2      2  6.4     0    19    1021    (-,-) 
  n_100324                          -       -       -     (net)                  -    -     -     -       -    (-,-) 
  g175639/z                         (u)     in_1->z R     unmapped_complex2      1  3.6     0    17    1037    (-,-) 
  n_93436                           -       -       -     (net)                  -    -     -     -       -    (-,-) 
  g175636/z                         (u)     in_0->z F     unmapped_nand2         2  6.4     0    19    1056    (-,-) 
  n_100330                          -       -       -     (net)                  -    -     -     -       -    (-,-) 
  g175632/z                         (u)     in_1->z R     unmapped_nand2        14 50.4     0    42    1098    (-,-) 
  n_32891                           -       -       -     (net)                  -    -     -     -       -    (-,-) 
  g175627/z                         (u)     in_1->z F     unmapped_nand2         1  3.2     0    17    1115    (-,-) 
  n_100378                          -       -       -     (net)                  -    -     -     -       -    (-,-) 
  g175612/z                         (u)     in_1->z R     unmapped_nand2         1  3.6     0    17    1132    (-,-) 
  aligner_inst_max_l3_n1_c[0]       -       -       -     (net)                  -    -     -     -       -    (-,-) 
  aligner_inst_max_l3_n1_r_reg[0]/d <<<     -       R     unmapped_d_flop        1    -     -     0    1132    (-,-) 
#--------------------------------------------------------------------------------------------------------------------

(u) : Net has unmapped pin(s).

Capture clock path:
#------------------------------------------------------------------------------------------------------------------
#            Timing Point             Flags   Arc   Edge      Cell        Fanout Load Trans Delay Arrival Instance 
#                                                                                (fF)  (ps)  (ps)   (ps)  Location 
#------------------------------------------------------------------------------------------------------------------
  clk                                 (i,u)   -     R     (arrival)         1602  0.0     0     0    1000    (-,-) 
  clk                                 -       -     -     (net)                -    -     -     -       -    (-,-) 
  clk                                 -       -     -     (net)                -    -     -     -       -    (-,-) 
  aligner_inst_max_l3_n1_r_reg[0]/clk <<<     -     R     unmapped_d_flop   1602    -     1     0    1000    (-,-) 
#------------------------------------------------------------------------------------------------------------------


