============================================================
  Generated by:           Genus(TM) Synthesis Solution 25.11-s095_1
  Generated on:           Jan 31 2026  11:18:24 pm
  Module:                 add_bf16
  Operating conditions:   PVT_1P2V_25C 
  Interconnect mode:      global
  Area mode:              physical library
============================================================


Path 1: MET (11 ps) Late External Delay Assertion at pin bf_out[13]
           View: view_1p2_25
          Group: clock1
     Startpoint: (F) bf2_in[8]
          Clock: (R) clock1
       Endpoint: (F) bf_out[13]
          Clock: (R) clock1

                     Capture       Launch     
        Clock Edge:+    1818            0     
        Drv Adjust:+       0            3     
       Src Latency:+       0            0     
       Net Latency:+       0 (I)        0 (I) 
           Arrival:=    1818            3     
                                              
      Output Delay:-       1                  
       Uncertainty:-       0                  
     Required Time:=    1817                  
      Launch Clock:-       3                  
       Input Delay:-       1                  
         Data Path:-    1802                  
             Slack:=      11                  

Exceptions/Constraints:
  input_delay               1              add_bf16.sdc_line_20_24_1   
  output_delay              1              add_bf16.sdc_line_21_33_1   

#---------------------------------------------------------------------------------------
# Timing Point   Flags   Arc   Edge   Cell     Fanout Load Trans Delay Arrival Instance 
#                                                     (fF)  (ps)  (ps)   (ps)  Location 
#---------------------------------------------------------------------------------------
  bf2_in[8]      -       -     F     (arrival)      4 14.4     6     0       4    (-,-) 
  bf2_in[8]      -       -     -     (net)          -    -     -     -       -    (-,-) 
  g31275/X       -       A->X  R     inv_2x         2  8.3    23    20      24    (-,-) 
  n_24           -       -     -     (net)          -    -     -     -       -    (-,-) 
  g31265__1617/X -       A->X  F     nand2_1x       2  7.5    45    42      66    (-,-) 
  n_64           -       -     -     (net)          -    -     -     -       -    (-,-) 
  g31154__5107/X -       C->X  R     oai21_2x       2  8.5    78    62     128    (-,-) 
  n_74           -       -     -     (net)          -    -     -     -       -    (-,-) 
  g31140__5122/X -       B->X  F     nand3_2x       1  9.0    50    64     192    (-,-) 
  n_98           -       -     -     (net)          -    -     -     -       -    (-,-) 
  g31135__7410/X -       B->X  R     nand2_4x       2 14.4    42    44     236    (-,-) 
  n_135          -       -     -     (net)          -    -     -     -       -    (-,-) 
  g31128__7482/X -       A->X  F     aoi21_4x       1 16.0    62    38     274    (-,-) 
  n_136          -       -     -     (net)          -    -     -     -       -    (-,-) 
  g31127/X       -       A->X  R     inv_6x         9 59.6    57    55     329    (-,-) 
  n_157          -       -     -     (net)          -    -     -     -       -    (-,-) 
  g31106/X       -       A->X  F     inv_2x         1  5.3    23    25     354    (-,-) 
  n_138          -       -     -     (net)          -    -     -     -       -    (-,-) 
  g31096__2802/X -       A->X  R     nand2_2x       1  9.6    46    37     390    (-,-) 
  n_150          -       -     -     (net)          -    -     -     -       -    (-,-) 
  g31089__6260/X -       C->X  F     oai21_4x       2  8.5    32    42     432    (-,-) 
  n_180          -       -     -     (net)          -    -     -     -       -    (-,-) 
  g31010__5122/X -       C->X  R     aoi21_2x       1  5.7    55    53     485    (-,-) 
  n_186          -       -     -     (net)          -    -     -     -       -    (-,-) 
  g30993__2883/X -       A->X  R     xnor2_1x       2 11.5   134    96     581    (-,-) 
  n_211          -       -     -     (net)          -    -     -     -       -    (-,-) 
  g30981__6783/X -       B->X  F     nand2_4x       5 15.8    45    60     641    (-,-) 
  n_251          -       -     -     (net)          -    -     -     -       -    (-,-) 
  g30978/X       -       A->X  R     inv_1x         1  3.3    28    28     669    (-,-) 
  n_232          -       -     -     (net)          -    -     -     -       -    (-,-) 
  g30976__6131/X -       A->X  F     nand2_1x       3  9.9    61    52     721    (-,-) 
  n_277          -       -     -     (net)          -    -     -     -       -    (-,-) 
  g30952__2346/X -       A->X  R     aoi21_1x       1  3.7    60    56     776    (-,-) 
  n_279          -       -     -     (net)          -    -     -     -       -    (-,-) 
  g30929__7410/X -       A->X  F     oai21_1x       1  3.2    43    39     816    (-,-) 
  n_311          -       -     -     (net)          -    -     -     -       -    (-,-) 
  g30912__7098/X -       B->X  R     nand2_1x       1  3.6    41    42     857    (-,-) 
  n_328          -       -     -     (net)          -    -     -     -       -    (-,-) 
  g30701__8246/X -       C->X  F     oai21_1x       1  3.6    42    46     903    (-,-) 
  n_530          -       -     -     (net)          -    -     -     -       -    (-,-) 
  g30656__4733/X -       C->X  R     aoi21_1x       1  3.5    62    59     962    (-,-) 
  n_556          -       -     -     (net)          -    -     -     -       -    (-,-) 
  g30638__1881/X -       C->X  F     aoi21_1x       2  6.7    49    46    1008    (-,-) 
  n_623          -       -     -     (net)          -    -     -     -       -    (-,-) 
  g30624__4319/X -       A->X  F     and2_1x        3  9.5    39    74    1082    (-,-) 
  n_644          -       -     -     (net)          -    -     -     -       -    (-,-) 
  g30610__5122/X -       B->X  F     and2_2x        4 12.8    35    80    1161    (-,-) 
  n_657          -       -     -     (net)          -    -     -     -       -    (-,-) 
  g30599__5526/X -       A->X  R     nand2_1x       1  3.4    46    36    1197    (-,-) 
  n_650          -       -     -     (net)          -    -     -     -       -    (-,-) 
  g30588__9945/X -       A->X  F     nor2_1x        1  3.2    36    40    1237    (-,-) 
  n_663          -       -     -     (net)          -    -     -     -       -    (-,-) 
  g30586__7098/X -       A->X  F     and3_2x        3  9.5    34    77    1314    (-,-) 
  n_686          -       -     -     (net)          -    -     -     -       -    (-,-) 
  g30574__1617/X -       A->X  R     nand2_1x       2  6.6    60    49    1363    (-,-) 
  n_684          -       -     -     (net)          -    -     -     -       -    (-,-) 
  g30572/X       -       A->X  F     inv_1x         2  8.1    35    42    1405    (-,-) 
  n_694          -       -     -     (net)          -    -     -     -       -    (-,-) 
  g30554__6417/X -       B->X  R     nand2_2x       3 11.8    55    48    1454    (-,-) 
  n_704          -       -     -     (net)          -    -     -     -       -    (-,-) 
  g30551__9315/X -       A->X  F     nor2_2x        3 11.8    49    54    1508    (-,-) 
  n_710          -       -     -     (net)          -    -     -     -       -    (-,-) 
  g30546__7482/X -       A->X  R     nor2_2x        3  9.5    61    53    1561    (-,-) 
  n_714          -       -     -     (net)          -    -     -     -       -    (-,-) 
  g30542/X       -       A->X  F     inv_1x         1  3.3    25    28    1589    (-,-) 
  n_713          -       -     -     (net)          -    -     -     -       -    (-,-) 
  g30540__2802/X -       A->X  R     nand2_1x       3  9.3    78    58    1647    (-,-) 
  n_726          -       -     -     (net)          -    -     -     -       -    (-,-) 
  g30537__5526/X -       B->X  R     and2_1x        1  5.7    36    72    1718    (-,-) 
  n_725          -       -     -     (net)          -    -     -     -       -    (-,-) 
  g30534__6260/X -       A->X  R     xnor2_1x       1  3.7    65    58    1777    (-,-) 
  n_729          -       -     -     (net)          -    -     -     -       -    (-,-) 
  g30532__2398/X -       A->X  F     oai21_1x       1  0.9    54    29    1806    (-,-) 
  bf_out[13]     -       -     -     (net)          -    -     -     -       -    (-,-) 
  bf_out[13]     <<<     -     F     (port)         -    -     -     0    1806    (-,-) 
#---------------------------------------------------------------------------------------


