============================================================
  Generated by:           Genus(TM) Synthesis Solution 25.11-s095_1
  Generated on:           Mar 10 2026  10:46:13 pm
  Module:                 add_bf16_1C
  Operating conditions:   typical 
  Interconnect mode:      global
  Area mode:              physical library
============================================================


Path 1: MET (21 ps) Late External Delay Assertion at pin bf_out[14]
           View: view_1p2_25
          Group: clock1
     Startpoint: (R) bf1_in_reg[10]/CK
          Clock: (R) clock1
       Endpoint: (R) bf_out[14]
          Clock: (R) clock1

                     Capture       Launch     
        Clock Edge:+    1333            0     
       Src Latency:+       0            0     
       Net Latency:+       0 (I)        0 (I) 
           Arrival:=    1333            0     
                                              
      Output Delay:-       1                  
       Uncertainty:-       0                  
     Required Time:=    1332                  
      Launch Clock:-       0                  
         Data Path:-    1311                  
             Slack:=      21                  

Exceptions/Constraints:
  output_delay              1              add_bf16_1C.sdc_line_21_34_1   

Launch clock path:
#------------------------------------------------------------------------------------------
#   Timing Point    Flags   Arc   Edge   Cell     Fanout Load Trans Delay Arrival Instance 
#                                                        (fF)  (ps)  (ps)   (ps)  Location 
#------------------------------------------------------------------------------------------
  clk               (i)     -     R     (arrival)     33  0.0     0     0       0    (-,-) 
  clk               -       -     -     (net)          -    -     -     -       -    (-,-) 
  clk               -       -     -     (net)          -    -     -     -       -    (-,-) 
  bf1_in_reg[10]/CK <<<     -     R     SDFFR_X2      33    -     1     0       0    (-,-) 
#------------------------------------------------------------------------------------------

#-------------------------------------------------------------------------------------------
#   Timing Point    Flags    Arc   Edge   Cell     Fanout Load Trans Delay Arrival Instance 
#                                                         (fF)  (ps)  (ps)   (ps)  Location 
#-------------------------------------------------------------------------------------------
  bf1_in_reg[10]/CK -       -      R     (arrival)     33    -     1     0       0    (-,-) 
  bf1_in_reg[10]/Q  -       CK->Q  F     SDFFR_X2       5  7.1    21    99      99    (-,-) 
  bf1_in[10]        -       -      -     (net)          -    -     -     -       -    (-,-) 
  g24729/ZN         -       A->ZN  R     INV_X1         3  5.6    16    28     128    (-,-) 
  n_21              -       -      -     (net)          -    -     -     -       -    (-,-) 
  g24676__6260/ZN   -       A2->ZN F     NAND2_X1       1  3.4    10    19     147    (-,-) 
  n_22              -       -      -     (net)          -    -     -     -       -    (-,-) 
  g24668__7098/ZN   -       A2->ZN R     NAND2_X2       4  8.4    15    23     170    (-,-) 
  n_84              -       -      -     (net)          -    -     -     -       -    (-,-) 
  g24548__1881/ZN   -       B2->ZN F     OAI21_X2       2  5.0    11    20     190    (-,-) 
  n_108             -       -      -     (net)          -    -     -     -       -    (-,-) 
  g24546/Z          -       A->Z   F     BUF_X2         1  6.0     7    29     219    (-,-) 
  n_109             -       -      -     (net)          -    -     -     -       -    (-,-) 
  g24530__5107/ZN   -       A1->ZN R     AOI22_X4       1  6.7    25    30     250    (-,-) 
  n_139             -       -      -     (net)          -    -     -     -       -    (-,-) 
  g24511__7482/ZN   -       B1->ZN F     AOI21_X4       4  6.8    10    18     268    (-,-) 
  n_163             -       -      -     (net)          -    -     -     -       -    (-,-) 
  g24484__5122/ZN   -       A1->ZN R     NAND2_X1       1  6.3    20    26     294    (-,-) 
  n_164             -       -      -     (net)          -    -     -     -       -    (-,-) 
  g24472__6417/ZN   -       A1->ZN F     NAND2_X4       9 20.2    14    24     318    (-,-) 
  n_218             -       -      -     (net)          -    -     -     -       -    (-,-) 
  g24465/ZN         -       A->ZN  R     INV_X4        10 19.0    14    23     341    (-,-) 
  n_232             -       -      -     (net)          -    -     -     -       -    (-,-) 
  g24453__6131/ZN   -       A1->ZN F     NAND2_X2       7 13.6    17    25     366    (-,-) 
  n_270             -       -      -     (net)          -    -     -     -       -    (-,-) 
  g24445/ZN         -       A->ZN  R     INV_X1         3  5.6    16    26     392    (-,-) 
  n_282             -       -      -     (net)          -    -     -     -       -    (-,-) 
  g24397__2398/ZN   -       A1->ZN F     AOI22_X1       1  1.8    12    16     409    (-,-) 
  n_256             -       -      -     (net)          -    -     -     -       -    (-,-) 
  g24393/ZN         -       A->ZN  R     INV_X1         1  2.0     8    15     424    (-,-) 
  n_264             -       -      -     (net)          -    -     -     -       -    (-,-) 
  g24372__1617/ZN   -       A2->ZN F     NOR2_X1        1  3.3     8    12     436    (-,-) 
  n_290             -       -      -     (net)          -    -     -     -       -    (-,-) 
  g24336__5115/ZN   -       B1->ZN R     OAI221_X2      3  8.1    48    58     494    (-,-) 
  n_340             -       -      -     (net)          -    -     -     -       -    (-,-) 
  g24303__7410/ZN   -       A->ZN  R     XNOR2_X1       2  5.3    36    57     551    (-,-) 
  n_375             -       -      -     (net)          -    -     -     -       -    (-,-) 
  g24284__5107/ZN   -       A->ZN  R     XNOR2_X1       2  4.5    32    52     604    (-,-) 
  n_388             -       -      -     (net)          -    -     -     -       -    (-,-) 
  g24275__9945/ZN   -       B1->ZN F     AOI21_X2       2  4.7    14    21     624    (-,-) 
  n_390             -       -      -     (net)          -    -     -     -       -    (-,-) 
  g24270__5115/ZN   -       B1->ZN R     OAI21_X2       3 10.9    36    48     672    (-,-) 
  n_409             -       -      -     (net)          -    -     -     -       -    (-,-) 
  g24261__1705/ZN   -       B1->ZN F     OAI21_X4       4  9.5    14    22     694    (-,-) 
  n_417             -       -      -     (net)          -    -     -     -       -    (-,-) 
  g24259/ZN         -       A->ZN  R     INV_X2         1  3.4     8    15     710    (-,-) 
  n_412             -       -      -     (net)          -    -     -     -       -    (-,-) 
  g24253__6260/ZN   -       A1->ZN F     NAND2_X2       2  3.6     9    12     722    (-,-) 
  n_434             -       -      -     (net)          -    -     -     -       -    (-,-) 
  g24240__9315/ZN   -       A1->ZN F     AND2_X2        1  3.2     6    27     749    (-,-) 
  n_436             -       -      -     (net)          -    -     -     -       -    (-,-) 
  g24231__5115/ZN   -       A1->ZN R     NAND2_X2       1  6.3    14    17     766    (-,-) 
  n_441             -       -      -     (net)          -    -     -     -       -    (-,-) 
  g24222__5526/ZN   -       A1->ZN F     NAND2_X4      19 34.6    19    30     795    (-,-) 
  n_568             -       -      -     (net)          -    -     -     -       -    (-,-) 
  g24212__4733/ZN   -       A1->ZN F     AND2_X4        5  9.9     7    33     829    (-,-) 
  n_527             -       -      -     (net)          -    -     -     -       -    (-,-) 
  g24208/ZN         -       A->ZN  R     INV_X2         6 11.1    15    21     850    (-,-) 
  n_510             -       -      -     (net)          -    -     -     -       -    (-,-) 
  g24190__5477/ZN   -       A2->ZN F     OAI22_X1       2  2.8    13    23     873    (-,-) 
  n_493             -       -      -     (net)          -    -     -     -       -    (-,-) 
  g24175__1881/ZN   -       A1->ZN F     OR2_X1         3  6.1    14    56     929    (-,-) 
  n_546             -       -      -     (net)          -    -     -     -       -    (-,-) 
  g24129__7482/ZN   -       A2->ZN F     AND2_X2        2  5.6     7    34     963    (-,-) 
  n_544             -       -      -     (net)          -    -     -     -       -    (-,-) 
  g24098/ZN         -       A->ZN  R     INV_X2         1  2.0     5    10     973    (-,-) 
  n_545             -       -      -     (net)          -    -     -     -       -    (-,-) 
  g24097__5477/ZN   -       A1->ZN F     NOR2_X1        2  3.4    12    10     983    (-,-) 
  n_574             -       -      -     (net)          -    -     -     -       -    (-,-) 
  g24074__5115/ZN   -       A1->ZN R     NAND2_X1       2  3.8    14    21    1004    (-,-) 
  n_583             -       -      -     (net)          -    -     -     -       -    (-,-) 
  g24072/ZN         -       A->ZN  F     INV_X1         3  5.1     8    14    1018    (-,-) 
  n_598             -       -      -     (net)          -    -     -     -       -    (-,-) 
  g24069__6260/ZN   -       A1->ZN R     NAND2_X1       3  5.5    18    23    1042    (-,-) 
  n_614             -       -      -     (net)          -    -     -     -       -    (-,-) 
  g24060__5115/ZN   -       A1->ZN F     NAND2_X1       1  1.8     9    16    1057    (-,-) 
  n_615             -       -      -     (net)          -    -     -     -       -    (-,-) 
  g24056__4319/ZN   -       A->ZN  R     OAI21_X1       3  5.6    36    29    1087    (-,-) 
  n_644             -       -      -     (net)          -    -     -     -       -    (-,-) 
  g24053/ZN         -       A->ZN  F     INV_X1         2  3.3    11    14    1101    (-,-) 
  n_653             -       -      -     (net)          -    -     -     -       -    (-,-) 
  g24043__9315/ZN   -       C1->ZN R     OAI211_X1      1  2.0    22    32    1133    (-,-) 
  n_655             -       -      -     (net)          -    -     -     -       -    (-,-) 
  g24040__1881/ZN   -       A->ZN  F     OAI21_X1       2  3.5    13    26    1158    (-,-) 
  n_666             -       -      -     (net)          -    -     -     -       -    (-,-) 
  g24027__8246/ZN   -       B1->ZN R     OAI21_X1       4  7.4    45    57    1216    (-,-) 
  n_678             -       -      -     (net)          -    -     -     -       -    (-,-) 
  g24022__2802/ZN   -       A1->ZN F     NAND3_X1       1  1.8    17    27    1242    (-,-) 
  n_674             -       -      -     (net)          -    -     -     -       -    (-,-) 
  g24021__5526/ZN   -       A->ZN  R     OAI21_X1       2  3.8    28    29    1272    (-,-) 
  n_685             -       -      -     (net)          -    -     -     -       -    (-,-) 
  g24018__6260/ZN   -       B1->ZN F     AOI21_X1       1  1.8    17    18    1290    (-,-) 
  n_686             -       -      -     (net)          -    -     -     -       -    (-,-) 
  g24017__2398/ZN   -       A->ZN  R     OAI21_X1       1  0.3    13    21    1311    (-,-) 
  bf_out[14]        -       -      -     (net)          -    -     -     -       -    (-,-) 
  bf_out[14]        <<<     -      R     (port)         -    -     -     0    1311    (-,-) 
#-------------------------------------------------------------------------------------------


