============================================================
  Generated by:           Genus(TM) Synthesis Solution 25.11-s095_1
  Generated on:           Mar 11 2026  02:02:18 pm
  Module:                 sysarr_n_input_fp_adder_noretime
  Operating conditions:   typical 
  Interconnect mode:      global
  Area mode:              physical library
============================================================


Path 1: VIOLATED (-770 ps) Setup Check with Pin st1_carry_vec_reg[22]/CK->D
           View: view_1p2_25
          Group: clock1
     Startpoint: (F) in_data[0][23]
          Clock: (R) clock1
       Endpoint: (F) st1_carry_vec_reg[22]/D
          Clock: (R) clock1

                     Capture       Launch     
        Clock Edge:+    1000            0     
        Drv Adjust:+       0            0     
       Src Latency:+       0            0     
       Net Latency:+       0 (I)        0 (I) 
           Arrival:=    1000            0     
                                              
             Setup:-      39                  
       Uncertainty:-       0                  
     Required Time:=     961                  
      Launch Clock:-       0                  
       Input Delay:-       1                  
         Data Path:-    1730                  
             Slack:=    -770                  

Exceptions/Constraints:
  input_delay              1              sysarr_n_input_fp_ad_line_21_9_1   

#-------------------------------------------------------------------------------------------------
#      Timing Point       Flags    Arc   Edge   Cell     Fanout Load Trans Delay Arrival Instance 
#                                                               (fF)  (ps)  (ps)   (ps)  Location 
#-------------------------------------------------------------------------------------------------
  in_data[0][23]          -       -      F     (arrival)      8 20.0     0     0       1    (-,-) 
  in_data[0][23]          -       -      -     (net)          -    -     -     -       -    (-,-) 
  g177072/ZN              -       A->ZN  R     INV_X1         1  3.6    11    13      14    (-,-) 
  n_9749                  -       -      -     (net)          -    -     -     -       -    (-,-) 
  g176568__2346/ZN        -       A2->ZN F     NAND3_X2       1  5.9    14    25      39    (-,-) 
  n_10213                 -       -      -     (net)          -    -     -     -       -    (-,-) 
  g176378__7482/ZN        -       A2->ZN R     NAND2_X4       1  6.3    10    19      58    (-,-) 
  n_10394                 -       -      -     (net)          -    -     -     -       -    (-,-) 
  g176306__1617/ZN        -       A1->ZN F     NAND2_X4       1  6.0     8    12      70    (-,-) 
  n_10429                 -       -      -     (net)          -    -     -     -       -    (-,-) 
  g176260__9945/ZN        -       A1->ZN R     NAND2_X4       1  6.3    10    13      84    (-,-) 
  n_10465                 -       -      -     (net)          -    -     -     -       -    (-,-) 
  g176217__1705/ZN        -       A1->ZN F     NAND2_X4       1  6.0     7    12      96    (-,-) 
  n_10505                 -       -      -     (net)          -    -     -     -       -    (-,-) 
  g176194__2883/ZN        -       A1->ZN R     NAND2_X4       1  6.3    10    13     109    (-,-) 
  n_10522                 -       -      -     (net)          -    -     -     -       -    (-,-) 
  g176159__6260/ZN        -       A1->ZN F     NAND2_X4       2  9.0     8    14     123    (-,-) 
  n_10556                 -       -      -     (net)          -    -     -     -       -    (-,-) 
  g176144/ZN              -       A->ZN  R     INV_X2         1  6.5    10    16     140    (-,-) 
  n_10557                 -       -      -     (net)          -    -     -     -       -    (-,-) 
  g175981__2398/ZN        -       A2->ZN F     NAND2_X4       5 18.2    12    20     160    (-,-) 
  n_10605                 -       -      -     (net)          -    -     -     -       -    (-,-) 
  g175936/ZN              -       A->ZN  R     INV_X4         7 12.5    10    18     178    (-,-) 
  n_10604                 -       -      -     (net)          -    -     -     -       -    (-,-) 
  g175863__7482/ZN        -       A1->ZN F     NAND2_X1       1  3.5    10    17     195    (-,-) 
  n_10636                 -       -      -     (net)          -    -     -     -       -    (-,-) 
  g175647__1881/ZN        -       A3->ZN R     NAND3_X2       1  6.3    15    24     220    (-,-) 
  n_10786                 -       -      -     (net)          -    -     -     -       -    (-,-) 
  g175609__1881/ZN        -       A1->ZN F     NAND2_X4       6 15.6    11    20     240    (-,-) 
  n_10830                 -       -      -     (net)          -    -     -     -       -    (-,-) 
  fopt311843/ZN           -       A->ZN  R     INV_X4         1  3.4     6    11     251    (-,-) 
  n_11842                 -       -      -     (net)          -    -     -     -       -    (-,-) 
  g175497__1666/ZN        -       A1->ZN F     NAND2_X2       1  3.0     7    11     262    (-,-) 
  n_10848                 -       -      -     (net)          -    -     -     -       -    (-,-) 
  g175349__7410/ZN        -       A1->ZN R     OAI22_X2       1  7.0    39    36     298    (-,-) 
  n_10989                 -       -      -     (net)          -    -     -     -       -    (-,-) 
  g175332__1617/ZN        -       A2->ZN F     NOR2_X4        2  6.1    11    14     312    (-,-) 
  n_11016                 -       -      -     (net)          -    -     -     -       -    (-,-) 
  g175321/ZN              -       A->ZN  R     INV_X2         1  3.4     8    14     326    (-,-) 
  n_11017                 -       -      -     (net)          -    -     -     -       -    (-,-) 
  g175306__5122/ZN        -       A1->ZN F     NAND2_X2       1  3.2     9    12     338    (-,-) 
  n_11028                 -       -      -     (net)          -    -     -     -       -    (-,-) 
  g175289__5107/ZN        -       A1->ZN R     NAND2_X2       1  5.9    13    18     356    (-,-) 
  n_11043                 -       -      -     (net)          -    -     -     -       -    (-,-) 
  g175257__6783/ZN        -       A1->ZN F     NAND4_X4       1  6.0    16    23     379    (-,-) 
  n_11066                 -       -      -     (net)          -    -     -     -       -    (-,-) 
  g175251__4319/ZN        -       A1->ZN R     NAND2_X4       2 13.0    13    22     401    (-,-) 
  n_11073                 -       -      -     (net)          -    -     -     -       -    (-,-) 
  g175242__2346/ZN        -       A2->ZN F     NAND2_X4       1  6.5     7    15     416    (-,-) 
  n_11078                 -       -      -     (net)          -    -     -     -       -    (-,-) 
  g175197__6260/ZN        -       A1->ZN R     NAND3_X4       5 14.9    16    20     436    (-,-) 
  n_9675                  -       -      -     (net)          -    -     -     -       -    (-,-) 
  g175186__9315/ZN        -       A1->ZN F     NAND2_X4       2  9.1     9    16     452    (-,-) 
  n_11123                 -       -      -     (net)          -    -     -     -       -    (-,-) 
  g175165__4319/ZN        -       A1->ZN R     NAND2_X4       3 19.4    16    22     474    (-,-) 
  n_11142                 -       -      -     (net)          -    -     -     -       -    (-,-) 
  g175158/ZN              -       A->ZN  F     INV_X4         5 12.7     7    12     487    (-,-) 
  n_9677                  -       -      -     (net)          -    -     -     -       -    (-,-) 
  g175146__5115/ZN        -       A1->ZN R     NAND2_X1       1  6.6    20    26     512    (-,-) 
  n_11152                 -       -      -     (net)          -    -     -     -       -    (-,-) 
  g175135__3680/ZN        -       A1->ZN F     NAND3_X4      10 19.1    19    31     544    (-,-) 
  max_exp[4]              -       -      -     (net)          -    -     -     -       -    (-,-) 
  g311314/ZN              -       A->ZN  R     INV_X2         2  6.9    12    22     566    (-,-) 
  n_928                   -       -      -     (net)          -    -     -     -       -    (-,-) 
  g310847/ZN              -       A1->ZN F     NAND2_X2       3  9.3    12    20     586    (-,-) 
  n_205                   -       -      -     (net)          -    -     -     -       -    (-,-) 
  g310514/ZN              -       A1->ZN R     NAND2_X1       3  5.7    18    26     612    (-,-) 
  n_1528                  -       -      -     (net)          -    -     -     -       -    (-,-) 
  g310203/ZN              -       A1->ZN F     NAND2_X1       1  1.8     9    16     628    (-,-) 
  n_1594                  -       -      -     (net)          -    -     -     -       -    (-,-) 
  g309739/ZN              -       A->ZN  R     OAI21_X1       2  5.3    35    29     656    (-,-) 
  n_293                   -       -      -     (net)          -    -     -     -       -    (-,-) 
  g308357/ZN              -       A->ZN  F     OAI21_X2       2  3.6    11    24     681    (-,-) 
  n_2962                  -       -      -     (net)          -    -     -     -       -    (-,-) 
  g311709/ZN              -       A1->ZN F     AND2_X2        1  6.0     7    31     712    (-,-) 
  n_97                    -       -      -     (net)          -    -     -     -       -    (-,-) 
  g307587/ZN              -       A1->ZN R     NAND2_X4       4 13.6    13    18     730    (-,-) 
  n_417                   -       -      -     (net)          -    -     -     -       -    (-,-) 
  g307420/ZN              -       A->ZN  F     INV_X4         2  4.9     5     8     737    (-,-) 
  n_416                   -       -      -     (net)          -    -     -     -       -    (-,-) 
  g306847/ZN              -       A1->ZN R     NAND2_X2       1  4.3    11    14     751    (-,-) 
  n_3944                  -       -      -     (net)          -    -     -     -       -    (-,-) 
  g306105/ZN              -       A->ZN  R     XNOR2_X2       2  6.2    25    40     791    (-,-) 
  n_4616                  -       -      -     (net)          -    -     -     -       -    (-,-) 
  g304553/ZN              -       A->ZN  R     XNOR2_X2       1  4.3    21    42     833    (-,-) 
  n_5804                  -       -      -     (net)          -    -     -     -       -    (-,-) 
  g304094/ZN              -       A->ZN  R     XNOR2_X2       2  5.4    23    42     876    (-,-) 
  n_6259                  -       -      -     (net)          -    -     -     -       -    (-,-) 
  g304040/ZN              -       A->ZN  F     INV_X2         1  3.2     7     9     885    (-,-) 
  n_6260                  -       -      -     (net)          -    -     -     -       -    (-,-) 
  g303867/ZN              -       A1->ZN R     NAND2_X2       1  3.8    10    14     899    (-,-) 
  n_6407                  -       -      -     (net)          -    -     -     -       -    (-,-) 
  g303735/ZN              -       A2->ZN F     NAND2_X2       3  6.4    10    17     916    (-,-) 
  n_6557                  -       -      -     (net)          -    -     -     -       -    (-,-) 
  g303676/ZN              -       A->ZN  R     INV_X1         2  5.3    15    22     938    (-,-) 
  n_6558                  -       -      -     (net)          -    -     -     -       -    (-,-) 
  g303675/ZN              -       A->ZN  F     INV_X1         1  1.8     6     9     947    (-,-) 
  n_6559                  -       -      -     (net)          -    -     -     -       -    (-,-) 
  g303416/ZN              -       A1->ZN R     NAND2_X1       2  7.5    22    27     974    (-,-) 
  n_6773                  -       -      -     (net)          -    -     -     -       -    (-,-) 
  g312248/ZN              -       A2->ZN F     NAND2_X2       2  4.9     9    18     993    (-,-) 
  n_12400                 -       -      -     (net)          -    -     -     -       -    (-,-) 
  g303070/ZN              -       A1->ZN R     NAND2_X2       1  6.5    13    18    1011    (-,-) 
  n_7075                  -       -      -     (net)          -    -     -     -       -    (-,-) 
  g302987/ZN              -       A->ZN  F     OAI21_X4       3 11.6    12    22    1033    (-,-) 
  n_7170                  -       -      -     (net)          -    -     -     -       -    (-,-) 
  g302849/ZN              -       A1->ZN R     NAND2_X1       1  6.5    21    28    1061    (-,-) 
  n_7261                  -       -      -     (net)          -    -     -     -       -    (-,-) 
  g302790/ZN              -       A2->ZN F     NAND2_X4       2  6.5     7    16    1078    (-,-) 
  n_7338                  -       -      -     (net)          -    -     -     -       -    (-,-) 
  g302766/ZN              -       A->ZN  R     INV_X2         1  6.3    10    16    1093    (-,-) 
  n_7339                  -       -      -     (net)          -    -     -     -       -    (-,-) 
  g302691/ZN              -       A1->ZN F     NAND2_X4       1  6.0     7    12    1105    (-,-) 
  n_7401                  -       -      -     (net)          -    -     -     -       -    (-,-) 
  g302626/ZN              -       A1->ZN R     NAND2_X4       2 13.0    13    18    1123    (-,-) 
  n_7486                  -       -      -     (net)          -    -     -     -       -    (-,-) 
  g302413/ZN              -       A2->ZN F     NAND2_X4       2 11.9     9    18    1141    (-,-) 
  n_7663                  -       -      -     (net)          -    -     -     -       -    (-,-) 
  g302200/ZN              -       A1->ZN R     NAND2_X4       2  6.2    11    14    1155    (-,-) 
  n_7823                  -       -      -     (net)          -    -     -     -       -    (-,-) 
  g302055/ZN              -       A->ZN  R     XNOR2_X2       1  4.3    22    38    1193    (-,-) 
  n_7918                  -       -      -     (net)          -    -     -     -       -    (-,-) 
  g301898/ZN              -       A->ZN  R     XNOR2_X2       3 10.4    35    49    1242    (-,-) 
  n_8074                  -       -      -     (net)          -    -     -     -       -    (-,-) 
  g301699/ZN              -       A1->ZN F     NAND2_X1       1  3.5    15    24    1265    (-,-) 
  n_8211                  -       -      -     (net)          -    -     -     -       -    (-,-) 
  g301644/ZN              -       A2->ZN F     AND2_X4        2  6.4     6    32    1297    (-,-) 
  n_721                   -       -      -     (net)          -    -     -     -       -    (-,-) 
  g301463/ZN              -       B->ZN  F     XNOR2_X2       2  3.5    10    35    1332    (-,-) 
  n_8441                  -       -      -     (net)          -    -     -     -       -    (-,-) 
  g301384/ZN              -       A->ZN  R     INV_X1         1  3.4    11    17    1350    (-,-) 
  n_8486                  -       -      -     (net)          -    -     -     -       -    (-,-) 
  g301345/ZN              -       A1->ZN F     NAND2_X2       2  4.9     8    15    1365    (-,-) 
  n_738                   -       -      -     (net)          -    -     -     -       -    (-,-) 
  g301262/ZN              -       A1->ZN R     NAND2_X2       1  4.3    11    16    1380    (-,-) 
  n_8576                  -       -      -     (net)          -    -     -     -       -    (-,-) 
  g301126/ZN              -       A->ZN  R     XNOR2_X2       3  7.2    28    42    1422    (-,-) 
  n_8720                  -       -      -     (net)          -    -     -     -       -    (-,-) 
  g301033/ZN              -       A1->ZN F     NAND2_X1       1  3.4    14    22    1444    (-,-) 
  n_8777                  -       -      -     (net)          -    -     -     -       -    (-,-) 
  g300885/ZN              -       A2->ZN R     NAND2_X2       2  6.2    13    23    1466    (-,-) 
  n_8938                  -       -      -     (net)          -    -     -     -       -    (-,-) 
  g300772/ZN              -       A->ZN  R     XNOR2_X2       1  4.3    21    39    1505    (-,-) 
  n_9017                  -       -      -     (net)          -    -     -     -       -    (-,-) 
  g300649/ZN              -       A->ZN  R     XNOR2_X2       1  4.3    21    41    1546    (-,-) 
  n_9121                  -       -      -     (net)          -    -     -     -       -    (-,-) 
  g300544/ZN              -       A->ZN  R     XNOR2_X2       3  7.3    28    45    1591    (-,-) 
  n_9241                  -       -      -     (net)          -    -     -     -       -    (-,-) 
  fopt311817/ZN           -       A->ZN  F     INV_X2         1  6.0     9    13    1604    (-,-) 
  n_11783                 -       -      -     (net)          -    -     -     -       -    (-,-) 
  g300479/ZN              -       A1->ZN R     NAND2_X4       2  6.8    10    15    1619    (-,-) 
  n_9304                  -       -      -     (net)          -    -     -     -       -    (-,-) 
  g300351/ZN              -       A->ZN  F     OAI21_X2       2  4.9    17    20    1638    (-,-) 
  n_9419                  -       -      -     (net)          -    -     -     -       -    (-,-) 
  g300314/ZN              -       A1->ZN R     NAND2_X1       1  3.8    14    24    1662    (-,-) 
  n_9442                  -       -      -     (net)          -    -     -     -       -    (-,-) 
  g300286/ZN              -       A2->ZN R     AND2_X4        2  5.3     8    30    1692    (-,-) 
  n_9477                  -       -      -     (net)          -    -     -     -       -    (-,-) 
  g300240/ZN              -       A1->ZN F     NAND2_X2       2  2.9     8    11    1704    (-,-) 
  n_9518                  -       -      -     (net)          -    -     -     -       -    (-,-) 
  g311729/ZN              -       A1->ZN F     AND2_X1        1  1.4     6    27    1731    (-,-) 
  n_80                    -       -      -     (net)          -    -     -     -       -    (-,-) 
  st1_carry_vec_reg[22]/D <<<     -      F     DFFR_X1        1    -     -     0    1731    (-,-) 
#-------------------------------------------------------------------------------------------------

Capture clock path:
#-------------------------------------------------------------------------------------------------
#      Timing Point        Flags   Arc   Edge   Cell     Fanout Load Trans Delay Arrival Instance 
#                                                               (fF)  (ps)  (ps)   (ps)  Location 
#-------------------------------------------------------------------------------------------------
  clk                      (i)     -     R     (arrival)    140  0.0     0     0    1000    (-,-) 
  clk                      -       -     -     (net)          -    -     -     -       -    (-,-) 
  clk                      -       -     -     (net)          -    -     -     -       -    (-,-) 
  st1_carry_vec_reg[22]/CK <<<     -     R     DFFR_X1      140    -     1     0    1000    (-,-) 
#-------------------------------------------------------------------------------------------------


