============================================================
  Generated by:           Genus(TM) Synthesis Solution 25.11-s095_1
  Generated on:           Mar 11 2026  03:27:27 am
  Module:                 sysarr_4_input_fp_adder
  Operating conditions:   typical 
  Interconnect mode:      global
  Area mode:              physical library
============================================================


Path 1: MET (426 ps) Setup Check with Pin st1_sum_vec_reg[11]/clk->d
           View: view_1p2_25
          Group: clock1
     Startpoint: (R) add_b[23]
          Clock: (R) clock1
       Endpoint: (R) st1_sum_vec_reg[11]/d
          Clock: (R) clock1

                     Capture       Launch     
        Clock Edge:+    1538            0     
        Drv Adjust:+       0            0     
       Src Latency:+       0            0     
       Net Latency:+       0 (I)        0 (I) 
           Arrival:=    1538            0     
                                              
             Setup:-      38                  
       Uncertainty:-       0                  
     Required Time:=    1501                  
      Launch Clock:-       0                  
       Input Delay:-       1                  
         Data Path:-    1074                  
             Slack:=     426                  

Exceptions/Constraints:
  input_delay              1              sysarr_4_input_fp_ad_line_21_41_1   

#---------------------------------------------------------------------------------------------------------
#     Timing Point      Flags    Arc    Edge       Cell         Fanout  Load Trans Delay Arrival Instance 
#                                                                       (fF)  (ps)  (ps)   (ps)  Location 
#---------------------------------------------------------------------------------------------------------
  add_b[23]             (u)     -       R     (arrival)              6  21.6     0     0       1    (-,-) 
  add_b[23]             -       -       -     (net)                  -     -     -     -       -    (-,-) 
  g28909/z              (u)     in_1->z F     unmapped_complex2      1   3.2     0    17      18    (-,-) 
  n_11501               -       -       -     (net)                  -     -     -     -       -    (-,-) 
  g28951/z              (u)     in_1->z F     unmapped_complex2      1   3.2     0    17      34    (-,-) 
  n_9345                -       -       -     (net)                  -     -     -     -       -    (-,-) 
  g28667/z              (u)     in_1->z R     unmapped_complex2      2   7.2     0    19      53    (-,-) 
  n_11510               -       -       -     (net)                  -     -     -     -       -    (-,-) 
  g28638/z              (u)     in_0->z F     unmapped_nand2         1   3.2     0    17      70    (-,-) 
  n_10804               -       -       -     (net)                  -     -     -     -       -    (-,-) 
  g28607/z              (u)     in_0->z R     unmapped_nand2         1   3.6     0    17      86    (-,-) 
  n_11574               -       -       -     (net)                  -     -     -     -       -    (-,-) 
  g28583/z              (u)     in_1->z F     unmapped_nand2         1   3.2     0    17     103    (-,-) 
  n_11576               -       -       -     (net)                  -     -     -     -       -    (-,-) 
  g28969/z              (u)     in_0->z F     unmapped_complex2      1   3.2     0    17     120    (-,-) 
  n_10805               -       -       -     (net)                  -     -     -     -       -    (-,-) 
  g28972/z              (u)     in_1->z R     unmapped_complex2      1   3.6     0    17     136    (-,-) 
  n_9376                -       -       -     (net)                  -     -     -     -       -    (-,-) 
  g28555/z              (u)     in_0->z F     unmapped_nand2         1   3.2     0    17     153    (-,-) 
  n_10799               -       -       -     (net)                  -     -     -     -       -    (-,-) 
  g28548/z              (u)     in_0->z R     unmapped_nand2         2   7.2     0    19     172    (-,-) 
  n_9382                -       -       -     (net)                  -     -     -     -       -    (-,-) 
  g28535/z              (u)     in_0->z F     unmapped_complex2      1   3.2     0    17     189    (-,-) 
  n_10821               -       -       -     (net)                  -     -     -     -       -    (-,-) 
  g28526/z              (u)     in_0->z R     unmapped_complex2      1   3.6     0    17     205    (-,-) 
  n_11693               -       -       -     (net)                  -     -     -     -       -    (-,-) 
  g28514/z              (u)     in_1->z F     unmapped_nand2        26  83.2     0    51     256    (-,-) 
  n_2942                -       -       -     (net)                  -     -     -     -       -    (-,-) 
  g28462/z              (u)     in_0->z R     unmapped_nand2         1   3.6     0    17     273    (-,-) 
  n_11798               -       -       -     (net)                  -     -     -     -       -    (-,-) 
  g28451/z              (u)     in_1->z F     unmapped_nand2         4  12.8     0    24     297    (-,-) 
  n_2949                -       -       -     (net)                  -     -     -     -       -    (-,-) 
  g28429/z              (u)     in_0->z R     unmapped_complex2      1   3.6     0    17     314    (-,-) 
  n_11846               -       -       -     (net)                  -     -     -     -       -    (-,-) 
  g28423/z              (u)     in_0->z F     unmapped_complex2      1   3.2     0    17     330    (-,-) 
  n_10812               -       -       -     (net)                  -     -     -     -       -    (-,-) 
  g28985/z              (u)     in_1->z R     unmapped_complex2      1   3.6     0    17     347    (-,-) 
  n_11879               -       -       -     (net)                  -     -     -     -       -    (-,-) 
  g28987/z              (u)     in_1->z F     unmapped_complex2      1   3.2     0    17     364    (-,-) 
  n_10813               -       -       -     (net)                  -     -     -     -       -    (-,-) 
  g28989/z              (u)     in_1->z R     unmapped_complex2      1   3.6     0    17     380    (-,-) 
  n_9070                -       -       -     (net)                  -     -     -     -       -    (-,-) 
  g28991/z              (u)     in_1->z F     unmapped_complex2      1   3.2     0    17     397    (-,-) 
  n_11918               -       -       -     (net)                  -     -     -     -       -    (-,-) 
  g28360/z              (u)     in_1->z R     unmapped_nand2         1   3.6     0    17     413    (-,-) 
  n_10802               -       -       -     (net)                  -     -     -     -       -    (-,-) 
  g28342/z              (u)     in_0->z F     unmapped_nand2         1   3.2     0    17     430    (-,-) 
  n_9085                -       -       -     (net)                  -     -     -     -       -    (-,-) 
  g28340/z              (u)     in_0->z R     unmapped_complex2      1   3.6     0    17     446    (-,-) 
  n_11927               -       -       -     (net)                  -     -     -     -       -    (-,-) 
  g28339/z              (u)     in_1->z F     unmapped_nand2        52 166.4     0    60     506    (-,-) 
  n_2980                -       -       -     (net)                  -     -     -     -       -    (-,-) 
  g28330/z              (u)     in_1->z R     unmapped_nand2         1   3.6     0    17     523    (-,-) 
  n_12011               -       -       -     (net)                  -     -     -     -       -    (-,-) 
  g28242/z              (u)     in_1->z F     unmapped_nand2        11  35.2     0    39     562    (-,-) 
  exp_x[0]              -       -       -     (net)                  -     -     -     -       -    (-,-) 
  g25627/z              (u)     in_1->z F     unmapped_complex2      3   9.6     0    22     583    (-,-) 
  n_10217               -       -       -     (net)                  -     -     -     -       -    (-,-) 
  g27560/z              (u)     in_1->z F     unmapped_complex2      1   3.2     0    17     600    (-,-) 
  n_12910               -       -       -     (net)                  -     -     -     -       -    (-,-) 
  g27438/z              (u)     in_0->z R     unmapped_nand2         3  10.8     0    22     622    (-,-) 
  n_9226                -       -       -     (net)                  -     -     -     -       -    (-,-) 
  g27228/z              (u)     in_1->z F     unmapped_nand2         1   3.2     0    17     638    (-,-) 
  n_14146               -       -       -     (net)                  -     -     -     -       -    (-,-) 
  g27210/z              (u)     in_0->z R     unmapped_nand2         3  10.8     0    22     660    (-,-) 
  n_9234                -       -       -     (net)                  -     -     -     -       -    (-,-) 
  g27036/z              (u)     in_1->z F     unmapped_nand2         1   3.2     0    17     676    (-,-) 
  n_14716               -       -       -     (net)                  -     -     -     -       -    (-,-) 
  g26927/z              (u)     in_0->z R     unmapped_nand2         3  10.8     0    22     698    (-,-) 
  n_9242                -       -       -     (net)                  -     -     -     -       -    (-,-) 
  g29235/z              (u)     in_0->z F     unmapped_complex2      1   3.2     0    17     715    (-,-) 
  n_16979               -       -       -     (net)                  -     -     -     -       -    (-,-) 
  g26826/z              (u)     in_1->z R     unmapped_nand2         2   7.2     0    19     734    (-,-) 
  n_10160               -       -       -     (net)                  -     -     -     -       -    (-,-) 
  g26763/z              (u)     in_0->z R     unmapped_complex2      1   3.6     0    17     750    (-,-) 
  n_16975               -       -       -     (net)                  -     -     -     -       -    (-,-) 
  g26764/z              (u)     in_1->z F     unmapped_nand2         2   6.4     0    19     769    (-,-) 
  n_10004               -       -       -     (net)                  -     -     -     -       -    (-,-) 
  g26637/z              (u)     in_0->z F     unmapped_or2           3   9.6     0    22     791    (-,-) 
  n_9146                -       -       -     (net)                  -     -     -     -       -    (-,-) 
  g26615/z              (u)     in_0->z F     unmapped_or2          21  67.2     0    48     838    (-,-) 
  n_9876                -       -       -     (net)                  -     -     -     -       -    (-,-) 
  g29336/z              (u)     in_0->z F     unmapped_complex2      2   6.4     0    19     858    (-,-) 
  n_10342               -       -       -     (net)                  -     -     -     -       -    (-,-) 
  g26439/z              (u)     in_1->z F     unmapped_complex2      1   3.2     0    17     874    (-,-) 
  n_16041               -       -       -     (net)                  -     -     -     -       -    (-,-) 
  g26341/z              (u)     in_1->z R     unmapped_nand2         1   3.6     0    17     891    (-,-) 
  n_16043               -       -       -     (net)                  -     -     -     -       -    (-,-) 
  g29425/z              (u)     in_0->z R     unmapped_complex2      2   7.2     0    19     910    (-,-) 
  n_3579                -       -       -     (net)                  -     -     -     -       -    (-,-) 
  g29457/z              (u)     in_1->z R     unmapped_complex2      1   3.6     0    17     926    (-,-) 
  n_16773               -       -       -     (net)                  -     -     -     -       -    (-,-) 
  g26089/z              (u)     in_1->z F     unmapped_nand2         4  12.8     0    24     951    (-,-) 
  op_m[10]              -       -       -     (net)                  -     -     -     -       -    (-,-) 
  g22756/z              (u)     in_1->z F     unmapped_or2           1   3.2     0    17     968    (-,-) 
  n_10851               -       -       -     (net)                  -     -     -     -       -    (-,-) 
  g25958/z              (u)     in_0->z R     unmapped_nand2         1   3.6     0    17     984    (-,-) 
  n_12916               -       -       -     (net)                  -     -     -     -       -    (-,-) 
  g25814/z              (u)     in_0->z F     unmapped_nand2         3   9.6     0    22    1006    (-,-) 
  csa_c1[11]            -       -       -     (net)                  -     -     -     -       -    (-,-) 
  g29577/z              (u)     in_0->z R     unmapped_complex2      1   3.6     0    17    1022    (-,-) 
  n_16636               -       -       -     (net)                  -     -     -     -       -    (-,-) 
  g25771/z              (u)     in_1->z F     unmapped_nand2         2   6.4     0    19    1042    (-,-) 
  n_1725                -       -       -     (net)                  -     -     -     -       -    (-,-) 
  g25724/z              (u)     in_0->z F     unmapped_complex2      1   3.2     0    17    1058    (-,-) 
  n_16622               -       -       -     (net)                  -     -     -     -       -    (-,-) 
  g25725/z              (u)     in_1->z R     unmapped_nand2         1   3.6     0    17    1075    (-,-) 
  csa_s2[11]            -       -       -     (net)                  -     -     -     -       -    (-,-) 
  st1_sum_vec_reg[11]/d <<<     -       R     unmapped_d_flop        1     -     -     0    1075    (-,-) 
#---------------------------------------------------------------------------------------------------------

(u) : Net has unmapped pin(s).

Capture clock path:
#------------------------------------------------------------------------------------------------------
#      Timing Point       Flags   Arc   Edge      Cell        Fanout Load Trans Delay Arrival Instance 
#                                                                    (fF)  (ps)  (ps)   (ps)  Location 
#------------------------------------------------------------------------------------------------------
  clk                     (i,u)   -     R     (arrival)          136  0.0     0     0    1538    (-,-) 
  clk                     -       -     -     (net)                -    -     -     -       -    (-,-) 
  clk                     -       -     -     (net)                -    -     -     -       -    (-,-) 
  st1_sum_vec_reg[11]/clk <<<     -     R     unmapped_d_flop    136    -     1     0    1538    (-,-) 
#------------------------------------------------------------------------------------------------------


