============================================================
  Generated by:           Genus(TM) Synthesis Solution 25.11-s095_1
  Generated on:           Mar 10 2026  06:30:33 pm
  Module:                 add_fp16
  Operating conditions:   typical 
  Interconnect mode:      global
  Area mode:              physical library
============================================================


Path 1: MET (77 ps) Late External Delay Assertion at pin fp_out[21]
           View: view_1p2_25
          Group: clock1
     Startpoint: (R) smaller_mantissa_l_reg[0]/clk
          Clock: (R) clock1
       Endpoint: (R) fp_out[21]
          Clock: (R) clock1

                     Capture       Launch     
        Clock Edge:+    1205            0     
       Src Latency:+       0            0     
       Net Latency:+       0 (I)        0 (I) 
           Arrival:=    1205            0     
                                              
      Output Delay:-       1                  
       Uncertainty:-       0                  
     Required Time:=    1204                  
      Launch Clock:-       0                  
         Data Path:-    1127                  
             Slack:=      77                  

Exceptions/Constraints:
  output_delay              1              add_fp16.sdc_line_17_76_1   

Launch clock path:
#------------------------------------------------------------------------------------------------------------
#         Timing Point          Flags   Arc   Edge      Cell        Fanout Load Trans Delay Arrival Instance 
#                                                                          (fF)  (ps)  (ps)   (ps)  Location 
#------------------------------------------------------------------------------------------------------------
  clk                           (i,u)   -     R     (arrival)           68  0.0     0     0       0    (-,-) 
  clk                           -       -     -     (net)                -    -     -     -       -    (-,-) 
  clk                           -       -     -     (net)                -    -     -     -       -    (-,-) 
  smaller_mantissa_l_reg[0]/clk <<<     -     R     unmapped_d_flop     68    -     1     0       0    (-,-) 
#------------------------------------------------------------------------------------------------------------

#-----------------------------------------------------------------------------------------------------------------
#         Timing Point          Flags    Arc    Edge       Cell         Fanout  Load Trans Delay Arrival Instance 
#                                                                               (fF)  (ps)  (ps)   (ps)  Location 
#-----------------------------------------------------------------------------------------------------------------
  smaller_mantissa_l_reg[0]/clk -       -       R     (arrival)             68     -     1     0       0    (-,-) 
  smaller_mantissa_l_reg[0]/q   (u)     clk->q  R     unmapped_d_flop       31 111.6     0   148     148    (-,-) 
  mantissa_sum[0]               -       -       -     (net)                  -     -     -     -       -    (-,-) 
  sub_241_42_pol_pol_g428/z     (u)     in_1->z R     unmapped_or2           3  10.8     0    22     170    (-,-) 
  sub_241_42_pol_pol_n_115      -       -       -     (net)                  -     -     -     -       -    (-,-) 
  sub_241_42_pol_pol_g743/z     (u)     in_0->z R     unmapped_complex2      2   7.2     0    19     189    (-,-) 
  sub_241_42_pol_pol_n_190      -       -       -     (net)                  -     -     -     -       -    (-,-) 
  sub_241_42_pol_pol_g679/z     (u)     in_0->z R     unmapped_complex2      1   3.6     0    17     206    (-,-) 
  sub_241_42_pol_pol_n_193      -       -       -     (net)                  -     -     -     -       -    (-,-) 
  sub_241_42_pol_pol_g669/z     (u)     in_0->z F     unmapped_complex2      5  16.0     0    28     233    (-,-) 
  sub_241_42_pol_pol_n_244      -       -       -     (net)                  -     -     -     -       -    (-,-) 
  sub_241_42_pol_pol_g644/z     (u)     in_0->z R     unmapped_complex2      2   7.2     0    19     252    (-,-) 
  sub_241_42_pol_pol_n_247      -       -       -     (net)                  -     -     -     -       -    (-,-) 
  sub_241_42_pol_pol_g629/z     (u)     in_1->z R     unmapped_or2           1   3.6     0    17     269    (-,-) 
  sub_241_42_pol_pol_n_255      -       -       -     (net)                  -     -     -     -       -    (-,-) 
  sub_241_42_pol_pol_g613/z     (u)     in_0->z F     unmapped_complex2     10  32.0     0    38     306    (-,-) 
  sub_241_42_pol_pol_n_286      -       -       -     (net)                  -     -     -     -       -    (-,-) 
  sub_241_42_pol_pol_g600/z     (u)     in_0->z R     unmapped_nand2         1   3.6     0    17     323    (-,-) 
  sub_241_42_pol_pol_n_288      -       -       -     (net)                  -     -     -     -       -    (-,-) 
  sub_241_42_pol_pol_g236/z     (u)     in_1->z F     unmapped_nand2         2   6.4     0    19     342    (-,-) 
  sub_241_42_pol_pol_n_362      -       -       -     (net)                  -     -     -     -       -    (-,-) 
  sub_241_42_pol_pol_g570/z     (u)     in_0->z F     unmapped_or2           1   3.2     0    17     359    (-,-) 
  sub_241_42_pol_pol_n_448      -       -       -     (net)                  -     -     -     -       -    (-,-) 
  sub_241_42_pol_pol_g571/z     (u)     in_1->z R     unmapped_nand2         1   3.6     0    17     375    (-,-) 
  n_2148                        -       -       -     (net)                  -     -     -     -       -    (-,-) 
  g11846/z                      (u)     in_0->z F     unmapped_nand2         1   3.2     0    17     392    (-,-) 
  n_13670                       -       -       -     (net)                  -     -     -     -       -    (-,-) 
  g11815/z                      (u)     in_1->z R     unmapped_nand2        21  75.6     0    48     439    (-,-) 
  mantissa_sum[9]               -       -       -     (net)                  -     -     -     -       -    (-,-) 
  g19900/z                      (u)     in_0->z R     unmapped_complex2      1   3.6     0    17     456    (-,-) 
  n_15758                       -       -       -     (net)                  -     -     -     -       -    (-,-) 
  g19526/z                      (u)     in_1->z F     unmapped_complex2      1   3.2     0    17     473    (-,-) 
  n_16245                       -       -       -     (net)                  -     -     -     -       -    (-,-) 
  g19903/z                      (u)     in_1->z R     unmapped_complex2      1   3.6     0    17     489    (-,-) 
  n_15759                       -       -       -     (net)                  -     -     -     -       -    (-,-) 
  g19519/z                      (u)     in_1->z F     unmapped_complex2      1   3.2     0    17     506    (-,-) 
  n_15987                       -       -       -     (net)                  -     -     -     -       -    (-,-) 
  g19517/z                      (u)     in_1->z R     unmapped_complex2      1   3.6     0    17     522    (-,-) 
  n_15760                       -       -       -     (net)                  -     -     -     -       -    (-,-) 
  g19454/z                      (u)     in_1->z F     unmapped_complex2      1   3.2     0    17     539    (-,-) 
  n_16254                       -       -       -     (net)                  -     -     -     -       -    (-,-) 
  g19911/z                      (u)     in_1->z R     unmapped_complex2      1   3.6     0    17     556    (-,-) 
  n_15761                       -       -       -     (net)                  -     -     -     -       -    (-,-) 
  g19315/z                      (u)     in_1->z F     unmapped_complex2      1   3.2     0    17     572    (-,-) 
  n_16263                       -       -       -     (net)                  -     -     -     -       -    (-,-) 
  g19912/z                      (u)     in_1->z R     unmapped_complex2      1   3.6     0    17     589    (-,-) 
  n_15762                       -       -       -     (net)                  -     -     -     -       -    (-,-) 
  g19156/z                      (u)     in_1->z F     unmapped_complex2      1   3.2     0    17     605    (-,-) 
  n_15988                       -       -       -     (net)                  -     -     -     -       -    (-,-) 
  g19126/z                      (u)     in_1->z R     unmapped_complex2      1   3.6     0    17     622    (-,-) 
  n_15772                       -       -       -     (net)                  -     -     -     -       -    (-,-) 
  g19090/z                      (u)     in_1->z F     unmapped_complex2      1   3.2     0    17     639    (-,-) 
  n_16740                       -       -       -     (net)                  -     -     -     -       -    (-,-) 
  g19976/z                      (u)     in_1->z R     unmapped_complex2      1   3.6     0    17     655    (-,-) 
  n_15773                       -       -       -     (net)                  -     -     -     -       -    (-,-) 
  g18994/z                      (u)     in_1->z F     unmapped_complex2      1   3.2     0    17     672    (-,-) 
  n_16863                       -       -       -     (net)                  -     -     -     -       -    (-,-) 
  g18954/z                      (u)     in_0->z R     unmapped_complex2      1   3.6     0    17     688    (-,-) 
  n_15774                       -       -       -     (net)                  -     -     -     -       -    (-,-) 
  g20182/z                      (u)     in_1->z F     unmapped_nand2         2   6.4     0    19     708    (-,-) 
  n_15989                       -       -       -     (net)                  -     -     -     -       -    (-,-) 
  g18892/z                      (u)     in_1->z R     unmapped_complex2      3  10.8     0    22     729    (-,-) 
  n_16001                       -       -       -     (net)                  -     -     -     -       -    (-,-) 
  g18853/z                      (u)     in_0->z F     unmapped_nand2         2   6.4     0    19     748    (-,-) 
  n_15990                       -       -       -     (net)                  -     -     -     -       -    (-,-) 
  g18824/z                      (u)     in_0->z R     unmapped_nand2         3  10.8     0    22     770    (-,-) 
  n_15991                       -       -       -     (net)                  -     -     -     -       -    (-,-) 
  g18819/z                      (u)     in_1->z F     unmapped_nand2         1   3.2     0    17     786    (-,-) 
  n_15769                       -       -       -     (net)                  -     -     -     -       -    (-,-) 
  g18806/z                      (u)     in_0->z R     unmapped_nand2         3  10.8     0    22     808    (-,-) 
  n_15992                       -       -       -     (net)                  -     -     -     -       -    (-,-) 
  g18797/z                      (u)     in_1->z F     unmapped_nand2         1   3.2     0    17     825    (-,-) 
  n_15767                       -       -       -     (net)                  -     -     -     -       -    (-,-) 
  g18783/z                      (u)     in_0->z R     unmapped_nand2         3  10.8     0    22     846    (-,-) 
  n_15993                       -       -       -     (net)                  -     -     -     -       -    (-,-) 
  g18769/z                      (u)     in_1->z F     unmapped_nand2         1   3.2     0    17     863    (-,-) 
  n_15771                       -       -       -     (net)                  -     -     -     -       -    (-,-) 
  g18758/z                      (u)     in_0->z R     unmapped_nand2         2   7.2     0    19     882    (-,-) 
  n_15994                       -       -       -     (net)                  -     -     -     -       -    (-,-) 
  g18750/z                      (u)     in_0->z R     unmapped_or2           3  10.8     0    22     904    (-,-) 
  n_15995                       -       -       -     (net)                  -     -     -     -       -    (-,-) 
  g18742/z                      (u)     in_0->z F     unmapped_nand2         1   3.2     0    17     920    (-,-) 
  n_15811                       -       -       -     (net)                  -     -     -     -       -    (-,-) 
  g18734/z                      (u)     in_1->z R     unmapped_nand2         2   7.2     0    19     939    (-,-) 
  n_16007                       -       -       -     (net)                  -     -     -     -       -    (-,-) 
  g18730/z                      (u)     in_0->z R     unmapped_or2           1   3.6     0    17     956    (-,-) 
  n_17471                       -       -       -     (net)                  -     -     -     -       -    (-,-) 
  g18724/z                      (u)     in_0->z F     unmapped_nand2         2   6.4     0    19     975    (-,-) 
  n_15210                       -       -       -     (net)                  -     -     -     -       -    (-,-) 
  g13655/z                      (u)     in_1->z R     unmapped_nand2         2   7.2     0    19     994    (-,-) 
  n_15211                       -       -       -     (net)                  -     -     -     -       -    (-,-) 
  g18713/z                      (u)     in_0->z R     unmapped_or2           1   3.6     0    17    1011    (-,-) 
  n_17511                       -       -       -     (net)                  -     -     -     -       -    (-,-) 
  g20098/z                      (u)     in_0->z R     unmapped_complex2      1   3.6     0    17    1027    (-,-) 
  n_15826                       -       -       -     (net)                  -     -     -     -       -    (-,-) 
  g18701/z                      (u)     in_1->z F     unmapped_nand2         2   6.4     0    19    1046    (-,-) 
  n_15220                       -       -       -     (net)                  -     -     -     -       -    (-,-) 
  g18692/z                      (u)     in_0->z F     unmapped_or2           2   6.4     0    19    1065    (-,-) 
  n_17538                       -       -       -     (net)                  -     -     -     -       -    (-,-) 
  g18686/z                      (u)     in_1->z F     unmapped_or2          22  70.4     0    48    1114    (-,-) 
  n_15223                       -       -       -     (net)                  -     -     -     -       -    (-,-) 
  g20120/z                      (u)     in_1->z R     unmapped_complex2      1   0.3     0    14    1127    (-,-) 
  fp_out[21]                    -       -       -     (net)                  -     -     -     -       -    (-,-) 
  fp_out[21]                    <<<     -       R     (port)                 -     -     -     0    1127    (-,-) 
#-----------------------------------------------------------------------------------------------------------------

(u) : Net has unmapped pin(s).


