============================================================
  Generated by:           Genus(TM) Synthesis Solution 25.11-s095_1
  Generated on:           Jan 31 2026  10:02:42 pm
  Module:                 add_bf16
  Operating conditions:   PVT_1P2V_25C 
  Interconnect mode:      global
  Area mode:              physical library
============================================================


Path 1: MET (4 ps) Late External Delay Assertion at pin bf_out[12]
           View: view_1p2_25
          Group: clock1
     Startpoint: (F) bf2_in[7]
          Clock: (R) clock1
       Endpoint: (F) bf_out[12]
          Clock: (R) clock1

                     Capture       Launch     
        Clock Edge:+    1739            0     
        Drv Adjust:+       0            5     
       Src Latency:+       0            0     
       Net Latency:+       0 (I)        0 (I) 
           Arrival:=    1739            5     
                                              
      Output Delay:-       1                  
       Uncertainty:-       0                  
     Required Time:=    1738                  
      Launch Clock:-       5                  
       Input Delay:-       1                  
         Data Path:-    1728                  
             Slack:=       4                  

Exceptions/Constraints:
  input_delay               1              add_bf16.sdc_line_20_25_1   
  output_delay              1              add_bf16.sdc_line_21_34_1   

#---------------------------------------------------------------------------------------
# Timing Point   Flags   Arc   Edge   Cell     Fanout Load Trans Delay Arrival Instance 
#                                                     (fF)  (ps)  (ps)   (ps)  Location 
#---------------------------------------------------------------------------------------
  bf2_in[7]      -       -     F     (arrival)      5 21.5    10     0       6    (-,-) 
  bf2_in[7]      -       -     -     (net)          -    -     -     -       -    (-,-) 
  g30968/X       -       A->X  R     inv_4x         2  8.3    14    15      21    (-,-) 
  n_24           -       -     -     (net)          -    -     -     -       -    (-,-) 
  g30931__9945/X -       A->X  F     nand2_2x       2 14.0    43    37      58    (-,-) 
  n_52           -       -     -     (net)          -    -     -     -       -    (-,-) 
  g30830__7098/X -       A->X  R     oai21_4x       2 11.4    49    46     104    (-,-) 
  n_70           -       -     -     (net)          -    -     -     -       -    (-,-) 
  g30828/X       -       A->X  F     inv_2x         1 11.0    27    32     136    (-,-) 
  n_71           -       -     -     (net)          -    -     -     -       -    (-,-) 
  g30809__4733/X -       A->X  R     oai21_4x       2 11.4    48    42     178    (-,-) 
  n_111          -       -     -     (net)          -    -     -     -       -    (-,-) 
  g30794/X       -       A->X  F     inv_2x         1 11.0    26    32     210    (-,-) 
  n_112          -       -     -     (net)          -    -     -     -       -    (-,-) 
  g30782__2346/X -       A->X  R     oai21_4x       2  8.5    46    37     247    (-,-) 
  n_153          -       -     -     (net)          -    -     -     -       -    (-,-) 
  g30771__2802/X -       A->X  F     nand2_2x       2  7.0    29    33     280    (-,-) 
  n_173          -       -     -     (net)          -    -     -     -       -    (-,-) 
  g30763__7410/X -       A->X  F     ao21_1x        1  9.0    43    83     363    (-,-) 
  n_174          -       -     -     (net)          -    -     -     -       -    (-,-) 
  g30757__9315/X -       B->X  R     nand2_4x       3 17.1    45    45     408    (-,-) 
  n_188          -       -     -     (net)          -    -     -     -       -    (-,-) 
  g30751__1881/X -       A->X  F     oai21_4x       7 29.3    70    51     459    (-,-) 
  n_201          -       -     -     (net)          -    -     -     -       -    (-,-) 
  g30732/X       -       A->X  R     inv_2x         2  6.3    34    30     489    (-,-) 
  n_194          -       -     -     (net)          -    -     -     -       -    (-,-) 
  g30729__5122/X -       A->X  F     nand2_1x       2  6.5    42    42     531    (-,-) 
  n_199          -       -     -     (net)          -    -     -     -       -    (-,-) 
  g30716__4319/X -       A->X  R     nand2_1x       1  5.2    59    46     576    (-,-) 
  n_207          -       -     -     (net)          -    -     -     -       -    (-,-) 
  g30685__5477/X -       B->X  F     nand2_2x       5 17.6    59    64     640    (-,-) 
  n_261          -       -     -     (net)          -    -     -     -       -    (-,-) 
  g30656__8246/X -       A->X  R     nor2_1x        4 12.2   130   102     742    (-,-) 
  n_249          -       -     -     (net)          -    -     -     -       -    (-,-) 
  g30646/X       -       A->X  F     inv_1x         2  6.6    51    51     793    (-,-) 
  n_286          -       -     -     (net)          -    -     -     -       -    (-,-) 
  g30615__2883/X -       C->X  R     oai21_1x       1  3.2    51    38     831    (-,-) 
  n_288          -       -     -     (net)          -    -     -     -       -    (-,-) 
  g30579__4319/X -       B->X  F     nand3_1x       1  3.6    49    52     882    (-,-) 
  n_316          -       -     -     (net)          -    -     -     -       -    (-,-) 
  g30564__5122/X -       C->X  R     aoi21_1x       1  3.3    60    59     942    (-,-) 
  n_350          -       -     -     (net)          -    -     -     -       -    (-,-) 
  g30557__5477/X -       A->X  F     nand2_1x       1  3.6    34    38     979    (-,-) 
  n_362          -       -     -     (net)          -    -     -     -       -    (-,-) 
  g30549__7482/X -       C->X  R     aoi21_1x       1  3.6    59    58    1037    (-,-) 
  n_375          -       -     -     (net)          -    -     -     -       -    (-,-) 
  g30347__6131/X -       B0->X F     oai22_1x       1  3.6    49    54    1091    (-,-) 
  n_573          -       -     -     (net)          -    -     -     -       -    (-,-) 
  g30335__5526/X -       C->X  R     aoi21_1x       1  3.4    58    60    1151    (-,-) 
  n_582          -       -     -     (net)          -    -     -     -       -    (-,-) 
  g30277__1705/X -       B1->X F     aoi22_1x       3 11.2    81    84    1235    (-,-) 
  n_696          -       -     -     (net)          -    -     -     -       -    (-,-) 
  g30245__6783/X -       B->X  R     nand3_1x       2  6.4    74    72    1307    (-,-) 
  n_702          -       -     -     (net)          -    -     -     -       -    (-,-) 
  g30221__5115/X -       B->X  F     nor2_1x        1  3.3    42    53    1360    (-,-) 
  n_719          -       -     -     (net)          -    -     -     -       -    (-,-) 
  g30218__1617/X -       A->X  R     nand2_1x       2  8.7    74    60    1421    (-,-) 
  n_742          -       -     -     (net)          -    -     -     -       -    (-,-) 
  g30205__2398/X -       A->X  F     nor2_1x        2  6.3    66    63    1484    (-,-) 
  n_750          -       -     -     (net)          -    -     -     -       -    (-,-) 
  g30195__9945/X -       A->X  R     nand2_1x       3  9.2    77    70    1554    (-,-) 
  n_760          -       -     -     (net)          -    -     -     -       -    (-,-) 
  g30191__5122/X -       A->X  F     nor2_1x        3  9.0    98    77    1631    (-,-) 
  n_773          -       -     -     (net)          -    -     -     -       -    (-,-) 
  g30184__6783/X -       A->X  R     aoi21_1x       1  3.6    69    62    1693    (-,-) 
  n_772          -       -     -     (net)          -    -     -     -       -    (-,-) 
  g30180__6260/X -       C->X  F     oai21_1x       1  0.9    32    41    1734    (-,-) 
  bf_out[12]     -       -     -     (net)          -    -     -     -       -    (-,-) 
  bf_out[12]     <<<     -     F     (port)         -    -     -     0    1734    (-,-) 
#---------------------------------------------------------------------------------------


