============================================================
  Generated by:           Genus(TM) Synthesis Solution 25.11-s095_1
  Generated on:           Mar 10 2026  08:44:36 pm
  Module:                 add_bf16_1C
  Library domain:         timing_condition_tt_1p2v_25c
    Domain index:         0
    Technology library:   NangateOpenCellLibrary revision 1.0
  Operating conditions:   typical 
  Interconnect mode:      global
  Area mode:              physical library
============================================================

Timing
--------

Analysis view  Clock Period 
----------------------------
view_1p2_25   clock1 1667.0 


  Analysis    Cost   Critical        Violating 
    View     Group  Path Slack  TNS    Paths   
-----------------------------------------------
view_1p2_25  clock1      191.6  0.0          0 
            default   No paths  0.0          0 
-----------------------------------------------
Total                          -0.0          0 
                                               

Instance Count
--------------
Leaf Instance Count             1028 
Physical Instance count            0 
Sequential Instance Count         33 
Combinational Instance Count     995 
Hierarchical Instance Count        0 

Area
----
Cell Area                          1768.654
Physical Cell Area                 0.000
Total Cell Area (Cell+Physical)    1768.654
Net Area                           16.197
Total Area (Cell+Physical+Net)     1784.851

Power
-----
Leakage Power                      14098.916 nW
Dynamic Power                      403899.878 nW
Total Power                        417998.794 nW

Max Fanout                         64 (n_1032)
Min Fanout                         0 (n_180)
Average Fanout                     2.0
Terms to net ratio                 3.0517
Terms to instance ratio            3.1586
Runtime                            44.985047 seconds
Elapsed Runtime                    52 seconds
Genus peak memory usage            1723.00 
Innovus peak memory usage          no_value 
Hostname                           asicfab.ecn.purdue.edu
