============================================================
  Generated by:           Genus(TM) Synthesis Solution 25.11-s095_1
  Generated on:           May 23 2026  04:49:43 pm
  Module:                 sysarr_32_input_fp_adder
  Operating conditions:   typical 
  Interconnect mode:      global
  Area mode:              physical library
============================================================


Path 1: MET (0 ps) Setup Check with Pin aligner_inst_aligned_mant_out_reg[7][26]/CK->D
           View: view_1p2_25
          Group: clock1
     Startpoint: (R) aligner_inst_max_l3_n1_r_reg[0]/CK
          Clock: (R) clock1
       Endpoint: (R) aligner_inst_aligned_mant_out_reg[7][26]/D
          Clock: (R) clock1

                     Capture       Launch     
        Clock Edge:+    1000            0     
       Src Latency:+       0            0     
       Net Latency:+       0 (I)        0 (I) 
           Arrival:=    1000            0     
                                              
             Setup:-      34                  
       Uncertainty:-       0                  
     Required Time:=     966                  
      Launch Clock:-       0                  
         Data Path:-     966                  
             Slack:=       0                  

Launch clock path:
#-----------------------------------------------------------------------------------------------------------
#           Timing Point             Flags   Arc   Edge   Cell     Fanout Load Trans Delay Arrival Instance 
#                                                                         (fF)  (ps)  (ps)   (ps)  Location 
#-----------------------------------------------------------------------------------------------------------
  clk                                (i)     -     R     (arrival)   1816  0.0     0     0       0    (-,-) 
  clk                                -       -     -     (net)          -    -     -     -       -    (-,-) 
  clk                                -       -     -     (net)          -    -     -     -       -    (-,-) 
  aligner_inst_max_l3_n1_r_reg[0]/CK <<<     -     R     DFFR_X1     1816    -     1     0       0    (-,-) 
#-----------------------------------------------------------------------------------------------------------

#--------------------------------------------------------------------------------------------------------------------
#               Timing Point                 Flags    Arc   Edge   Cell     Fanout Load Trans Delay Arrival Instance 
#                                                                                  (fF)  (ps)  (ps)   (ps)  Location 
#--------------------------------------------------------------------------------------------------------------------
  aligner_inst_max_l3_n1_r_reg[0]/CK         -       -      R     (arrival)   1816    -     1     0       0    (-,-) 
  aligner_inst_max_l3_n1_r_reg[0]/QN         -       CK->QN F     DFFR_X1        3  7.0    18    77      77    (-,-) 
  aligner_inst_max_l3_n1_r[0]                -       -      -     (net)          -    -     -     -       -    (-,-) 
  g42/ZN                                     -       B2->ZN R     OAI21_X2       1  3.3    18    35     112    (-,-) 
  n_20932                                    -       -      -     (net)          -    -     -     -       -    (-,-) 
  g98/ZN                                     -       A1->ZN F     NAND3_X2       2  4.9    13    24     135    (-,-) 
  n_20955                                    -       -      -     (net)          -    -     -     -       -    (-,-) 
  g399006/ZN                                 -       A1->ZN R     NAND2_X2       1  3.4    10    17     152    (-,-) 
  n_3188                                     -       -      -     (net)          -    -     -     -       -    (-,-) 
  g408191/ZN                                 -       A1->ZN F     NAND2_X2       1  6.0     9    16     168    (-,-) 
  n_21431                                    -       -      -     (net)          -    -     -     -       -    (-,-) 
  g408190/ZN                                 -       A1->ZN R     NAND2_X4       1  6.3     9    14     182    (-,-) 
  n_21433                                    -       -      -     (net)          -    -     -     -       -    (-,-) 
  g408189/ZN                                 -       A1->ZN F     NAND2_X4       4 11.1     9    15     197    (-,-) 
  n_21438                                    -       -      -     (net)          -    -     -     -       -    (-,-) 
  g408188/ZN                                 -       A1->ZN R     NAND3_X2       5  9.3    19    23     220    (-,-) 
  n_21446                                    -       -      -     (net)          -    -     -     -       -    (-,-) 
  g408187/ZN                                 -       A->ZN  F     INV_X1         1  3.2     8    12     233    (-,-) 
  n_21447                                    -       -      -     (net)          -    -     -     -       -    (-,-) 
  g17/ZN                                     -       A1->ZN R     NAND2_X2       1  6.3    13    18     250    (-,-) 
  n_21457                                    -       -      -     (net)          -    -     -     -       -    (-,-) 
  g409123/ZN                                 -       A1->ZN F     NAND2_X4       3 18.6    12    20     271    (-,-) 
  n_22598                                    -       -      -     (net)          -    -     -     -       -    (-,-) 
  g409122/ZN                                 -       A->ZN  R     INV_X8         7 27.1    11    20     290    (-,-) 
  n_21320                                    -       -      -     (net)          -    -     -     -       -    (-,-) 
  g409121/Z                                  -       A->Z   R     BUF_X4         6 18.5    14    29     319    (-,-) 
  n_22600                                    -       -      -     (net)          -    -     -     -       -    (-,-) 
  g398773/ZN                                 -       A->ZN  F     INV_X2         6 10.2     8    14     334    (-,-) 
  n_3275                                     -       -      -     (net)          -    -     -     -       -    (-,-) 
  g398555/ZN                                 -       A1->ZN R     NAND2_X1       2  3.8    14    19     353    (-,-) 
  n_3497                                     -       -      -     (net)          -    -     -     -       -    (-,-) 
  g404068/ZN                                 -       A1->ZN R     AND2_X2        4  7.6    13    37     390    (-,-) 
  n_16661                                    -       -      -     (net)          -    -     -     -       -    (-,-) 
  g403455/ZN                                 -       A2->ZN F     NOR2_X1        3  4.4    11    15     405    (-,-) 
  n_16035                                    -       -      -     (net)          -    -     -     -       -    (-,-) 
  g403454/ZN                                 -       A->ZN  R     INV_X1         5  9.5    24    33     438    (-,-) 
  n_16036                                    -       -      -     (net)          -    -     -     -       -    (-,-) 
  g404078/ZN                                 -       B1->ZN F     OAI22_X1       1  1.8    14    23     461    (-,-) 
  n_16671                                    -       -      -     (net)          -    -     -     -       -    (-,-) 
  g395684/ZN                                 -       A->ZN  R     INV_X1         1  2.0     9    16     477    (-,-) 
  n_5739                                     -       -      -     (net)          -    -     -     -       -    (-,-) 
  g395480/ZN                                 -       A2->ZN F     NAND2_X1       2  3.6    11    18     494    (-,-) 
  n_5954                                     -       -      -     (net)          -    -     -     -       -    (-,-) 
  g409518/ZN                                 -       B1->ZN R     AOI22_X1       2  3.8    34    52     547    (-,-) 
  n_23035                                    -       -      -     (net)          -    -     -     -       -    (-,-) 
  g405265/ZN                                 -       B1->ZN F     OAI22_X1       3  6.5    24    37     583    (-,-) 
  n_17862                                    -       -      -     (net)          -    -     -     -       -    (-,-) 
  g393198/ZN                                 -       A1->ZN R     NAND2_X2       5 14.3    22    36     619    (-,-) 
  n_7962                                     -       -      -     (net)          -    -     -     -       -    (-,-) 
  g392080/ZN                                 -       A3->ZN F     NAND3_X4       4 11.1    14    27     646    (-,-) 
  n_9043                                     -       -      -     (net)          -    -     -     -       -    (-,-) 
  g391054_409182/ZN                          -       A2->ZN R     NOR2_X4        2  8.2    18    32     678    (-,-) 
  n_22663                                    -       -      -     (net)          -    -     -     -       -    (-,-) 
  g390812/ZN                                 -       A1->ZN F     NAND2_X4       4 10.2    11    17     695    (-,-) 
  n_10129                                    -       -      -     (net)          -    -     -     -       -    (-,-) 
  g390655_409186/ZN                          -       A1->ZN R     NOR2_X4        2  8.2    17    26     721    (-,-) 
  n_22667                                    -       -      -     (net)          -    -     -     -       -    (-,-) 
  g390535/ZN                                 -       A1->ZN F     NAND2_X4       4 10.3    11    17     738    (-,-) 
  n_10361                                    -       -      -     (net)          -    -     -     -       -    (-,-) 
  g402896/ZN                                 -       A1->ZN R     NOR2_X4        1  6.3    15    24     762    (-,-) 
  n_15375                                    -       -      -     (net)          -    -     -     -       -    (-,-) 
  g390280/ZN                                 -       A1->ZN F     NAND2_X4       5 11.4    12    17     779    (-,-) 
  n_10585                                    -       -      -     (net)          -    -     -     -       -    (-,-) 
  g390121_0/ZN                               -       A1->ZN R     NOR2_X4        1  6.3    15    24     803    (-,-) 
  n_15374                                    -       -      -     (net)          -    -     -     -       -    (-,-) 
  g389984/ZN                                 -       A1->ZN F     NAND2_X4       3  9.2     9    16     819    (-,-) 
  n_10805                                    -       -      -     (net)          -    -     -     -       -    (-,-) 
  g389846/ZN                                 -       A1->ZN R     NOR2_X4        2  5.3    14    21     840    (-,-) 
  n_10932                                    -       -      -     (net)          -    -     -     -       -    (-,-) 
  g389659/ZN                                 -       A1->ZN F     NAND2_X2       3  6.4    11    18     858    (-,-) 
  n_789                                      -       -      -     (net)          -    -     -     -       -    (-,-) 
  g389395/ZN                                 -       A1->ZN R     NOR2_X2        3  5.6    21    30     887    (-,-) 
  n_11328                                    -       -      -     (net)          -    -     -     -       -    (-,-) 
  g389090/ZN                                 -       A1->ZN F     NAND2_X1       1  3.2    11    20     907    (-,-) 
  n_11478                                    -       -      -     (net)          -    -     -     -       -    (-,-) 
  g388841/ZN                                 -       A1->ZN R     NAND2_X2       3  8.0    20    22     928    (-,-) 
  n_11781                                    -       -      -     (net)          -    -     -     -       -    (-,-) 
  g387725/ZN                                 -       A->ZN  R     XNOR2_X2       1  1.4    14    37     966    (-,-) 
  n_12661                                    -       -      -     (net)          -    -     -     -       -    (-,-) 
  aligner_inst_aligned_mant_out_reg[7][26]/D <<<     -      R     DFFR_X1        1    -     -     0     966    (-,-) 
#--------------------------------------------------------------------------------------------------------------------

Capture clock path:
#--------------------------------------------------------------------------------------------------------------------
#                Timing Point                 Flags   Arc   Edge   Cell     Fanout Load Trans Delay Arrival Instance 
#                                                                                  (fF)  (ps)  (ps)   (ps)  Location 
#--------------------------------------------------------------------------------------------------------------------
  clk                                         (i)     -     R     (arrival)   1816  0.0     0     0    1000    (-,-) 
  clk                                         -       -     -     (net)          -    -     -     -       -    (-,-) 
  clk                                         -       -     -     (net)          -    -     -     -       -    (-,-) 
  aligner_inst_aligned_mant_out_reg[7][26]/CK <<<     -     R     DFFR_X1     1816    -     1     0    1000    (-,-) 
#--------------------------------------------------------------------------------------------------------------------


