============================================================
  Generated by:           Genus(TM) Synthesis Solution 25.11-s095_1
  Generated on:           Mar 11 2026  06:14:19 am
  Module:                 sysarr_4_input_fp_adder
  Operating conditions:   typical 
  Interconnect mode:      global
  Area mode:              physical library
============================================================

# SETUP                  WNS   TNS    FEP 
# ------------------------------------------
 View: ALL               0.4   0.0      0 
    Group : in2out       N/A   N/A    N/A 
    Group : in2reg       0.4   0.0      0 
    Group : reg2out   1465.7   0.0      0 
    Group : reg2reg    200.8   0.0      0 

 View: view_1p2_25       0.4  -0.0      0 
    Group : in2out       N/A   N/A    N/A 
    Group : in2reg       0.4   0.0      0 
    Group : reg2out   1465.7   0.0      0 
    Group : reg2reg    200.8   0.0      0 

# ------------------------------------------
# DRV                        WNS  TNS  FEP 
# -------------------------------------------
 View: ALL                                 
    Check: max_transition    N/A  N/A    0 
    Check: max_capacitance   N/A  N/A    0 
    Check: max_fanout        N/A  N/A    0 

 View: view_1p2_25                         
    Check: max_transition    N/A  N/A    0 
    Check: max_capacitance   N/A  N/A    0 
    Check: max_fanout        N/A  N/A    0 

# -------------------------------------------
