============================================================
  Generated by:           Genus(TM) Synthesis Solution 25.11-s095_1
  Generated on:           Mar 11 2026  03:33:52 am
  Module:                 sysarr_4_input_fp_adder
  Operating conditions:   typical 
  Interconnect mode:      global
  Area mode:              physical library
============================================================

Timing
--------

Analysis view  Clock Period 
----------------------------
view_1p2_25   clock1 1282.0 


  Analysis    Cost   Critical        Violating 
    View     Group  Path Slack  TNS    Paths   
-----------------------------------------------
view_1p2_25  clock1        0.1  0.0          0 
            default   No paths  0.0          0 
-----------------------------------------------
Total                          -0.0          0 
                                               

Instance Count
--------------
Leaf Instance Count             1792 
Physical Instance count            0 
Sequential Instance Count        136 
Combinational Instance Count    1656 
Hierarchical Instance Count        0 

Area
----
Cell Area                          2985.850
Physical Cell Area                 0.000
Total Cell Area (Cell+Physical)    2985.850
Net Area                           2620.139
Total Area (Cell+Physical+Net)     5605.989

Power
-----
Leakage Power                      64358.006 nW
Dynamic Power                      6723744.398 nW
Total Power                        6788102.404 nW

Max Fanout                         136 (clk)
Min Fanout                         0 (st1_carry_vec[24])
Average Fanout                     2.3
Terms to net ratio                 3.3278
Terms to instance ratio            3.7734
Runtime                            43.956814 seconds
Elapsed Runtime                    50 seconds
Genus peak memory usage            1658.01 
Innovus peak memory usage          no_value 
Hostname                           asicfab.ecn.purdue.edu
