============================================================
  Generated by:           Genus(TM) Synthesis Solution 25.11-s095_1
  Generated on:           May 22 2026  10:58:08 pm
  Operating conditions:   typical 
  Interconnect mode:      global
  Area mode:              physical library
============================================================

                                 Leakage      Internal                          Library 
   Gate    Instances    Area    Power (nW)   Power (nW)          Library         Domain 
----------------------------------------------------------------------------------------
AND2_X1          840   893.760   21653.496    893514.982 NangateOpenCellLibrary       0 
AND2_X2          119   158.270    6314.108    333558.372 NangateOpenCellLibrary       0 
AND2_X4           32    76.608    3539.470    185156.134 NangateOpenCellLibrary       0 
AND3_X1          111   147.630    3568.520    144910.086 NangateOpenCellLibrary       0 
AND3_X2           38    60.648    2502.857    126046.749 NangateOpenCellLibrary       0 
AND3_X4            6    17.556     755.788     43588.594 NangateOpenCellLibrary       0 
AND4_X1           44    70.224    1712.772     61532.422 NangateOpenCellLibrary       0 
AND4_X2            3     5.586     212.280      9761.680 NangateOpenCellLibrary       0 
AND4_X4            1     3.458     178.255      6599.365 NangateOpenCellLibrary       0 
AOI211_X1          5     6.650     176.290      6656.303 NangateOpenCellLibrary       0 
AOI211_X4          1     2.926     113.013      8377.158 NangateOpenCellLibrary       0 
AOI21_X1         484   514.976   14625.893    505927.922 NangateOpenCellLibrary       0 
AOI21_X2         103   191.786    6053.932    236756.933 NangateOpenCellLibrary       0 
AOI21_X4          23    79.534    2745.292    134370.249 NangateOpenCellLibrary       0 
AOI221_X1         57    90.972    2008.188    130903.171 NangateOpenCellLibrary       0 
AOI221_X2          5    14.630     356.716     26792.500 NangateOpenCellLibrary       0 
AOI221_X4          1     3.458     104.159     14834.516 NangateOpenCellLibrary       0 
AOI222_X1         23    48.944     890.751     42001.307 NangateOpenCellLibrary       0 
AOI222_X2          8    29.792     678.348     35573.676 NangateOpenCellLibrary       0 
AOI22_X1         299   397.670    7633.604    305990.908 NangateOpenCellLibrary       0 
AOI22_X2          34    81.396    1451.535     49610.817 NangateOpenCellLibrary       0 
BUF_X1            63    50.274    1351.944     92511.037 NangateOpenCellLibrary       0 
BUF_X2            31    32.984    1332.291     97033.511 NangateOpenCellLibrary       0 
BUF_X4            12    22.344    1032.336     50981.346 NangateOpenCellLibrary       0 
BUF_X8             1     3.458     172.245      4134.477 NangateOpenCellLibrary       0 
CLKBUF_X1        155   123.690    1720.082    169013.137 NangateOpenCellLibrary       0 
CLKBUF_X2         10    10.640     225.141     20664.992 NangateOpenCellLibrary       0 
DFFR_X1         1399  7442.680  122868.038  13138154.305 NangateOpenCellLibrary       0 
DFFR_X2          126   737.352   16256.557   1476926.271 NangateOpenCellLibrary       0 
DFF_X1           148   669.256   11666.210   1643302.683 NangateOpenCellLibrary       0 
FA_X1            777  3306.912   45981.672   3745613.604 NangateOpenCellLibrary       0 
HA_X1             37    98.420    2102.387    143206.175 NangateOpenCellLibrary       0 
INV_X1          3072  1634.304   44284.263   1590252.029 NangateOpenCellLibrary       0 
INV_X16            9    40.698    2008.615     85562.979 NangateOpenCellLibrary       0 
INV_X2           380   303.240   10900.110    472322.228 NangateOpenCellLibrary       0 
INV_X4           117   155.610    6745.690    267595.666 NangateOpenCellLibrary       0 
INV_X8            32    76.608    3766.410    174067.202 NangateOpenCellLibrary       0 
MUX2_X1          515   958.930   18342.183   1383666.735 NangateOpenCellLibrary       0 
MUX2_X2           13    31.122     862.368     75155.022 NangateOpenCellLibrary       0 
NAND2_X1        3409  2720.382   66035.792   2289649.073 NangateOpenCellLibrary       0 
NAND2_X2         833  1107.890   35386.604   1482655.186 NangateOpenCellLibrary       0 
NAND2_X4         295   706.230   27299.193   1056323.354 NangateOpenCellLibrary       0 
NAND3_X1         404   429.856   11073.097    393984.318 NangateOpenCellLibrary       0 
NAND3_X2          82   152.684    4717.851    193794.092 NangateOpenCellLibrary       0 
NAND3_X4          20    69.160    1743.725     78878.701 NangateOpenCellLibrary       0 
NAND4_X1         121   160.930    4095.138     68773.964 NangateOpenCellLibrary       0 
NAND4_X2          11    26.334     710.837     28703.234 NangateOpenCellLibrary       0 
NAND4_X4           9    43.092    1386.500     52767.798 NangateOpenCellLibrary       0 
NOR2_X1         1130   901.740   24732.929    738445.225 NangateOpenCellLibrary       0 
NOR2_X2          241   320.530   10474.108    335149.748 NangateOpenCellLibrary       0 
NOR2_X4           79   189.126    6997.755    200278.254 NangateOpenCellLibrary       0 
NOR3_X1          105   111.720    3071.995     63379.727 NangateOpenCellLibrary       0 
NOR3_X2           18    33.516     975.393     38760.092 NangateOpenCellLibrary       0 
NOR3_X4            4    14.896     476.785      7799.753 NangateOpenCellLibrary       0 
NOR4_X1           83   110.390    2922.228     30049.716 NangateOpenCellLibrary       0 
NOR4_X2            4     9.576     283.067      8612.116 NangateOpenCellLibrary       0 
NOR4_X4            1     4.788     130.405       991.373 NangateOpenCellLibrary       0 
OAI211_X1         54    71.820    1781.779     71192.855 NangateOpenCellLibrary       0 
OAI211_X2          8    19.152     516.904     35741.812 NangateOpenCellLibrary       0 
OAI211_X4          4    18.088     582.903     33215.647 NangateOpenCellLibrary       0 
OAI21_X1         734   780.976   20464.587    751229.887 NangateOpenCellLibrary       0 
OAI21_X2         126   234.612    6630.853    301205.393 NangateOpenCellLibrary       0 
OAI21_X4          25    86.450    2591.843    134458.082 NangateOpenCellLibrary       0 
OAI221_X1         74   118.104    3723.913    152913.986 NangateOpenCellLibrary       0 
OAI222_X1         67   142.576    3878.647    150616.919 NangateOpenCellLibrary       0 
OAI22_X1         547   727.510   22971.449    633068.605 NangateOpenCellLibrary       0 
OAI22_X2          18    43.092    1445.084     42980.188 NangateOpenCellLibrary       0 
OAI33_X1           3     5.586     157.880      6915.940 NangateOpenCellLibrary       0 
OR2_X1           465   494.760   10690.963    345875.453 NangateOpenCellLibrary       0 
OR2_X2            54    71.820    2554.403    162608.948 NangateOpenCellLibrary       0 
OR2_X4            11    26.334    1112.448     44564.663 NangateOpenCellLibrary       0 
OR3_X1            35    46.550     918.165     39741.381 NangateOpenCellLibrary       0 
OR3_X2             5     7.980     285.707     10244.813 NangateOpenCellLibrary       0 
OR4_X1            85   135.660    2371.354     25882.298 NangateOpenCellLibrary       0 
OR4_X2             1     1.862      56.895       648.622 NangateOpenCellLibrary       0 
SDFFR_X1          18   119.700    1917.578    237395.432 NangateOpenCellLibrary       0 
SDFFR_X2           3    20.748     432.790     54214.959 NangateOpenCellLibrary       0 
SDFF_X1            1     6.118      98.349     11644.800 NangateOpenCellLibrary       0 
XNOR2_X1         272   434.112   10392.927    508181.118 NangateOpenCellLibrary       0 
XNOR2_X2          27    71.820    1992.818    142607.215 NangateOpenCellLibrary       0 
XOR2_X1           81   129.276    3203.350    185924.240 NangateOpenCellLibrary       0 
----------------------------------------------------------------------------------------
total          18701 29522.542  672180.801  39084696.220                                
                                            Leakage  Leakage   Internal   Internal 
     Type      Instances    Area   Area % Power (nW) Power %  Power (nW)   Power % 
-----------------------------------------------------------------------------------
sequential          1695  8995.854   30.5 153239.522    22.8 16561638.450     42.4 
inverter            3610  2210.460    7.5  67705.087    10.1  2589800.103      6.6 
buffer               272   243.390    0.8   5834.038     0.9   434338.501      1.1 
logic              13124 18072.838   61.2 445402.154    66.3 19498919.166     49.9 
physical_cells         0     0.000    0.0      0.000     0.0        0.000      0.0 
-----------------------------------------------------------------------------------
total              18701 29522.542  100.0 672180.801   100.0 39084696.220    100.0 
