============================================================
  Generated by:           Genus(TM) Synthesis Solution 25.11-s095_1
  Generated on:           Jun 12 2026  11:02:04 pm
  Operating conditions:   typical 
  Interconnect mode:      global
  Area mode:              physical library
============================================================

                                 Leakage      Internal                          Library 
   Gate    Instances    Area    Power (nW)   Power (nW)          Library         Domain 
----------------------------------------------------------------------------------------
AND2_X1          679   722.456   17339.164    695457.743 NangateOpenCellLibrary       0 
AND2_X2           54    71.820    2861.513    184300.931 NangateOpenCellLibrary       0 
AND2_X4           26    62.244    2728.211    146266.296 NangateOpenCellLibrary       0 
AND3_X1           42    55.860    1076.471     30051.803 NangateOpenCellLibrary       0 
AND3_X2           10    15.960     607.524     35910.398 NangateOpenCellLibrary       0 
AND3_X4            2     5.852     165.690        20.426 NangateOpenCellLibrary       0 
AND4_X1           11    17.556     277.242      2410.869 NangateOpenCellLibrary       0 
AND4_X2            1     1.862      41.446       302.464 NangateOpenCellLibrary       0 
AND4_X4            1     3.458      82.814         0.000 NangateOpenCellLibrary       0 
AOI211_X1         10    13.300     316.402     10530.252 NangateOpenCellLibrary       0 
AOI211_X2          2     4.788     147.091      7242.822 NangateOpenCellLibrary       0 
AOI211_X4          1     2.926     114.824     14138.834 NangateOpenCellLibrary       0 
AOI21_X1         622   661.808   16346.919    690890.704 NangateOpenCellLibrary       0 
AOI21_X2         100   186.200    5724.948    287861.745 NangateOpenCellLibrary       0 
AOI21_X4          23    79.534    2477.772    147010.081 NangateOpenCellLibrary       0 
AOI221_X1         82   130.872    3046.726    185104.151 NangateOpenCellLibrary       0 
AOI221_X2         18    52.668    1522.805     76056.325 NangateOpenCellLibrary       0 
AOI222_X1          7    14.896     294.987     10961.337 NangateOpenCellLibrary       0 
AOI22_X1         364   484.120    9282.983    358002.268 NangateOpenCellLibrary       0 
AOI22_X2          21    50.274    1141.647     55999.185 NangateOpenCellLibrary       0 
BUF_X1             8     6.384     173.511     14541.963 NangateOpenCellLibrary       0 
BUF_X2             3     3.192     122.921      6786.396 NangateOpenCellLibrary       0 
BUF_X4             3     5.586     255.097     16328.399 NangateOpenCellLibrary       0 
CLKBUF_X1         38    30.324     435.441     50641.765 NangateOpenCellLibrary       0 
CLKBUF_X2          1     1.064      22.918      3630.023 NangateOpenCellLibrary       0 
DFFR_X1         1279  6804.280  112768.746  10733621.921 NangateOpenCellLibrary       0 
DFFR_X2           28   163.856    3647.933    189334.495 NangateOpenCellLibrary       0 
DFF_X1           148   669.256   11673.239   1520279.760 NangateOpenCellLibrary       0 
FA_X1            775  3298.400   52409.816   4560067.978 NangateOpenCellLibrary       0 
HA_X1             58   154.280    3434.883    216182.286 NangateOpenCellLibrary       0 
INV_X1          2705  1439.060   39033.904   1552735.541 NangateOpenCellLibrary       0 
INV_X16            1     4.522     251.607     13761.012 NangateOpenCellLibrary       0 
INV_X2           161   128.478    4539.205    207131.977 NangateOpenCellLibrary       0 
INV_X4            77   102.410    4439.211    163505.286 NangateOpenCellLibrary       0 
INV_X8            24    57.456    2766.829    134783.381 NangateOpenCellLibrary       0 
MUX2_X1          404   752.248   14484.010   1058809.789 NangateOpenCellLibrary       0 
MUX2_X2            5    11.970     341.411     28471.761 NangateOpenCellLibrary       0 
NAND2_X1        2910  2322.180   56728.761   1965096.785 NangateOpenCellLibrary       0 
NAND2_X2         387   514.710   18643.578    736679.778 NangateOpenCellLibrary       0 
NAND2_X4         137   327.978   14316.904    471744.591 NangateOpenCellLibrary       0 
NAND3_X1         228   242.592    5361.391    147237.436 NangateOpenCellLibrary       0 
NAND3_X2          19    35.378    1310.422     39193.279 NangateOpenCellLibrary       0 
NAND4_X1          81   107.730    1574.991     21329.669 NangateOpenCellLibrary       0 
NAND4_X2           1     2.394      86.090      4923.060 NangateOpenCellLibrary       0 
NAND4_X4           2     9.576     228.005     16649.567 NangateOpenCellLibrary       0 
NOR2_X1         1659  1323.882   36116.978   1102839.443 NangateOpenCellLibrary       0 
NOR2_X2          148   196.840    6240.890    242669.982 NangateOpenCellLibrary       0 
NOR2_X4          155   371.070   12547.324    609043.579 NangateOpenCellLibrary       0 
NOR3_X1           74    78.736    2065.289     50139.442 NangateOpenCellLibrary       0 
NOR3_X2            1     1.862      50.978      3142.739 NangateOpenCellLibrary       0 
NOR4_X1          101   134.330    3445.231     31796.664 NangateOpenCellLibrary       0 
NOR4_X2            2     4.788     135.160      4413.939 NangateOpenCellLibrary       0 
OAI211_X1        120   159.600    5168.921    146525.750 NangateOpenCellLibrary       0 
OAI211_X2          5    11.970     357.840     17376.775 NangateOpenCellLibrary       0 
OAI211_X4          1     4.522     146.466     10362.206 NangateOpenCellLibrary       0 
OAI21_X1         665   707.560   18412.638    758019.061 NangateOpenCellLibrary       0 
OAI21_X2         115   214.130    5951.050    294264.838 NangateOpenCellLibrary       0 
OAI21_X4          19    65.702    2062.573    102108.882 NangateOpenCellLibrary       0 
OAI221_X1         83   132.468    4431.620    112831.252 NangateOpenCellLibrary       0 
OAI221_X2          1     2.926      54.153      3540.969 NangateOpenCellLibrary       0 
OAI222_X1         45    95.760    2362.312     95354.726 NangateOpenCellLibrary       0 
OAI222_X2          2     7.448     144.623     10070.002 NangateOpenCellLibrary       0 
OAI222_X4          1     3.724     170.264      4197.111 NangateOpenCellLibrary       0 
OAI22_X1         497   661.010   20272.865    715782.259 NangateOpenCellLibrary       0 
OAI22_X2          11    26.334     746.881     34129.864 NangateOpenCellLibrary       0 
OR2_X1           336   357.504    7686.938    418542.395 NangateOpenCellLibrary       0 
OR2_X2            10    13.300     465.037     29450.735 NangateOpenCellLibrary       0 
OR2_X4             2     4.788     201.703     13105.895 NangateOpenCellLibrary       0 
OR3_X1            40    53.200    1015.900     36386.492 NangateOpenCellLibrary       0 
OR3_X2             6     9.576     297.630     11519.100 NangateOpenCellLibrary       0 
OR3_X4             1     2.926     103.881      2264.475 NangateOpenCellLibrary       0 
OR4_X1            66   105.336    1857.898     24116.766 NangateOpenCellLibrary       0 
SDFFR_X1         214  1423.100   23003.510   2364207.737 NangateOpenCellLibrary       0 
SDFFR_X2           9    62.244    1302.631    127841.782 NangateOpenCellLibrary       0 
SDFF_X1            1     6.118      98.336     10575.561 NangateOpenCellLibrary       0 
XNOR2_X1         341   544.236   12857.538    739681.198 NangateOpenCellLibrary       0 
XNOR2_X2          53   140.980    3854.370    275517.479 NangateOpenCellLibrary       0 
XOR2_X1           76   121.296    2708.774    192344.524 NangateOpenCellLibrary       0 
XOR2_X2            7    16.758     503.421     40213.983 NangateOpenCellLibrary       0 
----------------------------------------------------------------------------------------
total          16426 26899.782  591489.629  35446364.136                                
                                            Leakage  Leakage   Internal   Internal 
     Type      Instances    Area   Area % Power (nW) Power %  Power (nW)   Power % 
-----------------------------------------------------------------------------------
sequential          1679  9128.854   33.9 152494.394    25.8 14945861.257     42.2 
inverter            2968  1731.926    6.4  51030.757     8.6  2071917.196      5.8 
buffer                53    46.550    0.2   1009.888     0.2    91928.546      0.3 
logic              11726 15992.452   59.5 386954.590    65.4 18336657.138     51.7 
physical_cells         0     0.000    0.0      0.000     0.0        0.000      0.0 
-----------------------------------------------------------------------------------
total              16426 26899.782  100.0 591489.629   100.0 35446364.136    100.0 
