============================================================
  Generated by:           Genus(TM) Synthesis Solution 25.11-s095_1
  Generated on:           Mar 10 2026  11:40:20 pm
  Module:                 sysarr_4_input_fp_adder_2_stage
  Library domain:         timing_condition_tt_1p2v_25c
    Domain index:         0
    Technology library:   NangateOpenCellLibrary revision 1.0
  Operating conditions:   typical 
  Interconnect mode:      global
  Area mode:              physical library
============================================================

Timing
--------

Analysis view  Clock Period 
----------------------------
view_1p2_25   clock1 1667.0 


  Analysis    Cost   Critical        Violating 
    View     Group  Path Slack  TNS    Paths   
-----------------------------------------------
view_1p2_25  clock1       74.2  0.0          0 
            default   No paths  0.0          0 
-----------------------------------------------
Total                          -0.0          0 
                                               

Instance Count
--------------
Leaf Instance Count             4774 
Physical Instance count            0 
Sequential Instance Count         98 
Combinational Instance Count    4676 
Hierarchical Instance Count        2 

Area
----
Cell Area                          7999.194
Physical Cell Area                 0.000
Total Cell Area (Cell+Physical)    7999.194
Net Area                           25.916
Total Area (Cell+Physical+Net)     8025.110

Power
-----
Leakage Power                      57591.085 nW
Dynamic Power                      1912459.327 nW
Total Power                        1970050.412 nW

Max Fanout                         193 (n_5098)
Min Fanout                         0 (nRST)
Average Fanout                     1.9
Terms to net ratio                 3.0028
Terms to instance ratio            3.1022
Runtime                            44.953721 seconds
Elapsed Runtime                    52 seconds
Genus peak memory usage            1708.37 
Innovus peak memory usage          no_value 
Hostname                           asicfab.ecn.purdue.edu
