============================================================
  Generated by:           Genus(TM) Synthesis Solution 25.11-s095_1
  Generated on:           Mar 11 2026  01:24:28 am
  Operating conditions:   typical 
  Interconnect mode:      global
  Area mode:              physical library
============================================================

                                Leakage    Internal                          Library 
   Gate    Instances   Area   Power (nW)  Power (nW)          Library         Domain 
-------------------------------------------------------------------------------------
AND2_X1           52   55.328   1301.745    67455.148 NangateOpenCellLibrary       0 
AND2_X2            5    6.650    247.485     9847.691 NangateOpenCellLibrary       0 
AND2_X4            1    2.394     97.566     6470.837 NangateOpenCellLibrary       0 
AND3_X1            8   10.640    212.878     9214.523 NangateOpenCellLibrary       0 
AND3_X2            4    6.384    213.183     5491.063 NangateOpenCellLibrary       0 
AND3_X4            1    2.926     96.246      707.629 NangateOpenCellLibrary       0 
AND4_X1            7   11.172    207.718    10555.589 NangateOpenCellLibrary       0 
AND4_X2            1    1.862     50.345     1061.551 NangateOpenCellLibrary       0 
AOI211_X1          3    3.990     92.641     6713.915 NangateOpenCellLibrary       0 
AOI21_X1          73   77.672   1937.372   112950.504 NangateOpenCellLibrary       0 
AOI21_X2           5    9.310    248.452    12410.753 NangateOpenCellLibrary       0 
AOI21_X4           1    3.458    103.603     7061.690 NangateOpenCellLibrary       0 
AOI221_X1         21   33.516    753.640    31054.219 NangateOpenCellLibrary       0 
AOI222_X1         23   48.944    966.296    30869.261 NangateOpenCellLibrary       0 
AOI22_X1         172  228.760   5324.999   187458.966 NangateOpenCellLibrary       0 
AOI22_X2           1    2.394     72.050      976.403 NangateOpenCellLibrary       0 
DFFR_X1          129  686.280  11377.920  1508319.465 NangateOpenCellLibrary       0 
FA_X1             37  157.472   2806.647   231346.124 NangateOpenCellLibrary       0 
HA_X1             46  122.360   2750.588   206441.845 NangateOpenCellLibrary       0 
INV_X1           307  163.324   4385.228   191977.472 NangateOpenCellLibrary       0 
INV_X2            14   11.172    396.645     9558.218 NangateOpenCellLibrary       0 
INV_X4             7    9.310    419.649    11082.647 NangateOpenCellLibrary       0 
INV_X8             2    4.788    234.080     5426.701 NangateOpenCellLibrary       0 
MUX2_X1          193  359.366   7033.144   496722.619 NangateOpenCellLibrary       0 
MUX2_X2            1    2.394     66.125     6125.614 NangateOpenCellLibrary       0 
NAND2_X1         194  154.812   3545.540   139829.986 NangateOpenCellLibrary       0 
NAND2_X2          11   14.630    440.066    19757.719 NangateOpenCellLibrary       0 
NAND2_X4           9   21.546    768.737    19025.122 NangateOpenCellLibrary       0 
NAND3_X1          13   13.832    259.528     7524.279 NangateOpenCellLibrary       0 
NAND3_X2           1    1.862     24.260      228.491 NangateOpenCellLibrary       0 
NAND4_X1          29   38.570   1030.357    36291.990 NangateOpenCellLibrary       0 
NAND4_X4           1    4.788     16.767        0.000 NangateOpenCellLibrary       0 
NOR2_X1          163  130.074   3437.348   124618.301 NangateOpenCellLibrary       0 
NOR2_X2            6    7.980    271.293     8512.032 NangateOpenCellLibrary       0 
NOR3_X1           12   12.768    327.928     7281.579 NangateOpenCellLibrary       0 
NOR4_X1           25   33.250    849.986     4757.255 NangateOpenCellLibrary       0 
OAI211_X1          7    9.310    294.448    11089.576 NangateOpenCellLibrary       0 
OAI21_X1          43   45.752   1310.869    56982.343 NangateOpenCellLibrary       0 
OAI21_X2           8   14.896    367.203    12274.008 NangateOpenCellLibrary       0 
OAI21_X4           3   10.374    353.811    13256.649 NangateOpenCellLibrary       0 
OAI221_X1         37   59.052   2129.262    69743.339 NangateOpenCellLibrary       0 
OAI222_X1         39   82.992   2306.563    79728.519 NangateOpenCellLibrary       0 
OAI22_X1         165  219.450   7054.202   175638.755 NangateOpenCellLibrary       0 
OAI22_X2           1    2.394     65.389     1448.229 NangateOpenCellLibrary       0 
OR2_X1            40   42.560    921.306    55606.733 NangateOpenCellLibrary       0 
OR3_X1             3    3.990     77.123     3900.956 NangateOpenCellLibrary       0 
OR4_X1             8   12.768    220.569     3694.719 NangateOpenCellLibrary       0 
SDFFR_X1           7   46.550    756.556   107580.105 NangateOpenCellLibrary       0 
XNOR2_X1          65  103.740   2410.891   165502.147 NangateOpenCellLibrary       0 
XNOR2_X2           5   13.300    369.676    25525.462 NangateOpenCellLibrary       0 
XOR2_X1           86  137.256   3133.818   228351.208 NangateOpenCellLibrary       0 
XOR2_X2            1    2.394     70.314     5646.889 NangateOpenCellLibrary       0 
-------------------------------------------------------------------------------------
total           2096 3262.756  74210.057  4551096.841                                
                                           Leakage  Leakage   Internal  Internal 
     Type      Instances   Area   Area % Power (nW) Power %  Power (nW)  Power % 
---------------------------------------------------------------------------------
sequential           136  732.830   22.5  12134.476    16.4 1615899.570     35.5 
inverter             330  188.594    5.8   5435.602     7.3  218045.038      4.8 
logic               1630 2341.332   71.8  56639.978    76.3 2717152.233     59.7 
physical_cells         0    0.000    0.0      0.000     0.0       0.000      0.0 
---------------------------------------------------------------------------------
total               2096 3262.756  100.0  74210.057   100.0 4551096.841    100.0 
