============================================================
  Generated by:           Genus(TM) Synthesis Solution 25.11-s095_1
  Generated on:           Mar 10 2026  02:13:24 pm
  Operating conditions:   typical 
  Interconnect mode:      global
  Area mode:              physical library
============================================================

                               Leakage    Internal                         Library 
   Gate    Instances   Area  Power (nW)  Power (nW)         Library         Domain 
-----------------------------------------------------------------------------------
AND2_X1           20  21.280    516.919   17779.155 NangateOpenCellLibrary       0 
AND2_X2            7   9.310    349.885   12964.855 NangateOpenCellLibrary       0 
AND4_X1            1   1.596     26.954    1032.512 NangateOpenCellLibrary       0 
AOI21_X1           6   6.384    176.915    3079.747 NangateOpenCellLibrary       0 
AOI22_X1           8  10.640    220.036   11948.736 NangateOpenCellLibrary       0 
DFFR_X1           25 133.000   2200.212  270538.660 NangateOpenCellLibrary       0 
FA_X1             16  68.096   1072.760   42551.582 NangateOpenCellLibrary       0 
HA_X1             16  42.560    915.092   20410.720 NangateOpenCellLibrary       0 
INV_X1            56  29.792    824.252   16793.500 NangateOpenCellLibrary       0 
INV_X2             2   1.596     49.202    2943.920 NangateOpenCellLibrary       0 
MUX2_X1            1   1.862     36.989    1519.757 NangateOpenCellLibrary       0 
NAND2_X1          94  75.012   1653.734   29579.358 NangateOpenCellLibrary       0 
NAND2_X2           2   2.660     69.573     926.977 NangateOpenCellLibrary       0 
NAND3_X1           5   5.320     72.378    2257.570 NangateOpenCellLibrary       0 
NAND4_X1           5   6.650     83.343     924.758 NangateOpenCellLibrary       0 
NOR2_X1           31  24.738    655.754   14551.369 NangateOpenCellLibrary       0 
NOR2_X2            1   1.330     42.261    1979.188 NangateOpenCellLibrary       0 
NOR3_X1            4   4.256    104.691    2129.956 NangateOpenCellLibrary       0 
NOR4_X1            6   7.980    195.609    1093.809 NangateOpenCellLibrary       0 
OAI211_X1          1   1.330     33.680    1105.929 NangateOpenCellLibrary       0 
OAI21_X1          23  24.472    733.369   25830.784 NangateOpenCellLibrary       0 
OAI21_X2           2   3.724    138.560    3343.319 NangateOpenCellLibrary       0 
OAI221_X1          1   1.596     55.255    1989.830 NangateOpenCellLibrary       0 
OAI22_X1          11  14.630    467.539    6843.031 NangateOpenCellLibrary       0 
OAI22_X2           1   2.394     90.999     756.476 NangateOpenCellLibrary       0 
OR2_X1            14  14.896    341.644   10821.095 NangateOpenCellLibrary       0 
OR3_X1             1   1.330     22.654     588.358 NangateOpenCellLibrary       0 
OR4_X2             1   1.862     56.172     508.342 NangateOpenCellLibrary       0 
XNOR2_X1          32  51.072   1156.090   40358.552 NangateOpenCellLibrary       0 
XNOR2_X2          10  26.600    744.129   20301.899 NangateOpenCellLibrary       0 
XOR2_X1           26  41.496    932.770   38448.741 NangateOpenCellLibrary       0 
XOR2_X2            1   2.394     54.026    5527.028 NangateOpenCellLibrary       0 
-----------------------------------------------------------------------------------
total            430 641.858  14093.445  611429.510                                
                                          Leakage  Leakage  Internal  Internal 
     Type      Instances   Area  Area % Power (nW) Power % Power (nW)  Power % 
-------------------------------------------------------------------------------
sequential            25 133.000   20.7   2200.212    15.6 270538.660     44.2 
inverter              58  31.388    4.9    873.453     6.2  19737.420      3.2 
logic                347 477.470   74.4  11019.779    78.2 321153.431     52.5 
physical_cells         0   0.000    0.0      0.000     0.0      0.000      0.0 
-------------------------------------------------------------------------------
total                430 641.858  100.0  14093.445   100.0 611429.510    100.0 
