============================================================
  Generated by:           Genus(TM) Synthesis Solution 25.11-s095_1
  Generated on:           Mar 10 2026  08:24:34 pm
  Module:                 add_bf16_1C
  Operating conditions:   typical 
  Interconnect mode:      global
  Area mode:              physical library
============================================================

Timing
--------

Analysis view  Clock Period 
----------------------------
view_1p2_25   clock1 1099.0 


  Analysis    Cost   Critical        Violating 
    View     Group  Path Slack  TNS    Paths   
-----------------------------------------------
view_1p2_25  clock1        0.1  0.0          0 
            default   No paths  0.0          0 
-----------------------------------------------
Total                          -0.0          0 
                                               

Instance Count
--------------
Leaf Instance Count             736 
Physical Instance count           0 
Sequential Instance Count        33 
Combinational Instance Count    703 
Hierarchical Instance Count       0 

Area
----
Cell Area                          939.246
Physical Cell Area                 0.000
Total Cell Area (Cell+Physical)    939.246
Net Area                           996.494
Total Area (Cell+Physical+Net)     1935.740

Power
-----
Leakage Power                      22406.878 nW
Dynamic Power                      1926108.195 nW
Total Power                        1948515.072 nW

Max Fanout                         33 (clk)
Min Fanout                         0 (nRST)
Average Fanout                     2.3
Terms to net ratio                 3.2687
Terms to instance ratio            3.4375
Runtime                            44.982878 seconds
Elapsed Runtime                    52 seconds
Genus peak memory usage            1665.01 
Innovus peak memory usage          no_value 
Hostname                           asicfab.ecn.purdue.edu
