============================================================
  Generated by:           Genus(TM) Synthesis Solution 25.11-s095_1
  Generated on:           Feb 01 2026  12:15:28 am
  Module:                 add_bf16
  Library domain:         timing_condition_tt_1p2v_25c
    Domain index:         0
    Technology libraries: MITLL90_STDLIB_8T.tt1p2v25c 1.0
                          MITLL90_IOPads_5_1_1.tt1p2v25c 1.0
  Operating conditions:   PVT_1P2V_25C 
  Interconnect mode:      global
  Area mode:              physical library
============================================================

Timing
--------

Analysis view  Clock Period 
----------------------------
view_1p2_25   clock1 1887.0 


  Analysis    Cost   Critical        Violating 
    View     Group  Path Slack  TNS    Paths   
-----------------------------------------------
view_1p2_25  clock1        0.0  0.0          0 
            default   No paths  0.0          0 
-----------------------------------------------
Total                          -0.0          0 
                                               

Instance Count
--------------
Leaf Instance Count             747 
Physical Instance count           0 
Sequential Instance Count        30 
Combinational Instance Count    717 
Hierarchical Instance Count       0 

Area
----
Cell Area                          3671.501
Physical Cell Area                 0.000
Total Cell Area (Cell+Physical)    3671.501
Net Area                           2398.802
Total Area (Cell+Physical+Net)     6070.303

Power
-----
Leakage Power                      1992.412 nW
Dynamic Power                      2173626.663 nW
Total Power                        2175619.075 nW

Max Fanout                         30 (clk)
Min Fanout                         0 (nRST)
Average Fanout                     2.2
Terms to net ratio                 3.1496
Terms to instance ratio            3.3266
Runtime                            62.991932 seconds
Elapsed Runtime                    69 seconds
Genus peak memory usage            2174.92 
Innovus peak memory usage          no_value 
Hostname                           asicfab.ecn.purdue.edu
