============================================================
  Generated by:           Genus(TM) Synthesis Solution 25.11-s095_1
  Generated on:           May 25 2026  06:57:23 am
  Module:                 sysarr_32_input_fp_adder
  Library domain:         timing_condition_tt_1p2v_25c
    Domain index:         0
    Technology library:   NangateOpenCellLibrary revision 1.0
  Operating conditions:   typical 
  Interconnect mode:      global
  Area mode:              physical library
============================================================

Timing
--------

Analysis view  Clock Period 
----------------------------
view_1p2_25   clock1 1000.0 


  Analysis    Cost   Critical             Violating 
    View     Group  Path Slack    TNS       Paths   
----------------------------------------------------
view_1p2_25  clock1     -255.6 -147755.1        902 
            default   No paths       0.0          0 
----------------------------------------------------
Total                          -147755.1        902 
                                                    

Instance Count
--------------
Leaf Instance Count             29975 
Physical Instance count             0 
Sequential Instance Count        2216 
Combinational Instance Count    27759 
Hierarchical Instance Count        25 

Area
----
Cell Area                          56599.318
Physical Cell Area                 0.000
Total Cell Area (Cell+Physical)    56599.318
Net Area                           25.915
Total Area (Cell+Physical+Net)     56625.233

Power
-----
Leakage Power                      513545.093 nW
Dynamic Power                      24976044.276 nW
Total Power                        25489589.370 nW

Max Fanout                         2216 (clk)
Min Fanout                         0 (aligner_inst_n_6209)
Average Fanout                     1.8
Terms to net ratio                 2.7366
Terms to instance ratio            3.3690
Runtime                            47.376378 seconds
Elapsed Runtime                    52 seconds
Genus peak memory usage            1779.92 
Innovus peak memory usage          no_value 
Hostname                           asicfab.ecn.purdue.edu
