============================================================
  Generated by:           Genus(TM) Synthesis Solution 25.11-s095_1
  Generated on:           Jun 13 2026  06:20:14 am
  Operating conditions:   typical 
  Interconnect mode:      global
  Area mode:              physical library
============================================================

                         Leakage   Internal          Library 
 Gate  Instances  Area Power (nW) Power (nW) Library  Domain 
-------------------------------------------------------------
-------------------------------------------------------------
total          0 0.000      0.000      0.000                 
                                        Leakage  Leakage   Internal   Internal 
     Type      Instances  Area Area % Power (nW) Power %  Power (nW)   Power % 
-------------------------------------------------------------------------------
sequential          1679 0.000    0.0 132829.562    29.4  5527991.429     31.5 
inverter              25 0.000    0.0    358.553     0.1     4199.951      0.0 
logic              26807 0.000    0.0 318100.364    70.5 12039792.668     68.5 
physical_cells         0 0.000    0.0      0.000     0.0        0.000      0.0 
-------------------------------------------------------------------------------
total              28511 0.000    0.0 451288.479   100.0 17571984.048    100.0 
