============================================================
  Generated by:           Genus(TM) Synthesis Solution 25.11-s095_1
  Generated on:           Mar 10 2026  01:03:42 am
  Operating conditions:   typical 
  Interconnect mode:      global
  Area mode:              physical library
============================================================

                               Leakage    Internal                         Library 
   Gate    Instances   Area  Power (nW)  Power (nW)         Library         Domain 
-----------------------------------------------------------------------------------
AND2_X1           20  21.280    493.516   13901.856 NangateOpenCellLibrary       0 
AND3_X1            1   1.330     32.004    1522.469 NangateOpenCellLibrary       0 
AND4_X1            3   4.788     80.715     402.681 NangateOpenCellLibrary       0 
AOI211_X1          9  11.970    339.066    8108.893 NangateOpenCellLibrary       0 
AOI21_X1          26  27.664    735.977   23486.035 NangateOpenCellLibrary       0 
AOI221_X1          4   6.384    133.653    7101.326 NangateOpenCellLibrary       0 
AOI222_X1          6  12.768    260.553    6514.814 NangateOpenCellLibrary       0 
AOI22_X1          20  26.600    590.943   14311.743 NangateOpenCellLibrary       0 
CLKBUF_X1          1   0.798     10.167     395.238 NangateOpenCellLibrary       0 
DFFR_X1           25 133.000   2199.732  129966.787 NangateOpenCellLibrary       0 
HA_X1              9  23.940    546.451   20111.830 NangateOpenCellLibrary       0 
INV_X1           106  56.392   1569.930   32655.674 NangateOpenCellLibrary       0 
INV_X2             1   0.798     28.706     224.960 NangateOpenCellLibrary       0 
MUX2_X1           26  48.412    941.961   38168.861 NangateOpenCellLibrary       0 
NAND2_X1          53  42.294    907.569   17801.897 NangateOpenCellLibrary       0 
NAND2_X2           1   1.330     34.787     351.629 NangateOpenCellLibrary       0 
NAND3_X1          11  11.704    205.801    3237.912 NangateOpenCellLibrary       0 
NAND4_X1           6   7.980    109.256    1414.278 NangateOpenCellLibrary       0 
NOR2_X1           65  51.870   1364.179   29003.757 NangateOpenCellLibrary       0 
NOR3_X1           10  10.640    262.959    4825.423 NangateOpenCellLibrary       0 
NOR4_X1            8  10.640    292.390    1159.463 NangateOpenCellLibrary       0 
OAI211_X1          8  10.640    287.476    8435.471 NangateOpenCellLibrary       0 
OAI21_X1          42  44.688   1209.501   35983.682 NangateOpenCellLibrary       0 
OAI21_X2           1   1.862     78.248    1399.895 NangateOpenCellLibrary       0 
OAI221_X1          7  11.172    289.259    7374.441 NangateOpenCellLibrary       0 
OAI222_X1          9  19.152    454.299    9359.871 NangateOpenCellLibrary       0 
OAI22_X1          10  13.300    347.930    8594.408 NangateOpenCellLibrary       0 
OAI33_X1           2   3.724     85.001    2612.430 NangateOpenCellLibrary       0 
OR2_X1            16  17.024    367.292   13199.692 NangateOpenCellLibrary       0 
OR3_X1             5   6.650    121.537    3846.880 NangateOpenCellLibrary       0 
SDFFR_X1          38 252.700   4107.329  183832.557 NangateOpenCellLibrary       0 
SDFFR_X2           1   6.916    144.424    6245.546 NangateOpenCellLibrary       0 
XNOR2_X1          12  19.152    436.193   14945.597 NangateOpenCellLibrary       0 
XOR2_X1           13  20.748    475.688   19132.149 NangateOpenCellLibrary       0 
-----------------------------------------------------------------------------------
total            575 940.310  19544.491  669630.144                                
                                          Leakage  Leakage  Internal  Internal 
     Type      Instances   Area  Area % Power (nW) Power % Power (nW)  Power % 
-------------------------------------------------------------------------------
sequential            64 392.616   41.8   6451.485    33.0 320044.890     47.8 
inverter             107  57.190    6.1   1598.636     8.2  32880.634      4.9 
buffer                 1   0.798    0.1     10.167     0.1    395.238      0.1 
logic                403 489.706   52.1  11484.203    58.8 316309.382     47.2 
physical_cells         0   0.000    0.0      0.000     0.0      0.000      0.0 
-------------------------------------------------------------------------------
total                575 940.310  100.0  19544.491   100.0 669630.144    100.0 
