============================================================
  Generated by:           Genus(TM) Synthesis Solution 25.11-s095_1
  Generated on:           May 25 2026  09:43:33 am
  Module:                 sysarr_32_input_fp_adder
  Library domain:         timing_condition_tt_1p2v_25c
    Domain index:         0
    Technology library:   NangateOpenCellLibrary revision 1.0
  Operating conditions:   typical 
  Interconnect mode:      global
  Area mode:              physical library
============================================================

Timing
--------

Analysis view  Clock Period 
----------------------------
view_1p2_25   clock1 1000.0 


  Analysis    Cost   Critical        Violating 
    View     Group  Path Slack  TNS    Paths   
-----------------------------------------------
view_1p2_25  clock1        0.0  0.0          0 
            default   No paths  0.0          0 
-----------------------------------------------
Total                          -0.0          0 
                                               

Instance Count
--------------
Leaf Instance Count             16009 
Physical Instance count             0 
Sequential Instance Count        2310 
Combinational Instance Count    13699 
Hierarchical Instance Count         0 

Area
----
Cell Area                          29254.414
Physical Cell Area                 0.000
Total Cell Area (Cell+Physical)    29254.414
Net Area                           20838.985
Total Area (Cell+Physical+Net)     50093.399

Power
-----
Leakage Power                      615748.367 nW
Dynamic Power                      62695190.550 nW
Total Power                        63310938.917 nW

Max Fanout                         2310 (clk)
Min Fanout                         0 (n_744)
Average Fanout                     2.1
Terms to net ratio                 3.3144
Terms to instance ratio            3.6216
Runtime                            50.217361 seconds
Elapsed Runtime                    55 seconds
Genus peak memory usage            1747.28 
Innovus peak memory usage          no_value 
Hostname                           asicfab.ecn.purdue.edu
