============================================================
  Generated by:           Genus(TM) Synthesis Solution 25.11-s095_1
  Generated on:           Mar 10 2026  04:04:17 pm
  Operating conditions:   typical 
  Interconnect mode:      global
  Area mode:              physical library
============================================================

                               Leakage    Internal                         Library 
   Gate    Instances   Area  Power (nW)  Power (nW)         Library         Domain 
-----------------------------------------------------------------------------------
AND2_X1           11  11.704    282.137    5453.213 NangateOpenCellLibrary       0 
AND2_X2            1   1.330     50.353     657.671 NangateOpenCellLibrary       0 
AND2_X4            1   2.394    100.706    1199.248 NangateOpenCellLibrary       0 
AND3_X2            1   1.596     76.001    1522.071 NangateOpenCellLibrary       0 
AND4_X1            2   3.192     48.627     866.498 NangateOpenCellLibrary       0 
AOI211_X1          1   1.330     34.177     666.944 NangateOpenCellLibrary       0 
AOI21_X1          19  20.216    551.243   11903.679 NangateOpenCellLibrary       0 
AOI21_X2           1   1.862     63.689     749.733 NangateOpenCellLibrary       0 
AOI221_X1          2   3.192     94.398    1362.258 NangateOpenCellLibrary       0 
AOI22_X1           2   2.660     63.405    1657.814 NangateOpenCellLibrary       0 
DFFR_X1           25 133.000   2202.557  198800.621 NangateOpenCellLibrary       0 
FA_X1             12  51.072    906.683   26625.328 NangateOpenCellLibrary       0 
HA_X1             15  39.900    971.976   23664.056 NangateOpenCellLibrary       0 
INV_X1            86  45.752   1270.658   22644.316 NangateOpenCellLibrary       0 
INV_X2             5   3.990    146.720    1282.877 NangateOpenCellLibrary       0 
MUX2_X1            3   5.586    108.843    2986.262 NangateOpenCellLibrary       0 
NAND2_X1          85  67.830   1601.895   21015.224 NangateOpenCellLibrary       0 
NAND2_X2          14  18.620    496.707    5350.507 NangateOpenCellLibrary       0 
NAND2_X4           3   7.182    208.720    2155.813 NangateOpenCellLibrary       0 
NAND3_X1           5   5.320     97.539    2409.609 NangateOpenCellLibrary       0 
NAND4_X1           4   5.320     72.507     625.044 NangateOpenCellLibrary       0 
NOR2_X1           37  29.526    768.725   12288.314 NangateOpenCellLibrary       0 
NOR2_X2            4   5.320    172.155    2220.274 NangateOpenCellLibrary       0 
NOR2_X4            1   2.394     78.497     824.337 NangateOpenCellLibrary       0 
NOR3_X1            2   2.128     64.849     250.495 NangateOpenCellLibrary       0 
NOR4_X1            6   7.980    204.063     647.542 NangateOpenCellLibrary       0 
OAI211_X1          1   1.330     23.587     385.331 NangateOpenCellLibrary       0 
OAI21_X1          30  31.920    809.606   20344.073 NangateOpenCellLibrary       0 
OAI21_X2           1   1.862     45.239     640.453 NangateOpenCellLibrary       0 
OAI221_X1          1   1.596     60.987    1221.089 NangateOpenCellLibrary       0 
OAI22_X1          14  18.620    556.082   18572.691 NangateOpenCellLibrary       0 
OR2_X1            13  13.832    306.314    5799.327 NangateOpenCellLibrary       0 
OR2_X2             2   2.660    100.128    1676.748 NangateOpenCellLibrary       0 
OR4_X1             3   4.788     80.447    1047.832 NangateOpenCellLibrary       0 
OR4_X2             1   1.862     54.355     351.829 NangateOpenCellLibrary       0 
XNOR2_X1          36  57.456   1302.452   38096.367 NangateOpenCellLibrary       0 
XNOR2_X2           1   2.660     67.671    1009.564 NangateOpenCellLibrary       0 
XOR2_X1            9  14.364    326.850   12841.566 NangateOpenCellLibrary       0 
-----------------------------------------------------------------------------------
total            460 633.346  14471.549  451816.619                                
                                          Leakage  Leakage  Internal  Internal 
     Type      Instances   Area  Area % Power (nW) Power % Power (nW)  Power % 
-------------------------------------------------------------------------------
sequential            25 133.000   21.0   2202.557    15.2 198800.621     44.0 
inverter              91  49.742    7.9   1417.378     9.8  23927.193      5.3 
logic                344 450.604   71.1  10851.613    75.0 229088.805     50.7 
physical_cells         0   0.000    0.0      0.000     0.0      0.000      0.0 
-------------------------------------------------------------------------------
total                460 633.346  100.0  14471.549   100.0 451816.619    100.0 
