============================================================
  Generated by:           Genus(TM) Synthesis Solution 25.11-s095_1
  Generated on:           Mar 11 2026  01:43:13 am
  Module:                 sysarr_4_input_fp_adder
  Library domain:         timing_condition_tt_1p2v_25c
    Domain index:         0
    Technology library:   NangateOpenCellLibrary revision 1.0
  Operating conditions:   typical 
  Interconnect mode:      global
  Area mode:              physical library
============================================================

Timing
--------

Analysis view  Clock Period 
----------------------------
view_1p2_25   clock1 1149.0 


  Analysis    Cost   Critical        Violating 
    View     Group  Path Slack  TNS    Paths   
-----------------------------------------------
view_1p2_25  clock1       16.1  0.0          0 
            default   No paths  0.0          0 
-----------------------------------------------
Total                          -0.0          0 
                                               

Instance Count
--------------
Leaf Instance Count             2172 
Physical Instance count            0 
Sequential Instance Count        136 
Combinational Instance Count    2036 
Hierarchical Instance Count        0 

Area
----
Cell Area                          3339.364
Physical Cell Area                 0.000
Total Cell Area (Cell+Physical)    3339.364
Net Area                           3141.591
Total Area (Cell+Physical+Net)     6480.955

Power
-----
Leakage Power                      76097.447 nW
Dynamic Power                      8112516.328 nW
Total Power                        8188613.775 nW

Max Fanout                         136 (clk)
Min Fanout                         0 (nRST)
Average Fanout                     2.3
Terms to net ratio                 3.3540
Terms to instance ratio            3.7122
Runtime                            44.949644 seconds
Elapsed Runtime                    54 seconds
Genus peak memory usage            1698.18 
Innovus peak memory usage          no_value 
Hostname                           asicfab.ecn.purdue.edu
