============================================================
  Generated by:           Genus(TM) Synthesis Solution 25.11-s095_1
  Generated on:           Feb 01 2026  12:13:30 am
  Module:                 add_bf16
  Operating conditions:   PVT_1P2V_25C 
  Interconnect mode:      global
  Area mode:              physical library
============================================================


Path 1: MET (95 ps) Late External Delay Assertion at pin bf_out[14]
           View: view_1p2_25
          Group: clock1
     Startpoint: (R) signs_differ_l_reg/clk
          Clock: (R) clock1
       Endpoint: (R) bf_out[14]
          Clock: (R) clock1

                     Capture       Launch     
        Clock Edge:+    1887            0     
       Src Latency:+       0            0     
       Net Latency:+       0 (I)        0 (I) 
           Arrival:=    1887            0     
                                              
      Output Delay:-       1                  
       Uncertainty:-       0                  
     Required Time:=    1886                  
      Launch Clock:-       0                  
         Data Path:-    1791                  
             Slack:=      95                  

Exceptions/Constraints:
  output_delay              1              add_bf16.sdc_line_21_32_1   

Launch clock path:
#-----------------------------------------------------------------------------------------------------
#     Timing Point       Flags   Arc   Edge      Cell        Fanout Load Trans Delay Arrival Instance 
#                                                                   (fF)  (ps)  (ps)   (ps)  Location 
#-----------------------------------------------------------------------------------------------------
  clk                    (i,u)   -     R     (arrival)           30  0.0   100     0      58    (-,-) 
  clk                    -       -     -     (net)                -    -     -     -       -    (-,-) 
  clk                    -       -     -     (net)                -    -     -     -       -    (-,-) 
  signs_differ_l_reg/clk <<<     -     R     unmapped_d_flop     30    -     1     0      58    (-,-) 
#-----------------------------------------------------------------------------------------------------

#----------------------------------------------------------------------------------------------------------
#     Timing Point       Flags    Arc    Edge       Cell         Fanout  Load Trans Delay Arrival Instance 
#                                                                        (fF)  (ps)  (ps)   (ps)  Location 
#----------------------------------------------------------------------------------------------------------
  signs_differ_l_reg/clk -       -       R     (arrival)             30     -     1     0       0    (-,-) 
  signs_differ_l_reg/q   (u)     clk->q  F     unmapped_d_flop       24 132.0     0   287     287    (-,-) 
  signs_differ_l         -       -       -     (net)                  -     -     -     -       -    (-,-) 
  g11479/z               (u)     in_0->z F     unmapped_complex2      1   5.5     0    32     320    (-,-) 
  n_8380                 -       -       -     (net)                  -     -     -     -       -    (-,-) 
  g11480/z               (u)     in_1->z R     unmapped_nand2         3  16.5     0    49     368    (-,-) 
  n_3451                 -       -       -     (net)                  -     -     -     -       -    (-,-) 
  g11444/z               (u)     in_0->z F     unmapped_complex2      1   5.5     0    32     401    (-,-) 
  n_8360                 -       -       -     (net)                  -     -     -     -       -    (-,-) 
  g11445/z               (u)     in_1->z R     unmapped_nand2         3  16.5     0    49     450    (-,-) 
  n_3476                 -       -       -     (net)                  -     -     -     -       -    (-,-) 
  g11595/z               (u)     in_1->z F     unmapped_complex2      2  11.0     0    41     490    (-,-) 
  n_4877                 -       -       -     (net)                  -     -     -     -       -    (-,-) 
  g11297/z               (u)     in_1->z R     unmapped_complex2      1   5.5     0    32     523    (-,-) 
  n_6798                 -       -       -     (net)                  -     -     -     -       -    (-,-) 
  g11284/z               (u)     in_1->z R     unmapped_or2           1   5.5     0    32     555    (-,-) 
  n_6803                 -       -       -     (net)                  -     -     -     -       -    (-,-) 
  g11601/z               (u)     in_0->z F     unmapped_complex2      1   5.5     0    32     588    (-,-) 
  n_6805                 -       -       -     (net)                  -     -     -     -       -    (-,-) 
  g11261/z               (u)     in_1->z F     unmapped_or2           3  16.5     0    49     636    (-,-) 
  n_3503                 -       -       -     (net)                  -     -     -     -       -    (-,-) 
  g7543/z                (u)     in_1->z R     unmapped_nand2         1   5.5     0    32     669    (-,-) 
  n_4783                 -       -       -     (net)                  -     -     -     -       -    (-,-) 
  g11220/z               (u)     in_0->z F     unmapped_nand2         7  38.5     0    74     742    (-,-) 
  n_3507                 -       -       -     (net)                  -     -     -     -       -    (-,-) 
  g11202/z               (u)     in_1->z F     unmapped_or2           1   5.5     0    32     775    (-,-) 
  n_7095                 -       -       -     (net)                  -     -     -     -       -    (-,-) 
  g11182/z               (u)     in_1->z R     unmapped_nand2         1   5.5     0    32     807    (-,-) 
  n_7097                 -       -       -     (net)                  -     -     -     -       -    (-,-) 
  g11112/z               (u)     in_1->z R     unmapped_or2           2  11.0     0    41     848    (-,-) 
  n_3551                 -       -       -     (net)                  -     -     -     -       -    (-,-) 
  g11072/z               (u)     in_0->z F     unmapped_complex2      1   5.5     0    32     880    (-,-) 
  n_8325                 -       -       -     (net)                  -     -     -     -       -    (-,-) 
  g11073/z               (u)     in_1->z R     unmapped_nand2         7  38.5     0    74     954    (-,-) 
  mantissa_sum[9]        -       -       -     (net)                  -     -     -     -       -    (-,-) 
  g11007/z               (u)     in_1->z R     unmapped_or2           3  16.5     0    49    1002    (-,-) 
  n_4677                 -       -       -     (net)                  -     -     -     -       -    (-,-) 
  g11654/z               (u)     in_0->z R     unmapped_complex2      3  16.5     0    49    1051    (-,-) 
  n_3611                 -       -       -     (net)                  -     -     -     -       -    (-,-) 
  g10920/z               (u)     in_1->z F     unmapped_complex2      1   5.5     0    32    1084    (-,-) 
  n_8316                 -       -       -     (net)                  -     -     -     -       -    (-,-) 
  g10921/z               (u)     in_1->z R     unmapped_nand2         3  16.5     0    49    1132    (-,-) 
  n_3634                 -       -       -     (net)                  -     -     -     -       -    (-,-) 
  g10870/z               (u)     in_0->z F     unmapped_nand2         2  11.0     0    41    1173    (-,-) 
  n_4770                 -       -       -     (net)                  -     -     -     -       -    (-,-) 
  g10802/z               (u)     in_1->z R     unmapped_nand2         3  16.5     0    49    1222    (-,-) 
  n_3641                 -       -       -     (net)                  -     -     -     -       -    (-,-) 
  g11713/z               (u)     in_0->z R     unmapped_complex2      1   5.5     0    32    1254    (-,-) 
  n_4887                 -       -       -     (net)                  -     -     -     -       -    (-,-) 
  g10755/z               (u)     in_0->z F     unmapped_nand2         2  11.0     0    41    1295    (-,-) 
  n_3645                 -       -       -     (net)                  -     -     -     -       -    (-,-) 
  g11721/z               (u)     in_0->z F     unmapped_complex2      1   5.5     0    32    1327    (-,-) 
  n_5075                 -       -       -     (net)                  -     -     -     -       -    (-,-) 
  g10717/z               (u)     in_1->z R     unmapped_nand2         4  22.0     0    57    1384    (-,-) 
  n_3651                 -       -       -     (net)                  -     -     -     -       -    (-,-) 
  g10704/z               (u)     in_0->z R     unmapped_or2           4  22.0     0    57    1442    (-,-) 
  n_3657                 -       -       -     (net)                  -     -     -     -       -    (-,-) 
  g10692/z               (u)     in_1->z F     unmapped_complex2      1   5.5     0    32    1474    (-,-) 
  n_8309                 -       -       -     (net)                  -     -     -     -       -    (-,-) 
  g10693/z               (u)     in_1->z R     unmapped_nand2         2  11.0     0    41    1515    (-,-) 
  n_3686                 -       -       -     (net)                  -     -     -     -       -    (-,-) 
  g10681/z               (u)     in_0->z R     unmapped_or2           1   5.5     0    32    1547    (-,-) 
  n_5171                 -       -       -     (net)                  -     -     -     -       -    (-,-) 
  g10674/z               (u)     in_1->z F     unmapped_nand2         2  11.0     0    41    1588    (-,-) 
  n_1175                 -       -       -     (net)                  -     -     -     -       -    (-,-) 
  g10664/z               (u)     in_1->z R     unmapped_nand2         1   5.5     0    32    1620    (-,-) 
  n_5018                 -       -       -     (net)                  -     -     -     -       -    (-,-) 
  g10588/z               (u)     in_1->z R     unmapped_or2           3  16.5     0    49    1669    (-,-) 
  n_4163                 -       -       -     (net)                  -     -     -     -       -    (-,-) 
  g10570/z               (u)     in_0->z F     unmapped_nand2         1   5.5     0    32    1701    (-,-) 
  n_8294                 -       -       -     (net)                  -     -     -     -       -    (-,-) 
  g10571/z               (u)     in_1->z R     unmapped_nand2         1   5.5     0    32    1734    (-,-) 
  n_4847                 -       -       -     (net)                  -     -     -     -       -    (-,-) 
  g10556/z               (u)     in_0->z F     unmapped_complex2      1   5.5     0    32    1766    (-,-) 
  n_5021                 -       -       -     (net)                  -     -     -     -       -    (-,-) 
  g10539/z               (u)     in_0->z R     unmapped_complex2      1   0.9     0    25    1791    (-,-) 
  bf_out[14]             -       -       -     (net)                  -     -     -     -       -    (-,-) 
  bf_out[14]             <<<     -       R     (port)                 -     -     -     0    1791    (-,-) 
#----------------------------------------------------------------------------------------------------------

(u) : Net has unmapped pin(s).


