============================================================
  Generated by:           Genus(TM) Synthesis Solution 25.11-s095_1
  Generated on:           May 26 2026  10:34:24 pm
  Module:                 sysarr_32_input_fp_adder
  Operating conditions:   typical 
  Interconnect mode:      global
  Area mode:              physical library
============================================================


Path 1: VIOLATED (-49 ps) Setup Check with Pin aligner_inst_aligned_mant_out_reg[27][7]/CK->D
           View: view_1p2_25
          Group: clock1
     Startpoint: (R) aligner_inst_max_l3_n1_r_reg[3]/CK
          Clock: (R) clock1
       Endpoint: (R) aligner_inst_aligned_mant_out_reg[27][7]/D
          Clock: (R) clock1

                     Capture       Launch     
        Clock Edge:+    1000            0     
       Src Latency:+       0            0     
       Net Latency:+       0 (I)        0 (I) 
           Arrival:=    1000            0     
                                              
             Setup:-      35                  
       Uncertainty:-       0                  
     Required Time:=     965                  
      Launch Clock:-       0                  
         Data Path:-    1014                  
             Slack:=     -49                  

Launch clock path:
#-----------------------------------------------------------------------------------------------------------
#           Timing Point             Flags   Arc   Edge   Cell     Fanout Load Trans Delay Arrival Instance 
#                                                                         (fF)  (ps)  (ps)   (ps)  Location 
#-----------------------------------------------------------------------------------------------------------
  clk                                (i)     -     R     (arrival)   1602  0.0     0     0       0    (-,-) 
  clk                                -       -     -     (net)          -    -     -     -       -    (-,-) 
  clk                                -       -     -     (net)          -    -     -     -       -    (-,-) 
  aligner_inst_max_l3_n1_r_reg[3]/CK <<<     -     R     DFFR_X1     1602    -     1     0       0    (-,-) 
#-----------------------------------------------------------------------------------------------------------

#--------------------------------------------------------------------------------------------------------------------
#               Timing Point                 Flags    Arc   Edge   Cell     Fanout Load Trans Delay Arrival Instance 
#                                                                                  (fF)  (ps)  (ps)   (ps)  Location 
#--------------------------------------------------------------------------------------------------------------------
  aligner_inst_max_l3_n1_r_reg[3]/CK         -       -      R     (arrival)   1602    -     1     0       0    (-,-) 
  aligner_inst_max_l3_n1_r_reg[3]/Q          -       CK->Q  R     DFFR_X1        1  1.9    10   100     100    (-,-) 
  n_9973                                     -       -      -     (net)          -    -     -     -       -    (-,-) 
  g270276/ZN                                 -       A1->ZN F     NAND2_X1       1  1.9     8    13     114    (-,-) 
  n_12080                                    -       -      -     (net)          -    -     -     -       -    (-,-) 
  g273115/ZN                                 -       A1->ZN F     AND2_X2        1  5.8     7    29     143    (-,-) 
  n_9749                                     -       -      -     (net)          -    -     -     -       -    (-,-) 
  g270261/ZN                                 -       A3->ZN R     NAND4_X4       1  7.2    15    22     164    (-,-) 
  n_12091                                    -       -      -     (net)          -    -     -     -       -    (-,-) 
  g270260/ZN                                 -       A2->ZN F     NAND3_X4       3 12.2    14    26     190    (-,-) 
  n_12096                                    -       -      -     (net)          -    -     -     -       -    (-,-) 
  g270259/ZN                                 -       A->ZN  R     INV_X4         4 18.5    14    23     214    (-,-) 
  n_12094                                    -       -      -     (net)          -    -     -     -       -    (-,-) 
  g270257/ZN                                 -       A->ZN  F     INV_X1         1  5.9     9    15     229    (-,-) 
  n_12093                                    -       -      -     (net)          -    -     -     -       -    (-,-) 
  g270233/ZN                                 -       B1->ZN R     OAI21_X4       5 11.1    23    32     261    (-,-) 
  n_12121                                    -       -      -     (net)          -    -     -     -       -    (-,-) 
  g270027/ZN                                 -       A->ZN  F     INV_X2         2 14.2    12    20     281    (-,-) 
  n_12127                                    -       -      -     (net)          -    -     -     -       -    (-,-) 
  g270017/ZN                                 -       A->ZN  R     INV_X2         5 13.7    18    27     308    (-,-) 
  n_12128                                    -       -      -     (net)          -    -     -     -       -    (-,-) 
  g269839/ZN                                 -       A1->ZN F     NAND2_X2       3  8.2    12    21     330    (-,-) 
  n_12266                                    -       -      -     (net)          -    -     -     -       -    (-,-) 
  g268756/ZN                                 -       A1->ZN R     NAND2_X1       1  3.4    13    20     350    (-,-) 
  n_12944                                    -       -      -     (net)          -    -     -     -       -    (-,-) 
  g268402__6783/ZN                           -       A1->ZN F     NAND2_X2       2  8.2    11    20     370    (-,-) 
  n_13245                                    -       -      -     (net)          -    -     -     -       -    (-,-) 
  g268148__5107/ZN                           -       B1->ZN R     OAI21_X4       2  7.9    20    29     399    (-,-) 
  n_13428                                    -       -      -     (net)          -    -     -     -       -    (-,-) 
  g267917__7098/ZN                           -       B1->ZN F     OAI21_X2       2  7.0    20    21     420    (-,-) 
  n_13599                                    -       -      -     (net)          -    -     -     -       -    (-,-) 
  g267721__8428/ZN                           -       B1->ZN R     AOI21_X2       2  5.3    26    35     456    (-,-) 
  n_13710                                    -       -      -     (net)          -    -     -     -       -    (-,-) 
  g267634/ZN                                 -       A->ZN  F     INV_X1         1  3.2     9    13     468    (-,-) 
  n_13771                                    -       -      -     (net)          -    -     -     -       -    (-,-) 
  g267602__6783/ZN                           -       A1->ZN R     NAND2_X2       2  5.1    12    17     485    (-,-) 
  n_13811                                    -       -      -     (net)          -    -     -     -       -    (-,-) 
  g267514__9945/ZN                           -       A1->ZN F     NAND2_X1       1  3.0     9    16     502    (-,-) 
  n_13848                                    -       -      -     (net)          -    -     -     -       -    (-,-) 
  g267463__5122/ZN                           -       A1->ZN R     NOR2_X2        2  5.2    20    28     530    (-,-) 
  n_10092                                    -       -      -     (net)          -    -     -     -       -    (-,-) 
  g267345__5122/ZN                           -       B1->ZN F     AOI21_X2       2  3.5     9    17     547    (-,-) 
  n_13939                                    -       -      -     (net)          -    -     -     -       -    (-,-) 
  g267332/ZN                                 -       A->ZN  R     INV_X1         1  3.7    11    18     564    (-,-) 
  n_13940                                    -       -      -     (net)          -    -     -     -       -    (-,-) 
  g267283__9315/ZN                           -       A1->ZN F     NOR3_X2        1  6.6     9    12     577    (-,-) 
  n_13977                                    -       -      -     (net)          -    -     -     -       -    (-,-) 
  g267265__1617/ZN                           -       A2->ZN R     NOR2_X4        1  6.6    15    28     605    (-,-) 
  n_13998                                    -       -      -     (net)          -    -     -     -       -    (-,-) 
  g267228__5107/ZN                           -       A1->ZN F     NAND3_X4       2 10.0    14    22     627    (-,-) 
  n_14037                                    -       -      -     (net)          -    -     -     -       -    (-,-) 
  g267215__5115/ZN                           -       A2->ZN R     NOR2_X4        1  7.2    16    30     658    (-,-) 
  n_14045                                    -       -      -     (net)          -    -     -     -       -    (-,-) 
  g267206__1617/ZN                           -       A2->ZN F     NAND3_X4       9 16.1    16    30     687    (-,-) 
  aligner_inst_has_neg_sticky                -       -      -     (net)          -    -     -     -       -    (-,-) 
  g302980/ZN                                 -       B1->ZN R     OAI21_X2       1  1.9    17    26     713    (-,-) 
  n_1866                                     -       -      -     (net)          -    -     -     -       -    (-,-) 
  g302786/ZN                                 -       A1->ZN F     NAND2_X1       2  4.8    13    22     735    (-,-) 
  n_2242                                     -       -      -     (net)          -    -     -     -       -    (-,-) 
  g302402/ZN                                 -       A1->ZN R     NOR2_X1        1  3.6    24    34     770    (-,-) 
  n_2447                                     -       -      -     (net)          -    -     -     -       -    (-,-) 
  g301451/ZN                                 -       A2->ZN R     AND3_X4        2  6.9    10    45     815    (-,-) 
  n_3643                                     -       -      -     (net)          -    -     -     -       -    (-,-) 
  g300647/ZN                                 -       A1->ZN F     NAND2_X2       2  7.5    12    18     832    (-,-) 
  n_4526                                     -       -      -     (net)          -    -     -     -       -    (-,-) 
  g300228/ZN                                 -       A1->ZN R     NOR2_X4        2  5.2    14    22     855    (-,-) 
  n_4738                                     -       -      -     (net)          -    -     -     -       -    (-,-) 
  g299843/ZN                                 -       B1->ZN F     OAI21_X2       2  7.7    15    20     875    (-,-) 
  n_5048                                     -       -      -     (net)          -    -     -     -       -    (-,-) 
  g299664/ZN                                 -       A1->ZN R     NOR2_X4        2  8.7    18    28     903    (-,-) 
  n_5218                                     -       -      -     (net)          -    -     -     -       -    (-,-) 
  g299441/ZN                                 -       A1->ZN F     NOR2_X4        3 12.2    10    13     916    (-,-) 
  n_5433                                     -       -      -     (net)          -    -     -     -       -    (-,-) 
  fopt305839/ZN                              -       A->ZN  R     INV_X4         7 21.2    15    22     939    (-,-) 
  n_15130                                    -       -      -     (net)          -    -     -     -       -    (-,-) 
  g299139/ZN                                 -       A1->ZN F     NOR2_X2        2  4.6     7    11     950    (-,-) 
  n_5706                                     -       -      -     (net)          -    -     -     -       -    (-,-) 
  g298857/ZN                                 -       A1->ZN R     NOR2_X2        3  5.6    21    28     978    (-,-) 
  n_5949                                     -       -      -     (net)          -    -     -     -       -    (-,-) 
  g298381/ZN                                 -       A1->ZN F     NAND2_X1       1  1.8    11    16     993    (-,-) 
  n_6256                                     -       -      -     (net)          -    -     -     -       -    (-,-) 
  g297996/ZN                                 -       A->ZN  R     OAI21_X1       1  1.4    17    20    1014    (-,-) 
  n_6563                                     -       -      -     (net)          -    -     -     -       -    (-,-) 
  aligner_inst_aligned_mant_out_reg[27][7]/D <<<     -      R     DFFR_X1        1    -     -     0    1014    (-,-) 
#--------------------------------------------------------------------------------------------------------------------

Capture clock path:
#--------------------------------------------------------------------------------------------------------------------
#                Timing Point                 Flags   Arc   Edge   Cell     Fanout Load Trans Delay Arrival Instance 
#                                                                                  (fF)  (ps)  (ps)   (ps)  Location 
#--------------------------------------------------------------------------------------------------------------------
  clk                                         (i)     -     R     (arrival)   1602  0.0     0     0    1000    (-,-) 
  clk                                         -       -     -     (net)          -    -     -     -       -    (-,-) 
  clk                                         -       -     -     (net)          -    -     -     -       -    (-,-) 
  aligner_inst_aligned_mant_out_reg[27][7]/CK <<<     -     R     DFFR_X1     1602    -     1     0    1000    (-,-) 
#--------------------------------------------------------------------------------------------------------------------


