============================================================
  Generated by:           Genus(TM) Synthesis Solution 25.11-s095_1
  Generated on:           May 23 2026  03:53:45 am
  Operating conditions:   typical 
  Interconnect mode:      global
  Area mode:              physical library
============================================================

                                 Leakage      Internal                          Library 
   Gate    Instances    Area    Power (nW)   Power (nW)          Library         Domain 
----------------------------------------------------------------------------------------
AND2_X1          583   620.312   14814.729    707147.353 NangateOpenCellLibrary       0 
AND2_X2           87   115.710    4755.788    361598.007 NangateOpenCellLibrary       0 
AND2_X4            9    21.546     946.966     79449.087 NangateOpenCellLibrary       0 
AND3_X1           41    54.530    1108.529     37738.793 NangateOpenCellLibrary       0 
AND3_X2           13    20.748     848.880     47066.766 NangateOpenCellLibrary       0 
AND3_X4            1     2.926      77.027         0.000 NangateOpenCellLibrary       0 
AND4_X1           30    47.880     810.356     19486.241 NangateOpenCellLibrary       0 
AND4_X2            3     5.586     173.216      5893.665 NangateOpenCellLibrary       0 
AOI211_X1         20    26.600     611.032     27214.623 NangateOpenCellLibrary       0 
AOI21_X1         379   403.256   10559.603    531019.610 NangateOpenCellLibrary       0 
AOI21_X2         115   214.130    6290.587    391714.009 NangateOpenCellLibrary       0 
AOI21_X4          18    62.244    1875.949    138662.266 NangateOpenCellLibrary       0 
AOI221_X1         25    39.900    1016.686     46098.082 NangateOpenCellLibrary       0 
AOI222_X1         17    36.176     691.589     50236.984 NangateOpenCellLibrary       0 
AOI22_X1         358   476.140    9558.744    421154.950 NangateOpenCellLibrary       0 
AOI22_X2          12    28.728     612.301     43855.619 NangateOpenCellLibrary       0 
AOI22_X4           1     4.522     125.450      7885.566 NangateOpenCellLibrary       0 
BUF_X1            17    13.566     379.052     22590.042 NangateOpenCellLibrary       0 
BUF_X2            39    41.496    1686.051    160995.733 NangateOpenCellLibrary       0 
BUF_X4             2     3.724     181.188      8851.457 NangateOpenCellLibrary       0 
CLKBUF_X1         39    31.122     461.068     46267.060 NangateOpenCellLibrary       0 
CLKBUF_X2          2     2.128      47.410      6640.374 NangateOpenCellLibrary       0 
CLKBUF_X3          1     1.330      34.362      3176.482 NangateOpenCellLibrary       0 
DFFR_X1         1878  9990.960  165610.214  14673841.425 NangateOpenCellLibrary       0 
DFFR_X2            1     5.852     130.306     19421.686 NangateOpenCellLibrary       0 
DFF_X1           139   628.558   10945.692   1447726.318 NangateOpenCellLibrary       0 
FA_X1             17    72.352    1282.538    123070.928 NangateOpenCellLibrary       0 
HA_X1             55   146.300    3367.148    208330.571 NangateOpenCellLibrary       0 
INV_X1          4601  2447.732   64780.456   2871261.755 NangateOpenCellLibrary       0 
INV_X16            4    18.088     911.029     59975.417 NangateOpenCellLibrary       0 
INV_X2           485   387.030   14211.281    680302.322 NangateOpenCellLibrary       0 
INV_X4            39    51.870    2184.077    131934.298 NangateOpenCellLibrary       0 
INV_X8            22    52.668    2610.040    147731.340 NangateOpenCellLibrary       0 
MUX2_X1          581  1081.822   21027.149   1247166.208 NangateOpenCellLibrary       0 
MUX2_X2           22    52.668    1537.439    141766.887 NangateOpenCellLibrary       0 
NAND2_X1        4490  3583.020   85700.150   3726043.214 NangateOpenCellLibrary       0 
NAND2_X2         667   887.110   32139.291   1450451.902 NangateOpenCellLibrary       0 
NAND2_X4         152   363.888   14885.449    683222.267 NangateOpenCellLibrary       0 
NAND3_X1         273   290.472    6744.364    267145.459 NangateOpenCellLibrary       0 
NAND3_X2          69   128.478    5467.172    202161.527 NangateOpenCellLibrary       0 
NAND3_X4           8    27.664    1277.591     52736.697 NangateOpenCellLibrary       0 
NAND4_X1         104   138.320    2176.777     32665.549 NangateOpenCellLibrary       0 
NAND4_X2           1     2.394      33.838      2490.654 NangateOpenCellLibrary       0 
NAND4_X4           2     9.576     124.665      5199.245 NangateOpenCellLibrary       0 
NOR2_X1         1742  1390.116   37868.755   1309854.664 NangateOpenCellLibrary       0 
NOR2_X2          324   430.920   13260.722    704340.566 NangateOpenCellLibrary       0 
NOR2_X4           54   129.276    4517.571    224090.498 NangateOpenCellLibrary       0 
NOR3_X1          102   108.528    2758.307     70414.682 NangateOpenCellLibrary       0 
NOR3_X2           11    20.482     631.369     22807.829 NangateOpenCellLibrary       0 
NOR3_X4            2     7.448     221.281     13103.465 NangateOpenCellLibrary       0 
NOR4_X1           74    98.420    2518.914     17036.980 NangateOpenCellLibrary       0 
OAI211_X1        174   231.420    5362.069    201641.381 NangateOpenCellLibrary       0 
OAI211_X2          2     4.788     115.658      9058.182 NangateOpenCellLibrary       0 
OAI21_X1        1147  1220.408   29275.062   1502223.305 NangateOpenCellLibrary       0 
OAI21_X2         297   553.014   16868.983    949225.694 NangateOpenCellLibrary       0 
OAI21_X4          35   121.030    4237.389    256790.552 NangateOpenCellLibrary       0 
OAI221_X1        163   260.148    7742.986    268746.907 NangateOpenCellLibrary       0 
OAI222_X1         37    78.736    1722.634     99351.686 NangateOpenCellLibrary       0 
OAI222_X2          1     3.724      82.986      5086.213 NangateOpenCellLibrary       0 
OAI22_X1         571   759.430   24360.891    744393.818 NangateOpenCellLibrary       0 
OAI22_X2          12    28.728     997.672     39544.480 NangateOpenCellLibrary       0 
OAI22_X4           1     4.522     134.518      8719.145 NangateOpenCellLibrary       0 
OAI33_X1           3     5.586     115.220      9757.103 NangateOpenCellLibrary       0 
OR2_X1           614   653.296   14393.734    835852.552 NangateOpenCellLibrary       0 
OR2_X2            51    67.830    2365.139    193229.013 NangateOpenCellLibrary       0 
OR2_X4             9    21.546     823.641     73249.354 NangateOpenCellLibrary       0 
OR3_X1            52    69.160    1269.153     51896.641 NangateOpenCellLibrary       0 
OR4_X1            71   113.316    1989.226     27746.109 NangateOpenCellLibrary       0 
SDFFR_X1         154  1024.100   16550.292   1930761.558 NangateOpenCellLibrary       0 
SDFFR_X2           1     6.916     143.751     22342.360 NangateOpenCellLibrary       0 
XNOR2_X1         646  1031.016   24301.512   1475633.333 NangateOpenCellLibrary       0 
XNOR2_X2         820  2181.200   61323.852   4477644.002 NangateOpenCellLibrary       0 
XOR2_X1          223   355.908    7637.030    571165.824 NangateOpenCellLibrary       0 
XOR2_X2          142   339.948    9322.549    866691.425 NangateOpenCellLibrary       0 
----------------------------------------------------------------------------------------
total          22957 33962.082  787726.094  48321787.758                                
                                            Leakage  Leakage   Internal   Internal 
     Type      Instances    Area   Area % Power (nW) Power %  Power (nW)   Power % 
-----------------------------------------------------------------------------------
sequential          2173 11656.386   34.3 193380.255    24.5 18094093.346     37.4 
inverter            5151  2957.388    8.7  84696.884    10.8  3891205.132      8.1 
buffer               100    93.366    0.3   2789.130     0.4   248521.149      0.5 
logic              15533 19254.942   56.7 506859.825    64.3 26087968.131     54.0 
physical_cells         0     0.000    0.0      0.000     0.0        0.000      0.0 
-----------------------------------------------------------------------------------
total              22957 33962.082  100.0 787726.094   100.0 48321787.758    100.0 
