============================================================
  Generated by:           Genus(TM) Synthesis Solution 25.11-s095_1
  Generated on:           Mar 10 2026  12:52:25 pm
  Module:                 mul_bf
  Operating conditions:   typical 
  Interconnect mode:      global
  Area mode:              physical library
============================================================


Path 1: MET (0 ps) Setup Check with Pin result_reg[23]/CK->D
           View: view_1p2_25
          Group: clock1
     Startpoint: (F) b[3]
          Clock: (R) clock1
       Endpoint: (F) result_reg[23]/D
          Clock: (R) clock1

                     Capture       Launch     
        Clock Edge:+    1099            0     
        Drv Adjust:+       0            0     
       Src Latency:+       0            0     
       Net Latency:+       0 (I)        0 (I) 
           Arrival:=    1099            0     
                                              
             Setup:-      42                  
       Uncertainty:-       0                  
     Required Time:=    1057                  
      Launch Clock:-       0                  
       Input Delay:-       1                  
         Data Path:-    1056                  
             Slack:=       0                  

Exceptions/Constraints:
  input_delay              1              mul_bf.sdc_line_20_30_1   

#------------------------------------------------------------------------------------------
#  Timing Point    Flags    Arc   Edge   Cell     Fanout Load Trans Delay Arrival Instance 
#                                                        (fF)  (ps)  (ps)   (ps)  Location 
#------------------------------------------------------------------------------------------
  b[3]             -       -      F     (arrival)     10 17.1     0     0       1    (-,-) 
  b[3]             -       -      -     (net)          -    -     -     -       -    (-,-) 
  g19628__1705/ZN  -       A2->ZN R     NAND2_X2       2  6.4    13    16      17    (-,-) 
  n_12             -       -      -     (net)          -    -     -     -       -    (-,-) 
  g19532__5115/ZN  -       A->ZN  R     XNOR2_X1       2  6.7    42    51      68    (-,-) 
  n_120            -       -      -     (net)          -    -     -     -       -    (-,-) 
  g19436__6260/ZN  -       A->ZN  R     XNOR2_X2       2  4.9    22    47     115    (-,-) 
  n_236            -       -      -     (net)          -    -     -     -       -    (-,-) 
  g19389__4319/ZN  -       A->ZN  R     XNOR2_X1       1  2.5    22    44     159    (-,-) 
  n_243            -       -      -     (net)          -    -     -     -       -    (-,-) 
  g19356__5477/ZN  -       A->ZN  R     XNOR2_X1       1  2.5    22    44     203    (-,-) 
  n_285            -       -      -     (net)          -    -     -     -       -    (-,-) 
  g19310__6417/ZN  -       A->ZN  R     XNOR2_X1       1  3.5    27    46     249    (-,-) 
  n_327            -       -      -     (net)          -    -     -     -       -    (-,-) 
  g19286__2883/S   -       A->S   R     HA_X1          1  3.5    30    60     309    (-,-) 
  n_375            -       -      -     (net)          -    -     -     -       -    (-,-) 
  g19255__3680/CO  -       A->CO  R     HA_X1          2  3.8    13    43     352    (-,-) 
  n_414            -       -      -     (net)          -    -     -     -       -    (-,-) 
  g19245__1881/ZN  -       A2->ZN F     NAND2_X1       1  1.8     8    15     367    (-,-) 
  n_416            -       -      -     (net)          -    -     -     -       -    (-,-) 
  g19242__2802/ZN  -       A1->ZN R     NAND2_X1       2  5.3    17    23     390    (-,-) 
  n_435            -       -      -     (net)          -    -     -     -       -    (-,-) 
  g19239__8428/ZN  -       B1->ZN F     OAI21_X2       2  4.2    12    18     407    (-,-) 
  n_443            -       -      -     (net)          -    -     -     -       -    (-,-) 
  g19233__5107/ZN  -       A1->ZN R     NAND2_X1       2  3.1    13    20     427    (-,-) 
  n_445            -       -      -     (net)          -    -     -     -       -    (-,-) 
  g19230__6417/ZN  -       B1->ZN F     OAI21_X1       2  4.2    17    20     447    (-,-) 
  n_447            -       -      -     (net)          -    -     -     -       -    (-,-) 
  g19228__7410/ZN  -       A->ZN  R     AOI21_X1       2  3.9    32    54     501    (-,-) 
  n_449            -       -      -     (net)          -    -     -     -       -    (-,-) 
  g19223__2883/ZN  -       A1->ZN F     NOR2_X1        2  4.0    11    16     518    (-,-) 
  n_452            -       -      -     (net)          -    -     -     -       -    (-,-) 
  g19222__9315/ZN  -       B1->ZN R     AOI21_X1       2  5.3    38    45     563    (-,-) 
  n_455            -       -      -     (net)          -    -     -     -       -    (-,-) 
  g19217__7482/ZN  -       B1->ZN F     AOI21_X2       2  4.3    15    21     584    (-,-) 
  n_458            -       -      -     (net)          -    -     -     -       -    (-,-) 
  g19213__6131/ZN  -       A1->ZN R     NAND3_X1       2  3.9    17    24     608    (-,-) 
  n_462            -       -      -     (net)          -    -     -     -       -    (-,-) 
  g19207__1705/ZN  -       C1->ZN F     AOI211_X1      1  1.8    12    18     626    (-,-) 
  n_464            -       -      -     (net)          -    -     -     -       -    (-,-) 
  g19204__6783/ZN  -       A1->ZN R     OAI22_X1       2  4.0    41    40     666    (-,-) 
  n_471            -       -      -     (net)          -    -     -     -       -    (-,-) 
  g19203__8428/ZN  -       A1->ZN R     OR2_X1         2  3.6    12    36     702    (-,-) 
  n_473            -       -      -     (net)          -    -     -     -       -    (-,-) 
  g19201__5107/ZN  -       A1->ZN F     NAND4_X1       2  3.6    26    31     734    (-,-) 
  n_479            -       -      -     (net)          -    -     -     -       -    (-,-) 
  g19198__5477/ZN  -       A1->ZN R     NAND3_X1       2  4.0    17    29     763    (-,-) 
  n_483            -       -      -     (net)          -    -     -     -       -    (-,-) 
  g19195__2346/ZN  -       A1->ZN F     NAND2_X1       3  6.0    14    25     788    (-,-) 
  n_488            -       -      -     (net)          -    -     -     -       -    (-,-) 
  g19187__4733/ZN  -       B1->ZN R     AOI21_X1       2  4.4    34    42     830    (-,-) 
  n_489            -       -      -     (net)          -    -     -     -       -    (-,-) 
  g19705/Z         -       A->Z   R     XOR2_X1        3  5.1    38    69     898    (-,-) 
  n_566            -       -      -     (net)          -    -     -     -       -    (-,-) 
  g19714/ZN        -       A1->ZN R     OR3_X2         3  5.5    10    34     932    (-,-) 
  n_575            -       -      -     (net)          -    -     -     -       -    (-,-) 
  g19169__4319/ZN  -       A1->ZN F     NAND2_X1       2  2.9     9    16     948    (-,-) 
  n_509            -       -      -     (net)          -    -     -     -       -    (-,-) 
  g19163__6417/ZN  -       A1->ZN F     AND2_X1        2  3.2     8    32     979    (-,-) 
  mul_ovf          -       -      -     (net)          -    -     -     -       -    (-,-) 
  g19161__1666/ZN  -       A1->ZN R     NOR2_X2        8 15.1    43    53    1032    (-,-) 
  n_554            -       -      -     (net)          -    -     -     -       -    (-,-) 
  g19150__6783/ZN  -       A->ZN  F     OAI21_X1       1  1.4    13    25    1056    (-,-) 
  n_548            -       -      -     (net)          -    -     -     -       -    (-,-) 
  result_reg[23]/D <<<     -      F     DFFR_X1        1    -     -     0    1056    (-,-) 
#------------------------------------------------------------------------------------------

Capture clock path:
#------------------------------------------------------------------------------------------
#   Timing Point    Flags   Arc   Edge   Cell     Fanout Load Trans Delay Arrival Instance 
#                                                        (fF)  (ps)  (ps)   (ps)  Location 
#------------------------------------------------------------------------------------------
  clk               (i)     -     R     (arrival)     25  0.0     0     0    1099    (-,-) 
  clk               -       -     -     (net)          -    -     -     -       -    (-,-) 
  clk               -       -     -     (net)          -    -     -     -       -    (-,-) 
  result_reg[23]/CK <<<     -     R     DFFR_X1       25    -     1     0    1099    (-,-) 
#------------------------------------------------------------------------------------------


