============================================================
  Generated by:           Genus(TM) Synthesis Solution 25.11-s095_1
  Generated on:           Jan 31 2026  10:51:50 pm
  Module:                 add_bf16
  Operating conditions:   PVT_1P2V_25C 
  Interconnect mode:      global
  Area mode:              physical library
============================================================


Path 1: MET (12 ps) Setup Check with Pin smaller_mantissa_l_reg[4]/CLK->D
           View: view_1p2_25
          Group: clock1
     Startpoint: (R) bf1_in[8]
          Clock: (R) clock1
       Endpoint: (F) smaller_mantissa_l_reg[4]/D
          Clock: (R) clock1

                     Capture       Launch     
        Clock Edge:+    1786            0     
        Drv Adjust:+       0            8     
       Src Latency:+       0            0     
       Net Latency:+       0 (I)        0 (I) 
           Arrival:=    1786            8     
                                              
             Setup:-     143                  
       Uncertainty:-       0                  
     Required Time:=    1642                  
      Launch Clock:-       8                  
       Input Delay:-       1                  
         Data Path:-    1621                  
             Slack:=      12                  

Exceptions/Constraints:
  input_delay              1              add_bf16.sdc_line_20_8_1   

#----------------------------------------------------------------------------------------------------
#        Timing Point         Flags   Arc   Edge   Cell     Fanout Load Trans Delay Arrival Instance 
#                                                                  (fF)  (ps)  (ps)   (ps)  Location 
#----------------------------------------------------------------------------------------------------
  bf1_in[8]                   -       -     R     (arrival)      6 25.2    19     0       9    (-,-) 
  bf1_in[8]                   -       -     -     (net)          -    -     -     -       -    (-,-) 
  g27062/X                    -       A->X  F     inv_1x         1 10.7    35    35      44    (-,-) 
  n_2                         -       -     -     (net)          -    -     -     -       -    (-,-) 
  g27032__6783/X              -       B0->X R     oai22_4x       3 11.2    73    56     100    (-,-) 
  n_56                        -       -     -     (net)          -    -     -     -       -    (-,-) 
  g26954__4319/X              -       A->X  F     aoi21_2x       2  9.2    53    48     147    (-,-) 
  n_93                        -       -     -     (net)          -    -     -     -       -    (-,-) 
  g26937__8246/X              -       A->X  R     oai21_2x       2  9.2    80    58     205    (-,-) 
  n_114                       -       -     -     (net)          -    -     -     -       -    (-,-) 
  g26927__6783/X              -       A->X  F     oai21_2x       3 10.9    74    52     258    (-,-) 
  n_124                       -       -     -     (net)          -    -     -     -       -    (-,-) 
  g26923__5107/X              -       A->X  R     nand2_2x       3 12.0    59    57     315    (-,-) 
  n_131                       -       -     -     (net)          -    -     -     -       -    (-,-) 
  g26916__9315/X              -       A->X  F     aoi21_2x       2  9.5    55    45     360    (-,-) 
  n_151                       -       -     -     (net)          -    -     -     -       -    (-,-) 
  g26900__3680/X              -       A->X  R     oai21_2x       2  9.3    80    59     419    (-,-) 
  n_154                       -       -     -     (net)          -    -     -     -       -    (-,-) 
  g26883/X                    -       A->X  R     buf_2x         2  6.9    26    59     478    (-,-) 
  n_157                       -       -     -     (net)          -    -     -     -       -    (-,-) 
  g26882/X                    -       A->X  F     inv_1x         1 11.0    36    38     516    (-,-) 
  n_158                       -       -     -     (net)          -    -     -     -       -    (-,-) 
  g26859__1666/X              -       A->X  R     oai21_4x       1 13.2    52    47     564    (-,-) 
  n_172                       -       -     -     (net)          -    -     -     -       -    (-,-) 
  g26831__7098/X              -       A->X  R     xnor2_4x      11 35.1   108   121     685    (-,-) 
  n_254                       -       -     -     (net)          -    -     -     -       -    (-,-) 
  g26827/X                    -       A->X  F     inv_2x         8 24.8    58    65     750    (-,-) 
  n_289                       -       -     -     (net)          -    -     -     -       -    (-,-) 
  g26819__2346/X              -       A->X  F     and2_2x        8 26.1    55    99     849    (-,-) 
  n_268                       -       -     -     (net)          -    -     -     -       -    (-,-) 
  g26784__3680/X              -       C->X  R     aoi21_1x       1  3.6    72    62     911    (-,-) 
  n_214                       -       -     -     (net)          -    -     -     -       -    (-,-) 
  g26771__5122/X              -       C->X  F     oai21_1x       2  6.8    69    68     979    (-,-) 
  n_271                       -       -     -     (net)          -    -     -     -       -    (-,-) 
  g26744__5115/X              -       B0->X R     aoi22_1x       1  3.6    68    68    1047    (-,-) 
  n_283                       -       -     -     (net)          -    -     -     -       -    (-,-) 
  g26733__5526/X              -       C->X  F     oai21_1x       1  3.6    49    54    1101    (-,-) 
  n_301                       -       -     -     (net)          -    -     -     -       -    (-,-) 
  g26724__6417/X              -       C->X  R     aoi21_1x       3  7.9   100    87    1188    (-,-) 
  n_354                       -       -     -     (net)          -    -     -     -       -    (-,-) 
  g26720/X                    -       A->X  F     inv_1x         1  3.5    36    35    1222    (-,-) 
  n_319                       -       -     -     (net)          -    -     -     -       -    (-,-) 
  g26697__6783/X              -       C->X  R     oai21_1x       1  3.4    60    34    1256    (-,-) 
  n_339                       -       -     -     (net)          -    -     -     -       -    (-,-) 
  g26692__6260/X              -       B->X  R     ao21_1x        1  3.7    28    65    1321    (-,-) 
  n_345                       -       -     -     (net)          -    -     -     -       -    (-,-) 
  g26691__2398/X              -       A->X  F     aoi21_1x       1  3.7    41    33    1354    (-,-) 
  n_347                       -       -     -     (net)          -    -     -     -       -    (-,-) 
  g26690__5477/X              -       A->X  F     oa21_2x       15 68.8   119   167    1521    (-,-) 
  n_371                       -       -     -     (net)          -    -     -     -       -    (-,-) 
  g26684__9945/X              -       S->X  F     mux2_1x        1  2.7    40   109    1630    (-,-) 
  n_362                       -       -     -     (net)          -    -     -     -       -    (-,-) 
  smaller_mantissa_l_reg[4]/D <<<     -     F     dffrq_1x       1    -     -     0    1630    (-,-) 
#----------------------------------------------------------------------------------------------------

Capture clock path:
#------------------------------------------------------------------------------------------------------
#         Timing Point          Flags   Arc   Edge   Cell     Fanout Load Trans Delay Arrival Instance 
#                                                                    (fF)  (ps)  (ps)   (ps)  Location 
#------------------------------------------------------------------------------------------------------
  clk                           (i)     -     R     (arrival)     30  0.0     1     0    1786    (-,-) 
  clk                           -       -     -     (net)          -    -     -     -       -    (-,-) 
  clk                           -       -     -     (net)          -    -     -     -       -    (-,-) 
  smaller_mantissa_l_reg[4]/CLK <<<     -     R     dffrq_1x      30    -     1     0    1786    (-,-) 
#------------------------------------------------------------------------------------------------------


