============================================================
  Generated by:           Genus(TM) Synthesis Solution 25.11-s095_1
  Generated on:           Mar 11 2026  03:31:47 am
  Module:                 sysarr_4_input_fp_adder
  Library domain:         timing_condition_tt_1p2v_25c
    Domain index:         0
    Technology library:   NangateOpenCellLibrary revision 1.0
  Operating conditions:   typical 
  Interconnect mode:      global
  Area mode:              physical library
============================================================

Timing
--------

Analysis view  Clock Period 
----------------------------
view_1p2_25   clock1 1282.0 


  Analysis    Cost   Critical        Violating 
    View     Group  Path Slack  TNS    Paths   
-----------------------------------------------
view_1p2_25  clock1       24.8  0.0          0 
            default   No paths  0.0          0 
-----------------------------------------------
Total                          -0.0          0 
                                               

Instance Count
--------------
Leaf Instance Count             1856 
Physical Instance count            0 
Sequential Instance Count        136 
Combinational Instance Count    1720 
Hierarchical Instance Count        0 

Area
----
Cell Area                          3028.942
Physical Cell Area                 0.000
Total Cell Area (Cell+Physical)    3028.942
Net Area                           2675.293
Total Area (Cell+Physical+Net)     5704.235

Power
-----
Leakage Power                      65805.726 nW
Dynamic Power                      6872089.569 nW
Total Power                        6937895.295 nW

Max Fanout                         136 (clk)
Min Fanout                         0 (nRST)
Average Fanout                     2.3
Terms to net ratio                 3.3124
Terms to instance ratio            3.7193
Runtime                            43.954074 seconds
Elapsed Runtime                    50 seconds
Genus peak memory usage            1663.71 
Innovus peak memory usage          no_value 
Hostname                           asicfab.ecn.purdue.edu
