============================================================
  Generated by:           Genus(TM) Synthesis Solution 25.11-s095_1
  Generated on:           Mar 11 2026  03:31:51 am
  Module:                 sysarr_4_input_fp_adder
  Operating conditions:   typical 
  Interconnect mode:      global
  Area mode:              physical library
============================================================


Path 1: MET (25 ps) Setup Check with Pin st1_sum_vec_reg[1]/CK->D
           View: view_1p2_25
          Group: clock1
     Startpoint: (F) add_d[24]
          Clock: (R) clock1
       Endpoint: (F) st1_sum_vec_reg[1]/D
          Clock: (R) clock1

                     Capture       Launch     
        Clock Edge:+    1282            0     
        Drv Adjust:+       0            0     
       Src Latency:+       0            0     
       Net Latency:+       0 (I)        0 (I) 
           Arrival:=    1282            0     
                                              
             Setup:-      39                  
       Uncertainty:-       0                  
     Required Time:=    1243                  
      Launch Clock:-       0                  
       Input Delay:-       1                  
         Data Path:-    1218                  
             Slack:=      25                  

Exceptions/Constraints:
  input_delay              1              sysarr_4_input_fp_ad_line_21_104_1   

#----------------------------------------------------------------------------------------------
#    Timing Point      Flags    Arc   Edge   Cell     Fanout Load Trans Delay Arrival Instance 
#                                                            (fF)  (ps)  (ps)   (ps)  Location 
#----------------------------------------------------------------------------------------------
  add_d[24]            -       -      F     (arrival)      6 13.4     0     0       1    (-,-) 
  add_d[24]            -       -      -     (net)          -    -     -     -       -    (-,-) 
  g68161/ZN            -       A->ZN  R     INV_X2         1  1.9     5     7       8    (-,-) 
  n_44                 -       -      -     (net)          -    -     -     -       -    (-,-) 
  g68144/ZN            -       A1->ZN F     NAND2_X1       1  3.3     9    14      22    (-,-) 
  n_56                 -       -      -     (net)          -    -     -     -       -    (-,-) 
  g68047/ZN            -       A2->ZN R     AOI22_X2       1  3.4    25    36      58    (-,-) 
  n_155                -       -      -     (net)          -    -     -     -       -    (-,-) 
  g68033__5115/ZN      -       B1->ZN F     OAI21_X2       1  5.9    13    21      79    (-,-) 
  n_168                -       -      -     (net)          -    -     -     -       -    (-,-) 
  g68026__8246/ZN      -       B1->ZN R     AOI21_X4       1  6.5    22    28     107    (-,-) 
  n_174                -       -      -     (net)          -    -     -     -       -    (-,-) 
  g68015__8428/ZN      -       C1->ZN F     OAI211_X4      1  6.0    19    23     130    (-,-) 
  n_183                -       -      -     (net)          -    -     -     -       -    (-,-) 
  g68012__4319/ZN      -       A1->ZN R     NAND2_X4      12 34.6    25    36     166    (-,-) 
  n_186                -       -      -     (net)          -    -     -     -       -    (-,-) 
  g68010/ZN            -       A->ZN  F     INV_X8        31 57.3    12    21     188    (-,-) 
  n_185                -       -      -     (net)          -    -     -     -       -    (-,-) 
  g67981__2346/ZN      -       A1->ZN R     AOI22_X2       4  6.8    33    41     229    (-,-) 
  n_200                -       -      -     (net)          -    -     -     -       -    (-,-) 
  g67875__6131/ZN      -       A2->ZN F     NAND2_X1       2  5.2    16    27     256    (-,-) 
  n_309                -       -      -     (net)          -    -     -     -       -    (-,-) 
  g67819__6161/ZN      -       A1->ZN R     NAND2_X1       2  5.4    18    27     283    (-,-) 
  n_358                -       -      -     (net)          -    -     -     -       -    (-,-) 
  g67797__6260/ZN      -       C2->ZN F     OAI211_X2      1  3.0    14    25     307    (-,-) 
  n_377                -       -      -     (net)          -    -     -     -       -    (-,-) 
  g67796__5107/ZN      -       B1->ZN R     AOI21_X2       1  3.4    21    28     336    (-,-) 
  n_378                -       -      -     (net)          -    -     -     -       -    (-,-) 
  g67795__2398/ZN      -       B1->ZN F     OAI21_X2       1  3.2    10    17     353    (-,-) 
  n_379                -       -      -     (net)          -    -     -     -       -    (-,-) 
  g67794__5477/ZN      -       A1->ZN R     NAND2_X2       2  5.4    12    18     370    (-,-) 
  n_380                -       -      -     (net)          -    -     -     -       -    (-,-) 
  g67793/ZN            -       A->ZN  F     INV_X2         3  6.3     6    11     381    (-,-) 
  n_381                -       -      -     (net)          -    -     -     -       -    (-,-) 
  g67787__2346/ZN      -       B1->ZN R     OAI21_X2       4 12.5    39    49     430    (-,-) 
  n_389                -       -      -     (net)          -    -     -     -       -    (-,-) 
  g67680__7098/ZN      -       A1->ZN F     NAND2_X1       1  3.2    16    24     453    (-,-) 
  n_398                -       -      -     (net)          -    -     -     -       -    (-,-) 
  g67667__5107/ZN      -       A->ZN  R     OAI21_X2       4  6.6    26    27     481    (-,-) 
  n_426                -       -      -     (net)          -    -     -     -       -    (-,-) 
  g67526__4319/ZN      -       A1->ZN F     NAND2_X1       1  3.4    13    21     502    (-,-) 
  n_543                -       -      -     (net)          -    -     -     -       -    (-,-) 
  g67519__7410/ZN      -       A2->ZN R     NAND2_X2       7 13.7    21    31     533    (-,-) 
  n_557                -       -      -     (net)          -    -     -     -       -    (-,-) 
  g67434/ZN            -       A->ZN  F     INV_X1         2  3.5     8    13     546    (-,-) 
  n_631                -       -      -     (net)          -    -     -     -       -    (-,-) 
  g67347__7410/ZN      -       A1->ZN R     OAI22_X1       2  4.4    43    41     587    (-,-) 
  n_725                -       -      -     (net)          -    -     -     -       -    (-,-) 
  g67287__1705/ZN      -       A1->ZN F     AOI22_X1       1  3.0    19    25     612    (-,-) 
  n_774                -       -      -     (net)          -    -     -     -       -    (-,-) 
  g67189__2802/CO      -       CI->CO F     FA_X1          1  3.0    15    74     686    (-,-) 
  n_874                -       -      -     (net)          -    -     -     -       -    (-,-) 
  g67179__5107/S       -       CI->S  R     FA_X1          3  5.7    20   122     808    (-,-) 
  n_890                -       -      -     (net)          -    -     -     -       -    (-,-) 
  g67172__1666/ZN      -       A1->ZN F     NOR2_X1        1  1.9     8    11     819    (-,-) 
  n_896                -       -      -     (net)          -    -     -     -       -    (-,-) 
  g67162__7482/ZN      -       A1->ZN F     AND2_X2       13 21.0    14    40     859    (-,-) 
  n_907                -       -      -     (net)          -    -     -     -       -    (-,-) 
  g67153__5122/ZN      -       A1->ZN R     NAND2_X1       5  9.1    28    35     894    (-,-) 
  n_919                -       -      -     (net)          -    -     -     -       -    (-,-) 
  g67148/ZN            -       A->ZN  F     INV_X1         4  6.6    12    20     914    (-,-) 
  n_918                -       -      -     (net)          -    -     -     -       -    (-,-) 
  g67081__8428/ZN      -       C1->ZN R     AOI222_X1      1  2.0    49    88    1002    (-,-) 
  n_988                -       -      -     (net)          -    -     -     -       -    (-,-) 
  g67040__1666/ZN      -       A->ZN  F     OAI21_X1       1  2.5    14    29    1031    (-,-) 
  n_1021               -       -      -     (net)          -    -     -     -       -    (-,-) 
  g66957__5122/Z       -       A->Z   F     XOR2_X1        1  3.7    21    56    1087    (-,-) 
  n_1100               -       -      -     (net)          -    -     -     -       -    (-,-) 
  g66705__1617/S       -       B->S   R     FA_X1          1  2.0    12   124    1211    (-,-) 
  n_1294               -       -      -     (net)          -    -     -     -       -    (-,-) 
  g66703/ZN            -       A->ZN  F     INV_X1         1  1.4     4     7    1218    (-,-) 
  n_1296               -       -      -     (net)          -    -     -     -       -    (-,-) 
  st1_sum_vec_reg[1]/D <<<     -      F     DFFR_X1        1    -     -     0    1218    (-,-) 
#----------------------------------------------------------------------------------------------

Capture clock path:
#----------------------------------------------------------------------------------------------
#     Timing Point      Flags   Arc   Edge   Cell     Fanout Load Trans Delay Arrival Instance 
#                                                            (fF)  (ps)  (ps)   (ps)  Location 
#----------------------------------------------------------------------------------------------
  clk                   (i)     -     R     (arrival)    136  0.0     0     0    1282    (-,-) 
  clk                   -       -     -     (net)          -    -     -     -       -    (-,-) 
  clk                   -       -     -     (net)          -    -     -     -       -    (-,-) 
  st1_sum_vec_reg[1]/CK <<<     -     R     DFFR_X1      136    -     1     0    1282    (-,-) 
#----------------------------------------------------------------------------------------------


