============================================================
  Generated by:           Genus(TM) Synthesis Solution 25.11-s095_1
  Generated on:           Mar 10 2026  03:43:55 pm
  Operating conditions:   typical 
  Interconnect mode:      global
  Area mode:              physical library
============================================================

                               Leakage    Internal                         Library 
   Gate    Instances   Area  Power (nW)  Power (nW)         Library         Domain 
-----------------------------------------------------------------------------------
AND2_X1           22  23.408    573.928   10483.799 NangateOpenCellLibrary       0 
AND3_X1            1   1.330     27.811     464.850 NangateOpenCellLibrary       0 
AND4_X1            1   1.596     26.041     608.666 NangateOpenCellLibrary       0 
AOI21_X1          24  25.536    666.711   14817.554 NangateOpenCellLibrary       0 
AOI22_X1          13  17.290    380.676   11098.758 NangateOpenCellLibrary       0 
DFFR_X1           25 133.000   2203.838  197087.759 NangateOpenCellLibrary       0 
FA_X1              7  29.792    528.422   20864.457 NangateOpenCellLibrary       0 
HA_X1             13  34.580    752.049   16969.367 NangateOpenCellLibrary       0 
INV_X1            91  48.412   1346.241   22702.997 NangateOpenCellLibrary       0 
INV_X2             2   1.596     51.349    1847.140 NangateOpenCellLibrary       0 
NAND2_X1         100  79.800   1940.392   25983.965 NangateOpenCellLibrary       0 
NAND2_X2           5   6.650    173.933    1965.600 NangateOpenCellLibrary       0 
NAND3_X1           6   6.384     56.190     766.527 NangateOpenCellLibrary       0 
NAND4_X1           5   6.650     81.749     893.315 NangateOpenCellLibrary       0 
NOR2_X1           39  31.122    840.958   11524.357 NangateOpenCellLibrary       0 
NOR2_X2            2   2.660     85.010    2028.196 NangateOpenCellLibrary       0 
NOR3_X1            4   4.256    101.875    1039.551 NangateOpenCellLibrary       0 
NOR3_X2            1   1.862     58.278     483.958 NangateOpenCellLibrary       0 
NOR4_X1            6   7.980    195.609     929.730 NangateOpenCellLibrary       0 
OAI211_X1          2   2.660     70.930    1394.347 NangateOpenCellLibrary       0 
OAI21_X1          31  32.984    934.775   18689.654 NangateOpenCellLibrary       0 
OAI22_X1          11  14.630    421.750   11563.530 NangateOpenCellLibrary       0 
OR2_X1            14  14.896    323.533    7378.606 NangateOpenCellLibrary       0 
OR2_X2             2   2.660     91.554    2311.012 NangateOpenCellLibrary       0 
OR3_X1             1   1.330     24.074     150.598 NangateOpenCellLibrary       0 
OR4_X1             1   1.596     27.794     278.027 NangateOpenCellLibrary       0 
XNOR2_X1          39  62.244   1412.683   40654.550 NangateOpenCellLibrary       0 
XNOR2_X2           1   2.660     75.553    1025.777 NangateOpenCellLibrary       0 
XOR2_X1           19  30.324    689.319   22736.851 NangateOpenCellLibrary       0 
-----------------------------------------------------------------------------------
total            488 629.888  14163.024  448743.500                                
                                          Leakage  Leakage  Internal  Internal 
     Type      Instances   Area  Area % Power (nW) Power % Power (nW)  Power % 
-------------------------------------------------------------------------------
sequential            25 133.000   21.1   2203.838    15.6 197087.759     43.9 
inverter              93  50.008    7.9   1397.590     9.9  24550.138      5.5 
logic                370 446.880   70.9  10561.596    74.6 227105.603     50.6 
physical_cells         0   0.000    0.0      0.000     0.0      0.000      0.0 
-------------------------------------------------------------------------------
total                488 629.888  100.0  14163.024   100.0 448743.500    100.0 
