============================================================
  Generated by:           Genus(TM) Synthesis Solution 25.11-s095_1
  Generated on:           Mar 10 2026  09:48:18 pm
  Operating conditions:   typical 
  Interconnect mode:      global
  Area mode:              physical library
============================================================

                               Leakage    Internal                         Library 
   Gate    Instances   Area  Power (nW)  Power (nW)         Library         Domain 
-----------------------------------------------------------------------------------
AND2_X1           25  26.600    620.943   15261.194 NangateOpenCellLibrary       0 
AND2_X2            9  11.970    470.365   12339.645 NangateOpenCellLibrary       0 
AND2_X4            2   4.788    201.330    6869.133 NangateOpenCellLibrary       0 
AND3_X1            5   6.650    134.230    1674.167 NangateOpenCellLibrary       0 
AND4_X1            4   6.384    107.740     765.197 NangateOpenCellLibrary       0 
AOI211_X1          2   2.660     76.010     174.838 NangateOpenCellLibrary       0 
AOI21_X1          24  25.536    659.717   21223.925 NangateOpenCellLibrary       0 
AOI21_X2           7  13.034    348.821   16570.618 NangateOpenCellLibrary       0 
AOI21_X4           2   6.916    269.755    4277.579 NangateOpenCellLibrary       0 
AOI221_X1          2   3.192     74.727     835.882 NangateOpenCellLibrary       0 
AOI222_X1          6  12.768    242.174    9353.437 NangateOpenCellLibrary       0 
AOI22_X1          24  31.920    722.493   20952.535 NangateOpenCellLibrary       0 
AOI22_X2           1   2.394     31.766     788.537 NangateOpenCellLibrary       0 
BUF_X1             2   1.596     44.504    1923.816 NangateOpenCellLibrary       0 
CLKBUF_X1          2   1.596     22.427     978.853 NangateOpenCellLibrary       0 
DFFR_X1           11  58.520    970.752   50008.674 NangateOpenCellLibrary       0 
FA_X1              1   4.256     62.897    4475.043 NangateOpenCellLibrary       0 
HA_X1              6  15.960    363.634   15513.687 NangateOpenCellLibrary       0 
INV_X1           137  72.884   2004.054   48220.498 NangateOpenCellLibrary       0 
INV_X2            12   9.576    341.980    9653.330 NangateOpenCellLibrary       0 
INV_X4             2   2.660    130.993    1680.346 NangateOpenCellLibrary       0 
MUX2_X1           31  57.722   1123.507   35014.392 NangateOpenCellLibrary       0 
NAND2_X1         116  92.568   2327.817   54206.548 NangateOpenCellLibrary       0 
NAND2_X2          14  18.620    555.246   15940.972 NangateOpenCellLibrary       0 
NAND2_X4           6  14.364    521.481   12330.887 NangateOpenCellLibrary       0 
NAND3_X1          18  19.152    484.925   11934.580 NangateOpenCellLibrary       0 
NAND3_X2           2   3.724     54.550    1584.077 NangateOpenCellLibrary       0 
NAND4_X1          10  13.300    294.663    4987.362 NangateOpenCellLibrary       0 
NOR2_X1           37  29.526    767.646   18428.649 NangateOpenCellLibrary       0 
NOR2_X2            3   3.990    122.893    3500.677 NangateOpenCellLibrary       0 
NOR2_X4            2   4.788    159.216    5061.305 NangateOpenCellLibrary       0 
NOR3_X1            2   2.128     56.922     851.033 NangateOpenCellLibrary       0 
NOR4_X1            6   7.980    210.746     833.949 NangateOpenCellLibrary       0 
OAI211_X1          8  10.640    228.488    7412.628 NangateOpenCellLibrary       0 
OAI21_X1          22  23.408    599.054   16953.355 NangateOpenCellLibrary       0 
OAI21_X2           7  13.034    422.405   14985.454 NangateOpenCellLibrary       0 
OAI21_X4           2   6.916    186.847    7767.225 NangateOpenCellLibrary       0 
OAI221_X1          1   1.596     23.725     841.360 NangateOpenCellLibrary       0 
OAI222_X1          1   2.128     77.774     411.615 NangateOpenCellLibrary       0 
OAI22_X1          12  15.960    456.668    9961.630 NangateOpenCellLibrary       0 
OR2_X1             4   4.256     91.784    2241.443 NangateOpenCellLibrary       0 
OR3_X1             2   2.660     48.402     691.386 NangateOpenCellLibrary       0 
OR4_X1             2   3.192     55.089     407.688 NangateOpenCellLibrary       0 
SDFFR_X1          22 146.300   2386.282  115964.600 NangateOpenCellLibrary       0 
XNOR2_X1          18  28.728    637.871   34484.941 NangateOpenCellLibrary       0 
XNOR2_X2           4  10.640    271.277   15143.864 NangateOpenCellLibrary       0 
XOR2_X1            7  11.172    252.257   12053.864 NangateOpenCellLibrary       0 
-----------------------------------------------------------------------------------
total            645 870.352  20318.848  647536.420                                
                                          Leakage  Leakage  Internal  Internal 
     Type      Instances   Area  Area % Power (nW) Power % Power (nW)  Power % 
-------------------------------------------------------------------------------
sequential            33 204.820   23.5   3357.034    16.5 165973.274     25.6 
inverter             151  85.120    9.8   2477.027    12.2  59554.174      9.2 
buffer                 4   3.192    0.4     66.931     0.3   2902.670      0.4 
logic                457 577.220   66.3  14417.856    71.0 419106.303     64.7 
physical_cells         0   0.000    0.0      0.000     0.0      0.000      0.0 
-------------------------------------------------------------------------------
total                645 870.352  100.0  20318.848   100.0 647536.420    100.0 
