============================================================
  Generated by:           Genus(TM) Synthesis Solution 25.11-s095_1
  Generated on:           Mar 10 2026  03:25:10 pm
  Module:                 mul_bf
  Library domain:         timing_condition_tt_1p2v_25c
    Domain index:         0
    Technology library:   NangateOpenCellLibrary revision 1.0
  Operating conditions:   typical 
  Interconnect mode:      global
  Area mode:              physical library
============================================================

Timing
--------

Analysis view  Clock Period 
----------------------------
view_1p2_25   clock1 1429.0 


  Analysis    Cost   Critical        Violating 
    View     Group  Path Slack  TNS    Paths   
-----------------------------------------------
view_1p2_25  clock1      195.1  0.0          0 
            default   No paths  0.0          0 
-----------------------------------------------
Total                          -0.0          0 
                                               

Instance Count
--------------
Leaf Instance Count             778 
Physical Instance count           0 
Sequential Instance Count        25 
Combinational Instance Count    753 
Hierarchical Instance Count       0 

Area
----
Cell Area                          1338.247
Physical Cell Area                 0.000
Total Cell Area (Cell+Physical)    1338.247
Net Area                           21.866
Total Area (Cell+Physical+Net)     1360.113

Power
-----
Leakage Power                      11366.932 nW
Dynamic Power                      254118.786 nW
Total Power                        265485.718 nW

Max Fanout                         25 (clk)
Min Fanout                         0 (nRST)
Average Fanout                     1.9
Terms to net ratio                 2.9927
Terms to instance ratio            3.1581
Runtime                            43.983586 seconds
Elapsed Runtime                    50 seconds
Genus peak memory usage            1720.84 
Innovus peak memory usage          no_value 
Hostname                           asicfab.ecn.purdue.edu
