============================================================
  Generated by:           Genus(TM) Synthesis Solution 25.11-s095_1
  Generated on:           Mar 11 2026  03:13:13 am
  Module:                 sysarr_4_input_fp_adder
  Operating conditions:   typical 
  Interconnect mode:      global
  Area mode:              physical library
============================================================

Timing
--------

Analysis view  Clock Period 
----------------------------
view_1p2_25   clock1 1250.0 


  Analysis    Cost   Critical        Violating 
    View     Group  Path Slack  TNS    Paths   
-----------------------------------------------
view_1p2_25  clock1        0.1  0.0          0 
            default   No paths  0.0          0 
-----------------------------------------------
Total                          -0.0          0 
                                               

Instance Count
--------------
Leaf Instance Count             1839 
Physical Instance count            0 
Sequential Instance Count        136 
Combinational Instance Count    1703 
Hierarchical Instance Count        0 

Area
----
Cell Area                          3020.696
Physical Cell Area                 0.000
Total Cell Area (Cell+Physical)    3020.696
Net Area                           2683.932
Total Area (Cell+Physical+Net)     5704.628

Power
-----
Leakage Power                      65436.970 nW
Dynamic Power                      7137288.119 nW
Total Power                        7202725.090 nW

Max Fanout                         136 (clk)
Min Fanout                         0 (st1_carry_vec[24])
Average Fanout                     2.3
Terms to net ratio                 3.3145
Terms to instance ratio            3.7651
Runtime                            44.958523 seconds
Elapsed Runtime                    50 seconds
Genus peak memory usage            1701.07 
Innovus peak memory usage          no_value 
Hostname                           asicfab.ecn.purdue.edu
