============================================================
  Generated by:           Genus(TM) Synthesis Solution 25.11-s095_1
  Generated on:           Mar 11 2026  06:32:03 am
  Module:                 sysarr_4_input_fp_adder
  Library domain:         timing_condition_tt_1p2v_25c
    Domain index:         0
    Technology library:   NangateOpenCellLibrary revision 1.0
  Operating conditions:   typical 
  Interconnect mode:      global
  Area mode:              physical library
============================================================

Timing
--------

Analysis view  Clock Period 
----------------------------
view_1p2_25   clock1 1613.0 


  Analysis    Cost   Critical        Violating 
    View     Group  Path Slack  TNS    Paths   
-----------------------------------------------
view_1p2_25  clock1       37.5  0.0          0 
            default   No paths  0.0          0 
-----------------------------------------------
Total                          -0.0          0 
                                               

Instance Count
--------------
Leaf Instance Count             1770 
Physical Instance count            0 
Sequential Instance Count        136 
Combinational Instance Count    1634 
Hierarchical Instance Count        0 

Area
----
Cell Area                          2924.138
Physical Cell Area                 0.000
Total Cell Area (Cell+Physical)    2924.138
Net Area                           2606.080
Total Area (Cell+Physical+Net)     5530.218

Power
-----
Leakage Power                      62714.103 nW
Dynamic Power                      5317779.755 nW
Total Power                        5380493.858 nW

Max Fanout                         136 (clk)
Min Fanout                         0 (nRST)
Average Fanout                     2.3
Terms to net ratio                 3.3740
Terms to instance ratio            3.8124
Runtime                            41.9522 seconds
Elapsed Runtime                    47 seconds
Genus peak memory usage            1667.61 
Innovus peak memory usage          no_value 
Hostname                           asicfab.ecn.purdue.edu
