============================================================
  Generated by:           Genus(TM) Synthesis Solution 25.11-s095_1
  Generated on:           Mar 11 2026  06:44:09 am
  Module:                 sysarr_4_input_fp_adder
  Operating conditions:   typical 
  Interconnect mode:      global
  Area mode:              physical library
============================================================


Path 1: MET (22 ps) Setup Check with Pin st1_sum_vec_reg[7]/CK->D
           View: view_1p2_25
          Group: clock1
     Startpoint: (R) add_a[24]
          Clock: (R) clock1
       Endpoint: (F) st1_sum_vec_reg[7]/D
          Clock: (R) clock1

                     Capture       Launch     
        Clock Edge:+    1351            0     
        Drv Adjust:+       0            0     
       Src Latency:+       0            0     
       Net Latency:+       0 (I)        0 (I) 
           Arrival:=    1351            0     
                                              
             Setup:-      39                  
       Uncertainty:-       0                  
     Required Time:=    1313                  
      Launch Clock:-       0                  
       Input Delay:-       1                  
         Data Path:-    1290                  
             Slack:=      22                  

Exceptions/Constraints:
  input_delay              1              sysarr_4_input_fp_ad_line_21_8_1   

#----------------------------------------------------------------------------------------------
#    Timing Point      Flags    Arc   Edge   Cell     Fanout Load Trans Delay Arrival Instance 
#                                                            (fF)  (ps)  (ps)   (ps)  Location 
#----------------------------------------------------------------------------------------------
  add_a[24]            -       -      R     (arrival)      5 11.9     0     0       1    (-,-) 
  add_a[24]            -       -      -     (net)          -    -     -     -       -    (-,-) 
  g71203/ZN            -       A->ZN  F     INV_X2         2  8.0     5     8       9    (-,-) 
  n_24                 -       -      -     (net)          -    -     -     -       -    (-,-) 
  g71113/ZN            -       B1->ZN R     AOI22_X4       1  6.7    25    40      48    (-,-) 
  n_114                -       -      -     (net)          -    -     -     -       -    (-,-) 
  g71059/ZN            -       B1->ZN F     OAI21_X4       1  5.9    10    17      66    (-,-) 
  n_163                -       -      -     (net)          -    -     -     -       -    (-,-) 
  g71042/ZN            -       B1->ZN R     AOI21_X4       1  6.7    22    27      92    (-,-) 
  n_182                -       -      -     (net)          -    -     -     -       -    (-,-) 
  g71035/ZN            -       B1->ZN F     OAI21_X4       1  5.9    11    17     109    (-,-) 
  n_189                -       -      -     (net)          -    -     -     -       -    (-,-) 
  g71030/ZN            -       B1->ZN R     AOI21_X4       1  6.7    22    27     136    (-,-) 
  n_192                -       -      -     (net)          -    -     -     -       -    (-,-) 
  g71023/ZN            -       B1->ZN F     OAI21_X4       1  6.0    12    17     153    (-,-) 
  n_198                -       -      -     (net)          -    -     -     -       -    (-,-) 
  g71020/ZN            -       A1->ZN R     NAND2_X4       3 11.7    12    19     172    (-,-) 
  n_200                -       -      -     (net)          -    -     -     -       -    (-,-) 
  g71018/ZN            -       A->ZN  F     INV_X4         3  7.8     5     9     181    (-,-) 
  n_7                  -       -      -     (net)          -    -     -     -       -    (-,-) 
  g70991/ZN            -       A1->ZN R     NAND2_X1       1  3.5    13    17     198    (-,-) 
  n_202                -       -      -     (net)          -    -     -     -       -    (-,-) 
  g70981/ZN            -       A->ZN  F     OAI21_X2       3  8.7    14    25     223    (-,-) 
  n_214                -       -      -     (net)          -    -     -     -       -    (-,-) 
  g70923__6260/ZN      -       B1->ZN R     AOI21_X4       2  6.9    22    28     252    (-,-) 
  n_246                -       -      -     (net)          -    -     -     -       -    (-,-) 
  g70914/ZN            -       A->ZN  F     INV_X2         2  4.9     8    11     263    (-,-) 
  n_247                -       -      -     (net)          -    -     -     -       -    (-,-) 
  g70891__5526/ZN      -       A1->ZN R     NAND2_X2       2  9.3    16    21     284    (-,-) 
  n_280                -       -      -     (net)          -    -     -     -       -    (-,-) 
  g70862__5122/ZN      -       A3->ZN F     NAND3_X4      12 21.0    20    33     317    (-,-) 
  n_307                -       -      -     (net)          -    -     -     -       -    (-,-) 
  g70857__1617/ZN      -       A1->ZN R     NAND2_X1       2  3.8    14    25     342    (-,-) 
  n_311                -       -      -     (net)          -    -     -     -       -    (-,-) 
  g70856/ZN            -       A->ZN  F     INV_X1         1  1.7     5     8     351    (-,-) 
  n_312                -       -      -     (net)          -    -     -     -       -    (-,-) 
  g70851__4319/ZN      -       B1->ZN R     AOI21_X1       2  3.1    28    32     382    (-,-) 
  n_317                -       -      -     (net)          -    -     -     -       -    (-,-) 
  g70850__6260/ZN      -       B1->ZN F     OAI21_X1       2  2.9    14    22     404    (-,-) 
  n_318                -       -      -     (net)          -    -     -     -       -    (-,-) 
  g70849__5107/ZN      -       B1->ZN R     OAI21_X1       2  3.7    28    39     443    (-,-) 
  n_319                -       -      -     (net)          -    -     -     -       -    (-,-) 
  g70848__2398/ZN      -       B1->ZN F     OAI21_X1       1  1.8    12    18     461    (-,-) 
  n_320                -       -      -     (net)          -    -     -     -       -    (-,-) 
  g70847__5477/ZN      -       A1->ZN R     NAND2_X1       3  9.8    28    36     496    (-,-) 
  n_321                -       -      -     (net)          -    -     -     -       -    (-,-) 
  g70846__6417/ZN      -       A1->ZN F     NAND2_X4      12 26.2    18    30     526    (-,-) 
  n_323                -       -      -     (net)          -    -     -     -       -    (-,-) 
  g70845/ZN            -       A->ZN  R     INV_X2         4  7.5    12    22     549    (-,-) 
  n_13                 -       -      -     (net)          -    -     -     -       -    (-,-) 
  g70791__6161/ZN      -       A1->ZN F     NOR2_X1        2  3.5     8    12     561    (-,-) 
  n_339                -       -      -     (net)          -    -     -     -       -    (-,-) 
  g70750__1881/ZN      -       A->ZN  R     AOI21_X1       1  1.2    19    36     597    (-,-) 
  n_355                -       -      -     (net)          -    -     -     -       -    (-,-) 
  g70712__9315/ZN      -       A1->ZN R     AND2_X1        2  6.6    19    47     644    (-,-) 
  n_441                -       -      -     (net)          -    -     -     -       -    (-,-) 
  g70262__9945/ZN      -       B2->ZN F     AOI21_X1       2  5.8    20    26     670    (-,-) 
  n_861                -       -      -     (net)          -    -     -     -       -    (-,-) 
  g70246/ZN            -       A->ZN  R     INV_X1         1  2.0    10    18     689    (-,-) 
  n_862                -       -      -     (net)          -    -     -     -       -    (-,-) 
  g70191__2346/ZN      -       A1->ZN F     AOI22_X1       1  3.0    15    17     706    (-,-) 
  n_916                -       -      -     (net)          -    -     -     -       -    (-,-) 
  g70037__2802/CO      -       CI->CO F     FA_X1          2  4.1    17    75     781    (-,-) 
  n_1068               -       -      -     (net)          -    -     -     -       -    (-,-) 
  g70023__2398/ZN      -       B1->ZN R     AOI21_X1       1  2.0    23    31     812    (-,-) 
  n_1079               -       -      -     (net)          -    -     -     -       -    (-,-) 
  g70010__7482/ZN      -       A1->ZN F     NOR2_X1        1  1.7     8    10     822    (-,-) 
  n_1096               -       -      -     (net)          -    -     -     -       -    (-,-) 
  g70003__5122/ZN      -       A1->ZN R     NOR2_X1        3  5.6    34    43     865    (-,-) 
  n_1106               -       -      -     (net)          -    -     -     -       -    (-,-) 
  g69995__8428/ZN      -       A1->ZN F     NAND3_X1       4  6.5    25    41     906    (-,-) 
  n_1120               -       -      -     (net)          -    -     -     -       -    (-,-) 
  g69992/ZN            -       A->ZN  R     INV_X1         3  5.5    17    30     936    (-,-) 
  n_1119               -       -      -     (net)          -    -     -     -       -    (-,-) 
  g69981__1666/ZN      -       A1->ZN F     NAND2_X1       2  3.4    16    19     955    (-,-) 
  n_1138               -       -      -     (net)          -    -     -     -       -    (-,-) 
  g69973/ZN            -       A->ZN  R     INV_X1         2  3.7    12    21     976    (-,-) 
  n_1139               -       -      -     (net)          -    -     -     -       -    (-,-) 
  g69926__6783/ZN      -       B1->ZN F     AOI22_X1       1  1.8    14    20     996    (-,-) 
  n_1185               -       -      -     (net)          -    -     -     -       -    (-,-) 
  g69872__1705/ZN      -       A->ZN  R     OAI221_X1      1  2.5    39    26    1022    (-,-) 
  n_1240               -       -      -     (net)          -    -     -     -       -    (-,-) 
  g69830__6417/ZN      -       A->ZN  R     XNOR2_X1       1  3.1    27    50    1072    (-,-) 
  n_1287               -       -      -     (net)          -    -     -     -       -    (-,-) 
  g69799__7410/S       -       CI->S  F     FA_X1          1  3.0    16    98    1170    (-,-) 
  n_1328               -       -      -     (net)          -    -     -     -       -    (-,-) 
  g69674__5107/S       -       CI->S  R     FA_X1          1  2.0    12   113    1284    (-,-) 
  n_1405               -       -      -     (net)          -    -     -     -       -    (-,-) 
  g69666/ZN            -       A->ZN  F     INV_X1         1  1.4     4     7    1291    (-,-) 
  n_1417               -       -      -     (net)          -    -     -     -       -    (-,-) 
  st1_sum_vec_reg[7]/D <<<     -      F     DFFR_X1        1    -     -     0    1291    (-,-) 
#----------------------------------------------------------------------------------------------

Capture clock path:
#----------------------------------------------------------------------------------------------
#     Timing Point      Flags   Arc   Edge   Cell     Fanout Load Trans Delay Arrival Instance 
#                                                            (fF)  (ps)  (ps)   (ps)  Location 
#----------------------------------------------------------------------------------------------
  clk                   (i)     -     R     (arrival)    136  0.0     0     0    1351    (-,-) 
  clk                   -       -     -     (net)          -    -     -     -       -    (-,-) 
  clk                   -       -     -     (net)          -    -     -     -       -    (-,-) 
  st1_sum_vec_reg[7]/CK <<<     -     R     DFFR_X1      136    -     1     0    1351    (-,-) 
#----------------------------------------------------------------------------------------------


