============================================================
  Generated by:           Genus(TM) Synthesis Solution 25.11-s095_1
  Generated on:           May 23 2026  01:30:13 pm
  Module:                 sysarr_32_input_fp_adder
  Operating conditions:   typical 
  Interconnect mode:      global
  Area mode:              physical library
============================================================


Path 1: MET (0 ps) Setup Check with Pin aligner_inst_aligned_mant_out_reg[22][24]/CK->D
           View: view_1p2_25
          Group: clock1
     Startpoint: (R) aligner_inst_max_l4_n0_r_reg[1]/CK
          Clock: (R) clock1
       Endpoint: (F) aligner_inst_aligned_mant_out_reg[22][24]/D
          Clock: (R) clock1

                     Capture       Launch     
        Clock Edge:+    1000            0     
       Src Latency:+       0            0     
       Net Latency:+       0 (I)        0 (I) 
           Arrival:=    1000            0     
                                              
             Setup:-      43                  
       Uncertainty:-       0                  
     Required Time:=     957                  
      Launch Clock:-       0                  
         Data Path:-     957                  
             Slack:=       0                  

Launch clock path:
#-----------------------------------------------------------------------------------------------------------
#           Timing Point             Flags   Arc   Edge   Cell     Fanout Load Trans Delay Arrival Instance 
#                                                                         (fF)  (ps)  (ps)   (ps)  Location 
#-----------------------------------------------------------------------------------------------------------
  clk                                (i)     -     R     (arrival)   2503  0.0     0     0       0    (-,-) 
  clk                                -       -     -     (net)          -    -     -     -       -    (-,-) 
  clk                                -       -     -     (net)          -    -     -     -       -    (-,-) 
  aligner_inst_max_l4_n0_r_reg[1]/CK <<<     -     R     DFFR_X1     2503    -     1     0       0    (-,-) 
#-----------------------------------------------------------------------------------------------------------

#---------------------------------------------------------------------------------------------------------------------
#                Timing Point                 Flags    Arc   Edge   Cell     Fanout Load Trans Delay Arrival Instance 
#                                                                                   (fF)  (ps)  (ps)   (ps)  Location 
#---------------------------------------------------------------------------------------------------------------------
  aligner_inst_max_l4_n0_r_reg[1]/CK          -       -      R     (arrival)   2503    -     1     0       0    (-,-) 
  aligner_inst_max_l4_n0_r_reg[1]/QN          -       CK->QN R     DFFR_X1        2 10.1    28    88      88    (-,-) 
  n_11248                                     -       -      -     (net)          -    -     -     -       -    (-,-) 
  g439646/ZN                                  -       A->ZN  F     INV_X4         2 11.9     9    13     101    (-,-) 
  n_2441                                      -       -      -     (net)          -    -     -     -       -    (-,-) 
  g439645/ZN                                  -       A->ZN  R     INV_X4         7 24.0    16    24     125    (-,-) 
  n_2449                                      -       -      -     (net)          -    -     -     -       -    (-,-) 
  g439644/ZN                                  -       A->ZN  F     INV_X2         4  6.8     7    12     138    (-,-) 
  n_2443                                      -       -      -     (net)          -    -     -     -       -    (-,-) 
  g439219/ZN                                  -       A1->ZN R     NAND2_X1       1  3.8    14    19     156    (-,-) 
  n_2532                                      -       -      -     (net)          -    -     -     -       -    (-,-) 
  g438880/ZN                                  -       A2->ZN F     NAND2_X2       4  9.0    12    21     178    (-,-) 
  n_2926                                      -       -      -     (net)          -    -     -     -       -    (-,-) 
  g438529/ZN                                  -       A1->ZN R     NAND2_X2       1  6.3    13    20     197    (-,-) 
  n_3213                                      -       -      -     (net)          -    -     -     -       -    (-,-) 
  g438344/ZN                                  -       A1->ZN F     NAND2_X4       3  9.4     8    15     213    (-,-) 
  n_3441                                      -       -      -     (net)          -    -     -     -       -    (-,-) 
  g437877/ZN                                  -       B1->ZN R     OAI21_X4       2  5.4    17    25     238    (-,-) 
  n_3921                                      -       -      -     (net)          -    -     -     -       -    (-,-) 
  g437354/ZN                                  -       A->ZN  F     INV_X2         1  3.2     6     9     246    (-,-) 
  n_4377                                      -       -      -     (net)          -    -     -     -       -    (-,-) 
  g437313/ZN                                  -       A1->ZN R     NAND2_X2       2  5.5    12    16     262    (-,-) 
  n_4528                                      -       -      -     (net)          -    -     -     -       -    (-,-) 
  g436959/ZN                                  -       A2->ZN F     NAND2_X1       1  4.1    12    20     282    (-,-) 
  n_4710                                      -       -      -     (net)          -    -     -     -       -    (-,-) 
  g436612/ZN                                  -       A->ZN  F     XNOR2_X2       6 14.3    21    49     330    (-,-) 
  n_5112                                      -       -      -     (net)          -    -     -     -       -    (-,-) 
  g436312/ZN                                  -       A1->ZN R     NOR2_X2        2  3.8    17    30     360    (-,-) 
  n_5408                                      -       -      -     (net)          -    -     -     -       -    (-,-) 
  g435959/ZN                                  -       A1->ZN F     NAND2_X1       1  3.2    13    19     379    (-,-) 
  n_5701                                      -       -      -     (net)          -    -     -     -       -    (-,-) 
  g435735/ZN                                  -       A1->ZN R     NAND2_X2       2  9.0    16    24     403    (-,-) 
  n_5945                                      -       -      -     (net)          -    -     -     -       -    (-,-) 
  g435695/ZN                                  -       A1->ZN F     NOR2_X4        6 14.4     9    14     416    (-,-) 
  n_6006                                      -       -      -     (net)          -    -     -     -       -    (-,-) 
  g435186/ZN                                  -       B1->ZN R     AOI22_X2       2  3.9    26    43     459    (-,-) 
  n_6491                                      -       -      -     (net)          -    -     -     -       -    (-,-) 
  g433304/ZN                                  -       A1->ZN F     OAI22_X1       1  3.0    22    25     484    (-,-) 
  n_8260                                      -       -      -     (net)          -    -     -     -       -    (-,-) 
  g433222/ZN                                  -       A1->ZN R     NOR2_X2        1  3.8    18    30     514    (-,-) 
  n_8349                                      -       -      -     (net)          -    -     -     -       -    (-,-) 
  g433169/ZN                                  -       A->ZN  F     OAI221_X2      2  4.8    22    36     550    (-,-) 
  n_8430                                      -       -      -     (net)          -    -     -     -       -    (-,-) 
  g433044/ZN                                  -       A3->ZN R     NOR3_X1        1  1.9    28    55     605    (-,-) 
  n_8525                                      -       -      -     (net)          -    -     -     -       -    (-,-) 
  g432949/ZN                                  -       A2->ZN F     NAND3_X1       3  6.3    23    40     645    (-,-) 
  n_8646                                      -       -      -     (net)          -    -     -     -       -    (-,-) 
  g432886/ZN                                  -       A1->ZN R     NOR2_X2        3 10.0    32    46     691    (-,-) 
  n_8711                                      -       -      -     (net)          -    -     -     -       -    (-,-) 
  g432826/ZN                                  -       A1->ZN F     NAND2_X4       4 13.4    14    22     714    (-,-) 
  n_8772                                      -       -      -     (net)          -    -     -     -       -    (-,-) 
  g432725/ZN                                  -       A1->ZN R     NOR2_X4        4 10.5    21    30     744    (-,-) 
  n_8881                                      -       -      -     (net)          -    -     -     -       -    (-,-) 
  g432424/ZN                                  -       A1->ZN R     AND2_X2        2  8.2    14    40     784    (-,-) 
  n_9204                                      -       -      -     (net)          -    -     -     -       -    (-,-) 
  g432104/ZN                                  -       A1->ZN F     NAND2_X4       3 13.5    12    18     802    (-,-) 
  n_9564                                      -       -      -     (net)          -    -     -     -       -    (-,-) 
  g431601/ZN                                  -       A1->ZN R     NOR2_X4        2  8.9    20    27     830    (-,-) 
  n_10027                                     -       -      -     (net)          -    -     -     -       -    (-,-) 
  g431130/ZN                                  -       A1->ZN F     NOR2_X4       12 28.6    26    20     850    (-,-) 
  n_10364                                     -       -      -     (net)          -    -     -     -       -    (-,-) 
  g430884/ZN                                  -       A->ZN  R     INV_X8        11 21.6    12    23     873    (-,-) 
  n_10363                                     -       -      -     (net)          -    -     -     -       -    (-,-) 
  g430557__4319/ZN                            -       A1->ZN F     NOR3_X1        1  1.8    13    10     883    (-,-) 
  n_10554                                     -       -      -     (net)          -    -     -     -       -    (-,-) 
  g430331/ZN                                  -       A->ZN  R     INV_X1         2  3.8    12    20     903    (-,-) 
  n_10788                                     -       -      -     (net)          -    -     -     -       -    (-,-) 
  g430086__7482/ZN                            -       A1->ZN F     NAND2_X1       1  2.4    14    15     918    (-,-) 
  n_10792                                     -       -      -     (net)          -    -     -     -       -    (-,-) 
  g429451__2398/ZN                            -       A->ZN  F     XNOR2_X1       1  1.4    14    39     957    (-,-) 
  n_11186                                     -       -      -     (net)          -    -     -     -       -    (-,-) 
  aligner_inst_aligned_mant_out_reg[22][24]/D <<<     -      F     DFFR_X1        1    -     -     0     957    (-,-) 
#---------------------------------------------------------------------------------------------------------------------

Capture clock path:
#---------------------------------------------------------------------------------------------------------------------
#                Timing Point                  Flags   Arc   Edge   Cell     Fanout Load Trans Delay Arrival Instance 
#                                                                                   (fF)  (ps)  (ps)   (ps)  Location 
#---------------------------------------------------------------------------------------------------------------------
  clk                                          (i)     -     R     (arrival)   2503  0.0     0     0    1000    (-,-) 
  clk                                          -       -     -     (net)          -    -     -     -       -    (-,-) 
  clk                                          -       -     -     (net)          -    -     -     -       -    (-,-) 
  aligner_inst_aligned_mant_out_reg[22][24]/CK <<<     -     R     DFFR_X1     2503    -     1     0    1000    (-,-) 
#---------------------------------------------------------------------------------------------------------------------


