============================================================
  Generated by:           Genus(TM) Synthesis Solution 25.11-s095_1
  Generated on:           Feb 01 2026  12:03:24 am
  Module:                 add_bf16
  Operating conditions:   PVT_1P2V_25C 
  Interconnect mode:      global
  Area mode:              physical library
============================================================

Timing
--------

Analysis view  Clock Period 
----------------------------
view_1p2_25   clock1 1869.0 


  Analysis    Cost   Critical        Violating 
    View     Group  Path Slack  TNS    Paths   
-----------------------------------------------
view_1p2_25  clock1        0.1  0.0          0 
            default   No paths  0.0          0 
-----------------------------------------------
Total                          -0.0          0 
                                               

Instance Count
--------------
Leaf Instance Count             661 
Physical Instance count           0 
Sequential Instance Count        30 
Combinational Instance Count    631 
Hierarchical Instance Count       0 

Area
----
Cell Area                          3481.523
Physical Cell Area                 0.000
Total Cell Area (Cell+Physical)    3481.523
Net Area                           2219.110
Total Area (Cell+Physical+Net)     5700.633

Power
-----
Leakage Power                      1794.691 nW
Dynamic Power                      2017409.222 nW
Total Power                        2019203.913 nW

Max Fanout                         30 (clk)
Min Fanout                         0 (nRST)
Average Fanout                     2.3
Terms to net ratio                 3.2778
Terms to instance ratio            3.4811
Runtime                            61.995077 seconds
Elapsed Runtime                    68 seconds
Genus peak memory usage            2160.32 
Innovus peak memory usage          no_value 
Hostname                           asicfab.ecn.purdue.edu
