============================================================
  Generated by:           Genus(TM) Synthesis Solution 25.11-s095_1
  Generated on:           Jun 13 2026  12:09:02 am
  Module:                 sysarr_32_input_fp_adder
  Library domain:         timing_condition_tt_1p2v_25c
    Domain index:         0
    Technology library:   NangateOpenCellLibrary revision 1.0
  Operating conditions:   typical 
  Interconnect mode:      global
  Area mode:              physical library
============================================================

Timing
--------

Analysis view  Clock Period 
----------------------------
view_1p2_25   clock1 1087.0 


  Analysis    Cost   Critical            Violating 
    View     Group  Path Slack    TNS      Paths   
---------------------------------------------------
view_1p2_25  clock1     -113.9 -53150.2        815 
            default   No paths      0.0          0 
---------------------------------------------------
Total                          -53150.2        815 
                                                   

Instance Count
--------------
Leaf Instance Count             28511 
Physical Instance count             0 
Sequential Instance Count        1679 
Combinational Instance Count    26832 
Hierarchical Instance Count         7 

Area
----
Cell Area                          52137.432
Physical Cell Area                 0.000
Total Cell Area (Cell+Physical)    52137.432
Net Area                           25.916
Total Area (Cell+Physical+Net)     52163.348

Power
-----
Leakage Power                      451915.947 nW
Dynamic Power                      20234010.076 nW
Total Power                        20685926.023 nW

Max Fanout                         1679 (clk)
Min Fanout                         0 (nRST)
Average Fanout                     1.8
Terms to net ratio                 2.6600
Terms to instance ratio            3.2943
Runtime                            46.42863 seconds
Elapsed Runtime                    51 seconds
Genus peak memory usage            1772.09 
Innovus peak memory usage          no_value 
Hostname                           asicfab.ecn.purdue.edu
