============================================================
  Generated by:           Genus(TM) Synthesis Solution 25.11-s095_1
  Generated on:           Jun 13 2026  01:11:36 pm
  Module:                 sysarr_32_input_fp_adder
  Library domain:         timing_condition_tt_1p2v_25c
    Domain index:         0
    Technology library:   NangateOpenCellLibrary revision 1.0
  Operating conditions:   typical 
  Interconnect mode:      global
  Area mode:              physical library
============================================================

Timing
--------

Analysis view  Clock Period 
----------------------------
view_1p2_25   clock1 1493.0 


  Analysis    Cost   Critical        Violating 
    View     Group  Path Slack  TNS    Paths   
-----------------------------------------------
view_1p2_25  clock1       97.6  0.0          0 
            default   No paths  0.0          0 
-----------------------------------------------
Total                          -0.0          0 
                                               

Instance Count
--------------
Leaf Instance Count             28321 
Physical Instance count             0 
Sequential Instance Count        1679 
Combinational Instance Count    26642 
Hierarchical Instance Count         7 

Area
----
Cell Area                          51834.553
Physical Cell Area                 0.000
Total Cell Area (Cell+Physical)    51834.553
Net Area                           25.916
Total Area (Cell+Physical+Net)     51860.469

Power
-----
Leakage Power                      449383.317 nW
Dynamic Power                      14181194.558 nW
Total Power                        14630577.876 nW

Max Fanout                         1679 (clk)
Min Fanout                         0 (nRST)
Average Fanout                     1.8
Terms to net ratio                 2.6581
Terms to instance ratio            3.2963
Runtime                            47.470356 seconds
Elapsed Runtime                    51 seconds
Genus peak memory usage            1771.55 
Innovus peak memory usage          no_value 
Hostname                           asicfab.ecn.purdue.edu
