============================================================
  Generated by:           Genus(TM) Synthesis Solution 25.11-s095_1
  Generated on:           Mar 10 2026  10:30:12 pm
  Module:                 sysarr_4_input_fp_adder
  Operating conditions:   typical 
  Interconnect mode:      global
  Area mode:              physical library
============================================================


Path 1: MET (0 ps) Setup Check with Pin st1_sum_vec_reg[3]/CK->D
           View: view_1p2_25
          Group: clock1
     Startpoint: (R) add_b[24]
          Clock: (R) clock1
       Endpoint: (F) st1_sum_vec_reg[3]/D
          Clock: (R) clock1

                     Capture       Launch     
        Clock Edge:+    1020            0     
        Drv Adjust:+       0            0     
       Src Latency:+       0            0     
       Net Latency:+       0 (I)        0 (I) 
           Arrival:=    1020            0     
                                              
             Setup:-      39                  
       Uncertainty:-       0                  
     Required Time:=     982                  
      Launch Clock:-       0                  
       Input Delay:-       1                  
         Data Path:-     980                  
             Slack:=       0                  

Exceptions/Constraints:
  input_delay              1              sysarr_4_input_fp_ad_line_21_40_1   

#----------------------------------------------------------------------------------------------
#    Timing Point      Flags    Arc   Edge   Cell     Fanout Load Trans Delay Arrival Instance 
#                                                            (fF)  (ps)  (ps)   (ps)  Location 
#----------------------------------------------------------------------------------------------
  add_b[24]            -       -      R     (arrival)     10 28.4     0     0       1    (-,-) 
  add_b[24]            -       -      -     (net)          -    -     -     -       -    (-,-) 
  g85833/ZN            -       A->ZN  F     INV_X2         1  6.5     4     7       8    (-,-) 
  n_96                 -       -      -     (net)          -    -     -     -       -    (-,-) 
  g85731/ZN            -       A1->ZN R     NAND3_X4       1  6.3    12    14      21    (-,-) 
  n_192                -       -      -     (net)          -    -     -     -       -    (-,-) 
  g85664/ZN            -       A1->ZN F     NAND2_X4       1  6.0     7    13      34    (-,-) 
  n_244                -       -      -     (net)          -    -     -     -       -    (-,-) 
  g85445/ZN            -       A1->ZN R     NAND2_X4       1  6.3    10    13      47    (-,-) 
  n_260                -       -      -     (net)          -    -     -     -       -    (-,-) 
  g85422/ZN            -       A1->ZN F     NAND2_X4       1  5.9     7    12      59    (-,-) 
  n_286                -       -      -     (net)          -    -     -     -       -    (-,-) 
  g85391/ZN            -       B1->ZN R     AOI21_X4       1  7.1    22    26      85    (-,-) 
  n_312                -       -      -     (net)          -    -     -     -       -    (-,-) 
  g85379/ZN            -       A1->ZN F     NOR2_X4        1  3.0    12     8      93    (-,-) 
  n_321                -       -      -     (net)          -    -     -     -       -    (-,-) 
  g85360/ZN            -       B1->ZN R     OAI21_X2       4  6.5    26    36     129    (-,-) 
  n_343                -       -      -     (net)          -    -     -     -       -    (-,-) 
  g85346/ZN            -       A1->ZN R     AND3_X2        1  3.5    10    45     174    (-,-) 
  n_351                -       -      -     (net)          -    -     -     -       -    (-,-) 
  g85324/ZN            -       B1->ZN F     OAI22_X2       1  5.9    15    22     196    (-,-) 
  n_370                -       -      -     (net)          -    -     -     -       -    (-,-) 
  g85313/ZN            -       B1->ZN R     AOI21_X4       4 17.5    34    43     239    (-,-) 
  n_58                 -       -      -     (net)          -    -     -     -       -    (-,-) 
  g85306/ZN            -       A->ZN  F     INV_X8         3 12.2     9    10     249    (-,-) 
  n_383                -       -      -     (net)          -    -     -     -       -    (-,-) 
  g85303/ZN            -       A->ZN  R     INV_X2         4 12.8    17    24     274    (-,-) 
  n_382                -       -      -     (net)          -    -     -     -       -    (-,-) 
  g84921__1705/ZN      -       B1->ZN F     OAI22_X1       3  6.8    20    32     306    (-,-) 
  n_604                -       -      -     (net)          -    -     -     -       -    (-,-) 
  g84898__5526/ZN      -       A2->ZN R     NOR2_X2        3  4.9    19    36     342    (-,-) 
  n_620                -       -      -     (net)          -    -     -     -       -    (-,-) 
  g84684/ZN            -       A->ZN  F     INV_X1         2  2.8     7    12     354    (-,-) 
  n_808                -       -      -     (net)          -    -     -     -       -    (-,-) 
  g84576__9945/ZN      -       B2->ZN R     AOI21_X1       2  3.9    32    42     396    (-,-) 
  n_918                -       -      -     (net)          -    -     -     -       -    (-,-) 
  g84486__7410/ZN      -       A1->ZN F     AOI22_X1       1  3.0    17    23     419    (-,-) 
  n_1006               -       -      -     (net)          -    -     -     -       -    (-,-) 
  g84402__1881/CO      -       CI->CO F     FA_X1          1  3.0    15    73     492    (-,-) 
  n_1085               -       -      -     (net)          -    -     -     -       -    (-,-) 
  g84382__5107/S       -       CI->S  R     FA_X1          3  5.6    20   122     613    (-,-) 
  n_1106               -       -      -     (net)          -    -     -     -       -    (-,-) 
  g84380__2398/ZN      -       A1->ZN F     NOR2_X1        3  5.2    11    17     630    (-,-) 
  n_1109               -       -      -     (net)          -    -     -     -       -    (-,-) 
  g84356__5122/ZN      -       A1->ZN R     NAND2_X1      22 38.2    93   104     734    (-,-) 
  n_1141               -       -      -     (net)          -    -     -     -       -    (-,-) 
  g84140__1705/ZN      -       B1->ZN F     OAI222_X1      1  2.5    27    55     789    (-,-) 
  n_1332               -       -      -     (net)          -    -     -     -       -    (-,-) 
  g83953__5107/Z       -       A->Z   F     XOR2_X1        1  3.7    20    62     851    (-,-) 
  n_1520               -       -      -     (net)          -    -     -     -       -    (-,-) 
  g83712__4319/S       -       B->S   R     FA_X1          1  2.0    12   124     974    (-,-) 
  n_1702               -       -      -     (net)          -    -     -     -       -    (-,-) 
  g83709/ZN            -       A->ZN  F     INV_X1         1  1.4     4     7     982    (-,-) 
  n_1706               -       -      -     (net)          -    -     -     -       -    (-,-) 
  st1_sum_vec_reg[3]/D <<<     -      F     DFFR_X1        1    -     -     0     982    (-,-) 
#----------------------------------------------------------------------------------------------

Capture clock path:
#----------------------------------------------------------------------------------------------
#     Timing Point      Flags   Arc   Edge   Cell     Fanout Load Trans Delay Arrival Instance 
#                                                            (fF)  (ps)  (ps)   (ps)  Location 
#----------------------------------------------------------------------------------------------
  clk                   (i)     -     R     (arrival)    136  0.0     0     0    1020    (-,-) 
  clk                   -       -     -     (net)          -    -     -     -       -    (-,-) 
  clk                   -       -     -     (net)          -    -     -     -       -    (-,-) 
  st1_sum_vec_reg[3]/CK <<<     -     R     DFFR_X1      136    -     1     0    1020    (-,-) 
#----------------------------------------------------------------------------------------------


