============================================================
  Generated by:           Genus(TM) Synthesis Solution 25.11-s095_1
  Generated on:           May 25 2026  11:34:54 am
  Module:                 sysarr_32_input_fp_adder
  Operating conditions:   typical 
  Interconnect mode:      global
  Area mode:              physical library
============================================================


Path 1: VIOLATED (-38 ps) Setup Check with Pin aligner_inst_aligned_mant_out_reg[9][9]/CK->SE
           View: view_1p2_25
          Group: clock1
     Startpoint: (R) aligner_inst_max_l3_n1_r_reg[7]/CK
          Clock: (R) clock1
       Endpoint: (F) aligner_inst_aligned_mant_out_reg[9][9]/SE
          Clock: (R) clock1

                     Capture       Launch     
        Clock Edge:+    1000            0     
       Src Latency:+       0            0     
       Net Latency:+       0 (I)        0 (I) 
           Arrival:=    1000            0     
                                              
             Setup:-      86                  
       Uncertainty:-       0                  
     Required Time:=     914                  
      Launch Clock:-       0                  
         Data Path:-     952                  
             Slack:=     -38                  

Launch clock path:
#-----------------------------------------------------------------------------------------------------------
#           Timing Point             Flags   Arc   Edge   Cell     Fanout Load Trans Delay Arrival Instance 
#                                                                         (fF)  (ps)  (ps)   (ps)  Location 
#-----------------------------------------------------------------------------------------------------------
  clk                                (i)     -     R     (arrival)   1602  0.0     0     0       0    (-,-) 
  clk                                -       -     -     (net)          -    -     -     -       -    (-,-) 
  clk                                -       -     -     (net)          -    -     -     -       -    (-,-) 
  aligner_inst_max_l3_n1_r_reg[7]/CK <<<     -     R     DFFR_X1     1602    -     1     0       0    (-,-) 
#-----------------------------------------------------------------------------------------------------------

#--------------------------------------------------------------------------------------------------------------------
#               Timing Point                 Flags    Arc   Edge   Cell     Fanout Load Trans Delay Arrival Instance 
#                                                                                  (fF)  (ps)  (ps)   (ps)  Location 
#--------------------------------------------------------------------------------------------------------------------
  aligner_inst_max_l3_n1_r_reg[7]/CK         -       -      R     (arrival)   1602    -     1     0       0    (-,-) 
  aligner_inst_max_l3_n1_r_reg[7]/QN         -       CK->QN R     DFFR_X1        1  2.0    11    66      66    (-,-) 
  aligner_inst_max_l3_n1_r[7]                -       -      -     (net)          -    -     -     -       -    (-,-) 
  g269634/ZN                                 -       A->ZN  F     INV_X1         2  3.5     6    11      77    (-,-) 
  n_11116                                    -       -      -     (net)          -    -     -     -       -    (-,-) 
  g269424/ZN                                 -       A1->ZN R     NAND2_X1       2  4.6    16    20      97    (-,-) 
  n_11196                                    -       -      -     (net)          -    -     -     -       -    (-,-) 
  g268404/ZN                                 -       A1->ZN F     NAND2_X2       1  6.6    10    19     116    (-,-) 
  n_12160                                    -       -      -     (net)          -    -     -     -       -    (-,-) 
  g268402/ZN                                 -       A2->ZN R     NOR2_X4        2 12.8    22    36     152    (-,-) 
  n_12164                                    -       -      -     (net)          -    -     -     -       -    (-,-) 
  g268400/ZN                                 -       A->ZN  F     INV_X4         2 11.8     8    13     165    (-,-) 
  n_12165                                    -       -      -     (net)          -    -     -     -       -    (-,-) 
  g268399/ZN                                 -       A->ZN  R     INV_X4         2  7.0     7    13     178    (-,-) 
  n_9956                                     -       -      -     (net)          -    -     -     -       -    (-,-) 
  g268380/ZN                                 -       A2->ZN F     NAND2_X2       1  5.9     9    16     194    (-,-) 
  n_12179                                    -       -      -     (net)          -    -     -     -       -    (-,-) 
  g268377/ZN                                 -       A2->ZN R     NAND2_X4       6 22.0    18    26     220    (-,-) 
  n_12182                                    -       -      -     (net)          -    -     -     -       -    (-,-) 
  g268371/ZN                                 -       A->ZN  F     INV_X2         1  6.0     7    12     232    (-,-) 
  n_12184                                    -       -      -     (net)          -    -     -     -       -    (-,-) 
  g268360/ZN                                 -       A1->ZN R     NAND2_X4       1  6.3     9    13     245    (-,-) 
  n_12194                                    -       -      -     (net)          -    -     -     -       -    (-,-) 
  g268144/ZN                                 -       A1->ZN F     NAND2_X4       6 29.8    16    25     270    (-,-) 
  n_12227                                    -       -      -     (net)          -    -     -     -       -    (-,-) 
  fopt305959/ZN                              -       A->ZN  R     INV_X4         2 13.1    11    21     291    (-,-) 
  n_15357                                    -       -      -     (net)          -    -     -     -       -    (-,-) 
  fopt305954/ZN                              -       A->ZN  F     INV_X4         7 14.1     6    11     302    (-,-) 
  n_15346                                    -       -      -     (net)          -    -     -     -       -    (-,-) 
  g268001/ZN                                 -       A1->ZN R     NAND2_X1       3  7.2    22    27     329    (-,-) 
  n_12370                                    -       -      -     (net)          -    -     -     -       -    (-,-) 
  g267351/ZN                                 -       A1->ZN R     AND2_X2        2  8.4    14    41     370    (-,-) 
  n_12799                                    -       -      -     (net)          -    -     -     -       -    (-,-) 
  g266442__8428/ZN                           -       A2->ZN F     NAND2_X4       2  6.3     8    15     384    (-,-) 
  n_13415                                    -       -      -     (net)          -    -     -     -       -    (-,-) 
  g266400/ZN                                 -       A->ZN  R     INV_X2         2  6.9    11    17     401    (-,-) 
  n_10092                                    -       -      -     (net)          -    -     -     -       -    (-,-) 
  g266103__8246/ZN                           -       B1->ZN F     OAI21_X2       1  5.9    11    17     418    (-,-) 
  n_13608                                    -       -      -     (net)          -    -     -     -       -    (-,-) 
  g266055__4319/ZN                           -       A2->ZN R     NAND2_X4      11 26.8    21    30     448    (-,-) 
  n_14563                                    -       -      -     (net)          -    -     -     -       -    (-,-) 
  g265920__2398/ZN                           -       A1->ZN F     NOR2_X4        3  5.9    10    10     458    (-,-) 
  n_13754                                    -       -      -     (net)          -    -     -     -       -    (-,-) 
  g265742__7482/ZN                           -       B2->ZN R     AOI21_X2       2  5.4    26    36     495    (-,-) 
  n_14636                                    -       -      -     (net)          -    -     -     -       -    (-,-) 
  g265628__2883/ZN                           -       A1->ZN F     NOR2_X2        2  4.7    16    12     507    (-,-) 
  n_13939                                    -       -      -     (net)          -    -     -     -       -    (-,-) 
  g265566__3680/ZN                           -       A1->ZN R     NOR2_X2        1  1.9    13    22     530    (-,-) 
  n_13963                                    -       -      -     (net)          -    -     -     -       -    (-,-) 
  g265346__7098/ZN                           -       C1->ZN F     OAI222_X1      1  1.7    36    35     564    (-,-) 
  n_14106                                    -       -      -     (net)          -    -     -     -       -    (-,-) 
  g265321__4733/ZN                           -       A1->ZN R     NOR3_X1        1  1.2    25    42     607    (-,-) 
  n_14127                                    -       -      -     (net)          -    -     -     -       -    (-,-) 
  g265316__6131/ZN                           -       A1->ZN R     AND2_X1        1  3.3    12    40     647    (-,-) 
  n_14132                                    -       -      -     (net)          -    -     -     -       -    (-,-) 
  g265311__2802/ZN                           -       A1->ZN F     NAND3_X2       1  5.9    14    23     670    (-,-) 
  n_14137                                    -       -      -     (net)          -    -     -     -       -    (-,-) 
  g265305__3680/ZN                           -       A1->ZN R     NOR2_X4        2  6.9    16    26     696    (-,-) 
  n_14140                                    -       -      -     (net)          -    -     -     -       -    (-,-) 
  g265302__5526/ZN                           -       A1->ZN F     NAND2_X2       2  9.2    12    22     717    (-,-) 
  n_14393                                    -       -      -     (net)          -    -     -     -       -    (-,-) 
  fopt306833/Z                               -       A->Z   F     BUF_X4         2  4.7     5    26     742    (-,-) 
  n_16478                                    -       -      -     (net)          -    -     -     -       -    (-,-) 
  g304223/ZN                                 -       A1->ZN R     NOR2_X2        2  5.3    22    26     769    (-,-) 
  n_886                                      -       -      -     (net)          -    -     -     -       -    (-,-) 
  g303729/ZN                                 -       A1->ZN F     NAND2_X2       2  7.6    13    22     790    (-,-) 
  n_1413                                     -       -      -     (net)          -    -     -     -       -    (-,-) 
  g303410/ZN                                 -       A1->ZN R     NOR2_X4        2  6.9    19    25     816    (-,-) 
  n_1675                                     -       -      -     (net)          -    -     -     -       -    (-,-) 
  fopt306308/ZN                              -       A->ZN  F     INV_X2         3 14.9    11    20     835    (-,-) 
  n_15793                                    -       -      -     (net)          -    -     -     -       -    (-,-) 
  g302123/ZN                                 -       A1->ZN R     NOR2_X4        2  6.9    16    24     859    (-,-) 
  n_2923                                     -       -      -     (net)          -    -     -     -       -    (-,-) 
  g301310/ZN                                 -       A1->ZN F     NAND2_X2       2  7.1    12    19     879    (-,-) 
  n_3855                                     -       -      -     (net)          -    -     -     -       -    (-,-) 
  g300677/ZN                                 -       A1->ZN R     NAND2_X4       4 13.8    20    20     899    (-,-) 
  n_4511                                     -       -      -     (net)          -    -     -     -       -    (-,-) 
  fopt306337/ZN                              -       A->ZN  F     INV_X4         8 16.3     9    15     914    (-,-) 
  n_15835                                    -       -      -     (net)          -    -     -     -       -    (-,-) 
  g299175/ZN                                 -       A1->ZN R     NAND2_X1       2  3.8    14    20     933    (-,-) 
  n_5691                                     -       -      -     (net)          -    -     -     -       -    (-,-) 
  g298862/ZN                                 -       A1->ZN F     NAND2_X1       2  3.9    23    19     952    (-,-) 
  n_5976                                     -       -      -     (net)          -    -     -     -       -    (-,-) 
  aligner_inst_aligned_mant_out_reg[9][9]/SE <<<     -      F     SDFFR_X1       2    -     -     0     952    (-,-) 
#--------------------------------------------------------------------------------------------------------------------

Capture clock path:
#-------------------------------------------------------------------------------------------------------------------
#               Timing Point                 Flags   Arc   Edge   Cell     Fanout Load Trans Delay Arrival Instance 
#                                                                                 (fF)  (ps)  (ps)   (ps)  Location 
#-------------------------------------------------------------------------------------------------------------------
  clk                                        (i)     -     R     (arrival)   1602  0.0     0     0    1000    (-,-) 
  clk                                        -       -     -     (net)          -    -     -     -       -    (-,-) 
  clk                                        -       -     -     (net)          -    -     -     -       -    (-,-) 
  aligner_inst_aligned_mant_out_reg[9][9]/CK <<<     -     R     SDFFR_X1    1602    -     1     0    1000    (-,-) 
#-------------------------------------------------------------------------------------------------------------------


