============================================================
  Generated by:           Genus(TM) Synthesis Solution 25.11-s095_1
  Generated on:           Mar 11 2026  06:29:41 am
  Module:                 sysarr_4_input_fp_adder
  Operating conditions:   typical 
  Interconnect mode:      global
  Area mode:              physical library
============================================================


Path 1: MET (201 ps) Setup Check with Pin st1_sum_vec_reg[1]/clk->d
           View: view_1p2_25
          Group: clock1
     Startpoint: (F) add_b[23]
          Clock: (R) clock1
       Endpoint: (R) st1_sum_vec_reg[1]/d
          Clock: (R) clock1

                     Capture       Launch     
        Clock Edge:+    1333            0     
        Drv Adjust:+       0            0     
       Src Latency:+       0            0     
       Net Latency:+       0 (I)        0 (I) 
           Arrival:=    1333            0     
                                              
             Setup:-      38                  
       Uncertainty:-       0                  
     Required Time:=    1295                  
      Launch Clock:-       0                  
       Input Delay:-       1                  
         Data Path:-    1094                  
             Slack:=     201                  

Exceptions/Constraints:
  input_delay              1              sysarr_4_input_fp_ad_line_21_41_1   

#--------------------------------------------------------------------------------------------------------
#    Timing Point      Flags    Arc    Edge       Cell         Fanout  Load Trans Delay Arrival Instance 
#                                                                      (fF)  (ps)  (ps)   (ps)  Location 
#--------------------------------------------------------------------------------------------------------
  add_b[23]            (u)     -       F     (arrival)              6  19.2     0     0       1    (-,-) 
  add_b[23]            -       -       -     (net)                  -     -     -     -       -    (-,-) 
  g27000/z             (u)     in_1->z R     unmapped_complex2      1   3.6     0    17      18    (-,-) 
  n_11814              -       -       -     (net)                  -     -     -     -       -    (-,-) 
  g27077/z             (u)     in_1->z R     unmapped_complex2      1   3.6     0    17      34    (-,-) 
  n_10315              -       -       -     (net)                  -     -     -     -       -    (-,-) 
  g26782/z             (u)     in_1->z F     unmapped_complex2      2   6.4     0    19      53    (-,-) 
  n_11925              -       -       -     (net)                  -     -     -     -       -    (-,-) 
  g26779/z             (u)     in_1->z R     unmapped_nand2         1   3.6     0    17      70    (-,-) 
  n_11237              -       -       -     (net)                  -     -     -     -       -    (-,-) 
  g26730/z             (u)     in_0->z F     unmapped_nand2         1   3.2     0    17      86    (-,-) 
  n_11998              -       -       -     (net)                  -     -     -     -       -    (-,-) 
  g26704/z             (u)     in_1->z R     unmapped_nand2         1   3.6     0    17     103    (-,-) 
  n_12000              -       -       -     (net)                  -     -     -     -       -    (-,-) 
  g27096/z             (u)     in_0->z R     unmapped_complex2      1   3.6     0    17     120    (-,-) 
  n_11238              -       -       -     (net)                  -     -     -     -       -    (-,-) 
  g27099/z             (u)     in_1->z F     unmapped_complex2      1   3.2     0    17     136    (-,-) 
  n_10318              -       -       -     (net)                  -     -     -     -       -    (-,-) 
  g26670/z             (u)     in_0->z R     unmapped_nand2         1   3.6     0    17     153    (-,-) 
  n_11233              -       -       -     (net)                  -     -     -     -       -    (-,-) 
  g26666/z             (u)     in_0->z F     unmapped_nand2         2   6.4     0    19     172    (-,-) 
  n_10319              -       -       -     (net)                  -     -     -     -       -    (-,-) 
  g26653/z             (u)     in_0->z R     unmapped_complex2      1   3.6     0    17     189    (-,-) 
  n_11252              -       -       -     (net)                  -     -     -     -       -    (-,-) 
  g26642/z             (u)     in_0->z F     unmapped_complex2      1   3.2     0    17     205    (-,-) 
  n_12066              -       -       -     (net)                  -     -     -     -       -    (-,-) 
  g26634/z             (u)     in_1->z R     unmapped_nand2        53 190.8     0    60     265    (-,-) 
  n_10320              -       -       -     (net)                  -     -     -     -       -    (-,-) 
  g26565/z             (u)     in_0->z F     unmapped_nand2         1   3.2     0    17     282    (-,-) 
  n_12183              -       -       -     (net)                  -     -     -     -       -    (-,-) 
  g26434/z             (u)     in_1->z R     unmapped_nand2         4  14.4     0    24     306    (-,-) 
  n_10342              -       -       -     (net)                  -     -     -     -       -    (-,-) 
  g21010/z             (u)     in_0->z R     unmapped_complex2      1   3.6     0    17     323    (-,-) 
  n_11266              -       -       -     (net)                  -     -     -     -       -    (-,-) 
  g26320/z             (u)     in_1->z F     unmapped_nand2         1   3.2     0    17     340    (-,-) 
  n_10350              -       -       -     (net)                  -     -     -     -       -    (-,-) 
  g26314/z             (u)     in_1->z F     unmapped_complex2      1   3.2     0    17     356    (-,-) 
  n_12690              -       -       -     (net)                  -     -     -     -       -    (-,-) 
  g26311/z             (u)     in_0->z R     unmapped_complex2      1   3.6     0    17     373    (-,-) 
  n_11240              -       -       -     (net)                  -     -     -     -       -    (-,-) 
  g26306/z             (u)     in_0->z F     unmapped_complex2      1   3.2     0    17     389    (-,-) 
  n_10354              -       -       -     (net)                  -     -     -     -       -    (-,-) 
  g26267/z             (u)     in_0->z R     unmapped_complex2      1   3.6     0    17     406    (-,-) 
  n_12720              -       -       -     (net)                  -     -     -     -       -    (-,-) 
  g26247/z             (u)     in_1->z F     unmapped_nand2         1   3.2     0    17     423    (-,-) 
  n_11235              -       -       -     (net)                  -     -     -     -       -    (-,-) 
  g26240/z             (u)     in_0->z R     unmapped_nand2         1   3.6     0    17     439    (-,-) 
  n_10356              -       -       -     (net)                  -     -     -     -       -    (-,-) 
  g26239/z             (u)     in_0->z F     unmapped_complex2      1   3.2     0    17     456    (-,-) 
  n_12759              -       -       -     (net)                  -     -     -     -       -    (-,-) 
  g26238/z             (u)     in_1->z R     unmapped_nand2       190  50.4     0    60     516    (-,-) 
  n_10357              -       -       -     (net)                  -     -     -     -       -    (-,-) 
  g26222/z             (u)     in_1->z F     unmapped_nand2         1   3.2     0    17     533    (-,-) 
  n_13158              -       -       -     (net)                  -     -     -     -       -    (-,-) 
  g25991/z             (u)     in_1->z R     unmapped_nand2        11  39.6     0    39     572    (-,-) 
  exp_x[0]             -       -       -     (net)                  -     -     -     -       -    (-,-) 
  g27248/z             (u)     in_0->z R     unmapped_complex2      3  10.8     0    22     593    (-,-) 
  n_10526              -       -       -     (net)                  -     -     -     -       -    (-,-) 
  g25656/z             (u)     in_1->z R     unmapped_complex2      1   3.6     0    17     610    (-,-) 
  n_14126              -       -       -     (net)                  -     -     -     -       -    (-,-) 
  g25629/z             (u)     in_0->z F     unmapped_nand2         3   9.6     0    22     631    (-,-) 
  n_10527              -       -       -     (net)                  -     -     -     -       -    (-,-) 
  g25377/z             (u)     in_1->z R     unmapped_nand2         1   3.6     0    17     648    (-,-) 
  n_14300              -       -       -     (net)                  -     -     -     -       -    (-,-) 
  g25330/z             (u)     in_0->z F     unmapped_nand2         3   9.6     0    22     670    (-,-) 
  n_10528              -       -       -     (net)                  -     -     -     -       -    (-,-) 
  g25162/z             (u)     in_1->z R     unmapped_nand2         1   3.6     0    17     686    (-,-) 
  n_14942              -       -       -     (net)                  -     -     -     -       -    (-,-) 
  g25114/z             (u)     in_0->z F     unmapped_nand2         3   9.6     0    22     708    (-,-) 
  n_10529              -       -       -     (net)                  -     -     -     -       -    (-,-) 
  g24954/z             (u)     in_1->z R     unmapped_nand2         1   3.6     0    17     724    (-,-) 
  n_15008              -       -       -     (net)                  -     -     -     -       -    (-,-) 
  g24887/z             (u)     in_0->z F     unmapped_nand2         1   3.2     0    17     741    (-,-) 
  n_10535              -       -       -     (net)                  -     -     -     -       -    (-,-) 
  g27687/z             (u)     in_0->z F     unmapped_or2           1   3.2     0    17     758    (-,-) 
  n_11251              -       -       -     (net)                  -     -     -     -       -    (-,-) 
  g27435/z             (u)     in_1->z R     unmapped_complex2      2   7.2     0    19     777    (-,-) 
  n_10539              -       -       -     (net)                  -     -     -     -       -    (-,-) 
  g24819/z             (u)     in_1->z R     unmapped_or2          16  57.6     0    44     821    (-,-) 
  n_10540              -       -       -     (net)                  -     -     -     -       -    (-,-) 
  g24797/z             (u)     in_0->z R     unmapped_or2           8  28.8     0    35     856    (-,-) 
  n_11017              -       -       -     (net)                  -     -     -     -       -    (-,-) 
  g27481/z             (u)     in_0->z R     unmapped_complex2      1   3.6     0    17     872    (-,-) 
  n_16015              -       -       -     (net)                  -     -     -     -       -    (-,-) 
  g24648/z             (u)     in_1->z F     unmapped_nand2         1   3.2     0    17     889    (-,-) 
  n_16017              -       -       -     (net)                  -     -     -     -       -    (-,-) 
  g27532/z             (u)     in_0->z F     unmapped_complex2      2   6.4     0    19     908    (-,-) 
  n_10667              -       -       -     (net)                  -     -     -     -       -    (-,-) 
  g24336/z             (u)     in_1->z R     unmapped_complex2      1   3.6     0    17     925    (-,-) 
  n_16826              -       -       -     (net)                  -     -     -     -       -    (-,-) 
  g24337/z             (u)     in_1->z F     unmapped_nand2         4  12.8     0    24     949    (-,-) 
  op_y[1]              -       -       -     (net)                  -     -     -     -       -    (-,-) 
  g27604/z             (u)     in_0->z R     unmapped_complex2      1   3.6     0    17     966    (-,-) 
  n_16778              -       -       -     (net)                  -     -     -     -       -    (-,-) 
  g24211/z             (u)     in_1->z F     unmapped_nand2         2   6.4     0    19     985    (-,-) 
  n_1580               -       -       -     (net)                  -     -     -     -       -    (-,-) 
  g24151/z             (u)     in_0->z F     unmapped_complex2      1   3.2     0    17    1001    (-,-) 
  n_16752              -       -       -     (net)                  -     -     -     -       -    (-,-) 
  g24152/z             (u)     in_1->z R     unmapped_nand2         4  14.4     0    24    1026    (-,-) 
  csa_s1[1]            -       -       -     (net)                  -     -     -     -       -    (-,-) 
  g27662/z             (u)     in_1->z R     unmapped_complex2      1   3.6     0    17    1042    (-,-) 
  n_16675              -       -       -     (net)                  -     -     -     -       -    (-,-) 
  g23989/z             (u)     in_1->z F     unmapped_nand2         2   6.4     0    19    1062    (-,-) 
  n_1715               -       -       -     (net)                  -     -     -     -       -    (-,-) 
  g23951/z             (u)     in_0->z F     unmapped_complex2      1   3.2     0    17    1078    (-,-) 
  n_16657              -       -       -     (net)                  -     -     -     -       -    (-,-) 
  g23952/z             (u)     in_1->z R     unmapped_nand2         1   3.6     0    17    1095    (-,-) 
  csa_s2[1]            -       -       -     (net)                  -     -     -     -       -    (-,-) 
  st1_sum_vec_reg[1]/d <<<     -       R     unmapped_d_flop        1     -     -     0    1095    (-,-) 
#--------------------------------------------------------------------------------------------------------

(u) : Net has unmapped pin(s).

Capture clock path:
#-----------------------------------------------------------------------------------------------------
#     Timing Point       Flags   Arc   Edge      Cell        Fanout Load Trans Delay Arrival Instance 
#                                                                   (fF)  (ps)  (ps)   (ps)  Location 
#-----------------------------------------------------------------------------------------------------
  clk                    (i,u)   -     R     (arrival)          136  0.0     0     0    1333    (-,-) 
  clk                    -       -     -     (net)                -    -     -     -       -    (-,-) 
  clk                    -       -     -     (net)                -    -     -     -       -    (-,-) 
  st1_sum_vec_reg[1]/clk <<<     -     R     unmapped_d_flop    136    -     1     0    1333    (-,-) 
#-----------------------------------------------------------------------------------------------------


