============================================================
  Generated by:           Genus(TM) Synthesis Solution 25.11-s095_1
  Generated on:           May 23 2026  07:23:59 pm
  Module:                 sysarr_32_input_fp_adder
  Library domain:         timing_condition_tt_1p2v_25c
    Domain index:         0
    Technology library:   NangateOpenCellLibrary revision 1.0
  Operating conditions:   typical 
  Interconnect mode:      global
  Area mode:              physical library
============================================================

Timing
--------

Analysis view  Clock Period 
----------------------------
view_1p2_25   clock1 1000.0 


  Analysis    Cost   Critical        Violating 
    View     Group  Path Slack  TNS    Paths   
-----------------------------------------------
view_1p2_25  clock1        0.1  0.0          0 
            default   No paths  0.0          0 
-----------------------------------------------
Total                          -0.0          0 
                                               

Instance Count
--------------
Leaf Instance Count             19373 
Physical Instance count             0 
Sequential Instance Count        3040 
Combinational Instance Count    16333 
Hierarchical Instance Count         0 

Area
----
Cell Area                          34019.272
Physical Cell Area                 0.000
Total Cell Area (Cell+Physical)    34019.272
Net Area                           24145.416
Total Area (Cell+Physical+Net)     58164.688

Power
-----
Leakage Power                      714229.519 nW
Dynamic Power                      72487055.559 nW
Total Power                        73201285.078 nW

Max Fanout                         3040 (clk)
Min Fanout                         0 (aligner_inst_exp_dly[2][0][0])
Average Fanout                     2.1
Terms to net ratio                 3.3640
Terms to instance ratio            3.5297
Runtime                            50.922903 seconds
Elapsed Runtime                    55 seconds
Genus peak memory usage            1762.61 
Innovus peak memory usage          no_value 
Hostname                           asicfab.ecn.purdue.edu
