============================================================
  Generated by:           Genus(TM) Synthesis Solution 25.11-s095_1
  Generated on:           May 23 2026  07:24:07 pm
  Module:                 sysarr_32_input_fp_adder
  Operating conditions:   typical 
  Interconnect mode:      global
  Area mode:              physical library
============================================================


Path 1: MET (0 ps) Setup Check with Pin aligner_inst_aligned_mant_out_reg[0][26]/CK->D
           View: view_1p2_25
          Group: clock1
     Startpoint: (R) aligner_inst_max_l4_n0_r_reg[0]/CK
          Clock: (R) clock1
       Endpoint: (F) aligner_inst_aligned_mant_out_reg[0][26]/D
          Clock: (R) clock1

                     Capture       Launch     
        Clock Edge:+    1000            0     
       Src Latency:+       0            0     
       Net Latency:+       0 (I)        0 (I) 
           Arrival:=    1000            0     
                                              
             Setup:-      40                  
       Uncertainty:-       0                  
     Required Time:=     959                  
      Launch Clock:-       0                  
         Data Path:-     959                  
             Slack:=       0                  

Launch clock path:
#-----------------------------------------------------------------------------------------------------------
#           Timing Point             Flags   Arc   Edge   Cell     Fanout Load Trans Delay Arrival Instance 
#                                                                         (fF)  (ps)  (ps)   (ps)  Location 
#-----------------------------------------------------------------------------------------------------------
  clk                                (i)     -     R     (arrival)   3040  0.0     0     0       0    (-,-) 
  clk                                -       -     -     (net)          -    -     -     -       -    (-,-) 
  clk                                -       -     -     (net)          -    -     -     -       -    (-,-) 
  aligner_inst_max_l4_n0_r_reg[0]/CK <<<     -     R     SDFFR_X1    3040    -     1     0       0    (-,-) 
#-----------------------------------------------------------------------------------------------------------

#--------------------------------------------------------------------------------------------------------------------
#               Timing Point                 Flags    Arc   Edge   Cell     Fanout Load Trans Delay Arrival Instance 
#                                                                                  (fF)  (ps)  (ps)   (ps)  Location 
#--------------------------------------------------------------------------------------------------------------------
  aligner_inst_max_l4_n0_r_reg[0]/CK         -       -      R     (arrival)   3040    -     1     0       0    (-,-) 
  aligner_inst_max_l4_n0_r_reg[0]/Q          -       CK->Q  F     SDFFR_X1       1  3.2    14    72      72    (-,-) 
  n_10452                                    -       -      -     (net)          -    -     -     -       -    (-,-) 
  g450098/ZN                                 -       A->ZN  R     INV_X2         4 10.9    15    25      97    (-,-) 
  n_2340                                     -       -      -     (net)          -    -     -     -       -    (-,-) 
  g450072/ZN                                 -       A->ZN  F     INV_X2         2  9.2     8    14     112    (-,-) 
  n_2350                                     -       -      -     (net)          -    -     -     -       -    (-,-) 
  g450064/ZN                                 -       A->ZN  R     INV_X4         8 18.6    13    20     132    (-,-) 
  n_2354                                     -       -      -     (net)          -    -     -     -       -    (-,-) 
  g453244/ZN                                 -       A1->ZN R     AND2_X2        2  5.4    11    34     165    (-,-) 
  n_424                                      -       -      -     (net)          -    -     -     -       -    (-,-) 
  g449745/ZN                                 -       A->ZN  F     INV_X2         2 10.5     8    13     179    (-,-) 
  n_717                                      -       -      -     (net)          -    -     -     -       -    (-,-) 
  g449533/ZN                                 -       A->ZN  R     OAI21_X4       3 10.3    22    22     200    (-,-) 
  n_2731                                     -       -      -     (net)          -    -     -     -       -    (-,-) 
  g449097/ZN                                 -       A->ZN  F     INV_X4         5  9.0     8    11     212    (-,-) 
  n_3111                                     -       -      -     (net)          -    -     -     -       -    (-,-) 
  g448933/ZN                                 -       A1->ZN R     NAND2_X1       4  7.6    23    28     240    (-,-) 
  n_3315                                     -       -      -     (net)          -    -     -     -       -    (-,-) 
  g448827/ZN                                 -       A->ZN  F     INV_X1         5  8.5    13    22     262    (-,-) 
  n_3314                                     -       -      -     (net)          -    -     -     -       -    (-,-) 
  g448360/ZN                                 -       B1->ZN R     AOI21_X1       1  2.0    23    29     290    (-,-) 
  n_3790                                     -       -      -     (net)          -    -     -     -       -    (-,-) 
  g447745/ZN                                 -       A->ZN  F     OAI21_X1       1  1.7    10    22     312    (-,-) 
  n_4369                                     -       -      -     (net)          -    -     -     -       -    (-,-) 
  g447478/ZN                                 -       A1->ZN R     NOR2_X1        2  2.3    18    27     339    (-,-) 
  n_4737                                     -       -      -     (net)          -    -     -     -       -    (-,-) 
  g447085/Z                                  -       B->Z   R     MUX2_X1        2  3.0    13    42     381    (-,-) 
  n_5086                                     -       -      -     (net)          -    -     -     -       -    (-,-) 
  g446755/Z                                  -       B->Z   R     MUX2_X1        3  5.8    18    48     429    (-,-) 
  n_5402                                     -       -      -     (net)          -    -     -     -       -    (-,-) 
  g445881/ZN                                 -       A1->ZN F     NOR2_X1        3  5.2    12    17     446    (-,-) 
  n_6268                                     -       -      -     (net)          -    -     -     -       -    (-,-) 
  g445503/ZN                                 -       A1->ZN R     NOR2_X1        2  3.8    25    35     481    (-,-) 
  n_6645                                     -       -      -     (net)          -    -     -     -       -    (-,-) 
  g445102/ZN                                 -       A1->ZN F     NAND2_X1       2  6.9    18    30     510    (-,-) 
  n_7060                                     -       -      -     (net)          -    -     -     -       -    (-,-) 
  g444480/ZN                                 -       A1->ZN R     NOR4_X4        2  3.1    34    39     549    (-,-) 
  n_7664                                     -       -      -     (net)          -    -     -     -       -    (-,-) 
  g444273/ZN                                 -       A1->ZN R     AND2_X1        2  3.1    12    43     592    (-,-) 
  n_7842                                     -       -      -     (net)          -    -     -     -       -    (-,-) 
  g444162/ZN                                 -       A1->ZN R     AND2_X1        2  3.1    11    35     627    (-,-) 
  n_7939                                     -       -      -     (net)          -    -     -     -       -    (-,-) 
  g444064/ZN                                 -       A1->ZN R     AND2_X1        2  3.8    13    37     664    (-,-) 
  n_8021                                     -       -      -     (net)          -    -     -     -       -    (-,-) 
  g444009/ZN                                 -       A1->ZN F     NAND2_X1       2  3.4    10    18     682    (-,-) 
  n_8073                                     -       -      -     (net)          -    -     -     -       -    (-,-) 
  g443962/ZN                                 -       A1->ZN R     NOR2_X1        2  3.7    25    34     716    (-,-) 
  n_8117                                     -       -      -     (net)          -    -     -     -       -    (-,-) 
  g443928/ZN                                 -       A1->ZN F     NAND2_X1       4  5.9    16    27     743    (-,-) 
  n_8150                                     -       -      -     (net)          -    -     -     -       -    (-,-) 
  g443877/ZN                                 -       A1->ZN R     NOR2_X1        3  4.8    30    42     785    (-,-) 
  n_8202                                     -       -      -     (net)          -    -     -     -       -    (-,-) 
  g443814/ZN                                 -       A1->ZN R     AND2_X1        2  3.8    13    43     829    (-,-) 
  n_8270                                     -       -      -     (net)          -    -     -     -       -    (-,-) 
  g443614/ZN                                 -       B1->ZN F     OAI21_X1       3  5.4    19    23     852    (-,-) 
  n_8481                                     -       -      -     (net)          -    -     -     -       -    (-,-) 
  g443421/ZN                                 -       A->ZN  R     AOI21_X1       2  3.9    33    55     907    (-,-) 
  n_8688                                     -       -      -     (net)          -    -     -     -       -    (-,-) 
  g443328/ZN                                 -       A->ZN  F     INV_X1         2  3.7    11    15     922    (-,-) 
  n_8689                                     -       -      -     (net)          -    -     -     -       -    (-,-) 
  g442675/ZN                                 -       A->ZN  F     XNOR2_X1       1  1.4     9    38     959    (-,-) 
  n_9186                                     -       -      -     (net)          -    -     -     -       -    (-,-) 
  aligner_inst_aligned_mant_out_reg[0][26]/D <<<     -      F     DFFR_X1        1    -     -     0     959    (-,-) 
#--------------------------------------------------------------------------------------------------------------------

Capture clock path:
#--------------------------------------------------------------------------------------------------------------------
#                Timing Point                 Flags   Arc   Edge   Cell     Fanout Load Trans Delay Arrival Instance 
#                                                                                  (fF)  (ps)  (ps)   (ps)  Location 
#--------------------------------------------------------------------------------------------------------------------
  clk                                         (i)     -     R     (arrival)   3040  0.0     0     0    1000    (-,-) 
  clk                                         -       -     -     (net)          -    -     -     -       -    (-,-) 
  clk                                         -       -     -     (net)          -    -     -     -       -    (-,-) 
  aligner_inst_aligned_mant_out_reg[0][26]/CK <<<     -     R     DFFR_X1     3040    -     1     0    1000    (-,-) 
#--------------------------------------------------------------------------------------------------------------------


