============================================================
  Generated by:           Genus(TM) Synthesis Solution 23.14-s090_1
  Generated on:           Nov 09 2025  04:28:12 pm
  Module:                 benes
  Operating conditions:   PVT_1P2V_25C 
  Interconnect mode:      global
  Area mode:              physical library
============================================================

                                  Leakage     Internal                                  Library 
   Gate    Instances    Area    Power (nW)   Power (nW)              Library             Domain 
------------------------------------------------------------------------------------------------
mux2_1x          512   3761.766   1966.988   1023151.860    MITLL90_STDLIB_8T.tt1p2v25c       0 
sdffrq_1x       4096  85983.232  36087.554  52975455.922    MITLL90_STDLIB_8T.tt1p2v25c       0 
------------------------------------------------------------------------------------------------
total           4608  89744.998  38054.542  53998607.782                                


                                            Leakage  Leakage   Internal   Internal 
     Type      Instances    Area   Area % Power (nW) Power %  Power (nW)   Power % 
-----------------------------------------------------------------------------------
sequential          4096 85983.232   95.8  36087.554    94.8 52975455.922     98.1 
logic                512  3761.766    4.2   1966.988     5.2  1023151.860      1.9 
physical_cells         0     0.000    0.0      0.000     0.0        0.000      0.0 
-----------------------------------------------------------------------------------
total               4608 89744.998  100.0  38054.542   100.0 53998607.782    100.0 

