============================================================
  Generated by:           Genus(TM) Synthesis Solution 23.14-s090_1
  Generated on:           Nov 09 2025  04:27:54 pm
  Module:                 benes
  Operating conditions:   PVT_1P2V_25C 
  Interconnect mode:      global
  Area mode:              physical library
============================================================

Timing
--------

Analysis view  Clock Period 
----------------------------
view_1p2_25   clock1 1250.0 


  Analysis    Cost   Critical        Violating 
    View     Group  Path Slack  TNS    Paths   
-----------------------------------------------
view_1p2_25  clock1      900.6  0.0          0 
            default   No paths  0.0          0 
-----------------------------------------------
Total                          -0.0          0 
                                               

Instance Count
--------------
Leaf Instance Count             4608 
Physical Instance count            0 
Sequential Instance Count       4096 
Combinational Instance Count     512 
Hierarchical Instance Count        0 

Area
----
Cell Area                          89744.998
Physical Cell Area                 0.000
Total Cell Area (Cell+Physical)    89744.998
Net Area                           18940.463
Total Area (Cell+Physical+Net)     108685.461

Power
-----
Leakage Power                      38054.542 nW
Dynamic Power                      61216210.916 nW
Total Power                        61254265.458 nW

Max Fanout                         4096 (xif_clk)
Min Fanout                         0 (xif_n_rst)
Average Fanout                     3.5
Terms to net ratio                 5.0558
Terms to instance ratio            5.7778
Runtime                            58.724196 seconds
Elapsed Runtime                    61 seconds
Genus peak memory usage            1844.32 
Innovus peak memory usage          no_value 
Hostname                           asicfab.ecn.purdue.edu
