============================================================
  Generated by:           Genus(TM) Synthesis Solution 25.11-s095_1
  Generated on:           May 24 2026  02:05:34 am
  Operating conditions:   typical 
  Interconnect mode:      global
  Area mode:              physical library
============================================================

                                 Leakage      Internal                          Library 
   Gate    Instances    Area    Power (nW)   Power (nW)          Library         Domain 
----------------------------------------------------------------------------------------
AND2_X1          582   619.248   14771.509    715479.509 NangateOpenCellLibrary       0 
AND2_X2           94   125.020    5136.427    383970.275 NangateOpenCellLibrary       0 
AND2_X4           10    23.940    1047.672     91645.077 NangateOpenCellLibrary       0 
AND3_X1           44    58.520    1194.720     41320.721 NangateOpenCellLibrary       0 
AND3_X2           13    20.748     840.160     52582.632 NangateOpenCellLibrary       0 
AND4_X1           28    44.688     741.861     14128.609 NangateOpenCellLibrary       0 
AND4_X2            2     3.724     122.782      5707.568 NangateOpenCellLibrary       0 
AOI211_X1         20    26.600     608.544     26593.276 NangateOpenCellLibrary       0 
AOI21_X1         363   386.232   10128.546    505838.056 NangateOpenCellLibrary       0 
AOI21_X2          98   182.476    5247.486    323224.128 NangateOpenCellLibrary       0 
AOI21_X4          19    65.702    1946.705    148545.650 NangateOpenCellLibrary       0 
AOI221_X1         34    54.264    1412.982     59886.340 NangateOpenCellLibrary       0 
AOI221_X2          1     2.926      72.423      2608.509 NangateOpenCellLibrary       0 
AOI222_X1         20    42.560     840.402     55120.431 NangateOpenCellLibrary       0 
AOI22_X1         386   513.380   10207.228    445002.340 NangateOpenCellLibrary       0 
AOI22_X2          19    45.486    1109.893     73010.848 NangateOpenCellLibrary       0 
AOI22_X4           4    18.088     457.721     32534.482 NangateOpenCellLibrary       0 
BUF_X1            13    10.374     275.920     30676.875 NangateOpenCellLibrary       0 
BUF_X2             8     8.512     346.351     36489.591 NangateOpenCellLibrary       0 
BUF_X4             1     1.862      86.334      8801.852 NangateOpenCellLibrary       0 
CLKBUF_X1         46    36.708     524.565     80113.462 NangateOpenCellLibrary       0 
CLKBUF_X2          1     1.064      20.779      2800.832 NangateOpenCellLibrary       0 
DFFR_X1         1873  9964.360  165168.997  14617370.424 NangateOpenCellLibrary       0 
DFFR_X2            3    17.556     399.593     33133.164 NangateOpenCellLibrary       0 
DFF_X1           139   628.558   10944.751   1448612.850 NangateOpenCellLibrary       0 
FA_X1             23    97.888    1585.709    141120.757 NangateOpenCellLibrary       0 
HA_X1             52   138.320    3214.658    198368.288 NangateOpenCellLibrary       0 
INV_X1          3511  1867.852   50590.774   2247260.635 NangateOpenCellLibrary       0 
INV_X16            1     4.522     228.754     15041.551 NangateOpenCellLibrary       0 
INV_X2           268   213.864    7641.236    419845.184 NangateOpenCellLibrary       0 
INV_X4            45    59.850    2563.813    154953.375 NangateOpenCellLibrary       0 
INV_X8            18    43.092    2094.011    119887.128 NangateOpenCellLibrary       0 
MUX2_X1          605  1126.510   21908.521   1298787.537 NangateOpenCellLibrary       0 
MUX2_X2           22    52.668    1523.145    137667.993 NangateOpenCellLibrary       0 
NAND2_X1        4547  3628.506   87868.775   3834478.849 NangateOpenCellLibrary       0 
NAND2_X2         499   663.670   23673.340   1103833.396 NangateOpenCellLibrary       0 
NAND2_X4          99   237.006    9680.362    466738.357 NangateOpenCellLibrary       0 
NAND3_X1         311   330.904    7583.127    304052.506 NangateOpenCellLibrary       0 
NAND3_X2          83   154.546    7113.700    252817.676 NangateOpenCellLibrary       0 
NAND3_X4           7    24.206     967.761     44286.470 NangateOpenCellLibrary       0 
NAND4_X1         108   143.640    2281.380     37531.310 NangateOpenCellLibrary       0 
NAND4_X2           5    11.970     186.383      5689.724 NangateOpenCellLibrary       0 
NAND4_X4           1     4.788     199.698      9286.385 NangateOpenCellLibrary       0 
NOR2_X1         1683  1343.034   36572.809   1286372.132 NangateOpenCellLibrary       0 
NOR2_X2          287   381.710   11708.108    634139.687 NangateOpenCellLibrary       0 
NOR2_X4           34    81.396    2825.701    137060.579 NangateOpenCellLibrary       0 
NOR3_X1           92    97.888    2478.026     65847.633 NangateOpenCellLibrary       0 
NOR3_X2            8    14.896     461.960     17939.171 NangateOpenCellLibrary       0 
NOR3_X4            4    14.896     426.108     27380.877 NangateOpenCellLibrary       0 
NOR4_X1           71    94.430    2403.590     16011.276 NangateOpenCellLibrary       0 
OAI211_X1        186   247.380    5860.664    221479.895 NangateOpenCellLibrary       0 
OAI21_X1        1173  1248.072   29265.411   1560898.319 NangateOpenCellLibrary       0 
OAI21_X2         259   482.258   15544.461    844245.715 NangateOpenCellLibrary       0 
OAI21_X4          25    86.450    3128.692    173380.527 NangateOpenCellLibrary       0 
OAI221_X1        166   264.936    7924.704    281158.900 NangateOpenCellLibrary       0 
OAI221_X2          1     2.926      81.894      5236.067 NangateOpenCellLibrary       0 
OAI222_X1         39    82.992    1942.343    102227.828 NangateOpenCellLibrary       0 
OAI222_X2          1     3.724      83.895      4759.219 NangateOpenCellLibrary       0 
OAI22_X1         609   809.970   25859.825    806074.703 NangateOpenCellLibrary       0 
OAI22_X2          11    26.334     824.862     46401.866 NangateOpenCellLibrary       0 
OAI33_X1           2     3.724      72.531      6705.922 NangateOpenCellLibrary       0 
OR2_X1           514   546.896   12113.040    687169.895 NangateOpenCellLibrary       0 
OR2_X2            52    69.160    2394.086    209749.665 NangateOpenCellLibrary       0 
OR2_X4            13    31.122    1190.412    120805.392 NangateOpenCellLibrary       0 
OR3_X1            43    57.190    1075.679     30832.423 NangateOpenCellLibrary       0 
OR3_X2             2     3.192      93.052      5967.662 NangateOpenCellLibrary       0 
OR4_X1            74   118.104    2065.736     31544.225 NangateOpenCellLibrary       0 
SDFFR_X1         158  1050.700   16952.288   1996684.392 NangateOpenCellLibrary       0 
XNOR2_X1         886  1414.056   33155.069   2106533.685 NangateOpenCellLibrary       0 
XNOR2_X2         619  1646.540   46250.244   3386231.782 NangateOpenCellLibrary       0 
XOR2_X1          238   379.848    8152.883    601808.690 NangateOpenCellLibrary       0 
XOR2_X2          108   258.552    7178.143    663693.109 NangateOpenCellLibrary       0 
----------------------------------------------------------------------------------------
total          21384 32568.774  742645.715  46105185.858                                
                                            Leakage  Leakage   Internal   Internal 
     Type      Instances    Area   Area % Power (nW) Power %  Power (nW)   Power % 
-----------------------------------------------------------------------------------
sequential          2173 11661.174   35.8 193465.630    26.1 18095800.830     39.2 
inverter            3843  2189.180    6.7  63118.588     8.5  2956987.873      6.4 
buffer                69    58.520    0.2   1253.950     0.2   158882.613      0.3 
logic              15299 18659.900   57.3 484807.548    65.3 24893514.543     54.0 
physical_cells         0     0.000    0.0      0.000     0.0        0.000      0.0 
-----------------------------------------------------------------------------------
total              21384 32568.774  100.0 742645.715   100.0 46105185.858    100.0 
