============================================================
  Generated by:           Genus(TM) Synthesis Solution 25.11-s095_1
  Generated on:           May 24 2026  02:05:22 am
  Module:                 sysarr_32_input_fp_adder
  Operating conditions:   typical 
  Interconnect mode:      global
  Area mode:              physical library
============================================================


Path 1: MET (0 ps) Setup Check with Pin abs_sum_reg[19]/CK->D
           View: view_1p2_25
          Group: clock1
     Startpoint: (R) aligner_inst_aligned_mant_out_reg[17][5]/CK
          Clock: (R) clock1
       Endpoint: (R) abs_sum_reg[19]/D
          Clock: (R) clock1

                     Capture       Launch     
        Clock Edge:+    1000            0     
       Src Latency:+       0            0     
       Net Latency:+       0 (I)        0 (I) 
           Arrival:=    1000            0     
                                              
             Setup:-      32                  
       Uncertainty:-       0                  
     Required Time:=     968                  
      Launch Clock:-       0                  
         Data Path:-     968                  
             Slack:=       0                  

Launch clock path:
#--------------------------------------------------------------------------------------------------------------------
#                Timing Point                 Flags   Arc   Edge   Cell     Fanout Load Trans Delay Arrival Instance 
#                                                                                  (fF)  (ps)  (ps)   (ps)  Location 
#--------------------------------------------------------------------------------------------------------------------
  clk                                         (i)     -     R     (arrival)   2173  0.0     0     0       0    (-,-) 
  clk                                         -       -     -     (net)          -    -     -     -       -    (-,-) 
  clk                                         -       -     -     (net)          -    -     -     -       -    (-,-) 
  aligner_inst_aligned_mant_out_reg[17][5]/CK <<<     -     R     DFFR_X1     2173    -     1     0       0    (-,-) 
#--------------------------------------------------------------------------------------------------------------------

#-----------------------------------------------------------------------------------------------------------------------
#                 Timing Point                  Flags    Arc   Edge   Cell     Fanout Load Trans Delay Arrival Instance 
#                                                                                     (fF)  (ps)  (ps)   (ps)  Location 
#-----------------------------------------------------------------------------------------------------------------------
  aligner_inst_aligned_mant_out_reg[17][5]/CK   -       -      R     (arrival)   2173    -     1     0       0    (-,-) 
  aligner_inst_aligned_mant_out_reg[17][5]/QN   -       CK->QN F     DFFR_X1        2  3.5    14    69      69    (-,-) 
  csa_tree_adder_tree_inst_add_129_30_n_1269    -       -      -     (net)          -    -     -     -       -    (-,-) 
  g391003/ZN                                    -       A->ZN  R     INV_X1         3  5.6    16    25      94    (-,-) 
  w_aligned_mants[17][5]                        -       -      -     (net)          -    -     -     -       -    (-,-) 
  csa_tree_adder_tree_inst_add_129_30_g69758/ZN -       A1->ZN F     NAND2_X1       1  1.8     8    15     109    (-,-) 
  csa_tree_adder_tree_inst_add_129_30_n_2209    -       -      -     (net)          -    -     -     -       -    (-,-) 
  csa_tree_adder_tree_inst_add_129_30_g69294/ZN -       A2->ZN R     NAND2_X1       1  2.5    11    18     127    (-,-) 
  csa_tree_adder_tree_inst_add_129_30_n_2658    -       -      -     (net)          -    -     -     -       -    (-,-) 
  csa_tree_adder_tree_inst_add_129_30_g68551/ZN -       A->ZN  R     XNOR2_X1       2  4.4    31    45     172    (-,-) 
  csa_tree_adder_tree_inst_add_129_30_n_3362    -       -      -     (net)          -    -     -     -       -    (-,-) 
  g370/ZN                                       -       A->ZN  R     XNOR2_X1       1  2.5    22    46     218    (-,-) 
  n_17463                                       -       -      -     (net)          -    -     -     -       -    (-,-) 
  g365/ZN                                       -       A->ZN  R     XNOR2_X1       3  5.7    37    52     270    (-,-) 
  n_17465                                       -       -      -     (net)          -    -     -     -       -    (-,-) 
  g362/ZN                                       -       A1->ZN F     NAND2_X1       1  1.8    13    18     288    (-,-) 
  n_17473                                       -       -      -     (net)          -    -     -     -       -    (-,-) 
  g360/ZN                                       -       A2->ZN R     NAND2_X1       3  7.3    22    32     320    (-,-) 
  n_17474                                       -       -      -     (net)          -    -     -     -       -    (-,-) 
  csa_tree_adder_tree_inst_add_129_30_g65157/ZN -       A->ZN  F     INV_X2         1  4.7     8    11     331    (-,-) 
  csa_tree_adder_tree_inst_add_129_30_n_5649    -       -      -     (net)          -    -     -     -       -    (-,-) 
  csa_tree_adder_tree_inst_add_129_30_g64961/ZN -       B->ZN  F     XNOR2_X2       1  4.1    11    37     368    (-,-) 
  csa_tree_adder_tree_inst_add_129_30_n_5788    -       -      -     (net)          -    -     -     -       -    (-,-) 
  csa_tree_adder_tree_inst_add_129_30_g64830/ZN -       A->ZN  F     XNOR2_X2       3  6.6    12    40     408    (-,-) 
  csa_tree_adder_tree_inst_add_129_30_n_5908    -       -      -     (net)          -    -     -     -       -    (-,-) 
  csa_tree_adder_tree_inst_add_129_30_g64536/ZN -       B1->ZN R     OAI21_X1       1  1.9    20    29     438    (-,-) 
  csa_tree_adder_tree_inst_add_129_30_n_6138    -       -      -     (net)          -    -     -     -       -    (-,-) 
  csa_tree_adder_tree_inst_add_129_30_g64503/ZN -       A1->ZN F     NAND2_X1       2  3.5    11    20     458    (-,-) 
  csa_tree_adder_tree_inst_add_129_30_n_705     -       -      -     (net)          -    -     -     -       -    (-,-) 
  csa_tree_adder_tree_inst_add_129_30_g64391/ZN -       A->ZN  R     INV_X1         2  7.0    18    27     484    (-,-) 
  csa_tree_adder_tree_inst_add_129_30_n_6273    -       -      -     (net)          -    -     -     -       -    (-,-) 
  csa_tree_adder_tree_inst_add_129_30_g64211/ZN -       B->ZN  R     XNOR2_X2       1  4.3    21    41     525    (-,-) 
  csa_tree_adder_tree_inst_add_129_30_n_6432    -       -      -     (net)          -    -     -     -       -    (-,-) 
  csa_tree_adder_tree_inst_add_129_30_g64150/ZN -       A->ZN  R     XNOR2_X2       3  7.5    28    45     570    (-,-) 
  csa_tree_adder_tree_inst_add_129_30_n_6491    -       -      -     (net)          -    -     -     -       -    (-,-) 
  fopt405409/ZN                                 -       A->ZN  F     INV_X1         1  3.2    10    13     584    (-,-) 
  n_13523                                       -       -      -     (net)          -    -     -     -       -    (-,-) 
  csa_tree_adder_tree_inst_add_129_30_g64001/ZN -       A1->ZN R     NAND2_X2       1  6.5    13    19     602    (-,-) 
  csa_tree_adder_tree_inst_add_129_30_n_6634    -       -      -     (net)          -    -     -     -       -    (-,-) 
  csa_tree_adder_tree_inst_add_129_30_g63952/ZN -       A2->ZN F     NAND2_X4       5 10.9     9    17     620    (-,-) 
  n_12775                                       -       -      -     (net)          -    -     -     -       -    (-,-) 
  WALLACE_CSA_DUMMY_OP_groupi_g3656/ZN          -       A1->ZN F     OR2_X2         3  6.9    11    46     666    (-,-) 
  WALLACE_CSA_DUMMY_OP_groupi_n_10              -       -      -     (net)          -    -     -     -       -    (-,-) 
  WALLACE_CSA_DUMMY_OP_groupi_g3524/ZN          -       A1->ZN R     NAND2_X1       2  5.3    17    24     690    (-,-) 
  WALLACE_CSA_DUMMY_OP_groupi_n_126             -       -      -     (net)          -    -     -     -       -    (-,-) 
  WALLACE_CSA_DUMMY_OP_groupi_g3471/ZN          -       A1->ZN F     NAND2_X2       3  7.6    11    21     711    (-,-) 
  WALLACE_CSA_DUMMY_OP_groupi_n_166             -       -      -     (net)          -    -     -     -       -    (-,-) 
  WALLACE_CSA_DUMMY_OP_groupi_g3286/ZN          -       A2->ZN R     NAND3_X2       1  6.6    16    24     734    (-,-) 
  WALLACE_CSA_DUMMY_OP_groupi_n_317             -       -      -     (net)          -    -     -     -       -    (-,-) 
  WALLACE_CSA_DUMMY_OP_groupi_g3283/ZN          -       A1->ZN F     NAND3_X4       5 10.4    13    23     757    (-,-) 
  WALLACE_CSA_DUMMY_OP_groupi_n_320             -       -      -     (net)          -    -     -     -       -    (-,-) 
  WALLACE_CSA_DUMMY_OP_groupi_g3280/ZN          -       A1->ZN R     NAND3_X2       1  6.6    16    22     780    (-,-) 
  WALLACE_CSA_DUMMY_OP_groupi_n_323             -       -      -     (net)          -    -     -     -       -    (-,-) 
  WALLACE_CSA_DUMMY_OP_groupi_g3273/ZN          -       A1->ZN F     NAND3_X4       2  9.0    12    22     801    (-,-) 
  WALLACE_CSA_DUMMY_OP_groupi_n_330             -       -      -     (net)          -    -     -     -       -    (-,-) 
  fopt405633/ZN                                 -       A->ZN  R     INV_X2         2  6.9    11    19     820    (-,-) 
  n_13835                                       -       -      -     (net)          -    -     -     -       -    (-,-) 
  fopt407207/ZN                                 -       A->ZN  F     INV_X2         3  5.2     5    10     830    (-,-) 
  n_13832                                       -       -      -     (net)          -    -     -     -       -    (-,-) 
  g407210/ZN                                    -       A1->ZN R     NAND2_X1       1  1.9    10    13     843    (-,-) 
  n_15447                                       -       -      -     (net)          -    -     -     -       -    (-,-) 
  WALLACE_CSA_DUMMY_OP_groupi_g407209/ZN        -       A1->ZN F     NAND2_X1       2  4.0    11    18     861    (-,-) 
  n_15448                                       -       -      -     (net)          -    -     -     -       -    (-,-) 
  WALLACE_CSA_DUMMY_OP_groupi_g3241/ZN          -       B1->ZN R     AOI21_X1       1  2.5    25    31     892    (-,-) 
  WALLACE_CSA_DUMMY_OP_groupi_n_357             -       -      -     (net)          -    -     -     -       -    (-,-) 
  WALLACE_CSA_DUMMY_OP_groupi_g3227/ZN          -       A->ZN  R     XNOR2_X1       1  1.9    20    43     935    (-,-) 
  n_12343                                       -       -      -     (net)          -    -     -     -       -    (-,-) 
  g220181__5115/ZN                              -       A1->ZN F     NAND2_X1       1  1.8     9    16     950    (-,-) 
  n_12111                                       -       -      -     (net)          -    -     -     -       -    (-,-) 
  g220048__7410/ZN                              -       A2->ZN R     NAND3_X1       1  1.4    11    17     968    (-,-) 
  n_12242                                       -       -      -     (net)          -    -     -     -       -    (-,-) 
  abs_sum_reg[19]/D                             <<<     -      R     DFF_X1         1    -     -     0     968    (-,-) 
#-----------------------------------------------------------------------------------------------------------------------

Capture clock path:
#-------------------------------------------------------------------------------------------
#   Timing Point     Flags   Arc   Edge   Cell     Fanout Load Trans Delay Arrival Instance 
#                                                         (fF)  (ps)  (ps)   (ps)  Location 
#-------------------------------------------------------------------------------------------
  clk                (i)     -     R     (arrival)   2173  0.0     0     0    1000    (-,-) 
  clk                -       -     -     (net)          -    -     -     -       -    (-,-) 
  clk                -       -     -     (net)          -    -     -     -       -    (-,-) 
  abs_sum_reg[19]/CK <<<     -     R     DFF_X1      2173    -     1     0    1000    (-,-) 
#-------------------------------------------------------------------------------------------


