============================================================
  Generated by:           Genus(TM) Synthesis Solution 25.11-s095_1
  Generated on:           Mar 11 2026  02:17:58 am
  Operating conditions:   typical 
  Interconnect mode:      global
  Area mode:              physical library
============================================================

                                Leakage    Internal                          Library 
   Gate    Instances   Area   Power (nW)  Power (nW)          Library         Domain 
-------------------------------------------------------------------------------------
AND2_X1           62   65.968   1557.898    76741.100 NangateOpenCellLibrary       0 
AND2_X2            3    3.990    161.285     5939.705 NangateOpenCellLibrary       0 
AND3_X1            4    5.320    104.011     1990.897 NangateOpenCellLibrary       0 
AND3_X2            1    1.596     46.524     2517.920 NangateOpenCellLibrary       0 
AND4_X1            6    9.576    147.616     3388.210 NangateOpenCellLibrary       0 
AOI211_X1          2    2.660     63.863     3320.222 NangateOpenCellLibrary       0 
AOI21_X1          35   37.240    994.546    42185.492 NangateOpenCellLibrary       0 
AOI21_X2           5    9.310    297.089     8453.682 NangateOpenCellLibrary       0 
AOI221_X1         25   39.900    890.980    41806.432 NangateOpenCellLibrary       0 
AOI222_X1          4    8.512    156.892     6825.647 NangateOpenCellLibrary       0 
AOI22_X1         149  198.170   4743.825   160241.640 NangateOpenCellLibrary       0 
AOI22_X2           3    7.182    189.723     7740.985 NangateOpenCellLibrary       0 
CLKBUF_X1          2    1.596     25.301      775.481 NangateOpenCellLibrary       0 
DFFR_X1          110  585.200   9702.325  1064504.807 NangateOpenCellLibrary       0 
FA_X1             31  131.936   2393.244   158323.067 NangateOpenCellLibrary       0 
HA_X1             49  130.340   2918.233   176831.090 NangateOpenCellLibrary       0 
INV_X1           253  134.596   3619.135   136932.780 NangateOpenCellLibrary       0 
INV_X2            11    8.778    323.316     7258.664 NangateOpenCellLibrary       0 
INV_X4             4    5.320    229.869     8783.433 NangateOpenCellLibrary       0 
INV_X8             1    2.394    119.091     2435.279 NangateOpenCellLibrary       0 
MUX2_X1          263  489.706   9494.211   583122.502 NangateOpenCellLibrary       0 
MUX2_X2            1    2.394     68.677     3719.447 NangateOpenCellLibrary       0 
NAND2_X1         222  177.156   4268.056   146332.536 NangateOpenCellLibrary       0 
NAND2_X2           5    6.650    219.816     7460.892 NangateOpenCellLibrary       0 
NAND2_X4           4    9.576    419.887     9718.201 NangateOpenCellLibrary       0 
NAND3_X1           7    7.448    137.874     3335.043 NangateOpenCellLibrary       0 
NAND4_X1          15   19.950    199.689     2598.722 NangateOpenCellLibrary       0 
NOR2_X1          124   98.952   2678.119    81628.350 NangateOpenCellLibrary       0 
NOR2_X2            7    9.310    292.868     5013.645 NangateOpenCellLibrary       0 
NOR3_X1           14   14.896    399.245     6834.037 NangateOpenCellLibrary       0 
NOR3_X2            1    1.862     50.656     2333.433 NangateOpenCellLibrary       0 
NOR4_X1           27   35.910    906.095     4879.383 NangateOpenCellLibrary       0 
OAI211_X1          7    9.310    169.452     6958.097 NangateOpenCellLibrary       0 
OAI21_X1          44   46.816   1225.105    52907.106 NangateOpenCellLibrary       0 
OAI21_X2           6   11.172    371.011    12205.114 NangateOpenCellLibrary       0 
OAI21_X4           2    6.916    241.038     7291.424 NangateOpenCellLibrary       0 
OAI221_X1         18   28.728   1017.146    30178.818 NangateOpenCellLibrary       0 
OAI222_X1         18   38.304   1030.791    35930.328 NangateOpenCellLibrary       0 
OAI22_X1          77  102.410   3084.589    96622.360 NangateOpenCellLibrary       0 
OAI22_X2           1    2.394     65.979     1561.474 NangateOpenCellLibrary       0 
OAI33_X1           2    3.724     75.199     4452.579 NangateOpenCellLibrary       0 
OR2_X1            57   60.648   1328.366    78321.176 NangateOpenCellLibrary       0 
OR3_X1             1    1.330     24.369     1980.397 NangateOpenCellLibrary       0 
OR4_X1             6    9.576    161.102     1487.286 NangateOpenCellLibrary       0 
SDFFR_X1          26  172.900   2809.015   322638.302 NangateOpenCellLibrary       0 
XNOR2_X1          74  118.104   2717.801   147924.707 NangateOpenCellLibrary       0 
XNOR2_X2           4   10.640    273.657    16943.906 NangateOpenCellLibrary       0 
XOR2_X1           85  135.660   3063.549   182592.332 NangateOpenCellLibrary       0 
XOR2_X2            1    2.394     71.022     2529.996 NangateOpenCellLibrary       0 
-------------------------------------------------------------------------------------
total           1879 3024.420  65549.152  3776498.125                                
                                           Leakage  Leakage   Internal  Internal 
     Type      Instances   Area   Area % Power (nW) Power %  Power (nW)  Power % 
---------------------------------------------------------------------------------
sequential           136  758.100   25.1  12511.340    19.1 1387143.110     36.7 
inverter             269  151.088    5.0   4291.411     6.5  155410.157      4.1 
buffer                 2    1.596    0.1     25.301     0.0     775.481      0.0 
logic               1472 2113.636   69.9  48721.100    74.3 2233169.378     59.1 
physical_cells         0    0.000    0.0      0.000     0.0       0.000      0.0 
---------------------------------------------------------------------------------
total               1879 3024.420  100.0  65549.152   100.0 3776498.125    100.0 
