============================================================
  Generated by:           Genus(TM) Synthesis Solution 25.11-s095_1
  Generated on:           Mar 11 2026  03:06:05 am
  Module:                 sysarr_4_input_fp_adder
  Library domain:         timing_condition_tt_1p2v_25c
    Domain index:         0
    Technology library:   NangateOpenCellLibrary revision 1.0
  Operating conditions:   typical 
  Interconnect mode:      global
  Area mode:              physical library
============================================================

Timing
--------

Analysis view  Clock Period 
----------------------------
view_1p2_25   clock1 1493.0 


  Analysis    Cost   Critical        Violating 
    View     Group  Path Slack  TNS    Paths   
-----------------------------------------------
view_1p2_25  clock1      380.7  0.0          0 
            default   No paths  0.0          0 
-----------------------------------------------
Total                          -0.0          0 
                                               

Instance Count
--------------
Leaf Instance Count             4187 
Physical Instance count            0 
Sequential Instance Count        136 
Combinational Instance Count    4051 
Hierarchical Instance Count        3 

Area
----
Cell Area                          7191.782
Physical Cell Area                 0.000
Total Cell Area (Cell+Physical)    7191.782
Net Area                           25.916
Total Area (Cell+Physical+Net)     7217.698

Power
-----
Leakage Power                      50505.380 nW
Dynamic Power                      1922071.680 nW
Total Power                        1972577.059 nW

Max Fanout                         136 (clk)
Min Fanout                         0 (nRST)
Average Fanout                     1.9
Terms to net ratio                 3.0522
Terms to instance ratio            3.1550
Runtime                            42.949345 seconds
Elapsed Runtime                    50 seconds
Genus peak memory usage            1729.33 
Innovus peak memory usage          no_value 
Hostname                           asicfab.ecn.purdue.edu
