============================================================
  Generated by:           Genus(TM) Synthesis Solution 25.11-s095_1
  Generated on:           Feb 12 2026  11:27:03 am
  Module:                 sysarr_4_input_fp_adder
  Operating conditions:   PVT_1P2V_25C 
  Interconnect mode:      global
  Area mode:              physical library
============================================================


Path 1: MET (0 ps) Setup Check with Pin st1_y_f_reg[1]/CLK->D
           View: view_1p2_25
          Group: clock1
     Startpoint: (R) add_b[14]
          Clock: (R) clock1
       Endpoint: (F) st1_y_f_reg[1]/D
          Clock: (R) clock1

                     Capture       Launch     
        Clock Edge:+    1667            0     
        Drv Adjust:+       0            5     
       Src Latency:+       0            0     
       Net Latency:+       0 (I)        0 (I) 
           Arrival:=    1667            5     
                                              
             Setup:-     143                  
       Uncertainty:-       0                  
     Required Time:=    1523                  
      Launch Clock:-       5                  
       Input Delay:-       1                  
         Data Path:-    1517                  
             Slack:=       0                  

Exceptions/Constraints:
  input_delay              1              sysarr_4_input_fp_ad_line_24_18_1   

#-----------------------------------------------------------------------------------------
#  Timing Point    Flags   Arc   Edge   Cell     Fanout Load Trans Delay Arrival Instance 
#                                                       (fF)  (ps)  (ps)   (ps)  Location 
#-----------------------------------------------------------------------------------------
  add_b[14]        -       -     R     (arrival)      6 17.9    14     0       6    (-,-) 
  add_b[14]        -       -     -     (net)          -    -     -     -       -    (-,-) 
  g39574/X         -       A->X  F     inv_1x         3  9.4    31    30      37    (-,-) 
  n_315            -       -     -     (net)          -    -     -     -       -    (-,-) 
  g39545__9945/X   -       A->X  R     nand2_1x       3  9.5    78    60      97    (-,-) 
  n_350            -       -     -     (net)          -    -     -     -       -    (-,-) 
  g39466__1705/X   -       C->X  F     oai21_1x       2  7.8    58    74     171    (-,-) 
  n_427            -       -     -     (net)          -    -     -     -       -    (-,-) 
  g39365__5122/X   -       C->X  R     oai21_2x       4 15.8   111    87     258    (-,-) 
  n_484            -       -     -     (net)          -    -     -     -       -    (-,-) 
  g39361/X         -       A->X  F     inv_2x         2  6.8    38    34     293    (-,-) 
  n_266            -       -     -     (net)          -    -     -     -       -    (-,-) 
  g39323__2883/X   -       B0->X R     oai22_1x       5 15.0   185   132     425    (-,-) 
  n_504            -       -     -     (net)          -    -     -     -       -    (-,-) 
  g39309/X         -       A->X  F     inv_1x         3  9.2    72    69     494    (-,-) 
  n_503            -       -     -     (net)          -    -     -     -       -    (-,-) 
  g39227__5115/X   -       B->X  R     nand2_1x       2 10.6    89    80     574    (-,-) 
  n_573            -       -     -     (net)          -    -     -     -       -    (-,-) 
  g39156__6131/X   -       B0->X F     aoi22_2x       3 19.1    80    80     654    (-,-) 
  n_644            -       -     -     (net)          -    -     -     -       -    (-,-) 
  g39096__4319/X   -       A->X  R     nor2_2x        2 12.7    81    71     725    (-,-) 
  n_701            -       -     -     (net)          -    -     -     -       -    (-,-) 
  g38989__6131/X   -       A->X  R     or2_1x         2  6.7    41    78     803    (-,-) 
  n_785            -       -     -     (net)          -    -     -     -       -    (-,-) 
  g38953__1666/X   -       A->X  F     nor2_1x        2  6.8    70    55     858    (-,-) 
  n_808            -       -     -     (net)          -    -     -     -       -    (-,-) 
  g38890__7410/X   -       C->X  R     aoi21_1x       1  5.7    83    78     936    (-,-) 
  n_861            -       -     -     (net)          -    -     -     -       -    (-,-) 
  g38777__7482/CO  -       A->CO R     addh_1x        1  3.5    31    76    1011    (-,-) 
  n_938            -       -     -     (net)          -    -     -     -       -    (-,-) 
  g38746__6783/X   -       C->X  F     aoi21_1x       1  5.4    52    33    1044    (-,-) 
  n_951            -       -     -     (net)          -    -     -     -       -    (-,-) 
  g38709__6260/X   -       A->X  R     nor3_2x        3  9.6    99    76    1120    (-,-) 
  n_969            -       -     -     (net)          -    -     -     -       -    (-,-) 
  g38689__7482/X   -       A->X  F     nor2_1x        2  6.5    58    72    1192    (-,-) 
  n_978            -       -     -     (net)          -    -     -     -       -    (-,-) 
  g38685/X         -       A->X  R     inv_1x         4 14.3    73    66    1258    (-,-) 
  n_979            -       -     -     (net)          -    -     -     -       -    (-,-) 
  g38671__6783/X   -       A->X  F     nor2_2x        5 16.2   106    70    1328    (-,-) 
  n_997            -       -     -     (net)          -    -     -     -       -    (-,-) 
  g38664/X         -       A->X  R     inv_1x         4 13.1    80    76    1404    (-,-) 
  n_996            -       -     -     (net)          -    -     -     -       -    (-,-) 
  g38613__6783/X   -       B0->X R     oa22_1x        1  3.6    34    79    1483    (-,-) 
  n_1026           -       -     -     (net)          -    -     -     -       -    (-,-) 
  g38588__6161/X   -       C->X  F     oai21_1x       1  2.7    38    40    1523    (-,-) 
  n_1043           -       -     -     (net)          -    -     -     -       -    (-,-) 
  st1_y_f_reg[1]/D <<<     -     F     dffrq_1x       1    -     -     0    1523    (-,-) 
#-----------------------------------------------------------------------------------------

Capture clock path:
#-------------------------------------------------------------------------------------------
#   Timing Point     Flags   Arc   Edge   Cell     Fanout Load Trans Delay Arrival Instance 
#                                                         (fF)  (ps)  (ps)   (ps)  Location 
#-------------------------------------------------------------------------------------------
  clk                (i)     -     R     (arrival)    117  0.0     1     0    1667    (-,-) 
  clk                -       -     -     (net)          -    -     -     -       -    (-,-) 
  clk                -       -     -     (net)          -    -     -     -       -    (-,-) 
  st1_y_f_reg[1]/CLK <<<     -     R     dffrq_1x     117    -     1     0    1667    (-,-) 
#-------------------------------------------------------------------------------------------


