============================================================
  Generated by:           Genus(TM) Synthesis Solution 25.11-s095_1
  Generated on:           Mar 11 2026  03:22:42 pm
  Module:                 sysarr_n_input_fp_adder_noretime
  Library domain:         timing_condition_tt_1p2v_25c
    Domain index:         0
    Technology library:   NangateOpenCellLibrary revision 1.0
  Operating conditions:   typical 
  Interconnect mode:      global
  Area mode:              physical library
============================================================

# SETUP                   WNS       TNS    FEP 
# -----------------------------------------------
 View: ALL            -1220.5  -63101.8     76 
    Group : in2out        N/A       N/A    N/A 
    Group : in2reg    -1220.5  -62332.8     53 
    Group : reg2out    1001.8       0.0      0 
    Group : reg2reg     -53.7    -769.0     23 

# -----------------------------------------------
# DRV                        WNS  TNS  FEP 
# -------------------------------------------
 View: ALL                                 
    Check: max_transition    N/A  N/A    0 
    Check: max_capacitance   N/A  N/A    0 
    Check: max_fanout        N/A  N/A    0 

# -------------------------------------------
