============================================================
  Generated by:           Genus(TM) Synthesis Solution 25.11-s095_1
  Generated on:           Mar 11 2026  03:00:53 am
  Module:                 sysarr_4_input_fp_adder
  Operating conditions:   typical 
  Interconnect mode:      global
  Area mode:              physical library
============================================================


Path 1: MET (16 ps) Setup Check with Pin st1_sum_vec_reg[7]/CK->D
           View: view_1p2_25
          Group: clock1
     Startpoint: (F) add_d[24]
          Clock: (R) clock1
       Endpoint: (F) st1_sum_vec_reg[7]/D
          Clock: (R) clock1

                     Capture       Launch     
        Clock Edge:+    1235            0     
        Drv Adjust:+       0            0     
       Src Latency:+       0            0     
       Net Latency:+       0 (I)        0 (I) 
           Arrival:=    1235            0     
                                              
             Setup:-      39                  
       Uncertainty:-       0                  
     Required Time:=    1196                  
      Launch Clock:-       0                  
       Input Delay:-       1                  
         Data Path:-    1178                  
             Slack:=      16                  

Exceptions/Constraints:
  input_delay              1              sysarr_4_input_fp_ad_line_21_104_1   

#-----------------------------------------------------------------------------------------------
#    Timing Point      Flags    Arc   Edge   Cell     Fanout  Load Trans Delay Arrival Instance 
#                                                             (fF)  (ps)  (ps)   (ps)  Location 
#-----------------------------------------------------------------------------------------------
  add_d[24]            -       -      F     (arrival)      4  15.5     0     0       1    (-,-) 
  add_d[24]            -       -      -     (net)          -     -     -     -       -    (-,-) 
  g77049/ZN            -       A->ZN  R     INV_X8         3  12.3     6     9      10    (-,-) 
  n_61                 -       -      -     (net)          -     -     -     -       -    (-,-) 
  g77010/ZN            -       A1->ZN F     NAND2_X2       1   5.9     9    14      24    (-,-) 
  n_96                 -       -      -     (net)          -     -     -     -       -    (-,-) 
  g76802/ZN            -       B2->ZN R     AOI21_X4       1   3.4    18    27      51    (-,-) 
  n_215                -       -      -     (net)          -     -     -     -       -    (-,-) 
  g76778/ZN            -       B1->ZN F     OAI21_X2       1   3.0     9    16      67    (-,-) 
  n_237                -       -      -     (net)          -     -     -     -       -    (-,-) 
  g76763/ZN            -       B1->ZN R     AOI21_X2       1   3.4    21    26      94    (-,-) 
  n_248                -       -      -     (net)          -     -     -     -       -    (-,-) 
  g76743/ZN            -       B1->ZN F     OAI21_X2       1   3.0    10    17     110    (-,-) 
  n_267                -       -      -     (net)          -     -     -     -       -    (-,-) 
  g76724/ZN            -       B1->ZN R     AOI21_X2       1   3.4    21    26     137    (-,-) 
  n_281                -       -      -     (net)          -     -     -     -       -    (-,-) 
  g76662/ZN            -       B1->ZN F     OAI21_X2       1   5.9    13    20     157    (-,-) 
  n_322                -       -      -     (net)          -     -     -     -       -    (-,-) 
  g76620/ZN            -       B1->ZN R     AOI21_X4       3  10.6    26    33     190    (-,-) 
  n_390                -       -      -     (net)          -     -     -     -       -    (-,-) 
  g76614/ZN            -       A->ZN  F     INV_X2         2   3.5     8    10     200    (-,-) 
  n_391                -       -      -     (net)          -     -     -     -       -    (-,-) 
  g76570__5107/ZN      -       A1->ZN R     NAND2_X1       1   3.5    13    18     218    (-,-) 
  n_412                -       -      -     (net)          -     -     -     -       -    (-,-) 
  g76548__8246/ZN      -       A->ZN  F     OAI21_X2       3   7.4    12    24     242    (-,-) 
  n_443                -       -      -     (net)          -     -     -     -       -    (-,-) 
  g76496__4319/ZN      -       A1->ZN R     NAND2_X2       3   7.4    15    21     264    (-,-) 
  n_493                -       -      -     (net)          -     -     -     -       -    (-,-) 
  g76398__6417/ZN      -       A2->ZN F     NAND2_X1       1   3.2    10    18     282    (-,-) 
  n_581                -       -      -     (net)          -     -     -     -       -    (-,-) 
  g76381__1881/ZN      -       A1->ZN R     NAND2_X2       2   3.8    10    16     298    (-,-) 
  n_611                -       -      -     (net)          -     -     -     -       -    (-,-) 
  g76339__7098/ZN      -       A1->ZN F     NAND2_X1       1   1.9     8    13     311    (-,-) 
  n_642                -       -      -     (net)          -     -     -     -       -    (-,-) 
  g76303__7098/ZN      -       B2->ZN R     OAI21_X1       1   3.4    26    40     350    (-,-) 
  n_682                -       -      -     (net)          -     -     -     -       -    (-,-) 
  g76301__5122/ZN      -       A1->ZN F     NAND2_X2       2   6.3    12    21     371    (-,-) 
  n_684                -       -      -     (net)          -     -     -     -       -    (-,-) 
  g76300/ZN            -       A->ZN  R     INV_X2         1   6.7    11    19     390    (-,-) 
  n_685                -       -      -     (net)          -     -     -     -       -    (-,-) 
  g76297__1617/ZN      -       B1->ZN F     OAI21_X4      12  23.1    23    23     414    (-,-) 
  n_688                -       -      -     (net)          -     -     -     -       -    (-,-) 
  g76295/Z             -       A->Z   F     BUF_X4        11  29.2    11    41     454    (-,-) 
  n_44                 -       -      -     (net)          -     -     -     -       -    (-,-) 
  g76275/ZN            -       A->ZN  R     INV_X8        50 102.5    32    42     496    (-,-) 
  n_45                 -       -      -     (net)          -     -     -     -       -    (-,-) 
  g76175__2346/ZN      -       A1->ZN F     NAND3_X1       1   1.8    15    24     520    (-,-) 
  n_703                -       -      -     (net)          -     -     -     -       -    (-,-) 
  g76146__2883/ZN      -       A->ZN  R     OAI21_X1       2   6.4    40    35     555    (-,-) 
  n_753                -       -      -     (net)          -     -     -     -       -    (-,-) 
  g75915__5107/ZN      -       C1->ZN F     OAI211_X1      1   1.8    17    27     582    (-,-) 
  n_947                -       -      -     (net)          -     -     -     -       -    (-,-) 
  g75889__1617/ZN      -       A->ZN  R     OAI21_X1       2   5.7    37    34     616    (-,-) 
  n_982                -       -      -     (net)          -     -     -     -       -    (-,-) 
  g75804__5107/ZN      -       A->ZN  R     XNOR2_X1       3   4.2    30    52     668    (-,-) 
  n_1067               -       -      -     (net)          -     -     -     -       -    (-,-) 
  g75796/ZN            -       A->ZN  F     INV_X1         1   3.5    10    14     682    (-,-) 
  n_1068               -       -      -     (net)          -     -     -     -       -    (-,-) 
  g75782__5122/ZN      -       A->ZN  R     OAI211_X2     11  19.9    59    42     725    (-,-) 
  n_1091               -       -      -     (net)          -     -     -     -       -    (-,-) 
  g75762/ZN            -       A->ZN  F     INV_X1         6   9.8    22    31     756    (-,-) 
  n_1090               -       -      -     (net)          -     -     -     -       -    (-,-) 
  g75662__6161/ZN      -       A2->ZN R     AOI22_X1       1   1.9    26    43     798    (-,-) 
  n_1192               -       -      -     (net)          -     -     -     -       -    (-,-) 
  g75612__8428/ZN      -       A->ZN  F     OAI221_X1      1   2.4    20    38     836    (-,-) 
  n_1240               -       -      -     (net)          -     -     -     -       -    (-,-) 
  g75566__5115/ZN      -       A->ZN  F     XNOR2_X1       2   4.3    27    48     885    (-,-) 
  n_1304               -       -      -     (net)          -     -     -     -       -    (-,-) 
  g75549__2398/Z       -       A->Z   F     XOR2_X1        2   4.1    16    63     948    (-,-) 
  n_1321               -       -      -     (net)          -     -     -     -       -    (-,-) 
  g75497__7482/Z       -       A->Z   F     XOR2_X1        1   2.5    22    54    1002    (-,-) 
  n_1373               -       -      -     (net)          -     -     -     -       -    (-,-) 
  g75381__2346/Z       -       A->Z   F     XOR2_X1        1   3.0    13    58    1060    (-,-) 
  n_1483               -       -      -     (net)          -     -     -     -       -    (-,-) 
  g75178__6260/S       -       CI->S  R     FA_X1          1   2.0    12   112    1172    (-,-) 
  n_1640               -       -      -     (net)          -     -     -     -       -    (-,-) 
  g75172/ZN            -       A->ZN  F     INV_X1         1   1.4     4     7    1179    (-,-) 
  n_1648               -       -      -     (net)          -     -     -     -       -    (-,-) 
  st1_sum_vec_reg[7]/D <<<     -      F     DFFR_X1        1     -     -     0    1179    (-,-) 
#-----------------------------------------------------------------------------------------------

Capture clock path:
#----------------------------------------------------------------------------------------------
#     Timing Point      Flags   Arc   Edge   Cell     Fanout Load Trans Delay Arrival Instance 
#                                                            (fF)  (ps)  (ps)   (ps)  Location 
#----------------------------------------------------------------------------------------------
  clk                   (i)     -     R     (arrival)    136  0.0     0     0    1235    (-,-) 
  clk                   -       -     -     (net)          -    -     -     -       -    (-,-) 
  clk                   -       -     -     (net)          -    -     -     -       -    (-,-) 
  st1_sum_vec_reg[7]/CK <<<     -     R     DFFR_X1      136    -     1     0    1235    (-,-) 
#----------------------------------------------------------------------------------------------


