============================================================
  Generated by:           Genus(TM) Synthesis Solution 25.11-s095_1
  Generated on:           May 23 2026  09:26:07 pm
  Module:                 sysarr_32_input_fp_adder
  Operating conditions:   typical 
  Interconnect mode:      global
  Area mode:              physical library
============================================================

Timing
--------

Analysis view  Clock Period 
----------------------------
view_1p2_25   clock1 1000.0 


  Analysis    Cost   Critical        Violating 
    View     Group  Path Slack  TNS    Paths   
-----------------------------------------------
view_1p2_25  clock1        0.0  0.0          0 
            default   No paths  0.0          0 
-----------------------------------------------
Total                          -0.0          0 
                                               

Instance Count
--------------
Leaf Instance Count             15711 
Physical Instance count             0 
Sequential Instance Count        2310 
Combinational Instance Count    13401 
Hierarchical Instance Count         0 

Area
----
Cell Area                          29006.236
Physical Cell Area                 0.000
Total Cell Area (Cell+Physical)    29006.236
Net Area                           20582.733
Total Area (Cell+Physical+Net)     49588.969

Power
-----
Leakage Power                      607505.568 nW
Dynamic Power                      62084565.731 nW
Total Power                        62692071.299 nW

Max Fanout                         2310 (clk)
Min Fanout                         0 (adder_tree_inst_s2_g1_r[2])
Average Fanout                     2.1
Terms to net ratio                 3.3273
Terms to instance ratio            3.6499
Runtime                            49.209587 seconds
Elapsed Runtime                    53 seconds
Genus peak memory usage            1753.46 
Innovus peak memory usage          no_value 
Hostname                           asicfab.ecn.purdue.edu
