============================================================
  Generated by:           Genus(TM) Synthesis Solution 25.11-s095_1
  Generated on:           Mar 10 2026  10:06:03 pm
  Module:                 add_bf16_1C
  Operating conditions:   typical 
  Interconnect mode:      global
  Area mode:              physical library
============================================================

Timing
--------

Analysis view  Clock Period 
----------------------------
view_1p2_25   clock1 1250.0 


  Analysis    Cost   Critical        Violating 
    View     Group  Path Slack  TNS    Paths   
-----------------------------------------------
view_1p2_25  clock1        0.4  0.0          0 
            default   No paths  0.0          0 
-----------------------------------------------
Total                          -0.0          0 
                                               

Instance Count
--------------
Leaf Instance Count             616 
Physical Instance count           0 
Sequential Instance Count        33 
Combinational Instance Count    583 
Hierarchical Instance Count       0 

Area
----
Cell Area                          844.284
Physical Cell Area                 0.000
Total Cell Area (Cell+Physical)    844.284
Net Area                           871.379
Total Area (Cell+Physical+Net)     1715.663

Power
-----
Leakage Power                      19180.846 nW
Dynamic Power                      1565531.820 nW
Total Power                        1584712.666 nW

Max Fanout                         33 (clk)
Min Fanout                         0 (nRST)
Average Fanout                     2.3
Terms to net ratio                 3.2452
Terms to instance ratio            3.5666
Runtime                            45.984308 seconds
Elapsed Runtime                    51 seconds
Genus peak memory usage            1706.54 
Innovus peak memory usage          no_value 
Hostname                           asicfab.ecn.purdue.edu
