============================================================
  Generated by:           Genus(TM) Synthesis Solution 25.11-s095_1
  Generated on:           May 23 2026  03:26:11 pm
  Module:                 sysarr_32_input_fp_adder
  Operating conditions:   typical 
  Interconnect mode:      global
  Area mode:              physical library
============================================================


Path 1: MET (0 ps) Setup Check with Pin aligner_inst_aligned_mant_out_reg[14][26]/CK->D
           View: view_1p2_25
          Group: clock1
     Startpoint: (R) aligner_inst_max_l4_n0_r_reg[1]/CK
          Clock: (R) clock1
       Endpoint: (F) aligner_inst_aligned_mant_out_reg[14][26]/D
          Clock: (R) clock1

                     Capture       Launch     
        Clock Edge:+    1000            0     
       Src Latency:+       0            0     
       Net Latency:+       0 (I)        0 (I) 
           Arrival:=    1000            0     
                                              
             Setup:-      41                  
       Uncertainty:-       0                  
     Required Time:=     959                  
      Launch Clock:-       0                  
         Data Path:-     959                  
             Slack:=       0                  

Launch clock path:
#-----------------------------------------------------------------------------------------------------------
#           Timing Point             Flags   Arc   Edge   Cell     Fanout Load Trans Delay Arrival Instance 
#                                                                         (fF)  (ps)  (ps)   (ps)  Location 
#-----------------------------------------------------------------------------------------------------------
  clk                                (i)     -     R     (arrival)   2650  0.0     0     0       0    (-,-) 
  clk                                -       -     -     (net)          -    -     -     -       -    (-,-) 
  clk                                -       -     -     (net)          -    -     -     -       -    (-,-) 
  aligner_inst_max_l4_n0_r_reg[1]/CK <<<     -     R     DFFR_X1     2650    -     1     0       0    (-,-) 
#-----------------------------------------------------------------------------------------------------------

#---------------------------------------------------------------------------------------------------------------------
#                Timing Point                 Flags    Arc   Edge   Cell     Fanout Load Trans Delay Arrival Instance 
#                                                                                   (fF)  (ps)  (ps)   (ps)  Location 
#---------------------------------------------------------------------------------------------------------------------
  aligner_inst_max_l4_n0_r_reg[1]/CK          -       -      R     (arrival)   2650    -     1     0       0    (-,-) 
  aligner_inst_max_l4_n0_r_reg[1]/QN          -       CK->QN F     DFFR_X1        1  3.2    14    68      68    (-,-) 
  n_11349                                     -       -      -     (net)          -    -     -     -       -    (-,-) 
  g370266/ZN                                  -       A->ZN  R     INV_X2         2 10.1    14    24      92    (-,-) 
  n_2446                                      -       -      -     (net)          -    -     -     -       -    (-,-) 
  g370218/ZN                                  -       A->ZN  F     INV_X2         6 15.8    10    19     111    (-,-) 
  n_2470                                      -       -      -     (net)          -    -     -     -       -    (-,-) 
  g370204/ZN                                  -       A->ZN  R     INV_X2         7 14.3    19    27     138    (-,-) 
  n_2471                                      -       -      -     (net)          -    -     -     -       -    (-,-) 
  g373238/ZN                                  -       A1->ZN R     AND2_X2        2  6.9    12    38     176    (-,-) 
  n_566                                       -       -      -     (net)          -    -     -     -       -    (-,-) 
  g369728/ZN                                  -       A->ZN  F     INV_X2         2  5.2     6    10     186    (-,-) 
  n_2629                                      -       -      -     (net)          -    -     -     -       -    (-,-) 
  g369485/ZN                                  -       A2->ZN R     NAND2_X2       3  8.7    15    22     207    (-,-) 
  n_2919                                      -       -      -     (net)          -    -     -     -       -    (-,-) 
  g369225/ZN                                  -       A1->ZN F     NAND2_X2       1  5.9    10    18     225    (-,-) 
  n_3146                                      -       -      -     (net)          -    -     -     -       -    (-,-) 
  g368961/ZN                                  -       A2->ZN R     NAND2_X4       7 15.9    14    23     248    (-,-) 
  n_3463                                      -       -      -     (net)          -    -     -     -       -    (-,-) 
  g368752/ZN                                  -       A1->ZN F     NOR2_X1        3  9.4    14    21     269    (-,-) 
  n_3671                                      -       -      -     (net)          -    -     -     -       -    (-,-) 
  g368575/ZN                                  -       A1->ZN R     NAND2_X1       1  1.9    10    18     286    (-,-) 
  n_3781                                      -       -      -     (net)          -    -     -     -       -    (-,-) 
  g368215/ZN                                  -       A1->ZN F     NAND2_X1       1  3.0     9    16     302    (-,-) 
  n_4093                                      -       -      -     (net)          -    -     -     -       -    (-,-) 
  g368014/ZN                                  -       A1->ZN R     NOR2_X2        2  3.9    17    25     327    (-,-) 
  n_4455                                      -       -      -     (net)          -    -     -     -       -    (-,-) 
  g367327/Z                                   -       B->Z   R     MUX2_X2        2  3.8    10    36     363    (-,-) 
  n_5074                                      -       -      -     (net)          -    -     -     -       -    (-,-) 
  g366982/Z                                   -       B->Z   R     MUX2_X2        3  7.3    13    40     403    (-,-) 
  n_778                                       -       -      -     (net)          -    -     -     -       -    (-,-) 
  g366809/ZN                                  -       A1->ZN R     AND2_X4        3  5.8     8    30     433    (-,-) 
  n_780                                       -       -      -     (net)          -    -     -     -       -    (-,-) 
  g366688/ZN                                  -       A1->ZN R     AND2_X2        3  7.5    13    35     467    (-,-) 
  n_5654                                      -       -      -     (net)          -    -     -     -       -    (-,-) 
  g366247/ZN                                  -       A1->ZN F     NOR2_X2        2  4.7    11    10     478    (-,-) 
  n_6067                                      -       -      -     (net)          -    -     -     -       -    (-,-) 
  g365863/ZN                                  -       A1->ZN R     NOR2_X2        3  5.7    21    30     508    (-,-) 
  n_6448                                      -       -      -     (net)          -    -     -     -       -    (-,-) 
  g365500/ZN                                  -       A1->ZN F     NAND2_X2       3  5.9    12    19     527    (-,-) 
  n_6825                                      -       -      -     (net)          -    -     -     -       -    (-,-) 
  g365021/ZN                                  -       A1->ZN R     NOR2_X2        3  5.0    19    29     556    (-,-) 
  n_7307                                      -       -      -     (net)          -    -     -     -       -    (-,-) 
  g364738/ZN                                  -       A1->ZN R     AND2_X1        3  5.7    17    45     600    (-,-) 
  n_7566                                      -       -      -     (net)          -    -     -     -       -    (-,-) 
  g364451/ZN                                  -       A1->ZN F     NAND2_X1       2  4.7    12    22     623    (-,-) 
  n_7820                                      -       -      -     (net)          -    -     -     -       -    (-,-) 
  g364224/ZN                                  -       A1->ZN R     NOR2_X2        3  5.7    21    31     653    (-,-) 
  n_8060                                      -       -      -     (net)          -    -     -     -       -    (-,-) 
  g364059/ZN                                  -       A1->ZN F     NAND2_X1       2  4.6    13    23     676    (-,-) 
  n_8200                                      -       -      -     (net)          -    -     -     -       -    (-,-) 
  g363974/ZN                                  -       A1->ZN R     NOR2_X2        2  5.3    20    30     706    (-,-) 
  n_8271                                      -       -      -     (net)          -    -     -     -       -    (-,-) 
  g363632/CO                                  -       A->CO  R     HA_X1          2  3.9    13    40     746    (-,-) 
  n_8596                                      -       -      -     (net)          -    -     -     -       -    (-,-) 
  g363592/ZN                                  -       A->ZN  F     OAI21_X1       2  4.7    14    26     772    (-,-) 
  n_8642                                      -       -      -     (net)          -    -     -     -       -    (-,-) 
  g363517/ZN                                  -       A1->ZN R     NOR2_X2        2  5.3    20    30     802    (-,-) 
  n_8721                                      -       -      -     (net)          -    -     -     -       -    (-,-) 
  g363432/ZN                                  -       A1->ZN F     NAND2_X2       3  6.4    11    20     822    (-,-) 
  n_8806                                      -       -      -     (net)          -    -     -     -       -    (-,-) 
  g363299/ZN                                  -       A1->ZN R     NOR2_X2        2  5.3    20    29     851    (-,-) 
  n_8946                                      -       -      -     (net)          -    -     -     -       -    (-,-) 
  g363121/ZN                                  -       A1->ZN F     NAND2_X2       2  4.7    10    17     868    (-,-) 
  n_9131                                      -       -      -     (net)          -    -     -     -       -    (-,-) 
  g362027/ZN                                  -       A1->ZN R     NOR2_X2        2  5.3    20    28     897    (-,-) 
  n_10178                                     -       -      -     (net)          -    -     -     -       -    (-,-) 
  g361016__4733/ZN                            -       B1->ZN F     AOI21_X2       2  4.1    25    18     915    (-,-) 
  n_10911                                     -       -      -     (net)          -    -     -     -       -    (-,-) 
  g360005__2398/ZN                            -       A->ZN  F     XNOR2_X1       1  1.4    10    44     959    (-,-) 
  n_11265                                     -       -      -     (net)          -    -     -     -       -    (-,-) 
  aligner_inst_aligned_mant_out_reg[14][26]/D <<<     -      F     DFFR_X1        1    -     -     0     959    (-,-) 
#---------------------------------------------------------------------------------------------------------------------

Capture clock path:
#---------------------------------------------------------------------------------------------------------------------
#                Timing Point                  Flags   Arc   Edge   Cell     Fanout Load Trans Delay Arrival Instance 
#                                                                                   (fF)  (ps)  (ps)   (ps)  Location 
#---------------------------------------------------------------------------------------------------------------------
  clk                                          (i)     -     R     (arrival)   2650  0.0     0     0    1000    (-,-) 
  clk                                          -       -     -     (net)          -    -     -     -       -    (-,-) 
  clk                                          -       -     -     (net)          -    -     -     -       -    (-,-) 
  aligner_inst_aligned_mant_out_reg[14][26]/CK <<<     -     R     DFFR_X1     2650    -     1     0    1000    (-,-) 
#---------------------------------------------------------------------------------------------------------------------


