============================================================
  Generated by:           Genus(TM) Synthesis Solution 25.11-s095_1
  Generated on:           Feb 24 2026  01:45:30 pm
  Operating conditions:   PVT_1P2V_25C 
  Interconnect mode:      global
  Area mode:              physical library
============================================================

                                Leakage    Internal                               Library 
   Gate    Instances   Area   Power (nW)  Power (nW)            Library            Domain 
------------------------------------------------------------------------------------------
addh_1x            8   83.968     57.128    24963.122 MITLL90_STDLIB_8T.tt1p2v25c       0 
and2_1x           30  125.952    101.429    51318.552 MITLL90_STDLIB_8T.tt1p2v25c       0 
and2_2x            6   31.488     33.675    11820.010 MITLL90_STDLIB_8T.tt1p2v25c       0 
and3_1x           12   75.571     40.176    14523.566 MITLL90_STDLIB_8T.tt1p2v25c       0 
ao21_1x           17   89.216     64.655    40376.278 MITLL90_STDLIB_8T.tt1p2v25c       0 
ao21_2x            2   12.595     12.470     6375.735 MITLL90_STDLIB_8T.tt1p2v25c       0 
ao22_1x           11   80.819     43.100    31833.059 MITLL90_STDLIB_8T.tt1p2v25c       0 
ao22_2x            4   33.587     23.153    16437.824 MITLL90_STDLIB_8T.tt1p2v25c       0 
aoi21_1x          58  243.507    117.560    64914.330 MITLL90_STDLIB_8T.tt1p2v25c       0 
aoi21_2x           3   22.042     10.088     6969.091 MITLL90_STDLIB_8T.tt1p2v25c       0 
aoi21_4x           4   54.579     28.254    17330.242 MITLL90_STDLIB_8T.tt1p2v25c       0 
aoi22_1x          69  362.112    134.514    72204.568 MITLL90_STDLIB_8T.tt1p2v25c       0 
aoi22_2x           3   31.488     12.284     4075.650 MITLL90_STDLIB_8T.tt1p2v25c       0 
buf_1x            42  132.250    115.680    51033.181 MITLL90_STDLIB_8T.tt1p2v25c       0 
buf_2x             6   25.190     31.494    17854.306 MITLL90_STDLIB_8T.tt1p2v25c       0 
dffrq_1x          33  554.189    225.214   285159.810 MITLL90_STDLIB_8T.tt1p2v25c       0 
inv_1x           188  394.650    331.917    71267.105 MITLL90_STDLIB_8T.tt1p2v25c       0 
inv_2x            31   97.613    109.604    27663.535 MITLL90_STDLIB_8T.tt1p2v25c       0 
inv_4x             2   10.496     15.856     4273.327 MITLL90_STDLIB_8T.tt1p2v25c       0 
mux2_1x            7   51.430     26.391    17372.016 MITLL90_STDLIB_8T.tt1p2v25c       0 
muxi2_1x          11   69.274     22.573    12653.068 MITLL90_STDLIB_8T.tt1p2v25c       0 
nand2_1x          87  273.946    109.035    40516.450 MITLL90_STDLIB_8T.tt1p2v25c       0 
nand2_2x          22  115.456     64.699    24765.156 MITLL90_STDLIB_8T.tt1p2v25c       0 
nand2_4x           9   85.018     58.623    19844.357 MITLL90_STDLIB_8T.tt1p2v25c       0 
nand3_1x          44  184.730     55.720    27423.881 MITLL90_STDLIB_8T.tt1p2v25c       0 
nand3_2x           1    8.397      6.344     2168.266 MITLL90_STDLIB_8T.tt1p2v25c       0 
nor2_1x           60  188.928     83.038    34944.647 MITLL90_STDLIB_8T.tt1p2v25c       0 
nor2_2x           12   62.976     33.110    10103.944 MITLL90_STDLIB_8T.tt1p2v25c       0 
nor2_4x            3   28.339     18.638     8166.461 MITLL90_STDLIB_8T.tt1p2v25c       0 
nor3_1x           22   92.365     21.337     9970.566 MITLL90_STDLIB_8T.tt1p2v25c       0 
oa21_1x           21  110.208     90.957    42427.156 MITLL90_STDLIB_8T.tt1p2v25c       0 
oa21_2x            5   31.488     30.534    17935.261 MITLL90_STDLIB_8T.tt1p2v25c       0 
oa22_1x           11   80.819     41.049    25576.711 MITLL90_STDLIB_8T.tt1p2v25c       0 
oai21_1x          90  377.856    216.908    88602.906 MITLL90_STDLIB_8T.tt1p2v25c       0 
oai21_2x           4   29.389     17.419     6959.770 MITLL90_STDLIB_8T.tt1p2v25c       0 
oai21_4x          12  163.738    108.870    46259.059 MITLL90_STDLIB_8T.tt1p2v25c       0 
oai22_1x          46  241.408    104.422    50584.866 MITLL90_STDLIB_8T.tt1p2v25c       0 
or2_1x            21   88.166     54.749    25546.248 MITLL90_STDLIB_8T.tt1p2v25c       0 
or2_2x             3   15.744     13.630     6521.513 MITLL90_STDLIB_8T.tt1p2v25c       0 
or3_1x             6   37.786     11.532     3031.144 MITLL90_STDLIB_8T.tt1p2v25c       0 
sdffrq_1x          6  125.952     53.002    54586.512 MITLL90_STDLIB_8T.tt1p2v25c       0 
xnor2_1x           7   51.430     27.358    12684.173 MITLL90_STDLIB_8T.tt1p2v25c       0 
xnor2_4x           3   50.381     30.588    13252.152 MITLL90_STDLIB_8T.tt1p2v25c       0 
xor2_1x            3   22.042     11.453     6587.038 MITLL90_STDLIB_8T.tt1p2v25c       0 
xor2_2x            9   94.464     50.972    27637.803 MITLL90_STDLIB_8T.tt1p2v25c       0 
------------------------------------------------------------------------------------------
total           1054 5143.040   2871.202  1456514.416                                     
                                           Leakage  Leakage   Internal  Internal 
     Type      Instances   Area   Area % Power (nW) Power %  Power (nW)  Power % 
---------------------------------------------------------------------------------
sequential            39  680.141   13.2    278.215     9.7  339746.322     23.3 
inverter             221  502.758    9.8    457.378    15.9  103203.967      7.1 
buffer                48  157.440    3.1    147.173     5.1   68887.487      4.7 
logic                746 3802.701   73.9   1988.436    69.3  944676.640     64.9 
physical_cells         0    0.000    0.0      0.000     0.0       0.000      0.0 
---------------------------------------------------------------------------------
total               1054 5143.040  100.0   2871.202   100.0 1456514.416    100.0 
