============================================================
  Generated by:           Genus(TM) Synthesis Solution 25.11-s095_1
  Generated on:           Feb 24 2026  01:45:22 pm
  Module:                 add_fp16
  Operating conditions:   PVT_1P2V_25C 
  Interconnect mode:      global
  Area mode:              physical library
============================================================


Path 1: MET (29 ps) Late External Delay Assertion at pin fp_out[9]
           View: view_1p2_25
          Group: clock1
     Startpoint: (R) larger_mantissa_l_reg[2]/CLK
          Clock: (R) clock1
       Endpoint: (R) fp_out[9]
          Clock: (R) clock1

                     Capture       Launch     
        Clock Edge:+    1942            0     
       Src Latency:+       0            0     
       Net Latency:+       0 (I)        0 (I) 
           Arrival:=    1942            0     
                                              
      Output Delay:-       1                  
       Uncertainty:-       0                  
     Required Time:=    1941                  
      Launch Clock:-       0                  
         Data Path:-    1911                  
             Slack:=      29                  

Exceptions/Constraints:
  output_delay              1              add_fp16.sdc_line_17_40_1   

Launch clock path:
#-----------------------------------------------------------------------------------------------------
#        Timing Point          Flags   Arc   Edge   Cell     Fanout Load Trans Delay Arrival Instance 
#                                                                   (fF)  (ps)  (ps)   (ps)  Location 
#-----------------------------------------------------------------------------------------------------
  clk                          (i)     -     R     (arrival)     39  0.0     1     0       0    (-,-) 
  clk                          -       -     -     (net)          -    -     -     -       -    (-,-) 
  clk                          -       -     -     (net)          -    -     -     -       -    (-,-) 
  larger_mantissa_l_reg[2]/CLK <<<     -     R     dffrq_1x      39    -     1     0       0    (-,-) 
#-----------------------------------------------------------------------------------------------------

#------------------------------------------------------------------------------------------------------
#        Timing Point          Flags    Arc   Edge   Cell     Fanout Load Trans Delay Arrival Instance 
#                                                                    (fF)  (ps)  (ps)   (ps)  Location 
#------------------------------------------------------------------------------------------------------
  larger_mantissa_l_reg[2]/CLK -       -      R     (arrival)     39    -     1     0       0    (-,-) 
  larger_mantissa_l_reg[2]/Q   -       CLK->Q R     dffrq_1x       4 13.0    76   199     199    (-,-) 
  larger_mantissa_l[2]         -       -      -     (net)          -    -     -     -       -    (-,-) 
  g33587__5115/X               -       B->X   F     nand2_1x       2  9.2    58    70     269    (-,-) 
  n_55                         -       -      -     (net)          -    -     -     -       -    (-,-) 
  g33565/X                     -       A->X   R     inv_2x         2  8.8    35    34     303    (-,-) 
  n_145                        -       -      -     (net)          -    -     -     -       -    (-,-) 
  g33457__2802/X               -       B->X   R     ao21_2x        2 15.5    47    81     384    (-,-) 
  n_186                        -       -      -     (net)          -    -     -     -       -    (-,-) 
  g33409__4733/X               -       A->X   F     oai21_4x       2 15.6    38    39     422    (-,-) 
  n_201                        -       -      -     (net)          -    -     -     -       -    (-,-) 
  g33405__2802/X               -       A->X   R     nand2_4x       3 20.2    53    43     466    (-,-) 
  n_219                        -       -      -     (net)          -    -     -     -       -    (-,-) 
  g33360__1666/X               -       A->X   F     nand2_2x       3 17.3    51    54     520    (-,-) 
  n_242                        -       -      -     (net)          -    -     -     -       -    (-,-) 
  g33260__2802/X               -       A->X   R     oai21_4x       2 13.5    55    51     571    (-,-) 
  n_273                        -       -      -     (net)          -    -     -     -       -    (-,-) 
  g33176__5115/X               -       A->X   F     aoi21_2x       2  5.6    45    36     608    (-,-) 
  n_295                        -       -      -     (net)          -    -     -     -       -    (-,-) 
  g33170/X                     -       A->X   F     buf_1x         1 11.0    44    82     689    (-,-) 
  n_296                        -       -      -     (net)          -    -     -     -       -    (-,-) 
  g33135__5477/X               -       A->X   R     oai21_4x      11 35.9   106    84     774    (-,-) 
  n_702                        -       -      -     (net)          -    -     -     -       -    (-,-) 
  g32995__7482/X               -       B0->X  F     oai22_1x       3  9.5    69    92     865    (-,-) 
  n_525                        -       -      -     (net)          -    -     -     -       -    (-,-) 
  g32964__5526/X               -       C->X   F     ao21_1x        1  3.7    29    87     953    (-,-) 
  n_526                        -       -      -     (net)          -    -     -     -       -    (-,-) 
  g32919__8428/X               -       A->X   R     aoi21_1x       1  3.7    61    48    1000    (-,-) 
  n_635                        -       -      -     (net)          -    -     -     -       -    (-,-) 
  g32799__6161/X               -       A->X   F     oai21_1x       2  8.3    66    59    1059    (-,-) 
  n_799                        -       -      -     (net)          -    -     -     -       -    (-,-) 
  g32769__8246/X               -       A->X   R     nor2_2x        3  9.3    63    56    1115    (-,-) 
  n_833                        -       -      -     (net)          -    -     -     -       -    (-,-) 
  g32720__6131/X               -       B->X   F     nand2_1x       2  6.8    45    57    1172    (-,-) 
  n_858                        -       -      -     (net)          -    -     -     -       -    (-,-) 
  g32709__2883/X               -       C->X   F     oa21_2x        2  8.8    37    69    1241    (-,-) 
  n_877                        -       -      -     (net)          -    -     -     -       -    (-,-) 
  g32703__4319/X               -       A1->X  F     oa22_1x        3  9.8    50    96    1336    (-,-) 
  n_889                        -       -      -     (net)          -    -     -     -       -    (-,-) 
  g32691__4733/X               -       A->X   F     ao21_1x        2  6.3    36    80    1417    (-,-) 
  n_897                        -       -      -     (net)          -    -     -     -       -    (-,-) 
  g32688__5115/X               -       A->X   F     or2_1x         2  6.7    40    86    1503    (-,-) 
  n_905                        -       -      -     (net)          -    -     -     -       -    (-,-) 
  g32684__1705/X               -       A->X   F     and2_1x        2  5.9    29    62    1565    (-,-) 
  n_914                        -       -      -     (net)          -    -     -     -       -    (-,-) 
  g32679__6260/X               -       A->X   R     nand3_1x       1  3.4    50    39    1604    (-,-) 
  n_915                        -       -      -     (net)          -    -     -     -       -    (-,-) 
  g32674__2802/X               -       B->X   R     oa21_1x        5 15.5    79    97    1700    (-,-) 
  n_1017                       -       -      -     (net)          -    -     -     -       -    (-,-) 
  g32672__7098/X               -       A->X   F     nand2_1x       3 11.9    78    74    1774    (-,-) 
  n_988                        -       -      -     (net)          -    -     -     -       -    (-,-) 
  g32670/X                     -       A->X   R     inv_2x         8 24.0    68    65    1839    (-,-) 
  n_998                        -       -      -     (net)          -    -     -     -       -    (-,-) 
  g32654__9315/X               -       A->X   F     nand2_1x       1  3.7    36    39    1878    (-,-) 
  n_994                        -       -      -     (net)          -    -     -     -       -    (-,-) 
  g32642__2802/X               -       A->X   R     oai21_1x       1  0.9    32    33    1911    (-,-) 
  fp_out[9]                    -       -      -     (net)          -    -     -     -       -    (-,-) 
  fp_out[9]                    <<<     -      R     (port)         -    -     -     0    1911    (-,-) 
#------------------------------------------------------------------------------------------------------


