============================================================
  Generated by:           Genus(TM) Synthesis Solution 25.11-s095_1
  Generated on:           Mar 11 2026  06:24:25 am
  Module:                 sysarr_4_input_fp_adder
  Operating conditions:   typical 
  Interconnect mode:      global
  Area mode:              physical library
============================================================


Path 1: MET (6 ps) Setup Check with Pin st1_sum_vec_reg[1]/CK->D
           View: view_1p2_25
          Group: clock1
     Startpoint: (R) add_a[24]
          Clock: (R) clock1
       Endpoint: (R) st1_sum_vec_reg[1]/D
          Clock: (R) clock1

                     Capture       Launch     
        Clock Edge:+    1587            0     
        Drv Adjust:+       0            0     
       Src Latency:+       0            0     
       Net Latency:+       0 (I)        0 (I) 
           Arrival:=    1587            0     
                                              
             Setup:-      33                  
       Uncertainty:-       0                  
     Required Time:=    1554                  
      Launch Clock:-       0                  
       Input Delay:-       1                  
         Data Path:-    1547                  
             Slack:=       6                  

Exceptions/Constraints:
  input_delay              1              sysarr_4_input_fp_ad_line_21_8_1   

#----------------------------------------------------------------------------------------------
#    Timing Point      Flags    Arc   Edge   Cell     Fanout Load Trans Delay Arrival Instance 
#                                                            (fF)  (ps)  (ps)   (ps)  Location 
#----------------------------------------------------------------------------------------------
  add_a[24]            -       -      R     (arrival)      6  9.6     0     0       1    (-,-) 
  add_a[24]            -       -      -     (net)          -    -     -     -       -    (-,-) 
  g64598/ZN            -       A->ZN  F     INV_X1         1  1.7     3     4       6    (-,-) 
  n_24                 -       -      -     (net)          -    -     -     -       -    (-,-) 
  g64565/ZN            -       A1->ZN R     NOR2_X1        1  2.1    17    23      29    (-,-) 
  n_57                 -       -      -     (net)          -    -     -     -       -    (-,-) 
  g64539/ZN            -       A1->ZN F     NOR3_X1        1  1.7     6    11      40    (-,-) 
  n_83                 -       -      -     (net)          -    -     -     -       -    (-,-) 
  g64506__6417/ZN      -       A1->ZN R     NOR2_X1        1  2.0    17    24      63    (-,-) 
  n_112                -       -      -     (net)          -    -     -     -       -    (-,-) 
  g64482__1617/ZN      -       A1->ZN F     OAI22_X1       1  1.8    14    19      83    (-,-) 
  n_140                -       -      -     (net)          -    -     -     -       -    (-,-) 
  g64481/ZN            -       A->ZN  R     INV_X1         1  2.0     9    16      98    (-,-) 
  n_141                -       -      -     (net)          -    -     -     -       -    (-,-) 
  g64469__6417/ZN      -       A1->ZN F     OAI22_X1       1  1.7    10    16     114    (-,-) 
  n_152                -       -      -     (net)          -    -     -     -       -    (-,-) 
  g64459__4733/ZN      -       B1->ZN R     AOI21_X1       1  2.0    23    28     142    (-,-) 
  n_159                -       -      -     (net)          -    -     -     -       -    (-,-) 
  g64454__6131/ZN      -       B1->ZN F     OAI21_X1       1  3.2    13    21     164    (-,-) 
  n_164                -       -      -     (net)          -    -     -     -       -    (-,-) 
  g64448__1705/ZN      -       A->ZN  R     OAI21_X2      10 22.8    63    45     209    (-,-) 
  n_170                -       -      -     (net)          -    -     -     -       -    (-,-) 
  g64446/ZN            -       A->ZN  F     INV_X4        33 59.2    28    42     251    (-,-) 
  n_169                -       -      -     (net)          -    -     -     -       -    (-,-) 
  g64432__2398/ZN      -       B1->ZN R     OAI22_X1       2  5.6    49    66     317    (-,-) 
  n_184                -       -      -     (net)          -    -     -     -       -    (-,-) 
  g64272__2346/CO      -       B->CO  R     HA_X1          1  1.9    10    41     358    (-,-) 
  n_342                -       -      -     (net)          -    -     -     -       -    (-,-) 
  g64267__6161/ZN      -       B1->ZN F     AOI21_X1       2  3.5    12    18     376    (-,-) 
  n_349                -       -      -     (net)          -    -     -     -       -    (-,-) 
  g64266__4733/ZN      -       B1->ZN R     OAI21_X1       1  1.9    19    29     405    (-,-) 
  n_350                -       -      -     (net)          -    -     -     -       -    (-,-) 
  g64265__7482/ZN      -       A1->ZN F     NAND2_X1       1  1.8     9    16     420    (-,-) 
  n_351                -       -      -     (net)          -    -     -     -       -    (-,-) 
  g64264__5115/ZN      -       A1->ZN R     NAND2_X1       1  1.9    10    15     436    (-,-) 
  n_352                -       -      -     (net)          -    -     -     -       -    (-,-) 
  g64263__1881/ZN      -       A1->ZN F     NAND3_X1       1  1.8    11    18     454    (-,-) 
  n_353                -       -      -     (net)          -    -     -     -       -    (-,-) 
  g64262__6131/ZN      -       A1->ZN R     NAND2_X1       2  3.9    14    21     474    (-,-) 
  n_354                -       -      -     (net)          -    -     -     -       -    (-,-) 
  g64261/ZN            -       A->ZN  F     INV_X1         3  5.0     8    14     489    (-,-) 
  n_355                -       -      -     (net)          -    -     -     -       -    (-,-) 
  g64260__7098/ZN      -       A->ZN  R     AOI21_X1       2  5.5    39    58     547    (-,-) 
  n_17                 -       -      -     (net)          -    -     -     -       -    (-,-) 
  g64256/ZN            -       A->ZN  F     INV_X2        13 25.4    20    33     580    (-,-) 
  n_19                 -       -      -     (net)          -    -     -     -       -    (-,-) 
  g64169__6783/ZN      -       A1->ZN R     OAI22_X1       4 10.9    74    79     659    (-,-) 
  n_369                -       -      -     (net)          -    -     -     -       -    (-,-) 
  g63967__8428/S       -       B->S   F     HA_X1          5 11.0    29    51     710    (-,-) 
  n_562                -       -      -     (net)          -    -     -     -       -    (-,-) 
  g63953__2346/ZN      -       A1->ZN F     AND2_X1        1  1.1     6    37     747    (-,-) 
  n_565                -       -      -     (net)          -    -     -     -       -    (-,-) 
  g63865__2802/ZN      -       A1->ZN F     OR2_X1         1  3.0    11    46     794    (-,-) 
  n_656                -       -      -     (net)          -    -     -     -       -    (-,-) 
  g63754__9945/CO      -       CI->CO F     FA_X1          1  3.0    15    71     864    (-,-) 
  n_746                -       -      -     (net)          -    -     -     -       -    (-,-) 
  g63705__5122/CO      -       CI->CO F     FA_X1          2  4.1    17    75     940    (-,-) 
  n_822                -       -      -     (net)          -    -     -     -       -    (-,-) 
  g63696__8428/ZN      -       C1->ZN R     AOI211_X1      1  2.0    39    42     982    (-,-) 
  n_834                -       -      -     (net)          -    -     -     -       -    (-,-) 
  g63694__6260/ZN      -       A1->ZN F     NOR2_X1        3  6.7    20    24    1006    (-,-) 
  n_837                -       -      -     (net)          -    -     -     -       -    (-,-) 
  g63689__5477/ZN      -       A1->ZN R     NAND3_X2      13 24.4    36    48    1053    (-,-) 
  n_843                -       -      -     (net)          -    -     -     -       -    (-,-) 
  g63685/ZN            -       A->ZN  F     INV_X1         5  8.6    16    25    1078    (-,-) 
  n_842                -       -      -     (net)          -    -     -     -       -    (-,-) 
  g63672__7482/ZN      -       A1->ZN R     NAND2_X1       6 11.0    31    41    1119    (-,-) 
  n_865                -       -      -     (net)          -    -     -     -       -    (-,-) 
  g63663/ZN            -       A->ZN  F     INV_X1         3  5.0    12    17    1136    (-,-) 
  n_864                -       -      -     (net)          -    -     -     -       -    (-,-) 
  g63596__2802/ZN      -       C1->ZN R     AOI222_X1      1  1.9    48    87    1224    (-,-) 
  n_926                -       -      -     (net)          -    -     -     -       -    (-,-) 
  g63520__7410/ZN      -       A->ZN  F     OAI221_X1      1  2.5    21    45    1268    (-,-) 
  n_1005               -       -      -     (net)          -    -     -     -       -    (-,-) 
  g63472__5526/Z       -       A->Z   F     XOR2_X1        1  3.9    17    59    1328    (-,-) 
  n_1059               -       -      -     (net)          -    -     -     -       -    (-,-) 
  g64639/S             -       A->S   F     FA_X1          1  3.9    17   106    1434    (-,-) 
  n_1540               -       -      -     (net)          -    -     -     -       -    (-,-) 
  g63233__9945/S       -       A->S   R     FA_X1          1  1.4    10   114    1548    (-,-) 
  n_1222               -       -      -     (net)          -    -     -     -       -    (-,-) 
  st1_sum_vec_reg[1]/D <<<     -      R     DFFR_X1        1    -     -     0    1548    (-,-) 
#----------------------------------------------------------------------------------------------

Capture clock path:
#----------------------------------------------------------------------------------------------
#     Timing Point      Flags   Arc   Edge   Cell     Fanout Load Trans Delay Arrival Instance 
#                                                            (fF)  (ps)  (ps)   (ps)  Location 
#----------------------------------------------------------------------------------------------
  clk                   (i)     -     R     (arrival)    136  0.0     0     0    1587    (-,-) 
  clk                   -       -     -     (net)          -    -     -     -       -    (-,-) 
  clk                   -       -     -     (net)          -    -     -     -       -    (-,-) 
  st1_sum_vec_reg[1]/CK <<<     -     R     DFFR_X1      136    -     1     0    1587    (-,-) 
#----------------------------------------------------------------------------------------------


