============================================================
  Generated by:           Genus(TM) Synthesis Solution 25.11-s095_1
  Generated on:           Feb 24 2026  02:09:05 pm
  Operating conditions:   PVT_1P2V_25C 
  Interconnect mode:      global
  Area mode:              physical library
============================================================

                                Leakage    Internal                               Library 
   Gate    Instances   Area   Power (nW)  Power (nW)            Library            Domain 
------------------------------------------------------------------------------------------
addf_1x            1   17.843      8.922     7445.230 MITLL90_STDLIB_8T.tt1p2v25c       0 
addh_1x            6   62.976     44.030    17407.385 MITLL90_STDLIB_8T.tt1p2v25c       0 
and2_1x           21   88.166     71.746    36881.246 MITLL90_STDLIB_8T.tt1p2v25c       0 
and2_2x            6   31.488     33.160     8611.091 MITLL90_STDLIB_8T.tt1p2v25c       0 
and3_1x           15   94.464     48.808    19183.829 MITLL90_STDLIB_8T.tt1p2v25c       0 
ao21_1x           13   68.224     50.085    23802.913 MITLL90_STDLIB_8T.tt1p2v25c       0 
ao21_2x            1    6.298      6.066     2497.923 MITLL90_STDLIB_8T.tt1p2v25c       0 
ao22_1x            8   58.778     32.571    21292.638 MITLL90_STDLIB_8T.tt1p2v25c       0 
ao22_2x            1    8.397      5.969     2028.326 MITLL90_STDLIB_8T.tt1p2v25c       0 
aoi21_1x          50  209.920    100.667    51381.462 MITLL90_STDLIB_8T.tt1p2v25c       0 
aoi21_2x           4   29.389     14.253     4742.401 MITLL90_STDLIB_8T.tt1p2v25c       0 
aoi21_4x           6   81.869     50.581    26384.653 MITLL90_STDLIB_8T.tt1p2v25c       0 
aoi22_1x          86  451.328    166.042    94487.515 MITLL90_STDLIB_8T.tt1p2v25c       0 
aoi22_4x           1   18.893      7.712     4664.073 MITLL90_STDLIB_8T.tt1p2v25c       0 
buf_1x             3    9.446      8.394     4064.570 MITLL90_STDLIB_8T.tt1p2v25c       0 
dffrq_1x          33  554.189    225.352   282531.615 MITLL90_STDLIB_8T.tt1p2v25c       0 
inv_1x           139  291.789    249.412    60464.474 MITLL90_STDLIB_8T.tt1p2v25c       0 
inv_2x            10   31.488     35.149     8078.186 MITLL90_STDLIB_8T.tt1p2v25c       0 
inv_4x             3   15.744     23.423     3316.748 MITLL90_STDLIB_8T.tt1p2v25c       0 
mux2_1x            9   66.125     34.839    20563.124 MITLL90_STDLIB_8T.tt1p2v25c       0 
muxi2_1x          11   69.274     22.455    12681.198 MITLL90_STDLIB_8T.tt1p2v25c       0 
nand2_1x          86  270.797    119.206    46129.855 MITLL90_STDLIB_8T.tt1p2v25c       0 
nand2_2x          24  125.952     69.843    20532.277 MITLL90_STDLIB_8T.tt1p2v25c       0 
nand2_4x           5   47.232     28.813     9394.361 MITLL90_STDLIB_8T.tt1p2v25c       0 
nand3_1x          35  146.944     46.621    23378.901 MITLL90_STDLIB_8T.tt1p2v25c       0 
nor2_1x           55  173.184     74.486    27838.012 MITLL90_STDLIB_8T.tt1p2v25c       0 
nor2_2x           10   52.480     26.819     9136.141 MITLL90_STDLIB_8T.tt1p2v25c       0 
nor2_4x            1    9.446      5.506     2353.513 MITLL90_STDLIB_8T.tt1p2v25c       0 
nor3_1x           26  109.158     26.729    13078.000 MITLL90_STDLIB_8T.tt1p2v25c       0 
oa21_1x           23  120.704    100.237    53158.982 MITLL90_STDLIB_8T.tt1p2v25c       0 
oa21_4x            1    8.397      9.174     2686.417 MITLL90_STDLIB_8T.tt1p2v25c       0 
oa22_1x            8   58.778     30.734    20899.928 MITLL90_STDLIB_8T.tt1p2v25c       0 
oai21_1x          93  390.451    212.706    91029.289 MITLL90_STDLIB_8T.tt1p2v25c       0 
oai21_2x           3   22.042     11.534     4629.802 MITLL90_STDLIB_8T.tt1p2v25c       0 
oai21_4x           7   95.514     61.879    29291.511 MITLL90_STDLIB_8T.tt1p2v25c       0 
oai22_1x          42  220.416     92.553    45313.402 MITLL90_STDLIB_8T.tt1p2v25c       0 
oai22_4x           1   18.893      8.907     1560.037 MITLL90_STDLIB_8T.tt1p2v25c       0 
or2_1x            24  100.762     63.646    28397.006 MITLL90_STDLIB_8T.tt1p2v25c       0 
or3_1x             5   31.488      9.973     4537.111 MITLL90_STDLIB_8T.tt1p2v25c       0 
sdffrq_1x          6  125.952     53.003    54295.159 MITLL90_STDLIB_8T.tt1p2v25c       0 
xnor2_1x          15  110.208     59.367    26496.791 MITLL90_STDLIB_8T.tt1p2v25c       0 
xnor2_2x           2   20.992     11.844     5803.468 MITLL90_STDLIB_8T.tt1p2v25c       0 
xnor2_4x           5   83.968     47.341    28316.944 MITLL90_STDLIB_8T.tt1p2v25c       0 
xor2_1x            4   29.389     15.279     5453.050 MITLL90_STDLIB_8T.tt1p2v25c       0 
xor2_2x            8   83.968     45.551    24889.963 MITLL90_STDLIB_8T.tt1p2v25c       0 
------------------------------------------------------------------------------------------
total            916 4723.200   2471.385  1291110.520                                     
                                           Leakage  Leakage   Internal  Internal 
     Type      Instances   Area   Area % Power (nW) Power %  Power (nW)  Power % 
---------------------------------------------------------------------------------
sequential            39  680.141   14.4    278.355    11.3  336826.774     26.1 
inverter             152  339.021    7.2    307.984    12.5   71859.408      5.6 
buffer                 3    9.446    0.2      8.394     0.3    4064.570      0.3 
logic                722 3694.592   78.2   1876.651    75.9  878359.769     68.0 
physical_cells         0    0.000    0.0      0.000     0.0       0.000      0.0 
---------------------------------------------------------------------------------
total                916 4723.200  100.0   2471.385   100.0 1291110.520    100.0 
