============================================================
  Generated by:           Genus(TM) Synthesis Solution 25.11-s095_1
  Generated on:           Mar 10 2026  09:55:04 pm
  Module:                 add_fp16
  Operating conditions:   typical 
  Interconnect mode:      global
  Area mode:              physical library
============================================================

Timing
--------

Analysis view  Clock Period 
----------------------------
view_1p2_25   clock1 1563.0 


  Analysis    Cost   Critical        Violating 
    View     Group  Path Slack  TNS    Paths   
-----------------------------------------------
view_1p2_25  clock1        0.0  0.0          0 
            default   No paths  0.0          0 
-----------------------------------------------
Total                          -0.0          0 
                                               

Instance Count
--------------
Leaf Instance Count             1929 
Physical Instance count            0 
Sequential Instance Count        100 
Combinational Instance Count    1829 
Hierarchical Instance Count        0 

Area
----
Cell Area                          2622.228
Physical Cell Area                 0.000
Total Cell Area (Cell+Physical)    2622.228
Net Area                           2885.382
Total Area (Cell+Physical+Net)     5507.610

Power
-----
Leakage Power                      60658.960 nW
Dynamic Power                      4390288.621 nW
Total Power                        4450947.581 nW

Max Fanout                         100 (clk)
Min Fanout                         1 (larger_mantissa_l[3])
Average Fanout                     2.6
Terms to net ratio                 3.6093
Terms to instance ratio            3.8077
Runtime                            45.960355 seconds
Elapsed Runtime                    52 seconds
Genus peak memory usage            1714.47 
Innovus peak memory usage          no_value 
Hostname                           asicfab.ecn.purdue.edu
