============================================================
  Generated by:           Genus(TM) Synthesis Solution 25.11-s095_1
  Generated on:           May 25 2026  11:43:38 am
  Operating conditions:   typical 
  Interconnect mode:      global
  Area mode:              physical library
============================================================

                                 Leakage      Internal                          Library 
   Gate    Instances    Area    Power (nW)   Power (nW)          Library         Domain 
----------------------------------------------------------------------------------------
AND2_X1          822   874.608   21810.087   1156159.349 NangateOpenCellLibrary       0 
AND2_X2          105   139.650    5489.908    368975.371 NangateOpenCellLibrary       0 
AND2_X4           20    47.880    2138.375    108809.926 NangateOpenCellLibrary       0 
AND3_X1           35    46.550     994.713     40775.810 NangateOpenCellLibrary       0 
AND3_X2           12    19.152     782.454     48246.288 NangateOpenCellLibrary       0 
AND3_X4           12    35.112    1731.575     40599.271 NangateOpenCellLibrary       0 
AND4_X1            9    14.364     263.601     10238.822 NangateOpenCellLibrary       0 
AND4_X2            2     3.724      97.497       875.069 NangateOpenCellLibrary       0 
AND4_X4            1     3.458     178.570      9303.694 NangateOpenCellLibrary       0 
AOI211_X1         11    14.630     371.500     11784.833 NangateOpenCellLibrary       0 
AOI211_X2          1     2.394      84.648      1501.841 NangateOpenCellLibrary       0 
AOI21_X1         550   585.200   13683.395    688746.222 NangateOpenCellLibrary       0 
AOI21_X2         131   243.922    7128.492    361644.813 NangateOpenCellLibrary       0 
AOI21_X4          41   141.778    4519.303    244561.799 NangateOpenCellLibrary       0 
AOI221_X1         58    92.568    2429.407    112876.604 NangateOpenCellLibrary       0 
AOI221_X2         12    35.112    1022.888     54890.400 NangateOpenCellLibrary       0 
AOI222_X1         39    82.992    1652.254    113991.442 NangateOpenCellLibrary       0 
AOI222_X2         13    48.412    1180.362     75676.052 NangateOpenCellLibrary       0 
AOI22_X1         533   708.890   15040.371    612264.357 NangateOpenCellLibrary       0 
AOI22_X2          48   114.912    2821.481    141072.163 NangateOpenCellLibrary       0 
AOI22_X4           4    18.088     399.663     25267.285 NangateOpenCellLibrary       0 
BUF_X1            24    19.152     511.414     46019.261 NangateOpenCellLibrary       0 
BUF_X2            17    18.088     728.244     65373.000 NangateOpenCellLibrary       0 
BUF_X4             8    14.896     702.115     47905.878 NangateOpenCellLibrary       0 
BUF_X8             3    10.374     516.734     10669.688 NangateOpenCellLibrary       0 
CLKBUF_X1         87    69.426     981.122    114167.369 NangateOpenCellLibrary       0 
CLKBUF_X2          6     6.384     135.847     23422.420 NangateOpenCellLibrary       0 
CLKBUF_X3          2     2.660      61.169      6327.375 NangateOpenCellLibrary       0 
DFFR_X1         1247  6634.040  109906.082  10654508.048 NangateOpenCellLibrary       0 
DFFR_X2           20   117.040    2606.999    133543.426 NangateOpenCellLibrary       0 
DFF_X1           136   614.992   10719.917   1522300.587 NangateOpenCellLibrary       0 
FA_X1             44   187.264    2905.082    242876.948 NangateOpenCellLibrary       0 
HA_X1             38   101.080    2333.518    156058.592 NangateOpenCellLibrary       0 
INV_X1          3804  2023.728   54280.110   2387427.690 NangateOpenCellLibrary       0 
INV_X16            3    13.566     676.929     21802.499 NangateOpenCellLibrary       0 
INV_X2           380   303.240   10892.790    567445.932 NangateOpenCellLibrary       0 
INV_X4           108   143.640    6199.541    260891.834 NangateOpenCellLibrary       0 
INV_X8            31    74.214    3598.445    135088.284 NangateOpenCellLibrary       0 
MUX2_X1          389   724.318   14176.810   1086458.205 NangateOpenCellLibrary       0 
MUX2_X2           29    69.426    2036.067    183300.071 NangateOpenCellLibrary       0 
NAND2_X1        5418  4323.564  107562.477   4521798.625 NangateOpenCellLibrary       0 
NAND2_X2         575   764.750   25661.357   1168933.611 NangateOpenCellLibrary       0 
NAND2_X4         225   538.650   24959.209    893016.964 NangateOpenCellLibrary       0 
NAND3_X1         259   275.576    6530.575    249914.733 NangateOpenCellLibrary       0 
NAND3_X2          70   130.340    4901.451    172113.435 NangateOpenCellLibrary       0 
NAND3_X4          11    38.038    1781.662     35368.151 NangateOpenCellLibrary       0 
NAND4_X1         117   155.610    3421.094     81552.816 NangateOpenCellLibrary       0 
NAND4_X2           3     7.182     206.016      7202.418 NangateOpenCellLibrary       0 
NAND4_X4           4    19.152     326.126     18049.118 NangateOpenCellLibrary       0 
NOR2_X1         1843  1470.714   40342.351   1231999.100 NangateOpenCellLibrary       0 
NOR2_X2          192   255.360    8137.558    338716.315 NangateOpenCellLibrary       0 
NOR2_X4          218   521.892   17854.414    792692.197 NangateOpenCellLibrary       0 
NOR3_X1           76    80.864    2153.680     25459.216 NangateOpenCellLibrary       0 
NOR3_X2            5     9.310     264.942     11787.279 NangateOpenCellLibrary       0 
NOR3_X4            4    14.896     427.678     24506.178 NangateOpenCellLibrary       0 
NOR4_X1          106   140.980    3681.928     27000.594 NangateOpenCellLibrary       0 
NOR4_X2            5    11.970     414.620       455.506 NangateOpenCellLibrary       0 
NOR4_X4            1     4.788     174.652         0.000 NangateOpenCellLibrary       0 
OAI211_X1         65    86.450    2307.914     85013.272 NangateOpenCellLibrary       0 
OAI211_X2         12    28.728     613.673     47350.497 NangateOpenCellLibrary       0 
OAI21_X1        1251  1331.064   31915.440   1555309.987 NangateOpenCellLibrary       0 
OAI21_X2         216   402.192   12042.227    703978.463 NangateOpenCellLibrary       0 
OAI21_X4          46   159.068    5393.516    292205.073 NangateOpenCellLibrary       0 
OAI221_X1         24    38.304    1217.087     39821.933 NangateOpenCellLibrary       0 
OAI221_X2          1     2.926      81.393      6838.739 NangateOpenCellLibrary       0 
OAI221_X4          1     3.458     125.355      3434.020 NangateOpenCellLibrary       0 
OAI222_X1         21    44.688    1280.682     45053.677 NangateOpenCellLibrary       0 
OAI222_X2          7    26.068     906.348     41883.552 NangateOpenCellLibrary       0 
OAI22_X1         384   510.720   16727.632    435557.288 NangateOpenCellLibrary       0 
OAI22_X2          29    69.426    2314.633    103632.218 NangateOpenCellLibrary       0 
OAI22_X4           4    18.088     532.946     12960.356 NangateOpenCellLibrary       0 
OAI33_X1           2     3.724      57.895      3791.976 NangateOpenCellLibrary       0 
OR2_X1           348   370.272    8086.874    419980.401 NangateOpenCellLibrary       0 
OR2_X2            83   110.390    3814.463    273207.534 NangateOpenCellLibrary       0 
OR2_X4             8    19.152     732.675     44362.752 NangateOpenCellLibrary       0 
OR3_X1            64    85.120    1611.549     31447.584 NangateOpenCellLibrary       0 
OR3_X2             2     3.192      99.651      4844.738 NangateOpenCellLibrary       0 
OR4_X1            60    95.760    1670.796     15881.122 NangateOpenCellLibrary       0 
SDFFR_X1         184  1223.600   19920.547   2194328.015 NangateOpenCellLibrary       0 
SDFFR_X2          15   103.740    2169.145    217516.670 NangateOpenCellLibrary       0 
XNOR2_X1         864  1378.944   32459.230   2148316.318 NangateOpenCellLibrary       0 
XNOR2_X2         592  1574.720   43704.168   3331929.863 NangateOpenCellLibrary       0 
XOR2_X1          196   312.816    6439.406    567252.529 NangateOpenCellLibrary       0 
XOR2_X2          108   258.552    7255.689    674947.403 NangateOpenCellLibrary       0 
----------------------------------------------------------------------------------------
total          22554 31445.722  760072.203  44795260.755                                
                                            Leakage  Leakage   Internal   Internal 
     Type      Instances    Area   Area % Power (nW) Power %  Power (nW)   Power % 
-----------------------------------------------------------------------------------
sequential          1602  8693.412   27.6 145322.690    19.1 14722196.746     32.9 
inverter            4326  2558.388    8.1  75647.814    10.0  3372656.238      7.5 
buffer               147   140.980    0.4   3636.645     0.5   313884.990      0.7 
logic              16479 20052.942   63.8 535465.055    70.4 26386522.781     58.9 
physical_cells         0     0.000    0.0      0.000     0.0        0.000      0.0 
-----------------------------------------------------------------------------------
total              22554 31445.722  100.0 760072.203   100.0 44795260.755    100.0 
