============================================================
  Generated by:           Genus(TM) Synthesis Solution 25.11-s095_1
  Generated on:           Mar 10 2026  10:11:57 am
  Operating conditions:   typical 
  Interconnect mode:      global
  Area mode:              physical library
============================================================

                                Leakage    Internal                          Library 
   Gate    Instances   Area   Power (nW)  Power (nW)          Library         Domain 
-------------------------------------------------------------------------------------
AND2_X1           69   73.416   1749.441   102967.184 NangateOpenCellLibrary       0 
AND2_X2           22   29.260   1170.954    55708.102 NangateOpenCellLibrary       0 
AND2_X4            7   16.758    679.022    28473.712 NangateOpenCellLibrary       0 
AND3_X1           12   15.960    325.369    17601.322 NangateOpenCellLibrary       0 
AND3_X2            3    4.788    179.769     7559.740 NangateOpenCellLibrary       0 
AND3_X4            2    5.852    243.746    10217.074 NangateOpenCellLibrary       0 
AND4_X1            4    6.384    144.126     6501.885 NangateOpenCellLibrary       0 
AND4_X2            1    1.862     68.261     4339.364 NangateOpenCellLibrary       0 
AND4_X4            1    3.458    117.483     3974.836 NangateOpenCellLibrary       0 
AOI21_X1          65   69.160   1772.786    68963.025 NangateOpenCellLibrary       0 
AOI21_X2          14   26.068    710.697    46392.423 NangateOpenCellLibrary       0 
AOI221_X1          4    6.384    182.349     4353.141 NangateOpenCellLibrary       0 
AOI222_X1          3    6.384    104.089     5922.045 NangateOpenCellLibrary       0 
AOI22_X1          96  127.680   2952.689    87755.793 NangateOpenCellLibrary       0 
AOI22_X2           1    2.394     52.541        0.000 NangateOpenCellLibrary       0 
BUF_X1            17   13.566    371.632    38647.680 NangateOpenCellLibrary       0 
CLKBUF_X1          6    4.788     69.405     8445.441 NangateOpenCellLibrary       0 
DFFR_X1           57  303.240   4999.262   509207.871 NangateOpenCellLibrary       0 
HA_X1              5   13.300    289.176    22597.960 NangateOpenCellLibrary       0 
INV_X1           392  208.544   5695.111   191961.737 NangateOpenCellLibrary       0 
INV_X2            42   33.516   1206.161    35646.686 NangateOpenCellLibrary       0 
INV_X4            12   15.960    661.167    15427.739 NangateOpenCellLibrary       0 
INV_X8             3    7.182    328.108    11358.448 NangateOpenCellLibrary       0 
MUX2_X1           47   87.514   1702.945    96739.595 NangateOpenCellLibrary       0 
MUX2_X2            2    4.788    139.004     7916.336 NangateOpenCellLibrary       0 
NAND2_X1         408  325.584   7176.133   239170.858 NangateOpenCellLibrary       0 
NAND2_X2          61   81.130   2301.152    74148.567 NangateOpenCellLibrary       0 
NAND2_X4          22   52.668   1675.530    41847.160 NangateOpenCellLibrary       0 
NAND3_X1          59   62.776   1527.885    60031.927 NangateOpenCellLibrary       0 
NAND3_X2          16   29.792    737.974    25235.835 NangateOpenCellLibrary       0 
NAND3_X4           2    6.916    153.877     9017.316 NangateOpenCellLibrary       0 
NAND4_X1          20   26.600    825.205    35050.829 NangateOpenCellLibrary       0 
NAND4_X2           3    7.182    257.905    11766.443 NangateOpenCellLibrary       0 
NOR2_X1          211  168.378   4569.365   155094.606 NangateOpenCellLibrary       0 
NOR2_X2           37   49.210   1595.724    56042.833 NangateOpenCellLibrary       0 
NOR2_X4            7   16.758    687.563    10866.696 NangateOpenCellLibrary       0 
NOR3_X1           13   13.832    351.590    10005.027 NangateOpenCellLibrary       0 
NOR4_X1           16   21.280    523.302     3890.452 NangateOpenCellLibrary       0 
OAI211_X1         24   31.920    824.117    40576.220 NangateOpenCellLibrary       0 
OAI211_X2          1    2.394     78.841     4618.054 NangateOpenCellLibrary       0 
OAI21_X1          64   68.096   1993.736    74626.389 NangateOpenCellLibrary       0 
OAI21_X2           9   16.758    594.665    23371.915 NangateOpenCellLibrary       0 
OAI21_X4           4   13.832    568.462    20362.069 NangateOpenCellLibrary       0 
OAI221_X1         21   33.516   1160.049    39974.922 NangateOpenCellLibrary       0 
OAI222_X1         57  121.296   3685.710    73084.009 NangateOpenCellLibrary       0 
OAI22_X1          79  105.070   3270.188    75142.712 NangateOpenCellLibrary       0 
OAI22_X2           1    2.394     49.459     3933.542 NangateOpenCellLibrary       0 
OAI33_X1           1    1.862     53.432     1111.936 NangateOpenCellLibrary       0 
OR2_X1            23   24.472    527.775    28666.571 NangateOpenCellLibrary       0 
OR2_X4             1    2.394     93.941     2276.096 NangateOpenCellLibrary       0 
OR3_X1             1    1.330     26.650      169.201 NangateOpenCellLibrary       0 
SDFFR_X1          11   73.150   1182.792   101064.608 NangateOpenCellLibrary       0 
XNOR2_X1          29   46.284    992.838    93402.102 NangateOpenCellLibrary       0 
XNOR2_X2          11   29.260    842.811    49009.983 NangateOpenCellLibrary       0 
XOR2_X1            8   12.768    266.997    21929.124 NangateOpenCellLibrary       0 
XOR2_X2            1    2.394     71.493     3856.202 NangateOpenCellLibrary       0 
-------------------------------------------------------------------------------------
total           2108 2539.502  64582.454  2778023.344                                
                                           Leakage  Leakage   Internal  Internal 
     Type      Instances   Area   Area % Power (nW) Power %  Power (nW)  Power % 
---------------------------------------------------------------------------------
sequential            68  376.390   14.8   6182.054     9.6  610272.479     22.0 
inverter             449  265.202   10.4   7890.546    12.2  254394.610      9.2 
buffer                23   18.354    0.7    441.038     0.7   47093.121      1.7 
logic               1568 1879.556   74.0  50068.816    77.5 1866263.133     67.2 
physical_cells         0    0.000    0.0      0.000     0.0       0.000      0.0 
---------------------------------------------------------------------------------
total               2108 2539.502  100.0  64582.454   100.0 2778023.344    100.0 
