============================================================
  Generated by:           Genus(TM) Synthesis Solution 25.11-s095_1
  Generated on:           Feb 13 2026  12:50:24 am
  Module:                 mul_bf16
  Operating conditions:   PVT_1P2V_25C 
  Interconnect mode:      global
  Area mode:              physical library
============================================================


Path 1: VIOLATED (-722 ps) Late External Delay Assertion at pin result[14]
           View: view_1p2_25
          Group: clock1
     Startpoint: (R) b_latched_reg[7]/clk
          Clock: (R) clock1
       Endpoint: (R) result[14]
          Clock: (R) clock1

                     Capture       Launch     
        Clock Edge:+    1667            0     
       Src Latency:+       0            0     
       Net Latency:+       0 (I)        0 (I) 
           Arrival:=    1667            0     
                                              
      Output Delay:-       1                  
       Uncertainty:-       0                  
     Required Time:=    1666                  
      Launch Clock:-       0                  
         Data Path:-    2387                  
             Slack:=    -722                  

Exceptions/Constraints:
  output_delay              1              mul_bf16.sdc_line_21_33_1   

Launch clock path:
#---------------------------------------------------------------------------------------------------
#    Timing Point      Flags   Arc   Edge      Cell        Fanout Load Trans Delay Arrival Instance 
#                                                                 (fF)  (ps)  (ps)   (ps)  Location 
#---------------------------------------------------------------------------------------------------
  clk                  (i,u)   -     R     (arrival)           33  0.0   110     0      64    (-,-) 
  clk                  -       -     -     (net)                -    -     -     -       -    (-,-) 
  clk                  -       -     -     (net)                -    -     -     -       -    (-,-) 
  b_latched_reg[7]/clk <<<     -     R     unmapped_d_flop     33    -     1     0      64    (-,-) 
#---------------------------------------------------------------------------------------------------

#--------------------------------------------------------------------------------------------------------------------------
#              Timing Point               Flags    Arc    Edge       Cell         Fanout Load Trans Delay Arrival Instance 
#                                                                                        (fF)  (ps)  (ps)   (ps)  Location 
#--------------------------------------------------------------------------------------------------------------------------
  b_latched_reg[7]/clk                    -       -       R     (arrival)             33    -     1     0       0    (-,-) 
  b_latched_reg[7]/q                      (u)     clk->q  F     unmapped_d_flop        4 17.4     0   226     226    (-,-) 
  b_latched[7]                            -       -       -     (net)                  -    -     -     -       -    (-,-) 
  g6846/z                                 (u)     in_1->z F     unmapped_or2           1  5.5     0    32     258    (-,-) 
  n_2692                                  -       -       -     (net)                  -    -     -     -       -    (-,-) 
  g6730/z                                 (u)     in_1->z F     unmapped_or2           1  5.5     0    32     291    (-,-) 
  n_2482                                  -       -       -     (net)                  -    -     -     -       -    (-,-) 
  g6614/z                                 (u)     in_1->z F     unmapped_or2           9 49.5     0    81     372    (-,-) 
  n_2262                                  -       -       -     (net)                  -    -     -     -       -    (-,-) 
  g6580/z                                 (u)     in_0->z R     unmapped_nand2         2 11.0     0    41     412    (-,-) 
  wallaca_n_23                            -       -       -     (net)                  -    -     -     -       -    (-,-) 
  g6535/z                                 (u)     in_0->z F     unmapped_complex2      1  5.5     0    32     445    (-,-) 
  n_4385                                  -       -       -     (net)                  -    -     -     -       -    (-,-) 
  g6536/z                                 (u)     in_1->z R     unmapped_nand2         3 16.5     0    49     494    (-,-) 
  wallaca_genblk1[0].genblk1[7].fa_00_n_3 -       -       -     (net)                  -    -     -     -       -    (-,-) 
  g6502/z                                 (u)     in_0->z R     unmapped_or2           1  5.5     0    32     526    (-,-) 
  n_4369                                  -       -       -     (net)                  -    -     -     -       -    (-,-) 
  g6503/z                                 (u)     in_1->z F     unmapped_nand2         3 16.5     0    49     575    (-,-) 
  wallaca_stage1_sums[0][7]               -       -       -     (net)                  -    -     -     -       -    (-,-) 
  g6457/z                                 (u)     in_0->z F     unmapped_complex2      1  5.5     0    32     607    (-,-) 
  n_4346                                  -       -       -     (net)                  -    -     -     -       -    (-,-) 
  g6458/z                                 (u)     in_1->z R     unmapped_nand2         3 16.5     0    49     656    (-,-) 
  wallaca_genblk2[7].fa_s2_l1_n_3         -       -       -     (net)                  -    -     -     -       -    (-,-) 
  g6424/z                                 (u)     in_0->z R     unmapped_complex2      1  5.5     0    32     688    (-,-) 
  n_4334                                  -       -       -     (net)                  -    -     -     -       -    (-,-) 
  g6425/z                                 (u)     in_1->z F     unmapped_nand2         3 16.5     0    49     737    (-,-) 
  wallaca_stage2_level1_sums[7]           -       -       -     (net)                  -    -     -     -       -    (-,-) 
  g6409/z                                 (u)     in_0->z F     unmapped_complex2      1  5.5     0    32     770    (-,-) 
  n_4328                                  -       -       -     (net)                  -    -     -     -       -    (-,-) 
  g6410/z                                 (u)     in_1->z R     unmapped_nand2         3 16.5     0    49     818    (-,-) 
  wallaca_genblk4[7].fa_s3_l1_n_3         -       -       -     (net)                  -    -     -     -       -    (-,-) 
  g6366/z                                 (u)     in_0->z R     unmapped_complex2      1  5.5     0    32     851    (-,-) 
  n_4310                                  -       -       -     (net)                  -    -     -     -       -    (-,-) 
  g6367/z                                 (u)     in_1->z F     unmapped_nand2         3 16.5     0    49     900    (-,-) 
  wallaca_stage3_sums[7]                  -       -       -     (net)                  -    -     -     -       -    (-,-) 
  g6336/z                                 (u)     in_0->z F     unmapped_complex2      1  5.5     0    32     932    (-,-) 
  n_4296                                  -       -       -     (net)                  -    -     -     -       -    (-,-) 
  g6337/z                                 (u)     in_1->z R     unmapped_nand2         3 16.5     0    49     981    (-,-) 
  wallaca_genblk5[7].fa_s4_l1_n_3         -       -       -     (net)                  -    -     -     -       -    (-,-) 
  g6306/z                                 (u)     in_0->z R     unmapped_or2           1  5.5     0    32    1013    (-,-) 
  n_4282                                  -       -       -     (net)                  -    -     -     -       -    (-,-) 
  g6307/z                                 (u)     in_1->z F     unmapped_nand2         2 11.0     0    41    1054    (-,-) 
  wallaca_stage4_sums[7]                  -       -       -     (net)                  -    -     -     -       -    (-,-) 
  g7031/z                                 (u)     in_0->z R     unmapped_complex2      2 11.0     0    41    1094    (-,-) 
  n_2295                                  -       -       -     (net)                  -    -     -     -       -    (-,-) 
  g6263/z                                 (u)     in_0->z F     unmapped_nand2         1  5.5     0    32    1127    (-,-) 
  n_2577                                  -       -       -     (net)                  -    -     -     -       -    (-,-) 
  g6255/z                                 (u)     in_1->z R     unmapped_nand2         3 16.5     0    49    1176    (-,-) 
  n_2323                                  -       -       -     (net)                  -    -     -     -       -    (-,-) 
  g7040/z                                 (u)     in_0->z R     unmapped_complex2      1  5.5     0    32    1208    (-,-) 
  n_2703                                  -       -       -     (net)                  -    -     -     -       -    (-,-) 
  g6216/z                                 (u)     in_0->z F     unmapped_nand2         3 16.5     0    49    1257    (-,-) 
  n_2386                                  -       -       -     (net)                  -    -     -     -       -    (-,-) 
  g6214/z                                 (u)     in_1->z R     unmapped_nand2         1  5.5     0    32    1289    (-,-) 
  n_2709                                  -       -       -     (net)                  -    -     -     -       -    (-,-) 
  g6205/z                                 (u)     in_0->z F     unmapped_nand2         3 16.5     0    49    1338    (-,-) 
  n_2387                                  -       -       -     (net)                  -    -     -     -       -    (-,-) 
  g6193/z                                 (u)     in_1->z R     unmapped_nand2         1  5.5     0    32    1370    (-,-) 
  n_2715                                  -       -       -     (net)                  -    -     -     -       -    (-,-) 
  g6188/z                                 (u)     in_0->z F     unmapped_nand2         3 16.5     0    49    1419    (-,-) 
  n_2389                                  -       -       -     (net)                  -    -     -     -       -    (-,-) 
  g6182/z                                 (u)     in_1->z R     unmapped_nand2         2 11.0     0    41    1460    (-,-) 
  n_2721                                  -       -       -     (net)                  -    -     -     -       -    (-,-) 
  g6176/z                                 (u)     in_0->z F     unmapped_nand2         3 16.5     0    49    1509    (-,-) 
  n_3443                                  -       -       -     (net)                  -    -     -     -       -    (-,-) 
  g6162/z                                 (u)     in_1->z R     unmapped_nand2         1  5.5     0    32    1541    (-,-) 
  n_3444                                  -       -       -     (net)                  -    -     -     -       -    (-,-) 
  g6160/z                                 (u)     in_0->z F     unmapped_nand2         3 16.5     0    49    1590    (-,-) 
  n_3445                                  -       -       -     (net)                  -    -     -     -       -    (-,-) 
  g7058/z                                 (u)     in_0->z R     unmapped_complex2      1  5.5     0    32    1622    (-,-) 
  n_4222                                  -       -       -     (net)                  -    -     -     -       -    (-,-) 
  g6145/z                                 (u)     in_1->z F     unmapped_nand2         7 38.5     0    74    1696    (-,-) 
  n_468                                   -       -       -     (net)                  -    -     -     -       -    (-,-) 
  g6118/z                                 (u)     in_0->z R     unmapped_complex2      4 22.0     0    57    1753    (-,-) 
  n_3000                                  -       -       -     (net)                  -    -     -     -       -    (-,-) 
  g6096/z                                 (u)     in_1->z R     unmapped_or2           3 16.5     0    49    1802    (-,-) 
  n_1407                                  -       -       -     (net)                  -    -     -     -       -    (-,-) 
  g7070/z                                 (u)     in_1->z R     unmapped_complex2      3 16.5     0    49    1851    (-,-) 
  n_1408                                  -       -       -     (net)                  -    -     -     -       -    (-,-) 
  g6054/z                                 (u)     in_1->z R     unmapped_or2           1  5.5     0    32    1883    (-,-) 
  n_4206                                  -       -       -     (net)                  -    -     -     -       -    (-,-) 
  g6055/z                                 (u)     in_1->z F     unmapped_nand2         1  5.5     0    32    1915    (-,-) 
  n_510                                   -       -       -     (net)                  -    -     -     -       -    (-,-) 
  g7076/z                                 (u)     in_0->z R     unmapped_complex2      1  5.5     0    32    1948    (-,-) 
  n_2857                                  -       -       -     (net)                  -    -     -     -       -    (-,-) 
  g6000/z                                 (u)     in_1->z F     unmapped_nand2         3 16.5     0    49    1997    (-,-) 
  n_2330                                  -       -       -     (net)                  -    -     -     -       -    (-,-) 
  g5991/z                                 (u)     in_0->z F     unmapped_or2           1  5.5     0    32    2029    (-,-) 
  n_3363                                  -       -       -     (net)                  -    -     -     -       -    (-,-) 
  g5984/z                                 (u)     in_1->z F     unmapped_or2           2 11.0     0    41    2070    (-,-) 
  n_3366                                  -       -       -     (net)                  -    -     -     -       -    (-,-) 
  g5982/z                                 (u)     in_1->z F     unmapped_or2           1  5.5     0    32    2102    (-,-) 
  n_3923                                  -       -       -     (net)                  -    -     -     -       -    (-,-) 
  g5612/z                                 (u)     in_1->z F     unmapped_or2           1  5.5     0    32    2134    (-,-) 
  n_3924                                  -       -       -     (net)                  -    -     -     -       -    (-,-) 
  g5970/z                                 (u)     in_0->z R     unmapped_complex2      2 11.0     0    41    2175    (-,-) 
  n_2784                                  -       -       -     (net)                  -    -     -     -       -    (-,-) 
  g5968/z                                 (u)     in_0->z F     unmapped_nand2         3 11.9     0    41    2216    (-,-) 
  mul_unf                                 -       -       -     (net)                  -    -     -     -       -    (-,-) 
  g5964/z                                 (u)     in_0->z F     unmapped_complex2      2 11.0     0    41    2257    (-,-) 
  n_96                                    -       -       -     (net)                  -    -     -     -       -    (-,-) 
  g7082/z                                 (u)     in_0->z R     unmapped_complex2      1  5.5     0    32    2289    (-,-) 
  n_2421                                  -       -       -     (net)                  -    -     -     -       -    (-,-) 
  g5937/z                                 (u)     in_1->z F     unmapped_nand2         7 38.5     0    74    2362    (-,-) 
  n_2510                                  -       -       -     (net)                  -    -     -     -       -    (-,-) 
  g5936/z                                 (u)     in_0->z R     unmapped_nand2         1  0.9     0    25    2387    (-,-) 
  result[14]                              -       -       -     (net)                  -    -     -     -       -    (-,-) 
  result[14]                              <<<     -       R     (port)                 -    -     -     0    2387    (-,-) 
#--------------------------------------------------------------------------------------------------------------------------

(u) : Net has unmapped pin(s).


