============================================================
  Generated by:           Genus(TM) Synthesis Solution 25.11-s095_1
  Generated on:           Mar 10 2026  04:04:14 pm
  Module:                 mul_bf
  Operating conditions:   typical 
  Interconnect mode:      global
  Area mode:              physical library
============================================================


Path 1: MET (28 ps) Setup Check with Pin result_reg[22]/CK->D
           View: view_1p2_25
          Group: clock1
     Startpoint: (R) b[4]
          Clock: (R) clock1
       Endpoint: (R) result_reg[22]/D
          Clock: (R) clock1

                     Capture       Launch     
        Clock Edge:+    1538            0     
        Drv Adjust:+       0            0     
       Src Latency:+       0            0     
       Net Latency:+       0 (I)        0 (I) 
           Arrival:=    1538            0     
                                              
             Setup:-      42                  
       Uncertainty:-       0                  
     Required Time:=    1497                  
      Launch Clock:-       0                  
       Input Delay:-       1                  
         Data Path:-    1468                  
             Slack:=      28                  

Exceptions/Constraints:
  input_delay              1              mul_bf.sdc_line_20_29_1   

#------------------------------------------------------------------------------------------
#  Timing Point    Flags    Arc   Edge   Cell     Fanout Load Trans Delay Arrival Instance 
#                                                        (fF)  (ps)  (ps)   (ps)  Location 
#------------------------------------------------------------------------------------------
  b[4]             -       -      R     (arrival)     10 24.2     0     0       1    (-,-) 
  b[4]             -       -      -     (net)          -    -     -     -       -    (-,-) 
  g12032__7482/ZN  -       A2->ZN F     NAND2_X2       2  3.6     6    11      12    (-,-) 
  n_65             -       -      -     (net)          -    -     -     -       -    (-,-) 
  g11991__6161/ZN  -       A2->ZN R     NAND2_X1       2  3.9    14    21      33    (-,-) 
  n_105            -       -      -     (net)          -    -     -     -       -    (-,-) 
  g11960__7482/ZN  -       A->ZN  F     OAI21_X1       2  4.1    13    25      58    (-,-) 
  n_144            -       -      -     (net)          -    -     -     -       -    (-,-) 
  g11905__6131/ZN  -       A->ZN  F     XNOR2_X1       1  3.7    15    44     102    (-,-) 
  n_148            -       -      -     (net)          -    -     -     -       -    (-,-) 
  g11816__3680/CO  -       B->CO  F     FA_X1          2  4.1    17    84     186    (-,-) 
  n_258            -       -      -     (net)          -    -     -     -       -    (-,-) 
  g11808__2346/ZN  -       A->ZN  F     XNOR2_X1       2  4.1    18    46     232    (-,-) 
  n_273            -       -      -     (net)          -    -     -     -       -    (-,-) 
  g11795__5122/ZN  -       A->ZN  F     XNOR2_X1       1  3.4    14    46     277    (-,-) 
  n_280            -       -      -     (net)          -    -     -     -       -    (-,-) 
  g11773__5122/S   -       A->S   F     HA_X1          2  4.0    14    57     334    (-,-) 
  n_329            -       -      -     (net)          -    -     -     -       -    (-,-) 
  g11766__6260/ZN  -       B1->ZN R     AOI21_X1       2  4.4    34    42     376    (-,-) 
  n_334            -       -      -     (net)          -    -     -     -       -    (-,-) 
  g11763/ZN        -       A->ZN  F     INV_X1         1  1.7     9    10     386    (-,-) 
  n_335            -       -      -     (net)          -    -     -     -       -    (-,-) 
  g11760__7410/ZN  -       A1->ZN R     NOR2_X1        2  3.8    25    34     420    (-,-) 
  n_339            -       -      -     (net)          -    -     -     -       -    (-,-) 
  g11757__2346/ZN  -       A1->ZN F     NOR2_X1        2  3.4    10    15     435    (-,-) 
  n_341            -       -      -     (net)          -    -     -     -       -    (-,-) 
  g11756__2883/ZN  -       A1->ZN R     NOR2_X1        2  4.3    28    37     471    (-,-) 
  n_343            -       -      -     (net)          -    -     -     -       -    (-,-) 
  g11754__9315/ZN  -       B1->ZN F     AOI21_X1       2  4.2    15    25     496    (-,-) 
  n_344            -       -      -     (net)          -    -     -     -       -    (-,-) 
  g11752/ZN        -       A->ZN  R     INV_X1         1  1.9     9    16     512    (-,-) 
  n_345            -       -      -     (net)          -    -     -     -       -    (-,-) 
  g11750__7482/ZN  -       B1->ZN F     AOI21_X1       2  4.1    14    19     531    (-,-) 
  n_347            -       -      -     (net)          -    -     -     -       -    (-,-) 
  g11748__5115/ZN  -       B1->ZN R     OAI21_X1       2  4.4    31    42     573    (-,-) 
  n_348            -       -      -     (net)          -    -     -     -       -    (-,-) 
  g11747/ZN        -       A->ZN  F     INV_X1         1  1.7     8    10     583    (-,-) 
  n_349            -       -      -     (net)          -    -     -     -       -    (-,-) 
  g11745__7098/ZN  -       B1->ZN R     AOI21_X1       2  4.4    34    40     623    (-,-) 
  n_356            -       -      -     (net)          -    -     -     -       -    (-,-) 
  g11741__8246/ZN  -       A1->ZN F     OAI22_X1       1  1.8    14    23     646    (-,-) 
  n_357            -       -      -     (net)          -    -     -     -       -    (-,-) 
  g11740/ZN        -       A->ZN  R     INV_X1         2  3.1    11    19     665    (-,-) 
  n_359            -       -      -     (net)          -    -     -     -       -    (-,-) 
  g11738__1705/ZN  -       A1->ZN R     OR2_X1         5  9.4    24    42     707    (-,-) 
  n_364            -       -      -     (net)          -    -     -     -       -    (-,-) 
  g11734__6783/ZN  -       A1->ZN F     NOR3_X1        2  3.6    10    15     723    (-,-) 
  n_365            -       -      -     (net)          -    -     -     -       -    (-,-) 
  g11733/ZN        -       A->ZN  R     INV_X1         1  1.9     8    13     736    (-,-) 
  n_366            -       -      -     (net)          -    -     -     -       -    (-,-) 
  g11730__4319/ZN  -       A1->ZN F     NAND2_X1       2  3.3     9    15     752    (-,-) 
  n_373            -       -      -     (net)          -    -     -     -       -    (-,-) 
  g11727__5107/ZN  -       A1->ZN R     NOR2_X1        2  3.8    25    34     786    (-,-) 
  n_375            -       -      -     (net)          -    -     -     -       -    (-,-) 
  g11722__6417/ZN  -       A1->ZN F     NOR2_X1        1  1.8    12    11     797    (-,-) 
  n_376            -       -      -     (net)          -    -     -     -       -    (-,-) 
  g11719__2883/ZN  -       B1->ZN R     OAI21_X1       2  4.3    30    41     838    (-,-) 
  n_382            -       -      -     (net)          -    -     -     -       -    (-,-) 
  g11718__9945/ZN  -       A1->ZN F     NAND2_X1       1  1.8    11    17     855    (-,-) 
  n_383            -       -      -     (net)          -    -     -     -       -    (-,-) 
  g11716__6161/ZN  -       A1->ZN R     NAND2_X1       1  3.5    13    20     875    (-,-) 
  n_384            -       -      -     (net)          -    -     -     -       -    (-,-) 
  g11715__4733/S   -       A->S   R     HA_X1          2  4.3    34    61     937    (-,-) 
  n_386            -       -      -     (net)          -    -     -     -       -    (-,-) 
  g11713__5115/ZN  -       C1->ZN F     AOI221_X1      1  3.0    21    25     961    (-,-) 
  n_387            -       -      -     (net)          -    -     -     -       -    (-,-) 
  g11710__7098/CO  -       CI->CO F     FA_X1          1  1.8    13    71    1033    (-,-) 
  n_394            -       -      -     (net)          -    -     -     -       -    (-,-) 
  g11709/ZN        -       A->ZN  R     INV_X1         1  1.9     8    15    1048    (-,-) 
  n_396            -       -      -     (net)          -    -     -     -       -    (-,-) 
  g11707__8246/ZN  -       A1->ZN F     NAND2_X1       2  3.4    10    16    1064    (-,-) 
  n_397            -       -      -     (net)          -    -     -     -       -    (-,-) 
  g11706__5122/ZN  -       A1->ZN R     NOR2_X1        2  3.9    26    35    1098    (-,-) 
  n_399            -       -      -     (net)          -    -     -     -       -    (-,-) 
  g11705/ZN        -       A->ZN  F     INV_X1         1  1.9     8    10    1108    (-,-) 
  n_400            -       -      -     (net)          -    -     -     -       -    (-,-) 
  g11703__2802/ZN  -       A1->ZN R     NAND3_X1       2  3.1    15    19    1127    (-,-) 
  n_403            -       -      -     (net)          -    -     -     -       -    (-,-) 
  g11699__5526/ZN  -       B1->ZN F     OAI21_X1       3  4.5    14    22    1149    (-,-) 
  n_407            -       -      -     (net)          -    -     -     -       -    (-,-) 
  g11697__8428/ZN  -       A1->ZN F     AND4_X1        1  1.7     7    35    1184    (-,-) 
  n_404            -       -      -     (net)          -    -     -     -       -    (-,-) 
  g11695__5107/ZN  -       C1->ZN R     OAI211_X1      2  3.9    31    40    1224    (-,-) 
  n_413            -       -      -     (net)          -    -     -     -       -    (-,-) 
  g11694/ZN        -       A->ZN  F     INV_X1         1  1.7     8    10    1234    (-,-) 
  n_414            -       -      -     (net)          -    -     -     -       -    (-,-) 
  g11690__6417/ZN  -       A1->ZN F     OR2_X2         9 15.2    15    54    1288    (-,-) 
  n_425            -       -      -     (net)          -    -     -     -       -    (-,-) 
  g11689/ZN        -       A->ZN  R     INV_X1         2  3.7    12    21    1308    (-,-) 
  n_428            -       -      -     (net)          -    -     -     -       -    (-,-) 
  g11674__5115/ZN  -       A2->ZN F     NAND3_X1      15 24.7    69    89    1397    (-,-) 
  n_456            -       -      -     (net)          -    -     -     -       -    (-,-) 
  g11644__2398/ZN  -       B1->ZN R     OAI221_X1      1  1.4    40    71    1469    (-,-) 
  n_460            -       -      -     (net)          -    -     -     -       -    (-,-) 
  result_reg[22]/D <<<     -      R     DFFR_X1        1    -     -     0    1469    (-,-) 
#------------------------------------------------------------------------------------------

Capture clock path:
#------------------------------------------------------------------------------------------
#   Timing Point    Flags   Arc   Edge   Cell     Fanout Load Trans Delay Arrival Instance 
#                                                        (fF)  (ps)  (ps)   (ps)  Location 
#------------------------------------------------------------------------------------------
  clk               (i)     -     R     (arrival)     25  0.0     0     0    1538    (-,-) 
  clk               -       -     -     (net)          -    -     -     -       -    (-,-) 
  clk               -       -     -     (net)          -    -     -     -       -    (-,-) 
  result_reg[22]/CK <<<     -     R     DFFR_X1       25    -     1     0    1538    (-,-) 
#------------------------------------------------------------------------------------------


