============================================================
  Generated by:           Genus(TM) Synthesis Solution 25.11-s095_1
  Generated on:           May 22 2026  08:54:21 pm
  Module:                 sysarr_32_input_fp_adder
  Library domain:         timing_condition_tt_1p2v_25c
    Domain index:         0
    Technology library:   NangateOpenCellLibrary revision 1.0
  Operating conditions:   typical 
  Interconnect mode:      global
  Area mode:              physical library
============================================================

Timing
--------

Analysis view  Clock Period 
----------------------------
view_1p2_25   clock1 1000.0 


  Analysis    Cost   Critical             Violating 
    View     Group  Path Slack    TNS       Paths   
----------------------------------------------------
view_1p2_25  clock1     -307.8 -202915.7        931 
            default   No paths       0.0          0 
----------------------------------------------------
Total                          -202915.7        931 
                                                    

Instance Count
--------------
Leaf Instance Count             28990 
Physical Instance count             0 
Sequential Instance Count        1618 
Combinational Instance Count    27372 
Hierarchical Instance Count         5 

Area
----
Cell Area                          52630.806
Physical Cell Area                 0.000
Total Cell Area (Cell+Physical)    52630.806
Net Area                           25.915
Total Area (Cell+Physical+Net)     52656.721

Power
-----
Leakage Power                      448491.254 nW
Dynamic Power                      21023053.010 nW
Total Power                        21471544.265 nW

Max Fanout                         1618 (clk)
Min Fanout                         0 (aligner_inst_n_6225)
Average Fanout                     1.9
Terms to net ratio                 2.9513
Terms to instance ratio            3.2778
Runtime                            50.458978 seconds
Elapsed Runtime                    55 seconds
Genus peak memory usage            1771.33 
Innovus peak memory usage          no_value 
Hostname                           asicfab.ecn.purdue.edu
