============================================================
  Generated by:           Genus(TM) Synthesis Solution 25.11-s095_1
  Generated on:           Mar 11 2026  01:51:19 am
  Module:                 sysarr_4_input_fp_adder
  Operating conditions:   typical 
  Interconnect mode:      global
  Area mode:              physical library
============================================================


Path 1: MET (64 ps) Setup Check with Pin add_out_reg[22]/clk->d
           View: view_1p2_25
          Group: clock1
     Startpoint: (R) st2_sum_mag_reg[11]/clk
          Clock: (R) clock1
       Endpoint: (R) add_out_reg[22]/d
          Clock: (R) clock1

                     Capture       Launch     
        Clock Edge:+    1163            0     
       Src Latency:+       0            0     
       Net Latency:+       0 (I)        0 (I) 
           Arrival:=    1163            0     
                                              
             Setup:-      38                  
       Uncertainty:-       0                  
     Required Time:=    1125                  
      Launch Clock:-       0                  
         Data Path:-    1061                  
             Slack:=      64                  

Launch clock path:
#------------------------------------------------------------------------------------------------------
#      Timing Point       Flags   Arc   Edge      Cell        Fanout Load Trans Delay Arrival Instance 
#                                                                    (fF)  (ps)  (ps)   (ps)  Location 
#------------------------------------------------------------------------------------------------------
  clk                     (i,u)   -     R     (arrival)          136  0.0     0     0       0    (-,-) 
  clk                     -       -     -     (net)                -    -     -     -       -    (-,-) 
  clk                     -       -     -     (net)                -    -     -     -       -    (-,-) 
  st2_sum_mag_reg[11]/clk <<<     -     R     unmapped_d_flop    136    -     1     0       0    (-,-) 
#------------------------------------------------------------------------------------------------------

#----------------------------------------------------------------------------------------------------------
#      Timing Point       Flags    Arc    Edge       Cell         Fanout Load Trans Delay Arrival Instance 
#                                                                        (fF)  (ps)  (ps)   (ps)  Location 
#----------------------------------------------------------------------------------------------------------
  st2_sum_mag_reg[11]/clk -       -       R     (arrival)            136    -     1     0       0    (-,-) 
  st2_sum_mag_reg[11]/q   (u)     clk->q  F     unmapped_d_flop       16 51.2     0   139     139    (-,-) 
  st2_sum_mag[11]         -       -       -     (net)                  -    -     -     -       -    (-,-) 
  g33758/z                (u)     in_1->z F     unmapped_or2           1  3.2     0    17     155    (-,-) 
  n_19602                 -       -       -     (net)                  -    -     -     -       -    (-,-) 
  g33528/z                (u)     in_1->z F     unmapped_or2           1  3.2     0    17     172    (-,-) 
  n_26185                 -       -       -     (net)                  -    -     -     -       -    (-,-) 
  g33476/z                (u)     in_0->z F     unmapped_or2           1  3.2     0    17     188    (-,-) 
  n_19603                 -       -       -     (net)                  -    -     -     -       -    (-,-) 
  g33447/z                (u)     in_1->z F     unmapped_or2          17 54.4     0    45     233    (-,-) 
  n_4087                  -       -       -     (net)                  -    -     -     -       -    (-,-) 
  g33409/z                (u)     in_1->z F     unmapped_complex2      1  3.2     0    17     250    (-,-) 
  n_19645                 -       -       -     (net)                  -    -     -     -       -    (-,-) 
  g33393/z                (u)     in_1->z R     unmapped_complex2      2  7.2     0    19     269    (-,-) 
  n_4093                  -       -       -     (net)                  -    -     -     -       -    (-,-) 
  g33326/z                (u)     in_1->z R     unmapped_or2           1  3.6     0    17     285    (-,-) 
  n_19651                 -       -       -     (net)                  -    -     -     -       -    (-,-) 
  g33308/z                (u)     in_1->z R     unmapped_or2           1  3.6     0    17     302    (-,-) 
  n_15840                 -       -       -     (net)                  -    -     -     -       -    (-,-) 
  g33091/z                (u)     in_1->z R     unmapped_or2          13 46.8     0    41     343    (-,-) 
  n_4084                  -       -       -     (net)                  -    -     -     -       -    (-,-) 
  g33821/z                (u)     in_0->z R     unmapped_complex2      1  3.6     0    17     359    (-,-) 
  n_19669                 -       -       -     (net)                  -    -     -     -       -    (-,-) 
  g33032/z                (u)     in_1->z F     unmapped_complex2      2  6.4     0    19     378    (-,-) 
  n_4109                  -       -       -     (net)                  -    -     -     -       -    (-,-) 
  g33012/z                (u)     in_1->z F     unmapped_or2           5 16.0     0    28     406    (-,-) 
  n_15847                 -       -       -     (net)                  -    -     -     -       -    (-,-) 
  g32991/z                (u)     in_0->z F     unmapped_or2          12 38.4     0    40     446    (-,-) 
  n_15524                 -       -       -     (net)                  -    -     -     -       -    (-,-) 
  g32983/z                (u)     in_0->z F     unmapped_complex2      1  3.2     0    17     463    (-,-) 
  n_20694                 -       -       -     (net)                  -    -     -     -       -    (-,-) 
  g32974/z                (u)     in_0->z R     unmapped_complex2      3 10.8     0    22     484    (-,-) 
  n_4121                  -       -       -     (net)                  -    -     -     -       -    (-,-) 
  g32959/z                (u)     in_1->z R     unmapped_complex2      7 25.2     0    33     517    (-,-) 
  n_4124                  -       -       -     (net)                  -    -     -     -       -    (-,-) 
  g33839/z                (u)     in_0->z R     unmapped_complex2      1  3.6     0    17     533    (-,-) 
  n_19690                 -       -       -     (net)                  -    -     -     -       -    (-,-) 
  g32544/z                (u)     in_1->z F     unmapped_complex2      9 28.8     0    36     570    (-,-) 
  n_4126                  -       -       -     (net)                  -    -     -     -       -    (-,-) 
  g34418/z                (u)     in_1->z R     unmapped_complex2      3 10.8     0    22     591    (-,-) 
  n_17919                 -       -       -     (net)                  -    -     -     -       -    (-,-) 
  g32228/z                (u)     in_0->z F     unmapped_nand2         2  6.4     0    19     610    (-,-) 
  n_18211                 -       -       -     (net)                  -    -     -     -       -    (-,-) 
  g33906/z                (u)     in_0->z R     unmapped_complex2      1  3.6     0    17     627    (-,-) 
  n_18479                 -       -       -     (net)                  -    -     -     -       -    (-,-) 
  g31999/z                (u)     in_0->z F     unmapped_nand2         3  9.6     0    22     649    (-,-) 
  n_16331                 -       -       -     (net)                  -    -     -     -       -    (-,-) 
  g31856/z                (u)     in_0->z F     unmapped_complex2      1  3.2     0    17     665    (-,-) 
  n_18480                 -       -       -     (net)                  -    -     -     -       -    (-,-) 
  g31756/z                (u)     in_1->z R     unmapped_nand2         3 10.8     0    22     687    (-,-) 
  n_15502                 -       -       -     (net)                  -    -     -     -       -    (-,-) 
  g31597/z                (u)     in_0->z F     unmapped_nand2         1  3.2     0    17     704    (-,-) 
  n_18482                 -       -       -     (net)                  -    -     -     -       -    (-,-) 
  g31534/z                (u)     in_1->z R     unmapped_nand2         3 10.8     0    22     725    (-,-) 
  n_15517                 -       -       -     (net)                  -    -     -     -       -    (-,-) 
  g31466/z                (u)     in_0->z F     unmapped_nand2         1  3.2     0    17     742    (-,-) 
  n_18481                 -       -       -     (net)                  -    -     -     -       -    (-,-) 
  g31449/z                (u)     in_1->z R     unmapped_nand2         3 10.8     0    22     763    (-,-) 
  n_15519                 -       -       -     (net)                  -    -     -     -       -    (-,-) 
  g31401/z                (u)     in_0->z R     unmapped_complex2      1  3.6     0    17     780    (-,-) 
  n_19707                 -       -       -     (net)                  -    -     -     -       -    (-,-) 
  g31290/z                (u)     in_0->z F     unmapped_nand2         3  9.6     0    22     802    (-,-) 
  n_15522                 -       -       -     (net)                  -    -     -     -       -    (-,-) 
  g31229/z                (u)     in_0->z F     unmapped_complex2      1  3.2     0    17     818    (-,-) 
  n_18486                 -       -       -     (net)                  -    -     -     -       -    (-,-) 
  g31165/z                (u)     in_0->z R     unmapped_complex2      2  7.2     0    19     837    (-,-) 
  n_16376                 -       -       -     (net)                  -    -     -     -       -    (-,-) 
  g31068/z                (u)     in_0->z F     unmapped_complex2     11 35.2     0    39     876    (-,-) 
  n_15529                 -       -       -     (net)                  -    -     -     -       -    (-,-) 
  g31034/z                (u)     in_1->z F     unmapped_or2           3  9.6     0    22     898    (-,-) 
  n_18013                 -       -       -     (net)                  -    -     -     -       -    (-,-) 
  g30843/z                (u)     in_0->z F     unmapped_or2           3  9.6     0    22     919    (-,-) 
  n_17878                 -       -       -     (net)                  -    -     -     -       -    (-,-) 
  g30784/z                (u)     in_0->z F     unmapped_or2          14 44.8     0    42     961    (-,-) 
  n_7132                  -       -       -     (net)                  -    -     -     -       -    (-,-) 
  g30516/z                (u)     in_1->z F     unmapped_complex2      1  3.2     0    17     978    (-,-) 
  n_21111                 -       -       -     (net)                  -    -     -     -       -    (-,-) 
  g30154/z                (u)     in_0->z R     unmapped_nand2         1  3.6     0    17     994    (-,-) 
  n_25549                 -       -       -     (net)                  -    -     -     -       -    (-,-) 
  g27770/z                (u)     in_0->z R     unmapped_or2           1  3.6     0    17    1011    (-,-) 
  n_25557                 -       -       -     (net)                  -    -     -     -       -    (-,-) 
  g27776/z                (u)     in_0->z R     unmapped_or2           1  3.6     0    17    1028    (-,-) 
  n_25561                 -       -       -     (net)                  -    -     -     -       -    (-,-) 
  g27778/z                (u)     in_0->z R     unmapped_or2           1  3.6     0    17    1044    (-,-) 
  n_25563                 -       -       -     (net)                  -    -     -     -       -    (-,-) 
  g27779/z                (u)     in_0->z R     unmapped_or2           1  3.6     0    17    1061    (-,-) 
  n_1514                  -       -       -     (net)                  -    -     -     -       -    (-,-) 
  add_out_reg[22]/d       <<<     -       R     unmapped_d_flop        1    -     -     0    1061    (-,-) 
#----------------------------------------------------------------------------------------------------------

(u) : Net has unmapped pin(s).

Capture clock path:
#--------------------------------------------------------------------------------------------------
#    Timing Point     Flags   Arc   Edge      Cell        Fanout Load Trans Delay Arrival Instance 
#                                                                (fF)  (ps)  (ps)   (ps)  Location 
#--------------------------------------------------------------------------------------------------
  clk                 (i,u)   -     R     (arrival)          136  0.0     0     0    1163    (-,-) 
  clk                 -       -     -     (net)                -    -     -     -       -    (-,-) 
  clk                 -       -     -     (net)                -    -     -     -       -    (-,-) 
  add_out_reg[22]/clk <<<     -     R     unmapped_d_flop    136    -     1     0    1163    (-,-) 
#--------------------------------------------------------------------------------------------------


