Command: report datapath reports/syn_map/area.datapath.rpt
Warning: '-sort' is not specified. By default, 'report datapath' orders the components based on instance name
============================================================
  Generated by:           Genus(TM) Synthesis Solution 25.11-s095_1
  Generated on:           Mar 10 2026  11:43:36 pm
  Module:                 sysarr_4_input_fp_adder_2_stage
  Library domain:         timing_condition_tt_1p2v_25c
    Domain index:         0
    Technology library:   NangateOpenCellLibrary revision 1.0
  Operating conditions:   typical 
  Interconnect mode:      global
  Area mode:              physical library
============================================================

Type              CellArea  Percentage
--------------------------------------
datapath modules      0.00        0.00
external muxes        0.00        0.00
others             3260.63      100.00
--------------------------------------
total              3260.63      100.00
