============================================================
  Generated by:           Genus(TM) Synthesis Solution 25.11-s095_1
  Generated on:           Mar 10 2026  11:43:39 pm
  Module:                 sysarr_4_input_fp_adder_2_stage
  Library domain:         timing_condition_tt_1p2v_25c
    Domain index:         0
    Technology library:   NangateOpenCellLibrary revision 1.0
  Operating conditions:   typical 
  Interconnect mode:      global
  Area mode:              physical library
============================================================

Timing
--------

Analysis view  Clock Period 
----------------------------
view_1p2_25   clock1 1667.0 


  Analysis    Cost   Critical        Violating 
    View     Group  Path Slack  TNS    Paths   
-----------------------------------------------
view_1p2_25  clock1       34.5  0.0          0 
            default   No paths  0.0          0 
-----------------------------------------------
Total                          -0.0          0 
                                               

Instance Count
--------------
Leaf Instance Count             2359 
Physical Instance count            0 
Sequential Instance Count         98 
Combinational Instance Count    2261 
Hierarchical Instance Count        0 

Area
----
Cell Area                          3260.628
Physical Cell Area                 0.000
Total Cell Area (Cell+Physical)    3260.628
Net Area                           3327.280
Total Area (Cell+Physical+Net)     6587.908

Power
-----
Leakage Power                      74628.983 nW
Dynamic Power                      5765544.212 nW
Total Power                        5840173.195 nW

Max Fanout                         98 (clk)
Min Fanout                         0 (n_1857)
Average Fanout                     2.2
Terms to net ratio                 3.2332
Terms to instance ratio            3.5731
Runtime                            44.960925 seconds
Elapsed Runtime                    52 seconds
Genus peak memory usage            1708.96 
Innovus peak memory usage          no_value 
Hostname                           asicfab.ecn.purdue.edu
