============================================================
  Generated by:           Genus(TM) Synthesis Solution 25.11-s095_1
  Generated on:           Mar 10 2026  11:43:44 pm
  Module:                 sysarr_4_input_fp_adder_2_stage
  Operating conditions:   typical 
  Interconnect mode:      global
  Area mode:              physical library
============================================================


Path 1: MET (34 ps) Setup Check with Pin st1_carry_vec_reg[7]/CK->D
           View: view_1p2_25
          Group: clock1
     Startpoint: (R) add_b[23]
          Clock: (R) clock1
       Endpoint: (F) st1_carry_vec_reg[7]/D
          Clock: (R) clock1

                     Capture       Launch     
        Clock Edge:+    1667            0     
        Drv Adjust:+       0            0     
       Src Latency:+       0            0     
       Net Latency:+       0 (I)        0 (I) 
           Arrival:=    1667            0     
                                              
             Setup:-      41                  
       Uncertainty:-       0                  
     Required Time:=    1626                  
      Launch Clock:-       0                  
       Input Delay:-       1                  
         Data Path:-    1590                  
             Slack:=      34                  

Exceptions/Constraints:
  input_delay              1              sysarr_4_input_fp_ad_line_21_41_1   

#------------------------------------------------------------------------------------------------
#     Timing Point       Flags    Arc   Edge   Cell     Fanout Load Trans Delay Arrival Instance 
#                                                              (fF)  (ps)  (ps)   (ps)  Location 
#------------------------------------------------------------------------------------------------
  add_b[23]              -       -      R     (arrival)      7 12.7     0     0       1    (-,-) 
  add_b[23]              -       -      -     (net)          -    -     -     -       -    (-,-) 
  g79085/ZN              -       A->ZN  F     INV_X1         1  1.8     3     5       6    (-,-) 
  n_47                   -       -      -     (net)          -    -     -     -       -    (-,-) 
  g78790/ZN              -       B1->ZN R     OAI21_X1       1  1.9    19    26      31    (-,-) 
  n_274                  -       -      -     (net)          -    -     -     -       -    (-,-) 
  g78768/ZN              -       A1->ZN F     NAND2_X1       1  1.7     9    15      47    (-,-) 
  n_297                  -       -      -     (net)          -    -     -     -       -    (-,-) 
  g78752/ZN              -       B1->ZN R     AOI21_X1       1  2.0    23    28      74    (-,-) 
  n_312                  -       -      -     (net)          -    -     -     -       -    (-,-) 
  g78742/ZN              -       B1->ZN F     OAI21_X1       1  1.8    10    18      92    (-,-) 
  n_319                  -       -      -     (net)          -    -     -     -       -    (-,-) 
  g78739/ZN              -       A1->ZN R     NAND2_X1       2  3.8    14    20     112    (-,-) 
  n_325                  -       -      -     (net)          -    -     -     -       -    (-,-) 
  g78734/ZN              -       A1->ZN F     NAND2_X1       1  1.7     8    14     126    (-,-) 
  n_329                  -       -      -     (net)          -    -     -     -       -    (-,-) 
  g78711/ZN              -       B2->ZN R     AOI21_X1       1  2.0    23    32     158    (-,-) 
  n_350                  -       -      -     (net)          -    -     -     -       -    (-,-) 
  g78705/ZN              -       B1->ZN F     OAI21_X1       2  3.0    12    21     179    (-,-) 
  n_354                  -       -      -     (net)          -    -     -     -       -    (-,-) 
  g78700/ZN              -       A1->ZN F     AND2_X1        1  3.0     7    33     211    (-,-) 
  n_358                  -       -      -     (net)          -    -     -     -       -    (-,-) 
  g78640/ZN              -       B1->ZN R     OAI21_X2       5  9.6    33    42     253    (-,-) 
  n_379                  -       -      -     (net)          -    -     -     -       -    (-,-) 
  g78585/ZN              -       A1->ZN F     NOR2_X1        1  1.8     9    11     265    (-,-) 
  n_387                  -       -      -     (net)          -    -     -     -       -    (-,-) 
  g78564/ZN              -       A->ZN  R     AOI21_X1       4  6.0    42    62     326    (-,-) 
  n_422                  -       -      -     (net)          -    -     -     -       -    (-,-) 
  g78484/ZN              -       A2->ZN F     NAND2_X1       2  3.5    16    25     351    (-,-) 
  n_502                  -       -      -     (net)          -    -     -     -       -    (-,-) 
  g78464/ZN              -       A->ZN  R     INV_X1         1  2.0     9    17     368    (-,-) 
  n_503                  -       -      -     (net)          -    -     -     -       -    (-,-) 
  g78387/ZN              -       B1->ZN F     OAI21_X1       2  3.4    12    17     385    (-,-) 
  n_587                  -       -      -     (net)          -    -     -     -       -    (-,-) 
  g78381/ZN              -       B1->ZN R     AOI21_X1       1  2.0    23    29     414    (-,-) 
  n_592                  -       -      -     (net)          -    -     -     -       -    (-,-) 
  g78380/ZN              -       B1->ZN F     OAI21_X1       1  1.7    10    17     431    (-,-) 
  n_593                  -       -      -     (net)          -    -     -     -       -    (-,-) 
  g78379/ZN              -       B1->ZN R     AOI21_X1       1  1.9    22    28     458    (-,-) 
  n_594                  -       -      -     (net)          -    -     -     -       -    (-,-) 
  g78378/ZN              -       C1->ZN F     OAI211_X1      1  1.8    16    23     481    (-,-) 
  n_595                  -       -      -     (net)          -    -     -     -       -    (-,-) 
  g78377/ZN              -       A1->ZN R     NAND2_X1       5  9.3    27    37     518    (-,-) 
  n_597                  -       -      -     (net)          -    -     -     -       -    (-,-) 
  g78375/ZN              -       A1->ZN F     NAND2_X1       3  6.7    18    30     548    (-,-) 
  n_599                  -       -      -     (net)          -    -     -     -       -    (-,-) 
  g78371/ZN              -       A1->ZN F     AND2_X4        4 11.6     7    34     581    (-,-) 
  n_37                   -       -      -     (net)          -    -     -     -       -    (-,-) 
  g78369/ZN              -       A->ZN  R     INV_X2         3  6.2    10    15     596    (-,-) 
  n_40                   -       -      -     (net)          -    -     -     -       -    (-,-) 
  g78255/Z               -       S->Z   F     MUX2_X1        3  6.2    15    68     665    (-,-) 
  n_618                  -       -      -     (net)          -    -     -     -       -    (-,-) 
  g78197/ZN              -       A->ZN  R     INV_X2         5 11.3    16    26     690    (-,-) 
  n_617                  -       -      -     (net)          -    -     -     -       -    (-,-) 
  g78088__7098/Z         -       A->Z   R     MUX2_X2       17 33.6    42    79     770    (-,-) 
  n_777                  -       -      -     (net)          -    -     -     -       -    (-,-) 
  g77849__6783/ZN        -       B1->ZN F     AOI21_X1       1  3.0    16    25     794    (-,-) 
  n_1007                 -       -      -     (net)          -    -     -     -       -    (-,-) 
  g77751__5122/CO        -       CI->CO F     FA_X1          1  3.0    15    73     867    (-,-) 
  n_1103                 -       -      -     (net)          -    -     -     -       -    (-,-) 
  g77669__9315/CO        -       CI->CO F     FA_X1          1  3.0    15    72     940    (-,-) 
  n_1189                 -       -      -     (net)          -    -     -     -       -    (-,-) 
  g77624__1705/S         -       CI->S  R     FA_X1          2  3.1    14   116    1055    (-,-) 
  n_1234                 -       -      -     (net)          -    -     -     -       -    (-,-) 
  g77623/ZN              -       A->ZN  F     INV_X1         2  2.3     6    10    1065    (-,-) 
  n_1235                 -       -      -     (net)          -    -     -     -       -    (-,-) 
  g77601__9315/ZN        -       A2->ZN F     AND3_X1       18 29.5    34    71    1135    (-,-) 
  n_1255                 -       -      -     (net)          -    -     -     -       -    (-,-) 
  g77593__8246/ZN        -       A1->ZN F     AND2_X1        7 12.2    16    57    1192    (-,-) 
  n_1269                 -       -      -     (net)          -    -     -     -       -    (-,-) 
  g77517__2802/ZN        -       C1->ZN R     AOI222_X1      1  2.0    49    90    1282    (-,-) 
  n_1334                 -       -      -     (net)          -    -     -     -       -    (-,-) 
  g77512__5526/ZN        -       A->ZN  F     OAI21_X1       1  2.5    14    29    1310    (-,-) 
  n_1341                 -       -      -     (net)          -    -     -     -       -    (-,-) 
  g77451__3680/Z         -       A->Z   F     XOR2_X1        1  3.0    13    55    1365    (-,-) 
  n_1398                 -       -      -     (net)          -    -     -     -       -    (-,-) 
  g77164__6161/S         -       CI->S  R     FA_X1          2  4.3    17   118    1483    (-,-) 
  n_1693                 -       -      -     (net)          -    -     -     -       -    (-,-) 
  g77091__5115/Z         -       A->Z   R     XOR2_X1        2  3.6    31    58    1541    (-,-) 
  n_1765                 -       -      -     (net)          -    -     -     -       -    (-,-) 
  g76990__4733/ZN        -       A1->ZN R     AND2_X1        1  1.9     9    38    1580    (-,-) 
  n_1827                 -       -      -     (net)          -    -     -     -       -    (-,-) 
  g76939__5526/ZN        -       A->ZN  F     AOI21_X1       1  1.4    10    12    1591    (-,-) 
  n_1843                 -       -      -     (net)          -    -     -     -       -    (-,-) 
  st1_carry_vec_reg[7]/D <<<     -      F     DFFR_X1        1    -     -     0    1591    (-,-) 
#------------------------------------------------------------------------------------------------

Capture clock path:
#------------------------------------------------------------------------------------------------
#      Timing Point       Flags   Arc   Edge   Cell     Fanout Load Trans Delay Arrival Instance 
#                                                              (fF)  (ps)  (ps)   (ps)  Location 
#------------------------------------------------------------------------------------------------
  clk                     (i)     -     R     (arrival)     98  0.0     0     0    1667    (-,-) 
  clk                     -       -     -     (net)          -    -     -     -       -    (-,-) 
  clk                     -       -     -     (net)          -    -     -     -       -    (-,-) 
  st1_carry_vec_reg[7]/CK <<<     -     R     DFFR_X1       98    -     1     0    1667    (-,-) 
#------------------------------------------------------------------------------------------------


