============================================================
  Generated by:           Genus(TM) Synthesis Solution 25.11-s095_1
  Generated on:           Mar 10 2026  09:33:47 pm
  Module:                 add_bf16_1C
  Operating conditions:   typical 
  Interconnect mode:      global
  Area mode:              physical library
============================================================


Path 1: MET (1 ps) Late External Delay Assertion at pin bf_out[13]
           View: view_1p2_25
          Group: clock1
     Startpoint: (R) bf2_in_reg[8]/CK
          Clock: (R) clock1
       Endpoint: (F) bf_out[13]
          Clock: (R) clock1

                     Capture       Launch     
        Clock Edge:+    1538            0     
       Src Latency:+       0            0     
       Net Latency:+       0 (I)        0 (I) 
           Arrival:=    1538            0     
                                              
      Output Delay:-       1                  
       Uncertainty:-       0                  
     Required Time:=    1537                  
      Launch Clock:-       0                  
         Data Path:-    1536                  
             Slack:=       1                  

Exceptions/Constraints:
  output_delay              1              add_bf16_1C.sdc_line_21_35_1   

Launch clock path:
#-----------------------------------------------------------------------------------------
#  Timing Point    Flags   Arc   Edge   Cell     Fanout Load Trans Delay Arrival Instance 
#                                                       (fF)  (ps)  (ps)   (ps)  Location 
#-----------------------------------------------------------------------------------------
  clk              (i)     -     R     (arrival)     33  0.0     0     0       0    (-,-) 
  clk              -       -     -     (net)          -    -     -     -       -    (-,-) 
  clk              -       -     -     (net)          -    -     -     -       -    (-,-) 
  bf2_in_reg[8]/CK <<<     -     R     SDFFR_X1      33    -     1     0       0    (-,-) 
#-----------------------------------------------------------------------------------------

#------------------------------------------------------------------------------------------
#  Timing Point    Flags    Arc   Edge   Cell     Fanout Load Trans Delay Arrival Instance 
#                                                        (fF)  (ps)  (ps)   (ps)  Location 
#------------------------------------------------------------------------------------------
  bf2_in_reg[8]/CK -       -      R     (arrival)     33    -     1     0       0    (-,-) 
  bf2_in_reg[8]/Q  -       CK->Q  R     SDFFR_X1       7 12.4    33    99      99    (-,-) 
  bf2_in[8]        -       -      -     (net)          -    -     -     -       -    (-,-) 
  g2/Z             -       S->Z   F     MUX2_X1        3  6.4    15    72     171    (-,-) 
  n_671            -       -      -     (net)          -    -     -     -       -    (-,-) 
  g26438__3680/ZN  -       B1->ZN R     AOI21_X2       2  4.4    24    31     202    (-,-) 
  n_79             -       -      -     (net)          -    -     -     -       -    (-,-) 
  g26413__6131/ZN  -       A1->ZN F     NOR2_X1        2  5.3    11    18     220    (-,-) 
  n_108            -       -      -     (net)          -    -     -     -       -    (-,-) 
  g26391__6260/ZN  -       C2->ZN R     OAI211_X1      1  1.9    22    36     256    (-,-) 
  n_113            -       -      -     (net)          -    -     -     -       -    (-,-) 
  g26390__6417/ZN  -       A1->ZN F     NAND2_X1       2  4.9    14    24     280    (-,-) 
  n_126            -       -      -     (net)          -    -     -     -       -    (-,-) 
  g26387__9315/ZN  -       A1->ZN R     NAND2_X2       1  6.3    13    21     300    (-,-) 
  n_129            -       -      -     (net)          -    -     -     -       -    (-,-) 
  g26385__4733/ZN  -       A1->ZN F     NAND2_X4       9 24.3    14    24     324    (-,-) 
  n_145            -       -      -     (net)          -    -     -     -       -    (-,-) 
  g26384/ZN        -       A->ZN  R     INV_X8        22 41.3    15    25     349    (-,-) 
  n_363            -       -      -     (net)          -    -     -     -       -    (-,-) 
  g26371__5122/Z   -       S->Z   F     MUX2_X1        1  3.4    12    64     413    (-,-) 
  n_157            -       -      -     (net)          -    -     -     -       -    (-,-) 
  g26339__5107/ZN  -       A2->ZN R     NAND3_X2       2  7.1    16    25     438    (-,-) 
  n_172            -       -      -     (net)          -    -     -     -       -    (-,-) 
  g26330__5477/ZN  -       A1->ZN F     NOR2_X2        3  6.5     8    13     451    (-,-) 
  n_181            -       -      -     (net)          -    -     -     -       -    (-,-) 
  g26323__4733/ZN  -       A1->ZN R     NAND2_X2       5 11.1    18    23     474    (-,-) 
  n_199            -       -      -     (net)          -    -     -     -       -    (-,-) 
  g26319/ZN        -       A->ZN  F     INV_X2         5  7.9     8    14     488    (-,-) 
  n_212            -       -      -     (net)          -    -     -     -       -    (-,-) 
  g26301__1666/ZN  -       A->ZN  R     OAI211_X1      2  3.8    30    26     514    (-,-) 
  n_223            -       -      -     (net)          -    -     -     -       -    (-,-) 
  g26294/ZN        -       A->ZN  F     INV_X1         1  1.8     8    10     524    (-,-) 
  n_224            -       -      -     (net)          -    -     -     -       -    (-,-) 
  g26275__3680/ZN  -       A1->ZN R     NAND2_X1       1  1.9    13    15     539    (-,-) 
  n_243            -       -      -     (net)          -    -     -     -       -    (-,-) 
  g26261__6417/ZN  -       A->ZN  F     OAI221_X1      3  5.6    26    44     582    (-,-) 
  n_268            -       -      -     (net)          -    -     -     -       -    (-,-) 
  g26243__1705/ZN  -       A1->ZN F     OR2_X1         2  2.9    11    56     638    (-,-) 
  n_286            -       -      -     (net)          -    -     -     -       -    (-,-) 
  g26208__2346/ZN  -       A2->ZN F     AND2_X1        2  4.9     9    38     675    (-,-) 
  n_312            -       -      -     (net)          -    -     -     -       -    (-,-) 
  g26193__6260/ZN  -       B2->ZN R     AOI21_X2       1  1.9    18    27     702    (-,-) 
  n_320            -       -      -     (net)          -    -     -     -       -    (-,-) 
  g26190__6417/ZN  -       A1->ZN F     NAND2_X1       3  6.4    15    26     728    (-,-) 
  n_334            -       -      -     (net)          -    -     -     -       -    (-,-) 
  g26183__9315/ZN  -       B1->ZN R     AOI21_X2       3  7.1    31    38     766    (-,-) 
  n_369            -       -      -     (net)          -    -     -     -       -    (-,-) 
  g26177__5115/ZN  -       A1->ZN F     NAND2_X2       3  5.1    16    20     786    (-,-) 
  n_345            -       -      -     (net)          -    -     -     -       -    (-,-) 
  g26175__8246/ZN  -       A1->ZN R     NAND2_X1       2  5.2    17    26     813    (-,-) 
  n_347            -       -      -     (net)          -    -     -     -       -    (-,-) 
  g26165__2802/ZN  -       A1->ZN F     NAND2_X2       2  7.7    12    21     833    (-,-) 
  n_355            -       -      -     (net)          -    -     -     -       -    (-,-) 
  g26162__5526/ZN  -       A1->ZN R     NAND2_X4       7 14.5    16    21     854    (-,-) 
  n_374            -       -      -     (net)          -    -     -     -       -    (-,-) 
  g26160/ZN        -       A->ZN  F     INV_X2         5  8.1     8    14     868    (-,-) 
  n_388            -       -      -     (net)          -    -     -     -       -    (-,-) 
  g26142__2802/ZN  -       A1->ZN R     OAI222_X1      7 13.0    99    88     956    (-,-) 
  n_512            -       -      -     (net)          -    -     -     -       -    (-,-) 
  g26135/ZN        -       A->ZN  F     INV_X1         5  9.0    29    32     988    (-,-) 
  n_552            -       -      -     (net)          -    -     -     -       -    (-,-) 
  g26097__5122/ZN  -       A2->ZN F     AND2_X2        5  7.3     8    43    1032    (-,-) 
  n_445            -       -      -     (net)          -    -     -     -       -    (-,-) 
  g26085__5477/ZN  -       A1->ZN F     AND3_X1        2  3.4     8    34    1066    (-,-) 
  n_436            -       -      -     (net)          -    -     -     -       -    (-,-) 
  g26077__4733/ZN  -       A1->ZN R     NOR3_X1        1  2.0    29    36    1101    (-,-) 
  n_437            -       -      -     (net)          -    -     -     -       -    (-,-) 
  g26070__4319/ZN  -       A1->ZN F     NOR2_X1        1  1.8     9    11    1112    (-,-) 
  n_453            -       -      -     (net)          -    -     -     -       -    (-,-) 
  g26041__7482/ZN  -       B1->ZN R     OAI21_X1       3  4.8    33    42    1155    (-,-) 
  n_495            -       -      -     (net)          -    -     -     -       -    (-,-) 
  g26026__1617/ZN  -       A1->ZN F     NAND2_X1       4  8.7    22    36    1191    (-,-) 
  n_527            -       -      -     (net)          -    -     -     -       -    (-,-) 
  g26010__4733/ZN  -       A1->ZN R     NAND2_X1       1  2.0    12    21    1212    (-,-) 
  n_510            -       -      -     (net)          -    -     -     -       -    (-,-) 
  g25948__8246/ZN  -       A2->ZN F     NAND2_X1       2  4.9    13    21    1233    (-,-) 
  n_580            -       -      -     (net)          -    -     -     -       -    (-,-) 
  g25945__1617/ZN  -       A->ZN  R     OAI21_X2       4  7.3    28    27    1260    (-,-) 
  n_590            -       -      -     (net)          -    -     -     -       -    (-,-) 
  g25944/ZN        -       A->ZN  F     INV_X1         1  1.7     8    10    1270    (-,-) 
  n_587            -       -      -     (net)          -    -     -     -       -    (-,-) 
  g25940__6417/ZN  -       C1->ZN R     AOI211_X1      1  2.0    39    40    1309    (-,-) 
  n_594            -       -      -     (net)          -    -     -     -       -    (-,-) 
  g25937__1666/ZN  -       A1->ZN F     NOR2_X1        2  3.5    12    16    1326    (-,-) 
  n_596            -       -      -     (net)          -    -     -     -       -    (-,-) 
  g26606/ZN        -       A1->ZN F     OR3_X2         2  3.4    13    62    1387    (-,-) 
  n_673            -       -      -     (net)          -    -     -     -       -    (-,-) 
  g25929__4733/ZN  -       B1->ZN R     OAI21_X1       2  3.9    29    39    1427    (-,-) 
  n_610            -       -      -     (net)          -    -     -     -       -    (-,-) 
  g25928/ZN        -       A->ZN  F     INV_X1         3  5.1    11    17    1444    (-,-) 
  n_617            -       -      -     (net)          -    -     -     -       -    (-,-) 
  g25923__8246/ZN  -       A1->ZN R     NAND2_X1       2  3.9    14    21    1465    (-,-) 
  n_619            -       -      -     (net)          -    -     -     -       -    (-,-) 
  g25919__2802/ZN  -       A->ZN  F     OAI21_X1       2  3.4    14    24    1488    (-,-) 
  n_626            -       -      -     (net)          -    -     -     -       -    (-,-) 
  g25915__8428/ZN  -       B1->ZN R     AOI21_X1       1  2.0    24    30    1518    (-,-) 
  n_628            -       -      -     (net)          -    -     -     -       -    (-,-) 
  g25911__5107/ZN  -       A->ZN  F     OAI21_X1       1  0.3    13    18    1536    (-,-) 
  bf_out[13]       -       -      -     (net)          -    -     -     -       -    (-,-) 
  bf_out[13]       <<<     -      F     (port)         -    -     -     0    1536    (-,-) 
#------------------------------------------------------------------------------------------


