============================================================
  Generated by:           Genus(TM) Synthesis Solution 25.11-s095_1
  Generated on:           Mar 12 2026  04:52:11 am
  Operating conditions:   typical 
  Interconnect mode:      global
  Area mode:              physical library
============================================================

                         Leakage   Internal          Library 
 Gate  Instances  Area Power (nW) Power (nW) Library  Domain 
-------------------------------------------------------------
-------------------------------------------------------------
total          0 0.000      0.000      0.000                 
                                        Leakage  Leakage   Internal  Internal 
     Type      Instances  Area Area % Power (nW) Power %  Power (nW)  Power % 
------------------------------------------------------------------------------
sequential           140 0.000    0.0  11075.723     7.2  294038.386      8.3 
inverter              31 0.000    0.0    444.606     0.3   10667.013      0.3 
logic              13859 0.000    0.0 141371.242    92.5 3220930.039     91.4 
physical_cells         0 0.000    0.0      0.000     0.0       0.000      0.0 
------------------------------------------------------------------------------
total              14030 0.000    0.0 152891.570   100.0 3525635.438    100.0 
