============================================================
  Generated by:           Genus(TM) Synthesis Solution 25.11-s095_1
  Generated on:           Mar 10 2026  09:13:07 pm
  Operating conditions:   typical 
  Interconnect mode:      global
  Area mode:              physical library
============================================================

                                Leakage    Internal                          Library 
   Gate    Instances   Area   Power (nW)  Power (nW)          Library         Domain 
-------------------------------------------------------------------------------------
AND2_X1           58   61.712   1414.018    49675.402 NangateOpenCellLibrary       0 
AND2_X2            2    2.660    104.471     4973.743 NangateOpenCellLibrary       0 
AND3_X1            8   10.640    220.712     6980.960 NangateOpenCellLibrary       0 
AND4_X1           14   22.344    390.748     8531.428 NangateOpenCellLibrary       0 
AND4_X2            1    1.862     58.384     2190.140 NangateOpenCellLibrary       0 
AOI211_X1         17   22.610    596.360    21221.948 NangateOpenCellLibrary       0 
AOI21_X1         116  123.424   2993.878   130033.924 NangateOpenCellLibrary       0 
AOI21_X2           3    5.586    155.739     4769.068 NangateOpenCellLibrary       0 
AOI221_X1         41   65.436   1757.167    39984.698 NangateOpenCellLibrary       0 
AOI222_X1         18   38.304    768.030    10732.684 NangateOpenCellLibrary       0 
AOI22_X1         144  191.520   4290.514   106868.686 NangateOpenCellLibrary       0 
CLKBUF_X1          4    3.192     44.856     1994.273 NangateOpenCellLibrary       0 
CLKBUF_X2          4    4.256     92.378     7790.301 NangateOpenCellLibrary       0 
DFFRS_X1           1    6.384    102.900     5937.528 NangateOpenCellLibrary       0 
DFFR_X1           55  292.600   4824.958   308775.940 NangateOpenCellLibrary       0 
DFF_X1            31  140.182   2449.256   187656.783 NangateOpenCellLibrary       0 
FA_X1              5   21.280    421.585    16592.669 NangateOpenCellLibrary       0 
HA_X1             12   31.920    718.518    28947.075 NangateOpenCellLibrary       0 
INV_X1           346  184.072   4952.974   130843.177 NangateOpenCellLibrary       0 
INV_X2             4    3.192    120.797     2798.272 NangateOpenCellLibrary       0 
INV_X4             9   11.970    541.286    11629.687 NangateOpenCellLibrary       0 
INV_X8             1    2.394    114.826     1793.067 NangateOpenCellLibrary       0 
MUX2_X1           70  130.340   2515.922   107532.526 NangateOpenCellLibrary       0 
NAND2_X1         293  233.814   5166.207   137016.004 NangateOpenCellLibrary       0 
NAND2_X2          11   14.630    453.028     9382.201 NangateOpenCellLibrary       0 
NAND2_X4           4    9.576    442.660     9215.859 NangateOpenCellLibrary       0 
NAND3_X1          39   41.496    838.588    19779.822 NangateOpenCellLibrary       0 
NAND3_X2           1    1.862     34.200     1480.876 NangateOpenCellLibrary       0 
NAND4_X1          27   35.910    641.075    13670.555 NangateOpenCellLibrary       0 
NAND4_X2           1    2.394     37.478      424.922 NangateOpenCellLibrary       0 
NOR2_X1          236  188.328   4966.371   155107.511 NangateOpenCellLibrary       0 
NOR2_X2            9   11.970    428.119     4897.152 NangateOpenCellLibrary       0 
NOR2_X4            3    7.182    321.774      274.473 NangateOpenCellLibrary       0 
NOR3_X1           11   11.704    293.976    10047.256 NangateOpenCellLibrary       0 
NOR3_X2            1    1.862     59.322       55.653 NangateOpenCellLibrary       0 
NOR4_X1           35   46.550   1260.214    17654.706 NangateOpenCellLibrary       0 
OAI211_X1         16   21.280    479.903    19077.861 NangateOpenCellLibrary       0 
OAI21_X1         114  121.296   3444.234   100912.817 NangateOpenCellLibrary       0 
OAI21_X2           8   14.896    472.156    12650.562 NangateOpenCellLibrary       0 
OAI21_X4           6   20.748    782.641    22630.758 NangateOpenCellLibrary       0 
OAI221_X1         67  106.932   3555.819    63732.922 NangateOpenCellLibrary       0 
OAI222_X1         25   53.200   1754.302    14396.430 NangateOpenCellLibrary       0 
OAI22_X1          96  127.680   3538.529    88176.592 NangateOpenCellLibrary       0 
OAI22_X2           2    4.788    152.799     3651.986 NangateOpenCellLibrary       0 
OAI22_X4           2    9.044    304.186     8306.004 NangateOpenCellLibrary       0 
OAI33_X1           3    5.586    114.465     4518.446 NangateOpenCellLibrary       0 
OR2_X1            90   95.760   2112.624   103136.363 NangateOpenCellLibrary       0 
OR2_X2             7    9.310    346.008    12547.733 NangateOpenCellLibrary       0 
OR3_X1             7    9.310    172.925     6137.656 NangateOpenCellLibrary       0 
OR4_X1             5    7.980    140.189     1530.491 NangateOpenCellLibrary       0 
SDFFR_X1          13   86.450   1389.770    74882.128 NangateOpenCellLibrary       0 
XNOR2_X1         101  161.196   3791.233   146418.574 NangateOpenCellLibrary       0 
XNOR2_X2           6   15.960    443.387    18486.273 NangateOpenCellLibrary       0 
XOR2_X1           73  116.508   2454.171   134125.262 NangateOpenCellLibrary       0 
XOR2_X2            4    9.576    280.477    12619.679 NangateOpenCellLibrary       0 
-------------------------------------------------------------------------------------
total           2280 2982.658  70323.108  2425199.504                                
                                           Leakage  Leakage   Internal  Internal 
     Type      Instances   Area   Area % Power (nW) Power %  Power (nW)  Power % 
---------------------------------------------------------------------------------
sequential           100  525.616   17.6   8766.885    12.5  577252.379     23.8 
inverter             360  201.628    6.8   5729.883     8.1  147064.203      6.1 
buffer                 8    7.448    0.2    137.235     0.2    9784.574      0.4 
logic               1812 2247.966   75.4  55689.105    79.2 1691098.347     69.7 
physical_cells         0    0.000    0.0      0.000     0.0       0.000      0.0 
---------------------------------------------------------------------------------
total               2280 2982.658  100.0  70323.108   100.0 2425199.504    100.0 
