============================================================
  Generated by:           Genus(TM) Synthesis Solution 25.11-s095_1
  Generated on:           Feb 24 2026  09:45:33 am
  Module:                 add_fp16
  Library domain:         timing_condition_tt_1p2v_25c
    Domain index:         0
    Technology libraries: MITLL90_STDLIB_8T.tt1p2v25c 1.0
                          MITLL90_IOPads_5_1_1.tt1p2v25c 1.0
  Operating conditions:   PVT_1P2V_25C 
  Interconnect mode:      global
  Area mode:              physical library
============================================================

Timing
--------

Analysis view  Clock Period 
----------------------------
view_1p2_25   clock1 1709.0 


  Analysis    Cost   Critical        Violating 
    View     Group  Path Slack  TNS    Paths   
-----------------------------------------------
view_1p2_25  clock1       11.2  0.0          0 
            default   No paths  0.0          0 
-----------------------------------------------
Total                          -0.0          0 
                                               

Instance Count
--------------
Leaf Instance Count             972 
Physical Instance count           0 
Sequential Instance Count        39 
Combinational Instance Count    933 
Hierarchical Instance Count       0 

Area
----
Cell Area                          4640.282
Physical Cell Area                 0.000
Total Cell Area (Cell+Physical)    4640.282
Net Area                           3050.472
Total Area (Cell+Physical+Net)     7690.754

Power
-----
Leakage Power                      2580.096 nW
Dynamic Power                      3147712.774 nW
Total Power                        3150292.870 nW

Max Fanout                         39 (clk)
Min Fanout                         0 (nRST)
Average Fanout                     2.1
Terms to net ratio                 3.1271
Terms to instance ratio            3.2654
Runtime                            61.992255 seconds
Elapsed Runtime                    68 seconds
Genus peak memory usage            2023.10 
Innovus peak memory usage          no_value 
Hostname                           asicfab.ecn.purdue.edu
