============================================================
  Generated by:           Genus(TM) Synthesis Solution 25.11-s095_1
  Generated on:           Mar 10 2026  09:52:47 pm
  Module:                 add_fp16
  Library domain:         timing_condition_tt_1p2v_25c
    Domain index:         0
    Technology library:   NangateOpenCellLibrary revision 1.0
  Operating conditions:   typical 
  Interconnect mode:      global
  Area mode:              physical library
============================================================

Timing
--------

Analysis view  Clock Period 
----------------------------
view_1p2_25   clock1 1563.0 


  Analysis    Cost   Critical        Violating 
    View     Group  Path Slack  TNS    Paths   
-----------------------------------------------
view_1p2_25  clock1       21.2  0.0          0 
            default   No paths  0.0          0 
-----------------------------------------------
Total                          -0.0          0 
                                               

Instance Count
--------------
Leaf Instance Count             2273 
Physical Instance count            0 
Sequential Instance Count        100 
Combinational Instance Count    2173 
Hierarchical Instance Count        0 

Area
----
Cell Area                          2989.042
Physical Cell Area                 0.000
Total Cell Area (Cell+Physical)    2989.042
Net Area                           3270.423
Total Area (Cell+Physical+Net)     6259.465

Power
-----
Leakage Power                      70462.978 nW
Dynamic Power                      5139164.628 nW
Total Power                        5209627.606 nW

Max Fanout                         100 (clk)
Min Fanout                         1 (smaller_mantissa_l[0])
Average Fanout                     2.5
Terms to net ratio                 3.5337
Terms to instance ratio            3.6643
Runtime                            43.962908 seconds
Elapsed Runtime                    51 seconds
Genus peak memory usage            1661.80 
Innovus peak memory usage          no_value 
Hostname                           asicfab.ecn.purdue.edu
