============================================================
  Generated by:           Genus(TM) Synthesis Solution 25.11-s095_1
  Generated on:           Mar 10 2026  11:52:51 am
  Module:                 mul_bf
  Operating conditions:   typical 
  Interconnect mode:      global
  Area mode:              physical library
============================================================

Timing
--------

Analysis view  Clock Period 
----------------------------
view_1p2_25   clock1 1042.0 


  Analysis    Cost   Critical        Violating 
    View     Group  Path Slack  TNS    Paths   
-----------------------------------------------
view_1p2_25  clock1        0.2  0.0          0 
            default   No paths  0.0          0 
-----------------------------------------------
Total                          -0.0          0 
                                               

Instance Count
--------------
Leaf Instance Count             535 
Physical Instance count           0 
Sequential Instance Count        25 
Combinational Instance Count    510 
Hierarchical Instance Count       0 

Area
----
Cell Area                          713.146
Physical Cell Area                 0.000
Total Cell Area (Cell+Physical)    713.146
Net Area                           704.940
Total Area (Cell+Physical+Net)     1418.086

Power
-----
Leakage Power                      16185.656 nW
Dynamic Power                      1209161.320 nW
Total Power                        1225346.976 nW

Max Fanout                         25 (clk)
Min Fanout                         0 (nRST)
Average Fanout                     2.1
Terms to net ratio                 3.0307
Terms to instance ratio            3.3196
Runtime                            43.997289 seconds
Elapsed Runtime                    50 seconds
Genus peak memory usage            1690.64 
Innovus peak memory usage          no_value 
Hostname                           asicfab.ecn.purdue.edu
