============================================================
  Generated by:           Genus(TM) Synthesis Solution 25.11-s095_1
  Generated on:           Mar 10 2026  11:52:56 am
  Module:                 mul_bf
  Operating conditions:   typical 
  Interconnect mode:      global
  Area mode:              physical library
============================================================


Path 1: MET (0 ps) Setup Check with Pin result_reg[30]/CK->D
           View: view_1p2_25
          Group: clock1
     Startpoint: (R) b[2]
          Clock: (R) clock1
       Endpoint: (R) result_reg[30]/D
          Clock: (R) clock1

                     Capture       Launch     
        Clock Edge:+    1042            0     
        Drv Adjust:+       0            0     
       Src Latency:+       0            0     
       Net Latency:+       0 (I)        0 (I) 
           Arrival:=    1042            0     
                                              
             Setup:-      35                  
       Uncertainty:-       0                  
     Required Time:=    1006                  
      Launch Clock:-       0                  
       Input Delay:-       1                  
         Data Path:-    1005                  
             Slack:=       0                  

Exceptions/Constraints:
  input_delay              1              mul_bf.sdc_line_20_31_1   

#------------------------------------------------------------------------------------------
#  Timing Point    Flags    Arc   Edge   Cell     Fanout Load Trans Delay Arrival Instance 
#                                                        (fF)  (ps)  (ps)   (ps)  Location 
#------------------------------------------------------------------------------------------
  b[2]             -       -      R     (arrival)     10 20.8     0     0       1    (-,-) 
  b[2]             -       -      -     (net)          -    -     -     -       -    (-,-) 
  g18752__9315/ZN  -       A2->ZN F     NAND2_X2       1  3.9     7    11      12    (-,-) 
  n_92             -       -      -     (net)          -    -     -     -       -    (-,-) 
  g18821/S         -       A->S   F     FA_X1          1  1.8    15    96     108    (-,-) 
  n_597            -       -      -     (net)          -    -     -     -       -    (-,-) 
  g4/ZN            -       A->ZN  R     INV_X1         3  6.2    17    27     135    (-,-) 
  n_598            -       -      -     (net)          -    -     -     -       -    (-,-) 
  g18458__8428/ZN  -       A->ZN  R     XNOR2_X1       1  2.5    22    42     177    (-,-) 
  n_258            -       -      -     (net)          -    -     -     -       -    (-,-) 
  g18431__5107/ZN  -       A->ZN  R     XNOR2_X1       2  3.9    29    47     225    (-,-) 
  n_307            -       -      -     (net)          -    -     -     -       -    (-,-) 
  g18420/ZN        -       A->ZN  F     INV_X1         2  4.1    10    15     240    (-,-) 
  n_350            -       -      -     (net)          -    -     -     -       -    (-,-) 
  g18399__8246/ZN  -       A->ZN  F     XNOR2_X1       2  3.5    14    42     282    (-,-) 
  n_371            -       -      -     (net)          -    -     -     -       -    (-,-) 
  g18380/ZN        -       A->ZN  R     INV_X1         1  1.9     9    16     298    (-,-) 
  n_372            -       -      -     (net)          -    -     -     -       -    (-,-) 
  g18379__9315/ZN  -       A1->ZN F     NAND2_X1       2  3.5    12    16     314    (-,-) 
  n_391            -       -      -     (net)          -    -     -     -       -    (-,-) 
  g18367__2802/ZN  -       A1->ZN R     NAND2_X1       2  3.8    14    21     335    (-,-) 
  n_405            -       -      -     (net)          -    -     -     -       -    (-,-) 
  g18345__5477/ZN  -       A1->ZN F     NAND2_X1       2  3.5    10    18     354    (-,-) 
  n_429            -       -      -     (net)          -    -     -     -       -    (-,-) 
  g18326__7482/ZN  -       A1->ZN R     NAND2_X1       1  1.9    10    16     369    (-,-) 
  n_430            -       -      -     (net)          -    -     -     -       -    (-,-) 
  g18321__8246/ZN  -       A1->ZN F     NAND2_X1       2  3.5    10    17     386    (-,-) 
  n_447            -       -      -     (net)          -    -     -     -       -    (-,-) 
  g18316__3680/ZN  -       B1->ZN R     OAI21_X1       2  4.3    30    40     426    (-,-) 
  n_449            -       -      -     (net)          -    -     -     -       -    (-,-) 
  g18313__8428/ZN  -       A1->ZN F     NAND2_X1       2  2.8    13    20     447    (-,-) 
  n_451            -       -      -     (net)          -    -     -     -       -    (-,-) 
  g18310__5107/ZN  -       C1->ZN R     OAI211_X1      2  5.3    37    49     496    (-,-) 
  n_453            -       -      -     (net)          -    -     -     -       -    (-,-) 
  g18306__5477/ZN  -       B1->ZN F     AOI21_X2       3  6.3    16    24     521    (-,-) 
  n_461            -       -      -     (net)          -    -     -     -       -    (-,-) 
  g18301__2883/ZN  -       B1->ZN R     AOI21_X2       6 10.2    37    46     567    (-,-) 
  n_504            -       -      -     (net)          -    -     -     -       -    (-,-) 
  g18297__1881/ZN  -       A1->ZN R     OR2_X1         2  3.8    12    36     602    (-,-) 
  n_470            -       -      -     (net)          -    -     -     -       -    (-,-) 
  g18286__6783/ZN  -       A2->ZN F     NAND3_X1       2  3.5    15    26     629    (-,-) 
  n_475            -       -      -     (net)          -    -     -     -       -    (-,-) 
  g18282__6260/ZN  -       A1->ZN R     NAND4_X1       2  3.7    19    25     654    (-,-) 
  n_481            -       -      -     (net)          -    -     -     -       -    (-,-) 
  g18279__5477/ZN  -       A1->ZN F     NAND2_X1       1  2.4    10    17     671    (-,-) 
  n_482            -       -      -     (net)          -    -     -     -       -    (-,-) 
  g18273__2883/ZN  -       A->ZN  F     XNOR2_X1       3  4.1    14    43     714    (-,-) 
  n_493            -       -      -     (net)          -    -     -     -       -    (-,-) 
  g18267__7482/ZN  -       A2->ZN F     OR2_X1         1  1.1     8    50     764    (-,-) 
  n_489            -       -      -     (net)          -    -     -     -       -    (-,-) 
  g18258__8246/ZN  -       A1->ZN F     OR3_X1         1  1.8    13    65     829    (-,-) 
  n_496            -       -      -     (net)          -    -     -     -       -    (-,-) 
  g18806/ZN        -       A2->ZN F     OR3_X2         3  5.3    14    76     905    (-,-) 
  n_581            -       -      -     (net)          -    -     -     -       -    (-,-) 
  g18252__4319/ZN  -       A1->ZN R     NAND2_X1       2  3.1    13    20     926    (-,-) 
  n_511            -       -      -     (net)          -    -     -     -       -    (-,-) 
  g18246__6417/ZN  -       A1->ZN R     AND2_X1        2  2.2    10    33     959    (-,-) 
  mul_ovf          -       -      -     (net)          -    -     -     -       -    (-,-) 
  g18244__1666/ZN  -       A1->ZN F     NOR2_X1        8 13.5    17    24     983    (-,-) 
  n_556            -       -      -     (net)          -    -     -     -       -    (-,-) 
  g18240__8428/ZN  -       A->ZN  R     OAI21_X1       1  1.4    17    23    1006    (-,-) 
  n_552            -       -      -     (net)          -    -     -     -       -    (-,-) 
  result_reg[30]/D <<<     -      R     DFFR_X1        1    -     -     0    1006    (-,-) 
#------------------------------------------------------------------------------------------

Capture clock path:
#------------------------------------------------------------------------------------------
#   Timing Point    Flags   Arc   Edge   Cell     Fanout Load Trans Delay Arrival Instance 
#                                                        (fF)  (ps)  (ps)   (ps)  Location 
#------------------------------------------------------------------------------------------
  clk               (i)     -     R     (arrival)     25  0.0     0     0    1042    (-,-) 
  clk               -       -     -     (net)          -    -     -     -       -    (-,-) 
  clk               -       -     -     (net)          -    -     -     -       -    (-,-) 
  result_reg[30]/CK <<<     -     R     DFFR_X1       25    -     1     0    1042    (-,-) 
#------------------------------------------------------------------------------------------


