============================================================
  Generated by:           Genus(TM) Synthesis Solution 25.11-s095_1
  Generated on:           Mar 10 2026  10:12:41 pm
  Operating conditions:   typical 
  Interconnect mode:      global
  Area mode:              physical library
============================================================

                               Leakage    Internal                         Library 
   Gate    Instances   Area  Power (nW)  Power (nW)         Library         Domain 
-----------------------------------------------------------------------------------
AND2_X1            8   8.512    207.281   12120.738 NangateOpenCellLibrary       0 
AND2_X2            5   6.650    265.029   10403.557 NangateOpenCellLibrary       0 
AND3_X1            2   2.660     57.074    1870.537 NangateOpenCellLibrary       0 
AND3_X2            1   1.596     57.277    1119.241 NangateOpenCellLibrary       0 
AND4_X1            4   6.384    108.099    1463.392 NangateOpenCellLibrary       0 
AOI211_X1          2   2.660     78.111     436.070 NangateOpenCellLibrary       0 
AOI21_X1          38  40.432    976.151   43838.720 NangateOpenCellLibrary       0 
AOI21_X2           5   9.310    305.555   12159.837 NangateOpenCellLibrary       0 
AOI21_X4           1   3.458    118.380    3049.603 NangateOpenCellLibrary       0 
AOI221_X1          2   3.192     81.706    3349.259 NangateOpenCellLibrary       0 
AOI22_X1          24  31.920    715.099   29256.720 NangateOpenCellLibrary       0 
BUF_X1             2   1.596     42.142    2451.748 NangateOpenCellLibrary       0 
CLKBUF_X1          1   0.798     11.460    1586.838 NangateOpenCellLibrary       0 
DFFR_X1           11  58.520    970.752   58909.305 NangateOpenCellLibrary       0 
HA_X1              5  13.300    308.127   16023.723 NangateOpenCellLibrary       0 
INV_X1           175  93.100   2461.161   74468.153 NangateOpenCellLibrary       0 
INV_X2            17  13.566    510.921   13631.649 NangateOpenCellLibrary       0 
INV_X4             2   2.660    109.364    4424.455 NangateOpenCellLibrary       0 
INV_X8             1   2.394    109.535    3944.744 NangateOpenCellLibrary       0 
MUX2_X1           28  52.136   1015.887   40114.026 NangateOpenCellLibrary       0 
NAND2_X1         123  98.154   2444.378   82298.997 NangateOpenCellLibrary       0 
NAND2_X2          20  26.600    748.841   27271.095 NangateOpenCellLibrary       0 
NAND2_X4           6  14.364    503.306   16117.382 NangateOpenCellLibrary       0 
NAND3_X1          23  24.472    576.358   15836.278 NangateOpenCellLibrary       0 
NAND3_X2           2   3.724     60.403    1121.002 NangateOpenCellLibrary       0 
NAND4_X1           7   9.310    127.173    3302.222 NangateOpenCellLibrary       0 
NAND4_X4           1   4.788    114.303    5117.370 NangateOpenCellLibrary       0 
NOR2_X1           60  47.880   1311.152   33598.398 NangateOpenCellLibrary       0 
NOR2_X2            7   9.310    291.471   13019.078 NangateOpenCellLibrary       0 
NOR2_X4            7  16.758    612.831   15790.405 NangateOpenCellLibrary       0 
NOR3_X1            5   5.320    152.606    2310.694 NangateOpenCellLibrary       0 
NOR4_X1            5   6.650    180.202     660.492 NangateOpenCellLibrary       0 
OAI211_X1         11  14.630    324.877   13608.107 NangateOpenCellLibrary       0 
OAI21_X1          21  22.344    666.037   26948.880 NangateOpenCellLibrary       0 
OAI21_X2           5   9.310    307.895   11272.967 NangateOpenCellLibrary       0 
OAI21_X4           1   3.458    121.228    4595.693 NangateOpenCellLibrary       0 
OAI221_X1          9  14.364    523.060   14287.433 NangateOpenCellLibrary       0 
OAI22_X1          20  26.600    837.304   20527.716 NangateOpenCellLibrary       0 
OAI22_X2           3   7.182    254.947    7717.520 NangateOpenCellLibrary       0 
OAI33_X1           1   1.862     52.784     981.676 NangateOpenCellLibrary       0 
OR2_X1            13  13.832    305.975   11222.798 NangateOpenCellLibrary       0 
OR2_X2             1   1.330     45.652    3460.895 NangateOpenCellLibrary       0 
OR3_X1             2   2.660     49.147    1568.648 NangateOpenCellLibrary       0 
OR4_X1             2   3.192     60.878     404.389 NangateOpenCellLibrary       0 
SDFFR_X1          22 146.300   2386.282  136763.249 NangateOpenCellLibrary       0 
XNOR2_X1          23  36.708    824.540   48675.275 NangateOpenCellLibrary       0 
XNOR2_X2           2   5.320    147.158    8641.438 NangateOpenCellLibrary       0 
XOR2_X1            8  12.768    301.905   15210.041 NangateOpenCellLibrary       0 
-----------------------------------------------------------------------------------
total            744 944.034  22841.807  876952.454                                
                                          Leakage  Leakage  Internal  Internal 
     Type      Instances   Area  Area % Power (nW) Power % Power (nW)  Power % 
-------------------------------------------------------------------------------
sequential            33 204.820   21.7   3357.034    14.7 195672.553     22.3 
inverter             195 111.720   11.8   3190.981    14.0  96469.000     11.0 
buffer                 3   2.394    0.3     53.602     0.2   4038.586      0.5 
logic                513 625.100   66.2  16240.189    71.1 580772.315     66.2 
physical_cells         0   0.000    0.0      0.000     0.0      0.000      0.0 
-------------------------------------------------------------------------------
total                744 944.034  100.0  22841.807   100.0 876952.454    100.0 
