============================================================
  Generated by:           Genus(TM) Synthesis Solution 25.11-s095_1
  Generated on:           Jun 12 2026  05:44:13 am
  Module:                 sysarr_32_input_fp_adder
  Operating conditions:   typical 
  Interconnect mode:      global
  Area mode:              physical library
============================================================


Path 1: MET (0 ps) Setup Check with Pin aligner_inst_aligned_mant_out_reg[4][27]/CK->D
           View: view_1p2_25
          Group: clock1
     Startpoint: (R) aligner_inst_max_l3_n0_r_reg[4]/CK
          Clock: (R) clock1
       Endpoint: (F) aligner_inst_aligned_mant_out_reg[4][27]/D
          Clock: (R) clock1

                     Capture       Launch     
        Clock Edge:+    1538            0     
       Src Latency:+       0            0     
       Net Latency:+       0 (I)        0 (I) 
           Arrival:=    1538            0     
                                              
             Setup:-      42                  
       Uncertainty:-       0                  
     Required Time:=    1496                  
      Launch Clock:-       0                  
         Data Path:-    1496                  
             Slack:=       0                  

Launch clock path:
#-----------------------------------------------------------------------------------------------------------
#           Timing Point             Flags   Arc   Edge   Cell     Fanout Load Trans Delay Arrival Instance 
#                                                                         (fF)  (ps)  (ps)   (ps)  Location 
#-----------------------------------------------------------------------------------------------------------
  clk                                (i)     -     R     (arrival)   1679  0.0     0     0       0    (-,-) 
  clk                                -       -     -     (net)          -    -     -     -       -    (-,-) 
  clk                                -       -     -     (net)          -    -     -     -       -    (-,-) 
  aligner_inst_max_l3_n0_r_reg[4]/CK <<<     -     R     DFFR_X1     1679    -     1     0       0    (-,-) 
#-----------------------------------------------------------------------------------------------------------

#--------------------------------------------------------------------------------------------------------------------
#               Timing Point                 Flags    Arc   Edge   Cell     Fanout Load Trans Delay Arrival Instance 
#                                                                                  (fF)  (ps)  (ps)   (ps)  Location 
#--------------------------------------------------------------------------------------------------------------------
  aligner_inst_max_l3_n0_r_reg[4]/CK         -       -      R     (arrival)   1679    -     1     0       0    (-,-) 
  aligner_inst_max_l3_n0_r_reg[4]/QN         -       CK->QN F     DFFR_X1        2  4.9    16    73      73    (-,-) 
  aligner_inst_max_l3_n0_r[4]                -       -      -     (net)          -    -     -     -       -    (-,-) 
  g371154/ZN                                 -       A->ZN  R     INV_X2         3  5.0    10    18      91    (-,-) 
  n_2262                                     -       -      -     (net)          -    -     -     -       -    (-,-) 
  g371126/ZN                                 -       A2->ZN R     AND3_X1        1  3.4    14    48     139    (-,-) 
  n_2282                                     -       -      -     (net)          -    -     -     -       -    (-,-) 
  g371121/ZN                                 -       B1->ZN F     OAI21_X2       1  3.4    10    15     154    (-,-) 
  n_2287                                     -       -      -     (net)          -    -     -     -       -    (-,-) 
  g371119/ZN                                 -       A2->ZN R     NAND2_X2       1  3.4    10    18     172    (-,-) 
  n_2289                                     -       -      -     (net)          -    -     -     -       -    (-,-) 
  g371118/ZN                                 -       A1->ZN F     NAND2_X2       1  6.0     9    16     188    (-,-) 
  n_2290                                     -       -      -     (net)          -    -     -     -       -    (-,-) 
  g371117/ZN                                 -       A1->ZN R     NAND2_X4       1  6.3     9    14     202    (-,-) 
  n_2291                                     -       -      -     (net)          -    -     -     -       -    (-,-) 
  g371116/ZN                                 -       A1->ZN F     NAND2_X4       7 18.8    12    19     221    (-,-) 
  n_2296                                     -       -      -     (net)          -    -     -     -       -    (-,-) 
  g371115/ZN                                 -       A->ZN  R     INV_X2         2  6.9    11    19     240    (-,-) 
  n_2292                                     -       -      -     (net)          -    -     -     -       -    (-,-) 
  g371114/ZN                                 -       A->ZN  F     INV_X2         4  8.0     7    12     252    (-,-) 
  n_2293                                     -       -      -     (net)          -    -     -     -       -    (-,-) 
  g371094/ZN                                 -       B1->ZN R     OAI21_X2       1  6.6    26    34     286    (-,-) 
  n_2310                                     -       -      -     (net)          -    -     -     -       -    (-,-) 
  g371090/ZN                                 -       A->ZN  F     INV_X4         8 29.8    13    21     307    (-,-) 
  n_2315                                     -       -      -     (net)          -    -     -     -       -    (-,-) 
  g371064/ZN                                 -       A->ZN  R     INV_X4        12 25.7    17    27     334    (-,-) 
  n_739                                      -       -      -     (net)          -    -     -     -       -    (-,-) 
  g370675/ZN                                 -       A1->ZN R     AND2_X1        1  3.6    12    39     373    (-,-) 
  n_2507                                     -       -      -     (net)          -    -     -     -       -    (-,-) 
  g369406/ZN                                 -       B2->ZN F     OAI21_X2       2  4.4    10    18     391    (-,-) 
  n_766                                      -       -      -     (net)          -    -     -     -       -    (-,-) 
  g369316/ZN                                 -       A->ZN  R     INV_X1         1  1.9     8    14     405    (-,-) 
  n_3888                                     -       -      -     (net)          -    -     -     -       -    (-,-) 
  g368825/ZN                                 -       A1->ZN F     NAND2_X1       1  1.8     7    12     417    (-,-) 
  n_4303                                     -       -      -     (net)          -    -     -     -       -    (-,-) 
  g368626/ZN                                 -       A1->ZN R     NAND2_X1       2  4.4    15    20     437    (-,-) 
  n_4596                                     -       -      -     (net)          -    -     -     -       -    (-,-) 
  g368295/ZN                                 -       A->ZN  F     INV_X1         1  1.7     6     9     446    (-,-) 
  n_4904                                     -       -      -     (net)          -    -     -     -       -    (-,-) 
  g368176/ZN                                 -       B1->ZN R     AOI21_X1       2  3.8    31    36     481    (-,-) 
  n_5023                                     -       -      -     (net)          -    -     -     -       -    (-,-) 
  g367946/ZN                                 -       A1->ZN F     NAND3_X1       1  1.8    15    24     505    (-,-) 
  n_5230                                     -       -      -     (net)          -    -     -     -       -    (-,-) 
  g367861/ZN                                 -       A->ZN  R     OAI21_X1       1  2.0    20    24     529    (-,-) 
  n_5314                                     -       -      -     (net)          -    -     -     -       -    (-,-) 
  g367828/ZN                                 -       A2->ZN F     NAND2_X1       3  5.0    14    24     553    (-,-) 
  n_5350                                     -       -      -     (net)          -    -     -     -       -    (-,-) 
  g367751/ZN                                 -       A1->ZN R     NOR2_X1        3  5.6    34    45     598    (-,-) 
  n_5433                                     -       -      -     (net)          -    -     -     -       -    (-,-) 
  g367338/ZN                                 -       A1->ZN F     NAND2_X1       1  1.8    12    18     616    (-,-) 
  n_5679                                     -       -      -     (net)          -    -     -     -       -    (-,-) 
  g366830/ZN                                 -       A1->ZN R     NAND2_X1       2  3.8    14    21     637    (-,-) 
  n_6399                                     -       -      -     (net)          -    -     -     -       -    (-,-) 
  g366739/ZN                                 -       A->ZN  F     INV_X1         1  1.7     5     8     645    (-,-) 
  n_6400                                     -       -      -     (net)          -    -     -     -       -    (-,-) 
  g366046/ZN                                 -       B1->ZN R     OAI22_X1       1  2.0    32    38     683    (-,-) 
  n_7015                                     -       -      -     (net)          -    -     -     -       -    (-,-) 
  g365876/ZN                                 -       A1->ZN F     NOR2_X1        1  1.8    10    11     694    (-,-) 
  n_7257                                     -       -      -     (net)          -    -     -     -       -    (-,-) 
  g365783/ZN                                 -       A4->ZN F     AND4_X2        1  6.0     8    40     734    (-,-) 
  n_7347                                     -       -      -     (net)          -    -     -     -       -    (-,-) 
  g365752/ZN                                 -       A1->ZN R     NAND2_X4      22 55.8    37    44     778    (-,-) 
  n_7396                                     -       -      -     (net)          -    -     -     -       -    (-,-) 
  g365735/ZN                                 -       A->ZN  F     INV_X8        23 42.0    14    20     798    (-,-) 
  n_7395                                     -       -      -     (net)          -    -     -     -       -    (-,-) 
  g365706/ZN                                 -       A1->ZN R     NAND2_X1       3  7.2    22    30     829    (-,-) 
  n_7443                                     -       -      -     (net)          -    -     -     -       -    (-,-) 
  g365652/ZN                                 -       A1->ZN F     NOR2_X2        3  5.2    12    13     841    (-,-) 
  n_7499                                     -       -      -     (net)          -    -     -     -       -    (-,-) 
  g365629/ZN                                 -       A->ZN  R     INV_X1         2  5.7    16    24     866    (-,-) 
  n_7498                                     -       -      -     (net)          -    -     -     -       -    (-,-) 
  g365547/ZN                                 -       B1->ZN F     OAI21_X1       2  4.9    30    23     889    (-,-) 
  n_7604                                     -       -      -     (net)          -    -     -     -       -    (-,-) 
  g365488/ZN                                 -       A1->ZN R     NAND2_X2       4  7.4    16    29     918    (-,-) 
  n_7653                                     -       -      -     (net)          -    -     -     -       -    (-,-) 
  g365472/ZN                                 -       A->ZN  F     INV_X1         1  1.2     5     8     925    (-,-) 
  n_7652                                     -       -      -     (net)          -    -     -     -       -    (-,-) 
  g365468/ZN                                 -       A1->ZN F     AND4_X1       10 16.2    21    53     979    (-,-) 
  n_7676                                     -       -      -     (net)          -    -     -     -       -    (-,-) 
  g365449/ZN                                 -       A->ZN  R     INV_X1         9 16.2    40    54    1033    (-,-) 
  n_7675                                     -       -      -     (net)          -    -     -     -       -    (-,-) 
  g365419/ZN                                 -       A1->ZN F     NAND2_X1       3  5.2    18    30    1062    (-,-) 
  n_7719                                     -       -      -     (net)          -    -     -     -       -    (-,-) 
  g365348/ZN                                 -       A->ZN  R     AOI21_X1       2  4.4    35    57    1120    (-,-) 
  n_7779                                     -       -      -     (net)          -    -     -     -       -    (-,-) 
  g365204/ZN                                 -       A->ZN  F     OAI21_X1       2  4.0    21    30    1150    (-,-) 
  n_7919                                     -       -      -     (net)          -    -     -     -       -    (-,-) 
  g365074/ZN                                 -       A1->ZN R     NOR2_X1        2  4.4    28    42    1192    (-,-) 
  n_8034                                     -       -      -     (net)          -    -     -     -       -    (-,-) 
  g365018/ZN                                 -       A->ZN  F     INV_X1         1  1.8     8    10    1202    (-,-) 
  n_8035                                     -       -      -     (net)          -    -     -     -       -    (-,-) 
  g364914/ZN                                 -       A->ZN  R     AOI21_X1       1  3.5    31    48    1250    (-,-) 
  n_8096                                     -       -      -     (net)          -    -     -     -       -    (-,-) 
  g364415/CO                                 -       A->CO  R     HA_X1          1  2.0     9    38    1288    (-,-) 
  n_8388                                     -       -      -     (net)          -    -     -     -       -    (-,-) 
  g364400/ZN                                 -       A1->ZN F     NOR2_X1        2  4.2    17    12    1300    (-,-) 
  n_8446                                     -       -      -     (net)          -    -     -     -       -    (-,-) 
  g364259/ZN                                 -       A->ZN  R     AOI21_X1       1  3.5    31    52    1352    (-,-) 
  n_8520                                     -       -      -     (net)          -    -     -     -       -    (-,-) 
  g363597__7098/CO                           -       A->CO  R     HA_X1          2  3.8    13    43    1395    (-,-) 
  n_9004                                     -       -      -     (net)          -    -     -     -       -    (-,-) 
  g363390__5122/ZN                           -       B1->ZN F     AOI21_X1       2  4.0    19    20    1415    (-,-) 
  n_9136                                     -       -      -     (net)          -    -     -     -       -    (-,-) 
  g363204__2346/ZN                           -       A1->ZN R     NOR2_X1        1  3.5    24    37    1452    (-,-) 
  n_9237                                     -       -      -     (net)          -    -     -     -       -    (-,-) 
  g362789__6783/CO                           -       A->CO  R     HA_X1          1  2.0     9    36    1488    (-,-) 
  n_9454                                     -       -      -     (net)          -    -     -     -       -    (-,-) 
  g362760__6260/ZN                           -       A1->ZN F     NOR2_X1        1  1.4    13     8    1496    (-,-) 
  n_9474                                     -       -      -     (net)          -    -     -     -       -    (-,-) 
  aligner_inst_aligned_mant_out_reg[4][27]/D <<<     -      F     DFFR_X1        1    -     -     0    1496    (-,-) 
#--------------------------------------------------------------------------------------------------------------------

Capture clock path:
#--------------------------------------------------------------------------------------------------------------------
#                Timing Point                 Flags   Arc   Edge   Cell     Fanout Load Trans Delay Arrival Instance 
#                                                                                  (fF)  (ps)  (ps)   (ps)  Location 
#--------------------------------------------------------------------------------------------------------------------
  clk                                         (i)     -     R     (arrival)   1679  0.0     0     0    1538    (-,-) 
  clk                                         -       -     -     (net)          -    -     -     -       -    (-,-) 
  clk                                         -       -     -     (net)          -    -     -     -       -    (-,-) 
  aligner_inst_aligned_mant_out_reg[4][27]/CK <<<     -     R     DFFR_X1     1679    -     1     0    1538    (-,-) 
#--------------------------------------------------------------------------------------------------------------------


