============================================================
  Generated by:           Genus(TM) Synthesis Solution 25.11-s095_1
  Generated on:           May 25 2026  07:35:11 am
  Module:                 sysarr_32_input_fp_adder
  Library domain:         timing_condition_tt_1p2v_25c
    Domain index:         0
    Technology library:   NangateOpenCellLibrary revision 1.0
  Operating conditions:   typical 
  Interconnect mode:      global
  Area mode:              physical library
============================================================

Timing
--------

Analysis view  Clock Period 
----------------------------
view_1p2_25   clock1 1000.0 


  Analysis    Cost   Critical        Violating 
    View     Group  Path Slack  TNS    Paths   
-----------------------------------------------
view_1p2_25  clock1       30.3  0.0          0 
            default   No paths  0.0          0 
-----------------------------------------------
Total                          -0.0          0 
                                               

Instance Count
--------------
Leaf Instance Count             29325 
Physical Instance count             0 
Sequential Instance Count        2426 
Combinational Instance Count    26899 
Hierarchical Instance Count        13 

Area
----
Cell Area                          56411.214
Physical Cell Area                 0.000
Total Cell Area (Cell+Physical)    56411.214
Net Area                           25.916
Total Area (Cell+Physical+Net)     56437.130

Power
-----
Leakage Power                      519034.129 nW
Dynamic Power                      23779086.227 nW
Total Power                        24298120.356 nW

Max Fanout                         2426 (clk)
Min Fanout                         0 (aligner_inst_n_7417)
Average Fanout                     1.8
Terms to net ratio                 2.6045
Terms to instance ratio            3.4135
Runtime                            50.289042 seconds
Elapsed Runtime                    54 seconds
Genus peak memory usage            1779.51 
Innovus peak memory usage          no_value 
Hostname                           asicfab.ecn.purdue.edu
