============================================================
  Generated by:           Genus(TM) Synthesis Solution 25.11-s095_1
  Generated on:           Mar 12 2026  04:38:11 am
  Module:                 sysarr_n_input_fp_adder_noretime
  Operating conditions:   typical 
  Interconnect mode:      global
  Area mode:              physical library
============================================================

Timing
--------

Analysis view  Clock Period 
----------------------------
view_1p2_25   clock1 2000.0 


  Analysis    Cost   Critical        Violating 
    View     Group  Path Slack  TNS    Paths   
-----------------------------------------------
view_1p2_25  clock1        0.0  0.0          0 
            default   No paths  0.0          0 
-----------------------------------------------
Total                          -0.0          0 
                                               

Instance Count
--------------
Leaf Instance Count             8791 
Physical Instance count            0 
Sequential Instance Count        140 
Combinational Instance Count    8651 
Hierarchical Instance Count        0 

Area
----
Cell Area                          10607.016
Physical Cell Area                 0.000
Total Cell Area (Cell+Physical)    10607.016
Net Area                           11905.843
Total Area (Cell+Physical+Net)     22512.859

Power
-----
Leakage Power                      265347.728 nW
Dynamic Power                      17569752.450 nW
Total Power                        17835100.178 nW

Max Fanout                         140 (clk)
Min Fanout                         0 (st2_exp_base[1])
Average Fanout                     2.2
Terms to net ratio                 3.1356
Terms to instance ratio            3.3621
Runtime                            45.84003 seconds
Elapsed Runtime                    52 seconds
Genus peak memory usage            1748.58 
Innovus peak memory usage          no_value 
Hostname                           asicfab.ecn.purdue.edu
