============================================================
  Generated by:           Genus(TM) Synthesis Solution 25.11-s095_1
  Generated on:           Mar 12 2026  04:38:17 am
  Module:                 sysarr_n_input_fp_adder_noretime
  Operating conditions:   typical 
  Interconnect mode:      global
  Area mode:              physical library
============================================================


Path 1: MET (0 ps) Setup Check with Pin st1_sum_vec_reg[13]/CK->D
           View: view_1p2_25
          Group: clock1
     Startpoint: (F) in_data[2][28]
          Clock: (R) clock1
       Endpoint: (F) st1_sum_vec_reg[13]/D
          Clock: (R) clock1

                     Capture       Launch     
        Clock Edge:+    2000            0     
        Drv Adjust:+       0            0     
       Src Latency:+       0            0     
       Net Latency:+       0 (I)        0 (I) 
           Arrival:=    2000            0     
                                              
             Setup:-      42                  
       Uncertainty:-       0                  
     Required Time:=    1958                  
      Launch Clock:-       0                  
       Input Delay:-       1                  
         Data Path:-    1957                  
             Slack:=       0                  

Exceptions/Constraints:
  input_delay              1              sysarr_n_input_fp_ad_line_21_68_1   

#-----------------------------------------------------------------------------------------------
#     Timing Point      Flags    Arc   Edge   Cell     Fanout Load Trans Delay Arrival Instance 
#                                                             (fF)  (ps)  (ps)   (ps)  Location 
#-----------------------------------------------------------------------------------------------
  in_data[2][28]        -       -      F     (arrival)      8 13.4     0     0       1    (-,-) 
  in_data[2][28]        -       -      -     (net)          -    -     -     -       -    (-,-) 
  g203636/ZN            -       A->ZN  R     INV_X1         3  7.1    19    22      23    (-,-) 
  n_7355                -       -      -     (net)          -    -     -     -       -    (-,-) 
  g203403__7098/ZN      -       B1->ZN F     AOI22_X2       4  6.8    16    27      49    (-,-) 
  n_7661                -       -      -     (net)          -    -     -     -       -    (-,-) 
  g203066__5122/ZN      -       A3->ZN R     NAND3_X1       1  3.6    16    28      77    (-,-) 
  n_7896                -       -      -     (net)          -    -     -     -       -    (-,-) 
  g202983__4733/ZN      -       A->ZN  F     OAI211_X2      1  5.9    18    33     110    (-,-) 
  n_7975                -       -      -     (net)          -    -     -     -       -    (-,-) 
  g202958__2398/ZN      -       A1->ZN R     NOR2_X4        3  5.6    14    26     136    (-,-) 
  n_8009                -       -      -     (net)          -    -     -     -       -    (-,-) 
  g202856__5526/ZN      -       A1->ZN F     NAND3_X1       1  5.9    21    32     168    (-,-) 
  n_8090                -       -      -     (net)          -    -     -     -       -    (-,-) 
  g202746__6131/ZN      -       C1->ZN R     OAI211_X4      2 10.0    26    39     207    (-,-) 
  n_8223                -       -      -     (net)          -    -     -     -       -    (-,-) 
  g202717/ZN            -       A->ZN  F     INV_X4         7 18.9    10    16     223    (-,-) 
  n_8224                -       -      -     (net)          -    -     -     -       -    (-,-) 
  g202678__6783/ZN      -       A1->ZN R     NAND2_X1       1  5.9    19    26     249    (-,-) 
  n_8264                -       -      -     (net)          -    -     -     -       -    (-,-) 
  g202622__1705/ZN      -       A1->ZN F     NAND4_X4       7 14.2    22    34     282    (-,-) 
  n_7325                -       -      -     (net)          -    -     -     -       -    (-,-) 
  g202608/ZN            -       A->ZN  R     INV_X2         5  9.2    15    26     309    (-,-) 
  n_7326                -       -      -     (net)          -    -     -     -       -    (-,-) 
  g202521__6161/ZN      -       B1->ZN F     OAI22_X1       1  1.8    13    21     330    (-,-) 
  n_8407                -       -      -     (net)          -    -     -     -       -    (-,-) 
  g202463__6161/ZN      -       A->ZN  R     AOI21_X1       1  2.0    23    43     372    (-,-) 
  n_8463                -       -      -     (net)          -    -     -     -       -    (-,-) 
  g202430__9315/ZN      -       A->ZN  F     OAI21_X1       1  1.8    10    22     394    (-,-) 
  n_8499                -       -      -     (net)          -    -     -     -       -    (-,-) 
  g202422__8246/ZN      -       A1->ZN R     NAND2_X1       2  3.1    13    18     413    (-,-) 
  n_8510                -       -      -     (net)          -    -     -     -       -    (-,-) 
  g202404__7410/ZN      -       A1->ZN R     AND2_X1        2  3.7    13    37     450    (-,-) 
  n_8527                -       -      -     (net)          -    -     -     -       -    (-,-) 
  g202368__7410/ZN      -       A2->ZN R     AND3_X2        7 15.8    23    60     510    (-,-) 
  n_8565                -       -      -     (net)          -    -     -     -       -    (-,-) 
  g202338__5477/ZN      -       A1->ZN F     AOI22_X1       1  1.9    18    18     528    (-,-) 
  n_8590                -       -      -     (net)          -    -     -     -       -    (-,-) 
  g202310__5107/ZN      -       A2->ZN F     AND3_X2        1  6.0     8    39     567    (-,-) 
  n_8619                -       -      -     (net)          -    -     -     -       -    (-,-) 
  g202309__2398/ZN      -       A1->ZN R     NAND2_X4      24 73.6    48    54     622    (-,-) 
  n_8664                -       -      -     (net)          -    -     -     -       -    (-,-) 
  g339319/ZN            -       A->ZN  F     INV_X16       21 47.5    13    14     636    (-,-) 
  n_296                 -       -      -     (net)          -    -     -     -       -    (-,-) 
  g339259/ZN            -       A1->ZN R     NAND2_X2       4 13.6    21    29     665    (-,-) 
  n_369                 -       -      -     (net)          -    -     -     -       -    (-,-) 
  g338639/ZN            -       A2->ZN F     NAND2_X1       1  1.8     8    16     682    (-,-) 
  n_922                 -       -      -     (net)          -    -     -     -       -    (-,-) 
  g338445/ZN            -       A1->ZN R     NAND2_X1       1  2.0    10    15     696    (-,-) 
  n_1115                -       -      -     (net)          -    -     -     -       -    (-,-) 
  g338218/ZN            -       A2->ZN F     NAND2_X1       1  6.0    14    23     720    (-,-) 
  n_1317                -       -      -     (net)          -    -     -     -       -    (-,-) 
  g338073/ZN            -       A1->ZN R     NAND2_X4      21 45.8    32    41     760    (-,-) 
  n_1552                -       -      -     (net)          -    -     -     -       -    (-,-) 
  g337905/ZN            -       A1->ZN F     NOR2_X4        7 13.2    12    15     776    (-,-) 
  n_1708                -       -      -     (net)          -    -     -     -       -    (-,-) 
  g337841/ZN            -       A->ZN  R     INV_X2         3  5.8    10    17     793    (-,-) 
  n_140                 -       -      -     (net)          -    -     -     -       -    (-,-) 
  g337664/ZN            -       A1->ZN F     NOR2_X1        1  1.8     9     9     801    (-,-) 
  n_1846                -       -      -     (net)          -    -     -     -       -    (-,-) 
  g337406/ZN            -       A->ZN  R     AOI21_X1       2  3.1    28    47     848    (-,-) 
  n_2210                -       -      -     (net)          -    -     -     -       -    (-,-) 
  g337371/ZN            -       A->ZN  F     INV_X1         1  1.8     8    10     858    (-,-) 
  n_2211                -       -      -     (net)          -    -     -     -       -    (-,-) 
  g337058/ZN            -       A1->ZN R     AOI22_X1       2  3.9    35    42     900    (-,-) 
  n_2555                -       -      -     (net)          -    -     -     -       -    (-,-) 
  g336538/ZN            -       A2->ZN F     NOR2_X1        1  1.8    11    14     914    (-,-) 
  n_3010                -       -      -     (net)          -    -     -     -       -    (-,-) 
  g336042/ZN            -       A->ZN  R     AOI21_X1       1  1.9    22    41     955    (-,-) 
  n_3459                -       -      -     (net)          -    -     -     -       -    (-,-) 
  g335868/ZN            -       A1->ZN F     NAND2_X1       1  4.1    13    22     977    (-,-) 
  n_3630                -       -      -     (net)          -    -     -     -       -    (-,-) 
  g335443/ZN            -       A->ZN  F     XNOR2_X2       2  3.4    14    38    1015    (-,-) 
  n_4084                -       -      -     (net)          -    -     -     -       -    (-,-) 
  g339467/ZN            -       A1->ZN F     OR2_X2         3  6.6    11    48    1063    (-,-) 
  n_25                  -       -      -     (net)          -    -     -     -       -    (-,-) 
  g335217/ZN            -       A->ZN  R     INV_X1         1  3.3    11    18    1081    (-,-) 
  n_4242                -       -      -     (net)          -    -     -     -       -    (-,-) 
  g334923/ZN            -       C1->ZN F     OAI211_X2      2  3.6    18    20    1100    (-,-) 
  n_4559                -       -      -     (net)          -    -     -     -       -    (-,-) 
  g334805/ZN            -       A1->ZN R     NAND2_X1       2  3.9    14    24    1125    (-,-) 
  n_4643                -       -      -     (net)          -    -     -     -       -    (-,-) 
  g334760/ZN            -       A->ZN  F     INV_X1         1  3.2     7    11    1136    (-,-) 
  n_4644                -       -      -     (net)          -    -     -     -       -    (-,-) 
  g334658/ZN            -       A1->ZN R     NAND2_X2       2  5.3    12    16    1152    (-,-) 
  n_4751                -       -      -     (net)          -    -     -     -       -    (-,-) 
  g334572/ZN            -       A1->ZN F     NAND2_X2       3  5.8     9    16    1168    (-,-) 
  n_4818                -       -      -     (net)          -    -     -     -       -    (-,-) 
  g334455/ZN            -       A->ZN  R     INV_X1         3  5.7    16    23    1191    (-,-) 
  n_4912                -       -      -     (net)          -    -     -     -       -    (-,-) 
  g334449/ZN            -       A2->ZN F     NAND2_X1       3  4.6    13    22    1213    (-,-) 
  n_4931                -       -      -     (net)          -    -     -     -       -    (-,-) 
  g334326/ZN            -       A1->ZN F     AND2_X1        1  3.5     8    34    1247    (-,-) 
  n_5011                -       -      -     (net)          -    -     -     -       -    (-,-) 
  g339630/ZN            -       C2->ZN R     OAI221_X2      2  3.8    37    36    1283    (-,-) 
  n_9400                -       -      -     (net)          -    -     -     -       -    (-,-) 
  g334067/ZN            -       A->ZN  F     INV_X1         1  1.8    10    10    1294    (-,-) 
  n_5266                -       -      -     (net)          -    -     -     -       -    (-,-) 
  g334024/ZN            -       A1->ZN R     NAND2_X1       2  5.3    18    24    1317    (-,-) 
  n_5314                -       -      -     (net)          -    -     -     -       -    (-,-) 
  g333967/ZN            -       A1->ZN F     NAND2_X2       3  6.8    11    20    1337    (-,-) 
  n_5359                -       -      -     (net)          -    -     -     -       -    (-,-) 
  g339447/ZN            -       A1->ZN F     OR2_X1         2  3.6    11    50    1387    (-,-) 
  n_44                  -       -      -     (net)          -    -     -     -       -    (-,-) 
  g333722/ZN            -       A1->ZN R     NAND3_X1       1  1.9    15    17    1404    (-,-) 
  n_5554                -       -      -     (net)          -    -     -     -       -    (-,-) 
  g333660/ZN            -       A1->ZN F     NAND2_X1       1  3.2    10    18    1422    (-,-) 
  n_5610                -       -      -     (net)          -    -     -     -       -    (-,-) 
  g333607/ZN            -       A1->ZN R     NAND2_X2       3  6.2    13    19    1441    (-,-) 
  n_5674                -       -      -     (net)          -    -     -     -       -    (-,-) 
  g333441/ZN            -       A->ZN  R     XNOR2_X1       1  5.1    35    47    1488    (-,-) 
  n_5789                -       -      -     (net)          -    -     -     -       -    (-,-) 
  g333308/ZN            -       B->ZN  R     XNOR2_X2       2  7.5    28    48    1536    (-,-) 
  n_5936                -       -      -     (net)          -    -     -     -       -    (-,-) 
  g332980/ZN            -       A->ZN  R     XNOR2_X1       2  3.9    29    49    1585    (-,-) 
  n_6240                -       -      -     (net)          -    -     -     -       -    (-,-) 
  g339489/ZN            -       B1->ZN F     OAI21_X1       1  1.8    18    18    1604    (-,-) 
  n_3                   -       -      -     (net)          -    -     -     -       -    (-,-) 
  g3/ZN                 -       A->ZN  R     INV_X1         1  2.0    10    18    1621    (-,-) 
  n_2                   -       -      -     (net)          -    -     -     -       -    (-,-) 
  g332467/ZN            -       A2->ZN F     NAND2_X1       2  2.9    10    16    1638    (-,-) 
  n_233                 -       -      -     (net)          -    -     -     -       -    (-,-) 
  g332406/ZN            -       A1->ZN F     AND2_X1        1  4.7     9    34    1672    (-,-) 
  n_6683                -       -      -     (net)          -    -     -     -       -    (-,-) 
  g332316/ZN            -       B->ZN  F     XNOR2_X2       3  5.7    14    39    1711    (-,-) 
  n_6769                -       -      -     (net)          -    -     -     -       -    (-,-) 
  g332252/ZN            -       A1->ZN R     NAND2_X1       2  4.6    16    24    1735    (-,-) 
  n_6815                -       -      -     (net)          -    -     -     -       -    (-,-) 
  g332098/ZN            -       A->ZN  F     OAI21_X2       4  9.5    20    27    1762    (-,-) 
  n_6930                -       -      -     (net)          -    -     -     -       -    (-,-) 
  g332029/ZN            -       A1->ZN R     NOR2_X1        1  1.9    17    29    1791    (-,-) 
  n_6978                -       -      -     (net)          -    -     -     -       -    (-,-) 
  g331925/ZN            -       A->ZN  F     AOI21_X1       1  1.8     9    16    1807    (-,-) 
  n_7068                -       -      -     (net)          -    -     -     -       -    (-,-) 
  g331853/ZN            -       B1->ZN R     OAI21_X1       2  5.2    35    45    1852    (-,-) 
  n_7153                -       -      -     (net)          -    -     -     -       -    (-,-) 
  g331822/ZN            -       A1->ZN F     NAND2_X2       4  9.0    16    26    1878    (-,-) 
  n_7178                -       -      -     (net)          -    -     -     -       -    (-,-) 
  g331760/ZN            -       A->ZN  F     XNOR2_X2       2  4.1    14    40    1918    (-,-) 
  n_7232                -       -      -     (net)          -    -     -     -       -    (-,-) 
  g331717/ZN            -       A->ZN  F     XNOR2_X1       1  1.4    13    39    1958    (-,-) 
  n_7248                -       -      -     (net)          -    -     -     -       -    (-,-) 
  st1_sum_vec_reg[13]/D <<<     -      F     DFFR_X1        1    -     -     0    1958    (-,-) 
#-----------------------------------------------------------------------------------------------

Capture clock path:
#-----------------------------------------------------------------------------------------------
#     Timing Point       Flags   Arc   Edge   Cell     Fanout Load Trans Delay Arrival Instance 
#                                                             (fF)  (ps)  (ps)   (ps)  Location 
#-----------------------------------------------------------------------------------------------
  clk                    (i)     -     R     (arrival)    140  0.0     0     0    2000    (-,-) 
  clk                    -       -     -     (net)          -    -     -     -       -    (-,-) 
  clk                    -       -     -     (net)          -    -     -     -       -    (-,-) 
  st1_sum_vec_reg[13]/CK <<<     -     R     DFFR_X1      140    -     1     0    2000    (-,-) 
#-----------------------------------------------------------------------------------------------


