============================================================
  Generated by:           Genus(TM) Synthesis Solution 25.11-s095_1
  Generated on:           Mar 12 2026  04:38:10 am
  Module:                 sysarr_n_input_fp_adder_noretime
  Operating conditions:   typical 
  Interconnect mode:      global
  Area mode:              physical library
============================================================

# SETUP                  WNS  TNS    FEP 
# -----------------------------------------
 View: ALL               0.0  0.0      0 
    Group : in2out       N/A  N/A    N/A 
    Group : in2reg       0.0  0.0      0 
    Group : reg2out   1903.2  0.0      0 
    Group : reg2reg    298.0  0.0      0 

# -----------------------------------------
# DRV                          WNS    TNS  FEP 
# -----------------------------------------------
 View: ALL                                     
    Check: max_transition      N/A    N/A    0 
    Check: max_capacitance   -10.1  -10.1    1 
    Check: max_fanout          N/A    N/A    0 

# -----------------------------------------------
