============================================================
  Generated by:           Genus(TM) Synthesis Solution 25.11-s095_1
  Generated on:           May 24 2026  02:20:47 pm
  Module:                 sysarr_32_input_fp_adder
  Operating conditions:   typical 
  Interconnect mode:      global
  Area mode:              physical library
============================================================


Path 1: MET (0 ps) Setup Check with Pin aligner_inst_aligned_mant_out_reg[1][27]/CK->D
           View: view_1p2_25
          Group: clock1
     Startpoint: (R) aligner_inst_max_l4_n0_r_reg[1]/CK
          Clock: (R) clock1
       Endpoint: (F) aligner_inst_aligned_mant_out_reg[1][27]/D
          Clock: (R) clock1

                     Capture       Launch     
        Clock Edge:+    1000            0     
       Src Latency:+       0            0     
       Net Latency:+       0 (I)        0 (I) 
           Arrival:=    1000            0     
                                              
             Setup:-      40                  
       Uncertainty:-       0                  
     Required Time:=     960                  
      Launch Clock:-       0                  
         Data Path:-     960                  
             Slack:=       0                  

Launch clock path:
#-----------------------------------------------------------------------------------------------------------
#           Timing Point             Flags   Arc   Edge   Cell     Fanout Load Trans Delay Arrival Instance 
#                                                                         (fF)  (ps)  (ps)   (ps)  Location 
#-----------------------------------------------------------------------------------------------------------
  clk                                (i)     -     R     (arrival)   2864  0.0     0     0       0    (-,-) 
  clk                                -       -     -     (net)          -    -     -     -       -    (-,-) 
  clk                                -       -     -     (net)          -    -     -     -       -    (-,-) 
  aligner_inst_max_l4_n0_r_reg[1]/CK <<<     -     R     DFFR_X1     2864    -     1     0       0    (-,-) 
#-----------------------------------------------------------------------------------------------------------

#--------------------------------------------------------------------------------------------------------------------
#               Timing Point                 Flags    Arc   Edge   Cell     Fanout Load Trans Delay Arrival Instance 
#                                                                                  (fF)  (ps)  (ps)   (ps)  Location 
#--------------------------------------------------------------------------------------------------------------------
  aligner_inst_max_l4_n0_r_reg[1]/CK         -       -      R     (arrival)   2864    -     1     0       0    (-,-) 
  aligner_inst_max_l4_n0_r_reg[1]/QN         -       CK->QN R     DFFR_X1        1 12.1    32    93      93    (-,-) 
  n_10407                                    -       -      -     (net)          -    -     -     -       -    (-,-) 
  g450045/ZN                                 -       A->ZN  F     INV_X8        11 45.5    13    20     113    (-,-) 
  n_2348                                     -       -      -     (net)          -    -     -     -       -    (-,-) 
  g450009/ZN                                 -       A->ZN  R     INV_X4         6 11.8    10    18     132    (-,-) 
  n_697                                      -       -      -     (net)          -    -     -     -       -    (-,-) 
  g449791/ZN                                 -       A1->ZN F     NAND2_X1       1  3.2    10    16     148    (-,-) 
  n_2366                                     -       -      -     (net)          -    -     -     -       -    (-,-) 
  g449506/ZN                                 -       A1->ZN R     NAND2_X2       3  8.0    15    21     168    (-,-) 
  n_2722                                     -       -      -     (net)          -    -     -     -       -    (-,-) 
  g449173/ZN                                 -       A->ZN  F     INV_X1         1  1.8     6     9     177    (-,-) 
  n_3005                                     -       -      -     (net)          -    -     -     -       -    (-,-) 
  g449171/ZN                                 -       A->ZN  R     INV_X1         2  3.1    10    14     192    (-,-) 
  n_3006                                     -       -      -     (net)          -    -     -     -       -    (-,-) 
  g449059/ZN                                 -       A2->ZN R     OR2_X1         6 10.4    27    46     238    (-,-) 
  n_3173                                     -       -      -     (net)          -    -     -     -       -    (-,-) 
  g448419/ZN                                 -       A1->ZN F     OAI22_X1       1  1.8    13    22     259    (-,-) 
  n_3714                                     -       -      -     (net)          -    -     -     -       -    (-,-) 
  g448397/ZN                                 -       A->ZN  R     INV_X1         1  2.0     8    15     275    (-,-) 
  n_3747                                     -       -      -     (net)          -    -     -     -       -    (-,-) 
  g447366/ZN                                 -       A3->ZN R     AND3_X2        2  5.3    12    45     319    (-,-) 
  n_4769                                     -       -      -     (net)          -    -     -     -       -    (-,-) 
  g446963/ZN                                 -       A1->ZN F     OAI22_X2       2  2.9    12    17     336    (-,-) 
  n_5160                                     -       -      -     (net)          -    -     -     -       -    (-,-) 
  g446546/Z                                  -       B->Z   F     MUX2_X1        4  6.9    16    71     407    (-,-) 
  n_5535                                     -       -      -     (net)          -    -     -     -       -    (-,-) 
  g445014/ZN                                 -       A2->ZN R     NAND2_X1       2  3.9    14    26     433    (-,-) 
  n_7069                                     -       -      -     (net)          -    -     -     -       -    (-,-) 
  g444578/ZN                                 -       A2->ZN F     NAND2_X1       1  1.7     7    15     448    (-,-) 
  n_7382                                     -       -      -     (net)          -    -     -     -       -    (-,-) 
  g444368/ZN                                 -       A1->ZN R     NOR2_X1        2  3.1    22    30     477    (-,-) 
  n_7711                                     -       -      -     (net)          -    -     -     -       -    (-,-) 
  g444218/ZN                                 -       A1->ZN R     AND2_X1        3  5.0    16    44     521    (-,-) 
  n_7840                                     -       -      -     (net)          -    -     -     -       -    (-,-) 
  g443991/ZN                                 -       A3->ZN R     AND4_X1        2  3.8    17    65     586    (-,-) 
  n_8039                                     -       -      -     (net)          -    -     -     -       -    (-,-) 
  g443944/ZN                                 -       A1->ZN F     NAND2_X1       2  4.7    12    22     609    (-,-) 
  n_8089                                     -       -      -     (net)          -    -     -     -       -    (-,-) 
  g443891/ZN                                 -       A1->ZN R     NOR3_X2        1  2.0    24    30     639    (-,-) 
  n_8121                                     -       -      -     (net)          -    -     -     -       -    (-,-) 
  g443840/ZN                                 -       A2->ZN F     NAND2_X1       2  3.4    11    21     660    (-,-) 
  n_8191                                     -       -      -     (net)          -    -     -     -       -    (-,-) 
  g443779/ZN                                 -       A1->ZN R     NOR2_X1        2  3.8    25    35     695    (-,-) 
  n_8258                                     -       -      -     (net)          -    -     -     -       -    (-,-) 
  g443602/ZN                                 -       A1->ZN F     NAND2_X1       3  3.9    13    22     717    (-,-) 
  n_8443                                     -       -      -     (net)          -    -     -     -       -    (-,-) 
  g443392/ZN                                 -       A1->ZN F     OR2_X1         2  7.1    15    58     775    (-,-) 
  n_8669                                     -       -      -     (net)          -    -     -     -       -    (-,-) 
  g443110/ZN                                 -       A1->ZN R     NOR3_X4        2  3.8    23    31     806    (-,-) 
  n_8929                                     -       -      -     (net)          -    -     -     -       -    (-,-) 
  g442767/ZN                                 -       A1->ZN F     NAND2_X1       2  3.5    12    21     827    (-,-) 
  n_9215                                     -       -      -     (net)          -    -     -     -       -    (-,-) 
  g442428/ZN                                 -       A1->ZN R     NAND2_X1       1  2.0    17    17     843    (-,-) 
  n_9481                                     -       -      -     (net)          -    -     -     -       -    (-,-) 
  fopt453454/ZN                              -       A->ZN  F     INV_X1         2  4.7     8    15     858    (-,-) 
  n_11330                                    -       -      -     (net)          -    -     -     -       -    (-,-) 
  g441994__6783/ZN                           -       A1->ZN R     NOR2_X2        2  3.9    18    24     882    (-,-) 
  n_9777                                     -       -      -     (net)          -    -     -     -       -    (-,-) 
  g441572__2346/ZN                           -       A->ZN  F     OAI21_X1       2  3.4    28    25     907    (-,-) 
  n_10035                                    -       -      -     (net)          -    -     -     -       -    (-,-) 
  g441085__4319/ZN                           -       A1->ZN F     OR2_X1         1  1.4     9    53     960    (-,-) 
  n_10210                                    -       -      -     (net)          -    -     -     -       -    (-,-) 
  aligner_inst_aligned_mant_out_reg[1][27]/D <<<     -      F     DFFR_X1        1    -     -     0     960    (-,-) 
#--------------------------------------------------------------------------------------------------------------------

Capture clock path:
#--------------------------------------------------------------------------------------------------------------------
#                Timing Point                 Flags   Arc   Edge   Cell     Fanout Load Trans Delay Arrival Instance 
#                                                                                  (fF)  (ps)  (ps)   (ps)  Location 
#--------------------------------------------------------------------------------------------------------------------
  clk                                         (i)     -     R     (arrival)   2864  0.0     0     0    1000    (-,-) 
  clk                                         -       -     -     (net)          -    -     -     -       -    (-,-) 
  clk                                         -       -     -     (net)          -    -     -     -       -    (-,-) 
  aligner_inst_aligned_mant_out_reg[1][27]/CK <<<     -     R     DFFR_X1     2864    -     1     0    1000    (-,-) 
#--------------------------------------------------------------------------------------------------------------------


