============================================================
  Generated by:           Genus(TM) Synthesis Solution 25.11-s095_1
  Generated on:           May 23 2026  11:44:36 pm
  Operating conditions:   typical 
  Interconnect mode:      global
  Area mode:              physical library
============================================================

                                 Leakage      Internal                          Library 
   Gate    Instances    Area    Power (nW)   Power (nW)          Library         Domain 
----------------------------------------------------------------------------------------
AND2_X1         1130  1202.320   28617.998   1343081.088 NangateOpenCellLibrary       0 
AND2_X2           62    82.460    3248.596    193694.686 NangateOpenCellLibrary       0 
AND2_X4           28    67.032    2872.202    140617.960 NangateOpenCellLibrary       0 
AND3_X1           57    75.810    1661.440     83192.886 NangateOpenCellLibrary       0 
AND3_X2           11    17.556     733.059     33300.699 NangateOpenCellLibrary       0 
AND3_X4            6    17.556     773.689     23617.189 NangateOpenCellLibrary       0 
AND4_X1           29    46.284     845.203     18103.139 NangateOpenCellLibrary       0 
AND4_X2            4     7.448     278.326     10339.276 NangateOpenCellLibrary       0 
AOI211_X1          5     6.650     151.522      8572.418 NangateOpenCellLibrary       0 
AOI211_X4          3     8.778     335.376     41252.236 NangateOpenCellLibrary       0 
AOI21_X1         707   752.248   18138.703   1003360.068 NangateOpenCellLibrary       0 
AOI21_X2         197   366.814    9539.688    498058.120 NangateOpenCellLibrary       0 
AOI21_X4          16    55.328    1607.962     94622.581 NangateOpenCellLibrary       0 
AOI221_X1         55    87.780    1992.918    131268.063 NangateOpenCellLibrary       0 
AOI222_X1          5    10.640     212.976      9738.305 NangateOpenCellLibrary       0 
AOI22_X1         322   428.260    9821.006    343967.138 NangateOpenCellLibrary       0 
AOI22_X2           8    19.152     510.985     26477.782 NangateOpenCellLibrary       0 
BUF_X1             3     2.394      65.968      1779.749 NangateOpenCellLibrary       0 
BUF_X2            34    36.176    1479.540    117476.183 NangateOpenCellLibrary       0 
BUF_X4             1     1.862      88.090      8692.890 NangateOpenCellLibrary       0 
CLKBUF_X1         17    13.566     176.640      6259.241 NangateOpenCellLibrary       0 
DFFR_X1         2068 11001.760  182312.109  19900854.638 NangateOpenCellLibrary       0 
DFFR_X2            2    11.704     260.700     13357.596 NangateOpenCellLibrary       0 
DFF_X1           174   786.828   13719.827   1848489.342 NangateOpenCellLibrary       0 
FA_X1            302  1285.312   21781.278   1860285.139 NangateOpenCellLibrary       0 
HA_X1             84   223.440    5080.728    335665.376 NangateOpenCellLibrary       0 
INV_X1          3770  2005.640   54341.758   2360505.741 NangateOpenCellLibrary       0 
INV_X16            5    22.610    1089.302     73370.282 NangateOpenCellLibrary       0 
INV_X2           216   172.368    6036.638    262679.744 NangateOpenCellLibrary       0 
INV_X4            40    53.200    2239.065     82139.252 NangateOpenCellLibrary       0 
INV_X8            18    43.092    2095.446    100647.997 NangateOpenCellLibrary       0 
MUX2_X1          440   819.280   15948.818   1266353.165 NangateOpenCellLibrary       0 
MUX2_X2            9    21.546     623.333     56647.180 NangateOpenCellLibrary       0 
NAND2_X1        3266  2606.268   61970.058   2476415.782 NangateOpenCellLibrary       0 
NAND2_X2         409   543.970   18548.411    754223.337 NangateOpenCellLibrary       0 
NAND2_X4         153   366.282   16121.893    588914.685 NangateOpenCellLibrary       0 
NAND3_X1         232   246.848    5783.033    197015.280 NangateOpenCellLibrary       0 
NAND3_X2          17    31.654    1080.940     30511.631 NangateOpenCellLibrary       0 
NAND3_X4           2     6.916     426.241      6472.019 NangateOpenCellLibrary       0 
NAND4_X1          84   111.720    2084.775     31977.274 NangateOpenCellLibrary       0 
NAND4_X2           2     4.788      72.860      3138.432 NangateOpenCellLibrary       0 
NAND4_X4           4    19.152     273.977     11426.606 NangateOpenCellLibrary       0 
NOR2_X1         2512  2004.576   53199.256   2052328.126 NangateOpenCellLibrary       0 
NOR2_X2          208   276.640    8813.003    348890.809 NangateOpenCellLibrary       0 
NOR2_X4          146   349.524   12033.767    558058.302 NangateOpenCellLibrary       0 
NOR3_X1          132   140.448    3646.082    115757.220 NangateOpenCellLibrary       0 
NOR3_X2            3     5.586     150.525      8034.736 NangateOpenCellLibrary       0 
NOR4_X1           82   109.060    2810.353     30636.088 NangateOpenCellLibrary       0 
OAI211_X1        122   162.260    5544.681    204369.616 NangateOpenCellLibrary       0 
OAI211_X2          3     7.182     242.101     13914.874 NangateOpenCellLibrary       0 
OAI21_X1         994  1057.616   30242.547   1265513.099 NangateOpenCellLibrary       0 
OAI21_X2         151   281.162    8548.064    338170.861 NangateOpenCellLibrary       0 
OAI21_X4          28    96.824    3188.064    189769.400 NangateOpenCellLibrary       0 
OAI221_X1         24    38.304    1124.109     34976.773 NangateOpenCellLibrary       0 
OAI222_X1         44    93.632    2404.185    115308.501 NangateOpenCellLibrary       0 
OAI222_X2          3    11.172     347.080     18049.186 NangateOpenCellLibrary       0 
OAI22_X1         646   859.180   27781.388    835645.882 NangateOpenCellLibrary       0 
OAI22_X2          20    47.880    1502.337     64871.821 NangateOpenCellLibrary       0 
OR2_X1           630   670.320   15048.921    968286.096 NangateOpenCellLibrary       0 
OR2_X2            31    41.230    1446.300     76888.055 NangateOpenCellLibrary       0 
OR3_X1            39    51.870    1034.394     34692.653 NangateOpenCellLibrary       0 
OR3_X2             2     3.192     100.011      2564.330 NangateOpenCellLibrary       0 
OR4_X1            99   158.004    2726.816     45942.296 NangateOpenCellLibrary       0 
OR4_X2             1     1.862      70.313      7023.966 NangateOpenCellLibrary       0 
SDFFRS_X1          3    23.142     377.719     38313.386 NangateOpenCellLibrary       0 
SDFFR_X1          23   152.950    2474.192    285548.612 NangateOpenCellLibrary       0 
SDFFR_X2          22   152.152    3190.759    293800.983 NangateOpenCellLibrary       0 
SDFF_X1            1     6.118      98.517      8931.500 NangateOpenCellLibrary       0 
XNOR2_X1         655  1045.380   24117.718   1400472.706 NangateOpenCellLibrary       0 
XNOR2_X2          73   194.180    5282.496    414349.418 NangateOpenCellLibrary       0 
XOR2_X1          397   633.612   13859.544   1177612.966 NangateOpenCellLibrary       0 
XOR2_X2            4     9.576     288.339     24547.381 NangateOpenCellLibrary       0 
----------------------------------------------------------------------------------------
total          21095 32375.126  726736.654  47371831.842                                
                                            Leakage  Leakage   Internal   Internal 
     Type      Instances    Area   Area % Power (nW) Power %  Power (nW)   Power % 
-----------------------------------------------------------------------------------
sequential          2293 12134.654   37.5 202433.822    27.9 22389296.058     47.3 
inverter            4049  2296.910    7.1  65802.209     9.1  2879343.016      6.1 
buffer                55    53.998    0.2   1810.238     0.2   134208.063      0.3 
logic              14698 17889.564   55.3 456690.384    62.8 21968984.706     46.4 
physical_cells         0     0.000    0.0      0.000     0.0        0.000      0.0 
-----------------------------------------------------------------------------------
total              21095 32375.126  100.0 726736.654   100.0 47371831.842    100.0 
