============================================================
  Generated by:           Genus(TM) Synthesis Solution 25.11-s095_1
  Generated on:           Mar 10 2026  03:31:22 pm
  Operating conditions:   typical 
  Interconnect mode:      global
  Area mode:              physical library
============================================================

                                Leakage    Internal                          Library 
   Gate    Instances   Area   Power (nW)  Power (nW)          Library         Domain 
-------------------------------------------------------------------------------------
AND2_X1           53   56.392   1331.673    52513.739 NangateOpenCellLibrary       0 
AND2_X2            7    9.310    340.592     6138.758 NangateOpenCellLibrary       0 
AND2_X4            2    4.788    227.283     8581.764 NangateOpenCellLibrary       0 
AND3_X1           14   18.620    382.308    17732.330 NangateOpenCellLibrary       0 
AND3_X2            1    1.596     46.827       14.698 NangateOpenCellLibrary       0 
AND4_X1            5    7.980    155.707     3056.548 NangateOpenCellLibrary       0 
AND4_X2            1    1.862     48.588      890.850 NangateOpenCellLibrary       0 
AOI211_X1          7    9.310    237.821    10607.658 NangateOpenCellLibrary       0 
AOI21_X1          86   91.504   2350.678    89242.404 NangateOpenCellLibrary       0 
AOI21_X2           7   13.034    344.824    13851.845 NangateOpenCellLibrary       0 
AOI21_X4           1    3.458    104.184     6663.738 NangateOpenCellLibrary       0 
AOI221_X1         22   35.112    841.877    28819.603 NangateOpenCellLibrary       0 
AOI222_X1         17   36.176    688.844    16939.739 NangateOpenCellLibrary       0 
AOI22_X1          98  130.340   2940.272    77939.595 NangateOpenCellLibrary       0 
AOI22_X2           7   16.758    449.479    20838.556 NangateOpenCellLibrary       0 
DFFR_X1           55  292.600   4824.465   410149.211 NangateOpenCellLibrary       0 
HA_X1              5   13.300    278.516    18035.676 NangateOpenCellLibrary       0 
INV_X1           253  134.596   3764.869    94310.844 NangateOpenCellLibrary       0 
INV_X2             9    7.182    300.828     3519.053 NangateOpenCellLibrary       0 
INV_X4             7    9.310    410.222     8703.017 NangateOpenCellLibrary       0 
INV_X8             1    2.394    114.826     2922.182 NangateOpenCellLibrary       0 
MUX2_X1           34   63.308   1230.309    69946.522 NangateOpenCellLibrary       0 
MUX2_X2            3    7.182    210.204    16182.961 NangateOpenCellLibrary       0 
NAND2_X1         289  230.622   5145.595   127748.062 NangateOpenCellLibrary       0 
NAND2_X2          13   17.290    579.370    10980.684 NangateOpenCellLibrary       0 
NAND2_X4           5   11.970    463.456     8484.130 NangateOpenCellLibrary       0 
NAND3_X1          43   45.752    818.478    30740.098 NangateOpenCellLibrary       0 
NAND3_X2           8   14.896    375.523    10956.177 NangateOpenCellLibrary       0 
NAND3_X4           2    6.916    121.889     4568.682 NangateOpenCellLibrary       0 
NAND4_X1          26   34.580    977.540    34731.413 NangateOpenCellLibrary       0 
NAND4_X2           3    7.182    165.648     1309.014 NangateOpenCellLibrary       0 
NOR2_X1          158  126.084   3330.825   105470.460 NangateOpenCellLibrary       0 
NOR2_X2            7    9.310    323.350     4456.103 NangateOpenCellLibrary       0 
NOR3_X1           17   18.088    448.562    14711.472 NangateOpenCellLibrary       0 
NOR4_X1           15   19.950    501.874     5038.847 NangateOpenCellLibrary       0 
OAI211_X1         14   18.620    526.227    23311.962 NangateOpenCellLibrary       0 
OAI211_X2          1    2.394     64.681     3080.538 NangateOpenCellLibrary       0 
OAI21_X1          77   81.928   2408.820    75709.029 NangateOpenCellLibrary       0 
OAI21_X2           7   13.034    428.611    10297.492 NangateOpenCellLibrary       0 
OAI21_X4           1    3.458     60.566     2291.734 NangateOpenCellLibrary       0 
OAI221_X1         43   68.628   2236.831    58226.633 NangateOpenCellLibrary       0 
OAI222_X1         60  127.680   3810.784    68835.072 NangateOpenCellLibrary       0 
OAI22_X1          62   82.460   2651.231    48230.681 NangateOpenCellLibrary       0 
OAI22_X2           1    2.394     88.030     2804.957 NangateOpenCellLibrary       0 
OAI33_X1           1    1.862     47.690     1544.591 NangateOpenCellLibrary       0 
OR2_X1            27   28.728    632.699    24190.955 NangateOpenCellLibrary       0 
OR2_X2             1    1.330     45.107     2846.017 NangateOpenCellLibrary       0 
OR3_X1             3    3.990     82.510     1469.768 NangateOpenCellLibrary       0 
OR3_X2             1    1.596     50.662        0.000 NangateOpenCellLibrary       0 
OR4_X1             4    6.384    106.828     1546.586 NangateOpenCellLibrary       0 
SDFFR_X1          12   79.800   1293.183   101500.336 NangateOpenCellLibrary       0 
SDFFR_X2           1    6.916    144.424     9756.427 NangateOpenCellLibrary       0 
XNOR2_X1          53   84.588   1980.534   100756.425 NangateOpenCellLibrary       0 
XNOR2_X2           2    5.320    135.928     7398.604 NangateOpenCellLibrary       0 
XOR2_X1           34   54.264   1186.267    59913.867 NangateOpenCellLibrary       0 
-------------------------------------------------------------------------------------
total           1686 2184.126  52858.918  1940508.107                                
                                           Leakage  Leakage   Internal  Internal 
     Type      Instances   Area   Area % Power (nW) Power %  Power (nW)  Power % 
---------------------------------------------------------------------------------
sequential            68  379.316   17.4   6262.072    11.8  521405.974     26.9 
inverter             270  153.482    7.0   4590.745     8.7  109455.096      5.6 
logic               1348 1651.328   75.6  42006.102    79.5 1309647.037     67.5 
physical_cells         0    0.000    0.0      0.000     0.0       0.000      0.0 
---------------------------------------------------------------------------------
total               1686 2184.126  100.0  52858.918   100.0 1940508.107    100.0 
