============================================================
  Generated by:           Genus(TM) Synthesis Solution 25.11-s095_1
  Generated on:           Mar 10 2026  03:30:58 pm
  Module:                 add_fp16
  Operating conditions:   typical 
  Interconnect mode:      global
  Area mode:              physical library
============================================================

Timing
--------

Analysis view  Clock Period 
----------------------------
view_1p2_25   clock1 1136.0 


  Analysis    Cost   Critical        Violating 
    View     Group  Path Slack  TNS    Paths   
-----------------------------------------------
view_1p2_25  clock1        0.0  0.0          0 
            default   No paths  0.0          0 
-----------------------------------------------
Total                          -0.0          0 
                                               

Instance Count
--------------
Leaf Instance Count             1686 
Physical Instance count            0 
Sequential Instance Count         68 
Combinational Instance Count    1618 
Hierarchical Instance Count        0 

Area
----
Cell Area                          2184.126
Physical Cell Area                 0.000
Total Cell Area (Cell+Physical)    2184.126
Net Area                           2487.071
Total Area (Cell+Physical+Net)     4671.197

Power
-----
Leakage Power                      52858.918 nW
Dynamic Power                      3944244.537 nW
Total Power                        3997103.456 nW

Max Fanout                         68 (clk)
Min Fanout                         0 (nRST)
Average Fanout                     2.5
Terms to net ratio                 3.4425
Terms to instance ratio            3.7100
Runtime                            78.971763 seconds
Elapsed Runtime                    87 seconds
Genus peak memory usage            2563.70 
Innovus peak memory usage          no_value 
Hostname                           asicfab.ecn.purdue.edu
