============================================================
  Generated by:           Genus(TM) Synthesis Solution 25.11-s095_1
  Generated on:           May 24 2026  03:42:49 pm
  Operating conditions:   typical 
  Interconnect mode:      global
  Area mode:              physical library
============================================================

                                 Leakage      Internal                          Library 
   Gate    Instances    Area    Power (nW)   Power (nW)          Library         Domain 
----------------------------------------------------------------------------------------
AND2_X1          571   607.544   14316.689    603305.022 NangateOpenCellLibrary       0 
AND2_X2           36    47.880    1976.585    127589.972 NangateOpenCellLibrary       0 
AND2_X4            7    16.758     757.577     65404.674 NangateOpenCellLibrary       0 
AND3_X1           55    73.150    1548.159     61197.886 NangateOpenCellLibrary       0 
AND3_X2           19    30.324    1247.571     49060.375 NangateOpenCellLibrary       0 
AND3_X4            1     2.926      79.466         0.000 NangateOpenCellLibrary       0 
AND4_X1           39    62.244    1082.971     24888.517 NangateOpenCellLibrary       0 
AND4_X2            1     1.862      75.579      6419.153 NangateOpenCellLibrary       0 
AOI211_X1          4     5.320     122.837      8771.949 NangateOpenCellLibrary       0 
AOI211_X4          1     2.926     106.960     11613.249 NangateOpenCellLibrary       0 
AOI21_X1         317   337.288    8462.228    457755.508 NangateOpenCellLibrary       0 
AOI21_X2          64   119.168    3485.229    194052.794 NangateOpenCellLibrary       0 
AOI21_X4          17    58.786    1698.713    133937.717 NangateOpenCellLibrary       0 
AOI221_X1         56    89.376    2065.753    147293.847 NangateOpenCellLibrary       0 
AOI221_X2          1     2.926      75.254      5135.322 NangateOpenCellLibrary       0 
AOI221_X4          1     3.458     104.179     14970.718 NangateOpenCellLibrary       0 
AOI222_X1          9    19.152     427.433     14996.471 NangateOpenCellLibrary       0 
AOI22_X1         393   522.690   10777.016    429477.647 NangateOpenCellLibrary       0 
AOI22_X2          11    26.334     629.771     27357.779 NangateOpenCellLibrary       0 
AOI22_X4           1     4.522      81.850      2526.243 NangateOpenCellLibrary       0 
BUF_X1             3     2.394      64.850      6076.321 NangateOpenCellLibrary       0 
BUF_X2             7     7.448     294.287     27221.599 NangateOpenCellLibrary       0 
BUF_X4             2     3.724     171.601     17457.757 NangateOpenCellLibrary       0 
CLKBUF_X1          4     3.192      48.281      3883.989 NangateOpenCellLibrary       0 
DFFRS_X1           1     6.384     103.668     14494.083 NangateOpenCellLibrary       0 
DFFR_X1         2098 11161.360  185032.427  16742854.859 NangateOpenCellLibrary       0 
DFFR_X2            1     5.852     130.350      6682.838 NangateOpenCellLibrary       0 
DFF_X1           150   678.300   11823.060   1473188.983 NangateOpenCellLibrary       0 
DFF_X2             1     5.054     115.042     18537.886 NangateOpenCellLibrary       0 
FA_X1            718  3055.808   47608.157   4080475.601 NangateOpenCellLibrary       0 
HA_X1             82   218.120    4918.541    275793.417 NangateOpenCellLibrary       0 
INV_X1          2268  1206.576   32509.069   1330340.650 NangateOpenCellLibrary       0 
INV_X16            3    13.566     686.832     44185.935 NangateOpenCellLibrary       0 
INV_X2           121    96.558    3377.718    179101.646 NangateOpenCellLibrary       0 
INV_X4            29    38.570    1612.510     87413.241 NangateOpenCellLibrary       0 
INV_X8            14    33.516    1644.690     94202.584 NangateOpenCellLibrary       0 
MUX2_X1          559  1040.858   20147.634   1291807.973 NangateOpenCellLibrary       0 
MUX2_X2           16    38.304    1119.116     96244.048 NangateOpenCellLibrary       0 
NAND2_X1        2344  1870.512   45463.679   1721156.608 NangateOpenCellLibrary       0 
NAND2_X2         246   327.180   10560.902    456088.615 NangateOpenCellLibrary       0 
NAND2_X4          52   124.488    5036.510    220363.221 NangateOpenCellLibrary       0 
NAND3_X1         266   283.024    6487.799    214594.723 NangateOpenCellLibrary       0 
NAND3_X2          55   102.410    4974.578    142387.430 NangateOpenCellLibrary       0 
NAND3_X4           2     6.916     168.927      3035.069 NangateOpenCellLibrary       0 
NAND4_X1         108   143.640    2414.791     42575.410 NangateOpenCellLibrary       0 
NAND4_X2           2     4.788      39.924         0.000 NangateOpenCellLibrary       0 
NAND4_X4           1     4.788     275.808      5503.508 NangateOpenCellLibrary       0 
NOR2_X1         1385  1105.230   30108.699    965586.904 NangateOpenCellLibrary       0 
NOR2_X2          214   284.620    8722.584    430674.287 NangateOpenCellLibrary       0 
NOR2_X4           29    69.426    2449.252    104451.201 NangateOpenCellLibrary       0 
NOR3_X1          102   108.528    2761.720     76261.027 NangateOpenCellLibrary       0 
NOR3_X2            5     9.310     307.501      6617.888 NangateOpenCellLibrary       0 
NOR3_X4            9    33.516     970.492     49569.979 NangateOpenCellLibrary       0 
NOR4_X1           82   109.060    2778.231     24284.724 NangateOpenCellLibrary       0 
OAI211_X1        169   224.770    7354.338    198189.629 NangateOpenCellLibrary       0 
OAI211_X2          3     7.182     174.876      9434.218 NangateOpenCellLibrary       0 
OAI21_X1         787   837.368   23709.713    995653.468 NangateOpenCellLibrary       0 
OAI21_X2          80   148.960    4801.372    240367.382 NangateOpenCellLibrary       0 
OAI21_X4          20    69.160    2297.111    142419.483 NangateOpenCellLibrary       0 
OAI221_X1        149   237.804    6837.221    245471.189 NangateOpenCellLibrary       0 
OAI221_X2          3     8.778     358.298     16273.492 NangateOpenCellLibrary       0 
OAI222_X1         67   142.576    3725.452    144883.910 NangateOpenCellLibrary       0 
OAI222_X2          4    14.896     560.959     15392.568 NangateOpenCellLibrary       0 
OAI22_X1         542   720.860   23196.598    669366.899 NangateOpenCellLibrary       0 
OAI22_X2          17    40.698    1439.389     51184.032 NangateOpenCellLibrary       0 
OAI33_X1           6    11.172     279.321     16529.748 NangateOpenCellLibrary       0 
OR2_X1           603   641.592   14076.584    817743.255 NangateOpenCellLibrary       0 
OR2_X2            24    31.920    1125.983     72227.306 NangateOpenCellLibrary       0 
OR2_X4             6    14.364     540.366     22812.337 NangateOpenCellLibrary       0 
OR3_X1            59    78.470    1458.085     56778.401 NangateOpenCellLibrary       0 
OR4_X1            70   111.720    1941.890     19170.360 NangateOpenCellLibrary       0 
OR4_X2             1     1.862      70.304      7032.277 NangateOpenCellLibrary       0 
SDFFRS_X1          1     7.714     126.984     10985.186 NangateOpenCellLibrary       0 
SDFFR_X1          55   365.750    5878.130    754061.507 NangateOpenCellLibrary       0 
SDFFR_X2           2    13.832     288.504     44825.065 NangateOpenCellLibrary       0 
SDFF_X1            1     6.118      98.537     11479.480 NangateOpenCellLibrary       0 
XNOR2_X1         515   821.940   19591.205   1052992.959 NangateOpenCellLibrary       0 
XNOR2_X2          63   167.580    4627.249    357712.541 NangateOpenCellLibrary       0 
XOR2_X1          171   272.916    6621.475    325223.966 NangateOpenCellLibrary       0 
XOR2_X2            7    16.758     504.484     43213.130 NangateOpenCellLibrary       0 
----------------------------------------------------------------------------------------
total          16008 29254.414  615735.478  38980292.634                                
                                            Leakage  Leakage   Internal   Internal 
     Type      Instances    Area   Area % Power (nW) Power %  Power (nW)   Power % 
-----------------------------------------------------------------------------------
sequential          2310 12250.364   41.9 203596.702    33.1 19077109.886     48.9 
inverter            2435  1388.786    4.7  39830.819     6.5  1735244.057      4.5 
buffer                16    16.758    0.1    579.019     0.1    54639.665      0.1 
logic              11247 15598.506   53.3 371728.937    60.4 18113299.026     46.5 
physical_cells         0     0.000    0.0      0.000     0.0        0.000      0.0 
-----------------------------------------------------------------------------------
total              16008 29254.414  100.0 615735.478   100.0 38980292.634    100.0 
