Command: report datapath reports/syn_generic/area.datapath.rpt
Warning: '-sort' is not specified. By default, 'report datapath' orders the components based on instance name
============================================================
  Generated by:           Genus(TM) Synthesis Solution 25.11-s095_1
  Generated on:           Jun 13 2026  02:21:10 am
  Module:                 sysarr_32_input_fp_adder
  Library domain:         timing_condition_tt_1p2v_25c
    Domain index:         0
    Technology library:   NangateOpenCellLibrary revision 1.0
  Operating conditions:   typical 
  Interconnect mode:      global
  Area mode:              physical library
============================================================



Inferred components

                            Operator Signedness          Architecture                    Inputs    Outputs        CellArea LogicLevels 
=======================================================================================================================================
sysarr_32_input_fp_adder
SUB_UNS_OP module:sub_unsigned_23833 
                                   -   unsigned             very_fast                      1x33         33          176.95          33 
=======================================================================================================================================
sysarr_32_input_fp_adder
adder_tree_inst_add_37_30 module:add_unsigned_9909_1328_2069 
                                   +   unsigned             very_fast                     33x33         33          468.67          35 
=======================================================================================================================================
sysarr_32_input_fp_adder
csa_tree_ADD_TC_OP_14_groupi module:csa_tree_ADD_TC_OP_14_group_2 
 equation: assign out_0 = ((((((((((((((($signed(in_14) + $signed(in_1)) + $signed(in_11)) + $signed(in_15)) + $signed(in_10)) + $signe
d(in_7)) + $signed(in_4)) + $signed(in_0)) + $signed(in_9)) + $signed(in_8)) + $signed(in_6)) + $signed(in_5)) + $signed(in_3)) + $sign
ed(in_2)) + $signed(in_13)) + $signed(in_12));                                                                                         
                       csa_and_adder        n/a             very_fast 28x28x28x28x28x28x28x28x2         33         6656.96          48 
                                                                      8x28x28x28x28x28x28x28                                           

Related RTL operators:
adder_tree_inst                    +   unsigned             very_fast                     33x33         33                          13 
_add_21_160                                                                                                                            
=======================================================================================================================================
sysarr_32_input_fp_adder
csa_tree_ADD_TC_OP_14_groupi7564 module:csa_tree_ADD_TC_OP_14_group_2 
 equation: assign out_0 = ((((((((((((((($signed(in_14) + $signed(in_1)) + $signed(in_11)) + $signed(in_15)) + $signed(in_10)) + $signe
d(in_7)) + $signed(in_4)) + $signed(in_0)) + $signed(in_9)) + $signed(in_8)) + $signed(in_6)) + $signed(in_5)) + $signed(in_3)) + $sign
ed(in_2)) + $signed(in_13)) + $signed(in_12));                                                                                         
                       csa_and_adder        n/a             very_fast 28x28x28x28x28x28x28x28x2         33         6656.96          48 
                                                                      8x28x28x28x28x28x28x28                                           

Related RTL operators:
adder_tree_inst                    +   unsigned             very_fast                     33x33         33                          13 
_add_19_150                                                                                                                            
=======================================================================================================================================
sysarr_32_input_fp_adder
dec_sub_152_43 module:decrement_unsigned_24141_24764 
                                  -1   unsigned             very_fast                      33x1         33          162.60          27 
=======================================================================================================================================
sysarr_32_input_fp_adder
inc_add_215_76 module:increment_unsigned_25139_25683 
                           increment   unsigned             very_fast                      23x1         24          180.13          10 
=======================================================================================================================================
sysarr_32_input_fp_adder
sll_174_36 module:shift_left_vlog_unsigned_10300 
                                  <<        n/a      very_fast/barrel                      33x6         33          680.68          12 
=======================================================================================================================================
Type              CellArea  Percentage
--------------------------------------
datapath modules  14982.95       28.79
external muxes        0.00        0.00
others            37062.03       71.21
--------------------------------------
total             52044.97      100.00
