============================================================
  Generated by:           Genus(TM) Synthesis Solution 25.11-s095_1
  Generated on:           Mar 10 2026  11:23:40 pm
  Module:                 add_fp16
  Operating conditions:   typical 
  Interconnect mode:      global
  Area mode:              physical library
============================================================


Path 1: MET (28 ps) Setup Check with Pin fp_out_reg[0]/CK->D
           View: view_1p2_25
          Group: clock1
     Startpoint: (R) signs_differ_l_reg/CK
          Clock: (R) clock1
       Endpoint: (R) fp_out_reg[0]/D
          Clock: (R) clock1

                     Capture       Launch     
        Clock Edge:+    1370            0     
       Src Latency:+       0            0     
       Net Latency:+       0 (I)        0 (I) 
           Arrival:=    1370            0     
                                              
             Setup:-      35                  
       Uncertainty:-       0                  
     Required Time:=    1335                  
      Launch Clock:-       0                  
         Data Path:-    1307                  
             Slack:=      28                  

Launch clock path:
#----------------------------------------------------------------------------------------------
#     Timing Point      Flags   Arc   Edge   Cell     Fanout Load Trans Delay Arrival Instance 
#                                                            (fF)  (ps)  (ps)   (ps)  Location 
#----------------------------------------------------------------------------------------------
  clk                   (i)     -     R     (arrival)    100  0.0     0     0       0    (-,-) 
  clk                   -       -     -     (net)          -    -     -     -       -    (-,-) 
  clk                   -       -     -     (net)          -    -     -     -       -    (-,-) 
  signs_differ_l_reg/CK <<<     -     R     DFFR_X2      100    -     1     0       0    (-,-) 
#----------------------------------------------------------------------------------------------

#-----------------------------------------------------------------------------------------------
#     Timing Point      Flags    Arc   Edge   Cell     Fanout Load Trans Delay Arrival Instance 
#                                                             (fF)  (ps)  (ps)   (ps)  Location 
#-----------------------------------------------------------------------------------------------
  signs_differ_l_reg/CK -       -      R     (arrival)    100    -     1     0       0    (-,-) 
  signs_differ_l_reg/Q  -       CK->Q  R     DFFR_X2        3 15.1    22   140     140    (-,-) 
  signs_differ_l        -       -      -     (net)          -    -     -     -       -    (-,-) 
  g37128/ZN             -       A->ZN  F     INV_X8         7 46.2    10    18     158    (-,-) 
  n_853                 -       -      -     (net)          -    -     -     -       -    (-,-) 
  g37114/ZN             -       A->ZN  R     INV_X8        12 23.2    10    18     176    (-,-) 
  n_851                 -       -      -     (net)          -    -     -     -       -    (-,-) 
  g37112/ZN             -       A->ZN  F     INV_X2        10 18.4    11    18     194    (-,-) 
  n_835                 -       -      -     (net)          -    -     -     -       -    (-,-) 
  g36873__5122/ZN       -       B1->ZN R     AOI22_X1       2  3.9    35    53     247    (-,-) 
  n_1010                -       -      -     (net)          -    -     -     -       -    (-,-) 
  g36815__7482/ZN       -       A2->ZN F     NAND2_X1       3  5.2    15    28     275    (-,-) 
  n_1037                -       -      -     (net)          -    -     -     -       -    (-,-) 
  g36735__9315/ZN       -       A2->ZN R     NAND2_X1       1  3.6    14    24     299    (-,-) 
  n_1103                -       -      -     (net)          -    -     -     -       -    (-,-) 
  g36694__6131/ZN       -       A2->ZN F     NAND3_X2       5  7.7    16    28     328    (-,-) 
  n_1153                -       -      -     (net)          -    -     -     -       -    (-,-) 
  g36690/ZN             -       A->ZN  R     INV_X1         1  1.2     8    14     342    (-,-) 
  n_1152                -       -      -     (net)          -    -     -     -       -    (-,-) 
  g36671__2346/Z        -       A->Z   R     MUX2_X1       18 32.3    77   112     453    (-,-) 
  mantissa_sum[4]       -       -      -     (net)          -    -     -     -       -    (-,-) 
  g41514/ZN             -       A2->ZN F     NOR2_X1        1  1.9    18    15     468    (-,-) 
  n_258                 -       -      -     (net)          -    -     -     -       -    (-,-) 
  g41495/ZN             -       B2->ZN R     OAI21_X1       1  2.0    22    37     505    (-,-) 
  n_275                 -       -      -     (net)          -    -     -     -       -    (-,-) 
  g41477/ZN             -       B2->ZN F     AOI21_X1       1  1.8    20    18     523    (-,-) 
  n_289                 -       -      -     (net)          -    -     -     -       -    (-,-) 
  g41466/ZN             -       B1->ZN R     OAI21_X1       1  1.9    20    32     555    (-,-) 
  n_299                 -       -      -     (net)          -    -     -     -       -    (-,-) 
  g41459/ZN             -       B1->ZN F     AOI21_X1       1  1.8    28    17     572    (-,-) 
  n_304                 -       -      -     (net)          -    -     -     -       -    (-,-) 
  g41456/ZN             -       B1->ZN R     OAI21_X1       1  1.9    21    36     608    (-,-) 
  n_307                 -       -      -     (net)          -    -     -     -       -    (-,-) 
  g41415/ZN             -       B1->ZN F     AOI21_X1       1  1.8    22    17     626    (-,-) 
  n_310                 -       -      -     (net)          -    -     -     -       -    (-,-) 
  g41393/ZN             -       B1->ZN R     OAI21_X1       1  1.9    21    33     659    (-,-) 
  n_332                 -       -      -     (net)          -    -     -     -       -    (-,-) 
  g41316/ZN             -       B1->ZN F     AOI21_X1       1  1.8    22    17     676    (-,-) 
  n_407                 -       -      -     (net)          -    -     -     -       -    (-,-) 
  g41258__9945/ZN       -       B1->ZN R     OAI21_X1       1  1.9    21    33     709    (-,-) 
  n_456                 -       -      -     (net)          -    -     -     -       -    (-,-) 
  g41229__7410/ZN       -       A1->ZN F     NAND2_X1       2  3.5    12    20     730    (-,-) 
  n_489                 -       -      -     (net)          -    -     -     -       -    (-,-) 
  g41207__5526/ZN       -       B1->ZN R     AOI21_X1       3  6.3    43    51     780    (-,-) 
  n_511                 -       -      -     (net)          -    -     -     -       -    (-,-) 
  g41201/ZN             -       A->ZN  F     INV_X1         2  3.6    13    16     796    (-,-) 
  n_510                 -       -      -     (net)          -    -     -     -       -    (-,-) 
  g41197__1666/ZN       -       A1->ZN R     NAND2_X1       2  3.9    14    22     818    (-,-) 
  n_520                 -       -      -     (net)          -    -     -     -       -    (-,-) 
  g41183__7098/ZN       -       A->ZN  F     OAI21_X1       2  3.5    15    24     842    (-,-) 
  n_533                 -       -      -     (net)          -    -     -     -       -    (-,-) 
  g41167__5107/ZN       -       A1->ZN R     OAI22_X1       2  4.4    43    44     885    (-,-) 
  n_548                 -       -      -     (net)          -    -     -     -       -    (-,-) 
  g41149__5115/ZN       -       A1->ZN F     AOI22_X1       2  4.1    20    29     914    (-,-) 
  n_564                 -       -      -     (net)          -    -     -     -       -    (-,-) 
  g41097__1705/ZN       -       A1->ZN R     OAI22_X1       1  2.0    31    34     947    (-,-) 
  n_611                 -       -      -     (net)          -    -     -     -       -    (-,-) 
  g41087/ZN             -       A->ZN  F     INV_X1         3  6.1    13    20     967    (-,-) 
  n_618                 -       -      -     (net)          -    -     -     -       -    (-,-) 
  g41038__9315/ZN       -       A->ZN  R     XNOR2_X2       4  7.6    28    39    1006    (-,-) 
  n_674                 -       -      -     (net)          -    -     -     -       -    (-,-) 
  g41018__6783/ZN       -       A1->ZN R     OR3_X1         1  2.0     8    31    1037    (-,-) 
  n_682                 -       -      -     (net)          -    -     -     -       -    (-,-) 
  g41009__5477/ZN       -       C1->ZN F     AOI211_X1      1  3.0    12    17    1054    (-,-) 
  n_694                 -       -      -     (net)          -    -     -     -       -    (-,-) 
  g41007__7410/ZN       -       A1->ZN R     NOR2_X2        6 11.4    34    45    1099    (-,-) 
  n_700                 -       -      -     (net)          -    -     -     -       -    (-,-) 
  g41003/ZN             -       A->ZN  F     INV_X1         5  8.7    16    25    1124    (-,-) 
  n_699                 -       -      -     (net)          -    -     -     -       -    (-,-) 
  g37134/ZN             -       A3->ZN F     OR4_X2        23 38.5    36   147    1270    (-,-) 
  n_4                   -       -      -     (net)          -    -     -     -       -    (-,-) 
  g40952__1705/ZN       -       B1->ZN R     OAI21_X1       1  1.4    21    37    1307    (-,-) 
  n_740                 -       -      -     (net)          -    -     -     -       -    (-,-) 
  fp_out_reg[0]/D       <<<     -      R     DFF_X1         1    -     -     0    1307    (-,-) 
#-----------------------------------------------------------------------------------------------

Capture clock path:
#-----------------------------------------------------------------------------------------
#  Timing Point    Flags   Arc   Edge   Cell     Fanout Load Trans Delay Arrival Instance 
#                                                       (fF)  (ps)  (ps)   (ps)  Location 
#-----------------------------------------------------------------------------------------
  clk              (i)     -     R     (arrival)    100  0.0     0     0    1370    (-,-) 
  clk              -       -     -     (net)          -    -     -     -       -    (-,-) 
  clk              -       -     -     (net)          -    -     -     -       -    (-,-) 
  fp_out_reg[0]/CK <<<     -     R     DFF_X1       100    -     1     0    1370    (-,-) 
#-----------------------------------------------------------------------------------------


