============================================================
  Generated by:           Genus(TM) Synthesis Solution 25.11-s095_1
  Generated on:           Mar 10 2026  10:05:40 pm
  Module:                 sysarr_4_input_fp_adder
  Library domain:         timing_condition_tt_1p2v_25c
    Domain index:         0
    Technology library:   NangateOpenCellLibrary revision 1.0
  Operating conditions:   typical 
  Interconnect mode:      global
  Area mode:              physical library
============================================================

Timing
--------

Analysis view  Clock Period 
----------------------------
view_1p2_25   clock1 1000.0 


  Analysis    Cost   Critical        Violating 
    View     Group  Path Slack  TNS    Paths   
-----------------------------------------------
view_1p2_25  clock1        0.4  0.0          0 
            default   No paths  0.0          0 
-----------------------------------------------
Total                          -0.0          0 
                                               

Instance Count
--------------
Leaf Instance Count             2045 
Physical Instance count            0 
Sequential Instance Count        136 
Combinational Instance Count    1909 
Hierarchical Instance Count        0 

Area
----
Cell Area                          3258.234
Physical Cell Area                 0.000
Total Cell Area (Cell+Physical)    3258.234
Net Area                           2979.327
Total Area (Cell+Physical+Net)     6237.561

Power
-----
Leakage Power                      73142.175 nW
Dynamic Power                      9120508.009 nW
Total Power                        9193650.184 nW

Max Fanout                         136 (clk)
Min Fanout                         0 (nRST)
Average Fanout                     2.3
Terms to net ratio                 3.3501
Terms to instance ratio            3.7433
Runtime                            44.95026 seconds
Elapsed Runtime                    51 seconds
Genus peak memory usage            1676.61 
Innovus peak memory usage          no_value 
Hostname                           asicfab.ecn.purdue.edu
